Log file created at: 2025/04/07 09:21:09
Running on machine: f4fe40bd74a1
Log line format: [IWEF]mmdd hh:mm:ss.uuuuuu threadid file:line] msg
I0407 09:21:09.991804 2596793 lm_layout_init.cpp:65] Via number : 465
I0407 09:21:09.992460 2596793 lm_layout_init.cpp:134] Layer number : 20
I0407 09:21:09.992494 2596793 lm_layout_init.cpp:155] LM init tracks start...
I0407 09:21:09.992502 2596793 lm_layout_init.cpp:193] LM layer order : 19, row = 420, col = 419
I0407 09:21:09.992506 2596793 lm_layout_init.cpp:193] LM layer order : 18, row = 420, col = 419
I0407 09:21:09.992511 2596793 lm_layout_init.cpp:193] LM layer order : 17, row = 420, col = 419
I0407 09:21:09.992515 2596793 lm_layout_init.cpp:193] LM layer order : 16, row = 420, col = 419
I0407 09:21:09.992518 2596793 lm_layout_init.cpp:193] LM layer order : 15, row = 420, col = 419
I0407 09:21:09.992524 2596793 lm_layout_init.cpp:193] LM layer order : 14, row = 420, col = 419
I0407 09:21:09.992527 2596793 lm_layout_init.cpp:193] LM layer order : 13, row = 420, col = 419
I0407 09:21:09.992532 2596793 lm_layout_init.cpp:193] LM layer order : 0, row = 420, col = 419
I0407 09:21:09.992533 2596793 lm_layout_init.cpp:193] LM layer order : 1, row = 420, col = 419
I0407 09:21:09.992537 2596793 lm_layout_init.cpp:193] LM layer order : 2, row = 420, col = 419
I0407 09:21:09.992540 2596793 lm_layout_init.cpp:193] LM layer order : 3, row = 420, col = 419
I0407 09:21:09.992545 2596793 lm_layout_init.cpp:193] LM layer order : 4, row = 420, col = 419
I0407 09:21:09.992547 2596793 lm_layout_init.cpp:193] LM layer order : 5, row = 420, col = 419
I0407 09:21:09.992552 2596793 lm_layout_init.cpp:193] LM layer order : 6, row = 420, col = 419
I0407 09:21:09.992556 2596793 lm_layout_init.cpp:193] LM layer order : 7, row = 420, col = 419
I0407 09:21:09.992561 2596793 lm_layout_init.cpp:193] LM layer order : 8, row = 420, col = 419
I0407 09:21:09.992565 2596793 lm_layout_init.cpp:193] LM layer order : 9, row = 420, col = 419
I0407 09:21:09.992568 2596793 lm_layout_init.cpp:193] LM layer order : 10, row = 420, col = 419
I0407 09:21:09.992573 2596793 lm_layout_init.cpp:193] LM layer order : 11, row = 420, col = 419
I0407 09:21:09.992575 2596793 lm_layout_init.cpp:193] LM layer order : 12, row = 420, col = 419
I0407 09:21:09.992580 2596793 lm_layout_init.cpp:172] LM memory usage 0 MB
I0407 09:21:09.992596 2596793 lm_layout_init.cpp:173] LM elapsed time 0.000103 s
I0407 09:21:09.992604 2596793 lm_layout_init.cpp:175] LM init tracks end...
I0407 09:21:09.992614 2596793 lm_layout_init.cpp:633] LM init nets start...
I0407 09:21:10.055106 2597155 lm_layout_init.cpp:761] Read nets : 0 / 270
I0407 09:21:10.065938 2596793 lm_layout_init.cpp:766] Read nets : 270 / 270
I0407 09:21:10.065963 2596793 lm_layout_init.cpp:767] LM memory usage 11870.3 MB
I0407 09:21:10.066023 2596793 lm_layout_init.cpp:768] LM elapsed time 0.073412 s
I0407 09:21:10.066033 2596793 lm_layout_init.cpp:770] LM init nets end...
I0407 09:21:10.066329 2596793 lm_net_graph_gen.cc:58] Layer number : 19
I0407 09:21:10.080039 2597099 lm_graph_dm.cpp:187] Read nets : 0 / 270
I0407 09:21:10.130683 2596793 lm_graph_dm.cpp:198] Read nets : 270 / 270
I0407 09:21:10.130728 2596793 lm_graph_dm.cpp:201] LM memory usage 0 MB
I0407 09:21:10.130793 2596793 lm_graph_dm.cpp:202] LM elapsed time 0.064535 s
I0407 09:21:10.130800 2596793 lm_graph_dm.cpp:203] LM save json net end...
I0407 09:21:10.132513 2596793 lm_patch_init.cpp:87] LM patch grid init start...
I0407 09:21:10.132658 2596793 lm_patch_init.cpp:107] Init patch : 0
I0407 09:21:10.162503 2596793 lm_patch_init.cpp:107] Init patch : 1000
I0407 09:21:10.188081 2596793 lm_patch_init.cpp:107] Init patch : 2000
I0407 09:21:10.195829 2596793 lm_patch_init.cpp:112] Init patch : 2304
I0407 09:21:10.195838 2596793 lm_patch_init.cpp:114] LM memory usage 0 MB
I0407 09:21:10.195879 2596793 lm_patch_init.cpp:115] LM elapsed time 0.06337 s
I0407 09:21:10.195887 2596793 lm_patch_init.cpp:116] LM patch grid init end...
I0407 09:21:10.195904 2596793 lm_patch_init.cpp:123] LM patch init subnet start...
I0407 09:21:10.244858 2597103 lm_patch_init.cpp:189] Init net : 0 / 270
I0407 09:21:10.257014 2596793 lm_patch_init.cpp:192] Init net : 270 / 270
I0407 09:21:10.257045 2596793 lm_patch_init.cpp:196] LM memory usage 0 MB
I0407 09:21:10.257099 2596793 lm_patch_init.cpp:197] LM elapsed time 0.061199 s
I0407 09:21:10.257130 2596793 lm_patch_init.cpp:198] LM patch init subnet end...
I0407 09:21:10.340553 2596793 lm_graph_check.cc:459] Net connected succuss ratio : 270 / 270
I0407 09:21:10.343628 2596793 Sta.cc:298] load lib start
I0407 09:21:10.344733 2597242 Sta.cc:276] read liberty /data/project_share/process_node/dataset_baseline/lib/tcbn28hpcplusbwp30p140hvtssg0p81v125c_ccs.lib start 
I0407 09:21:10.344882 2597242 LibParserRustC.cc:1277] load liberty file /data/project_share/process_node/dataset_baseline/lib/tcbn28hpcplusbwp30p140hvtssg0p81v125c_ccs.lib
I0407 09:21:10.344785 2597241 Sta.cc:276] read liberty /data/project_share/process_node/dataset_baseline/lib/tcbn28hpcplusbwp30p140lvtssg0p81v125c_ccs.lib start 
I0407 09:21:10.344897 2597224 Sta.cc:276] read liberty /data/project_share/process_node/dataset_baseline/lib/tcbn28hpcplusbwp30p140oppulvtssg0p81v125c_ccs.lib start 
I0407 09:21:10.344906 2597220 Sta.cc:276] read liberty /data/project_share/process_node/dataset_baseline/lib/tcbn28hpcplusbwp30p140oppssg0p81v125c_ccs.lib start 
I0407 09:21:10.344885 2597214 Sta.cc:276] read liberty /data/project_share/process_node/dataset_baseline/lib/tcbn28hpcplusbwp35p140hvtssg0p81v125c_ccs.lib start 
I0407 09:21:10.344947 2597241 LibParserRustC.cc:1277] load liberty file /data/project_share/process_node/dataset_baseline/lib/tcbn28hpcplusbwp30p140lvtssg0p81v125c_ccs.lib
I0407 09:21:10.344890 2597216 Sta.cc:276] read liberty /data/project_share/process_node/dataset_baseline/lib/tcbn28hpcplusbwp35p140ssg0p81v125c_ccs.lib start 
I0407 09:21:10.345084 2597244 Sta.cc:276] read liberty /data/project_share/process_node/dataset_baseline/lib/tcbn28hpcplusbwp30p140mbssg0p81v125c_ccs.lib start 
I0407 09:21:10.345471 2597220 LibParserRustC.cc:1277] load liberty file /data/project_share/process_node/dataset_baseline/lib/tcbn28hpcplusbwp30p140oppssg0p81v125c_ccs.lib
I0407 09:21:10.345479 2597224 LibParserRustC.cc:1277] load liberty file /data/project_share/process_node/dataset_baseline/lib/tcbn28hpcplusbwp30p140oppulvtssg0p81v125c_ccs.lib
I0407 09:21:10.344894 2597223 Sta.cc:276] read liberty /data/project_share/process_node/dataset_baseline/lib/tcbn28hpcplusbwp35p140mbssg0p81v125c_ccs.lib start 
I0407 09:21:10.344887 2597222 Sta.cc:276] read liberty /data/project_share/process_node/dataset_baseline/lib/tcbn28hpcplusbwp30p140opphvtssg0p81v125c_ccs.lib start 
I0407 09:21:10.346369 2597223 LibParserRustC.cc:1277] load liberty file /data/project_share/process_node/dataset_baseline/lib/tcbn28hpcplusbwp35p140mbssg0p81v125c_ccs.lib
I0407 09:21:10.344786 2597240 Sta.cc:276] read liberty /data/project_share/process_node/dataset_baseline/lib/tcbn28hpcplusbwp30p140ssg0p81v125c_ccs.lib start 
I0407 09:21:10.346776 2597240 LibParserRustC.cc:1277] load liberty file /data/project_share/process_node/dataset_baseline/lib/tcbn28hpcplusbwp30p140ssg0p81v125c_ccs.lib
I0407 09:21:10.344887 2597215 Sta.cc:276] read liberty /data/project_share/process_node/dataset_baseline/lib/tcbn28hpcplusbwp30p140uhvtssg0p81v125c_ccs.lib start 
I0407 09:21:10.346897 2597215 LibParserRustC.cc:1277] load liberty file /data/project_share/process_node/dataset_baseline/lib/tcbn28hpcplusbwp30p140uhvtssg0p81v125c_ccs.lib
I0407 09:21:10.344892 2597227 Sta.cc:276] read liberty /data/project_share/process_node/dataset_baseline/lib/tcbn28hpcplusbwp35p140lvtssg0p81v125c_ccs.lib start 
I0407 09:21:10.346983 2597236 Sta.cc:276] read liberty /data/project_share/process_node/dataset_baseline/lib/tcbn28hpcplusbwp35p140oppulvtssg0p81v125c_ccs.lib start 
I0407 09:21:10.347056 2597236 LibParserRustC.cc:1277] load liberty file /data/project_share/process_node/dataset_baseline/lib/tcbn28hpcplusbwp35p140oppulvtssg0p81v125c_ccs.lib
I0407 09:21:10.347060 2597227 LibParserRustC.cc:1277] load liberty file /data/project_share/process_node/dataset_baseline/lib/tcbn28hpcplusbwp35p140lvtssg0p81v125c_ccs.lib
I0407 09:21:10.347270 2597238 Sta.cc:276] read liberty /data/project_share/process_node/dataset_baseline/lib/tcbn28hpcplusbwp40p140ssg0p81v125c_ccs.lib start 
I0407 09:21:10.347335 2597238 LibParserRustC.cc:1277] load liberty file /data/project_share/process_node/dataset_baseline/lib/tcbn28hpcplusbwp40p140ssg0p81v125c_ccs.lib
I0407 09:21:10.347489 2597231 Sta.cc:276] read liberty /data/project_share/process_node/dataset_baseline/lib/tcbn28hpcplusbwp40p140hvtssg0p81v125c_ccs.lib start 
I0407 09:21:10.344893 2597221 Sta.cc:276] read liberty /data/project_share/process_node/dataset_baseline/lib/tcbn28hpcplusbwp30p140opplvtssg0p81v125c_ccs.lib start 
I0407 09:21:10.345474 2597214 LibParserRustC.cc:1277] load liberty file /data/project_share/process_node/dataset_baseline/lib/tcbn28hpcplusbwp35p140hvtssg0p81v125c_ccs.lib
I0407 09:21:10.347594 2597221 LibParserRustC.cc:1277] load liberty file /data/project_share/process_node/dataset_baseline/lib/tcbn28hpcplusbwp30p140opplvtssg0p81v125c_ccs.lib
I0407 09:21:10.347680 2597235 Sta.cc:276] read liberty /data/project_share/process_node/dataset_baseline/lib/tcbn28hpcplusbwp40p140lvtssg0p81v125c_ccs.lib start 
I0407 09:21:10.344898 2597217 Sta.cc:276] read liberty /data/project_share/process_node/dataset_baseline/lib/tcbn28hpcplusbwp30p140oppuhvtssg0p81v125c_ccs.lib start 
I0407 09:21:10.345621 2597243 Sta.cc:276] read liberty /data/project_share/process_node/dataset_baseline/lib/tcbn28hpcplusbwp30p140mblvtssg0p81v125c_ccs.lib start 
I0407 09:21:10.347774 2597217 LibParserRustC.cc:1277] load liberty file /data/project_share/process_node/dataset_baseline/lib/tcbn28hpcplusbwp30p140oppuhvtssg0p81v125c_ccs.lib
I0407 09:21:10.347131 2597228 Sta.cc:276] read liberty /data/project_share/process_node/dataset_baseline/lib/tcbn28hpcplusbwp35p140uhvtssg0p81v125c_ccs.lib start 
I0407 09:21:10.347836 2597243 LibParserRustC.cc:1277] load liberty file /data/project_share/process_node/dataset_baseline/lib/tcbn28hpcplusbwp30p140mblvtssg0p81v125c_ccs.lib
I0407 09:21:10.347920 2597234 Sta.cc:276] read liberty /data/project_share/process_node/dataset_baseline/lib/tcbn28hpcplusbwp40p140mbssg0p81v125c_ccs.lib start 
I0407 09:21:10.347936 2597228 LibParserRustC.cc:1277] load liberty file /data/project_share/process_node/dataset_baseline/lib/tcbn28hpcplusbwp35p140uhvtssg0p81v125c_ccs.lib
I0407 09:21:10.345810 2597244 LibParserRustC.cc:1277] load liberty file /data/project_share/process_node/dataset_baseline/lib/tcbn28hpcplusbwp30p140mbssg0p81v125c_ccs.lib
I0407 09:21:10.347983 2597234 LibParserRustC.cc:1277] load liberty file /data/project_share/process_node/dataset_baseline/lib/tcbn28hpcplusbwp40p140mbssg0p81v125c_ccs.lib
I0407 09:21:10.348052 2597230 Sta.cc:276] read liberty /data/project_share/process_node/dataset_baseline/lib/tcbn28hpcplusbwp40p140mbhvtssg0p81v125c_ccs.lib start 
I0407 09:21:10.348125 2597230 LibParserRustC.cc:1277] load liberty file /data/project_share/process_node/dataset_baseline/lib/tcbn28hpcplusbwp40p140mbhvtssg0p81v125c_ccs.lib
I0407 09:21:10.345815 2597216 LibParserRustC.cc:1277] load liberty file /data/project_share/process_node/dataset_baseline/lib/tcbn28hpcplusbwp35p140ssg0p81v125c_ccs.lib
I0407 09:21:10.346088 2597229 Sta.cc:276] read liberty /data/project_share/process_node/dataset_baseline/lib/tcbn28hpcplusbwp35p140mblvtssg0p81v125c_ccs.lib start 
I0407 09:21:10.348330 2597237 Sta.cc:276] read liberty /data/project_share/process_node/dataset_baseline/lib/tcbn28hpcplusbwp40p140oppssg0p81v125c_ccs.lib start 
I0407 09:21:10.348385 2597229 LibParserRustC.cc:1277] load liberty file /data/project_share/process_node/dataset_baseline/lib/tcbn28hpcplusbwp35p140mblvtssg0p81v125c_ccs.lib
I0407 09:21:10.348351 2597239 Sta.cc:276] read liberty /data/project_share/process_node/dataset_baseline/lib/tcbn28hpcplusbwp40p140opphvtssg0p81v125c_ccs.lib start 
I0407 09:21:10.348441 2597237 LibParserRustC.cc:1277] load liberty file /data/project_share/process_node/dataset_baseline/lib/tcbn28hpcplusbwp40p140oppssg0p81v125c_ccs.lib
I0407 09:21:10.348446 2597232 Sta.cc:276] read liberty /data/project_share/process_node/dataset_baseline/lib/tcbn28hpcplusbwp40p140oppuhvtssg0p81v125c_ccs.lib start 
I0407 09:21:10.346676 2597222 LibParserRustC.cc:1277] load liberty file /data/project_share/process_node/dataset_baseline/lib/tcbn28hpcplusbwp30p140opphvtssg0p81v125c_ccs.lib
I0407 09:21:10.348556 2597232 LibParserRustC.cc:1277] load liberty file /data/project_share/process_node/dataset_baseline/lib/tcbn28hpcplusbwp40p140oppuhvtssg0p81v125c_ccs.lib
I0407 09:21:10.347736 2597235 LibParserRustC.cc:1277] load liberty file /data/project_share/process_node/dataset_baseline/lib/tcbn28hpcplusbwp40p140lvtssg0p81v125c_ccs.lib
I0407 09:21:10.348498 2597239 LibParserRustC.cc:1277] load liberty file /data/project_share/process_node/dataset_baseline/lib/tcbn28hpcplusbwp40p140opphvtssg0p81v125c_ccs.lib
I0407 09:21:10.347539 2597231 LibParserRustC.cc:1277] load liberty file /data/project_share/process_node/dataset_baseline/lib/tcbn28hpcplusbwp40p140hvtssg0p81v125c_ccs.lib
I0407 09:21:10.348636 2597225 Sta.cc:276] read liberty /data/project_share/process_node/dataset_baseline/lib/tcbn28hpcplusbwp40p140uhvtssg0p81v125c_ccs.lib start 
I0407 09:21:10.346439 2597226 Sta.cc:276] read liberty /data/project_share/process_node/dataset_baseline/lib/tcbn28hpcplusbwp35p140opplvtssg0p81v125c_ccs.lib start 
I0407 09:21:10.348804 2597225 LibParserRustC.cc:1277] load liberty file /data/project_share/process_node/dataset_baseline/lib/tcbn28hpcplusbwp40p140uhvtssg0p81v125c_ccs.lib
I0407 09:21:10.348839 2597226 LibParserRustC.cc:1277] load liberty file /data/project_share/process_node/dataset_baseline/lib/tcbn28hpcplusbwp35p140opplvtssg0p81v125c_ccs.lib
I0407 09:21:10.348383 2597233 Sta.cc:276] read liberty /data/project_share/process_node/dataset_baseline/lib/tcbn28hpcplusbwp40p140opplvtssg0p81v125c_ccs.lib start 
I0407 09:21:10.348927 2597233 LibParserRustC.cc:1277] load liberty file /data/project_share/process_node/dataset_baseline/lib/tcbn28hpcplusbwp40p140opplvtssg0p81v125c_ccs.lib
I0407 09:21:10.387279 2597218 Sta.cc:276] read liberty /data/project_share/process_node/dataset_baseline/lib/tcbn28hpcplusbwp35p140opphvtssg0p81v125c_ccs.lib start 
I0407 09:21:10.387398 2597218 LibParserRustC.cc:1277] load liberty file /data/project_share/process_node/dataset_baseline/lib/tcbn28hpcplusbwp35p140opphvtssg0p81v125c_ccs.lib
I0407 09:21:10.387384 2597213 Sta.cc:276] read liberty /data/project_share/process_node/dataset_baseline/lib/tcbn28hpcplusbwp35p140oppssg0p81v125c_ccs.lib start 
I0407 09:21:10.387506 2597213 LibParserRustC.cc:1277] load liberty file /data/project_share/process_node/dataset_baseline/lib/tcbn28hpcplusbwp35p140oppssg0p81v125c_ccs.lib
I0407 09:21:10.389207 2597219 Sta.cc:276] read liberty /data/project_share/process_node/dataset_baseline/lib/tcbn28hpcplusbwp35p140oppuhvtssg0p81v125c_ccs.lib start 
I0407 09:21:10.389248 2597219 LibParserRustC.cc:1277] load liberty file /data/project_share/process_node/dataset_baseline/lib/tcbn28hpcplusbwp35p140oppuhvtssg0p81v125c_ccs.lib
I0407 09:21:12.651707 2597236 LibParserRustC.cc:1286] load liberty file /data/project_share/process_node/dataset_baseline/lib/tcbn28hpcplusbwp35p140oppulvtssg0p81v125c_ccs.lib success.
I0407 09:21:12.652887 2597236 Sta.cc:286] read liberty /data/project_share/process_node/dataset_baseline/lib/tcbn28hpcplusbwp35p140oppulvtssg0p81v125c_ccs.lib end 
I0407 09:21:12.652918 2597236 Sta.cc:276] read liberty /data/project_share/process_node/dataset_baseline/lib/tcbn28hpcplusbwp35p140mbhvtssg0p81v125c_ccs.lib start 
I0407 09:21:12.652952 2597236 LibParserRustC.cc:1277] load liberty file /data/project_share/process_node/dataset_baseline/lib/tcbn28hpcplusbwp35p140mbhvtssg0p81v125c_ccs.lib
I0407 09:21:12.934629 2597226 LibParserRustC.cc:1286] load liberty file /data/project_share/process_node/dataset_baseline/lib/tcbn28hpcplusbwp35p140opplvtssg0p81v125c_ccs.lib success.
I0407 09:21:12.934674 2597226 Sta.cc:286] read liberty /data/project_share/process_node/dataset_baseline/lib/tcbn28hpcplusbwp35p140opplvtssg0p81v125c_ccs.lib end 
I0407 09:21:12.934700 2597226 Sta.cc:276] read liberty /data/project_share/process_node/dataset_baseline/lib/tcbn28hpcplusbwp30p140ulvtssg0p81v125c_ccs.lib start 
I0407 09:21:12.934732 2597226 LibParserRustC.cc:1277] load liberty file /data/project_share/process_node/dataset_baseline/lib/tcbn28hpcplusbwp30p140ulvtssg0p81v125c_ccs.lib
I0407 09:21:13.217240 2597213 LibParserRustC.cc:1286] load liberty file /data/project_share/process_node/dataset_baseline/lib/tcbn28hpcplusbwp35p140oppssg0p81v125c_ccs.lib success.
I0407 09:21:13.217284 2597213 Sta.cc:286] read liberty /data/project_share/process_node/dataset_baseline/lib/tcbn28hpcplusbwp35p140oppssg0p81v125c_ccs.lib end 
I0407 09:21:13.217319 2597213 Sta.cc:276] read liberty /data/project_share/process_node/dataset_baseline/lib/tcbn28hpcplusbwp35p140ulvtssg0p81v125c_ccs.lib start 
I0407 09:21:13.217350 2597213 LibParserRustC.cc:1277] load liberty file /data/project_share/process_node/dataset_baseline/lib/tcbn28hpcplusbwp35p140ulvtssg0p81v125c_ccs.lib
I0407 09:21:13.234025 2597237 LibParserRustC.cc:1286] load liberty file /data/project_share/process_node/dataset_baseline/lib/tcbn28hpcplusbwp40p140oppssg0p81v125c_ccs.lib success.
I0407 09:21:13.234061 2597237 Sta.cc:286] read liberty /data/project_share/process_node/dataset_baseline/lib/tcbn28hpcplusbwp40p140oppssg0p81v125c_ccs.lib end 
I0407 09:21:13.234098 2597237 Sta.cc:276] read liberty /data/project_share/process_node/dataset_baseline/lib/ts5n28hpcplvta64x128m2f_130a_ssg0p81v125c.lib start 
I0407 09:21:13.234130 2597237 LibParserRustC.cc:1277] load liberty file /data/project_share/process_node/dataset_baseline/lib/ts5n28hpcplvta64x128m2f_130a_ssg0p81v125c.lib
I0407 09:21:13.237692 2597237 LibParserRustC.cc:1286] load liberty file /data/project_share/process_node/dataset_baseline/lib/ts5n28hpcplvta64x128m2f_130a_ssg0p81v125c.lib success.
I0407 09:21:13.237706 2597237 Sta.cc:286] read liberty /data/project_share/process_node/dataset_baseline/lib/ts5n28hpcplvta64x128m2f_130a_ssg0p81v125c.lib end 
I0407 09:21:13.237725 2597237 Sta.cc:276] read liberty /data/project_share/process_node/dataset_baseline/lib/ts5n28hpcplvta64x128m2fw_130a_ssg0p81v125c.lib start 
I0407 09:21:13.237736 2597237 LibParserRustC.cc:1277] load liberty file /data/project_share/process_node/dataset_baseline/lib/ts5n28hpcplvta64x128m2fw_130a_ssg0p81v125c.lib
I0407 09:21:13.239929 2597237 LibParserRustC.cc:1286] load liberty file /data/project_share/process_node/dataset_baseline/lib/ts5n28hpcplvta64x128m2fw_130a_ssg0p81v125c.lib success.
I0407 09:21:13.239990 2597237 Sta.cc:286] read liberty /data/project_share/process_node/dataset_baseline/lib/ts5n28hpcplvta64x128m2fw_130a_ssg0p81v125c.lib end 
I0407 09:21:13.240033 2597237 Sta.cc:276] read liberty /data/project_share/process_node/dataset_baseline/lib/ts5n28hpcplvta256x32m4fw_130a_ssg0p81v125c.lib start 
I0407 09:21:13.240080 2597237 LibParserRustC.cc:1277] load liberty file /data/project_share/process_node/dataset_baseline/lib/ts5n28hpcplvta256x32m4fw_130a_ssg0p81v125c.lib
I0407 09:21:13.249683 2597233 LibParserRustC.cc:1286] load liberty file /data/project_share/process_node/dataset_baseline/lib/tcbn28hpcplusbwp40p140opplvtssg0p81v125c_ccs.lib success.
I0407 09:21:13.249715 2597233 Sta.cc:286] read liberty /data/project_share/process_node/dataset_baseline/lib/tcbn28hpcplusbwp40p140opplvtssg0p81v125c_ccs.lib end 
I0407 09:21:13.249739 2597233 Sta.cc:276] read liberty /data/project_share/process_node/dataset_baseline/lib/ts5n28hpcplvta128x32m2f_130a_ssg0p81v125c.lib start 
I0407 09:21:13.249766 2597233 LibParserRustC.cc:1277] load liberty file /data/project_share/process_node/dataset_baseline/lib/ts5n28hpcplvta128x32m2f_130a_ssg0p81v125c.lib
I0407 09:21:13.250864 2597237 LibParserRustC.cc:1286] load liberty file /data/project_share/process_node/dataset_baseline/lib/ts5n28hpcplvta256x32m4fw_130a_ssg0p81v125c.lib success.
I0407 09:21:13.250891 2597237 Sta.cc:286] read liberty /data/project_share/process_node/dataset_baseline/lib/ts5n28hpcplvta256x32m4fw_130a_ssg0p81v125c.lib end 
I0407 09:21:13.250908 2597237 Sta.cc:276] read liberty /data/project_share/process_node/dataset_baseline/lib/ts5n28hpcplvta128x64m2f_130a_ssg0p81v125c.lib start 
I0407 09:21:13.250931 2597237 LibParserRustC.cc:1277] load liberty file /data/project_share/process_node/dataset_baseline/lib/ts5n28hpcplvta128x64m2f_130a_ssg0p81v125c.lib
I0407 09:21:13.252509 2597233 LibParserRustC.cc:1286] load liberty file /data/project_share/process_node/dataset_baseline/lib/ts5n28hpcplvta128x32m2f_130a_ssg0p81v125c.lib success.
I0407 09:21:13.252535 2597233 Sta.cc:286] read liberty /data/project_share/process_node/dataset_baseline/lib/ts5n28hpcplvta128x32m2f_130a_ssg0p81v125c.lib end 
I0407 09:21:13.252552 2597233 Sta.cc:276] read liberty /data/project_share/process_node/dataset_baseline/lib/ts5n28hpcplvta128x80m2f_130a_ssg0p81v125c.lib start 
I0407 09:21:13.252573 2597233 LibParserRustC.cc:1277] load liberty file /data/project_share/process_node/dataset_baseline/lib/ts5n28hpcplvta128x80m2f_130a_ssg0p81v125c.lib
I0407 09:21:13.253463 2597237 LibParserRustC.cc:1286] load liberty file /data/project_share/process_node/dataset_baseline/lib/ts5n28hpcplvta128x64m2f_130a_ssg0p81v125c.lib success.
I0407 09:21:13.253476 2597237 Sta.cc:286] read liberty /data/project_share/process_node/dataset_baseline/lib/ts5n28hpcplvta128x64m2f_130a_ssg0p81v125c.lib end 
I0407 09:21:13.253489 2597237 Sta.cc:276] read liberty /data/project_share/process_node/dataset_baseline/lib/ts5n28hpcplvta128x8m2f_130a_ssg0p81v125c.lib start 
I0407 09:21:13.253504 2597237 LibParserRustC.cc:1277] load liberty file /data/project_share/process_node/dataset_baseline/lib/ts5n28hpcplvta128x8m2f_130a_ssg0p81v125c.lib
I0407 09:21:13.254747 2597233 LibParserRustC.cc:1286] load liberty file /data/project_share/process_node/dataset_baseline/lib/ts5n28hpcplvta128x80m2f_130a_ssg0p81v125c.lib success.
I0407 09:21:13.254757 2597233 Sta.cc:286] read liberty /data/project_share/process_node/dataset_baseline/lib/ts5n28hpcplvta128x80m2f_130a_ssg0p81v125c.lib end 
I0407 09:21:13.254771 2597233 Sta.cc:276] read liberty /data/project_share/process_node/dataset_baseline/lib/ts5n28hpcplvta512x64m4f_130a_ssg0p81v125c.lib start 
I0407 09:21:13.254783 2597233 LibParserRustC.cc:1277] load liberty file /data/project_share/process_node/dataset_baseline/lib/ts5n28hpcplvta512x64m4f_130a_ssg0p81v125c.lib
I0407 09:21:13.256215 2597237 LibParserRustC.cc:1286] load liberty file /data/project_share/process_node/dataset_baseline/lib/ts5n28hpcplvta128x8m2f_130a_ssg0p81v125c.lib success.
I0407 09:21:13.256225 2597237 Sta.cc:286] read liberty /data/project_share/process_node/dataset_baseline/lib/ts5n28hpcplvta128x8m2f_130a_ssg0p81v125c.lib end 
I0407 09:21:13.256237 2597237 Sta.cc:276] read liberty /data/project_share/process_node/dataset_baseline/lib/ts5n28hpcplvta512x64m4fw_130a_ssg0p81v125c.lib start 
I0407 09:21:13.256248 2597237 LibParserRustC.cc:1277] load liberty file /data/project_share/process_node/dataset_baseline/lib/ts5n28hpcplvta512x64m4fw_130a_ssg0p81v125c.lib
I0407 09:21:13.256991 2597233 LibParserRustC.cc:1286] load liberty file /data/project_share/process_node/dataset_baseline/lib/ts5n28hpcplvta512x64m4f_130a_ssg0p81v125c.lib success.
I0407 09:21:13.257001 2597233 Sta.cc:286] read liberty /data/project_share/process_node/dataset_baseline/lib/ts5n28hpcplvta512x64m4f_130a_ssg0p81v125c.lib end 
I0407 09:21:13.257014 2597233 Sta.cc:276] read liberty /data/project_share/process_node/dataset_baseline/lib/ts5n28hpcplvta64x32m2f_130a_ssg0p81v125c.lib start 
I0407 09:21:13.257026 2597233 LibParserRustC.cc:1277] load liberty file /data/project_share/process_node/dataset_baseline/lib/ts5n28hpcplvta64x32m2f_130a_ssg0p81v125c.lib
I0407 09:21:13.258901 2597237 LibParserRustC.cc:1286] load liberty file /data/project_share/process_node/dataset_baseline/lib/ts5n28hpcplvta512x64m4fw_130a_ssg0p81v125c.lib success.
I0407 09:21:13.258913 2597237 Sta.cc:286] read liberty /data/project_share/process_node/dataset_baseline/lib/ts5n28hpcplvta512x64m4fw_130a_ssg0p81v125c.lib end 
I0407 09:21:13.258922 2597237 Sta.cc:276] read liberty /data/project_share/process_node/dataset_baseline/lib/ts5n28hpcplvta64x8m2f_130a_ssg0p81v125c.lib start 
I0407 09:21:13.258934 2597237 LibParserRustC.cc:1277] load liberty file /data/project_share/process_node/dataset_baseline/lib/ts5n28hpcplvta64x8m2f_130a_ssg0p81v125c.lib
I0407 09:21:13.259114 2597233 LibParserRustC.cc:1286] load liberty file /data/project_share/process_node/dataset_baseline/lib/ts5n28hpcplvta64x32m2f_130a_ssg0p81v125c.lib success.
I0407 09:21:13.259122 2597233 Sta.cc:286] read liberty /data/project_share/process_node/dataset_baseline/lib/ts5n28hpcplvta64x32m2f_130a_ssg0p81v125c.lib end 
I0407 09:21:13.259164 2597233 Sta.cc:276] read liberty /data/project_share/process_node/dataset_baseline/lib/ts5n28hpcplvta32x32m2f_130a_ssg0p81v125c.lib start 
I0407 09:21:13.259176 2597233 LibParserRustC.cc:1277] load liberty file /data/project_share/process_node/dataset_baseline/lib/ts5n28hpcplvta32x32m2f_130a_ssg0p81v125c.lib
I0407 09:21:13.261191 2597237 LibParserRustC.cc:1286] load liberty file /data/project_share/process_node/dataset_baseline/lib/ts5n28hpcplvta64x8m2f_130a_ssg0p81v125c.lib success.
I0407 09:21:13.261201 2597237 Sta.cc:286] read liberty /data/project_share/process_node/dataset_baseline/lib/ts5n28hpcplvta64x8m2f_130a_ssg0p81v125c.lib end 
I0407 09:21:13.261210 2597237 Sta.cc:276] read liberty /data/project_share/process_node/dataset_baseline/lib/ts5n28hpcplvta32x128m2f_130a_ssg0p81v125c.lib start 
I0407 09:21:13.261221 2597237 LibParserRustC.cc:1277] load liberty file /data/project_share/process_node/dataset_baseline/lib/ts5n28hpcplvta32x128m2f_130a_ssg0p81v125c.lib
I0407 09:21:13.261384 2597233 LibParserRustC.cc:1286] load liberty file /data/project_share/process_node/dataset_baseline/lib/ts5n28hpcplvta32x32m2f_130a_ssg0p81v125c.lib success.
I0407 09:21:13.261399 2597233 Sta.cc:286] read liberty /data/project_share/process_node/dataset_baseline/lib/ts5n28hpcplvta32x32m2f_130a_ssg0p81v125c.lib end 
I0407 09:21:13.261409 2597233 Sta.cc:276] read liberty /data/project_share/process_node/dataset_baseline/lib/ts5n28hpcplvta64x80m2f_130a_ssg0p81v125c.lib start 
I0407 09:21:13.261422 2597233 LibParserRustC.cc:1277] load liberty file /data/project_share/process_node/dataset_baseline/lib/ts5n28hpcplvta64x80m2f_130a_ssg0p81v125c.lib
I0407 09:21:13.267508 2597233 LibParserRustC.cc:1286] load liberty file /data/project_share/process_node/dataset_baseline/lib/ts5n28hpcplvta64x80m2f_130a_ssg0p81v125c.lib success.
I0407 09:21:13.267529 2597233 Sta.cc:286] read liberty /data/project_share/process_node/dataset_baseline/lib/ts5n28hpcplvta64x80m2f_130a_ssg0p81v125c.lib end 
I0407 09:21:13.267544 2597233 Sta.cc:276] read liberty /data/project_share/process_node/dataset_baseline/lib/ts5n28hpcplvta256x16m2f_130a_ssg0p81v125c.lib start 
I0407 09:21:13.267565 2597233 LibParserRustC.cc:1277] load liberty file /data/project_share/process_node/dataset_baseline/lib/ts5n28hpcplvta256x16m2f_130a_ssg0p81v125c.lib
I0407 09:21:13.270448 2597233 LibParserRustC.cc:1286] load liberty file /data/project_share/process_node/dataset_baseline/lib/ts5n28hpcplvta256x16m2f_130a_ssg0p81v125c.lib success.
I0407 09:21:13.270460 2597233 Sta.cc:286] read liberty /data/project_share/process_node/dataset_baseline/lib/ts5n28hpcplvta256x16m2f_130a_ssg0p81v125c.lib end 
I0407 09:21:13.270473 2597233 Sta.cc:276] read liberty /data/project_share/process_node/dataset_baseline/lib/ts6n28hpcplvta512x2m8f_130a_ssg0p81v125c.lib start 
I0407 09:21:13.270486 2597233 LibParserRustC.cc:1277] load liberty file /data/project_share/process_node/dataset_baseline/lib/ts6n28hpcplvta512x2m8f_130a_ssg0p81v125c.lib
I0407 09:21:13.271036 2597237 LibParserRustC.cc:1286] load liberty file /data/project_share/process_node/dataset_baseline/lib/ts5n28hpcplvta32x128m2f_130a_ssg0p81v125c.lib success.
I0407 09:21:13.271066 2597237 Sta.cc:286] read liberty /data/project_share/process_node/dataset_baseline/lib/ts5n28hpcplvta32x128m2f_130a_ssg0p81v125c.lib end 
I0407 09:21:13.271085 2597237 Sta.cc:276] read liberty /data/project_share/process_node/dataset_baseline/lib/ts5n28hpcplvta8x144m2f_130a_ssg0p81v125c.lib start 
I0407 09:21:13.271109 2597237 LibParserRustC.cc:1277] load liberty file /data/project_share/process_node/dataset_baseline/lib/ts5n28hpcplvta8x144m2f_130a_ssg0p81v125c.lib
I0407 09:21:13.273262 2597233 LibParserRustC.cc:1286] load liberty file /data/project_share/process_node/dataset_baseline/lib/ts6n28hpcplvta512x2m8f_130a_ssg0p81v125c.lib success.
I0407 09:21:13.273296 2597233 Sta.cc:286] read liberty /data/project_share/process_node/dataset_baseline/lib/ts6n28hpcplvta512x2m8f_130a_ssg0p81v125c.lib end 
I0407 09:21:13.273308 2597233 Sta.cc:276] read liberty /data/project_share/process_node/dataset_baseline/lib/ts6n28hpcplvta16x128m2f_130a_ssg0p81v125c.lib start 
I0407 09:21:13.273327 2597233 LibParserRustC.cc:1277] load liberty file /data/project_share/process_node/dataset_baseline/lib/ts6n28hpcplvta16x128m2f_130a_ssg0p81v125c.lib
I0407 09:21:13.273772 2597237 LibParserRustC.cc:1286] load liberty file /data/project_share/process_node/dataset_baseline/lib/ts5n28hpcplvta8x144m2f_130a_ssg0p81v125c.lib success.
I0407 09:21:13.273785 2597237 Sta.cc:286] read liberty /data/project_share/process_node/dataset_baseline/lib/ts5n28hpcplvta8x144m2f_130a_ssg0p81v125c.lib end 
I0407 09:21:13.273797 2597237 Sta.cc:276] read liberty /data/project_share/process_node/dataset_baseline/lib/ts5n28hpcplvta8x128m2f_130a_ssg0p81v125c.lib start 
I0407 09:21:13.273813 2597237 LibParserRustC.cc:1277] load liberty file /data/project_share/process_node/dataset_baseline/lib/ts5n28hpcplvta8x128m2f_130a_ssg0p81v125c.lib
I0407 09:21:13.276652 2597237 LibParserRustC.cc:1286] load liberty file /data/project_share/process_node/dataset_baseline/lib/ts5n28hpcplvta8x128m2f_130a_ssg0p81v125c.lib success.
I0407 09:21:13.276664 2597237 Sta.cc:286] read liberty /data/project_share/process_node/dataset_baseline/lib/ts5n28hpcplvta8x128m2f_130a_ssg0p81v125c.lib end 
I0407 09:21:13.276676 2597237 Sta.cc:276] read liberty /data/project_share/process_node/dataset_baseline/lib/ts5n28hpcplvta64x64m2f_130a_ssg0p81v125c.lib start 
I0407 09:21:13.276688 2597237 LibParserRustC.cc:1277] load liberty file /data/project_share/process_node/dataset_baseline/lib/ts5n28hpcplvta64x64m2f_130a_ssg0p81v125c.lib
I0407 09:21:13.278371 2597233 LibParserRustC.cc:1286] load liberty file /data/project_share/process_node/dataset_baseline/lib/ts6n28hpcplvta16x128m2f_130a_ssg0p81v125c.lib success.
I0407 09:21:13.278383 2597233 Sta.cc:286] read liberty /data/project_share/process_node/dataset_baseline/lib/ts6n28hpcplvta16x128m2f_130a_ssg0p81v125c.lib end 
I0407 09:21:13.278394 2597233 Sta.cc:276] read liberty /data/project_share/process_node/dataset_baseline/lib/ts5n28hpcplvta1024x32m8fw_130a_ssg0p81v125c.lib start 
I0407 09:21:13.278406 2597233 LibParserRustC.cc:1277] load liberty file /data/project_share/process_node/dataset_baseline/lib/ts5n28hpcplvta1024x32m8fw_130a_ssg0p81v125c.lib
I0407 09:21:13.279453 2597237 LibParserRustC.cc:1286] load liberty file /data/project_share/process_node/dataset_baseline/lib/ts5n28hpcplvta64x64m2f_130a_ssg0p81v125c.lib success.
I0407 09:21:13.279465 2597237 Sta.cc:286] read liberty /data/project_share/process_node/dataset_baseline/lib/ts5n28hpcplvta64x64m2f_130a_ssg0p81v125c.lib end 
I0407 09:21:13.279477 2597237 Sta.cc:276] read liberty /data/project_share/process_node/dataset_baseline/lib/ts5n28hpcplvta256x144m2fw_130a_ssg0p81v125c.lib start 
I0407 09:21:13.279490 2597237 LibParserRustC.cc:1277] load liberty file /data/project_share/process_node/dataset_baseline/lib/ts5n28hpcplvta256x144m2fw_130a_ssg0p81v125c.lib
I0407 09:21:13.280794 2597233 LibParserRustC.cc:1286] load liberty file /data/project_share/process_node/dataset_baseline/lib/ts5n28hpcplvta1024x32m8fw_130a_ssg0p81v125c.lib success.
I0407 09:21:13.280804 2597233 Sta.cc:286] read liberty /data/project_share/process_node/dataset_baseline/lib/ts5n28hpcplvta1024x32m8fw_130a_ssg0p81v125c.lib end 
I0407 09:21:13.280815 2597233 Sta.cc:276] read liberty /data/project_share/process_node/dataset_baseline/lib/ts5n28hpcplvta128x144m2fw_130a_ssg0p81v125c.lib start 
I0407 09:21:13.280827 2597233 LibParserRustC.cc:1277] load liberty file /data/project_share/process_node/dataset_baseline/lib/ts5n28hpcplvta128x144m2fw_130a_ssg0p81v125c.lib
I0407 09:21:13.283524 2597237 LibParserRustC.cc:1286] load liberty file /data/project_share/process_node/dataset_baseline/lib/ts5n28hpcplvta256x144m2fw_130a_ssg0p81v125c.lib success.
I0407 09:21:13.283561 2597237 Sta.cc:286] read liberty /data/project_share/process_node/dataset_baseline/lib/ts5n28hpcplvta256x144m2fw_130a_ssg0p81v125c.lib end 
I0407 09:21:13.283576 2597237 Sta.cc:276] read liberty /data/project_share/process_node/dataset_baseline/lib/tphn28hpcpgv18ssg0p81v1p62v125c.lib start 
I0407 09:21:13.283596 2597237 LibParserRustC.cc:1277] load liberty file /data/project_share/process_node/dataset_baseline/lib/tphn28hpcpgv18ssg0p81v1p62v125c.lib
I0407 09:21:13.284291 2597233 LibParserRustC.cc:1286] load liberty file /data/project_share/process_node/dataset_baseline/lib/ts5n28hpcplvta128x144m2fw_130a_ssg0p81v125c.lib success.
I0407 09:21:13.284299 2597233 Sta.cc:286] read liberty /data/project_share/process_node/dataset_baseline/lib/ts5n28hpcplvta128x144m2fw_130a_ssg0p81v125c.lib end 
I0407 09:21:13.284310 2597233 Sta.cc:276] read liberty /data/project_share/process_node/dataset_baseline/lib/PLLTS28HPMLAINT_SS_0P81_125C.lib start 
I0407 09:21:13.284322 2597233 LibParserRustC.cc:1277] load liberty file /data/project_share/process_node/dataset_baseline/lib/PLLTS28HPMLAINT_SS_0P81_125C.lib
I0407 09:21:13.294152 2597233 LibParserRustC.cc:1286] load liberty file /data/project_share/process_node/dataset_baseline/lib/PLLTS28HPMLAINT_SS_0P81_125C.lib success.
I0407 09:21:13.294165 2597233 Sta.cc:286] read liberty /data/project_share/process_node/dataset_baseline/lib/PLLTS28HPMLAINT_SS_0P81_125C.lib end 
I0407 09:21:13.294178 2597233 Sta.cc:276] read liberty /data/project_share/process_node/T28_lib/ccslib/RocketTile_postroute_func_ssg0p81vm40c_cworst_T_setup.lib start 
I0407 09:21:13.294193 2597233 LibParserRustC.cc:1277] load liberty file /data/project_share/process_node/T28_lib/ccslib/RocketTile_postroute_func_ssg0p81vm40c_cworst_T_setup.lib
I0407 09:21:13.343580 2597217 LibParserRustC.cc:1286] load liberty file /data/project_share/process_node/dataset_baseline/lib/tcbn28hpcplusbwp30p140oppuhvtssg0p81v125c_ccs.lib success.
I0407 09:21:13.343616 2597217 Sta.cc:286] read liberty /data/project_share/process_node/dataset_baseline/lib/tcbn28hpcplusbwp30p140oppuhvtssg0p81v125c_ccs.lib end 
I0407 09:21:13.343645 2597217 Sta.cc:276] read liberty /data/project_share/process_node/T28_lib/ccslib/ts6n28hpcplvta2048x32m8sw_130a_ssg0p81vm40c.lib start 
I0407 09:21:13.343683 2597217 LibParserRustC.cc:1277] load liberty file /data/project_share/process_node/T28_lib/ccslib/ts6n28hpcplvta2048x32m8sw_130a_ssg0p81vm40c.lib
I0407 09:21:13.351456 2597217 LibParserRustC.cc:1286] load liberty file /data/project_share/process_node/T28_lib/ccslib/ts6n28hpcplvta2048x32m8sw_130a_ssg0p81vm40c.lib success.
I0407 09:21:13.351476 2597217 Sta.cc:286] read liberty /data/project_share/process_node/T28_lib/ccslib/ts6n28hpcplvta2048x32m8sw_130a_ssg0p81vm40c.lib end 
I0407 09:21:13.351496 2597217 Sta.cc:276] read liberty /data/project_share/process_node/T28_lib/ccslib/ts1n28hpcplvtb2048x48m8sw_180a_ssg0p81vm40c.lib start 
I0407 09:21:13.351522 2597217 LibParserRustC.cc:1277] load liberty file /data/project_share/process_node/T28_lib/ccslib/ts1n28hpcplvtb2048x48m8sw_180a_ssg0p81vm40c.lib
I0407 09:21:13.354126 2597217 LibParserRustC.cc:1286] load liberty file /data/project_share/process_node/T28_lib/ccslib/ts1n28hpcplvtb2048x48m8sw_180a_ssg0p81vm40c.lib success.
I0407 09:21:13.354137 2597217 Sta.cc:286] read liberty /data/project_share/process_node/T28_lib/ccslib/ts1n28hpcplvtb2048x48m8sw_180a_ssg0p81vm40c.lib end 
I0407 09:21:13.354153 2597217 Sta.cc:276] read liberty /data/project_share/process_node/T28_lib/ccslib/ts1n28hpcplvtb8192x64m8sw_180a_ssg0p81vm40c.lib start 
I0407 09:21:13.354171 2597217 LibParserRustC.cc:1277] load liberty file /data/project_share/process_node/T28_lib/ccslib/ts1n28hpcplvtb8192x64m8sw_180a_ssg0p81vm40c.lib
I0407 09:21:13.356531 2597217 LibParserRustC.cc:1286] load liberty file /data/project_share/process_node/T28_lib/ccslib/ts1n28hpcplvtb8192x64m8sw_180a_ssg0p81vm40c.lib success.
I0407 09:21:13.356581 2597217 Sta.cc:286] read liberty /data/project_share/process_node/T28_lib/ccslib/ts1n28hpcplvtb8192x64m8sw_180a_ssg0p81vm40c.lib end 
I0407 09:21:13.356599 2597217 Sta.cc:276] read liberty /data/project_share/process_node/T28_lib/mem/ts5n28hpcplvta256x64m2fw_130a_ssg0p81v125c.lib start 
I0407 09:21:13.356622 2597217 LibParserRustC.cc:1277] load liberty file /data/project_share/process_node/T28_lib/mem/ts5n28hpcplvta256x64m2fw_130a_ssg0p81v125c.lib
I0407 09:21:13.359228 2597217 LibParserRustC.cc:1286] load liberty file /data/project_share/process_node/T28_lib/mem/ts5n28hpcplvta256x64m2fw_130a_ssg0p81v125c.lib success.
I0407 09:21:13.359244 2597217 Sta.cc:286] read liberty /data/project_share/process_node/T28_lib/mem/ts5n28hpcplvta256x64m2fw_130a_ssg0p81v125c.lib end 
I0407 09:21:13.386325 2597220 LibParserRustC.cc:1286] load liberty file /data/project_share/process_node/dataset_baseline/lib/tcbn28hpcplusbwp30p140oppssg0p81v125c_ccs.lib success.
I0407 09:21:13.386358 2597220 Sta.cc:286] read liberty /data/project_share/process_node/dataset_baseline/lib/tcbn28hpcplusbwp30p140oppssg0p81v125c_ccs.lib end 
I0407 09:21:13.472748 2597232 LibParserRustC.cc:1286] load liberty file /data/project_share/process_node/dataset_baseline/lib/tcbn28hpcplusbwp40p140oppuhvtssg0p81v125c_ccs.lib success.
I0407 09:21:13.472785 2597232 Sta.cc:286] read liberty /data/project_share/process_node/dataset_baseline/lib/tcbn28hpcplusbwp40p140oppuhvtssg0p81v125c_ccs.lib end 
I0407 09:21:13.478636 2597219 LibParserRustC.cc:1286] load liberty file /data/project_share/process_node/dataset_baseline/lib/tcbn28hpcplusbwp35p140oppuhvtssg0p81v125c_ccs.lib success.
I0407 09:21:13.478654 2597219 Sta.cc:286] read liberty /data/project_share/process_node/dataset_baseline/lib/tcbn28hpcplusbwp35p140oppuhvtssg0p81v125c_ccs.lib end 
I0407 09:21:13.488269 2597237 LibParserRustC.cc:1286] load liberty file /data/project_share/process_node/dataset_baseline/lib/tphn28hpcpgv18ssg0p81v1p62v125c.lib success.
I0407 09:21:13.488323 2597237 Sta.cc:286] read liberty /data/project_share/process_node/dataset_baseline/lib/tphn28hpcpgv18ssg0p81v1p62v125c.lib end 
I0407 09:21:13.521615 2597239 LibParserRustC.cc:1286] load liberty file /data/project_share/process_node/dataset_baseline/lib/tcbn28hpcplusbwp40p140opphvtssg0p81v125c_ccs.lib success.
I0407 09:21:13.521644 2597239 Sta.cc:286] read liberty /data/project_share/process_node/dataset_baseline/lib/tcbn28hpcplusbwp40p140opphvtssg0p81v125c_ccs.lib end 
I0407 09:21:13.563589 2597222 LibParserRustC.cc:1286] load liberty file /data/project_share/process_node/dataset_baseline/lib/tcbn28hpcplusbwp30p140opphvtssg0p81v125c_ccs.lib success.
I0407 09:21:13.563623 2597222 Sta.cc:286] read liberty /data/project_share/process_node/dataset_baseline/lib/tcbn28hpcplusbwp30p140opphvtssg0p81v125c_ccs.lib end 
I0407 09:21:13.585469 2597218 LibParserRustC.cc:1286] load liberty file /data/project_share/process_node/dataset_baseline/lib/tcbn28hpcplusbwp35p140opphvtssg0p81v125c_ccs.lib success.
I0407 09:21:13.585502 2597218 Sta.cc:286] read liberty /data/project_share/process_node/dataset_baseline/lib/tcbn28hpcplusbwp35p140opphvtssg0p81v125c_ccs.lib end 
I0407 09:21:13.619953 2597221 LibParserRustC.cc:1286] load liberty file /data/project_share/process_node/dataset_baseline/lib/tcbn28hpcplusbwp30p140opplvtssg0p81v125c_ccs.lib success.
I0407 09:21:13.619992 2597221 Sta.cc:286] read liberty /data/project_share/process_node/dataset_baseline/lib/tcbn28hpcplusbwp30p140opplvtssg0p81v125c_ccs.lib end 
I0407 09:21:13.696357 2597224 LibParserRustC.cc:1286] load liberty file /data/project_share/process_node/dataset_baseline/lib/tcbn28hpcplusbwp30p140oppulvtssg0p81v125c_ccs.lib success.
I0407 09:21:13.696403 2597224 Sta.cc:286] read liberty /data/project_share/process_node/dataset_baseline/lib/tcbn28hpcplusbwp30p140oppulvtssg0p81v125c_ccs.lib end 
I0407 09:21:13.872877 2597233 LibParserRustC.cc:1286] load liberty file /data/project_share/process_node/T28_lib/ccslib/RocketTile_postroute_func_ssg0p81vm40c_cworst_T_setup.lib success.
I0407 09:21:13.872911 2597233 Sta.cc:286] read liberty /data/project_share/process_node/T28_lib/ccslib/RocketTile_postroute_func_ssg0p81vm40c_cworst_T_setup.lib end 
I0407 09:21:14.667729 2597244 LibParserRustC.cc:1286] load liberty file /data/project_share/process_node/dataset_baseline/lib/tcbn28hpcplusbwp30p140mbssg0p81v125c_ccs.lib success.
I0407 09:21:14.667766 2597244 Sta.cc:286] read liberty /data/project_share/process_node/dataset_baseline/lib/tcbn28hpcplusbwp30p140mbssg0p81v125c_ccs.lib end 
I0407 09:21:14.793490 2597223 LibParserRustC.cc:1286] load liberty file /data/project_share/process_node/dataset_baseline/lib/tcbn28hpcplusbwp35p140mbssg0p81v125c_ccs.lib success.
I0407 09:21:14.793529 2597223 Sta.cc:286] read liberty /data/project_share/process_node/dataset_baseline/lib/tcbn28hpcplusbwp35p140mbssg0p81v125c_ccs.lib end 
I0407 09:21:14.864322 2597234 LibParserRustC.cc:1286] load liberty file /data/project_share/process_node/dataset_baseline/lib/tcbn28hpcplusbwp40p140mbssg0p81v125c_ccs.lib success.
I0407 09:21:14.864358 2597234 Sta.cc:286] read liberty /data/project_share/process_node/dataset_baseline/lib/tcbn28hpcplusbwp40p140mbssg0p81v125c_ccs.lib end 
I0407 09:21:14.874203 2597230 LibParserRustC.cc:1286] load liberty file /data/project_share/process_node/dataset_baseline/lib/tcbn28hpcplusbwp40p140mbhvtssg0p81v125c_ccs.lib success.
I0407 09:21:14.874225 2597230 Sta.cc:286] read liberty /data/project_share/process_node/dataset_baseline/lib/tcbn28hpcplusbwp40p140mbhvtssg0p81v125c_ccs.lib end 
I0407 09:21:14.978612 2597243 LibParserRustC.cc:1286] load liberty file /data/project_share/process_node/dataset_baseline/lib/tcbn28hpcplusbwp30p140mblvtssg0p81v125c_ccs.lib success.
I0407 09:21:14.978648 2597243 Sta.cc:286] read liberty /data/project_share/process_node/dataset_baseline/lib/tcbn28hpcplusbwp30p140mblvtssg0p81v125c_ccs.lib end 
I0407 09:21:15.170558 2597229 LibParserRustC.cc:1286] load liberty file /data/project_share/process_node/dataset_baseline/lib/tcbn28hpcplusbwp35p140mblvtssg0p81v125c_ccs.lib success.
I0407 09:21:15.170600 2597229 Sta.cc:286] read liberty /data/project_share/process_node/dataset_baseline/lib/tcbn28hpcplusbwp35p140mblvtssg0p81v125c_ccs.lib end 
I0407 09:21:17.954741 2597236 LibParserRustC.cc:1286] load liberty file /data/project_share/process_node/dataset_baseline/lib/tcbn28hpcplusbwp35p140mbhvtssg0p81v125c_ccs.lib success.
I0407 09:21:17.954780 2597236 Sta.cc:286] read liberty /data/project_share/process_node/dataset_baseline/lib/tcbn28hpcplusbwp35p140mbhvtssg0p81v125c_ccs.lib end 
I0407 09:26:34.461578 2597216 LibParserRustC.cc:1286] load liberty file /data/project_share/process_node/dataset_baseline/lib/tcbn28hpcplusbwp35p140ssg0p81v125c_ccs.lib success.
I0407 09:26:34.461757 2597216 Sta.cc:286] read liberty /data/project_share/process_node/dataset_baseline/lib/tcbn28hpcplusbwp35p140ssg0p81v125c_ccs.lib end 
I0407 09:26:36.036500 2597238 LibParserRustC.cc:1286] load liberty file /data/project_share/process_node/dataset_baseline/lib/tcbn28hpcplusbwp40p140ssg0p81v125c_ccs.lib success.
I0407 09:26:36.036566 2597238 Sta.cc:286] read liberty /data/project_share/process_node/dataset_baseline/lib/tcbn28hpcplusbwp40p140ssg0p81v125c_ccs.lib end 
I0407 09:26:42.313892 2597225 LibParserRustC.cc:1286] load liberty file /data/project_share/process_node/dataset_baseline/lib/tcbn28hpcplusbwp40p140uhvtssg0p81v125c_ccs.lib success.
I0407 09:26:42.313956 2597225 Sta.cc:286] read liberty /data/project_share/process_node/dataset_baseline/lib/tcbn28hpcplusbwp40p140uhvtssg0p81v125c_ccs.lib end 
I0407 09:26:52.765156 2597240 LibParserRustC.cc:1286] load liberty file /data/project_share/process_node/dataset_baseline/lib/tcbn28hpcplusbwp30p140ssg0p81v125c_ccs.lib success.
I0407 09:26:52.765225 2597240 Sta.cc:286] read liberty /data/project_share/process_node/dataset_baseline/lib/tcbn28hpcplusbwp30p140ssg0p81v125c_ccs.lib end 
I0407 09:27:00.033950 2597214 LibParserRustC.cc:1286] load liberty file /data/project_share/process_node/dataset_baseline/lib/tcbn28hpcplusbwp35p140hvtssg0p81v125c_ccs.lib success.
I0407 09:27:00.034039 2597214 Sta.cc:286] read liberty /data/project_share/process_node/dataset_baseline/lib/tcbn28hpcplusbwp35p140hvtssg0p81v125c_ccs.lib end 
I0407 09:27:00.169040 2597231 LibParserRustC.cc:1286] load liberty file /data/project_share/process_node/dataset_baseline/lib/tcbn28hpcplusbwp40p140hvtssg0p81v125c_ccs.lib success.
I0407 09:27:00.169119 2597231 Sta.cc:286] read liberty /data/project_share/process_node/dataset_baseline/lib/tcbn28hpcplusbwp40p140hvtssg0p81v125c_ccs.lib end 
I0407 09:27:21.998019 2597235 LibParserRustC.cc:1286] load liberty file /data/project_share/process_node/dataset_baseline/lib/tcbn28hpcplusbwp40p140lvtssg0p81v125c_ccs.lib success.
I0407 09:27:21.998930 2597235 Sta.cc:286] read liberty /data/project_share/process_node/dataset_baseline/lib/tcbn28hpcplusbwp40p140lvtssg0p81v125c_ccs.lib end 
I0407 09:27:42.935505 2597227 LibParserRustC.cc:1286] load liberty file /data/project_share/process_node/dataset_baseline/lib/tcbn28hpcplusbwp35p140lvtssg0p81v125c_ccs.lib success.
I0407 09:27:42.935562 2597227 Sta.cc:286] read liberty /data/project_share/process_node/dataset_baseline/lib/tcbn28hpcplusbwp35p140lvtssg0p81v125c_ccs.lib end 
I0407 09:27:43.995196 2597228 LibParserRustC.cc:1286] load liberty file /data/project_share/process_node/dataset_baseline/lib/tcbn28hpcplusbwp35p140uhvtssg0p81v125c_ccs.lib success.
I0407 09:27:43.995585 2597228 Sta.cc:286] read liberty /data/project_share/process_node/dataset_baseline/lib/tcbn28hpcplusbwp35p140uhvtssg0p81v125c_ccs.lib end 
I0407 09:27:47.303761 2597242 LibParserRustC.cc:1286] load liberty file /data/project_share/process_node/dataset_baseline/lib/tcbn28hpcplusbwp30p140hvtssg0p81v125c_ccs.lib success.
I0407 09:27:47.303815 2597242 Sta.cc:286] read liberty /data/project_share/process_node/dataset_baseline/lib/tcbn28hpcplusbwp30p140hvtssg0p81v125c_ccs.lib end 
I0407 09:27:51.428967 2597213 LibParserRustC.cc:1286] load liberty file /data/project_share/process_node/dataset_baseline/lib/tcbn28hpcplusbwp35p140ulvtssg0p81v125c_ccs.lib success.
I0407 09:27:51.429024 2597213 Sta.cc:286] read liberty /data/project_share/process_node/dataset_baseline/lib/tcbn28hpcplusbwp35p140ulvtssg0p81v125c_ccs.lib end 
I0407 09:27:52.948292 2597215 LibParserRustC.cc:1286] load liberty file /data/project_share/process_node/dataset_baseline/lib/tcbn28hpcplusbwp30p140uhvtssg0p81v125c_ccs.lib success.
I0407 09:27:52.949139 2597215 Sta.cc:286] read liberty /data/project_share/process_node/dataset_baseline/lib/tcbn28hpcplusbwp30p140uhvtssg0p81v125c_ccs.lib end 
I0407 09:27:55.159421 2597241 LibParserRustC.cc:1286] load liberty file /data/project_share/process_node/dataset_baseline/lib/tcbn28hpcplusbwp30p140lvtssg0p81v125c_ccs.lib success.
I0407 09:27:55.159512 2597241 Sta.cc:286] read liberty /data/project_share/process_node/dataset_baseline/lib/tcbn28hpcplusbwp30p140lvtssg0p81v125c_ccs.lib end 
I0407 09:27:56.539184 2597226 LibParserRustC.cc:1286] load liberty file /data/project_share/process_node/dataset_baseline/lib/tcbn28hpcplusbwp30p140ulvtssg0p81v125c_ccs.lib success.
I0407 09:27:56.539284 2597226 Sta.cc:286] read liberty /data/project_share/process_node/dataset_baseline/lib/tcbn28hpcplusbwp30p140ulvtssg0p81v125c_ccs.lib end 
I0407 09:27:56.540452 2596793 Sta.cc:317] load lib end
I0407 09:27:56.549096 2600605 LibParserRustC.cc:1296] link liberty file /data/project_share/process_node/dataset_baseline/lib/tcbn28hpcplusbwp35p140opplvtssg0p81v125c_ccs.lib start.
I0407 09:27:56.549198 2600606 LibParserRustC.cc:1296] link liberty file /data/project_share/process_node/dataset_baseline/lib/tcbn28hpcplusbwp35p140oppulvtssg0p81v125c_ccs.lib start.
I0407 09:27:56.549515 2600607 LibParserRustC.cc:1296] link liberty file /data/project_share/process_node/dataset_baseline/lib/tcbn28hpcplusbwp35p140oppssg0p81v125c_ccs.lib start.
I0407 09:27:56.549666 2600608 LibParserRustC.cc:1296] link liberty file /data/project_share/process_node/dataset_baseline/lib/tcbn28hpcplusbwp40p140oppssg0p81v125c_ccs.lib start.
I0407 09:27:56.549708 2600596 LibParserRustC.cc:1296] link liberty file /data/project_share/process_node/dataset_baseline/lib/ts5n28hpcplvta64x32m2f_130a_ssg0p81v125c.lib start.
I0407 09:27:56.549798 2600581 LibParserRustC.cc:1296] link liberty file /data/project_share/process_node/dataset_baseline/lib/tcbn28hpcplusbwp40p140opplvtssg0p81v125c_ccs.lib start.
I0407 09:27:56.549852 2600587 LibParserRustC.cc:1296] link liberty file /data/project_share/process_node/dataset_baseline/lib/ts5n28hpcplvta128x64m2f_130a_ssg0p81v125c.lib start.
I0407 09:27:56.549834 2600589 LibParserRustC.cc:1296] link liberty file /data/project_share/process_node/dataset_baseline/lib/ts5n28hpcplvta128x32m2f_130a_ssg0p81v125c.lib start.
