I0313 15:30:58.095048 469502 lm_feature_timing.cpp:80] node dpath/a_reg_out[14]:1185865 resistance 24.824 cap 0.0017609 slew 0.0404481 delay 0.0768424 power 0.000163604
I0313 15:30:58.151614 469556 lm_feature_timing.cpp:80] node dpath/b_mux_out[6]:404187 resistance 0.428 cap 0.000868646 slew 0.016905 delay 0.00037178 power 0.00010722
I0313 15:30:58.154017 469441 lm_feature_timing.cpp:80] node dpath/a_mux_out[4]:369799 resistance 0 cap 0.00147513 slew 0.019269 delay 0 power 0.000145373
I0313 15:30:58.151624 469445 lm_feature_timing.cpp:80] node dpath/b_reg/n9:783841 resistance 12.84 cap 0.000633873 slew 0.016665 delay 0.00893526 power 8.27161e-05
I0313 15:30:58.151625 469450 lm_feature_timing.cpp:80] node dpath/a_mux_out[12]:823101 resistance 32.956 cap 0.000713598 slew 0.018929 delay 0.0343015 power 7.24651e-05
I0313 15:30:58.154063 469502 lm_feature_timing.cpp:80] node dpath/a_reg_out[14]:1185845 resistance 16.264 cap 0.00184684 slew 0.040448 delay 0.0617691 power 0.000171588
I0313 15:30:58.151708 469503 lm_feature_timing.cpp:80] node ctrl/state_out[1]:437512 resistance 15.408 cap 0.000603764 slew 0.029421 delay 0.0186562 power 4.89049e-06
I0313 15:30:58.154098 469445 lm_feature_timing.cpp:80] node dpath/b_reg/n9:776291 resistance 1.712 cap 0.000813196 slew 0.016665 delay 0.00139219 power 0.000106116
I0313 15:30:58.151733 469470 lm_feature_timing.cpp:80] node dpath/sub/n15:727541 resistance 17.976 cap 0.00138118 slew 0.022514 delay 0.0280115 power 9.73402e-05
I0313 15:30:58.154119 469450 lm_feature_timing.cpp:80] node dpath/a_mux_out[12]:829805 resistance 39.804 cap 0.000644101 slew 0.018929 delay 0.0387123 power 6.54078e-05
I0313 15:30:58.154125 469502 lm_feature_timing.cpp:80] node dpath/a_reg_out[14]:1185865 resistance 24.824 cap 0.0017609 slew 0.0404481 delay 0.0768424 power 0.000163604
I0313 15:30:58.151762 469480 lm_feature_timing.cpp:80] node dpath/a_reg_out[4]:739447 resistance 36.38 cap 0.00557693 slew 0.0490071 delay 0.229129 power 0.000344543
I0313 15:30:58.154146 469445 lm_feature_timing.cpp:80] node dpath/b_reg/n9:1128251 resistance 1.712 cap 0.000793032 slew 0.016665 delay 0.00139219 power 0.000103485
I0313 15:30:58.151789 469540 lm_feature_timing.cpp:80] node dpath/a_lt_b/U26:ZN resistance 0 cap 0.00106562 slew 0.017501 delay 0 power 1.80576e-05
I0313 15:30:58.146092 469573 lm_feature_timing.cpp:80] node dpath/b_reg/FE_OFN2_ctrl_b_reg_en_0:818181 resistance 125.404 cap 0.00152096 slew 0.0278504 delay 0.724888 power 0.000115266
I0313 15:30:58.154167 469503 lm_feature_timing.cpp:80] node ctrl/state_out[1]:437511 resistance 14.98 cap 0.000611595 slew 0.029421 delay 0.0183977 power 4.95392e-06
I0313 15:30:58.151845 469507 lm_feature_timing.cpp:80] node ctrl_a_mux_sel[0]:440110 resistance 50.504 cap 0.00123308 slew 0.0481361 delay 0.0993113 power 3.98618e-05
I0313 15:30:58.095218 469533 lm_feature_timing.cpp:80] node dpath/a_reg/n8:756209 resistance 3.424 cap 0.000793032 slew 0.01695 delay 0.00284069 power 5.26426e-05
I0313 15:30:58.154242 469573 lm_feature_timing.cpp:80] node dpath/b_reg/FE_OFN2_ctrl_b_reg_en_0:1170141 resistance 125.404 cap 0.00170556 slew 0.0278504 delay 0.724888 power 0.000129257
I0313 15:30:58.151875 469438 lm_feature_timing.cpp:80] node dpath/b_zero/n3:1148269 resistance 14.552 cap 0.00124184 slew 0.016811 delay 0.0187268 power 4.02356e-05
I0313 15:30:58.154270 469507 lm_feature_timing.cpp:80] node ctrl_a_mux_sel[0]:440103 resistance 47.508 cap 0.00126557 slew 0.0481361 delay 0.095617 power 4.09124e-05
I0313 15:30:58.151913 469457 lm_feature_timing.cpp:80] node dpath/b_reg_out[3]:1100529 resistance 34.668 cap 0.000884873 slew 0.0411981 delay 0.0714551 power 0.000113432
I0313 15:30:58.154294 469533 lm_feature_timing.cpp:80] node dpath/a_reg/n8:404241 resistance 0 cap 0.000866249 slew 0.01695 delay 0 power 5.75029e-05
I0313 15:30:58.154301 469573 lm_feature_timing.cpp:80] node dpath/b_reg/FE_OFN2_ctrl_b_reg_en_0:415937 resistance 113.42 cap 0.000666315 slew 0.0278472 delay 0.524367 power 5.0497e-05
I0313 15:30:58.154320 469507 lm_feature_timing.cpp:80] node ctrl_a_mux_sel[0]:440110 resistance 50.504 cap 0.00123308 slew 0.0481361 delay 0.0993113 power 3.98618e-05
I0313 15:30:58.151954 469542 lm_feature_timing.cpp:80] node dpath/b_reg_out[13]:468577 resistance 44.94 cap 0.000733056 slew 0.0469444 delay 0.17328 power 9.5065e-05
I0313 15:30:58.154337 469457 lm_feature_timing.cpp:80] node dpath/b_reg_out[3]:1100537 resistance 38.092 cap 0.000848264 slew 0.0411981 delay 0.0743595 power 0.000108739
I0313 15:30:58.151963 469446 lm_feature_timing.cpp:80] node dpath/b_mux_out[14]:814637 resistance 2.996 cap 0.00085553 slew 0.01702 delay 0.00260967 power 0.000136844
I0313 15:30:58.154350 469533 lm_feature_timing.cpp:80] node dpath/a_reg/n8:404249 resistance 3.424 cap 0.00082964 slew 0.01695 delay 0.00284069 power 5.50728e-05
I0313 15:30:58.151993 469514 lm_feature_timing.cpp:80] node dpath/a_mux/n7:723429 resistance 11.128 cap 0.00078723 slew 0.036128 delay 0.0087603 power 4.48941e-05
I0313 15:30:58.154372 469507 lm_feature_timing.cpp:80] node ctrl_a_mux_sel[0]:440103 resistance 47.508 cap 0.00126557 slew 0.0481361 delay 0.095617 power 4.09124e-05
I0313 15:30:58.149235 469449 lm_feature_timing.cpp:80] node dpath/a_reg/out_reg_13_:D resistance 63.772 cap 0.000576318 slew 0.0226471 delay 0.0765404 power 3.7714e-05
I0313 15:30:58.154386 469457 lm_feature_timing.cpp:80] node dpath/b_reg_out[3]:1123155 resistance 9.844 cap 0.00139758 slew 0.0411981 delay 0.0434776 power 0.000179156
I0313 15:30:58.152071 469512 lm_feature_timing.cpp:80] node dpath/a_mux/n13:380713 resistance 14.552 cap 0.000705791 slew 0.035942 delay 0.0106487 power 4.02498e-05
I0313 15:30:58.146452 469549 lm_feature_timing.cpp:80] node dpath/a_mux/U2:ZN resistance 0 cap 0.00064193 slew 0.018175 delay 0 power 4.15036e-05
I0313 15:30:58.152105 469516 lm_feature_timing.cpp:80] node dpath/a_mux_out[5]:731839 resistance 2.14 cap 0.00120086 slew 0.017957 delay 0.00258182 power 0.000123874
I0313 15:30:58.154417 469542 lm_feature_timing.cpp:80] node dpath/b_reg/U5:B1 resistance 48.364 cap 0.000696448 slew 0.0469444 delay 0.175665 power 9.03175e-05
I0313 15:30:58.154438 469512 lm_feature_timing.cpp:137] net dpath/a_mux/n13 resistance 29.104 cap 0.000881394 slew 0.00161051 delay 0.0106487 power 4.07139e-08
I0313 15:30:58.152151 469505 lm_feature_timing.cpp:80] node ctrl_b_mux_sel_0_:812969 resistance 39.376 cap 0.000625986 slew 0.0310423 delay 0.700134 power 6.09004e-05
I0313 15:30:58.154481 469516 lm_feature_timing.cpp:80] node dpath/a_mux_out[5]:733515 resistance 0.428 cap 0.00122102 slew 0.017957 delay 0.00052595 power 0.000125954
I0313 15:30:58.154479 469549 lm_feature_timing.cpp:80] node dpath/a_mux/n18:439289 resistance 0 cap 0.00064193 slew 0.018175 delay 0 power 4.15036e-05
I0313 15:30:58.146699 469508 lm_feature_timing.cpp:80] node dpath/a_mux/FE_OFN3_ctrl_a_mux_sel_1:441803 resistance 16.692 cap 0.0107747 slew 0.0264728 delay 0.193796 power 0.000348315
I0313 15:30:58.149399 469444 lm_feature_timing.cpp:80] node dpath/a_reg/n11:477156 resistance 0 cap 0.000867031 slew 0.01698 delay 0 power 6.35315e-05
I0313 15:30:58.154544 469549 lm_feature_timing.cpp:137] net dpath/a_mux/n18 resistance 2.568 cap 0.00064193 slew 1.77579e-05 delay 0.000803626 power 3.36179e-08
I0313 15:30:58.201290 469549 lm_feature_timing.cpp:125] build net dpath/sub/n24 feature 
I0313 15:30:58.152242 469525 lm_feature_timing.cpp:125] build net dpath/sub/n17 feature 
I0313 15:30:58.152244 469458 lm_feature_timing.cpp:80] node dpath/a_mux_out[2]:381422 resistance 0 cap 0.0008107 slew 0.015615 delay 0 power 7.23214e-05
I0313 15:30:58.152271 469498 lm_feature_timing.cpp:125] build net dpath/sub/n18 feature 
I0313 15:30:58.152287 469456 lm_feature_timing.cpp:80] node dpath/b_reg_out[5]:1092201 resistance 24.824 cap 0.000763726 slew 0.041096 delay 0.0500134 power 9.87832e-05
I0313 15:30:58.201583 469549 lm_feature_timing.cpp:80] node dpath/sub/n24:400087 resistance 0.856 cap 0.00226594 slew 0.024336 delay 0.00193965 power 1.83541e-05
I0313 15:30:58.201623 469525 lm_feature_timing.cpp:80] node dpath/sub/U36:CI resistance 37.664 cap 0.00138207 slew 0.0248031 delay 0.065954 power 0.000152372
I0313 15:30:58.201694 469525 lm_feature_timing.cpp:80] node dpath/sub/n17:836513 resistance 37.664 cap 0.00163245 slew 0.0248031 delay 0.065954 power 0.000179977
I0313 15:30:58.201697 469549 lm_feature_timing.cpp:80] node dpath/sub/n24:752047 resistance 0.856 cap 0.002254 slew 0.024336 delay 0.00193965 power 1.82574e-05
I0313 15:30:58.201738 469525 lm_feature_timing.cpp:80] node dpath/sub/n17:811373 resistance 11.984 cap 0.00188284 slew 0.024803 delay 0.0240326 power 0.000207582
I0313 15:30:58.201706 469458 lm_feature_timing.cpp:80] node dpath/a_mux_out[2]:381425 resistance 1.284 cap 0.000794646 slew 0.015615 delay 0.00102033 power 7.08893e-05
I0313 15:30:58.201781 469525 lm_feature_timing.cpp:80] node dpath/sub/n17:836513 resistance 37.664 cap 0.00163245 slew 0.0248031 delay 0.065954 power 0.000179977
I0313 15:30:58.201805 469549 lm_feature_timing.cpp:80] node dpath/sub/n24:400085 resistance 0 cap 0.00227788 slew 0.024336 delay 0 power 1.84509e-05
I0313 15:30:58.095697 469587 lm_feature_timing.cpp:80] node dpath/a_reg/n5:735979 resistance 7.704 cap 0.00101797 slew 0.018395 delay 0.00791213 power 6.05341e-05
I0313 15:30:58.201839 469458 lm_feature_timing.cpp:80] node dpath/a_reg/U17:A2 resistance 11.128 cap 0.000574604 slew 0.015615 delay 0.00766962 power 5.12596e-05
I0313 15:30:58.201875 469549 lm_feature_timing.cpp:80] node dpath/sub/n24:400087 resistance 0.856 cap 0.00226594 slew 0.024336 delay 0.00193965 power 1.83541e-05
I0313 15:30:58.201911 469458 lm_feature_timing.cpp:80] node dpath/a_mux_out[2]:386464 resistance 11.128 cap 0.00063999 slew 0.015615 delay 0.00766962 power 5.70926e-05
I0313 15:30:58.201953 469549 lm_feature_timing.cpp:80] node dpath/sub/n24:744505 resistance 8.56 cap 0.00217628 slew 0.024336 delay 0.0187057 power 1.76279e-05
I0313 15:30:58.201988 469458 lm_feature_timing.cpp:80] node dpath/a_mux/U18:ZN resistance 0 cap 0.0008107 slew 0.015615 delay 0 power 7.23214e-05
I0313 15:30:58.152356 469588 lm_feature_timing.cpp:80] node dpath/a_lt_b/n3:386422 resistance 3.852 cap 0.00120418 slew 0.018363 delay 0.00463851 power 9.75387e-06
I0313 15:30:58.149556 469486 lm_feature_timing.cpp:80] node dpath/a_reg/n2:386366 resistance 0 cap 0.000751921 slew 0.016259 delay 0 power 3.47209e-05
I0313 15:30:58.152410 469482 lm_feature_timing.cpp:80] node dpath/a_lt_b/n13:387459 resistance 1.712 cap 0.000882318 slew 0.031831 delay 0.00151053 power 2.81526e-05
I0313 15:30:58.202137 469588 lm_feature_timing.cpp:80] node dpath/a_lt_b/n3:386421 resistance 4.28 cap 0.000761916 slew 0.018363 delay 0.00496461 power 6.17152e-06
I0313 15:30:58.202167 469486 lm_feature_timing.cpp:80] node dpath/a_reg/n2:386367 resistance 0.428 cap 0.00074409 slew 0.016259 delay 0.00031847 power 3.43593e-05
I0313 15:30:58.152437 469500 lm_feature_timing.cpp:80] node dpath/a_mux/FE_OFN4_n16:730141 resistance 94.588 cap 0.000659513 slew 0.0377072 delay 0.734065 power 4.26404e-05
I0313 15:30:58.202224 469482 lm_feature_timing.cpp:80] node dpath/a_lt_b/n13:387459 resistance 1.712 cap 0.000882318 slew 0.031831 delay 0.00151053 power 2.81526e-05
I0313 15:30:58.149586 469529 lm_feature_timing.cpp:80] node dpath/b_mux_out[9]:469555 resistance 8.988 cap 0.000586546 slew 0.016298 delay 0.00605672 power 7.44212e-05
I0313 15:30:58.202292 469486 lm_feature_timing.cpp:80] node dpath/a_reg/U19:Z resistance 0 cap 0.000751921 slew 0.016259 delay 0 power 3.47209e-05
I0313 15:30:58.152464 469518 lm_feature_timing.cpp:137] net dpath/a_lt_b/n27 resistance 23.968 cap 0.00123265 slew 0.00248848 delay 0.0101952 power 8.08745e-09
I0313 15:30:58.202314 469482 lm_feature_timing.cpp:80] node dpath/a_lt_b/n13:389135 resistance 3.424 cap 0.000841989 slew 0.031831 delay 0.00295201 power 2.68658e-05
I0313 15:30:58.202322 469500 lm_feature_timing.cpp:80] node dpath/a_mux/FE_OFN4_n16:433475 resistance 30.388 cap 0.00138402 slew 0.037704 delay 0.317718 power 8.9483e-05
I0313 15:30:58.152537 469317 lm_feature_timing.cpp:80] node dpath/b_reg_out[6]:402596 resistance 31.672 cap 0.000631941 slew 0.0373512 delay 0.0751925 power 8.2101e-05
I0313 15:30:58.202376 469518 lm_feature_timing.cpp:125] build net dpath/sub/n25 feature 
I0313 15:30:58.202379 469486 lm_feature_timing.cpp:80] node dpath/a_reg/n2:386366 resistance 0 cap 0.000751921 slew 0.016259 delay 0 power 3.47209e-05
I0313 15:30:58.152563 469522 lm_feature_timing.cpp:125] build net dpath/sub/n19 feature 
I0313 15:30:58.202414 469500 lm_feature_timing.cpp:80] node dpath/a_mux/U19:B1 resistance 32.1 cap 0.000667735 slew 0.037704 delay 0.318862 power 4.3172e-05
I0313 15:30:58.202430 469486 lm_feature_timing.cpp:137] net dpath/a_reg/n2 resistance 17.976 cap 0.000751921 slew 0.00101942 delay 0.00588519 power 2.81239e-08
I0313 15:30:58.152572 469497 lm_feature_timing.cpp:80] node dpath/a_reg_out[0]:724931 resistance 28.248 cap 0.00196766 slew 0.0390441 delay 0.0784118 power 9.0859e-05
I0313 15:30:58.202487 469486 lm_feature_timing.cpp:125] build net dpath/sub/n26 feature 
I0313 15:30:58.152576 469536 lm_feature_timing.cpp:80] node dpath/a_mux_out[11]:477033 resistance 37.236 cap 0.000590266 slew 0.018599 delay 0.0354897 power 5.77157e-05
I0313 15:30:58.152611 469464 lm_feature_timing.cpp:80] node dpath/a_mux/n2:446011 resistance 5.136 cap 0.000610845 slew 0.034079 delay 0.00340978 power 3.48352e-05
I0313 15:30:58.147297 469469 lm_feature_timing.cpp:80] node dpath/a_reg_out[6]:752805 resistance 49.22 cap 0.000716612 slew 0.0449412 delay 0.171558 power 4.75698e-05
I0313 15:30:58.202596 469522 lm_feature_timing.cpp:80] node dpath/sub/n19:806427 resistance 4.28 cap 0.0014634 slew 0.015164 delay 0.00645522 power 0.000277297
I0313 15:30:58.202659 469522 lm_feature_timing.cpp:80] node dpath/sub/n19:1158387 resistance 4.28 cap 0.0014634 slew 0.015164 delay 0.00645522 power 0.000277297
I0313 15:30:58.202646 469497 lm_feature_timing.cpp:80] node dpath/a_reg_out[0]:724931 resistance 28.248 cap 0.00196766 slew 0.0390441 delay 0.0784118 power 9.0859e-05
I0313 15:30:58.202704 469522 lm_feature_timing.cpp:80] node dpath/sub/n19:1158369 resistance 11.984 cap 0.00138568 slew 0.015164 delay 0.0171305 power 0.00026257
I0313 15:30:58.202687 469464 lm_feature_timing.cpp:80] node dpath/a_mux/n2:797971 resistance 5.136 cap 0.000663898 slew 0.034079 delay 0.00340978 power 3.78607e-05
I0313 15:30:58.149910 469570 lm_feature_timing.cpp:80] node dpath/a_mux/U11:ZN resistance 0 cap 0.00080583 slew 0.035087 delay 0 power 4.59548e-05
I0313 15:30:58.202729 469469 lm_feature_timing.cpp:80] node dpath/a_reg_out[6]:755319 resistance 51.788 cap 0.000688225 slew 0.0449412 delay 0.173325 power 4.56854e-05
I0313 15:30:58.152699 469580 lm_feature_timing.cpp:80] node dpath/b_reg_out[14]:817185 resistance 23.54 cap 0.000700168 slew 0.040176 delay 0.053795 power 0.00010692
I0313 15:30:58.152696 469546 lm_feature_timing.cpp:80] node dpath/a_lt_b/n6:384843 resistance 14.98 cap 0.000745569 slew 0.01385 delay 0.0134594 power 1.20782e-05
I0313 15:30:58.152702 469526 lm_feature_timing.cpp:80] node dpath/a_mux/U29:ZN resistance 0 cap 0.00092838 slew 0.036474 delay 0 power 5.29436e-05
I0313 15:30:58.152746 469558 lm_feature_timing.cpp:80] node dpath/a_reg/n4:388995 resistance 0 cap 0.000891697 slew 0.01709 delay 0 power 5.09244e-05
I0313 15:30:58.152761 469506 lm_feature_timing.cpp:80] node ctrl_a_reg_en_0_:1089721 resistance 277.772 cap 0.000993636 slew 0.0402399 delay 2.55758 power 8.04845e-06
I0313 15:30:58.202962 469558 lm_feature_timing.cpp:137] net dpath/a_reg/n4 resistance 32.528 cap 0.000891697 slew 0.00344032 delay 0.0118058 power 4.12488e-08
I0313 15:30:58.150061 469576 lm_feature_timing.cpp:80] node dpath/a_reg_out[10]:463647 resistance 55.212 cap 0.000683723 slew 0.0393865 delay 0.217801 power 0
I0313 15:30:58.152849 469448 lm_feature_timing.cpp:80] node dpath/a_lt_b/n22:833245 resistance 16.264 cap 0.00069788 slew 0.047613 delay 0.0139898 power 1.74355e-05
I0313 15:30:58.152860 469493 lm_feature_timing.cpp:137] net dpath/b_reg/n12 resistance 83.888 cap 0.00139247 slew 0.0229668 delay 0.0412172 power 9.83931e-08
I0313 15:30:58.150058 469452 lm_feature_timing.cpp:80] node dpath/a_reg_out[13]:815485 resistance 52.216 cap 0.000712892 slew 0.0381302 delay 0.162192 power 4.66513e-05
I0313 15:30:58.152889 469483 lm_feature_timing.cpp:80] node dpath/b_reg_out[11]:440151 resistance 81.748 cap 0.00058826 slew 0.0414827 delay 0.274394 power 7.56926e-05
I0313 15:30:58.203159 469448 lm_feature_timing.cpp:80] node dpath/a_lt_b/n22:836597 resistance 19.688 cap 0.000661272 slew 0.047613 delay 0.016254 power 1.65209e-05
I0313 15:30:58.203212 469452 lm_feature_timing.cpp:80] node dpath/a_reg_out[13]:820513 resistance 47.08 cap 0.00161783 slew 0.0381302 delay 0.15853 power 0.00010587
I0313 15:30:58.203239 469448 lm_feature_timing.cpp:80] node dpath/a_lt_b/n22:1185205 resistance 16.264 cap 0.000808488 slew 0.047613 delay 0.0139898 power 2.01989e-05
I0313 15:30:58.203285 469452 lm_feature_timing.cpp:80] node dpath/a_reg_out[13]:820513 resistance 47.08 cap 0.00161783 slew 0.0381302 delay 0.15853 power 0.00010587
I0313 15:30:58.203300 469483 lm_feature_timing.cpp:80] node dpath/b_reg_out[11]:440152 resistance 82.176 cap 0.000580429 slew 0.0414827 delay 0.274642 power 7.46849e-05
I0313 15:30:58.150163 469463 lm_feature_timing.cpp:125] build net dpath/sub/n13 feature 
I0313 15:30:58.203399 469483 lm_feature_timing.cpp:80] node dpath/b_reg_out[11]:799653 resistance 74.044 cap 0.00177275 slew 0.0414827 delay 0.269263 power 0.000228103
I0313 15:30:58.203469 469483 lm_feature_timing.cpp:80] node dpath/b_reg_out[11]:1151613 resistance 74.044 cap 0.00189158 slew 0.0414827 delay 0.269263 power 0.000243394
I0313 15:30:58.152962 469581 lm_feature_timing.cpp:80] node dpath/b_reg/n16:813845 resistance 1.284 cap 0.000867813 slew 0.01706 delay 0.00113488 power 0.000132521
I0313 15:30:58.096285 469552 lm_feature_timing.cpp:80] node dpath/b_reg_out[10]:493847 resistance 0.428 cap 0.00538664 slew 0.039955 delay 0.00230548 power 0.000469908
I0313 15:30:58.150228 469594 lm_feature_timing.cpp:80] node ctrl/n4:779437 resistance 17.976 cap 0.000752895 slew 0.029179 delay 0.0168448 power 5.49517e-05
I0313 15:30:58.153013 469472 lm_feature_timing.cpp:80] node dpath/a_mux_out[13]:456823 resistance 0 cap 0.000983365 slew 0.016793 delay 0 power 0.000104107
I0313 15:30:58.203572 469581 lm_feature_timing.cpp:80] node dpath/b_reg/n16:461882 resistance 0 cap 0.00089992 slew 0.01706 delay 0 power 0.000137424
I0313 15:30:58.152948 469490 lm_feature_timing.cpp:80] node dpath/a_reg_out[2]:1087901 resistance 58.636 cap 0.000784897 slew 0.0429064 delay 0.233902 power 4.48251e-05
I0313 15:30:58.203622 469472 lm_feature_timing.cpp:80] node dpath/a_mux_out[13]:469392 resistance 20.116 cap 0.000631768 slew 0.016793 delay 0.0156541 power 6.68843e-05
I0313 15:30:58.150267 469528 lm_feature_timing.cpp:80] node dpath/b_zero/n4:1137363 resistance 23.112 cap 0.0010543 slew 0.016176 delay 0.0273194 power 3.41594e-05
I0313 15:30:58.203675 469472 lm_feature_timing.cpp:80] node dpath/a_mux_out[13]:467725 resistance 14.552 cap 0.000688932 slew 0.016793 delay 0.012139 power 7.29361e-05
I0313 15:30:58.147909 469590 lm_feature_timing.cpp:80] node dpath/b_reg/n10:464552 resistance 0 cap 0.000956692 slew 0.017358 delay 0 power 0.000125391
I0313 15:30:58.203676 469463 lm_feature_timing.cpp:80] node dpath/sub/n13:370479 resistance 3.852 cap 0.00164401 slew 0.017131 delay 0.00633271 power 8.92305e-05
I0313 15:30:58.150328 469592 lm_feature_timing.cpp:80] node dpath/a_lt_b/U2:ZN resistance 0 cap 0.00164057 slew 0.020978 delay 0 power 1.32886e-05
I0313 15:30:58.203727 469590 lm_feature_timing.cpp:137] net dpath/b_reg/n10 resistance 38.52 cap 0.000956692 slew 0.00477526 delay 0.0146638 power 1.01567e-07
I0313 15:30:58.203760 469463 lm_feature_timing.cpp:80] node dpath/sub/n13:722439 resistance 3.852 cap 0.00160329 slew 0.017131 delay 0.00633271 power 8.70204e-05
I0313 15:30:58.203788 469590 lm_feature_timing.cpp:125] build net dpath/sub/n29 feature 
I0313 15:30:58.203765 469490 lm_feature_timing.cpp:80] node dpath/a_reg_out[2]:1087921 resistance 67.196 cap 0.000698955 slew 0.0429064 delay 0.239885 power 3.9917e-05
I0313 15:30:58.203814 469463 lm_feature_timing.cpp:80] node dpath/sub/n13:370470 resistance 0 cap 0.00168472 slew 0.017131 delay 0 power 9.14406e-05
I0313 15:30:58.203866 469463 lm_feature_timing.cpp:80] node dpath/sub/n13:370479 resistance 3.852 cap 0.00164401 slew 0.017131 delay 0.00633271 power 8.92305e-05
I0313 15:30:58.203873 469490 lm_feature_timing.cpp:80] node dpath/a_reg_out[2]:724193 resistance 42.372 cap 0.003715 slew 0.0429064 delay 0.204394 power 0.000212162
I0313 15:30:58.203886 469592 lm_feature_timing.cpp:80] node dpath/a_lt_b/n32:475253 resistance 0 cap 0.00164057 slew 0.020978 delay 0 power 1.32886e-05
I0313 15:30:58.203929 469463 lm_feature_timing.cpp:80] node dpath/sub/U35:CI resistance 14.98 cap 0.00138207 slew 0.017131 delay 0.0229432 power 7.50136e-05
I0313 15:30:58.153143 469574 lm_feature_timing.cpp:80] node ctrl/n1:783621 resistance 26.108 cap 0.000666161 slew 0.029815 delay 0.0236457 power 1.07918e-05
I0313 15:30:58.203985 469463 lm_feature_timing.cpp:80] node dpath/sub/n13:724133 resistance 14.98 cap 0.00149268 slew 0.017131 delay 0.0229432 power 8.1017e-05
I0313 15:30:58.203994 469592 lm_feature_timing.cpp:80] node dpath/a_lt_b/n32:833917 resistance 6.848 cap 0.00157108 slew 0.020978 delay 0.0107587 power 1.27257e-05
I0313 15:30:58.143898 469564 lm_feature_timing.cpp:80] node dpath/a_reg/n3:388903 resistance 8.132 cap 0.00119631 slew 0.019387 delay 0.00972837 power 6.53141e-05
I0313 15:30:58.204042 469463 lm_feature_timing.cpp:80] node dpath/sub/U20:Z resistance 0 cap 0.00168472 slew 0.017131 delay 0 power 9.14406e-05
I0313 15:30:58.153196 469485 lm_feature_timing.cpp:80] node dpath/a_mux/n4:792143 resistance 0 cap 0.000921722 slew 0.036398 delay 0 power 5.25639e-05
I0313 15:30:58.204064 469574 lm_feature_timing.cpp:80] node ctrl/n1:431657 resistance 27.82 cap 0.00061761 slew 0.029815 delay 0.024703 power 1.00053e-05
I0313 15:30:58.204070 469590 lm_feature_timing.cpp:80] node dpath/sub/n29:806501 resistance 5.136 cap 0.00174667 slew 0.016232 delay 0.0089709 power 0.000305105
I0313 15:30:58.204103 469564 lm_feature_timing.cpp:80] node dpath/a_reg/n3:388922 resistance 0 cap 0.00127814 slew 0.019387 delay 0 power 6.97817e-05
I0313 15:30:58.204116 469485 lm_feature_timing.cpp:80] node dpath/a_mux/n4:789629 resistance 2.568 cap 0.000893336 slew 0.036398 delay 0.00229409 power 5.09451e-05
I0313 15:30:58.153263 469487 lm_feature_timing.cpp:80] node dpath/a_reg_out[5]:386598 resistance 58.208 cap 0.000607275 slew 0.0410005 delay 0.228844 power 3.89157e-05
I0313 15:30:58.150527 469495 lm_feature_timing.cpp:80] node dpath/a_reg_out[7]:438607 resistance 28.676 cap 0.00210431 slew 0.0402571 delay 0.100493 power 0.000144523
I0313 15:30:58.204162 469590 lm_feature_timing.cpp:80] node dpath/sub/n29:1158461 resistance 5.136 cap 0.00169362 slew 0.016232 delay 0.0089709 power 0.000295838
I0313 15:30:58.204196 469564 lm_feature_timing.cpp:80] node dpath/a_reg/n3:388903 resistance 8.132 cap 0.00119631 slew 0.019387 delay 0.00972837 power 6.53141e-05
I0313 15:30:58.204275 469590 lm_feature_timing.cpp:80] node dpath/sub/n29:801473 resistance 0 cap 0.00179972 slew 0.016232 delay 0 power 0.000314372
I0313 15:30:58.204296 469495 lm_feature_timing.cpp:80] node dpath/a_reg_out[7]:790567 resistance 28.676 cap 0.00219025 slew 0.0402571 delay 0.100493 power 0.000150425
I0313 15:30:58.204341 469590 lm_feature_timing.cpp:80] node dpath/sub/n29:806501 resistance 5.136 cap 0.00174667 slew 0.016232 delay 0.0089709 power 0.000305105
I0313 15:30:58.153353 469515 lm_feature_timing.cpp:80] node dpath/a_lt_b/n35:486145 resistance 0.856 cap 0.00148509 slew 0.033561 delay 0.00127123 power 3.63499e-05
I0313 15:30:58.153386 469572 lm_feature_timing.cpp:80] node dpath/a_mux_out[10]:806363 resistance 10.7 cap 0.00131597 slew 0.019133 delay 0.0143167 power 1.06594e-05
I0313 15:30:58.153384 469440 lm_feature_timing.cpp:80] node dpath/b_reg_out[15]:448489 resistance 8.56 cap 0.000472907 slew 0.0432431 delay 0.0228523 power 6.18649e-05
I0313 15:30:58.153404 469532 lm_feature_timing.cpp:80] node dpath/a_reg_out[1]:729153 resistance 38.092 cap 0.0013908 slew 0.0420913 delay 0.175095 power 7.59328e-05
I0313 15:30:58.204447 469515 lm_feature_timing.cpp:80] node dpath/a_lt_b/n35:838105 resistance 0.856 cap 0.00147314 slew 0.033561 delay 0.00127123 power 3.60576e-05
I0313 15:30:58.204514 469515 lm_feature_timing.cpp:80] node dpath/a_lt_b/n35:834733 resistance 17.976 cap 0.000749169 slew 0.033561 delay 0.0212663 power 1.83371e-05
I0313 15:30:58.204525 469532 lm_feature_timing.cpp:80] node dpath/a_reg_out[1]:729147 resistance 35.524 cap 0.00369244 slew 0.0420913 delay 0.171523 power 0.000201594
I0313 15:30:58.153460 469544 lm_feature_timing.cpp:80] node dpath/a_mux/n10:445141 resistance 9.416 cap 0.00083167 slew 0.037124 delay 0.0083205 power 4.74284e-05
I0313 15:30:58.148278 469595 lm_feature_timing.cpp:80] node dpath/b_mux_out[1]:746763 resistance 0.428 cap 0.000885481 slew 0.017 delay 0.000382338 power 0.000104081
I0313 15:30:58.153496 469478 lm_feature_timing.cpp:80] node dpath/a_reg_out[3]:736025 resistance 27.82 cap 0.000673282 slew 0.042396 delay 0.0529296 power 4.00372e-05
I0313 15:30:58.204599 469544 lm_feature_timing.cpp:80] node dpath/a_mux/n10:445979 resistance 10.272 cap 0.000770786 slew 0.037124 delay 0.00898029 power 4.39563e-05
I0313 15:30:58.150765 469561 lm_feature_timing.cpp:80] node dpath/a_lt_b/n7:1088729 resistance 21.828 cap 0.00153364 slew 0.021289 delay 0.0343125 power 2.79505e-05
I0313 15:30:58.204658 469595 lm_feature_timing.cpp:80] node dpath/b_mux_out[1]:394802 resistance 0 cap 0.000901143 slew 0.017 delay 0 power 0.000105921
I0313 15:30:58.153564 469479 lm_feature_timing.cpp:125] build net dpath/sub/n20 feature 
I0313 15:30:58.153550 469504 lm_feature_timing.cpp:80] node dpath/a_lt_b/n10:746111 resistance 8.56 cap 0.00164015 slew 0.022374 delay 0.0143467 power 1.32852e-05
I0313 15:30:58.204734 469595 lm_feature_timing.cpp:80] node dpath/b_mux_out[1]:394803 resistance 0.428 cap 0.000893312 slew 0.017 delay 0.000382338 power 0.000105001
I0313 15:30:58.204789 469561 lm_feature_timing.cpp:80] node dpath/a_lt_b/n7:1088687 resistance 3.852 cap 0.00171002 slew 0.021289 delay 0.00674386 power 3.11651e-05
I0313 15:30:58.204830 469504 lm_feature_timing.cpp:80] node dpath/a_lt_b/n10:1098071 resistance 8.56 cap 0.000834142 slew 0.022374 delay 0.0143467 power 6.75655e-06
I0313 15:30:58.204845 469595 lm_feature_timing.cpp:80] node dpath/b_mux/U3:Z resistance 0 cap 0.000901143 slew 0.017 delay 0 power 0.000105921
I0313 15:30:58.204876 469561 lm_feature_timing.cpp:80] node dpath/a_lt_b/n7:1088729 resistance 21.828 cap 0.00153364 slew 0.021289 delay 0.0343125 power 2.79505e-05
I0313 15:30:58.204895 469504 lm_feature_timing.cpp:80] node dpath/a_lt_b/n10:741083 resistance 3.424 cap 0.0016932 slew 0.022374 delay 0.00592287 power 1.37149e-05
I0313 15:30:58.204939 469504 lm_feature_timing.cpp:80] node dpath/a_lt_b/n10:746111 resistance 8.56 cap 0.00164015 slew 0.022374 delay 0.0143467 power 1.32852e-05
I0313 15:30:58.153600 469530 lm_feature_timing.cpp:80] node dpath/a_reg_out[15]:820475 resistance 2.568 cap 0.00344711 slew 0.027745 delay 0.00892508 power 0.000241228
I0313 15:30:58.153625 469527 lm_feature_timing.cpp:80] node dpath/a_lt_b/n28:490390 resistance 0 cap 0.000705413 slew 0.015449 delay 0 power 1.01034e-05
I0313 15:30:58.205011 469504 lm_feature_timing.cpp:80] node dpath/a_lt_b/n10:389123 resistance 3.424 cap 0.00172981 slew 0.022374 delay 0.00592287 power 1.40115e-05
I0313 15:30:58.153640 469467 lm_feature_timing.cpp:80] node dpath/a_lt_b/n12:740237 resistance 10.7 cap 0.000735271 slew 0.020683 delay 0.0111573 power 5.9557e-06
I0313 15:30:58.205041 469530 lm_feature_timing.cpp:80] node dpath/a_reg_out[15]:828017 resistance 10.272 cap 0.00145341 slew 0.027745 delay 0.0201222 power 0.000101709
I0313 15:30:58.205060 469504 lm_feature_timing.cpp:80] node dpath/a_lt_b/n10:741083 resistance 3.424 cap 0.0016932 slew 0.022374 delay 0.00592287 power 1.37149e-05
I0313 15:30:58.205049 469479 lm_feature_timing.cpp:80] node dpath/sub/U12:B resistance 12.84 cap 0.00190425 slew 0.024344 delay 0.0260883 power 1.54244e-05
I0313 15:30:58.205090 469530 lm_feature_timing.cpp:80] node dpath/a_reg/U5:B1 resistance 23.968 cap 0.000659839 slew 0.027745 delay 0.0440147 power 4.61754e-05
I0313 15:30:58.205101 469504 lm_feature_timing.cpp:80] node dpath/a_lt_b/n10:389115 resistance 0 cap 0.00176642 slew 0.022374 delay 0 power 1.4308e-05
I0313 15:30:58.205122 469530 lm_feature_timing.cpp:80] node dpath/a_reg_out[15]:805385 resistance 23.968 cap 0.000680003 slew 0.027745 delay 0.0440147 power 4.75865e-05
I0313 15:30:58.205121 469467 lm_feature_timing.cpp:80] node dpath/a_lt_b/n12:746941 resistance 3.852 cap 0.000804768 slew 0.020683 delay 0.00612218 power 6.51862e-06
I0313 15:30:58.153687 469517 lm_feature_timing.cpp:80] node dpath/b_reg/n2:407417 resistance 0 cap 0.00094103 slew 0.017303 delay 0 power 0.000117504
I0313 15:30:58.205165 469530 lm_feature_timing.cpp:80] node dpath/a_reg_out[15]:803709 resistance 22.256 cap 0.00172315 slew 0.027745 delay 0.0428505 power 0.000120586
I0313 15:30:58.153709 469547 lm_feature_timing.cpp:80] node dpath/a_mux_out[9]:1529659 resistance 64.628 cap 0.00107009 slew 0.0222031 delay 0.0883242 power 0.000130058
I0313 15:30:58.205204 469467 lm_feature_timing.cpp:80] node dpath/a_lt_b/placeFE_RC_0_0:A1 resistance 12.412 cap 0.000571979 slew 0.020683 delay 0.011754 power 4.63303e-06
I0313 15:30:58.153733 469560 lm_feature_timing.cpp:80] node dpath/a_lt_b/n14:415117 resistance 0.428 cap 0.00161509 slew 0.020585 delay 0.000691258 power 1.30822e-05
I0313 15:30:58.151329 469553 lm_feature_timing.cpp:80] node ctrl/state_out[0]:402341 resistance 39.376 cap 0.00258596 slew 0.0498893 delay 0.181889 power 0.000230635
I0313 15:30:58.205262 469467 lm_feature_timing.cpp:80] node dpath/a_lt_b/n12:395001 resistance 12.412 cap 0.00065792 slew 0.020683 delay 0.011754 power 5.32916e-06
I0313 15:30:58.151352 469569 lm_feature_timing.cpp:80] node clk:1764839 resistance 2.568 cap 0.00613259 slew 0.000117663 delay 0.0158341 power 0.00198696
I0313 15:30:58.151369 469551 lm_feature_timing.cpp:80] node dpath/b_zero/n2:786259 resistance 20.116 cap 0.00136603 slew 0.01787 delay 0.0287672 power 4.42592e-05
I0313 15:30:58.205312 469560 lm_feature_timing.cpp:80] node dpath/a_lt_b/U20:B1 resistance 17.976 cap 0.000575533 slew 0.020585 delay 0.0139284 power 4.66182e-06
I0313 15:30:58.151425 469484 lm_feature_timing.cpp:80] node dpath/b_reg/n7:1114023 resistance 21.828 cap 0.000691428 slew 0.017663 delay 0.0170438 power 8.9432e-05
I0313 15:30:58.153821 469460 lm_feature_timing.cpp:80] node dpath/a_lt_b/n9:741091 resistance 15.408 cap 0.000731166 slew 0.031625 delay 0.0135469 power 1.18449e-05
I0313 15:30:58.151420 469455 lm_feature_timing.cpp:80] node ctrl/next_state__0[1]:778555 resistance 17.12 cap 0.000589485 slew 0.030897 delay 0.0129773 power 5.39151e-05
I0313 15:30:58.148665 469462 lm_feature_timing.cpp:80] node dpath/a_mux_out[6]:1107303 resistance 20.972 cap 0.000757647 slew 0.017149 delay 0.0175912 power 8.16383e-05
I0313 15:30:58.205423 469569 lm_feature_timing.cpp:80] node clk:1412041 resistance 1.712 cap 0.00615648 slew 9.63611e-05 delay 0.0105744 power 0.0019947
I0313 15:30:58.153856 469466 lm_feature_timing.cpp:80] node dpath/b_reg/n1:762017 resistance 204.156 cap 0.00260511 slew 0.0414223 delay 1.70175 power 0.000197429
I0313 15:30:58.205437 469455 lm_feature_timing.cpp:80] node ctrl/next_state__0[1]:1130515 resistance 17.12 cap 0.000749426 slew 0.030897 delay 0.0129773 power 6.85435e-05
I0313 15:30:58.205479 469460 lm_feature_timing.cpp:80] node dpath/a_lt_b/n9:741929 resistance 14.552 cap 0.000743108 slew 0.031625 delay 0.012921 power 1.20384e-05
I0313 15:30:58.205511 469569 lm_feature_timing.cpp:80] node clk:1412879 resistance 2.568 cap 0.00614454 slew 0.000117663 delay 0.0158341 power 0.00199083
I0313 15:30:58.151522 469589 lm_feature_timing.cpp:80] node dpath/b_mux_out[15]:447610 resistance 18.404 cap 0.0007551 slew 0.017135 delay 0.0138969 power 9.45634e-05
I0313 15:30:58.095016 469548 lm_feature_timing.cpp:80] node dpath/a_reg_out[8]:798137 resistance 24.396 cap 0.00418777 slew 0.0475415 delay 0.156357 power 0.000297236
I0313 15:30:58.205556 469460 lm_feature_timing.cpp:80] node dpath/a_lt_b/n9:388294 resistance 16.692 cap 0.00069162 slew 0.031625 delay 0.0144434 power 1.12042e-05
I0313 15:30:58.153992 469447 lm_feature_timing.cpp:80] node dpath/b_mux_out[8]:460337 resistance 24.396 cap 0.00068071 slew 0.018669 delay 0.0224555 power 8.55867e-05
I0313 15:30:58.205572 469589 lm_feature_timing.cpp:137] net dpath/b_mux_out[15] resistance 36.808 cap 0.000935596 slew 0.00472228 delay 0.0138969 power 9.31015e-08
I0313 15:30:58.154021 469591 lm_feature_timing.cpp:80] node dpath/b_mux_out[12]:470281 resistance 8.132 cap 0.000611213 slew 0.01617 delay 0.0053827 power 7.44964e-05
I0313 15:30:58.154042 469584 lm_feature_timing.cpp:80] node dpath/a_mux/n15:434327 resistance 9.416 cap 0.000827559 slew 0.036668 delay 0.00795987 power 4.7194e-05
I0313 15:30:58.151659 469538 lm_feature_timing.cpp:80] node dpath/a_reg/n18:469608 resistance 19.26 cap 0.000695246 slew 0.0502045 delay 0.204924 power 5.63149e-06
I0313 15:30:58.154080 469556 lm_feature_timing.cpp:80] node dpath/b_mux_out[6]:756147 resistance 0.428 cap 0.000860815 slew 0.016905 delay 0.00037178 power 0.000106254
I0313 15:30:58.154093 469441 lm_feature_timing.cpp:80] node dpath/a_mux_out[4]:369823 resistance 10.272 cap 0.00137274 slew 0.019269 delay 0.0141008 power 0.000135283
I0313 15:30:58.205698 469556 lm_feature_timing.cpp:137] net dpath/b_mux_out[6] resistance 29.104 cap 0.000876477 slew 0.0028348 delay 0.0105581 power 8.58532e-08
I0313 15:30:58.205695 469447 lm_feature_timing.cpp:80] node dpath/b_mux_out[8]:441901 resistance 5.564 cap 0.00110709 slew 0.018669 delay 0.00615984 power 0.000139196
I0313 15:30:58.205724 469538 lm_feature_timing.cpp:80] node dpath/a_reg/U9:B2 resistance 65.056 cap 0.000667642 slew 0.0502074 delay 0.568016 power 5.4079e-06
I0313 15:30:58.091455 469465 lm_feature_timing.cpp:80] node ctrl/n2:798723 resistance 8.56 cap 0.000779872 slew 0.023799 delay 0.00787645 power 6.31696e-06
I0313 15:30:58.149012 469563 lm_feature_timing.cpp:80] node dpath/a_mux_out[0]:1086113 resistance 10.7 cap 0.000750207 slew 0.016457 delay 0.00846132 power 5.05205e-05
I0313 15:30:58.154191 469445 lm_feature_timing.cpp:80] node dpath/b_reg/n9:774615 resistance 0 cap 0.00083336 slew 0.016665 delay 0 power 0.000108748
I0313 15:30:58.205786 469447 lm_feature_timing.cpp:80] node dpath/b_mux_out[8]:440234 resistance 0 cap 0.00116425 slew 0.018669 delay 0 power 0.000146383
I0313 15:30:58.205804 469465 lm_feature_timing.cpp:80] node ctrl/n2:440059 resistance 1.712 cap 0.00148124 slew 0.023799 delay 0.00253589 power 1.19981e-05
I0313 15:30:58.154181 469520 lm_feature_timing.cpp:80] node dpath/sub/n22:457071 resistance 0.856 cap 0.00217883 slew 0.023974 delay 0.00186508 power 1.76485e-05
I0313 15:30:58.205829 469447 lm_feature_timing.cpp:137] net dpath/b_mux_out[8] resistance 59.064 cap 0.00116425 slew 0.0112235 delay 0.0256791 power 1.16759e-07
I0313 15:30:58.154196 469480 lm_feature_timing.cpp:80] node dpath/a_reg_out[4]:1091407 resistance 36.38 cap 0.0054581 slew 0.0490071 delay 0.229129 power 0.000337201
I0313 15:30:58.205911 469520 lm_feature_timing.cpp:80] node dpath/sub/n22:809031 resistance 0.856 cap 0.00216689 slew 0.023974 delay 0.00186508 power 1.75518e-05
I0313 15:30:58.151861 469582 lm_feature_timing.cpp:80] node dpath/b_reg/n17:449303 resistance 0 cap 0.00071081 slew 0.015991 delay 0 power 9.29869e-05
I0313 15:30:58.154269 469503 lm_feature_timing.cpp:80] node ctrl/state_out[1]:437512 resistance 15.408 cap 0.000603764 slew 0.029421 delay 0.0186562 power 4.89049e-06
I0313 15:30:58.205969 469520 lm_feature_timing.cpp:80] node dpath/sub/n22:457069 resistance 0 cap 0.00219077 slew 0.023974 delay 0 power 1.77453e-05
I0313 15:30:58.151928 469577 lm_feature_timing.cpp:80] node dpath/a_reg_out[11]:808893 resistance 44.084 cap 0.00339941 slew 0.0394354 delay 0.183542 power 0.000208706
I0313 15:30:58.095389 469568 lm_feature_timing.cpp:80] node ctrl/next_state__0[0]:786917 resistance 20.972 cap 0.000573041 slew 0.029224 delay 0.0164478 power 5.11079e-05
I0313 15:30:58.206022 469520 lm_feature_timing.cpp:80] node dpath/sub/n22:457071 resistance 0.856 cap 0.00217883 slew 0.023974 delay 0.00186508 power 1.76485e-05
I0313 15:30:58.154320 469438 lm_feature_timing.cpp:80] node dpath/b_zero/n3:784577 resistance 26.536 cap 0.00102062 slew 0.016811 delay 0.0309579 power 3.30682e-05
I0313 15:30:58.206066 469520 lm_feature_timing.cpp:80] node dpath/sub/n22:801489 resistance 8.56 cap 0.00208917 slew 0.023974 delay 0.01796 power 1.69223e-05
I0313 15:30:58.151958 469534 lm_feature_timing.cpp:80] node ctrl/U12:ZN resistance 0 cap 0.00139018 slew 0.015546 delay 0 power 3.36802e-05
I0313 15:30:58.206099 469568 lm_feature_timing.cpp:80] node ctrl/next_state__0[0]:1138877 resistance 20.972 cap 0.000683648 slew 0.029224 delay 0.0164478 power 6.09727e-05
I0313 15:30:58.154398 469446 lm_feature_timing.cpp:80] node dpath/b_mux_out[14]:816313 resistance 1.284 cap 0.000875695 slew 0.01702 delay 0.001145 power 0.00014007
I0313 15:30:58.152084 469489 lm_feature_timing.cpp:80] node dpath/a_lt_b/n8:386611 resistance 47.08 cap 0.000616441 slew 0.053906 delay 0.050494 power 9.93759e-06
I0313 15:30:58.206168 469568 lm_feature_timing.cpp:80] node ctrl/next_state__0[0]:785241 resistance 22.684 cap 0.000552876 slew 0.029224 delay 0.0173944 power 4.93095e-05
I0313 15:30:58.154418 469507 lm_feature_timing.cpp:80] node ctrl_a_mux_sel[0]:792063 resistance 47.508 cap 0.00131863 slew 0.0481361 delay 0.095617 power 4.26274e-05
I0313 15:30:58.154417 469514 lm_feature_timing.cpp:80] node dpath/a_mux/n7:732643 resistance 0 cap 0.000897838 slew 0.036128 delay 0 power 5.12018e-05
I0313 15:30:58.154431 469449 lm_feature_timing.cpp:80] node dpath/a_reg/n15:507915 resistance 62.916 cap 0.00058826 slew 0.0226471 delay 0.0760471 power 3.84954e-05
I0313 15:30:58.154436 469457 lm_feature_timing.cpp:80] node dpath/b_reg_out[3]:1475115 resistance 9.844 cap 0.0013692 slew 0.0411981 delay 0.0434776 power 0.000175517
I0313 15:30:58.152114 469437 lm_feature_timing.cpp:80] node dpath/a_lt_b/n16:424345 resistance 8.56 cap 0.000611371 slew 0.024183 delay 0.00569383 power 9.9042e-06
I0313 15:30:58.149314 469585 lm_feature_timing.cpp:80] node dpath/a_lt_b/n30:492083 resistance 33.812 cap 0.00136782 slew 0.0375951 delay 0.0574258 power 3.40464e-05
I0313 15:30:58.152161 469439 lm_feature_timing.cpp:80] node dpath/b_mux_out[2]:409931 resistance 34.24 cap 0.00060671 slew 0.019314 delay 0.0323978 power 7.20759e-05
I0313 15:30:58.149366 469566 lm_feature_timing.cpp:80] node dpath/b_mux_out[3]:417537 resistance 14.98 cap 0.000611213 slew 0.016915 delay 0.0109079 power 7.33308e-05
I0313 15:30:58.206364 469437 lm_feature_timing.cpp:80] node dpath/a_lt_b/U23:ZN resistance 0 cap 0.000754085 slew 0.024183 delay 0 power 1.22162e-05
I0313 15:30:58.154506 469542 lm_feature_timing.cpp:80] node dpath/a_lt_b/U31:A2 resistance 35.952 cap 0.000596981 slew 0.0469444 delay 0.185719 power 7.74184e-05
I0313 15:30:58.206422 469439 lm_feature_timing.cpp:80] node dpath/b_mux_out[2]:409934 resistance 35.524 cap 0.000590657 slew 0.019314 delay 0.0331562 power 7.01688e-05
I0313 15:30:58.206414 469457 lm_feature_timing.cpp:80] node dpath/b_reg_out[3]:1123149 resistance 7.276 cap 0.00540554 slew 0.0411981 delay 0.0398886 power 0.000692934
I0313 15:30:58.154527 469505 lm_feature_timing.cpp:80] node ctrl_b_mux_sel_0_:1164929 resistance 39.376 cap 0.0167777 slew 0.0310423 delay 0.700134 power 0.00163225
I0313 15:30:58.154580 469444 lm_feature_timing.cpp:137] net dpath/a_reg/n11 resistance 29.96 cap 0.000867031 slew 0.00282752 delay 0.0107196 power 5.14605e-08
I0313 15:30:58.154618 469508 lm_feature_timing.cpp:80] node dpath/a_mux/U5:A1 resistance 24.824 cap 0.0106929 slew 0.0264742 delay 0.28075 power 0.00034567
I0313 15:30:58.206511 469439 lm_feature_timing.cpp:80] node dpath/b_mux_out[2]:761891 resistance 34.24 cap 0.00060671 slew 0.019314 delay 0.0323978 power 7.20759e-05
I0313 15:30:58.206526 469505 lm_feature_timing.cpp:80] node ctrl_b_mux_sel_0_:1164909 resistance 30.816 cap 0.0168636 slew 0.0310351 delay 0.556517 power 0.00164061
I0313 15:30:58.152343 469510 lm_feature_timing.cpp:80] node dpath/a_reg/n1:479387 resistance 0 cap 0.000759415 slew 0.011477 delay 0 power 8.38235e-05
I0313 15:30:58.201903 469498 lm_feature_timing.cpp:80] node dpath/sub/n18:490421 resistance 2.568 cap 0.00228238 slew 0.024076 delay 0.00586116 power 1.84873e-05
I0313 15:30:58.206588 469505 lm_feature_timing.cpp:80] node ctrl_b_mux_sel_0_:1164929 resistance 39.376 cap 0.0167777 slew 0.0310423 delay 0.700134 power 0.00163225
I0313 15:30:58.206588 469508 lm_feature_timing.cpp:80] node dpath/a_mux/FE_OFN3_ctrl_a_mux_sel_1:441803 resistance 16.692 cap 0.0107747 slew 0.0264728 delay 0.193796 power 0.000348315
I0313 15:30:58.149552 469543 lm_feature_timing.cpp:80] node dpath/b_reg_out[4]:379051 resistance 66.768 cap 0.00062783 slew 0.0371373 delay 0.175067 power 8.08446e-05
I0313 15:30:58.202021 469549 lm_feature_timing.cpp:80] node dpath/sub/n24:752047 resistance 0.856 cap 0.002254 slew 0.024336 delay 0.00193965 power 1.82574e-05
I0313 15:30:58.202060 469458 lm_feature_timing.cpp:80] node dpath/a_mux_out[2]:381422 resistance 0 cap 0.0008107 slew 0.015615 delay 0 power 7.23214e-05
I0313 15:30:58.206681 469498 lm_feature_timing.cpp:80] node dpath/sub/n18:842381 resistance 2.568 cap 0.002254 slew 0.024076 delay 0.00586116 power 1.82574e-05
I0313 15:30:58.206698 469543 lm_feature_timing.cpp:80] node dpath/b_reg_out[4]:392451 resistance 49.648 cap 0.00177581 slew 0.0371373 delay 0.161818 power 0.000228668
I0313 15:30:58.152446 469559 lm_feature_timing.cpp:80] node dpath/a_mux/n9:434342 resistance 8.988 cap 0.000818555 slew 0.037386 delay 0.0081452 power 4.66805e-05
I0313 15:30:58.152473 469494 lm_feature_timing.cpp:80] node dpath/a_lt_b/U32:A2 resistance 27.82 cap 0.000445992 slew 0.0441404 delay 0.146065 power 2.82222e-05
I0313 15:30:58.206749 469458 lm_feature_timing.cpp:80] node dpath/a_mux_out[2]:386464 resistance 11.128 cap 0.00063999 slew 0.015615 delay 0.00766962 power 5.70926e-05
I0313 15:30:58.206768 469559 lm_feature_timing.cpp:80] node dpath/a_mux/n9:434342 resistance 8.988 cap 0.000818555 slew 0.037386 delay 0.0081452 power 4.66805e-05
I0313 15:30:58.202383 469482 lm_feature_timing.cpp:80] node dpath/a_lt_b/n13:389149 resistance 9.416 cap 0.00076055 slew 0.031831 delay 0.00750923 power 2.42673e-05
I0313 15:30:58.206769 469543 lm_feature_timing.cpp:80] node dpath/b_reg_out[4]:744411 resistance 49.648 cap 0.00094321 slew 0.0371373 delay 0.161818 power 0.000121455
I0313 15:30:58.206805 469559 lm_feature_timing.cpp:80] node dpath/a_mux/n9:434356 resistance 14.98 cap 0.000745337 slew 0.037386 delay 0.0126113 power 4.2505e-05
I0313 15:30:58.149626 469575 lm_feature_timing.cpp:80] node dpath/a_lt_b/U23:B2 resistance 35.096 cap 0.000718455 slew 0.0405131 delay 0.0937418 power 9.37535e-05
I0313 15:30:58.206825 469458 lm_feature_timing.cpp:80] node dpath/a_mux_out[2]:384777 resistance 4.708 cap 0.000705376 slew 0.015615 delay 0.00356088 power 6.29256e-05
I0313 15:30:58.202497 469317 lm_feature_timing.cpp:80] node dpath/a_lt_b/U19:I resistance 32.956 cap 0.000599444 slew 0.0373513 delay 0.129794 power 7.78789e-05
I0313 15:30:58.206912 469575 lm_feature_timing.cpp:80] node dpath/b_reg_out[7]:426010 resistance 21.4 cap 0.00269977 slew 0.0405131 delay 0.0797734 power 0.000352302
I0313 15:30:58.152549 469471 lm_feature_timing.cpp:80] node dpath/b_reg/n4:759401 resistance 2.14 cap 0.000769147 slew 0.01652 delay 0.00169792 power 9.81437e-05
I0313 15:30:58.152638 469453 lm_feature_timing.cpp:80] node dpath/b_reg/n3:761863 resistance 1.284 cap 0.000752703 slew 0.016325 delay 0.000987083 power 9.55725e-05
I0313 15:30:58.147387 469578 lm_feature_timing.cpp:137] net dpath/b_reg/n13 resistance 59.064 cap 0.00114658 slew 0.0126113 delay 0.0251574 power 1.19502e-07
I0313 15:30:58.206988 469317 lm_feature_timing.cpp:80] node dpath/b_reg_out[6]:417627 resistance 32.956 cap 0.000599444 slew 0.0373513 delay 0.129794 power 7.78789e-05
I0313 15:30:58.206995 469453 lm_feature_timing.cpp:137] net dpath/b_reg/n3 resistance 21.4 cap 0.00078481 slew 0.0014631 delay 0.00718789 power 8.07158e-08
I0313 15:30:58.207041 469578 lm_feature_timing.cpp:125] build net dpath/sub/n34 feature 
I0313 15:30:58.152633 469496 lm_feature_timing.cpp:80] node dpath/a_reg/n12:851715 resistance 47.08 cap 0.000590962 slew 0.020481 delay 0.048563 power 1.91472e-07
I0313 15:30:58.202767 469518 lm_feature_timing.cpp:80] node dpath/sub/U18:CO resistance 0 cap 0.00207928 slew 0.017458 delay 0 power 0.000209139
I0313 15:30:58.202780 469497 lm_feature_timing.cpp:80] node dpath/a_reg_out[0]:737501 resistance 15.408 cap 0.00285615 slew 0.0390441 delay 0.0531471 power 0.000131886
I0313 15:30:58.202805 469464 lm_feature_timing.cpp:80] node dpath/a_mux/n2:792943 resistance 0 cap 0.000716951 slew 0.034079 delay 0 power 4.08862e-05
I0313 15:30:58.202813 469486 lm_feature_timing.cpp:80] node dpath/sub/n26:381561 resistance 0.428 cap 0.00217472 slew 0.023797 delay 0.00093078 power 1.76152e-05
I0313 15:30:58.202832 469469 lm_feature_timing.cpp:80] node dpath/a_reg_out[6]:752819 resistance 43.228 cap 0.00074234 slew 0.0449412 delay 0.166897 power 4.92776e-05
I0313 15:30:58.152689 469554 lm_feature_timing.cpp:80] node dpath/b_mux_out[0]:409076 resistance 17.976 cap 0.000615324 slew 0.017178 delay 0.0136144 power 6.97353e-05
I0313 15:30:58.207190 469464 lm_feature_timing.cpp:80] node dpath/a_mux/n2:797971 resistance 5.136 cap 0.000663898 slew 0.034079 delay 0.00340978 power 3.78607e-05
I0313 15:30:58.096129 469579 lm_feature_timing.cpp:80] node dpath/b_reg/n11:843335 resistance 27.82 cap 0.00095219 slew 0.019352 delay 0.027783 power 0.000125348
I0313 15:30:58.203043 469558 lm_feature_timing.cpp:125] build net dpath/sub/n27 feature 
I0313 15:30:58.202984 469580 lm_feature_timing.cpp:80] node dpath/b_reg_out[14]:1169145 resistance 23.54 cap 0.00184601 slew 0.040176 delay 0.053795 power 0.000281899
I0313 15:30:58.203096 469506 lm_feature_timing.cpp:80] node ctrl_a_reg_en_0_:1089727 resistance 280.34 cap 0.00096525 slew 0.0402399 delay 2.56006 power 7.81852e-06
I0313 15:30:58.203044 469526 lm_feature_timing.cpp:80] node dpath/a_mux/n14:400816 resistance 2.996 cap 0.000895883 slew 0.036474 delay 0.00268406 power 5.10903e-05
I0313 15:30:58.203047 469546 lm_feature_timing.cpp:80] node dpath/a_lt_b/n6:389033 resistance 10.7 cap 0.000941727 slew 0.01385 delay 0.0100765 power 1.5256e-05
I0313 15:30:58.203169 469493 lm_feature_timing.cpp:125] build net dpath/sub/n28 feature 
I0313 15:30:58.207347 469580 lm_feature_timing.cpp:80] node dpath/b_reg_out[14]:1169125 resistance 14.98 cap 0.00193195 slew 0.040176 delay 0.0379931 power 0.000295023
I0313 15:30:58.203295 469448 lm_feature_timing.cpp:80] node dpath/a_lt_b/n22:1185231 resistance 5.136 cap 0.000919096 slew 0.047613 delay 0.00499296 power 2.29623e-05
I0313 15:30:58.203356 469452 lm_feature_timing.cpp:80] node dpath/a_reg_out[13]:828893 resistance 38.52 cap 0.00236371 slew 0.0381302 delay 0.144682 power 0.00015468
I0313 15:30:58.207402 469526 lm_feature_timing.cpp:80] node dpath/a_mux/n14:399978 resistance 3.852 cap 0.000851443 slew 0.036474 delay 0.0034129 power 4.8556e-05
I0313 15:30:58.203540 469483 lm_feature_timing.cpp:80] node dpath/b_reg_out[11]:792111 resistance 81.748 cap 0.000665979 slew 0.0414827 delay 0.274394 power 8.56929e-05
I0313 15:30:58.207465 469448 lm_feature_timing.cpp:80] node dpath/a_lt_b/n22:833245 resistance 16.264 cap 0.00069788 slew 0.047613 delay 0.0139898 power 1.74355e-05
I0313 15:30:58.207477 469452 lm_feature_timing.cpp:80] node dpath/a_reg_out[13]:831407 resistance 35.952 cap 0.0023921 slew 0.0381302 delay 0.138612 power 0.000156537
I0313 15:30:58.203617 469552 lm_feature_timing.cpp:80] node dpath/b_reg_out[10]:845807 resistance 0.428 cap 0.00537881 slew 0.039955 delay 0.00230548 power 0.000469225
I0313 15:30:58.153046 469539 lm_feature_timing.cpp:80] node dpath/a_mux/n1:455921 resistance 11.128 cap 0.000602623 slew 0.035457 delay 0.00798141 power 3.43663e-05
I0313 15:30:58.203640 469581 lm_feature_timing.cpp:80] node dpath/b_reg/n16:461885 resistance 1.284 cap 0.000883866 slew 0.01706 delay 0.00113488 power 0.000134973
I0313 15:30:58.207551 469483 lm_feature_timing.cpp:80] node dpath/b_reg_out[11]:799653 resistance 74.044 cap 0.00177275 slew 0.0414827 delay 0.269263 power 0.000228103
I0313 15:30:58.153028 469481 lm_feature_timing.cpp:80] node dpath/a_reg_out[9]:487172 resistance 53.5 cap 0.000585985 slew 0.0459835 delay 0.216218 power 4.2938e-05
I0313 15:30:58.153092 469519 lm_feature_timing.cpp:80] node dpath/a_mux/FE_OFN5_n18:1142451 resistance 45.796 cap 0.00150984 slew 0.0317631 delay 0.418086 power 9.76177e-05
I0313 15:30:58.207616 469581 lm_feature_timing.cpp:80] node dpath/b_reg/U4:Z resistance 0 cap 0.00089992 slew 0.01706 delay 0 power 0.000137424
I0313 15:30:58.207619 469493 lm_feature_timing.cpp:80] node dpath/sub/n28:452739 resistance 9.844 cap 0.00218822 slew 0.026092 delay 0.0225178 power 1.77246e-05
I0313 15:30:58.207624 469552 lm_feature_timing.cpp:80] node dpath/b_reg_out[10]:493846 resistance 0 cap 0.00539447 slew 0.039955 delay 0 power 0.000470591
I0313 15:30:58.203951 469490 lm_feature_timing.cpp:80] node dpath/a_reg_out[2]:1076153 resistance 42.372 cap 0.00375161 slew 0.0429064 delay 0.204394 power 0.000214253
