I0312 12:32:40.535249 2599883 lm_feature_timing.cpp:80] node dpath/b_reg/n14:852445 resistance 43.228 cap 0.000905204 slew 0.020042 delay 0.0425672 power 0.000123653
I0312 12:32:40.539898 2599781 lm_feature_timing.cpp:80] node dpath/a_lt_b/n32:834755 resistance 7.704 cap 0.000662555 slew 0.020978 delay 0.0113259 power 5.3667e-06
I0312 12:31:40.540357 2591690 lm_feature_timing.cpp:80] node dpath/CTS_1:769623 resistance 14.552 cap 0.0106381 slew 0.000463991 delay 0.161141 power 0.00344674
I0312 12:32:40.535364 2599831 lm_feature_timing.cpp:80] node dpath/b_mux_out[13]:469434 resistance 20.544 cap 0.000713989 slew 0.017469 delay 0.0160051 power 9.88138e-05
I0312 12:31:40.540400 2599797 lm_feature_timing.cpp:80] node dpath/a_reg_out[15]:802871 resistance 23.112 cap 0.000818215 slew 0.027745 delay 0.0435509 power 8.28076e-05
I0312 12:32:40.539994 2599781 lm_feature_timing.cpp:80] node dpath/a_lt_b/U2:ZN resistance 0 cap 0.00164057 slew 0.020978 delay 0 power 1.32886e-05
I0312 12:31:40.540555 2599790 lm_feature_timing.cpp:80] node dpath/a_reg/out_reg_3_:CP resistance 100.152 cap 0.000418247 slew 0.00031565 delay 0.361178 power 0.000135512
I0312 12:32:40.535734 2599840 lm_feature_timing.cpp:80] node dpath/a_lt_b/n30:492077 resistance 36.38 cap 0.00133943 slew 0.0375951 delay 0.0608655 power 2.83284e-05
I0312 12:32:40.540050 2599831 lm_feature_timing.cpp:80] node dpath/b_mux_out[13]:467729 resistance 6.42 cap 0.000853375 slew 0.017469 delay 0.00592073 power 0.000118104
I0312 12:32:40.540067 2599781 lm_feature_timing.cpp:80] node dpath/a_lt_b/n32:475253 resistance 0 cap 0.00164057 slew 0.020978 delay 0 power 1.32886e-05
I0312 12:31:40.529587 2599791 lm_feature_timing.cpp:80] node dpath/b_mux/U12:B1 resistance 56.068 cap 0.000671781 slew 0.0393865 delay 0.218376 power 0
I0312 12:32:40.535965 2599830 lm_feature_timing.cpp:80] node dpath/b_zero/n4:1137363 resistance 23.112 cap 0.0010543 slew 0.016176 delay 0.0273194 power 3.41594e-05
I0312 12:32:40.535974 2599900 lm_feature_timing.cpp:80] node dpath/a_mux_out[0]:1086113 resistance 10.7 cap 0.000750207 slew 0.016457 delay 0.00846132 power 5.01201e-05
I0312 12:32:40.536015 2599912 lm_feature_timing.cpp:80] node ctrl/state/n1:776021 resistance 16.692 cap 0.00151375 slew 2.72699e-05 delay 0.0259137 power 1.22614e-05
I0312 12:32:40.536037 2599891 lm_feature_timing.cpp:80] node dpath/sub/n27:804677 resistance 15.408 cap 0.0014224 slew 0.01595 delay 0.024254 power 0.000420017
I0312 12:31:40.540683 2599869 lm_feature_timing.cpp:137] net dpath/a_lt_b/n5 resistance 3.424 cap 0.000639636 slew 3.72857e-05 delay 0.00106053 power 6.55726e-09
I0312 12:32:40.536057 2599862 lm_feature_timing.cpp:80] node dpath/a_mux_out[11]:799663 resistance 7.276 cap 0.00117326 slew 0.018599 delay 0.00907218 power 0.000185876
I0312 12:32:40.540287 2599912 lm_feature_timing.cpp:80] node ctrl/state/n1:784401 resistance 25.252 cap 0.000648517 slew 2.77717e-05 delay 0.0314651 power 5.25299e-06
I0312 12:31:40.537755 2599908 lm_feature_timing.cpp:80] node dpath/b_reg/n11:491375 resistance 27.82 cap 0.000726472 slew 0.019352 delay 0.027783 power 9.53757e-05
I0312 12:32:40.540339 2599869 lm_feature_timing.cpp:125] build net dpath/sub/n34 feature 
I0312 12:32:40.536121 2599857 lm_feature_timing.cpp:80] node dpath/a_lt_b/n15:417653 resistance 11.556 cap 0.000591195 slew 0.021785 delay 0.0100029 power 4.78868e-06
I0312 12:32:40.536127 2599776 lm_feature_timing.cpp:137] net dpath/a_mux/n12 resistance 11.984 cap 0.000716951 slew 0.000243115 delay 0.00392244 power 3.28495e-08
I0312 12:32:40.536160 2599848 lm_feature_timing.cpp:125] build net dpath/sub/n28 feature 
I0312 12:31:40.537146 2599769 lm_feature_timing.cpp:80] node dpath/a_lt_b/n34:469376 resistance 0 cap 0.00109012 slew 0.019827 delay 0 power 8.82995e-06
I0312 12:32:40.540454 2599776 lm_feature_timing.cpp:125] build net dpath/sub/n35 feature 
I0312 12:32:40.536257 2599846 lm_feature_timing.cpp:80] node dpath/a_reg/n18:1436543 resistance 146.376 cap 0.00352011 slew 0.050212 delay 1.07242 power 2.85129e-05
I0312 12:32:40.540485 2599917 lm_feature_timing.cpp:80] node dpath/sub/U13:A resistance 19.26 cap 0.00201145 slew 0.026741 delay 0.0424039 power 1.62927e-05
I0312 12:32:40.540516 2599901 lm_feature_timing.cpp:80] node dpath/sub/n29:806501 resistance 5.136 cap 0.00174667 slew 0.016232 delay 0.0089709 power 0.000304639
I0312 12:32:40.536389 2599800 lm_feature_timing.cpp:80] node dpath/b_mux_out[14]:814637 resistance 2.996 cap 0.00085553 slew 0.01702 delay 0.00260967 power 0.000156716
I0312 12:32:40.536398 2599770 lm_feature_timing.cpp:80] node dpath/sub/n19:1158369 resistance 11.984 cap 0.00138568 slew 0.015164 delay 0.0171305 power 0.000262201
I0312 12:32:40.540550 2599820 lm_feature_timing.cpp:80] node dpath/sub/n24:400087 resistance 0.856 cap 0.00226594 slew 0.024336 delay 0.00193965 power 1.83541e-05
I0312 12:32:40.540592 2599901 lm_feature_timing.cpp:80] node dpath/sub/n29:1158461 resistance 5.136 cap 0.00169362 slew 0.016232 delay 0.0089709 power 0.000295386
I0312 12:32:40.540561 2599836 lm_feature_timing.cpp:80] node dpath/sub/n26:381561 resistance 0.428 cap 0.00217472 slew 0.023797 delay 0.00093078 power 1.76152e-05
I0312 12:32:40.540616 2599800 lm_feature_timing.cpp:80] node dpath/b_mux_out[14]:816313 resistance 1.284 cap 0.000875695 slew 0.01702 delay 0.001145 power 0.00016041
I0312 12:32:40.536492 2599789 lm_feature_timing.cpp:80] node dpath/b_reg/n17:449301 resistance 0.856 cap 0.000698868 slew 0.015991 delay 0.000598231 power 9.66853e-05
I0312 12:31:40.541019 2599866 lm_feature_timing.cpp:80] node dpath/b_reg/U15:Z resistance 0 cap 0.00078481 slew 0.016388 delay 0 power 0.000100325
I0312 12:32:40.536651 2599863 lm_feature_timing.cpp:80] node dpath/a_reg/n15:1212673 resistance 62.06 cap 0.000804974 slew 0.0226471 delay 0.0755333 power 7.7751e-05
I0312 12:32:40.540673 2599820 lm_feature_timing.cpp:80] node dpath/sub/n24:752047 resistance 0.856 cap 0.002254 slew 0.024336 delay 0.00193965 power 1.82574e-05
I0312 12:32:40.540735 2599869 lm_feature_timing.cpp:80] node dpath/sub/n34:384931 resistance 0 cap 0.00197747 slew 0.023554 delay 0 power 1.60175e-05
I0312 12:32:40.540757 2599863 lm_feature_timing.cpp:80] node dpath/a_reg/n15:1212719 resistance 42.372 cap 0.000997803 slew 0.0226471 delay 0.059685 power 9.63761e-05
I0312 12:32:40.536728 2599882 lm_feature_timing.cpp:80] node dpath/sub/n18:490415 resistance 0 cap 0.00231077 slew 0.024076 delay 0 power 1.87172e-05
I0312 12:32:40.536782 2599887 lm_feature_timing.cpp:80] node dpath/b_reg_out[13]:498776 resistance 0 cap 0.00652878 slew 0.046944 delay 0 power 0.000895693
I0312 12:31:40.538110 2599843 lm_feature_timing.cpp:80] node dpath/a_reg/n4:389003 resistance 3.424 cap 0.000855089 slew 0.01709 delay 0.00292782 power 4.85703e-05
I0312 12:32:40.540835 2599863 lm_feature_timing.cpp:80] node dpath/a_reg/U6:Z resistance 0 cap 0.00182668 slew 0.022647 delay 0 power 0.000176435
I0312 12:32:40.536835 2599793 lm_feature_timing.cpp:80] node dpath/sub/n15:1079501 resistance 17.976 cap 0.00154112 slew 0.022514 delay 0.0280115 power 0.000108201
I0312 12:32:40.540863 2599882 lm_feature_timing.cpp:80] node dpath/sub/n18:490421 resistance 2.568 cap 0.00228238 slew 0.024076 delay 0.00586116 power 1.84873e-05
I0312 12:32:40.536881 2599906 lm_feature_timing.cpp:80] node dpath/a_mux_out[6]:754505 resistance 21.828 cap 0.000618653 slew 0.017149 delay 0.0181208 power 6.62802e-05
I0312 12:31:40.541198 2599828 lm_feature_timing.cpp:80] node dpath/a_reg_out[0]:724931 resistance 28.248 cap 0.00196766 slew 0.0390441 delay 0.0784118 power 9.03342e-05
I0312 12:32:40.540905 2599887 lm_feature_timing.cpp:80] node dpath/b_reg_out[13]:498777 resistance 0.428 cap 0.00652095 slew 0.046944 delay 0.00279097 power 0.000894618
I0312 12:32:40.537022 2599784 lm_feature_timing.cpp:80] node dpath/a_mux/FE_OFN3_ctrl_a_mux_sel_1:441803 resistance 16.692 cap 0.0107747 slew 0.0264728 delay 0.193796 power 0.000344995
I0312 12:32:40.540935 2599882 lm_feature_timing.cpp:80] node dpath/sub/n18:834839 resistance 10.272 cap 0.00217628 slew 0.024076 delay 0.0226272 power 1.76279e-05
I0312 12:32:40.537052 2599807 lm_feature_timing.cpp:80] node dpath/a_lt_b/n10:746111 resistance 8.56 cap 0.00164015 slew 0.022374 delay 0.0143467 power 1.32852e-05
I0312 12:32:40.537119 2599925 lm_feature_timing.cpp:80] node dpath/b_reg/U16:Z resistance 0 cap 0.000817698 slew 0.01652 delay 0 power 0.000104048
I0312 12:31:40.538319 2599813 lm_feature_timing.cpp:80] node dpath/a_mux_out[12]:1175069 resistance 29.532 cap 0.000786815 slew 0.018929 delay 0.0317328 power 0.000128608
I0312 12:32:40.541016 2599828 lm_feature_timing.cpp:80] node dpath/a_reg_out[0]:724931 resistance 28.248 cap 0.00196766 slew 0.0390441 delay 0.0784118 power 9.03342e-05
I0312 12:31:40.541288 2599814 lm_feature_timing.cpp:80] node dpath/a_mux/U28:B resistance 14.552 cap 0.000586961 slew 0.035942 delay 0.0106487 power 3.3202e-05
I0312 12:32:40.541050 2599807 lm_feature_timing.cpp:80] node dpath/a_lt_b/n10:1098071 resistance 8.56 cap 0.000834142 slew 0.022374 delay 0.0143467 power 6.75655e-06
I0312 12:32:40.537256 2599861 lm_feature_timing.cpp:80] node dpath/a_reg_out[7]:1129913 resistance 58.636 cap 0.000806273 slew 0.0402571 delay 0.137144 power 5.51261e-05
I0312 12:32:40.537307 2599812 lm_feature_timing.cpp:80] node dpath/a_lt_b/n2:731687 resistance 0 cap 0.000709511 slew 0.023105 delay 0 power 1.14941e-05
I0312 12:32:40.537297 2599808 lm_feature_timing.cpp:80] node dpath/a_reg/n5:377313 resistance 0 cap 0.00111135 slew 0.018395 delay 0 power 6.57447e-05
I0312 12:31:40.538460 2599825 lm_feature_timing.cpp:80] node dpath/a_lt_b/n23:486323 resistance 1.712 cap 0.000797725 slew 0.024902 delay 0.00136571 power 1.29231e-05
I0312 12:32:40.537344 2599834 lm_feature_timing.cpp:80] node dpath/a_mux_out[4]:721783 resistance 10.272 cap 0.00127036 slew 0.019269 delay 0.0141008 power 0.00012441
I0312 12:32:40.537377 2599909 lm_feature_timing.cpp:80] node dpath/sub/n21:799807 resistance 17.976 cap 0.00148434 slew 0.015835 delay 0.0266826 power 0.000236903
I0312 12:31:40.530941 2599838 lm_feature_timing.cpp:137] net dpath/a_mux/n18 resistance 2.568 cap 0.00064193 slew 1.77579e-05 delay 0.000803626 power 3.32974e-08
I0312 12:32:40.543962 2599834 lm_feature_timing.cpp:80] node dpath/a_mux_out[4]:727649 resistance 16.264 cap 0.00120908 slew 0.019269 delay 0.0213456 power 0.000118409
I0312 12:32:40.537504 2599884 lm_feature_timing.cpp:80] node dpath/a_mux/n17:792959 resistance 0 cap 0.00074984 slew 0.034452 delay 0 power 6.0737e-06
I0312 12:32:40.544011 2599909 lm_feature_timing.cpp:80] node dpath/sub/U15:CO resistance 0 cap 0.00166073 slew 0.015835 delay 0 power 0.000265054
I0312 12:32:40.537531 2599841 lm_feature_timing.cpp:80] node dpath/a_reg/n1:479387 resistance 0 cap 0.000759415 slew 0.011477 delay 0 power 0.000131223
I0312 12:32:40.537545 2599864 lm_feature_timing.cpp:80] node dpath/a_lt_b/n1:729183 resistance 5.136 cap 0.000836275 slew 0.017306 delay 0.00456759 power 6.77383e-06
I0312 12:32:40.544060 2599834 lm_feature_timing.cpp:80] node dpath/a_mux_out[4]:369823 resistance 10.272 cap 0.00137274 slew 0.019269 delay 0.0141008 power 0.000134437
I0312 12:32:40.537737 2599798 lm_feature_timing.cpp:80] node dpath/b_mux/n1:791351 resistance 13.696 cap 0.000696028 slew 0.0427543 delay 0.191945 power 6.76042e-05
I0312 12:32:40.544102 2599864 lm_feature_timing.cpp:137] net dpath/a_lt_b/n1 resistance 26.536 cap 0.00094238 slew 0.00254858 delay 0.010655 power 5.98575e-09
I0312 12:32:40.544116 2599841 lm_feature_timing.cpp:80] node dpath/a_reg/n1:479377 resistance 4.28 cap 0.000714584 slew 0.011477 delay 0.00305842 power 0.000123476
I0312 12:32:40.537891 2599874 lm_feature_timing.cpp:80] node dpath/b_mux_out[5]:389096 resistance 0 cap 0.00109025 slew 0.018108 delay 0 power 0.000133
I0312 12:32:40.537880 2599871 lm_feature_timing.cpp:80] node dpath/b_reg/n3:768561 resistance 10.7 cap 0.00065854 slew 0.016325 delay 0.00718789 power 8.33819e-05
I0312 12:32:40.544174 2599864 lm_feature_timing.cpp:125] build net dpath/sub/n37 feature 
I0312 12:32:40.544173 2599798 lm_feature_timing.cpp:80] node dpath/b_mux/n1:788837 resistance 11.128 cap 0.000724415 slew 0.0427543 delay 0.190158 power 7.03613e-05
I0312 12:32:40.537956 2599779 lm_feature_timing.cpp:80] node dpath/b_reg_out[0]:763587 resistance 39.376 cap 0.000803373 slew 0.0405594 delay 0.141174 power 0.000100037
I0312 12:31:40.541673 2599893 lm_feature_timing.cpp:80] node dpath/a_mux_out[2]:381425 resistance 1.284 cap 0.000794646 slew 0.015615 delay 0.00102033 power 7.03996e-05
I0312 12:32:40.544216 2599874 lm_feature_timing.cpp:80] node dpath/b_mux_out[5]:389085 resistance 4.708 cap 0.00104131 slew 0.018108 delay 0.00490249 power 0.000127029
I0312 12:32:40.538110 2599888 lm_feature_timing.cpp:80] node dpath/b_reg/FE_OFN2_ctrl_b_reg_en_0:818181 resistance 125.404 cap 0.00152096 slew 0.0278504 delay 0.724888 power 0.000114891
I0312 12:32:40.544246 2599871 lm_feature_timing.cpp:80] node dpath/b_reg/n3:761863 resistance 1.284 cap 0.000752703 slew 0.016325 delay 0.000987083 power 9.53046e-05
I0312 12:31:40.538913 2599892 lm_feature_timing.cpp:80] node dpath/a_lt_b/n27:487102 resistance 0 cap 0.00123265 slew 0.01901 delay 0 power 9.98451e-06
I0312 12:32:40.544278 2599779 lm_feature_timing.cpp:80] node dpath/b_reg_out[0]:760209 resistance 24.824 cap 0.000659839 slew 0.0405594 delay 0.127845 power 8.21643e-05
I0312 12:32:40.538184 2599822 lm_feature_timing.cpp:80] node dpath/a_reg_out[8]:437719 resistance 66.34 cap 0.000764771 slew 0.0475416 delay 0.256271 power 5.40458e-05
I0312 12:31:40.538969 2599810 lm_feature_timing.cpp:80] node dpath/a_mux_out[9]:829937 resistance 72.332 cap 0.000619435 slew 0.0222031 delay 0.0933752 power 7.49039e-05
I0312 12:32:40.538224 2599778 lm_feature_timing.cpp:80] node dpath/a_lt_b/n12:394981 resistance 3.852 cap 0.00158935 slew 0.020683 delay 0.00612218 power 1.28737e-05
I0312 12:31:40.541927 2599914 lm_feature_timing.cpp:80] node dpath/b_mux_out[6]:769555 resistance 14.124 cap 0.00072554 slew 0.016905 delay 0.0103088 power 8.93426e-05
I0312 12:32:40.544361 2599892 lm_feature_timing.cpp:80] node dpath/a_lt_b/n27:484601 resistance 8.132 cap 0.00115082 slew 0.01901 delay 0.00935851 power 9.32168e-06
I0312 12:32:40.538322 2599805 lm_feature_timing.cpp:80] node ctrl_b_mux_sel_0_:1164929 resistance 39.376 cap 0.0167777 slew 0.0310423 delay 0.700134 power 0.00162959
I0312 12:32:40.538339 2599829 lm_feature_timing.cpp:80] node ctrl/n2:446763 resistance 8.56 cap 0.000710375 slew 0.023799 delay 0.00787645 power 5.75404e-06
I0312 12:32:40.538343 2599819 lm_feature_timing.cpp:80] node dpath/b_mux/U5:B1 resistance 26.108 cap 0.000659839 slew 0.0423961 delay 0.0692912 power 3.90345e-05
I0312 12:32:40.538347 2599910 lm_feature_timing.cpp:80] node dpath/b_reg/U11:Z resistance 0 cap 0.00083336 slew 0.016665 delay 0 power 0.000108451
I0312 12:32:40.544517 2599805 lm_feature_timing.cpp:80] node ctrl_b_mux_sel_0_:378829 resistance 321.856 cap 0.000634259 slew 0.0310982 delay 2.98852 power 6.16046e-05
I0312 12:32:40.538386 2599850 lm_feature_timing.cpp:125] build net dpath/sub/n32 feature 
I0312 12:31:40.542043 2599796 lm_feature_timing.cpp:80] node dpath/a_reg/n13:479575 resistance 5.136 cap 0.0012153 slew 0.019329 delay 0.00624177 power 0.000111466
I0312 12:32:40.538507 2599905 lm_feature_timing.cpp:80] node dpath/a_mux_out[7]:1139151 resistance 20.972 cap 0.000774091 slew 0.017289 delay 0.0186959 power 8.6491e-05
I0312 12:32:40.538516 2599817 lm_feature_timing.cpp:80] node dpath/a_mux/n5:733293 resistance 5.564 cap 0.000676622 slew 0.035087 delay 0.00410826 power 3.82737e-05
I0312 12:31:40.542078 2599795 lm_feature_timing.cpp:80] node dpath/b_zero/n1:411659 resistance 4.28 cap 0.0015702 slew 0.017815 delay 0.00672046 power 5.08745e-05
I0312 12:32:40.544596 2599819 lm_feature_timing.cpp:80] node dpath/a_reg_out[3]:755247 resistance 26.108 cap 0.000795113 slew 0.0423961 delay 0.0692912 power 4.7037e-05
I0312 12:32:40.538650 2599768 lm_feature_timing.cpp:80] node dpath/sub/n31:784723 resistance 44.512 cap 0.00173923 slew 0.0249811 delay 0.0774167 power 0.000251823
I0312 12:32:40.538638 2599816 lm_feature_timing.cpp:80] node dpath/a_lt_b/n26:483765 resistance 7.276 cap 0.000701371 slew 0.022504 delay 0.00510318 power 1.69458e-05
I0312 12:32:40.544646 2599910 lm_feature_timing.cpp:80] node dpath/b_reg/n9:422655 resistance 0 cap 0.00083336 slew 0.016665 delay 0 power 0.000108451
I0312 12:32:40.538703 2599922 lm_feature_timing.cpp:80] node dpath/a_lt_b/n29:837307 resistance 9.844 cap 0.000794902 slew 0.020196 delay 0.00879243 power 6.43871e-06
I0312 12:32:40.544694 2599795 lm_feature_timing.cpp:80] node dpath/b_zero/U5:A4 resistance 28.248 cap 0.00105749 slew 0.017815 delay 0.0376735 power 3.42627e-05
I0312 12:32:40.538686 2599804 lm_feature_timing.cpp:80] node dpath/a_mux/n2:792943 resistance 0 cap 0.000716951 slew 0.034079 delay 0 power 4.0555e-05
I0312 12:31:40.539407 2599851 lm_feature_timing.cpp:80] node dpath/b_zero/n2:434299 resistance 20.116 cap 0.00123075 slew 0.01787 delay 0.0287672 power 3.98764e-05
I0312 12:32:40.544751 2599922 lm_feature_timing.cpp:80] node dpath/a_lt_b/n29:485347 resistance 9.844 cap 0.000893177 slew 0.020196 delay 0.00879243 power 7.23473e-06
I0312 12:32:40.544762 2599910 lm_feature_timing.cpp:80] node dpath/b_reg/n9:777137 resistance 5.992 cap 0.00070337 slew 0.016665 delay 0.00459449 power 9.15346e-05
I0312 12:32:40.538846 2599898 lm_feature_timing.cpp:80] node dpath/b_reg/n7:410052 resistance 0 cap 0.000998585 slew 0.017663 delay 0 power 0.000128805
I0312 12:32:40.544804 2599922 lm_feature_timing.cpp:80] node dpath/a_lt_b/n29:484488 resistance 0 cap 0.000991451 slew 0.020196 delay 0 power 8.03076e-06
I0312 12:32:40.538843 2599815 lm_feature_timing.cpp:80] node dpath/a_lt_b/n4:735191 resistance 10.7 cap 0.000661477 slew 0.021374 delay 0.00825553 power 5.35797e-06
I0312 12:32:40.544831 2599922 lm_feature_timing.cpp:137] net dpath/a_lt_b/n29 resistance 31.672 cap 0.000991451 slew 0.00363679 delay 0.0131883 power 6.50491e-09
I0312 12:32:40.544838 2599910 lm_feature_timing.cpp:80] node dpath/b_reg/n9:1129097 resistance 5.992 cap 0.000748201 slew 0.016665 delay 0.00459449 power 9.73688e-05
I0312 12:32:40.538909 2599849 lm_feature_timing.cpp:80] node dpath/a_lt_b/n19:460373 resistance 3.852 cap 0.0010249 slew 0.017501 delay 0.00394793 power 1.73676e-05
I0312 12:32:40.544900 2599815 lm_feature_timing.cpp:80] node dpath/a_lt_b/n4:1087151 resistance 10.7 cap 0.000730974 slew 0.021374 delay 0.00825553 power 5.92089e-06
I0312 12:31:40.542395 2599806 lm_feature_timing.cpp:80] node dpath/a_reg/n19:860933 resistance 2.996 cap 0.000965357 slew 9.02853e-06 delay 0.00298957 power 0
I0312 12:32:40.538955 2599780 lm_feature_timing.cpp:80] node dpath/a_reg_out[11]:484587 resistance 15.836 cap 0.000615106 slew 0.0394352 delay 0.0818917 power 5.64169e-05
I0312 12:32:40.538969 2599852 lm_feature_timing.cpp:80] node dpath/b_reg_out[10]:493846 resistance 0 cap 0.00539447 slew 0.039955 delay 0 power 0.00046938
I0312 12:31:40.539681 2599783 lm_feature_timing.cpp:80] node dpath/a_reg/n12:1201161 resistance 44.512 cap 0.00077929 slew 0.020481 delay 0.0470454 power 6.31225e-06
I0312 12:32:40.539002 2599837 lm_feature_timing.cpp:80] node dpath/a_reg_out[12]:818887 resistance 51.788 cap 0.000733056 slew 0.0441404 delay 0.190922 power 6.90775e-05
I0312 12:32:40.545017 2599806 lm_feature_timing.cpp:80] node dpath/a_reg/out_reg_10_:D resistance 23.968 cap 0.000585765 slew 1.70747e-05 delay 0.0187254 power 0
I0312 12:32:40.545028 2599852 lm_feature_timing.cpp:80] node dpath/b_reg_out[10]:493847 resistance 0.428 cap 0.00538664 slew 0.039955 delay 0.00230548 power 0.000468698
I0312 12:32:40.539098 2599913 lm_feature_timing.cpp:80] node dpath/a_reg_out[5]:388263 resistance 65.484 cap 0.000761443 slew 0.0410005 delay 0.235027 power 4.85606e-05
I0312 12:32:40.539165 2599904 lm_feature_timing.cpp:80] node dpath/a_lt_b/n8:1090431 resistance 0.856 cap 0.00151187 slew 0.053906 delay 0.00130439 power 2.43727e-05
I0312 12:32:40.545080 2599837 lm_feature_timing.cpp:80] node dpath/a_reg_out[12]:1170847 resistance 51.788 cap 0.000744998 slew 0.0441404 delay 0.190922 power 7.02028e-05
I0312 12:32:40.545092 2599806 lm_feature_timing.cpp:80] node dpath/a_reg/n19:498930 resistance 18.832 cap 0.000675426 slew 1.68076e-05 delay 0.0157169 power 0
I0312 12:32:40.545099 2599852 lm_feature_timing.cpp:80] node dpath/b_reg_out[10]:440167 resistance 77.468 cap 0.00058826 slew 0.0399553 delay 0.202262 power 5.11853e-05
I0312 12:32:40.539386 2599886 lm_feature_timing.cpp:80] node dpath/a_mux/n1:807881 resistance 11.128 cap 0.00067212 slew 0.035457 delay 0.00798141 power 3.80191e-05
I0312 12:31:40.539956 2599785 lm_feature_timing.cpp:80] node dpath/b_reg_out[15]:448489 resistance 8.56 cap 0.000472907 slew 0.0432431 delay 0.0228523 power 6.54246e-05
I0312 12:32:40.545154 2599904 lm_feature_timing.cpp:80] node dpath/a_lt_b/n8:1090531 resistance 47.08 cap 0.00106416 slew 0.053906 delay 0.050494 power 1.71552e-05
I0312 12:31:40.539996 2599839 lm_feature_timing.cpp:80] node ctrl/state_out[1]:783633 resistance 26.964 cap 0.000674383 slew 0.029421 delay 0.0559544 power 5.4625e-06
I0312 12:32:40.539477 2599915 lm_feature_timing.cpp:80] node ctrl/state_out[0]:1123005 resistance 17.976 cap 0.00603299 slew 0.0498892 delay 0.110607 power 0.000537108
I0312 12:32:40.534363 2599873 lm_feature_timing.cpp:80] node dpath/b_mux_out[1]:394802 resistance 0 cap 0.000901143 slew 0.017 delay 0 power 0.000105656
I0312 12:32:40.545233 2599785 lm_feature_timing.cpp:80] node dpath/b_reg_out[15]:448487 resistance 7.704 cap 0.000484849 slew 0.0432431 delay 0.0224475 power 6.70768e-05
I0312 12:31:40.540073 2599920 lm_feature_timing.cpp:80] node dpath/b_reg/n1:467901 resistance 18.404 cap 0.000798023 slew 0.041398 delay 0.0294521 power 6.02817e-05
I0312 12:32:40.545262 2599839 lm_feature_timing.cpp:80] node ctrl/state_out[1]:778605 resistance 21.828 cap 0.000727436 slew 0.029421 delay 0.0524907 power 5.89223e-06
I0312 12:32:40.534453 2599923 lm_feature_timing.cpp:80] node ctrl_a_mux_sel[0]:792063 resistance 47.508 cap 0.00131863 slew 0.0481361 delay 0.095617 power 4.22211e-05
I0312 12:32:40.539573 2599772 lm_feature_timing.cpp:80] node dpath/a_reg/out_reg_1_:Q resistance 0 cap 0.00576093 slew 0.042091 delay 0 power 0.000312751
I0312 12:32:40.545343 2599920 lm_feature_timing.cpp:80] node dpath/b_reg/n1:762017 resistance 204.156 cap 0.00260511 slew 0.0414223 delay 1.70175 power 0.000196787
I0312 12:32:40.539588 2599890 lm_feature_timing.cpp:80] node dpath/a_reg/U13:A1 resistance 269.212 cap 0.000625986 slew 0.0402399 delay 2.53901 power 5.07049e-06
I0312 12:32:40.539614 2599867 lm_feature_timing.cpp:80] node dpath/b_mux_out[0]:394828 resistance 0 cap 0.000942254 slew 0.017178 delay 0 power 0.000106529
I0312 12:31:40.540153 2599771 lm_feature_timing.cpp:80] node dpath/b_reg_out[9]:440253 resistance 80.892 cap 0.000611386 slew 0.043787 delay 0.301554 power 8.02665e-05
I0312 12:32:40.545418 2599920 lm_feature_timing.cpp:80] node dpath/b_reg/n1:1113977 resistance 204.156 cap 0.00283905 slew 0.0414223 delay 1.70175 power 0.000214458
I0312 12:32:40.534627 2599833 lm_feature_timing.cpp:80] node dpath/a_mux/n10:445999 resistance 18.832 cap 0.000672902 slew 0.037124 delay 0.0147403 power 3.80633e-05
I0312 12:32:40.539723 2599787 lm_feature_timing.cpp:80] node dpath/b_reg_out[3]:1123149 resistance 7.276 cap 0.00540554 slew 0.0411981 delay 0.0398886 power 0.00069101
I0312 12:32:40.534871 2599885 lm_feature_timing.cpp:80] node dpath/a_reg_out[9]:487172 resistance 53.5 cap 0.000585985 slew 0.0459835 delay 0.216218 power 4.27575e-05
I0312 12:32:40.545482 2599867 lm_feature_timing.cpp:80] node dpath/b_reg/U18:A2 resistance 17.976 cap 0.000574604 slew 0.017178 delay 0.0136144 power 6.49632e-05
I0312 12:32:40.534953 2599899 lm_feature_timing.cpp:80] node dpath/a_reg_out[13]:1172473 resistance 47.08 cap 0.000765945 slew 0.0381302 delay 0.15853 power 7.39813e-05
I0312 12:31:40.537065 2599809 lm_feature_timing.cpp:80] node dpath/a_lt_b/n17:422667 resistance 29.104 cap 0.00057716 slew 0.02546 delay 0.024659 power 2.33025e-05
I0312 12:32:40.539820 2599895 lm_feature_timing.cpp:80] node ctrl/next_state__0[0]:432486 resistance 0 cap 0.000998246 slew 0.029224 delay 0 power 8.88723e-05
I0312 12:32:40.545559 2599867 lm_feature_timing.cpp:80] node dpath/b_mux_out[0]:409076 resistance 17.976 cap 0.000615324 slew 0.017178 delay 0.0136144 power 6.95669e-05
I0312 12:32:40.539836 2599802 lm_feature_timing.cpp:80] node dpath/b_reg_out[5]:1092211 resistance 29.104 cap 0.000718895 slew 0.041096 delay 0.0530902 power 9.27288e-05
I0312 12:32:40.545586 2599885 lm_feature_timing.cpp:80] node dpath/a_reg_out[9]:487167 resistance 51.36 cap 0.000610261 slew 0.0459835 delay 0.214964 power 4.45288e-05
I0312 12:32:40.545609 2599809 lm_feature_timing.cpp:80] node dpath/a_lt_b/n17:422663 resistance 27.392 cap 0.000597325 slew 0.02546 delay 0.0236709 power 2.41166e-05
I0312 12:32:40.545630 2599895 lm_feature_timing.cpp:80] node ctrl/state/out_reg_0_:D resistance 22.684 cap 0.000532712 slew 0.029224 delay 0.0173944 power 4.74265e-05
I0312 12:32:40.539867 2599868 lm_feature_timing.cpp:80] node dpath/a_mux/FE_OFN5_n18:446879 resistance 25.252 cap 0.000425821 slew 0.031761 delay 0.249876 power 2.72688e-05
I0312 12:32:40.535260 2599924 lm_feature_timing.cpp:80] node dpath/b_mux/U8:B1 resistance 51.788 cap 0.000659839 slew 0.0449412 delay 0.173325 power 4.35979e-05
I0312 12:32:40.545686 2599809 lm_feature_timing.cpp:80] node dpath/a_lt_b/n17:422667 resistance 29.104 cap 0.00057716 slew 0.02546 delay 0.024659 power 2.33025e-05
I0312 12:32:40.545706 2599895 lm_feature_timing.cpp:80] node ctrl/next_state__0[0]:785241 resistance 22.684 cap 0.000552876 slew 0.029224 delay 0.0173944 power 4.92217e-05
I0312 12:32:40.535737 2599896 lm_feature_timing.cpp:80] node clk:1809301 resistance 68.48 cap 0.0034359 slew 0.000474042 delay 0.377734 power 0.00111323
I0312 12:32:40.545744 2599868 lm_feature_timing.cpp:80] node dpath/a_mux/FE_OFN5_n18:798839 resistance 25.252 cap 0.000437764 slew 0.031761 delay 0.249876 power 2.80335e-05
I0312 12:32:40.545764 2599809 lm_feature_timing.cpp:80] node dpath/a_lt_b/n17:422663 resistance 27.392 cap 0.000597325 slew 0.02546 delay 0.0236709 power 2.41166e-05
I0312 12:32:40.545778 2599895 lm_feature_timing.cpp:80] node ctrl/next_state__0[0]:432469 resistance 7.276 cap 0.000924637 slew 0.029224 delay 0.00672766 power 8.2319e-05
I0312 12:32:40.545817 2599896 lm_feature_timing.cpp:80] node clk:1412927 resistance 23.112 cap 0.00573049 slew 0.000328255 delay 0.137692 power 0.00185668
I0312 12:32:40.540093 2599831 lm_feature_timing.cpp:137] net dpath/b_mux_out[13] resistance 41.088 cap 0.000991587 slew 0.00538354 delay 0.0160051 power 1.09165e-07
I0312 12:32:40.540138 2599781 lm_feature_timing.cpp:80] node dpath/a_lt_b/n32:833917 resistance 6.848 cap 0.00157108 slew 0.020978 delay 0.0107587 power 1.27257e-05
I0312 12:32:40.540125 2599790 lm_feature_timing.cpp:80] node CTS_1:394051 resistance 100.152 cap 0.000418247 slew 0.00031565 delay 0.361178 power 0.000135512
I0312 12:32:40.540145 2599840 lm_feature_timing.cpp:80] node dpath/a_lt_b/n30:494591 resistance 38.948 cap 0.000888946 slew 0.0375951 delay 0.0631483 power 1.88008e-05
I0312 12:32:40.540196 2599794 lm_feature_timing.cpp:80] node dpath/sub/U18:CO resistance 0 cap 0.00207928 slew 0.017458 delay 0 power 0.000208584
I0312 12:32:40.545941 2599781 lm_feature_timing.cpp:80] node dpath/a_lt_b/n32:834755 resistance 7.704 cap 0.000662555 slew 0.020978 delay 0.0113259 power 5.3667e-06
I0312 12:32:40.540247 2599830 lm_feature_timing.cpp:80] node dpath/b_zero/n4:1137339 resistance 12.84 cap 0.00115669 slew 0.016176 delay 0.0164896 power 3.74767e-05
I0312 12:31:40.540813 2599853 lm_feature_timing.cpp:80] node dpath/sub/n13:724133 resistance 14.98 cap 0.00149268 slew 0.017131 delay 0.0229432 power 8.06188e-05
I0312 12:32:40.540292 2599900 lm_feature_timing.cpp:80] node dpath/a_mux_out[0]:1086097 resistance 3.852 cap 0.000819704 slew 0.016457 delay 0.0033239 power 5.47631e-05
I0312 12:32:40.540318 2599891 lm_feature_timing.cpp:80] node dpath/sub/n27:806353 resistance 17.12 cap 0.00140223 slew 0.01595 delay 0.0266546 power 0.000414063
I0312 12:32:40.546013 2599790 lm_feature_timing.cpp:80] node dpath/a_reg/out_reg_2_:CP resistance 98.44 cap 0.000418247 slew 0.00031564 delay 0.360269 power 0.000135512
I0312 12:32:40.540344 2599862 lm_feature_timing.cpp:80] node dpath/a_mux_out[11]:828993 resistance 37.236 cap 0.000881761 slew 0.018599 delay 0.0354897 power 0.000139695
I0312 12:32:40.546072 2599853 lm_feature_timing.cpp:80] node dpath/sub/U20:Z resistance 0 cap 0.00168472 slew 0.017131 delay 0 power 9.09912e-05
I0312 12:32:40.546092 2599900 lm_feature_timing.cpp:80] node dpath/a_mux_out[0]:1086113 resistance 10.7 cap 0.000750207 slew 0.016457 delay 0.00846132 power 5.01201e-05
I0312 12:32:40.546105 2599891 lm_feature_timing.cpp:80] node dpath/sub/n27:804713 resistance 0 cap 0.00172584 slew 0.01595 delay 0 power 0.000509618
I0312 12:32:40.546123 2599790 lm_feature_timing.cpp:80] node CTS_1:402419 resistance 98.44 cap 0.000418247 slew 0.00031564 delay 0.360269 power 0.000135512
I0312 12:32:40.536170 2599777 lm_feature_timing.cpp:80] node dpath/b_zero/n3:784577 resistance 26.536 cap 0.00102062 slew 0.016811 delay 0.0309579 power 3.30682e-05
I0312 12:32:40.536286 2599859 lm_feature_timing.cpp:80] node dpath/a_lt_b/n9:739387 resistance 0 cap 0.00103754 slew 0.031625 delay 0 power 1.68082e-05
I0312 12:32:40.546182 2599891 lm_feature_timing.cpp:80] node dpath/sub/n27:1156673 resistance 0 cap 0.00172584 slew 0.01595 delay 0 power 0.000509618
I0312 12:32:40.546197 2599790 lm_feature_timing.cpp:80] node CTS_1:402419 resistance 98.44 cap 0.000418247 slew 0.00031564 delay 0.360269 power 0.000135512
I0312 12:32:40.540560 2599769 lm_feature_timing.cpp:80] node dpath/a_lt_b/n34:469369 resistance 2.996 cap 0.00105762 slew 0.019827 delay 0.00316863 power 8.56672e-06
I0312 12:32:40.540551 2599856 lm_feature_timing.cpp:80] node dpath/sub/U19:A resistance 17.12 cap 0.00201145 slew 0.02453 delay 0.037436 power 1.62927e-05
I0312 12:32:40.536424 2599907 lm_feature_timing.cpp:137] net dpath/b_mux_out[11] resistance 12.84 cap 0.000705376 slew 0.000497375 delay 0.00410874 power 7.57239e-08
I0312 12:32:40.546257 2599859 lm_feature_timing.cpp:80] node dpath/a_lt_b/n9:389131 resistance 15.408 cap 0.000719224 slew 0.031625 delay 0.0135469 power 1.16514e-05
I0312 12:32:40.540571 2599846 lm_feature_timing.cpp:80] node dpath/a_reg/n18:1444085 resistance 154.08 cap 0.00344239 slew 0.050212 delay 1.09894 power 2.78834e-05
I0312 12:32:40.546341 2599859 lm_feature_timing.cpp:80] node dpath/a_lt_b/n9:741091 resistance 15.408 cap 0.000731166 slew 0.031625 delay 0.0135469 power 1.18449e-05
I0312 12:32:40.536546 2599875 lm_feature_timing.cpp:80] node ctrl/n3:434199 resistance 0 cap 0.00139018 slew 0.015546 delay 0 power 3.32518e-05
I0312 12:32:40.540642 2599770 lm_feature_timing.cpp:80] node dpath/sub/n19:1158387 resistance 4.28 cap 0.0014634 slew 0.015164 delay 0.00645522 power 0.000276907
I0312 12:32:40.540660 2599901 lm_feature_timing.cpp:80] node dpath/sub/n29:801473 resistance 0 cap 0.00179972 slew 0.016232 delay 0 power 0.000313892
I0312 12:32:40.540691 2599800 lm_feature_timing.cpp:80] node dpath/b_mux_out[14]:813815 resistance 10.7 cap 0.00068443 slew 0.01702 delay 0.00844022 power 0.000125374
I0312 12:32:40.546428 2599846 lm_feature_timing.cpp:80] node dpath/a_reg/U7:B2 resistance 85.6 cap 0.000667642 slew 0.0502079 delay 0.690347 power 5.4079e-06
I0312 12:32:40.546450 2599875 lm_feature_timing.cpp:80] node ctrl/U3:A2 resistance 5.564 cap 0.00058282 slew 0.015546 delay 0.00356087 power 1.39405e-05
I0312 12:32:40.546463 2599770 lm_feature_timing.cpp:80] node dpath/sub/n19:454467 resistance 4.28 cap 0.00150823 slew 0.015164 delay 0.00645522 power 0.00028539
I0312 12:31:40.541052 2599832 lm_feature_timing.cpp:80] node dpath/a_lt_b/n6:384843 resistance 14.98 cap 0.000745569 slew 0.01385 delay 0.0134594 power 1.20782e-05
I0312 12:32:40.546519 2599875 lm_feature_timing.cpp:80] node ctrl/n3:433350 resistance 5.564 cap 0.000639984 slew 0.015546 delay 0.00356087 power 1.53078e-05
I0312 12:32:40.540786 2599866 lm_feature_timing.cpp:80] node dpath/b_reg/n5:419196 resistance 0 cap 0.00078481 slew 0.016388 delay 0 power 0.000100325
I0312 12:32:40.540766 2599848 lm_feature_timing.cpp:80] node dpath/sub/n28:452739 resistance 9.844 cap 0.00218822 slew 0.026092 delay 0.0225178 power 1.77246e-05
I0312 12:32:40.540829 2599869 lm_feature_timing.cpp:80] node dpath/sub/n34:736891 resistance 0 cap 0.00197747 slew 0.023554 delay 0 power 1.60175e-05
I0312 12:32:40.546593 2599875 lm_feature_timing.cpp:80] node ctrl/U13:A1 resistance 4.28 cap 0.000595933 slew 0.015546 delay 0.00276794 power 1.42541e-05
I0312 12:32:40.536820 2599788 lm_feature_timing.cpp:80] node dpath/a_mux_out[5]:733515 resistance 0.428 cap 0.00122102 slew 0.017957 delay 0.00052595 power 0.000125202
I0312 12:32:40.540903 2599863 lm_feature_timing.cpp:80] node dpath/a_reg/n15:470248 resistance 0 cap 0.00182668 slew 0.022647 delay 0 power 0.000176435
I0312 12:31:40.541229 2599916 lm_feature_timing.cpp:80] node dpath/a_mux/FE_OFN4_n16:729303 resistance 93.732 cap 0.000671455 slew 0.0377072 delay 0.733501 power 4.29987e-05
I0312 12:32:40.546650 2599869 lm_feature_timing.cpp:80] node dpath/sub/n34:733539 resistance 3.424 cap 0.00194086 slew 0.023554 delay 0.0066455 power 1.5721e-05
I0312 12:32:40.540935 2599793 lm_feature_timing.cpp:80] node dpath/sub/n15:1079463 resistance 1.712 cap 0.00170106 slew 0.022514 delay 0.00294673 power 0.000119431
I0312 12:32:40.546691 2599788 lm_feature_timing.cpp:80] node dpath/a_mux_out[5]:381554 resistance 0 cap 0.00123669 slew 0.017957 delay 0 power 0.000126808
I0312 12:32:40.540972 2599906 lm_feature_timing.cpp:80] node dpath/a_mux_out[6]:755313 resistance 8.132 cap 0.000962418 slew 0.017149 delay 0.007863 power 0.00010311
I0312 12:32:40.546726 2599869 lm_feature_timing.cpp:80] node dpath/sub/n34:736891 resistance 0 cap 0.00197747 slew 0.023554 delay 0 power 1.60175e-05
I0312 12:32:40.546739 2599916 lm_feature_timing.cpp:80] node dpath/a_mux/FE_OFN4_n16:730141 resistance 94.588 cap 0.000659513 slew 0.0377072 delay 0.734065 power 4.22339e-05
I0312 12:32:40.546754 2599793 lm_feature_timing.cpp:80] node dpath/sub/n15:1079501 resistance 17.976 cap 0.00154112 slew 0.022514 delay 0.0280115 power 0.000108201
I0312 12:32:40.541038 2599784 lm_feature_timing.cpp:80] node dpath/a_mux/U5:A1 resistance 24.824 cap 0.0106929 slew 0.0264742 delay 0.28075 power 0.000342374
I0312 12:32:40.546824 2599916 lm_feature_timing.cpp:80] node dpath/a_mux/FE_OFN4_n16:433475 resistance 30.388 cap 0.00138402 slew 0.037704 delay 0.317718 power 8.863e-05
I0312 12:31:40.538429 2599801 lm_feature_timing.cpp:80] node ctrl/state/out_reg_1_:D resistance 19.688 cap 0.000532712 slew 0.030897 delay 0.0144182 power 4.86381e-05
I0312 12:32:40.541098 2599828 lm_feature_timing.cpp:80] node dpath/a_reg_out[0]:737501 resistance 15.408 cap 0.00285615 slew 0.0390441 delay 0.0531471 power 0.000131125
I0312 12:32:40.541136 2599807 lm_feature_timing.cpp:80] node dpath/a_lt_b/n10:741083 resistance 3.424 cap 0.0016932 slew 0.022374 delay 0.00592287 power 1.37149e-05
I0312 12:32:40.541144 2599814 lm_feature_timing.cpp:80] node dpath/a_mux/n13:380713 resistance 14.552 cap 0.000705791 slew 0.035942 delay 0.0106487 power 3.99237e-05
I0312 12:32:40.541149 2599813 lm_feature_timing.cpp:80] node dpath/a_mux_out[12]:1175061 resistance 32.956 cap 0.000750207 slew 0.018929 delay 0.0343015 power 0.000122624
I0312 12:32:40.546926 2599801 lm_feature_timing.cpp:80] node ctrl/next_state__0[1]:776041 resistance 19.688 cap 0.000561098 slew 0.030897 delay 0.0144182 power 5.12299e-05
I0312 12:32:40.543888 2599812 lm_feature_timing.cpp:80] node dpath/a_lt_b/n2:737553 resistance 5.992 cap 0.000648236 slew 0.023105 delay 0.00388423 power 1.05014e-05
I0312 12:32:40.546954 2599807 lm_feature_timing.cpp:80] node dpath/a_lt_b/n10:746111 resistance 8.56 cap 0.00164015 slew 0.022374 delay 0.0143467 power 1.32852e-05
I0312 12:32:40.546967 2599814 lm_feature_timing.cpp:80] node dpath/a_mux/n13:730981 resistance 0 cap 0.000881394 slew 0.035942 delay 0 power 4.98568e-05
I0312 12:32:40.543947 2599825 lm_feature_timing.cpp:80] node dpath/a_lt_b/U6:ZN resistance 0 cap 0.00081789 slew 0.024902 delay 0 power 1.32498e-05
I0312 12:31:40.541491 2599858 lm_feature_timing.cpp:80] node dpath/a_lt_b/n13:389149 resistance 9.416 cap 0.00076055 slew 0.031831 delay 0.00750923 power 2.42673e-05
I0312 12:32:40.547000 2599813 lm_feature_timing.cpp:80] node dpath/a_mux_out[12]:1175069 resistance 29.532 cap 0.000786815 slew 0.018929 delay 0.0317328 power 0.000128608
I0312 12:32:40.547039 2599814 lm_feature_timing.cpp:80] node dpath/a_mux/n13:729307 resistance 2.568 cap 0.000853007 slew 0.035942 delay 0.00219052 power 4.82511e-05
I0312 12:32:40.544078 2599909 lm_feature_timing.cpp:80] node dpath/sub/n21:786389 resistance 0 cap 0.00166073 slew 0.015835 delay 0 power 0.000265054
I0312 12:32:40.544086 2599884 lm_feature_timing.cpp:80] node dpath/a_mux/n17:797991 resistance 6.848 cap 0.000680342 slew 0.034452 delay 0.00465898 power 5.51077e-06
I0312 12:32:40.537755 2599880 lm_feature_timing.cpp:80] node dpath/sub/n23:729417 resistance 15.408 cap 0.0017184 slew 0.0171121 delay 0.0288147 power 0.000223352
I0312 12:32:40.547092 2599825 lm_feature_timing.cpp:80] node dpath/a_lt_b/n23:835767 resistance 5.136 cap 0.000740952 slew 0.024902 delay 0.00390273 power 1.20034e-05
I0312 12:32:40.537957 2599926 lm_feature_timing.cpp:80] node dpath/a_lt_b/n21:479643 resistance 60.776 cap 0.000712561 slew 0.0440891 delay 0.0968518 power 2.5212e-05
I0312 12:32:40.544186 2599841 lm_feature_timing.cpp:80] node dpath/a_reg/n1:479387 resistance 0 cap 0.000759415 slew 0.011477 delay 0 power 0.000131223
I0312 12:32:40.547153 2599880 lm_feature_timing.cpp:80] node dpath/sub/n23:746177 resistance 32.528 cap 0.00155023 slew 0.0171121 delay 0.0553547 power 0.000201494
I0312 12:31:40.541744 2599823 lm_feature_timing.cpp:80] node dpath/a_lt_b/n35:486147 resistance 0 cap 0.00149703 slew 0.033561 delay 0 power 3.50528e-05
I0312 12:32:40.544250 2599798 lm_feature_timing.cpp:80] node dpath/b_mux/n1:791351 resistance 13.696 cap 0.000696028 slew 0.0427543 delay 0.191945 power 6.76042e-05
I0312 12:32:40.547194 2599926 lm_feature_timing.cpp:80] node dpath/a_lt_b/n21:462045 resistance 42.8 cap 0.000409377 slew 0.0440891 delay 0.0808721 power 1.44847e-05
I0312 12:32:40.538167 2599811 lm_feature_timing.cpp:80] node dpath/a_lt_b/U25:A2 resistance 18.404 cap 0.000554824 slew 0.021423 delay 0.0178939 power 4.49407e-06
I0312 12:32:40.544287 2599874 lm_feature_timing.cpp:80] node dpath/b_mux_out[5]:389096 resistance 0 cap 0.00109025 slew 0.018108 delay 0 power 0.000133
I0312 12:32:40.547271 2599798 lm_feature_timing.cpp:80] node dpath/b_mux/n1:1166771 resistance 39.376 cap 0.00712919 slew 0.0427562 delay 0.413983 power 0.000692447
I0312 12:32:40.538203 2599876 lm_feature_timing.cpp:80] node dpath/a_reg_out[2]:1087921 resistance 67.196 cap 0.000698955 slew 0.0429064 delay 0.239885 power 3.97017e-05
I0312 12:32:40.544335 2599888 lm_feature_timing.cpp:80] node dpath/b_reg/FE_OFN2_ctrl_b_reg_en_0:1170141 resistance 125.404 cap 0.00170556 slew 0.0278504 delay 0.724888 power 0.000128836
I0312 12:32:40.547336 2599874 lm_feature_timing.cpp:80] node dpath/b_reg/U13:A2 resistance 25.68 cap 0.000574604 slew 0.018108 delay 0.0214086 power 7.00959e-05
I0312 12:32:40.544335 2599893 lm_feature_timing.cpp:80] node dpath/a_reg/U17:A2 resistance 11.128 cap 0.000574604 slew 0.015615 delay 0.00766962 power 5.09055e-05
I0312 12:32:40.538300 2599818 lm_feature_timing.cpp:80] node dpath/a_lt_b/n24:834925 resistance 6.848 cap 0.000686295 slew 0.019989 delay 0.00599333 power 0
I0312 12:32:40.547384 2599876 lm_feature_timing.cpp:80] node dpath/a_reg_out[2]:724193 resistance 42.372 cap 0.003715 slew 0.0429064 delay 0.204394 power 0.000211018
I0312 12:32:40.544396 2599778 lm_feature_timing.cpp:80] node dpath/a_lt_b/n12:395001 resistance 12.412 cap 0.00065792 slew 0.020683 delay 0.011754 power 5.32916e-06
I0312 12:32:40.544399 2599810 lm_feature_timing.cpp:80] node dpath/a_mux_out[9]:825747 resistance 68.052 cap 0.000664265 slew 0.0222031 delay 0.090724 power 8.0325e-05
I0312 12:32:40.544448 2599914 lm_feature_timing.cpp:80] node dpath/b_mux/U8:Z resistance 0 cap 0.000876477 slew 0.016905 delay 0 power 0.000107929
I0312 12:32:40.547497 2599778 lm_feature_timing.cpp:80] node dpath/a_lt_b/U10:B2 resistance 13.696 cap 0.000600779 slew 0.020683 delay 0.0130546 power 4.86631e-06
I0312 12:32:40.544525 2599864 lm_feature_timing.cpp:80] node dpath/sub/n37:840671 resistance 11.984 cap 0.00183644 slew 0.024313 delay 0.0229521 power 0.000599921
I0312 12:32:40.544533 2599829 lm_feature_timing.cpp:80] node ctrl/n2:447590 resistance 14.124 cap 0.000653211 slew 0.023799 delay 0.0115109 power 5.29101e-06
I0312 12:32:40.538393 2599826 lm_feature_timing.cpp:80] node dpath/a_mux_out[8]:1139093 resistance 1.284 cap 0.0018048 slew 0.021299 delay 0.00234116 power 0.000209948
I0312 12:32:40.547576 2599778 lm_feature_timing.cpp:80] node dpath/a_lt_b/n12:387434 resistance 13.696 cap 0.000633276 slew 0.020683 delay 0.0130546 power 5.12954e-06
I0312 12:32:40.544631 2599796 lm_feature_timing.cpp:80] node dpath/a_reg/n13:831535 resistance 5.136 cap 0.00116225 slew 0.019329 delay 0.00624177 power 0.0001066
I0312 12:32:40.547608 2599864 lm_feature_timing.cpp:80] node dpath/sub/n37:1192631 resistance 11.984 cap 0.00179161 slew 0.024313 delay 0.0229521 power 0.000585275
I0312 12:31:40.542176 2599897 lm_feature_timing.cpp:80] node ctrl/n1:431661 resistance 26.108 cap 0.000637775 slew 0.029815 delay 0.0236457 power 1.03319e-05
I0312 12:32:40.544629 2599817 lm_feature_timing.cpp:137] net dpath/a_mux/n5 resistance 19.688 cap 0.00080583 slew 0.000670855 delay 0.00681233 power 3.69218e-08
I0312 12:32:40.538664 2599879 lm_feature_timing.cpp:80] node dpath/a_reg/U6:A2 resistance 20.116 cap 0.000574604 slew 0.016793 delay 0.0156541 power 9.66288e-05
I0312 12:32:40.544701 2599819 lm_feature_timing.cpp:80] node dpath/a_reg_out[3]:741839 resistance 12.412 cap 0.00395335 slew 0.0423961 delay 0.0584014 power 0.000233871
I0312 12:32:40.544705 2599816 lm_feature_timing.cpp:137] net dpath/a_lt_b/n26 resistance 14.552 cap 0.000774979 slew 0.000807089 delay 0.00510318 power 1.51666e-08
I0312 12:32:40.538743 2599918 lm_feature_timing.cpp:80] node dpath/b_mux_out[2]:761873 resistance 26.536 cap 0.000971423 slew 0.019314 delay 0.027125 power 0.000115117
I0312 12:32:40.544731 2599768 lm_feature_timing.cpp:80] node dpath/sub/U31:CO resistance 0 cap 0.0021705 slew 0.024981 delay 0 power 0.000314267
I0312 12:32:40.544749 2599804 lm_feature_timing.cpp:137] net dpath/a_mux/n2 resistance 11.984 cap 0.000716951 slew 0.000245766 delay 0.00392244 power 3.28495e-08
I0312 12:32:40.547806 2599918 lm_feature_timing.cpp:80] node dpath/b_mux_out[2]:1113833 resistance 26.536 cap 0.000762149 slew 0.019314 delay 0.027125 power 9.03172e-05
I0312 12:32:40.538816 2599786 lm_feature_timing.cpp:125] build net dpath/sub/n33 feature 
I0312 12:32:40.547848 2599768 lm_feature_timing.cpp:80] node dpath/sub/n31:744491 resistance 0 cap 0.0021705 slew 0.024981 delay 0 power 0.000314267
I0312 12:32:40.547868 2599804 lm_feature_timing.cpp:125] build net dpath/sub/n43 feature 
I0312 12:32:40.547883 2599918 lm_feature_timing.cpp:80] node dpath/b_mux_out[2]:740923 resistance 5.136 cap 0.0011807 slew 0.019314 delay 0.00633653 power 0.000139916
I0312 12:31:40.542387 2599889 lm_feature_timing.cpp:80] node dpath/b_mux_out[12]:464420 resistance 0 cap 0.000753145 slew 0.01617 delay 0 power 0.000103346
I0312 12:32:40.547916 2599768 lm_feature_timing.cpp:80] node dpath/sub/n31:784723 resistance 44.512 cap 0.00173923 slew 0.0249811 delay 0.0774167 power 0.000251823
I0312 12:32:40.544874 2599898 lm_feature_timing.cpp:80] node dpath/b_reg/n7:410073 resistance 8.988 cap 0.000908533 slew 0.017663 delay 0.00816589 power 0.00011719
I0312 12:32:40.544880 2599850 lm_feature_timing.cpp:80] node dpath/sub/U15:A resistance 8.988 cap 0.00201145 slew 0.024603 delay 0.0188979 power 1.62927e-05
I0312 12:32:40.544909 2599910 lm_feature_timing.cpp:80] node dpath/b_reg/n9:422655 resistance 0 cap 0.00083336 slew 0.016665 delay 0 power 0.000108451
I0312 12:32:40.538933 2599872 lm_feature_timing.cpp:80] node dpath/a_reg_out[4]:742781 resistance 47.508 cap 0.00526605 slew 0.0490072 delay 0.28861 power 0.000323715
I0312 12:32:40.544979 2599815 lm_feature_timing.cpp:80] node dpath/a_lt_b/n4:1087135 resistance 3.852 cap 0.000800472 slew 0.021374 delay 0.00324982 power 6.48382e-06
I0312 12:32:40.548012 2599889 lm_feature_timing.cpp:80] node dpath/b_mux_out[12]:464417 resistance 1.284 cap 0.000737091 slew 0.01617 delay 0.000946425 power 0.000101143
I0312 12:32:40.548031 2599910 lm_feature_timing.cpp:80] node dpath/b_reg/n9:774615 resistance 0 cap 0.00083336 slew 0.016665 delay 0 power 0.000108451
I0312 12:31:40.542456 2599773 lm_feature_timing.cpp:80] node dpath/a_lt_b/n7:736769 resistance 21.828 cap 0.00135725 slew 0.021289 delay 0.0343125 power 2.47359e-05
I0312 12:32:40.539162 2599782 lm_feature_timing.cpp:80] node dpath/b_reg_out[14]:798776 resistance 53.928 cap 0.000674635 slew 0.0401761 delay 0.076858 power 0.000109291
I0312 12:32:40.539266 2599799 lm_feature_timing.cpp:80] node dpath/a_mux_out[10]:829011 resistance 43.228 cap 0.000815984 slew 0.019133 delay 0.0438711 power 6.60947e-06
I0312 12:32:40.539301 2599911 lm_feature_timing.cpp:80] node dpath/b_reg/n8:416775 resistance 0 cap 0.00107258 slew 0.018037 delay 0 power 0.000138967
I0312 12:32:40.545109 2599783 lm_feature_timing.cpp:80] node dpath/a_reg/n12:1201123 resistance 28.248 cap 0.00093923 slew 0.020481 delay 0.0343711 power 7.60777e-06
I0312 12:32:40.545136 2599913 lm_feature_timing.cpp:80] node dpath/a_reg_out[5]:388263 resistance 65.484 cap 0.000761443 slew 0.0410005 delay 0.235027 power 4.85606e-05
I0312 12:32:40.545146 2599837 lm_feature_timing.cpp:80] node dpath/a_reg_out[12]:1170845 resistance 50.932 cap 0.00075694 slew 0.0441404 delay 0.190284 power 7.13281e-05
I0312 12:32:40.539441 2599775 lm_feature_timing.cpp:80] node dpath/sub/n17:836513 resistance 37.664 cap 0.00163245 slew 0.0248031 delay 0.065954 power 0.000508489
I0312 12:32:40.548175 2599786 lm_feature_timing.cpp:80] node dpath/sub/U16:CI resistance 5.992 cap 0.00130796 slew 0.014737 delay 0.00820446 power 0.000150621
I0312 12:32:40.545181 2599806 lm_feature_timing.cpp:80] node dpath/a_reg/n19:498930 resistance 18.832 cap 0.000675426 slew 1.68076e-05 delay 0.0157169 power 0
I0312 12:32:40.548223 2599837 lm_feature_timing.cpp:80] node dpath/a_reg_out[12]:1170847 resistance 51.788 cap 0.000744998 slew 0.0441404 delay 0.190922 power 7.02028e-05
I0312 12:32:40.545205 2599904 lm_feature_timing.cpp:137] net dpath/a_lt_b/n8 resistance 95.016 cap 0.00153576 slew 0.0268406 delay 0.0507545 power 2.00538e-08
I0312 12:32:40.548269 2599786 lm_feature_timing.cpp:80] node dpath/sub/n33:731039 resistance 5.992 cap 0.00136923 slew 0.014737 delay 0.00820446 power 0.000157678
I0312 12:32:40.548290 2599837 lm_feature_timing.cpp:80] node dpath/a_lt_b/U33:A2 resistance 33.384 cap 0.000540579 slew 0.0441404 delay 0.150145 power 5.09399e-05
I0312 12:32:40.539536 2599881 lm_feature_timing.cpp:80] node dpath/b_reg_out[1]:379707 resistance 64.2 cap 0.000604704 slew 0.0365333 delay 0.167967 power 7.65655e-05
I0312 12:32:40.548303 2599806 lm_feature_timing.cpp:80] node dpath/a_reg/n19:502282 resistance 15.408 cap 0.000769199 slew 1.62812e-05 delay 0.0134042 power 0
I0312 12:32:40.545307 2599785 lm_feature_timing.cpp:80] node dpath/b_reg_out[15]:448489 resistance 8.56 cap 0.000472907 slew 0.0432431 delay 0.0228523 power 6.54246e-05
I0312 12:32:40.545305 2599915 lm_feature_timing.cpp:80] node ctrl/U5:A2 resistance 10.272 cap 0.000596047 slew 0.049889 delay 0.0071743 power 5.30651e-05
I0312 12:32:40.548345 2599786 lm_feature_timing.cpp:80] node dpath/sub/U17:CO resistance 0 cap 0.00143051 slew 0.014737 delay 0 power 0.000164734
I0312 12:31:40.540052 2599919 lm_feature_timing.cpp:80] node dpath/b_reg_out[4]:379045 resistance 64.2 cap 0.000656217 slew 0.0371373 delay 0.173455 power 8.42663e-05
I0312 12:32:40.548377 2599806 lm_feature_timing.cpp:80] node dpath/a_reg/U20:Z resistance 0 cap 0.00103035 slew 0 delay 0 power 0
I0312 12:32:40.534617 2599894 lm_feature_timing.cpp:80] node dpath/a_lt_b/n11:752823 resistance 0 cap 0.00154161 slew 0.030248 delay 0 power 2.49741e-05
I0312 12:32:40.548403 2599915 lm_feature_timing.cpp:80] node ctrl/state_out[0]:440023 resistance 10.272 cap 0.000596047 slew 0.049889 delay 0.0071743 power 5.30651e-05
I0312 12:32:40.545435 2599890 lm_feature_timing.cpp:80] node ctrl_a_reg_en_0_:752845 resistance 269.212 cap 0.000662595 slew 0.0402399 delay 2.53901 power 5.36702e-06
I0312 12:32:40.548416 2599786 lm_feature_timing.cpp:80] node dpath/sub/n33:726009 resistance 0 cap 0.00143051 slew 0.014737 delay 0 power 0.000164734
I0312 12:32:40.548446 2599919 lm_feature_timing.cpp:80] node dpath/b_reg_out[4]:379051 resistance 66.768 cap 0.00062783 slew 0.0371373 delay 0.175067 power 8.06212e-05
I0312 12:32:40.548462 2599894 lm_feature_timing.cpp:80] node dpath/a_lt_b/n11:747795 resistance 5.136 cap 0.00148856 slew 0.030248 delay 0.00764523 power 2.41146e-05
I0312 12:32:40.539834 2599827 lm_feature_timing.cpp:80] node dpath/b_reg_out[2]:379765 resistance 41.516 cap 0.00058826 slew 0.0356292 delay 0.122586 power 7.4853e-05
I0312 12:32:40.548491 2599890 lm_feature_timing.cpp:80] node ctrl_a_reg_en_0_:749493 resistance 265.788 cap 0.00255649 slew 0.0402399 delay 2.53674 power 2.07075e-05
I0312 12:32:40.545571 2599787 lm_feature_timing.cpp:80] node dpath/b_reg_out[3]:1123155 resistance 9.844 cap 0.00139758 slew 0.0411981 delay 0.0434776 power 0.000178658
