I0312 12:30:40.547806 2599794 lm_feature_timing.cpp:80] node dpath/b_mux_out[8]:812297 resistance 24.396 cap 0.000865317 slew 0.018669 delay 0.0224555 power 0.000108543
I0312 12:30:40.542546 2599797 lm_feature_timing.cpp:80] node dpath/a_reg_out[15]:828017 resistance 10.272 cap 0.00145341 slew 0.027745 delay 0.0201222 power 0.000147093
I0312 12:30:40.547847 2599885 lm_feature_timing.cpp:80] node dpath/a_reg_out[9]:1183581 resistance 28.248 cap 0.00269498 slew 0.0459835 delay 0.170477 power 0.000196644
I0312 12:30:40.542557 2599883 lm_feature_timing.cpp:80] node dpath/b_reg/n14:467803 resistance 8.132 cap 0.00132786 slew 0.020042 delay 0.0107982 power 0.000181389
I0312 12:29:47.208820 2599847 lm_feature_timing.cpp:80] node ctrl/n5:752609 resistance 6.42 cap 0.00116739 slew 0.021618 delay 0.00791444 power 0.000103931
I0312 12:30:40.547880 2599853 lm_feature_timing.cpp:80] node dpath/a_reg/U5:A2 resistance 22.256 cap 0.000574604 slew 0.016859 delay 0.0176927 power 0.000101935
I0312 12:30:40.547900 2599885 lm_feature_timing.cpp:80] node dpath/a_reg_out[9]:830783 resistance 27.392 cap 0.00515599 slew 0.0459835 delay 0.16816 power 0.000376216
I0312 12:30:40.542868 2599769 lm_feature_timing.cpp:80] node dpath/a_lt_b/n34:838927 resistance 20.972 cap 0.000848737 slew 0.019827 delay 0.0184255 power 6.87477e-06
I0312 12:30:40.542891 2599777 lm_feature_timing.cpp:80] node dpath/a_mux/n4:782941 resistance 16.264 cap 0.000656458 slew 0.036398 delay 0.0122368 power 3.71331e-05
I0312 12:30:40.542903 2599848 lm_feature_timing.cpp:80] node dpath/a_mux_out[14]:456763 resistance 0.856 cap 0.00106204 slew 0.0173 delay 0.000909106 power 0.000183515
I0312 12:30:40.543071 2599803 lm_feature_timing.cpp:80] node dpath/a_lt_b/U24:A2 resistance 8.56 cap 0.000574762 slew 0.024183 delay 0.00569383 power 9.31114e-06
I0312 12:30:40.543043 2599859 lm_feature_timing.cpp:80] node dpath/a_lt_b/n9:741929 resistance 14.552 cap 0.000743108 slew 0.031625 delay 0.012921 power 1.20384e-05
I0312 12:30:40.543147 2599830 lm_feature_timing.cpp:80] node ctrl_a_mux_sel[1]:439258 resistance 12.84 cap 0.000725014 slew 0.014695 delay 0.00930918 power 2.32142e-05
I0312 12:30:40.548071 2599859 lm_feature_timing.cpp:80] node dpath/a_lt_b/n9:1093889 resistance 14.552 cap 0.000861938 slew 0.031625 delay 0.012921 power 1.39634e-05
I0312 12:30:40.543336 2599902 lm_feature_timing.cpp:80] node dpath/a_lt_b/n37:831389 resistance 4.708 cap 0.00141014 slew 0.018123 delay 0.00686937 power 1.14222e-05
I0312 12:30:40.543345 2599870 lm_feature_timing.cpp:80] node dpath/a_reg/n2:746707 resistance 8.988 cap 0.000650317 slew 0.016259 delay 0.00588519 power 2.98558e-05
I0312 12:30:40.543406 2599835 lm_feature_timing.cpp:80] node dpath/a_lt_b/n31:834789 resistance 9.416 cap 0.00105825 slew 0.048638 delay 0.0099645 power 2.4014e-05
I0312 12:30:40.548146 2599859 lm_feature_timing.cpp:80] node dpath/a_lt_b/n9:1093861 resistance 2.568 cap 0.000980768 slew 0.031625 delay 0.00259151 power 1.58884e-05
I0312 12:30:40.543560 2599776 lm_feature_timing.cpp:80] node dpath/a_mux/n12:792793 resistance 0 cap 0.000716951 slew 0.034079 delay 0 power 4.0555e-05
I0312 12:30:40.548159 2599830 lm_feature_timing.cpp:80] node ctrl_a_mux_sel[1]:439228 resistance 0 cap 0.000852066 slew 0.014695 delay 0 power 2.72823e-05
I0312 12:29:47.208916 2599840 lm_feature_timing.cpp:80] node dpath/a_lt_b/n30:844105 resistance 7.276 cap 0.00193809 slew 0.037595 delay 0.014267 power 4.09897e-05
I0312 12:30:40.548210 2599859 lm_feature_timing.cpp:80] node dpath/a_lt_b/n9:1093889 resistance 14.552 cap 0.000861938 slew 0.031625 delay 0.012921 power 1.39634e-05
I0312 12:30:40.543705 2599887 lm_feature_timing.cpp:80] node dpath/a_reg/n16:852293 resistance 15.408 cap 0.000716095 slew 0.022332 delay 0.0110336 power 0.000100053
I0312 12:30:40.543718 2599793 lm_feature_timing.cpp:80] node dpath/b_reg/n6:768675 resistance 15.836 cap 0.000691428 slew 0.016914 delay 0.0114275 power 8.87879e-05
I0312 12:29:47.207121 2599785 lm_feature_timing.cpp:80] node dpath/b_mux_out[10]:462820 resistance 5.136 cap 0.000627657 slew 0.01565 delay 0.00322365 power 3.30237e-05
I0312 12:29:47.203336 2599862 lm_feature_timing.cpp:125] build net dpath/a_mux_out[11] feature 
I0312 12:30:40.543888 2599909 lm_feature_timing.cpp:80] node dpath/b_mux_out[3]:766985 resistance 11.556 cap 0.000758429 slew 0.016915 delay 0.0088151 power 9.07698e-05
I0312 12:30:40.548375 2599887 lm_feature_timing.cpp:80] node dpath/a_reg/placeFE_RC_1_0:ZN resistance 0 cap 0.000867813 slew 0.022332 delay 0 power 0.000121252
I0312 12:30:40.543918 2599912 lm_feature_timing.cpp:80] node ctrl/state/n1:763451 resistance 3.852 cap 0.0016408 slew 1.67535e-05 delay 0.00647722 power 1.32905e-05
I0312 12:30:40.543962 2599869 lm_feature_timing.cpp:80] node dpath/a_lt_b/n5:387341 resistance 1.712 cap 0.000619471 slew 0.015064 delay 0.00106053 power 7.84018e-06
I0312 12:30:40.543987 2599906 lm_feature_timing.cpp:80] node dpath/a_mux_out[6]:1107273 resistance 8.132 cap 0.000884699 slew 0.017149 delay 0.007863 power 9.47834e-05
I0312 12:30:40.548460 2599887 lm_feature_timing.cpp:80] node dpath/a_reg/n16:838045 resistance 0 cap 0.000867813 slew 0.022332 delay 0 power 0.000121252
I0312 12:30:40.544003 2599896 lm_feature_timing.cpp:80] node clk:752015 resistance 185.752 cap 0.00116815 slew 0.000546321 delay 0.648127 power 0.000378482
I0312 12:30:40.544152 2599782 lm_feature_timing.cpp:80] node ctrl/U3:ZN resistance 0 cap 0.000671179 slew 0.027947 delay 0 power 5.07001e-05
I0312 12:30:40.548518 2599906 lm_feature_timing.cpp:80] node dpath/a_mux_out[6]:1107303 resistance 20.972 cap 0.000757647 slew 0.017149 delay 0.0175912 power 8.11715e-05
I0312 12:30:40.548528 2599887 lm_feature_timing.cpp:80] node dpath/a_reg/n16:852293 resistance 15.408 cap 0.000716095 slew 0.022332 delay 0.0110336 power 0.000100053
I0312 12:30:40.548522 2599909 lm_feature_timing.cpp:80] node dpath/b_reg/U15:A2 resistance 14.98 cap 0.000574604 slew 0.016915 delay 0.0109079 power 6.87694e-05
I0312 12:30:40.544384 2599863 lm_feature_timing.cpp:80] node dpath/a_reg/n15:470249 resistance 0.428 cap 0.00181884 slew 0.022647 delay 0.000778465 power 0.000175679
I0312 12:30:40.548574 2599906 lm_feature_timing.cpp:80] node dpath/a_mux_out[6]:396647 resistance 0.428 cap 0.00104797 slew 0.017149 delay 0.000448531 power 0.000112276
I0312 12:29:47.207376 2599861 lm_feature_timing.cpp:80] node dpath/a_reg_out[7]:424361 resistance 26.108 cap 0.00063155 slew 0.0402571 delay 0.0858963 power 4.31801e-05
I0312 12:30:40.544433 2599877 lm_feature_timing.cpp:80] node dpath/b_reg/n10:464574 resistance 9.416 cap 0.000862529 slew 0.017358 delay 0.00812157 power 0.000112743
I0312 12:30:40.548677 2599906 lm_feature_timing.cpp:80] node dpath/a_mux_out[6]:748607 resistance 0.428 cap 0.00104014 slew 0.017149 delay 0.000448531 power 0.000111437
I0312 12:30:40.548678 2599863 lm_feature_timing.cpp:80] node dpath/a_reg/n15:507915 resistance 62.916 cap 0.00058826 slew 0.0226471 delay 0.0760471 power 5.6819e-05
I0312 12:30:40.544654 2599789 lm_feature_timing.cpp:80] node dpath/b_reg/n17:807127 resistance 6.848 cap 0.000625651 slew 0.015991 delay 0.00434713 power 8.65561e-05
I0312 12:29:47.207544 2599821 lm_feature_timing.cpp:80] node dpath/a_lt_b/n3:733353 resistance 9.416 cap 0.000701032 slew 0.018363 delay 0.00856511 power 5.67836e-06
I0312 12:30:40.548733 2599906 lm_feature_timing.cpp:80] node dpath/a_mux_out[6]:396646 resistance 0 cap 0.0010558 slew 0.017149 delay 0 power 0.000113115
I0312 12:29:47.207549 2599907 lm_feature_timing.cpp:80] node dpath/b_reg/U7:A2 resistance 6.42 cap 0.000574604 slew 0.015792 delay 0.00410874 power 7.81244e-05
I0312 12:30:40.548755 2599877 lm_feature_timing.cpp:80] node dpath/b_reg/n10:462060 resistance 11.984 cap 0.000739979 slew 0.017358 delay 0.0100218 power 9.67238e-05
I0312 12:30:40.544809 2599842 lm_feature_timing.cpp:80] node dpath/a_reg_out[14]:835581 resistance 26.536 cap 0.00059285 slew 0.0404481 delay 0.0778574 power 8.28336e-05
I0312 12:30:40.544842 2599845 lm_feature_timing.cpp:80] node ctrl/U16:B1 resistance 22.684 cap 0.000655402 slew 0.029179 delay 0.0201559 power 4.77319e-05
I0312 12:30:40.544941 2599866 lm_feature_timing.cpp:80] node dpath/b_reg/n5:771167 resistance 4.708 cap 0.000686926 slew 0.016388 delay 0.00346447 power 8.78123e-05
I0312 12:30:40.548856 2599821 lm_feature_timing.cpp:80] node dpath/a_lt_b/n3:738381 resistance 4.28 cap 0.000754085 slew 0.018363 delay 0.00496461 power 6.10809e-06
I0312 12:30:40.548892 2599842 lm_feature_timing.cpp:80] node dpath/a_reg_out[14]:833905 resistance 24.824 cap 0.00167496 slew 0.0404481 delay 0.0768424 power 0.000234027
I0312 12:30:40.545037 2599901 lm_feature_timing.cpp:80] node dpath/a_mux/n16:791237 resistance 0.428 cap 0.00076448 slew 0.020149 delay 0.000330549 power 4.89558e-05
I0312 12:30:40.545035 2599903 lm_feature_timing.cpp:80] node dpath/a_mux/n6:380631 resistance 4.28 cap 0.000631792 slew 0.033624 delay 0.00270407 power 3.57379e-05
I0312 12:30:40.548965 2599821 lm_feature_timing.cpp:80] node dpath/a_lt_b/U14:A1 resistance 3.852 cap 0.000393715 slew 0.018363 delay 0.00463851 power 3.18909e-06
I0312 12:29:47.207901 2599788 lm_feature_timing.cpp:80] node dpath/a_mux_out[5]:387470 resistance 32.528 cap 0.000598879 slew 0.017957 delay 0.0293888 power 6.14081e-05
I0312 12:30:40.545255 2599881 lm_feature_timing.cpp:80] node dpath/a_lt_b/U25:Z resistance 0 cap 0.000761231 slew 0.012461 delay 0 power 1.23319e-05
I0312 12:29:47.205503 2599910 lm_feature_timing.cpp:80] node dpath/a_mux/U24:B resistance 7.276 cap 0.000586961 slew 0.034274 delay 0.0048063 power 3.3202e-05
I0312 12:29:47.205968 2599864 lm_feature_timing.cpp:80] node dpath/a_lt_b/n1:729183 resistance 5.136 cap 0.000836275 slew 0.017306 delay 0.00456759 power 6.77383e-06
I0312 12:30:40.549046 2599901 lm_feature_timing.cpp:80] node dpath/a_mux/n16:786209 resistance 5.564 cap 0.000711428 slew 0.020149 delay 0.00398444 power 4.55584e-05
I0312 12:30:40.549084 2599881 lm_feature_timing.cpp:80] node dpath/a_lt_b/n20:476276 resistance 0 cap 0.000761231 slew 0.012461 delay 0 power 1.23319e-05
I0312 12:30:40.545357 2599878 lm_feature_timing.cpp:80] node ctrl/FE_OFN1_ctrl_b_mux_sel_0:439191 resistance 0 cap 0.000679401 slew 0.021054 delay 0 power 6.59892e-05
I0312 12:30:40.549124 2599910 lm_feature_timing.cpp:80] node dpath/a_mux/n11:455982 resistance 7.276 cap 0.000660569 slew 0.034274 delay 0.0048063 power 3.73657e-05
I0312 12:30:40.549165 2599901 lm_feature_timing.cpp:80] node dpath/a_mux/n16:791237 resistance 0.428 cap 0.00076448 slew 0.020149 delay 0.000330549 power 4.89558e-05
I0312 12:30:40.549178 2599881 lm_feature_timing.cpp:80] node dpath/a_lt_b/n20:475438 resistance 0.856 cap 0.000749289 slew 0.012461 delay 0.000641392 power 1.21385e-05
I0312 12:30:40.545475 2599813 lm_feature_timing.cpp:80] node dpath/a_reg/U7:A2 resistance 39.804 cap 0.000574604 slew 0.018929 delay 0.0387123 power 9.39211e-05
I0312 12:30:40.545483 2599798 lm_feature_timing.cpp:80] node dpath/b_mux/n1:793877 resistance 0.856 cap 0.0171852 slew 0.0427522 delay 0.0147208 power 0.00166918
I0312 12:30:40.549259 2599910 lm_feature_timing.cpp:80] node dpath/a_mux/U23:ZN resistance 0 cap 0.000734177 slew 0.034274 delay 0 power 4.15294e-05
I0312 12:30:40.545500 2599801 lm_feature_timing.cpp:80] node ctrl/next_state__0[1]:778593 resistance 0.856 cap 0.000921308 slew 0.030897 delay 0.00078864 power 8.41181e-05
I0312 12:30:40.545557 2599856 lm_feature_timing.cpp:80] node dpath/a_reg/U15:Z resistance 0 cap 0.000637593 slew 0.015676 delay 0 power 3.91941e-05
I0312 12:30:40.549335 2599813 lm_feature_timing.cpp:80] node dpath/a_mux_out[12]:477845 resistance 39.804 cap 0.000574604 slew 0.018929 delay 0.0387123 power 9.39211e-05
I0312 12:29:47.209638 2599871 lm_feature_timing.cpp:80] node dpath/b_reg/out_reg_1_:D resistance 10.7 cap 0.000564376 slew 0.016325 delay 0.00718789 power 7.14593e-05
I0312 12:30:40.549389 2599801 lm_feature_timing.cpp:80] node ctrl/next_state__0[1]:778555 resistance 17.12 cap 0.000589485 slew 0.030897 delay 0.0129773 power 5.38217e-05
I0312 12:30:40.549419 2599813 lm_feature_timing.cpp:80] node dpath/a_mux_out[12]:477845 resistance 39.804 cap 0.000574604 slew 0.018929 delay 0.0387123 power 9.39211e-05
I0312 12:29:47.206249 2599838 lm_feature_timing.cpp:80] node dpath/a_mux/placeFE_OFC5_n18:I resistance 1.284 cap 0.000609824 slew 0.018175 delay 0.000803626 power 3.90519e-05
I0312 12:30:40.545742 2599811 lm_feature_timing.cpp:80] node dpath/a_lt_b/n18:830753 resistance 14.124 cap 0.00070576 slew 0.021423 delay 0.0153273 power 5.71666e-06
I0312 12:30:40.545758 2599917 lm_feature_timing.cpp:80] node dpath/a_reg/n17:822127 resistance 21.4 cap 0.000732539 slew 0.017676 delay 0.0165879 power 7.41367e-05
I0312 12:30:40.549497 2599801 lm_feature_timing.cpp:80] node ctrl/next_state__0[1]:1130515 resistance 17.12 cap 0.000749426 slew 0.030897 delay 0.0129773 power 6.84247e-05
I0312 12:30:40.549506 2599871 lm_feature_timing.cpp:80] node dpath/b_reg/n3:768561 resistance 10.7 cap 0.00065854 slew 0.016325 delay 0.00718789 power 8.33819e-05
I0312 12:30:40.545791 2599851 lm_feature_timing.cpp:80] node dpath/b_reg/n12:844159 resistance 41.944 cap 0.00058454 slew 0.019979 delay 0.0412172 power 5.08616e-05
I0312 12:30:40.549544 2599811 lm_feature_timing.cpp:80] node dpath/a_lt_b/n18:484659 resistance 8.132 cap 0.000778978 slew 0.021423 delay 0.0110984 power 6.30972e-06
I0312 12:29:47.208459 2599814 lm_feature_timing.cpp:80] node dpath/a_mux/n13:377347 resistance 2.568 cap 0.000824621 slew 0.035942 delay 0.00219052 power 4.66454e-05
I0312 12:30:40.549593 2599917 lm_feature_timing.cpp:80] node dpath/a_reg/U5:Z resistance 0 cap 0.000990363 slew 0.017676 delay 0 power 0.00010023
I0312 12:30:40.549608 2599851 lm_feature_timing.cpp:80] node dpath/b_reg/n12:841613 resistance 25.68 cap 0.00114208 slew 0.019979 delay 0.0293287 power 9.9374e-05
I0312 12:30:40.545951 2599795 lm_feature_timing.cpp:80] node dpath/a_reg/n14:828985 resistance 0.428 cap 0.0011967 slew 0.018996 delay 0.000515539 power 0.000112768
I0312 12:30:40.545965 2599771 lm_feature_timing.cpp:80] node dpath/a_reg/n11:477156 resistance 0 cap 0.000867031 slew 0.01698 delay 0 power 6.32645e-05
I0312 12:30:40.549672 2599917 lm_feature_timing.cpp:80] node dpath/a_reg/n17:455093 resistance 0 cap 0.000990363 slew 0.017676 delay 0 power 0.00010023
I0312 12:30:40.549683 2599851 lm_feature_timing.cpp:80] node dpath/b_reg/n12:1193573 resistance 25.68 cap 0.000891697 slew 0.019979 delay 0.0293287 power 7.75877e-05
I0312 12:30:40.546054 2599823 lm_feature_timing.cpp:80] node dpath/a_lt_b/n35:482773 resistance 17.976 cap 0.000696117 slew 0.033561 delay 0.0212663 power 1.62995e-05
I0312 12:30:40.549714 2599795 lm_feature_timing.cpp:80] node dpath/a_reg/n14:477024 resistance 0 cap 0.00121236 slew 0.018996 delay 0 power 0.000114243
I0312 12:30:40.546101 2599850 lm_feature_timing.cpp:80] node dpath/b_mux_out[4]:401621 resistance 16.692 cap 0.000574604 slew 0.017183 delay 0.0123328 power 6.94343e-05
I0312 12:30:40.546119 2599874 lm_feature_timing.cpp:80] node dpath/b_mux_out[5]:761157 resistance 25.252 cap 0.000791318 slew 0.018108 delay 0.0211593 power 9.65327e-05
I0312 12:30:40.546123 2599827 lm_feature_timing.cpp:80] node dpath/b_reg/U5:Z resistance 0 cap 0.00116381 slew 0.018748 delay 0 power 0.000159665
I0312 12:30:40.549809 2599823 lm_feature_timing.cpp:80] node dpath/a_lt_b/U37:A1 resistance 19.688 cap 0.000675952 slew 0.033561 delay 0.0224235 power 1.58274e-05
I0312 12:30:40.546144 2599926 lm_feature_timing.cpp:80] node dpath/a_lt_b/n21:462046 resistance 43.228 cap 0.000401546 slew 0.0440891 delay 0.081044 power 1.42076e-05
I0312 12:30:40.549839 2599850 lm_feature_timing.cpp:80] node dpath/b_mux_out[4]:401621 resistance 16.692 cap 0.000574604 slew 0.017183 delay 0.0123328 power 6.94343e-05
I0312 12:30:40.546206 2599786 lm_feature_timing.cpp:80] node dpath/a_mux/n9:433490 resistance 2.14 cap 0.000964989 slew 0.037386 delay 0.00210102 power 5.45854e-05
I0312 12:30:40.546149 2599888 lm_feature_timing.cpp:80] node dpath/b_reg/FE_OFN2_ctrl_b_reg_en_0:471249 resistance 130.54 cap 0.000682759 slew 0.0278504 delay 0.728667 power 5.15748e-05
I0312 12:30:40.549878 2599827 lm_feature_timing.cpp:80] node dpath/b_reg/n15:470255 resistance 0 cap 0.00116381 slew 0.018748 delay 0 power 0.000159665
I0312 12:30:40.549888 2599823 lm_feature_timing.cpp:80] node dpath/a_lt_b/n35:486121 resistance 12.84 cap 0.000425821 slew 0.033561 delay 0.0174185 power 9.97058e-06
I0312 12:30:40.546280 2599819 lm_feature_timing.cpp:80] node dpath/a_reg_out[3]:384903 resistance 28.676 cap 0.000649398 slew 0.042396 delay 0.0534957 power 3.84168e-05
I0312 12:30:40.549914 2599850 lm_feature_timing.cpp:80] node dpath/b_mux_out[4]:753581 resistance 16.692 cap 0.000734545 slew 0.017183 delay 0.0123328 power 8.87614e-05
I0312 12:29:47.206735 2599876 lm_feature_timing.cpp:80] node dpath/a_reg_out[2]:738475 resistance 69.764 cap 0.000584628 slew 0.0429064 delay 0.241386 power 3.32077e-05
I0312 12:29:47.202366 2599796 lm_feature_timing.cpp:125] build net dpath/a_reg/n13 feature 
I0312 12:30:40.549960 2599823 lm_feature_timing.cpp:80] node dpath/a_lt_b/n35:838081 resistance 12.84 cap 0.00122804 slew 0.033561 delay 0.0174185 power 2.87546e-05
I0312 12:30:40.549976 2599819 lm_feature_timing.cpp:80] node dpath/a_reg_out[3]:736863 resistance 28.676 cap 0.00066134 slew 0.042396 delay 0.0534957 power 3.91233e-05
I0312 12:30:40.546402 2599817 lm_feature_timing.cpp:80] node dpath/a_mux/n5:737483 resistance 9.844 cap 0.000631792 slew 0.035087 delay 0.00681233 power 3.57379e-05
I0312 12:30:40.549993 2599850 lm_feature_timing.cpp:80] node dpath/b_mux/U6:Z resistance 0 cap 0.000910148 slew 0.017183 delay 0 power 0.000109981
I0312 12:29:47.209048 2599844 lm_feature_timing.cpp:80] node dpath/a_lt_b/n22:1185231 resistance 5.136 cap 0.000919096 slew 0.047613 delay 0.00499296 power 2.29623e-05
I0312 12:30:40.550016 2599876 lm_feature_timing.cpp:80] node dpath/a_reg_out[2]:735961 resistance 67.196 cap 0.000613014 slew 0.0429064 delay 0.239885 power 3.48201e-05
I0312 12:29:47.207199 2599810 lm_feature_timing.cpp:80] node dpath/a_reg/U10:A2 resistance 72.332 cap 0.000574604 slew 0.0222031 delay 0.0933752 power 6.94829e-05
I0312 12:30:40.546489 2599914 lm_feature_timing.cpp:80] node dpath/b_mux_out[6]:417596 resistance 14.552 cap 0.000582435 slew 0.016905 delay 0.0105581 power 7.17207e-05
I0312 12:30:40.550069 2599817 lm_feature_timing.cpp:80] node dpath/a_mux/n5:733293 resistance 5.564 cap 0.000676622 slew 0.035087 delay 0.00410826 power 3.82737e-05
I0312 12:30:40.550118 2599810 lm_feature_timing.cpp:80] node dpath/a_mux_out[9]:477977 resistance 72.332 cap 0.000574604 slew 0.0222031 delay 0.0933752 power 6.94829e-05
I0312 12:30:40.550133 2599914 lm_feature_timing.cpp:80] node dpath/b_mux_out[6]:417595 resistance 14.124 cap 0.000590266 slew 0.016905 delay 0.0103088 power 7.2685e-05
I0312 12:29:47.209131 2599915 lm_feature_timing.cpp:80] node ctrl/state_out[0]:440051 resistance 77.896 cap 0.000596981 slew 0.0498893 delay 0.236384 power 5.31483e-05
I0312 12:30:40.546608 2599826 lm_feature_timing.cpp:80] node dpath/a_mux_out[8]:821549 resistance 62.916 cap 0.000598488 slew 0.0212991 delay 0.0763435 power 6.96208e-05
I0312 12:30:40.550184 2599817 lm_feature_timing.cpp:80] node dpath/a_mux/n5:737483 resistance 9.844 cap 0.000631792 slew 0.035087 delay 0.00681233 power 3.57379e-05
I0312 12:30:40.550197 2599810 lm_feature_timing.cpp:80] node dpath/a_mux_out[9]:477977 resistance 72.332 cap 0.000574604 slew 0.0222031 delay 0.0933752 power 6.94829e-05
I0312 12:30:40.550220 2599826 lm_feature_timing.cpp:80] node dpath/a_mux_out[8]:1173509 resistance 62.916 cap 0.000758429 slew 0.0212991 delay 0.0763435 power 8.82264e-05
I0312 12:29:47.209249 2599820 lm_feature_timing.cpp:80] node dpath/a_mux/n7:370639 resistance 15.408 cap 0.000631792 slew 0.036128 delay 0.0114644 power 3.57379e-05
I0312 12:30:40.550253 2599826 lm_feature_timing.cpp:80] node dpath/a_mux_out[8]:1173471 resistance 46.652 cap 0.00091837 slew 0.0212991 delay 0.0640084 power 0.000106832
I0312 12:30:40.550233 2599796 lm_feature_timing.cpp:80] node dpath/a_reg/out_reg_11_:D resistance 35.096 cap 0.000564376 slew 0.019329 delay 0.0319474 power 5.1764e-05
I0312 12:30:40.546667 2599889 lm_feature_timing.cpp:80] node dpath/b_mux_out[12]:816377 resistance 1.284 cap 0.000721038 slew 0.01617 delay 0.000946425 power 9.89399e-05
I0312 12:30:40.550282 2599826 lm_feature_timing.cpp:80] node dpath/a_mux_out[8]:1173509 resistance 62.916 cap 0.000758429 slew 0.0212991 delay 0.0763435 power 8.82264e-05
I0312 12:30:40.546733 2599783 lm_feature_timing.cpp:80] node dpath/a_reg/out_reg_10_:CN resistance 47.08 cap 0.000562576 slew 0.020481 delay 0.048563 power 4.55687e-06
I0312 12:29:47.207576 2599919 lm_feature_timing.cpp:80] node dpath/b_reg/U3:A2 resistance 18.404 cap 0.000574604 slew 0.017135 delay 0.0138969 power 8.08498e-05
I0312 12:30:40.546787 2599816 lm_feature_timing.cpp:80] node dpath/a_lt_b/n26:483778 resistance 0 cap 0.000774979 slew 0.022504 delay 0 power 1.87242e-05
I0312 12:30:40.550351 2599820 lm_feature_timing.cpp:80] node dpath/a_mux/U15:ZN resistance 0 cap 0.000897838 slew 0.036128 delay 0 power 5.0787e-05
I0312 12:30:40.546840 2591690 lm_feature_timing.cpp:80] node dpath/CTS_1:484706 resistance 84.316 cap 0.000426078 slew 0.000853081 delay 0.737868 power 0.000138049
I0312 12:30:40.550384 2599783 lm_feature_timing.cpp:80] node dpath/a_reg/n12:851715 resistance 47.08 cap 0.000590962 slew 0.020481 delay 0.048563 power 4.7868e-06
I0312 12:29:47.207931 2599772 lm_feature_timing.cpp:80] node dpath/a_reg_out[1]:729169 resistance 44.94 cap 0.000666426 slew 0.0420913 delay 0.183949 power 3.61791e-05
I0312 12:30:40.546876 2599873 lm_feature_timing.cpp:80] node dpath/b_mux_out[1]:409051 resistance 15.836 cap 0.000586546 slew 0.017 delay 0.0116818 power 6.87706e-05
I0312 12:30:40.546913 2599905 lm_feature_timing.cpp:80] node dpath/a_mux_out[7]:791381 resistance 25.252 cap 0.000635097 slew 0.017289 delay 0.0214141 power 7.09609e-05
I0312 12:30:40.550437 2599816 lm_feature_timing.cpp:80] node dpath/a_lt_b/U30:B resistance 7.276 cap 0.000627763 slew 0.022504 delay 0.00510318 power 1.51673e-05
I0312 12:30:40.546921 2599815 lm_feature_timing.cpp:80] node dpath/a_lt_b/n4:386583 resistance 14.124 cap 0.00058826 slew 0.021374 delay 0.0103951 power 4.76491e-06
I0312 12:30:40.550469 2591690 lm_feature_timing.cpp:80] node dpath/CTS_1:484705 resistance 83.888 cap 0.000433909 slew 0.000853081 delay 0.737685 power 0.000140587
I0312 12:30:40.550482 2599772 lm_feature_timing.cpp:80] node dpath/a_reg_out[1]:739225 resistance 55.212 cap 0.00056404 slew 0.0420913 delay 0.189743 power 3.06208e-05
I0312 12:30:40.550521 2599873 lm_feature_timing.cpp:80] node dpath/b_mux_out[1]:409049 resistance 14.98 cap 0.000598488 slew 0.017 delay 0.0111797 power 7.01708e-05
I0312 12:30:40.546979 2599775 lm_feature_timing.cpp:80] node dpath/b_reg/n16:813845 resistance 1.284 cap 0.000867813 slew 0.01706 delay 0.00113488 power 0.000142406
I0312 12:30:40.550549 2591690 lm_feature_timing.cpp:80] node dpath/CTS_1:836665 resistance 83.888 cap 0.000445851 slew 0.000853081 delay 0.737685 power 0.000144456
I0312 12:30:40.550577 2599775 lm_feature_timing.cpp:80] node dpath/b_reg/n16:828929 resistance 16.692 cap 0.000716095 slew 0.01706 delay 0.0121685 power 0.000117509
I0312 12:29:47.208250 2599849 lm_feature_timing.cpp:80] node dpath/a_lt_b/n19:829093 resistance 20.972 cap 0.000816021 slew 0.017501 delay 0.0179182 power 1.38279e-05
I0312 12:30:40.550602 2599775 lm_feature_timing.cpp:80] node dpath/b_reg/n16:461885 resistance 1.284 cap 0.000883866 slew 0.01706 delay 0.00113488 power 0.00014504
I0312 12:30:40.550601 2599873 lm_feature_timing.cpp:80] node dpath/b_mux_out[1]:409051 resistance 15.836 cap 0.000586546 slew 0.017 delay 0.0116818 power 6.87706e-05
I0312 12:30:40.550622 2599775 lm_feature_timing.cpp:80] node dpath/b_reg/n16:813845 resistance 1.284 cap 0.000867813 slew 0.01706 delay 0.00113488 power 0.000142406
I0312 12:30:40.550621 2591690 lm_feature_timing.cpp:80] node dpath/CTS_1:836663 resistance 83.032 cap 0.00696114 slew 0.000853081 delay 0.737304 power 0.00225541
I0312 12:30:40.550645 2599775 lm_feature_timing.cpp:80] node dpath/b_reg/n16:461882 resistance 0 cap 0.00089992 slew 0.01706 delay 0 power 0.000147674
I0312 12:30:40.547444 2599802 lm_feature_timing.cpp:80] node dpath/a_mux_out[3]:379810 resistance 9.416 cap 0.000668768 slew 0.015352 delay 0.00629712 power 6.23991e-05
I0312 12:30:40.550668 2599775 lm_feature_timing.cpp:80] node dpath/b_reg/n16:461885 resistance 1.284 cap 0.000883866 slew 0.01706 delay 0.00113488 power 0.00014504
I0312 12:29:47.208683 2599895 lm_feature_timing.cpp:80] node ctrl/next_state__0[0]:786943 resistance 9.844 cap 0.000822643 slew 0.029224 delay 0.00884021 power 7.32386e-05
I0312 12:30:40.547518 2599890 lm_feature_timing.cpp:80] node ctrl_a_reg_en_0_:454525 resistance 200.732 cap 0.0011376 slew 0.0402393 delay 2.31708 power 9.21454e-06
I0312 12:30:40.550690 2591690 lm_feature_timing.cpp:80] node dpath/CTS_1:836665 resistance 83.888 cap 0.000445851 slew 0.000853081 delay 0.737685 power 0.000144456
I0312 12:30:40.547541 2599836 lm_feature_timing.cpp:80] node dpath/b_reg/n2:776977 resistance 18.832 cap 0.000740761 slew 0.017303 delay 0.0141112 power 9.22408e-05
I0312 12:30:40.547590 2599833 lm_feature_timing.cpp:80] node dpath/a_mux/n10:445141 resistance 9.416 cap 0.00083167 slew 0.037124 delay 0.0083205 power 4.70441e-05
I0312 12:30:40.550742 2599802 lm_feature_timing.cpp:80] node dpath/a_mux/U14:ZN resistance 0 cap 0.000762931 slew 0.015352 delay 0 power 7.1185e-05
I0312 12:30:40.550753 2599890 lm_feature_timing.cpp:80] node ctrl_a_reg_en_0_:454533 resistance 204.156 cap 0.00110099 slew 0.0402393 delay 2.32085 power 8.91801e-06
I0312 12:30:40.550770 2591690 lm_feature_timing.cpp:80] node dpath/CTS_1:469620 resistance 68.052 cap 0.000418247 slew 0.000816304 delay 0.630229 power 0.000135512
I0312 12:30:40.547677 2599894 lm_feature_timing.cpp:80] node dpath/a_lt_b/n11:393327 resistance 10.272 cap 0.000579745 slew 0.030248 delay 0.0107686 power 9.39188e-06
I0312 12:30:40.550812 2599833 lm_feature_timing.cpp:80] node dpath/a_mux/U21:ZN resistance 0 cap 0.000985935 slew 0.037124 delay 0 power 5.57703e-05
I0312 12:30:40.550820 2599802 lm_feature_timing.cpp:80] node dpath/a_mux_out[3]:377280 resistance 0 cap 0.000762931 slew 0.015352 delay 0 power 7.1185e-05
I0312 12:30:40.550837 2591690 lm_feature_timing.cpp:80] node dpath/CTS_1:821580 resistance 68.052 cap 0.000426078 slew 0.000816304 delay 0.630229 power 0.000138049
I0312 12:29:47.208645 2599792 lm_feature_timing.cpp:80] node dpath/a_reg/out_reg_8_:D resistance 7.276 cap 0.000637984 slew 0.016096 delay 0.00464197 power 4.50858e-05
I0312 12:30:40.550967 2599894 lm_feature_timing.cpp:80] node dpath/a_lt_b/n11:393321 resistance 7.704 cap 0.000608132 slew 0.030248 delay 0.00927981 power 9.85174e-06
I0312 12:29:47.203881 2599770 lm_feature_timing.cpp:125] build net dpath/a_mux/n8 feature 
I0312 12:30:40.547780 2599839 lm_feature_timing.cpp:80] node ctrl/state_out[1]:424129 resistance 18.404 cap 0.0025636 slew 0.029421 delay 0.0498747 power 2.07652e-05
I0312 12:29:47.206714 2599899 lm_feature_timing.cpp:80] node dpath/a_reg_out[13]:508789 resistance 0.856 cap 0.005116 slew 0.03813 delay 0.0043793 power 0.000494146
I0312 12:30:40.551129 2599894 lm_feature_timing.cpp:80] node dpath/a_lt_b/n11:393327 resistance 10.272 cap 0.000579745 slew 0.030248 delay 0.0107686 power 9.39188e-06
I0312 12:30:40.547829 2599846 lm_feature_timing.cpp:80] node dpath/a_reg/n18:809001 resistance 3.424 cap 0.019883 slew 0.050203 delay 0.0682048 power 0.000161052
I0312 12:30:40.542551 2599781 lm_feature_timing.cpp:80] node dpath/a_lt_b/n32:486999 resistance 17.976 cap 0.000635035 slew 0.020978 delay 0.0187062 power 5.14378e-06
I0312 12:30:40.551174 2599792 lm_feature_timing.cpp:80] node dpath/a_reg/U11:Z resistance 0 cap 0.000711592 slew 0.016096 delay 0 power 5.02877e-05
I0312 12:30:40.551213 2599899 lm_feature_timing.cpp:80] node dpath/a_reg_out[13]:860749 resistance 0.856 cap 0.00510406 slew 0.03813 delay 0.0043793 power 0.000492992
I0312 12:29:47.205300 2599891 lm_feature_timing.cpp:80] node dpath/a_reg/n3:388922 resistance 0 cap 0.00127814 slew 0.019387 delay 0 power 6.9388e-05
I0312 12:30:40.547909 2599797 lm_feature_timing.cpp:80] node dpath/a_reg_out[15]:820475 resistance 2.568 cap 0.00344711 slew 0.027745 delay 0.00892508 power 0.000348866
I0312 12:30:40.551250 2599846 lm_feature_timing.cpp:80] node dpath/a_reg/n18:809839 resistance 4.28 cap 0.0198711 slew 0.0502032 delay 0.0852144 power 0.000160956
I0312 12:30:40.547958 2599853 lm_feature_timing.cpp:80] node dpath/a_mux_out[15]:454272 resistance 22.256 cap 0.000713989 slew 0.016859 delay 0.0176927 power 0.000126661
I0312 12:30:40.547948 2599885 lm_feature_timing.cpp:80] node dpath/a_reg_out[9]:831621 resistance 28.248 cap 0.00270692 slew 0.0459835 delay 0.170477 power 0.000197515
I0312 12:30:40.551293 2599781 lm_feature_timing.cpp:80] node dpath/a_lt_b/n32:486991 resistance 14.552 cap 0.000671643 slew 0.020978 delay 0.0165318 power 5.44031e-06
I0312 12:30:40.547946 2599924 lm_feature_timing.cpp:80] node dpath/a_reg/U13:B1 resistance 36.38 cap 0.000659839 slew 0.0449412 delay 0.155265 power 4.35979e-05
I0312 12:30:40.551330 2599797 lm_feature_timing.cpp:80] node dpath/a_reg_out[15]:828017 resistance 10.272 cap 0.00145341 slew 0.027745 delay 0.0201222 power 0.000147093
I0312 12:30:40.551334 2599891 lm_feature_timing.cpp:80] node dpath/a_reg/n3:388903 resistance 8.132 cap 0.00119631 slew 0.019387 delay 0.00972837 power 6.49455e-05
I0312 12:30:40.551347 2599846 lm_feature_timing.cpp:80] node dpath/a_reg/n18:468770 resistance 18.404 cap 0.000731464 slew 0.0502045 delay 0.204329 power 5.92486e-06
I0312 12:30:40.548020 2599769 lm_feature_timing.cpp:80] node dpath/a_lt_b/n34:821329 resistance 2.996 cap 0.00102512 slew 0.019827 delay 0.00316863 power 8.30349e-06
I0312 12:30:40.551375 2599853 lm_feature_timing.cpp:80] node dpath/a_mux/U26:ZN resistance 0 cap 0.00102448 slew 0.016859 delay 0 power 0.000181742
I0312 12:30:40.548046 2599848 lm_feature_timing.cpp:80] node dpath/a_mux_out[14]:808723 resistance 0.856 cap 0.0010501 slew 0.0173 delay 0.000909106 power 0.000181451
I0312 12:30:40.551414 2599797 lm_feature_timing.cpp:80] node dpath/a_reg/U5:B1 resistance 23.968 cap 0.000659839 slew 0.027745 delay 0.0440147 power 6.67791e-05
I0312 12:30:40.551424 2599846 lm_feature_timing.cpp:80] node dpath/a_reg/n18:469608 resistance 19.26 cap 0.000695246 slew 0.0502045 delay 0.204924 power 5.63149e-06
I0312 12:30:40.548189 2599902 lm_feature_timing.cpp:80] node dpath/a_lt_b/n37:479418 resistance 0 cap 0.00150803 slew 0.018123 delay 0 power 1.2215e-05
I0312 12:30:40.551451 2599853 lm_feature_timing.cpp:80] node dpath/a_mux_out[15]:445024 resistance 0 cap 0.00102448 slew 0.016859 delay 0 power 0.000181742
I0312 12:30:40.551505 2599846 lm_feature_timing.cpp:80] node dpath/a_reg/U9:B2 resistance 65.056 cap 0.000667642 slew 0.0502074 delay 0.568016 power 5.4079e-06
I0312 12:30:40.551519 2599902 lm_feature_timing.cpp:80] node dpath/a_lt_b/n37:479429 resistance 4.708 cap 0.00145908 slew 0.018123 delay 0.00686937 power 1.18186e-05
I0312 12:30:40.548242 2599776 lm_feature_timing.cpp:80] node dpath/a_mux/n12:797821 resistance 5.136 cap 0.000663898 slew 0.034079 delay 0.00340978 power 3.7554e-05
I0312 12:30:40.548328 2599859 lm_feature_timing.cpp:80] node dpath/a_lt_b/n9:741901 resistance 2.568 cap 0.00100915 slew 0.031625 delay 0.00259151 power 1.63483e-05
I0312 12:30:40.551568 2599853 lm_feature_timing.cpp:80] node dpath/a_mux_out[15]:454272 resistance 22.256 cap 0.000713989 slew 0.016859 delay 0.0176927 power 0.000126661
I0312 12:30:40.551580 2599846 lm_feature_timing.cpp:80] node dpath/a_reg/n18:829865 resistance 65.056 cap 0.000696028 slew 0.0502074 delay 0.568016 power 5.63783e-06
I0312 12:30:40.548375 2599793 lm_feature_timing.cpp:80] node dpath/b_reg/n6:756105 resistance 2.996 cap 0.00081848 slew 0.016914 delay 0.00254953 power 0.000105103
I0312 12:30:40.548462 2599785 lm_feature_timing.cpp:80] node dpath/b_mux/U12:Z resistance 0 cap 0.00068071 slew 0.01565 delay 0 power 3.5815e-05
I0312 12:29:47.204360 2599858 lm_feature_timing.cpp:125] build net dpath/a_lt_b/n13 feature 
I0312 12:30:40.548498 2599912 lm_feature_timing.cpp:80] node ctrl/state/n1:776021 resistance 16.692 cap 0.00151375 slew 2.72699e-05 delay 0.0259137 power 1.22614e-05
I0312 12:30:40.544202 2599828 lm_feature_timing.cpp:80] node dpath/a_reg_out[0]:745103 resistance 26.536 cap 0.000688225 slew 0.039044 delay 0.0558907 power 3.15961e-05
I0312 12:30:40.551605 2599770 lm_feature_timing.cpp:80] node dpath/a_mux/n8:380582 resistance 4.28 cap 0.000631792 slew 0.033624 delay 0.00270407 power 3.57379e-05
I0312 12:30:40.544196 2599800 lm_feature_timing.cpp:80] node dpath/b_mux_out[14]:1166597 resistance 2.996 cap 0.000835366 slew 0.01702 delay 0.00260967 power 0.000153022
I0312 12:30:40.551687 2599785 lm_feature_timing.cpp:80] node dpath/b_mux_out[10]:464488 resistance 0 cap 0.00068071 slew 0.01565 delay 0 power 3.5815e-05
I0312 12:30:40.551621 2599776 lm_feature_timing.cpp:80] node dpath/a_mux/n12:445859 resistance 5.992 cap 0.000598903 slew 0.034079 delay 0.00392244 power 3.38775e-05
I0312 12:30:40.551666 2599793 lm_feature_timing.cpp:80] node dpath/b_reg/n6:768675 resistance 15.836 cap 0.000691428 slew 0.016914 delay 0.0114275 power 8.87879e-05
I0312 12:30:40.548650 2599909 lm_feature_timing.cpp:80] node dpath/b_mux_out[3]:417537 resistance 14.98 cap 0.000611213 slew 0.016915 delay 0.0109079 power 7.31508e-05
I0312 12:30:40.551759 2599785 lm_feature_timing.cpp:80] node dpath/b_mux_out[10]:462820 resistance 5.136 cap 0.000627657 slew 0.01565 delay 0.00322365 power 3.30237e-05
I0312 12:30:40.548641 2599782 lm_feature_timing.cpp:80] node ctrl_b_reg_en_0_:432518 resistance 0 cap 0.000671179 slew 0.027947 delay 0 power 5.07001e-05
I0312 12:30:40.544479 2599857 lm_feature_timing.cpp:80] node dpath/a_lt_b/n15:1130767 resistance 12.412 cap 0.000752485 slew 0.021785 delay 0.0112791 power 6.09513e-06
I0312 12:30:40.551784 2599828 lm_feature_timing.cpp:80] node dpath/a_reg_out[0]:742589 resistance 23.968 cap 0.00158049 slew 0.039044 delay 0.0541233 power 7.25594e-05
I0312 12:30:40.551817 2599785 lm_feature_timing.cpp:80] node dpath/b_mux_out[10]:464488 resistance 0 cap 0.00068071 slew 0.01565 delay 0 power 3.5815e-05
I0312 12:30:40.548733 2599861 lm_feature_timing.cpp:80] node dpath/a_reg_out[7]:424364 resistance 27.392 cap 0.000615497 slew 0.0402571 delay 0.0866866 power 4.20825e-05
I0312 12:30:40.551831 2599909 lm_feature_timing.cpp:80] node dpath/b_mux/U5:Z resistance 0 cap 0.000884699 slew 0.016915 delay 0 power 0.000105882
I0312 12:30:40.551849 2599857 lm_feature_timing.cpp:80] node dpath/a_lt_b/n15:777131 resistance 14.124 cap 0.000629935 slew 0.021785 delay 0.0123575 power 5.10248e-06
I0312 12:30:40.551883 2599828 lm_feature_timing.cpp:80] node dpath/a_reg_out[0]:745103 resistance 26.536 cap 0.000688225 slew 0.039044 delay 0.0558907 power 3.15961e-05
I0312 12:30:40.548797 2599789 lm_feature_timing.cpp:80] node dpath/b_reg/n17:801261 resistance 0.856 cap 0.000686926 slew 0.015991 delay 0.000598231 power 9.50332e-05
I0312 12:30:40.551911 2599909 lm_feature_timing.cpp:80] node dpath/b_mux_out[3]:404132 resistance 0 cap 0.000884699 slew 0.016915 delay 0 power 0.000105882
I0312 12:30:40.548803 2599906 lm_feature_timing.cpp:80] node dpath/a_mux_out[6]:396647 resistance 0.428 cap 0.00104797 slew 0.017149 delay 0.000448531 power 0.000112276
I0312 12:30:40.548851 2599877 lm_feature_timing.cpp:80] node dpath/b_reg/n10:464574 resistance 9.416 cap 0.000862529 slew 0.017358 delay 0.00812157 power 0.000112743
I0312 12:30:40.548849 2599907 lm_feature_timing.cpp:80] node dpath/b_mux_out[11]:462775 resistance 6.42 cap 0.00063999 slew 0.015792 delay 0.00410874 power 8.70144e-05
I0312 12:30:40.551967 2599828 lm_feature_timing.cpp:80] node dpath/sub/U20:A2 resistance 32.528 cap 0.000554824 slew 0.0390441 delay 0.0809783 power 2.54717e-05
I0312 12:30:40.545004 2599855 lm_feature_timing.cpp:80] node dpath/a_lt_b/n14:400033 resistance 15.836 cap 0.000624084 slew 0.020585 delay 0.0126448 power 5.05508e-06
I0312 12:30:40.551978 2599858 lm_feature_timing.cpp:80] node dpath/a_lt_b/placeFE_RC_0_0:B1 resistance 14.552 cap 0.000593169 slew 0.031831 delay 0.0108282 power 1.89266e-05
I0312 12:30:40.551980 2599789 lm_feature_timing.cpp:80] node dpath/b_reg/n17:807127 resistance 6.848 cap 0.000625651 slew 0.015991 delay 0.00434713 power 8.65561e-05
I0312 12:30:40.545058 2599875 lm_feature_timing.cpp:80] node ctrl/n3:789511 resistance 3.424 cap 0.000656426 slew 0.015546 delay 0.0022476 power 1.57011e-05
I0312 12:30:40.548967 2599842 lm_feature_timing.cpp:80] node dpath/a_reg_out[14]:1185865 resistance 24.824 cap 0.0017609 slew 0.0404481 delay 0.0768424 power 0.000246034
I0312 12:30:40.552095 2599789 lm_feature_timing.cpp:80] node dpath/b_reg/U3:Z resistance 0 cap 0.00071081 slew 0.015991 delay 0 power 9.83375e-05
I0312 12:30:40.549049 2599903 lm_feature_timing.cpp:80] node dpath/a_mux/U13:ZN resistance 0 cap 0.000676622 slew 0.033624 delay 0 power 3.82737e-05
I0312 12:30:40.545300 2599824 lm_feature_timing.cpp:80] node dpath/a_mux/n15:790477 resistance 13.696 cap 0.000705009 slew 0.036668 delay 0.0109773 power 3.98794e-05
I0312 12:30:40.549072 2599788 lm_feature_timing.cpp:80] node dpath/a_mux_out[5]:387465 resistance 30.388 cap 0.000623155 slew 0.017957 delay 0.0281072 power 6.38972e-05
I0312 12:30:40.552162 2599842 lm_feature_timing.cpp:80] node dpath/a_reg_out[14]:1185845 resistance 16.264 cap 0.00184684 slew 0.040448 delay 0.0617691 power 0.000258042
I0312 12:30:40.545303 2599843 lm_feature_timing.cpp:80] node dpath/a_reg/n4:753533 resistance 16.264 cap 0.000691428 slew 0.01709 delay 0.0118058 power 3.92742e-05
I0312 12:30:40.549129 2599864 lm_feature_timing.cpp:80] node dpath/a_lt_b/n1:733373 resistance 9.416 cap 0.000791444 slew 0.017306 delay 0.00795497 power 6.4107e-06
I0312 12:29:47.206065 2599774 lm_feature_timing.cpp:80] node dpath/a_reg/n9:440276 resistance 0 cap 0.000728037 slew 0.016117 delay 0 power 4.9777e-05
I0312 12:29:47.206068 2599925 lm_feature_timing.cpp:80] node dpath/b_reg/n4:407441 resistance 2.14 cap 0.000793423 slew 0.01652 delay 0.00169792 power 0.000100959
I0312 12:30:40.552243 2599842 lm_feature_timing.cpp:80] node dpath/a_reg_out[14]:1185865 resistance 24.824 cap 0.0017609 slew 0.0404481 delay 0.0768424 power 0.000246034
I0312 12:30:40.549276 2599901 lm_feature_timing.cpp:80] node dpath/a_mux/U3:ZN resistance 0 cap 0.000780143 slew 0.020149 delay 0 power 4.99588e-05
I0312 12:30:40.552279 2599864 lm_feature_timing.cpp:80] node dpath/a_lt_b/U13:B1 resistance 13.268 cap 0.000662236 slew 0.017306 delay 0.010655 power 5.36411e-06
I0312 12:30:40.545497 2599808 lm_feature_timing.cpp:80] node dpath/a_reg/n5:735979 resistance 7.704 cap 0.00101797 slew 0.018395 delay 0.00791213 power 6.02205e-05
I0312 12:30:40.552346 2599901 lm_feature_timing.cpp:80] node dpath/a_mux/n16:439278 resistance 0 cap 0.000780143 slew 0.020149 delay 0 power 4.99588e-05
I0312 12:30:40.552348 2599925 lm_feature_timing.cpp:80] node dpath/b_reg/n4:759401 resistance 2.14 cap 0.000769147 slew 0.01652 delay 0.00169792 power 9.78699e-05
I0312 12:30:40.552363 2599842 lm_feature_timing.cpp:80] node dpath/a_lt_b/U36:A2 resistance 14.98 cap 0.000445992 slew 0.040448 delay 0.0575468 power 6.23144e-05
I0312 12:30:40.549345 2599798 lm_feature_timing.cpp:80] node dpath/b_mux/n1:441915 resistance 0 cap 0.0172091 slew 0.042752 delay 0 power 0.0016715
I0312 12:30:40.549335 2599910 lm_feature_timing.cpp:80] node dpath/a_mux/n11:455982 resistance 7.276 cap 0.000660569 slew 0.034274 delay 0.0048063 power 3.73657e-05
I0312 12:30:40.545609 2599784 lm_feature_timing.cpp:80] node dpath/a_mux/FE_OFN3_ctrl_a_mux_sel_1:734307 resistance 110.852 cap 0.0037575 slew 0.0264799 delay 0.847364 power 0.000120312
I0312 12:30:40.552420 2599901 lm_feature_timing.cpp:80] node dpath/a_mux/n16:439277 resistance 0.428 cap 0.000772311 slew 0.020149 delay 0.000330549 power 4.94573e-05
I0312 12:30:40.552435 2599910 lm_feature_timing.cpp:137] net dpath/a_mux/n11 resistance 14.552 cap 0.000734177 slew 0.000361244 delay 0.0048063 power 3.36388e-08
I0312 12:30:40.545789 2599880 lm_feature_timing.cpp:80] node dpath/a_reg/n8:756209 resistance 3.424 cap 0.000793032 slew 0.01695 delay 0.00284069 power 5.23984e-05
I0312 12:29:47.206395 2599884 lm_feature_timing.cpp:80] node dpath/a_mux/n17:797991 resistance 6.848 cap 0.000680342 slew 0.034452 delay 0.00465898 power 5.51077e-06
I0312 12:30:40.545897 2599779 lm_feature_timing.cpp:80] node dpath/a_lt_b/U29:B resistance 6.848 cap 0.000586961 slew 0.029156 delay 0.00449543 power 1.51882e-05
I0312 12:30:40.552469 2599925 lm_feature_timing.cpp:80] node dpath/b_reg/n4:407436 resistance 0 cap 0.000817698 slew 0.01652 delay 0 power 0.000104048
I0312 12:30:40.545920 2599768 lm_feature_timing.cpp:80] node dpath/a_mux_out[1]:386391 resistance 20.116 cap 0.000574604 slew 0.016524 delay 0.0156 power 4.80173e-05
I0312 12:30:40.552529 2599880 lm_feature_timing.cpp:80] node dpath/a_reg/n8:404241 resistance 0 cap 0.000866249 slew 0.01695 delay 0 power 5.72361e-05
I0312 12:30:40.549611 2599871 lm_feature_timing.cpp:80] node dpath/b_reg/U17:Z resistance 0 cap 0.00078481 slew 0.016325 delay 0 power 9.93698e-05
I0312 12:30:40.552553 2599779 lm_feature_timing.cpp:80] node dpath/a_lt_b/n25:486293 resistance 6.848 cap 0.000656458 slew 0.029156 delay 0.00449543 power 1.69865e-05
I0312 12:30:40.549604 2599801 lm_feature_timing.cpp:80] node ctrl/next_state__0[1]:776041 resistance 19.688 cap 0.000561098 slew 0.030897 delay 0.0144182 power 5.12299e-05
I0312 12:30:40.552582 2599779 lm_feature_timing.cpp:137] net dpath/a_lt_b/n25 resistance 13.696 cap 0.000725955 slew 0.000344529 delay 0.00449543 power 1.52157e-08
I0312 12:29:47.209789 2599921 lm_feature_timing.cpp:80] node dpath/a_mux/n14:395806 resistance 15.836 cap 0.000603014 slew 0.036474 delay 0.0119985 power 3.411e-05
I0312 12:30:40.545964 2599825 lm_feature_timing.cpp:80] node dpath/a_lt_b/n23:483807 resistance 5.136 cap 0.000704344 slew 0.024902 delay 0.00390273 power 1.14104e-05
I0312 12:30:40.552629 2599871 lm_feature_timing.cpp:80] node dpath/b_reg/n3:409906 resistance 0 cap 0.00078481 slew 0.016325 delay 0 power 9.93698e-05
I0312 12:29:47.206508 2599812 lm_feature_timing.cpp:80] node dpath/a_lt_b/n2:385593 resistance 5.992 cap 0.000586961 slew 0.023105 delay 0.00388423 power 9.50877e-06
I0312 12:30:40.552639 2599768 lm_feature_timing.cpp:80] node dpath/a_mux_out[1]:738351 resistance 20.116 cap 0.000668768 slew 0.016524 delay 0.0156 power 5.58862e-05
I0312 12:29:47.209903 2599841 lm_feature_timing.cpp:80] node dpath/a_reg/n1:831337 resistance 4.28 cap 0.000669753 slew 0.011477 delay 0.00305842 power 0.00011573
I0312 12:30:40.552671 2599921 lm_feature_timing.cpp:80] node dpath/a_mux/n14:395803 resistance 14.552 cap 0.000619067 slew 0.036474 delay 0.0112242 power 3.50181e-05
I0312 12:30:40.549734 2599771 lm_feature_timing.cpp:80] node dpath/a_reg/n11:478009 resistance 7.276 cap 0.000793423 slew 0.01698 delay 0.00577294 power 5.78936e-05
I0312 12:30:40.552721 2599768 lm_feature_timing.cpp:80] node dpath/a_mux_out[1]:729133 resistance 10.7 cap 0.000762931 slew 0.016524 delay 0.00930288 power 6.37551e-05
I0312 12:30:40.549778 2599851 lm_feature_timing.cpp:80] node dpath/b_reg/n12:816473 resistance 0 cap 0.00139247 slew 0.019979 delay 0 power 0.00012116
I0312 12:30:40.549813 2599795 lm_feature_timing.cpp:80] node dpath/a_reg/n14:477025 resistance 0.428 cap 0.00120453 slew 0.018996 delay 0.000515539 power 0.000113505
I0312 12:30:40.546128 2599829 lm_feature_timing.cpp:80] node ctrl/n2:792019 resistance 1.712 cap 0.000849369 slew 0.023799 delay 0.00253589 power 6.87989e-06
I0312 12:30:40.552793 2599768 lm_feature_timing.cpp:80] node dpath/a_mux_out[1]:738351 resistance 20.116 cap 0.000668768 slew 0.016524 delay 0.0156 power 5.58862e-05
I0312 12:30:40.549856 2599874 lm_feature_timing.cpp:80] node dpath/b_mux_out[5]:741045 resistance 4.708 cap 0.000992369 slew 0.018108 delay 0.00490249 power 0.000121059
I0312 12:30:40.546180 2599893 lm_feature_timing.cpp:80] node dpath/a_mux_out[2]:736737 resistance 4.708 cap 0.000741985 slew 0.015615 delay 0.00356088 power 6.57342e-05
I0312 12:30:40.552829 2599851 lm_feature_timing.cpp:80] node dpath/b_reg/n12:841613 resistance 25.68 cap 0.00114208 slew 0.019979 delay 0.0293287 power 9.9374e-05
I0312 12:30:40.552847 2599795 lm_feature_timing.cpp:80] node dpath/a_reg/U7:Z resistance 0 cap 0.00121236 slew 0.018996 delay 0 power 0.000114243
I0312 12:30:40.552863 2599829 lm_feature_timing.cpp:80] node ctrl/U13:A2 resistance 2.14 cap 0.000596047 slew 0.023799 delay 0.00279435 power 4.82798e-06
I0312 12:30:40.546283 2599897 lm_feature_timing.cpp:80] node ctrl/n1:1133071 resistance 21.828 cap 0.000734876 slew 0.029815 delay 0.0207114 power 1.1905e-05
I0312 12:30:40.549954 2599888 lm_feature_timing.cpp:80] node dpath/b_reg/FE_OFN2_ctrl_b_reg_en_0:823209 resistance 130.54 cap 0.000735812 slew 0.0278504 delay 0.728667 power 5.55824e-05
I0312 12:30:40.552915 2599851 lm_feature_timing.cpp:80] node dpath/b_reg/U8:Z resistance 0 cap 0.00139247 slew 0.019979 delay 0 power 0.00012116
I0312 12:30:40.552932 2599829 lm_feature_timing.cpp:80] node ctrl/n2:440060 resistance 2.14 cap 0.000603878 slew 0.023799 delay 0.00279435 power 4.89141e-06
I0312 12:30:40.550027 2599819 lm_feature_timing.cpp:80] node dpath/a_reg_out[3]:736025 resistance 27.82 cap 0.000673282 slew 0.042396 delay 0.0529296 power 3.98298e-05
I0312 12:30:40.546483 2599852 lm_feature_timing.cpp:137] net dpath/a_lt_b/n28 resistance 10.272 cap 0.000705413 slew 0.000359149 delay 0.00335052 power 7.64934e-09
I0312 12:30:40.552989 2599851 lm_feature_timing.cpp:80] node dpath/b_reg/n12:464513 resistance 0 cap 0.00139247 slew 0.019979 delay 0 power 0.00012116
I0312 12:30:40.553000 2599829 lm_feature_timing.cpp:80] node ctrl/n2:440059 resistance 1.712 cap 0.00148124 slew 0.023799 delay 0.00253589 power 1.19981e-05
I0312 12:29:47.209110 2599805 lm_feature_timing.cpp:80] node dpath/b_mux/U1:I resistance 151.084 cap 0.00106438 slew 0.0310884 delay 2.06795 power 0.000103382
I0312 12:30:40.550091 2599844 lm_feature_timing.cpp:80] node dpath/a_lt_b/n22:828243 resistance 0 cap 0.0010252 slew 0.047613 delay 0 power 2.56132e-05
I0312 12:30:40.553058 2599852 lm_feature_timing.cpp:125] build net dpath/b_reg_out[10] feature 
I0312 12:30:40.553067 2599829 lm_feature_timing.cpp:80] node ctrl/n2:440060 resistance 2.14 cap 0.000603878 slew 0.023799 delay 0.00279435 power 4.89141e-06
I0312 12:30:40.546535 2599892 lm_feature_timing.cpp:80] node dpath/a_lt_b/n27:484601 resistance 8.132 cap 0.00115082 slew 0.01901 delay 0.00935851 power 9.32168e-06
I0312 12:29:47.207374 2599780 lm_feature_timing.cpp:80] node dpath/a_reg_out[11]:1167531 resistance 56.068 cap 0.000798833 slew 0.0394354 delay 0.205558 power 7.32682e-05
I0312 12:30:40.553113 2599844 lm_feature_timing.cpp:80] node dpath/a_lt_b/n22:833271 resistance 5.136 cap 0.000972149 slew 0.047613 delay 0.00499296 power 2.42877e-05
I0312 12:30:40.550204 2599914 lm_feature_timing.cpp:80] node dpath/b_mux_out[6]:417596 resistance 14.552 cap 0.000582435 slew 0.016905 delay 0.0105581 power 7.17207e-05
I0312 12:30:40.546685 2599922 lm_feature_timing.cpp:80] node dpath/a_lt_b/n29:842337 resistance 15.836 cap 0.000733627 slew 0.020196 delay 0.0131883 power 5.94238e-06
I0312 12:30:40.553205 2599780 lm_feature_timing.cpp:80] node dpath/a_reg_out[11]:808867 resistance 49.22 cap 0.000937828 slew 0.0394354 delay 0.199612 power 8.60166e-05
I0312 12:30:40.553216 2599844 lm_feature_timing.cpp:80] node dpath/a_lt_b/U28:B2 resistance 20.544 cap 0.000600779 slew 0.047613 delay 0.0167785 power 1.50096e-05
I0312 12:30:40.550238 2599915 lm_feature_timing.cpp:80] node ctrl/state_out[0]:429995 resistance 67.624 cap 0.000598054 slew 0.0498893 delay 0.2292 power 5.32438e-05
I0312 12:30:40.546753 2599865 lm_feature_timing.cpp:80] node dpath/a_lt_b/n36:470223 resistance 20.544 cap 0.000643873 slew 0.045927 delay 0.0169087 power 1.50789e-05
I0312 12:30:40.550323 2599796 lm_feature_timing.cpp:80] node dpath/a_reg/n13:852501 resistance 35.096 cap 0.000781872 slew 0.019329 delay 0.0319474 power 7.17125e-05
I0312 12:30:40.550329 2599826 lm_feature_timing.cpp:80] node dpath/a_mux_out[8]:1139113 resistance 9.844 cap 0.00171886 slew 0.021299 delay 0.0170546 power 0.000199951
I0312 12:30:40.553285 2599844 lm_feature_timing.cpp:80] node dpath/a_lt_b/n22:484639 resistance 20.544 cap 0.000612721 slew 0.047613 delay 0.0167785 power 1.5308e-05
I0312 12:30:40.550345 2599889 lm_feature_timing.cpp:80] node dpath/b_mux_out[12]:819729 resistance 4.708 cap 0.00068443 slew 0.01617 delay 0.00328991 power 9.39165e-05
I0312 12:30:40.553308 2599915 lm_feature_timing.cpp:80] node ctrl/state_out[0]:781955 resistance 67.624 cap 0.00167486 slew 0.0498893 delay 0.2292 power 0.00014911
I0312 12:30:40.546844 2599879 lm_feature_timing.cpp:80] node dpath/a_mux_out[13]:808791 resistance 3.424 cap 0.000910148 slew 0.016793 delay 0.00324169 power 0.000153056
I0312 12:30:40.553326 2599796 lm_feature_timing.cpp:80] node dpath/a_reg/n13:830713 resistance 12.84 cap 0.000999367 slew 0.019329 delay 0.014546 power 9.1661e-05
I0312 12:30:40.550426 2599919 lm_feature_timing.cpp:80] node dpath/b_mux_out[15]:447610 resistance 18.404 cap 0.0007551 slew 0.017135 delay 0.0138969 power 0.000106246
I0312 12:30:40.550429 2599820 lm_feature_timing.cpp:80] node dpath/a_mux/n7:732643 resistance 0 cap 0.000897838 slew 0.036128 delay 0 power 5.0787e-05
I0312 12:30:40.553369 2599844 lm_feature_timing.cpp:80] node dpath/a_lt_b/n22:484637 resistance 19.688 cap 0.000624663 slew 0.047613 delay 0.016254 power 1.56063e-05
