Log file created at: 2025/03/15 02:48:37
Running on machine: 167-ai-eda
Log line format: [IWEF]mmdd hh:mm:ss.uuuuuu threadid file:line] msg
I0315 02:48:37.126209 2842323 lm_layout_init.cpp:65] Via number : 465
I0315 02:48:37.137295 2842323 lm_layout_init.cpp:132] Layer number : 20
I0315 02:48:37.137368 2842323 lm_layout_init.cpp:153] LM init tracks start...
I0315 02:48:37.138180 2842323 lm_layout_init.cpp:191] LM layer order : 19, row = 420, col = 419
I0315 02:48:37.138942 2842323 lm_layout_init.cpp:191] LM layer order : 18, row = 420, col = 419
I0315 02:48:37.139717 2842323 lm_layout_init.cpp:191] LM layer order : 17, row = 420, col = 419
I0315 02:48:37.140476 2842323 lm_layout_init.cpp:191] LM layer order : 16, row = 420, col = 419
I0315 02:48:37.141240 2842323 lm_layout_init.cpp:191] LM layer order : 15, row = 420, col = 419
I0315 02:48:37.141999 2842323 lm_layout_init.cpp:191] LM layer order : 14, row = 420, col = 419
I0315 02:48:37.142773 2842323 lm_layout_init.cpp:191] LM layer order : 13, row = 420, col = 419
I0315 02:48:37.143535 2842323 lm_layout_init.cpp:191] LM layer order : 0, row = 420, col = 419
I0315 02:48:37.144304 2842323 lm_layout_init.cpp:191] LM layer order : 1, row = 420, col = 419
I0315 02:48:37.145057 2842323 lm_layout_init.cpp:191] LM layer order : 2, row = 420, col = 419
I0315 02:48:37.145816 2842323 lm_layout_init.cpp:191] LM layer order : 3, row = 420, col = 419
I0315 02:48:37.146570 2842323 lm_layout_init.cpp:191] LM layer order : 4, row = 420, col = 419
I0315 02:48:37.147336 2842323 lm_layout_init.cpp:191] LM layer order : 5, row = 420, col = 419
I0315 02:48:37.148087 2842323 lm_layout_init.cpp:191] LM layer order : 6, row = 420, col = 419
I0315 02:48:37.148849 2842323 lm_layout_init.cpp:191] LM layer order : 7, row = 420, col = 419
I0315 02:48:37.149601 2842323 lm_layout_init.cpp:191] LM layer order : 8, row = 420, col = 419
I0315 02:48:37.150375 2842323 lm_layout_init.cpp:191] LM layer order : 9, row = 420, col = 419
I0315 02:48:37.151142 2842323 lm_layout_init.cpp:191] LM layer order : 10, row = 420, col = 419
I0315 02:48:37.151922 2842323 lm_layout_init.cpp:191] LM layer order : 11, row = 420, col = 419
I0315 02:48:37.152674 2842323 lm_layout_init.cpp:191] LM layer order : 12, row = 420, col = 419
I0315 02:48:37.152683 2842323 lm_layout_init.cpp:170] LM memory usage 27.756 MB
I0315 02:48:37.152755 2842323 lm_layout_init.cpp:171] LM elapsed time 0.015389 s
I0315 02:48:37.152767 2842323 lm_layout_init.cpp:173] LM init tracks end...
I0315 02:48:37.152789 2842323 lm_layout_init.cpp:632] LM init nets start...
I0315 02:48:37.191460 2851206 lm_layout_init.cpp:759] Read nets : 0 / 270
I0315 02:48:37.252568 2842323 lm_layout_init.cpp:764] Read nets : 270 / 270
I0315 02:48:37.252609 2842323 lm_layout_init.cpp:765] LM memory usage 9593.98 MB
I0315 02:48:37.252683 2842323 lm_layout_init.cpp:766] LM elapsed time 0.099898 s
I0315 02:48:37.252693 2842323 lm_layout_init.cpp:768] LM init nets end...
I0315 02:48:37.252826 2842323 lm_net_graph_gen.cc:58] Layer number : 19
I0315 02:48:37.336988 2851184 lm_graph_dm.cpp:187] Read nets : 0 / 270
I0315 02:48:37.397069 2842323 lm_graph_dm.cpp:198] Read nets : 270 / 270
I0315 02:48:37.397116 2842323 lm_graph_dm.cpp:201] LM memory usage 1835.14 MB
I0315 02:48:37.397197 2842323 lm_graph_dm.cpp:202] LM elapsed time 0.144483 s
I0315 02:48:37.397207 2842323 lm_graph_dm.cpp:203] LM save json net end...
I0315 02:48:37.397267 2842323 lm_patch_init.cpp:87] LM patch grid init start...
I0315 02:48:37.397382 2842323 lm_patch_init.cpp:107] Init patch : 0
I0315 02:48:37.420852 2842323 lm_patch_init.cpp:112] Init patch : 625
I0315 02:48:37.420881 2842323 lm_patch_init.cpp:114] LM memory usage 0 MB
I0315 02:48:37.420943 2842323 lm_patch_init.cpp:115] LM elapsed time 0.023679 s
I0315 02:48:37.420965 2842323 lm_patch_init.cpp:116] LM patch grid init end...
I0315 02:48:37.420996 2842323 lm_patch_init.cpp:123] LM patch init subnet start...
I0315 02:48:37.489324 2851222 lm_patch_init.cpp:189] Init net : 0 / 270
I0315 02:48:37.506381 2842323 lm_patch_init.cpp:192] Init net : 270 / 270
I0315 02:48:37.506417 2842323 lm_patch_init.cpp:196] LM memory usage 133.06 MB
I0315 02:48:37.506482 2842323 lm_patch_init.cpp:197] LM elapsed time 0.085488 s
I0315 02:48:37.506491 2842323 lm_patch_init.cpp:198] LM patch init subnet end...
I0315 02:48:37.638572 2842323 lm_graph_check.cc:459] Net connected succuss ratio : 270 / 270
I0315 02:48:37.644181 2842323 Sta.cc:298] load lib start
I0315 02:48:37.645453 2851299 Sta.cc:276] read liberty /data/project_share/process_node/dataset_baseline/lib/tcbn28hpcplusbwp30p140ssg0p81v125c_ccs.lib start 
I0315 02:48:37.645542 2851307 Sta.cc:276] read liberty /data/project_share/process_node/dataset_baseline/lib/tcbn28hpcplusbwp30p140oppuhvtssg0p81v125c_ccs.lib start 
I0315 02:48:37.645893 2851305 Sta.cc:276] read liberty /data/project_share/process_node/dataset_baseline/lib/tcbn28hpcplusbwp30p140opphvtssg0p81v125c_ccs.lib start 
I0315 02:48:37.645886 2851304 Sta.cc:276] read liberty /data/project_share/process_node/dataset_baseline/lib/tcbn28hpcplusbwp30p140oppssg0p81v125c_ccs.lib start 
I0315 02:48:37.645686 2851301 Sta.cc:276] read liberty /data/project_share/process_node/dataset_baseline/lib/tcbn28hpcplusbwp30p140lvtssg0p81v125c_ccs.lib start 
I0315 02:48:37.645932 2851310 Sta.cc:276] read liberty /data/project_share/process_node/dataset_baseline/lib/tcbn28hpcplusbwp35p140lvtssg0p81v125c_ccs.lib start 
I0315 02:48:37.645608 2851306 Sta.cc:276] read liberty /data/project_share/process_node/dataset_baseline/lib/tcbn28hpcplusbwp30p140opplvtssg0p81v125c_ccs.lib start 
I0315 02:48:37.645896 2851303 Sta.cc:276] read liberty /data/project_share/process_node/dataset_baseline/lib/tcbn28hpcplusbwp30p140mblvtssg0p81v125c_ccs.lib start 
I0315 02:48:37.646075 2851314 Sta.cc:276] read liberty /data/project_share/process_node/dataset_baseline/lib/tcbn28hpcplusbwp35p140opplvtssg0p81v125c_ccs.lib start 
I0315 02:48:37.645982 2851319 Sta.cc:276] read liberty /data/project_share/process_node/dataset_baseline/lib/tcbn28hpcplusbwp35p140oppssg0p81v125c_ccs.lib start 
I0315 02:48:37.645890 2851308 Sta.cc:276] read liberty /data/project_share/process_node/dataset_baseline/lib/tcbn28hpcplusbwp30p140oppulvtssg0p81v125c_ccs.lib start 
I0315 02:48:37.645843 2851313 Sta.cc:276] read liberty /data/project_share/process_node/dataset_baseline/lib/tcbn28hpcplusbwp35p140ssg0p81v125c_ccs.lib start 
I0315 02:48:37.646147 2851320 Sta.cc:276] read liberty /data/project_share/process_node/dataset_baseline/lib/tcbn28hpcplusbwp35p140uhvtssg0p81v125c_ccs.lib start 
I0315 02:48:37.646011 2851321 Sta.cc:276] read liberty /data/project_share/process_node/dataset_baseline/lib/tcbn28hpcplusbwp35p140opphvtssg0p81v125c_ccs.lib start 
I0315 02:48:37.645903 2851323 Sta.cc:276] read liberty /data/project_share/process_node/dataset_baseline/lib/tcbn28hpcplusbwp35p140mbssg0p81v125c_ccs.lib start 
I0315 02:48:37.645915 2851309 Sta.cc:276] read liberty /data/project_share/process_node/dataset_baseline/lib/tcbn28hpcplusbwp30p140uhvtssg0p81v125c_ccs.lib start 
I0315 02:48:37.646176 2851315 Sta.cc:276] read liberty /data/project_share/process_node/dataset_baseline/lib/tcbn28hpcplusbwp35p140oppulvtssg0p81v125c_ccs.lib start 
I0315 02:48:37.646162 2851311 Sta.cc:276] read liberty /data/project_share/process_node/dataset_baseline/lib/tcbn28hpcplusbwp35p140oppuhvtssg0p81v125c_ccs.lib start 
I0315 02:48:37.645951 2851330 Sta.cc:276] read liberty /data/project_share/process_node/dataset_baseline/lib/tcbn28hpcplusbwp35p140mblvtssg0p81v125c_ccs.lib start 
I0315 02:48:37.646188 2851322 Sta.cc:276] read liberty /data/project_share/process_node/dataset_baseline/lib/tcbn28hpcplusbwp40p140ssg0p81v125c_ccs.lib start 
I0315 02:48:37.646265 2851328 Sta.cc:276] read liberty /data/project_share/process_node/dataset_baseline/lib/tcbn28hpcplusbwp40p140mbssg0p81v125c_ccs.lib start 
I0315 02:48:37.645619 2851300 Sta.cc:276] read liberty /data/project_share/process_node/dataset_baseline/lib/tcbn28hpcplusbwp30p140hvtssg0p81v125c_ccs.lib start 
I0315 02:48:37.645542 2851318 Sta.cc:276] read liberty /data/project_share/process_node/dataset_baseline/lib/tcbn28hpcplusbwp35p140hvtssg0p81v125c_ccs.lib start 
I0315 02:48:37.646210 2851324 Sta.cc:276] read liberty /data/project_share/process_node/dataset_baseline/lib/tcbn28hpcplusbwp40p140lvtssg0p81v125c_ccs.lib start 
I0315 02:48:37.646318 2851326 Sta.cc:276] read liberty /data/project_share/process_node/dataset_baseline/lib/tcbn28hpcplusbwp40p140mbhvtssg0p81v125c_ccs.lib start 
I0315 02:48:37.646211 2851312 Sta.cc:276] read liberty /data/project_share/process_node/dataset_baseline/lib/tcbn28hpcplusbwp40p140hvtssg0p81v125c_ccs.lib start 
I0315 02:48:37.645895 2851302 Sta.cc:276] read liberty /data/project_share/process_node/dataset_baseline/lib/tcbn28hpcplusbwp30p140mbssg0p81v125c_ccs.lib start 
I0315 02:48:37.646325 2851325 Sta.cc:276] read liberty /data/project_share/process_node/dataset_baseline/lib/tcbn28hpcplusbwp40p140oppssg0p81v125c_ccs.lib start 
I0315 02:48:37.647537 2851316 Sta.cc:276] read liberty /data/project_share/process_node/dataset_baseline/lib/tcbn28hpcplusbwp40p140opplvtssg0p81v125c_ccs.lib start 
I0315 02:48:37.647547 2851317 Sta.cc:276] read liberty /data/project_share/process_node/dataset_baseline/lib/tcbn28hpcplusbwp40p140opphvtssg0p81v125c_ccs.lib start 
I0315 02:48:37.647548 2851329 Sta.cc:276] read liberty /data/project_share/process_node/dataset_baseline/lib/tcbn28hpcplusbwp40p140uhvtssg0p81v125c_ccs.lib start 
I0315 02:48:37.647544 2851327 Sta.cc:276] read liberty /data/project_share/process_node/dataset_baseline/lib/tcbn28hpcplusbwp40p140oppuhvtssg0p81v125c_ccs.lib start 
I0315 02:48:37.672519 2851321 LibParserRustC.cc:1277] load liberty file /data/project_share/process_node/dataset_baseline/lib/tcbn28hpcplusbwp35p140opphvtssg0p81v125c_ccs.lib
I0315 02:48:37.672528 2851305 LibParserRustC.cc:1277] load liberty file /data/project_share/process_node/dataset_baseline/lib/tcbn28hpcplusbwp30p140opphvtssg0p81v125c_ccs.lib
I0315 02:48:37.672564 2851300 LibParserRustC.cc:1277] load liberty file /data/project_share/process_node/dataset_baseline/lib/tcbn28hpcplusbwp30p140hvtssg0p81v125c_ccs.lib
I0315 02:48:37.672525 2851308 LibParserRustC.cc:1277] load liberty file /data/project_share/process_node/dataset_baseline/lib/tcbn28hpcplusbwp30p140oppulvtssg0p81v125c_ccs.lib
I0315 02:48:37.672523 2851304 LibParserRustC.cc:1277] load liberty file /data/project_share/process_node/dataset_baseline/lib/tcbn28hpcplusbwp30p140oppssg0p81v125c_ccs.lib
I0315 02:48:37.672638 2851317 LibParserRustC.cc:1277] load liberty file /data/project_share/process_node/dataset_baseline/lib/tcbn28hpcplusbwp40p140opphvtssg0p81v125c_ccs.lib
I0315 02:48:37.672645 2851318 LibParserRustC.cc:1277] load liberty file /data/project_share/process_node/dataset_baseline/lib/tcbn28hpcplusbwp35p140hvtssg0p81v125c_ccs.lib
I0315 02:48:37.672657 2851299 LibParserRustC.cc:1277] load liberty file /data/project_share/process_node/dataset_baseline/lib/tcbn28hpcplusbwp30p140ssg0p81v125c_ccs.lib
I0315 02:48:37.672533 2851307 LibParserRustC.cc:1277] load liberty file /data/project_share/process_node/dataset_baseline/lib/tcbn28hpcplusbwp30p140oppuhvtssg0p81v125c_ccs.lib
I0315 02:48:37.672537 2851323 LibParserRustC.cc:1277] load liberty file /data/project_share/process_node/dataset_baseline/lib/tcbn28hpcplusbwp35p140mbssg0p81v125c_ccs.lib
I0315 02:48:37.672689 2851326 LibParserRustC.cc:1277] load liberty file /data/project_share/process_node/dataset_baseline/lib/tcbn28hpcplusbwp40p140mbhvtssg0p81v125c_ccs.lib
I0315 02:48:37.672693 2851320 LibParserRustC.cc:1277] load liberty file /data/project_share/process_node/dataset_baseline/lib/tcbn28hpcplusbwp35p140uhvtssg0p81v125c_ccs.lib
I0315 02:48:37.672698 2851325 LibParserRustC.cc:1277] load liberty file /data/project_share/process_node/dataset_baseline/lib/tcbn28hpcplusbwp40p140oppssg0p81v125c_ccs.lib
I0315 02:48:37.672703 2851311 LibParserRustC.cc:1277] load liberty file /data/project_share/process_node/dataset_baseline/lib/tcbn28hpcplusbwp35p140oppuhvtssg0p81v125c_ccs.lib
I0315 02:48:37.672709 2851329 LibParserRustC.cc:1277] load liberty file /data/project_share/process_node/dataset_baseline/lib/tcbn28hpcplusbwp40p140uhvtssg0p81v125c_ccs.lib
I0315 02:48:37.672605 2851314 LibParserRustC.cc:1277] load liberty file /data/project_share/process_node/dataset_baseline/lib/tcbn28hpcplusbwp35p140opplvtssg0p81v125c_ccs.lib
I0315 02:48:37.672616 2851306 LibParserRustC.cc:1277] load liberty file /data/project_share/process_node/dataset_baseline/lib/tcbn28hpcplusbwp30p140opplvtssg0p81v125c_ccs.lib
I0315 02:48:37.672590 2851309 LibParserRustC.cc:1277] load liberty file /data/project_share/process_node/dataset_baseline/lib/tcbn28hpcplusbwp30p140uhvtssg0p81v125c_ccs.lib
I0315 02:48:37.672583 2851303 LibParserRustC.cc:1277] load liberty file /data/project_share/process_node/dataset_baseline/lib/tcbn28hpcplusbwp30p140mblvtssg0p81v125c_ccs.lib
I0315 02:48:37.672549 2851330 LibParserRustC.cc:1277] load liberty file /data/project_share/process_node/dataset_baseline/lib/tcbn28hpcplusbwp35p140mblvtssg0p81v125c_ccs.lib
I0315 02:48:37.672649 2851302 LibParserRustC.cc:1277] load liberty file /data/project_share/process_node/dataset_baseline/lib/tcbn28hpcplusbwp30p140mbssg0p81v125c_ccs.lib
I0315 02:48:37.672535 2851301 LibParserRustC.cc:1277] load liberty file /data/project_share/process_node/dataset_baseline/lib/tcbn28hpcplusbwp30p140lvtssg0p81v125c_ccs.lib
I0315 02:48:37.672660 2851327 LibParserRustC.cc:1277] load liberty file /data/project_share/process_node/dataset_baseline/lib/tcbn28hpcplusbwp40p140oppuhvtssg0p81v125c_ccs.lib
I0315 02:48:37.672668 2851328 LibParserRustC.cc:1277] load liberty file /data/project_share/process_node/dataset_baseline/lib/tcbn28hpcplusbwp40p140mbssg0p81v125c_ccs.lib
I0315 02:48:37.672680 2851315 LibParserRustC.cc:1277] load liberty file /data/project_share/process_node/dataset_baseline/lib/tcbn28hpcplusbwp35p140oppulvtssg0p81v125c_ccs.lib
I0315 02:48:37.672679 2851324 LibParserRustC.cc:1277] load liberty file /data/project_share/process_node/dataset_baseline/lib/tcbn28hpcplusbwp40p140lvtssg0p81v125c_ccs.lib
I0315 02:48:37.672688 2851312 LibParserRustC.cc:1277] load liberty file /data/project_share/process_node/dataset_baseline/lib/tcbn28hpcplusbwp40p140hvtssg0p81v125c_ccs.lib
I0315 02:48:37.672552 2851310 LibParserRustC.cc:1277] load liberty file /data/project_share/process_node/dataset_baseline/lib/tcbn28hpcplusbwp35p140lvtssg0p81v125c_ccs.lib
I0315 02:48:37.672524 2851313 LibParserRustC.cc:1277] load liberty file /data/project_share/process_node/dataset_baseline/lib/tcbn28hpcplusbwp35p140ssg0p81v125c_ccs.lib
I0315 02:48:37.672542 2851322 LibParserRustC.cc:1277] load liberty file /data/project_share/process_node/dataset_baseline/lib/tcbn28hpcplusbwp40p140ssg0p81v125c_ccs.lib
I0315 02:48:37.672705 2851316 LibParserRustC.cc:1277] load liberty file /data/project_share/process_node/dataset_baseline/lib/tcbn28hpcplusbwp40p140opplvtssg0p81v125c_ccs.lib
I0315 02:48:37.672713 2851319 LibParserRustC.cc:1277] load liberty file /data/project_share/process_node/dataset_baseline/lib/tcbn28hpcplusbwp35p140oppssg0p81v125c_ccs.lib
I0315 02:48:45.538321 2851317 LibParserRustC.cc:1286] load liberty file /data/project_share/process_node/dataset_baseline/lib/tcbn28hpcplusbwp40p140opphvtssg0p81v125c_ccs.lib success.
I0315 02:48:45.538691 2851317 Sta.cc:286] read liberty /data/project_share/process_node/dataset_baseline/lib/tcbn28hpcplusbwp40p140opphvtssg0p81v125c_ccs.lib end 
I0315 02:48:45.538795 2851317 Sta.cc:276] read liberty /data/project_share/process_node/dataset_baseline/lib/tcbn28hpcplusbwp35p140mbhvtssg0p81v125c_ccs.lib start 
I0315 02:48:45.538913 2851317 LibParserRustC.cc:1277] load liberty file /data/project_share/process_node/dataset_baseline/lib/tcbn28hpcplusbwp35p140mbhvtssg0p81v125c_ccs.lib
I0315 02:48:45.919873 2851319 LibParserRustC.cc:1286] load liberty file /data/project_share/process_node/dataset_baseline/lib/tcbn28hpcplusbwp35p140oppssg0p81v125c_ccs.lib success.
I0315 02:48:45.919987 2851319 Sta.cc:286] read liberty /data/project_share/process_node/dataset_baseline/lib/tcbn28hpcplusbwp35p140oppssg0p81v125c_ccs.lib end 
I0315 02:48:45.920187 2851319 Sta.cc:276] read liberty /data/project_share/process_node/dataset_baseline/lib/tcbn28hpcplusbwp30p140ulvtssg0p81v125c_ccs.lib start 
I0315 02:48:45.920264 2851319 LibParserRustC.cc:1277] load liberty file /data/project_share/process_node/dataset_baseline/lib/tcbn28hpcplusbwp30p140ulvtssg0p81v125c_ccs.lib
I0315 02:48:46.265334 2851325 LibParserRustC.cc:1286] load liberty file /data/project_share/process_node/dataset_baseline/lib/tcbn28hpcplusbwp40p140oppssg0p81v125c_ccs.lib success.
I0315 02:48:46.265429 2851325 Sta.cc:286] read liberty /data/project_share/process_node/dataset_baseline/lib/tcbn28hpcplusbwp40p140oppssg0p81v125c_ccs.lib end 
I0315 02:48:46.265496 2851325 Sta.cc:276] read liberty /data/project_share/process_node/dataset_baseline/lib/tcbn28hpcplusbwp35p140ulvtssg0p81v125c_ccs.lib start 
I0315 02:48:46.265561 2851325 LibParserRustC.cc:1277] load liberty file /data/project_share/process_node/dataset_baseline/lib/tcbn28hpcplusbwp35p140ulvtssg0p81v125c_ccs.lib
I0315 02:48:46.550635 2851321 LibParserRustC.cc:1286] load liberty file /data/project_share/process_node/dataset_baseline/lib/tcbn28hpcplusbwp35p140opphvtssg0p81v125c_ccs.lib success.
I0315 02:48:46.550704 2851321 Sta.cc:286] read liberty /data/project_share/process_node/dataset_baseline/lib/tcbn28hpcplusbwp35p140opphvtssg0p81v125c_ccs.lib end 
I0315 02:48:46.550935 2851321 Sta.cc:276] read liberty /data/project_share/process_node/dataset_baseline/lib/ts5n28hpcplvta64x128m2f_130a_ssg0p81v125c.lib start 
I0315 02:48:46.551000 2851321 LibParserRustC.cc:1277] load liberty file /data/project_share/process_node/dataset_baseline/lib/ts5n28hpcplvta64x128m2f_130a_ssg0p81v125c.lib
I0315 02:48:46.570896 2851321 LibParserRustC.cc:1286] load liberty file /data/project_share/process_node/dataset_baseline/lib/ts5n28hpcplvta64x128m2f_130a_ssg0p81v125c.lib success.
I0315 02:48:46.570966 2851321 Sta.cc:286] read liberty /data/project_share/process_node/dataset_baseline/lib/ts5n28hpcplvta64x128m2f_130a_ssg0p81v125c.lib end 
I0315 02:48:46.571010 2851321 Sta.cc:276] read liberty /data/project_share/process_node/dataset_baseline/lib/ts5n28hpcplvta64x128m2fw_130a_ssg0p81v125c.lib start 
I0315 02:48:46.571074 2851321 LibParserRustC.cc:1277] load liberty file /data/project_share/process_node/dataset_baseline/lib/ts5n28hpcplvta64x128m2fw_130a_ssg0p81v125c.lib
I0315 02:48:46.574877 2851321 LibParserRustC.cc:1286] load liberty file /data/project_share/process_node/dataset_baseline/lib/ts5n28hpcplvta64x128m2fw_130a_ssg0p81v125c.lib success.
I0315 02:48:46.574928 2851321 Sta.cc:286] read liberty /data/project_share/process_node/dataset_baseline/lib/ts5n28hpcplvta64x128m2fw_130a_ssg0p81v125c.lib end 
I0315 02:48:46.574970 2851321 Sta.cc:276] read liberty /data/project_share/process_node/dataset_baseline/lib/ts5n28hpcplvta256x32m4fw_130a_ssg0p81v125c.lib start 
I0315 02:48:46.575259 2851321 LibParserRustC.cc:1277] load liberty file /data/project_share/process_node/dataset_baseline/lib/ts5n28hpcplvta256x32m4fw_130a_ssg0p81v125c.lib
I0315 02:48:46.578580 2851321 LibParserRustC.cc:1286] load liberty file /data/project_share/process_node/dataset_baseline/lib/ts5n28hpcplvta256x32m4fw_130a_ssg0p81v125c.lib success.
I0315 02:48:46.578599 2851321 Sta.cc:286] read liberty /data/project_share/process_node/dataset_baseline/lib/ts5n28hpcplvta256x32m4fw_130a_ssg0p81v125c.lib end 
I0315 02:48:46.579133 2851321 Sta.cc:276] read liberty /data/project_share/process_node/dataset_baseline/lib/ts5n28hpcplvta128x32m2f_130a_ssg0p81v125c.lib start 
I0315 02:48:46.579165 2851321 LibParserRustC.cc:1277] load liberty file /data/project_share/process_node/dataset_baseline/lib/ts5n28hpcplvta128x32m2f_130a_ssg0p81v125c.lib
I0315 02:48:46.591630 2851321 LibParserRustC.cc:1286] load liberty file /data/project_share/process_node/dataset_baseline/lib/ts5n28hpcplvta128x32m2f_130a_ssg0p81v125c.lib success.
I0315 02:48:46.591670 2851321 Sta.cc:286] read liberty /data/project_share/process_node/dataset_baseline/lib/ts5n28hpcplvta128x32m2f_130a_ssg0p81v125c.lib end 
I0315 02:48:46.591708 2851321 Sta.cc:276] read liberty /data/project_share/process_node/dataset_baseline/lib/ts5n28hpcplvta128x64m2f_130a_ssg0p81v125c.lib start 
I0315 02:48:46.591754 2851321 LibParserRustC.cc:1277] load liberty file /data/project_share/process_node/dataset_baseline/lib/ts5n28hpcplvta128x64m2f_130a_ssg0p81v125c.lib
I0315 02:48:46.598928 2851321 LibParserRustC.cc:1286] load liberty file /data/project_share/process_node/dataset_baseline/lib/ts5n28hpcplvta128x64m2f_130a_ssg0p81v125c.lib success.
I0315 02:48:46.598992 2851321 Sta.cc:286] read liberty /data/project_share/process_node/dataset_baseline/lib/ts5n28hpcplvta128x64m2f_130a_ssg0p81v125c.lib end 
I0315 02:48:46.599016 2851321 Sta.cc:276] read liberty /data/project_share/process_node/dataset_baseline/lib/ts5n28hpcplvta128x80m2f_130a_ssg0p81v125c.lib start 
I0315 02:48:46.599059 2851321 LibParserRustC.cc:1277] load liberty file /data/project_share/process_node/dataset_baseline/lib/ts5n28hpcplvta128x80m2f_130a_ssg0p81v125c.lib
I0315 02:48:46.617604 2851321 LibParserRustC.cc:1286] load liberty file /data/project_share/process_node/dataset_baseline/lib/ts5n28hpcplvta128x80m2f_130a_ssg0p81v125c.lib success.
I0315 02:48:46.617643 2851321 Sta.cc:286] read liberty /data/project_share/process_node/dataset_baseline/lib/ts5n28hpcplvta128x80m2f_130a_ssg0p81v125c.lib end 
I0315 02:48:46.617674 2851321 Sta.cc:276] read liberty /data/project_share/process_node/dataset_baseline/lib/ts5n28hpcplvta128x8m2f_130a_ssg0p81v125c.lib start 
I0315 02:48:46.617718 2851321 LibParserRustC.cc:1277] load liberty file /data/project_share/process_node/dataset_baseline/lib/ts5n28hpcplvta128x8m2f_130a_ssg0p81v125c.lib
I0315 02:48:46.621397 2851321 LibParserRustC.cc:1286] load liberty file /data/project_share/process_node/dataset_baseline/lib/ts5n28hpcplvta128x8m2f_130a_ssg0p81v125c.lib success.
I0315 02:48:46.621409 2851321 Sta.cc:286] read liberty /data/project_share/process_node/dataset_baseline/lib/ts5n28hpcplvta128x8m2f_130a_ssg0p81v125c.lib end 
I0315 02:48:46.621425 2851321 Sta.cc:276] read liberty /data/project_share/process_node/dataset_baseline/lib/ts5n28hpcplvta512x64m4f_130a_ssg0p81v125c.lib start 
I0315 02:48:46.621445 2851321 LibParserRustC.cc:1277] load liberty file /data/project_share/process_node/dataset_baseline/lib/ts5n28hpcplvta512x64m4f_130a_ssg0p81v125c.lib
I0315 02:48:46.625291 2851321 LibParserRustC.cc:1286] load liberty file /data/project_share/process_node/dataset_baseline/lib/ts5n28hpcplvta512x64m4f_130a_ssg0p81v125c.lib success.
I0315 02:48:46.625324 2851321 Sta.cc:286] read liberty /data/project_share/process_node/dataset_baseline/lib/ts5n28hpcplvta512x64m4f_130a_ssg0p81v125c.lib end 
I0315 02:48:46.625345 2851321 Sta.cc:276] read liberty /data/project_share/process_node/dataset_baseline/lib/ts5n28hpcplvta512x64m4fw_130a_ssg0p81v125c.lib start 
I0315 02:48:46.625368 2851321 LibParserRustC.cc:1277] load liberty file /data/project_share/process_node/dataset_baseline/lib/ts5n28hpcplvta512x64m4fw_130a_ssg0p81v125c.lib
I0315 02:48:46.628726 2851321 LibParserRustC.cc:1286] load liberty file /data/project_share/process_node/dataset_baseline/lib/ts5n28hpcplvta512x64m4fw_130a_ssg0p81v125c.lib success.
I0315 02:48:46.628748 2851321 Sta.cc:286] read liberty /data/project_share/process_node/dataset_baseline/lib/ts5n28hpcplvta512x64m4fw_130a_ssg0p81v125c.lib end 
I0315 02:48:46.628768 2851321 Sta.cc:276] read liberty /data/project_share/process_node/dataset_baseline/lib/ts5n28hpcplvta64x32m2f_130a_ssg0p81v125c.lib start 
I0315 02:48:46.628795 2851321 LibParserRustC.cc:1277] load liberty file /data/project_share/process_node/dataset_baseline/lib/ts5n28hpcplvta64x32m2f_130a_ssg0p81v125c.lib
I0315 02:48:46.631711 2851321 LibParserRustC.cc:1286] load liberty file /data/project_share/process_node/dataset_baseline/lib/ts5n28hpcplvta64x32m2f_130a_ssg0p81v125c.lib success.
I0315 02:48:46.631736 2851321 Sta.cc:286] read liberty /data/project_share/process_node/dataset_baseline/lib/ts5n28hpcplvta64x32m2f_130a_ssg0p81v125c.lib end 
I0315 02:48:46.631757 2851321 Sta.cc:276] read liberty /data/project_share/process_node/dataset_baseline/lib/ts5n28hpcplvta64x8m2f_130a_ssg0p81v125c.lib start 
I0315 02:48:46.631784 2851321 LibParserRustC.cc:1277] load liberty file /data/project_share/process_node/dataset_baseline/lib/ts5n28hpcplvta64x8m2f_130a_ssg0p81v125c.lib
I0315 02:48:46.634675 2851321 LibParserRustC.cc:1286] load liberty file /data/project_share/process_node/dataset_baseline/lib/ts5n28hpcplvta64x8m2f_130a_ssg0p81v125c.lib success.
I0315 02:48:46.634723 2851321 Sta.cc:286] read liberty /data/project_share/process_node/dataset_baseline/lib/ts5n28hpcplvta64x8m2f_130a_ssg0p81v125c.lib end 
I0315 02:48:46.634739 2851321 Sta.cc:276] read liberty /data/project_share/process_node/dataset_baseline/lib/ts5n28hpcplvta32x32m2f_130a_ssg0p81v125c.lib start 
I0315 02:48:46.634761 2851321 LibParserRustC.cc:1277] load liberty file /data/project_share/process_node/dataset_baseline/lib/ts5n28hpcplvta32x32m2f_130a_ssg0p81v125c.lib
I0315 02:48:46.637647 2851321 LibParserRustC.cc:1286] load liberty file /data/project_share/process_node/dataset_baseline/lib/ts5n28hpcplvta32x32m2f_130a_ssg0p81v125c.lib success.
I0315 02:48:46.637682 2851321 Sta.cc:286] read liberty /data/project_share/process_node/dataset_baseline/lib/ts5n28hpcplvta32x32m2f_130a_ssg0p81v125c.lib end 
I0315 02:48:46.637703 2851321 Sta.cc:276] read liberty /data/project_share/process_node/dataset_baseline/lib/ts5n28hpcplvta32x128m2f_130a_ssg0p81v125c.lib start 
I0315 02:48:46.637737 2851321 LibParserRustC.cc:1277] load liberty file /data/project_share/process_node/dataset_baseline/lib/ts5n28hpcplvta32x128m2f_130a_ssg0p81v125c.lib
I0315 02:48:46.640690 2851321 LibParserRustC.cc:1286] load liberty file /data/project_share/process_node/dataset_baseline/lib/ts5n28hpcplvta32x128m2f_130a_ssg0p81v125c.lib success.
I0315 02:48:46.640729 2851321 Sta.cc:286] read liberty /data/project_share/process_node/dataset_baseline/lib/ts5n28hpcplvta32x128m2f_130a_ssg0p81v125c.lib end 
I0315 02:48:46.640750 2851321 Sta.cc:276] read liberty /data/project_share/process_node/dataset_baseline/lib/ts5n28hpcplvta64x80m2f_130a_ssg0p81v125c.lib start 
I0315 02:48:46.640777 2851321 LibParserRustC.cc:1277] load liberty file /data/project_share/process_node/dataset_baseline/lib/ts5n28hpcplvta64x80m2f_130a_ssg0p81v125c.lib
I0315 02:48:46.643823 2851321 LibParserRustC.cc:1286] load liberty file /data/project_share/process_node/dataset_baseline/lib/ts5n28hpcplvta64x80m2f_130a_ssg0p81v125c.lib success.
I0315 02:48:46.643846 2851321 Sta.cc:286] read liberty /data/project_share/process_node/dataset_baseline/lib/ts5n28hpcplvta64x80m2f_130a_ssg0p81v125c.lib end 
I0315 02:48:46.643867 2851321 Sta.cc:276] read liberty /data/project_share/process_node/dataset_baseline/lib/ts5n28hpcplvta256x16m2f_130a_ssg0p81v125c.lib start 
I0315 02:48:46.643898 2851321 LibParserRustC.cc:1277] load liberty file /data/project_share/process_node/dataset_baseline/lib/ts5n28hpcplvta256x16m2f_130a_ssg0p81v125c.lib
I0315 02:48:46.647018 2851321 LibParserRustC.cc:1286] load liberty file /data/project_share/process_node/dataset_baseline/lib/ts5n28hpcplvta256x16m2f_130a_ssg0p81v125c.lib success.
I0315 02:48:46.647053 2851321 Sta.cc:286] read liberty /data/project_share/process_node/dataset_baseline/lib/ts5n28hpcplvta256x16m2f_130a_ssg0p81v125c.lib end 
I0315 02:48:46.647075 2851321 Sta.cc:276] read liberty /data/project_share/process_node/dataset_baseline/lib/ts6n28hpcplvta512x2m8f_130a_ssg0p81v125c.lib start 
I0315 02:48:46.647106 2851321 LibParserRustC.cc:1277] load liberty file /data/project_share/process_node/dataset_baseline/lib/ts6n28hpcplvta512x2m8f_130a_ssg0p81v125c.lib
I0315 02:48:46.650811 2851321 LibParserRustC.cc:1286] load liberty file /data/project_share/process_node/dataset_baseline/lib/ts6n28hpcplvta512x2m8f_130a_ssg0p81v125c.lib success.
I0315 02:48:46.650851 2851321 Sta.cc:286] read liberty /data/project_share/process_node/dataset_baseline/lib/ts6n28hpcplvta512x2m8f_130a_ssg0p81v125c.lib end 
I0315 02:48:46.650875 2851321 Sta.cc:276] read liberty /data/project_share/process_node/dataset_baseline/lib/ts5n28hpcplvta8x144m2f_130a_ssg0p81v125c.lib start 
I0315 02:48:46.650913 2851321 LibParserRustC.cc:1277] load liberty file /data/project_share/process_node/dataset_baseline/lib/ts5n28hpcplvta8x144m2f_130a_ssg0p81v125c.lib
I0315 02:48:46.653848 2851321 LibParserRustC.cc:1286] load liberty file /data/project_share/process_node/dataset_baseline/lib/ts5n28hpcplvta8x144m2f_130a_ssg0p81v125c.lib success.
I0315 02:48:46.653901 2851321 Sta.cc:286] read liberty /data/project_share/process_node/dataset_baseline/lib/ts5n28hpcplvta8x144m2f_130a_ssg0p81v125c.lib end 
I0315 02:48:46.653924 2851321 Sta.cc:276] read liberty /data/project_share/process_node/dataset_baseline/lib/ts6n28hpcplvta16x128m2f_130a_ssg0p81v125c.lib start 
I0315 02:48:46.653950 2851321 LibParserRustC.cc:1277] load liberty file /data/project_share/process_node/dataset_baseline/lib/ts6n28hpcplvta16x128m2f_130a_ssg0p81v125c.lib
I0315 02:48:46.657557 2851321 LibParserRustC.cc:1286] load liberty file /data/project_share/process_node/dataset_baseline/lib/ts6n28hpcplvta16x128m2f_130a_ssg0p81v125c.lib success.
I0315 02:48:46.657583 2851321 Sta.cc:286] read liberty /data/project_share/process_node/dataset_baseline/lib/ts6n28hpcplvta16x128m2f_130a_ssg0p81v125c.lib end 
I0315 02:48:46.657605 2851321 Sta.cc:276] read liberty /data/project_share/process_node/dataset_baseline/lib/ts5n28hpcplvta8x128m2f_130a_ssg0p81v125c.lib start 
I0315 02:48:46.657632 2851321 LibParserRustC.cc:1277] load liberty file /data/project_share/process_node/dataset_baseline/lib/ts5n28hpcplvta8x128m2f_130a_ssg0p81v125c.lib
I0315 02:48:46.660563 2851321 LibParserRustC.cc:1286] load liberty file /data/project_share/process_node/dataset_baseline/lib/ts5n28hpcplvta8x128m2f_130a_ssg0p81v125c.lib success.
I0315 02:48:46.660723 2851321 Sta.cc:286] read liberty /data/project_share/process_node/dataset_baseline/lib/ts5n28hpcplvta8x128m2f_130a_ssg0p81v125c.lib end 
I0315 02:48:46.660777 2851321 Sta.cc:276] read liberty /data/project_share/process_node/dataset_baseline/lib/ts5n28hpcplvta64x64m2f_130a_ssg0p81v125c.lib start 
I0315 02:48:46.660833 2851321 LibParserRustC.cc:1277] load liberty file /data/project_share/process_node/dataset_baseline/lib/ts5n28hpcplvta64x64m2f_130a_ssg0p81v125c.lib
I0315 02:48:46.663829 2851321 LibParserRustC.cc:1286] load liberty file /data/project_share/process_node/dataset_baseline/lib/ts5n28hpcplvta64x64m2f_130a_ssg0p81v125c.lib success.
I0315 02:48:46.663882 2851321 Sta.cc:286] read liberty /data/project_share/process_node/dataset_baseline/lib/ts5n28hpcplvta64x64m2f_130a_ssg0p81v125c.lib end 
I0315 02:48:46.663934 2851321 Sta.cc:276] read liberty /data/project_share/process_node/dataset_baseline/lib/ts5n28hpcplvta1024x32m8fw_130a_ssg0p81v125c.lib start 
I0315 02:48:46.663988 2851321 LibParserRustC.cc:1277] load liberty file /data/project_share/process_node/dataset_baseline/lib/ts5n28hpcplvta1024x32m8fw_130a_ssg0p81v125c.lib
I0315 02:48:46.667441 2851321 LibParserRustC.cc:1286] load liberty file /data/project_share/process_node/dataset_baseline/lib/ts5n28hpcplvta1024x32m8fw_130a_ssg0p81v125c.lib success.
I0315 02:48:46.667507 2851321 Sta.cc:286] read liberty /data/project_share/process_node/dataset_baseline/lib/ts5n28hpcplvta1024x32m8fw_130a_ssg0p81v125c.lib end 
I0315 02:48:46.667554 2851321 Sta.cc:276] read liberty /data/project_share/process_node/dataset_baseline/lib/ts5n28hpcplvta256x144m2fw_130a_ssg0p81v125c.lib start 
I0315 02:48:46.667608 2851321 LibParserRustC.cc:1277] load liberty file /data/project_share/process_node/dataset_baseline/lib/ts5n28hpcplvta256x144m2fw_130a_ssg0p81v125c.lib
I0315 02:48:46.670908 2851321 LibParserRustC.cc:1286] load liberty file /data/project_share/process_node/dataset_baseline/lib/ts5n28hpcplvta256x144m2fw_130a_ssg0p81v125c.lib success.
I0315 02:48:46.670959 2851321 Sta.cc:286] read liberty /data/project_share/process_node/dataset_baseline/lib/ts5n28hpcplvta256x144m2fw_130a_ssg0p81v125c.lib end 
I0315 02:48:46.671041 2851321 Sta.cc:276] read liberty /data/project_share/process_node/dataset_baseline/lib/ts5n28hpcplvta128x144m2fw_130a_ssg0p81v125c.lib start 
I0315 02:48:46.671099 2851321 LibParserRustC.cc:1277] load liberty file /data/project_share/process_node/dataset_baseline/lib/ts5n28hpcplvta128x144m2fw_130a_ssg0p81v125c.lib
I0315 02:48:46.678171 2851321 LibParserRustC.cc:1286] load liberty file /data/project_share/process_node/dataset_baseline/lib/ts5n28hpcplvta128x144m2fw_130a_ssg0p81v125c.lib success.
I0315 02:48:46.678239 2851321 Sta.cc:286] read liberty /data/project_share/process_node/dataset_baseline/lib/ts5n28hpcplvta128x144m2fw_130a_ssg0p81v125c.lib end 
I0315 02:48:46.678263 2851321 Sta.cc:276] read liberty /data/project_share/process_node/dataset_baseline/lib/tphn28hpcpgv18ssg0p81v1p62v125c.lib start 
I0315 02:48:46.678303 2851321 LibParserRustC.cc:1277] load liberty file /data/project_share/process_node/dataset_baseline/lib/tphn28hpcpgv18ssg0p81v1p62v125c.lib
I0315 02:48:46.901556 2851314 LibParserRustC.cc:1286] load liberty file /data/project_share/process_node/dataset_baseline/lib/tcbn28hpcplusbwp35p140opplvtssg0p81v125c_ccs.lib success.
I0315 02:48:46.901624 2851314 Sta.cc:286] read liberty /data/project_share/process_node/dataset_baseline/lib/tcbn28hpcplusbwp35p140opplvtssg0p81v125c_ccs.lib end 
I0315 02:48:46.901888 2851314 Sta.cc:276] read liberty /data/project_share/process_node/dataset_baseline/lib/PLLTS28HPMLAINT_SS_0P81_125C.lib start 
I0315 02:48:46.901978 2851314 LibParserRustC.cc:1277] load liberty file /data/project_share/process_node/dataset_baseline/lib/PLLTS28HPMLAINT_SS_0P81_125C.lib
I0315 02:48:46.923588 2851314 LibParserRustC.cc:1286] load liberty file /data/project_share/process_node/dataset_baseline/lib/PLLTS28HPMLAINT_SS_0P81_125C.lib success.
I0315 02:48:46.923645 2851314 Sta.cc:286] read liberty /data/project_share/process_node/dataset_baseline/lib/PLLTS28HPMLAINT_SS_0P81_125C.lib end 
I0315 02:48:46.996742 2851307 LibParserRustC.cc:1286] load liberty file /data/project_share/process_node/dataset_baseline/lib/tcbn28hpcplusbwp30p140oppuhvtssg0p81v125c_ccs.lib success.
I0315 02:48:46.996816 2851307 Sta.cc:286] read liberty /data/project_share/process_node/dataset_baseline/lib/tcbn28hpcplusbwp30p140oppuhvtssg0p81v125c_ccs.lib end 
I0315 02:48:47.008227 2851321 LibParserRustC.cc:1286] load liberty file /data/project_share/process_node/dataset_baseline/lib/tphn28hpcpgv18ssg0p81v1p62v125c.lib success.
I0315 02:48:47.008282 2851321 Sta.cc:286] read liberty /data/project_share/process_node/dataset_baseline/lib/tphn28hpcpgv18ssg0p81v1p62v125c.lib end 
I0315 02:48:47.073289 2851316 LibParserRustC.cc:1286] load liberty file /data/project_share/process_node/dataset_baseline/lib/tcbn28hpcplusbwp40p140opplvtssg0p81v125c_ccs.lib success.
I0315 02:48:47.073364 2851316 Sta.cc:286] read liberty /data/project_share/process_node/dataset_baseline/lib/tcbn28hpcplusbwp40p140opplvtssg0p81v125c_ccs.lib end 
I0315 02:48:47.103946 2851308 LibParserRustC.cc:1286] load liberty file /data/project_share/process_node/dataset_baseline/lib/tcbn28hpcplusbwp30p140oppulvtssg0p81v125c_ccs.lib success.
I0315 02:48:47.104035 2851308 Sta.cc:286] read liberty /data/project_share/process_node/dataset_baseline/lib/tcbn28hpcplusbwp30p140oppulvtssg0p81v125c_ccs.lib end 
I0315 02:48:47.262447 2851304 LibParserRustC.cc:1286] load liberty file /data/project_share/process_node/dataset_baseline/lib/tcbn28hpcplusbwp30p140oppssg0p81v125c_ccs.lib success.
I0315 02:48:47.262511 2851304 Sta.cc:286] read liberty /data/project_share/process_node/dataset_baseline/lib/tcbn28hpcplusbwp30p140oppssg0p81v125c_ccs.lib end 
I0315 02:48:47.339305 2851315 LibParserRustC.cc:1286] load liberty file /data/project_share/process_node/dataset_baseline/lib/tcbn28hpcplusbwp35p140oppulvtssg0p81v125c_ccs.lib success.
I0315 02:48:47.339377 2851315 Sta.cc:286] read liberty /data/project_share/process_node/dataset_baseline/lib/tcbn28hpcplusbwp35p140oppulvtssg0p81v125c_ccs.lib end 
I0315 02:48:47.550879 2851327 LibParserRustC.cc:1286] load liberty file /data/project_share/process_node/dataset_baseline/lib/tcbn28hpcplusbwp40p140oppuhvtssg0p81v125c_ccs.lib success.
I0315 02:48:47.550957 2851327 Sta.cc:286] read liberty /data/project_share/process_node/dataset_baseline/lib/tcbn28hpcplusbwp40p140oppuhvtssg0p81v125c_ccs.lib end 
I0315 02:48:47.785951 2851311 LibParserRustC.cc:1286] load liberty file /data/project_share/process_node/dataset_baseline/lib/tcbn28hpcplusbwp35p140oppuhvtssg0p81v125c_ccs.lib success.
I0315 02:48:47.786016 2851311 Sta.cc:286] read liberty /data/project_share/process_node/dataset_baseline/lib/tcbn28hpcplusbwp35p140oppuhvtssg0p81v125c_ccs.lib end 
I0315 02:48:48.243927 2851305 LibParserRustC.cc:1286] load liberty file /data/project_share/process_node/dataset_baseline/lib/tcbn28hpcplusbwp30p140opphvtssg0p81v125c_ccs.lib success.
I0315 02:48:48.243990 2851305 Sta.cc:286] read liberty /data/project_share/process_node/dataset_baseline/lib/tcbn28hpcplusbwp30p140opphvtssg0p81v125c_ccs.lib end 
I0315 02:48:48.477406 2851306 LibParserRustC.cc:1286] load liberty file /data/project_share/process_node/dataset_baseline/lib/tcbn28hpcplusbwp30p140opplvtssg0p81v125c_ccs.lib success.
I0315 02:48:48.477478 2851306 Sta.cc:286] read liberty /data/project_share/process_node/dataset_baseline/lib/tcbn28hpcplusbwp30p140opplvtssg0p81v125c_ccs.lib end 
I0315 02:48:50.517601 2851303 LibParserRustC.cc:1286] load liberty file /data/project_share/process_node/dataset_baseline/lib/tcbn28hpcplusbwp30p140mblvtssg0p81v125c_ccs.lib success.
I0315 02:48:50.517674 2851303 Sta.cc:286] read liberty /data/project_share/process_node/dataset_baseline/lib/tcbn28hpcplusbwp30p140mblvtssg0p81v125c_ccs.lib end 
I0315 02:48:51.875057 2851328 LibParserRustC.cc:1286] load liberty file /data/project_share/process_node/dataset_baseline/lib/tcbn28hpcplusbwp40p140mbssg0p81v125c_ccs.lib success.
I0315 02:48:51.875116 2851328 Sta.cc:286] read liberty /data/project_share/process_node/dataset_baseline/lib/tcbn28hpcplusbwp40p140mbssg0p81v125c_ccs.lib end 
I0315 02:48:52.474472 2851323 LibParserRustC.cc:1286] load liberty file /data/project_share/process_node/dataset_baseline/lib/tcbn28hpcplusbwp35p140mbssg0p81v125c_ccs.lib success.
I0315 02:48:52.474542 2851323 Sta.cc:286] read liberty /data/project_share/process_node/dataset_baseline/lib/tcbn28hpcplusbwp35p140mbssg0p81v125c_ccs.lib end 
I0315 02:48:52.726330 2851326 LibParserRustC.cc:1286] load liberty file /data/project_share/process_node/dataset_baseline/lib/tcbn28hpcplusbwp40p140mbhvtssg0p81v125c_ccs.lib success.
I0315 02:48:52.726394 2851326 Sta.cc:286] read liberty /data/project_share/process_node/dataset_baseline/lib/tcbn28hpcplusbwp40p140mbhvtssg0p81v125c_ccs.lib end 
I0315 02:48:53.395129 2851302 LibParserRustC.cc:1286] load liberty file /data/project_share/process_node/dataset_baseline/lib/tcbn28hpcplusbwp30p140mbssg0p81v125c_ccs.lib success.
I0315 02:48:53.395195 2851302 Sta.cc:286] read liberty /data/project_share/process_node/dataset_baseline/lib/tcbn28hpcplusbwp30p140mbssg0p81v125c_ccs.lib end 
I0315 02:48:53.728004 2851330 LibParserRustC.cc:1286] load liberty file /data/project_share/process_node/dataset_baseline/lib/tcbn28hpcplusbwp35p140mblvtssg0p81v125c_ccs.lib success.
I0315 02:48:53.728065 2851330 Sta.cc:286] read liberty /data/project_share/process_node/dataset_baseline/lib/tcbn28hpcplusbwp35p140mblvtssg0p81v125c_ccs.lib end 
I0315 02:48:58.436081 2851317 LibParserRustC.cc:1286] load liberty file /data/project_share/process_node/dataset_baseline/lib/tcbn28hpcplusbwp35p140mbhvtssg0p81v125c_ccs.lib success.
I0315 02:48:58.436206 2851317 Sta.cc:286] read liberty /data/project_share/process_node/dataset_baseline/lib/tcbn28hpcplusbwp35p140mbhvtssg0p81v125c_ccs.lib end 
I0315 02:52:24.966553 2851324 LibParserRustC.cc:1286] load liberty file /data/project_share/process_node/dataset_baseline/lib/tcbn28hpcplusbwp40p140lvtssg0p81v125c_ccs.lib success.
I0315 02:52:24.967252 2851324 Sta.cc:286] read liberty /data/project_share/process_node/dataset_baseline/lib/tcbn28hpcplusbwp40p140lvtssg0p81v125c_ccs.lib end 
I0315 02:52:32.399220 2851322 LibParserRustC.cc:1286] load liberty file /data/project_share/process_node/dataset_baseline/lib/tcbn28hpcplusbwp40p140ssg0p81v125c_ccs.lib success.
I0315 02:52:32.399291 2851322 Sta.cc:286] read liberty /data/project_share/process_node/dataset_baseline/lib/tcbn28hpcplusbwp40p140ssg0p81v125c_ccs.lib end 
I0315 02:52:33.500667 2851312 LibParserRustC.cc:1286] load liberty file /data/project_share/process_node/dataset_baseline/lib/tcbn28hpcplusbwp40p140hvtssg0p81v125c_ccs.lib success.
I0315 02:52:33.500744 2851312 Sta.cc:286] read liberty /data/project_share/process_node/dataset_baseline/lib/tcbn28hpcplusbwp40p140hvtssg0p81v125c_ccs.lib end 
I0315 02:52:35.346908 2851329 LibParserRustC.cc:1286] load liberty file /data/project_share/process_node/dataset_baseline/lib/tcbn28hpcplusbwp40p140uhvtssg0p81v125c_ccs.lib success.
I0315 02:52:35.346982 2851329 Sta.cc:286] read liberty /data/project_share/process_node/dataset_baseline/lib/tcbn28hpcplusbwp40p140uhvtssg0p81v125c_ccs.lib end 
I0315 02:52:41.366319 2851319 LibParserRustC.cc:1286] load liberty file /data/project_share/process_node/dataset_baseline/lib/tcbn28hpcplusbwp30p140ulvtssg0p81v125c_ccs.lib success.
I0315 02:52:41.366549 2851319 Sta.cc:286] read liberty /data/project_share/process_node/dataset_baseline/lib/tcbn28hpcplusbwp30p140ulvtssg0p81v125c_ccs.lib end 
I0315 02:52:42.122354 2851300 LibParserRustC.cc:1286] load liberty file /data/project_share/process_node/dataset_baseline/lib/tcbn28hpcplusbwp30p140hvtssg0p81v125c_ccs.lib success.
I0315 02:52:42.122437 2851300 Sta.cc:286] read liberty /data/project_share/process_node/dataset_baseline/lib/tcbn28hpcplusbwp30p140hvtssg0p81v125c_ccs.lib end 
I0315 02:52:42.394083 2851299 LibParserRustC.cc:1286] load liberty file /data/project_share/process_node/dataset_baseline/lib/tcbn28hpcplusbwp30p140ssg0p81v125c_ccs.lib success.
I0315 02:52:42.394156 2851299 Sta.cc:286] read liberty /data/project_share/process_node/dataset_baseline/lib/tcbn28hpcplusbwp30p140ssg0p81v125c_ccs.lib end 
I0315 02:52:43.305009 2851310 LibParserRustC.cc:1286] load liberty file /data/project_share/process_node/dataset_baseline/lib/tcbn28hpcplusbwp35p140lvtssg0p81v125c_ccs.lib success.
I0315 02:52:43.305126 2851310 Sta.cc:286] read liberty /data/project_share/process_node/dataset_baseline/lib/tcbn28hpcplusbwp35p140lvtssg0p81v125c_ccs.lib end 
I0315 02:53:15.257030 2851318 LibParserRustC.cc:1286] load liberty file /data/project_share/process_node/dataset_baseline/lib/tcbn28hpcplusbwp35p140hvtssg0p81v125c_ccs.lib success.
I0315 02:53:15.257184 2851318 Sta.cc:286] read liberty /data/project_share/process_node/dataset_baseline/lib/tcbn28hpcplusbwp35p140hvtssg0p81v125c_ccs.lib end 
I0315 02:53:27.077303 2851309 LibParserRustC.cc:1286] load liberty file /data/project_share/process_node/dataset_baseline/lib/tcbn28hpcplusbwp30p140uhvtssg0p81v125c_ccs.lib success.
I0315 02:53:27.077380 2851309 Sta.cc:286] read liberty /data/project_share/process_node/dataset_baseline/lib/tcbn28hpcplusbwp30p140uhvtssg0p81v125c_ccs.lib end 
I0315 02:53:38.518198 2851325 LibParserRustC.cc:1286] load liberty file /data/project_share/process_node/dataset_baseline/lib/tcbn28hpcplusbwp35p140ulvtssg0p81v125c_ccs.lib success.
I0315 02:53:38.518409 2851325 Sta.cc:286] read liberty /data/project_share/process_node/dataset_baseline/lib/tcbn28hpcplusbwp35p140ulvtssg0p81v125c_ccs.lib end 
I0315 02:53:53.631964 2851313 LibParserRustC.cc:1286] load liberty file /data/project_share/process_node/dataset_baseline/lib/tcbn28hpcplusbwp35p140ssg0p81v125c_ccs.lib success.
I0315 02:53:53.632078 2851313 Sta.cc:286] read liberty /data/project_share/process_node/dataset_baseline/lib/tcbn28hpcplusbwp35p140ssg0p81v125c_ccs.lib end 
I0315 02:53:55.776510 2851301 LibParserRustC.cc:1286] load liberty file /data/project_share/process_node/dataset_baseline/lib/tcbn28hpcplusbwp30p140lvtssg0p81v125c_ccs.lib success.
I0315 02:53:55.776572 2851301 Sta.cc:286] read liberty /data/project_share/process_node/dataset_baseline/lib/tcbn28hpcplusbwp30p140lvtssg0p81v125c_ccs.lib end 
I0315 02:53:57.633337 2851320 LibParserRustC.cc:1286] load liberty file /data/project_share/process_node/dataset_baseline/lib/tcbn28hpcplusbwp35p140uhvtssg0p81v125c_ccs.lib success.
I0315 02:53:57.633396 2851320 Sta.cc:286] read liberty /data/project_share/process_node/dataset_baseline/lib/tcbn28hpcplusbwp35p140uhvtssg0p81v125c_ccs.lib end 
I0315 02:53:57.633924 2842323 Sta.cc:317] load lib end
I0315 02:53:57.635524 2856801 LibParserRustC.cc:1296] link liberty file /data/project_share/process_node/dataset_baseline/lib/tcbn28hpcplusbwp40p140opphvtssg0p81v125c_ccs.lib start.
I0315 02:53:57.635548 2856802 LibParserRustC.cc:1296] link liberty file /data/project_share/process_node/dataset_baseline/lib/tcbn28hpcplusbwp35p140oppssg0p81v125c_ccs.lib start.
I0315 02:53:57.635607 2856804 LibParserRustC.cc:1296] link liberty file /data/project_share/process_node/dataset_baseline/lib/tcbn28hpcplusbwp40p140oppssg0p81v125c_ccs.lib start.
I0315 02:53:57.635818 2856803 LibParserRustC.cc:1296] link liberty file /data/project_share/process_node/dataset_baseline/lib/tcbn28hpcplusbwp35p140opphvtssg0p81v125c_ccs.lib start.
I0315 02:53:57.635937 2856817 LibParserRustC.cc:1296] link liberty file /data/project_share/process_node/dataset_baseline/lib/ts5n28hpcplvta32x32m2f_130a_ssg0p81v125c.lib start.
I0315 02:53:57.636031 2856814 LibParserRustC.cc:1296] link liberty file /data/project_share/process_node/dataset_baseline/lib/ts5n28hpcplvta64x8m2f_130a_ssg0p81v125c.lib start.
I0315 02:53:57.636128 2856806 LibParserRustC.cc:1296] link liberty file /data/project_share/process_node/dataset_baseline/lib/ts5n28hpcplvta64x128m2f_130a_ssg0p81v125c.lib start.
I0315 02:53:57.636142 2856816 LibParserRustC.cc:1296] link liberty file /data/project_share/process_node/dataset_baseline/lib/ts5n28hpcplvta32x128m2f_130a_ssg0p81v125c.lib start.
I0315 02:53:57.636206 2856818 LibParserRustC.cc:1296] link liberty file /data/project_share/process_node/dataset_baseline/lib/ts5n28hpcplvta64x80m2f_130a_ssg0p81v125c.lib start.
I0315 02:53:57.636225 2856805 LibParserRustC.cc:1296] link liberty file /data/project_share/process_node/dataset_baseline/lib/ts5n28hpcplvta64x128m2fw_130a_ssg0p81v125c.lib start.
I0315 02:53:57.636289 2856823 LibParserRustC.cc:1296] link liberty file /data/project_share/process_node/dataset_baseline/lib/ts5n28hpcplvta8x128m2f_130a_ssg0p81v125c.lib start.
I0315 02:53:57.636329 2856826 LibParserRustC.cc:1296] link liberty file /data/project_share/process_node/dataset_baseline/lib/ts5n28hpcplvta64x64m2f_130a_ssg0p81v125c.lib start.
I0315 02:53:57.636579 2856830 LibParserRustC.cc:1296] link liberty file /data/project_share/process_node/dataset_baseline/lib/tcbn28hpcplusbwp35p140opplvtssg0p81v125c_ccs.lib start.
I0315 02:53:57.636600 2856832 LibParserRustC.cc:1296] link liberty file /data/project_share/process_node/dataset_baseline/lib/ts5n28hpcplvta128x144m2fw_130a_ssg0p81v125c.lib start.
I0315 02:53:57.636979 2856828 LibParserRustC.cc:1296] link liberty file /data/project_share/process_node/dataset_baseline/lib/tcbn28hpcplusbwp30p140oppuhvtssg0p81v125c_ccs.lib start.
I0315 02:53:57.636170 2856819 LibParserRustC.cc:1296] link liberty file /data/project_share/process_node/dataset_baseline/lib/ts6n28hpcplvta512x2m8f_130a_ssg0p81v125c.lib start.
I0315 02:53:57.637161 2856807 LibParserRustC.cc:1296] link liberty file /data/project_share/process_node/dataset_baseline/lib/ts5n28hpcplvta128x32m2f_130a_ssg0p81v125c.lib start.
I0315 02:53:57.637290 2856810 LibParserRustC.cc:1296] link liberty file /data/project_share/process_node/dataset_baseline/lib/ts5n28hpcplvta128x80m2f_130a_ssg0p81v125c.lib start.
I0315 02:53:57.637354 2856812 LibParserRustC.cc:1296] link liberty file /data/project_share/process_node/dataset_baseline/lib/ts5n28hpcplvta512x64m4fw_130a_ssg0p81v125c.lib start.
I0315 02:53:57.637290 2856809 LibParserRustC.cc:1296] link liberty file /data/project_share/process_node/dataset_baseline/lib/ts5n28hpcplvta128x64m2f_130a_ssg0p81v125c.lib start.
I0315 02:53:57.637382 2856811 LibParserRustC.cc:1296] link liberty file /data/project_share/process_node/dataset_baseline/lib/ts5n28hpcplvta128x8m2f_130a_ssg0p81v125c.lib start.
I0315 02:53:57.637389 2856808 LibParserRustC.cc:1296] link liberty file /data/project_share/process_node/dataset_baseline/lib/ts5n28hpcplvta256x32m4fw_130a_ssg0p81v125c.lib start.
I0315 02:53:57.637478 2856813 LibParserRustC.cc:1296] link liberty file /data/project_share/process_node/dataset_baseline/lib/ts5n28hpcplvta512x64m4f_130a_ssg0p81v125c.lib start.
I0315 02:53:57.637552 2856815 LibParserRustC.cc:1296] link liberty file /data/project_share/process_node/dataset_baseline/lib/ts5n28hpcplvta64x32m2f_130a_ssg0p81v125c.lib start.
I0315 02:53:57.637863 2856821 LibParserRustC.cc:1296] link liberty file /data/project_share/process_node/dataset_baseline/lib/ts6n28hpcplvta16x128m2f_130a_ssg0p81v125c.lib start.
I0315 02:53:57.637899 2856820 LibParserRustC.cc:1296] link liberty file /data/project_share/process_node/dataset_baseline/lib/ts5n28hpcplvta256x16m2f_130a_ssg0p81v125c.lib start.
I0315 02:53:57.638289 2856829 LibParserRustC.cc:1296] link liberty file /data/project_share/process_node/dataset_baseline/lib/PLLTS28HPMLAINT_SS_0P81_125C.lib start.
