I0113 12:10:38.196998 1663167 LibParserRustC.cc:1293] link liberty file /data/project_share/process_node/dataset_baseline/lib/ts6n28hpcplvta512x2m8f_130a_ssg0p81v125c.lib start.
I0113 12:10:38.197027 1663175 LibParserRustC.cc:1293] link liberty file /data/project_share/process_node/dataset_baseline/lib/ts5n28hpcplvta32x32m2f_130a_ssg0p81v125c.lib start.
I0113 12:10:38.197127 1663168 LibParserRustC.cc:1293] link liberty file /data/project_share/process_node/dataset_baseline/lib/ts5n28hpcplvta64x8m2f_130a_ssg0p81v125c.lib start.
I0113 12:10:38.197153 1663176 LibParserRustC.cc:1293] link liberty file /data/project_share/process_node/dataset_baseline/lib/ts5n28hpcplvta64x64m2f_130a_ssg0p81v125c.lib start.
I0113 12:10:38.197257 1663183 LibParserRustC.cc:1293] link liberty file /data/project_share/process_node/dataset_baseline/lib/ts5n28hpcplvta128x144m2fw_130a_ssg0p81v125c.lib start.
I0113 12:10:38.197480 1663173 LibParserRustC.cc:1293] link liberty file /data/project_share/process_node/dataset_baseline/lib/tcbn28hpcplusbwp40p140oppuhvtssg0p81v125c_ccs.lib start.
I0113 12:10:38.197518 1663178 LibParserRustC.cc:1293] link liberty file /data/project_share/process_node/dataset_baseline/lib/ts5n28hpcplvta8x144m2f_130a_ssg0p81v125c.lib start.
I0113 12:10:38.197536 1663169 LibParserRustC.cc:1293] link liberty file /data/project_share/process_node/dataset_baseline/lib/ts5n28hpcplvta64x80m2f_130a_ssg0p81v125c.lib start.
I0113 12:10:38.197538 1663174 LibParserRustC.cc:1293] link liberty file /data/project_share/process_node/dataset_baseline/lib/ts5n28hpcplvta1024x32m8fw_130a_ssg0p81v125c.lib start.
I0113 12:10:38.197561 1663162 LibParserRustC.cc:1293] link liberty file /data/project_share/process_node/dataset_baseline/lib/ts5n28hpcplvta256x16m2f_130a_ssg0p81v125c.lib start.
I0113 12:10:38.197562 1663181 LibParserRustC.cc:1293] link liberty file /data/project_share/process_node/dataset_baseline/lib/ts5n28hpcplvta256x144m2fw_130a_ssg0p81v125c.lib start.
I0113 12:10:38.197695 1663179 LibParserRustC.cc:1293] link liberty file /data/project_share/process_node/dataset_baseline/lib/ts6n28hpcplvta16x128m2f_130a_ssg0p81v125c.lib start.
I0113 12:10:38.197731 1663172 LibParserRustC.cc:1293] link liberty file /data/project_share/process_node/dataset_baseline/lib/tphn28hpcpgv18ssg0p81v1p62v125c.lib start.
I0113 12:10:38.197767 1663180 LibParserRustC.cc:1293] link liberty file /data/project_share/process_node/dataset_baseline/lib/ts5n28hpcplvta8x128m2f_130a_ssg0p81v125c.lib start.
I0113 12:10:38.197808 1663184 LibParserRustC.cc:1293] link liberty file /data/project_share/process_node/dataset_baseline/lib/PLLTS28HPMLAINT_SS_0P81_125C.lib start.
I0113 12:10:38.197872 1663177 LibParserRustC.cc:1293] link liberty file /data/project_share/process_node/dataset_baseline/lib/tcbn28hpcplusbwp30p140oppuhvtssg0p81v125c_ccs.lib start.
I0113 12:10:38.197964 1663182 LibParserRustC.cc:1293] link liberty file /data/project_share/process_node/dataset_baseline/lib/tcbn28hpcplusbwp35p140opplvtssg0p81v125c_ccs.lib start.
I0113 12:10:38.198302 1663157 LibParserRustC.cc:660] unkown attri name: technology in /data/project_share/process_node/dataset_baseline/lib/tcbn28hpcplusbwp30p140opphvtssg0p81v125c_ccs.lib line no 44
I0113 12:10:38.198429 1663161 LibParserRustC.cc:660] unkown attri name: voltage_map in /data/project_share/process_node/dataset_baseline/lib/ts5n28hpcplvta128x64m2f_130a_ssg0p81v125c.lib line no 33
I0113 12:10:38.198487 1663161 LibParserRustC.cc:660] unkown attri name: library_features in /data/project_share/process_node/dataset_baseline/lib/ts5n28hpcplvta128x64m2f_130a_ssg0p81v125c.lib line no 52
I0113 12:10:38.198544 1663158 LibParserRustC.cc:660] unkown attri name: library_features in /data/project_share/process_node/dataset_baseline/lib/ts5n28hpcplvta256x32m4fw_130a_ssg0p81v125c.lib line no 51
I0113 12:10:38.198746 1663170 LibParserRustC.cc:660] unkown attri name: define_cell_area in /data/project_share/process_node/dataset_baseline/lib/ts5n28hpcplvta32x128m2f_130a_ssg0p81v125c.lib line no 54
I0113 12:10:38.198997 1663175 LibParserRustC.cc:660] unkown attri name: library_features in /data/project_share/process_node/dataset_baseline/lib/ts5n28hpcplvta32x32m2f_130a_ssg0p81v125c.lib line no 51
I0113 12:10:38.199415 1663169 LibParserRustC.cc:660] unkown attri name: technology in /data/project_share/process_node/dataset_baseline/lib/ts5n28hpcplvta64x80m2f_130a_ssg0p81v125c.lib line no 26
I0113 12:10:38.199527 1663181 LibParserRustC.cc:660] unkown attri name: library_features in /data/project_share/process_node/dataset_baseline/lib/ts5n28hpcplvta256x144m2fw_130a_ssg0p81v125c.lib line no 51
I0113 12:10:38.200183 1663164 LibParserRustC.cc:660] unkown attri name: define_cell_area in /data/project_share/process_node/dataset_baseline/lib/ts5n28hpcplvta512x64m4fw_130a_ssg0p81v125c.lib line no 54
I0113 12:10:38.200786 1663176 LibParserRustC.cc:660] unkown attri name: library_features in /data/project_share/process_node/dataset_baseline/lib/ts5n28hpcplvta64x64m2f_130a_ssg0p81v125c.lib line no 51
I0113 12:10:38.202706 1663153 LibParserRustC.cc:660] unkown attri name: voltage_map in /data/project_share/process_node/dataset_baseline/lib/tcbn28hpcplusbwp30p140opplvtssg0p81v125c_ccs.lib line no 54
I0113 12:10:38.203285 1663159 LibParserRustC.cc:660] unkown attri name: technology in /data/project_share/process_node/dataset_baseline/lib/ts5n28hpcplvta64x128m2fw_130a_ssg0p81v125c.lib line no 26
I0113 12:10:38.203478 1663159 LibParserRustC.cc:660] unkown attri name: library_features in /data/project_share/process_node/dataset_baseline/lib/ts5n28hpcplvta64x128m2fw_130a_ssg0p81v125c.lib line no 51
I0113 12:10:38.203589 1663171 LibParserRustC.cc:660] unkown attri name: voltage_map in /data/project_share/process_node/dataset_baseline/lib/ts5n28hpcplvta64x32m2f_130a_ssg0p81v125c.lib line no 33
I0113 12:10:38.203781 1663171 LibParserRustC.cc:660] unkown attri name: library_features in /data/project_share/process_node/dataset_baseline/lib/ts5n28hpcplvta64x32m2f_130a_ssg0p81v125c.lib line no 51
I0113 12:10:38.203850 1663154 LibParserRustC.cc:660] unkown attri name: define_cell_area in /data/project_share/process_node/dataset_baseline/lib/tcbn28hpcplusbwp40p140opplvtssg0p81v125c_ccs.lib line no 67
I0113 12:10:38.203920 1663154 LibParserRustC.cc:660] unkown attri name: library_features in /data/project_share/process_node/dataset_baseline/lib/tcbn28hpcplusbwp40p140opplvtssg0p81v125c_ccs.lib line no 69
I0113 12:10:38.204319 1663174 LibParserRustC.cc:660] unkown attri name: voltage_map in /data/project_share/process_node/dataset_baseline/lib/ts5n28hpcplvta1024x32m8fw_130a_ssg0p81v125c.lib line no 33
I0113 12:10:38.204319 1663162 LibParserRustC.cc:660] unkown attri name: voltage_map in /data/project_share/process_node/dataset_baseline/lib/ts5n28hpcplvta256x16m2f_130a_ssg0p81v125c.lib line no 32
I0113 12:10:38.204938 1663172 LibParserRustC.cc:660] unkown attri name: technology in /data/project_share/process_node/dataset_baseline/lib/tphn28hpcpgv18ssg0p81v1p62v125c.lib line no 35
I0113 12:10:38.205161 1663182 LibParserRustC.cc:660] unkown attri name: define_cell_area in /data/project_share/process_node/dataset_baseline/lib/tcbn28hpcplusbwp35p140opplvtssg0p81v125c_ccs.lib line no 67
I0113 12:10:38.205230 1663172 LibParserRustC.cc:660] unkown attri name: library_features in /data/project_share/process_node/dataset_baseline/lib/tphn28hpcpgv18ssg0p81v1p62v125c.lib line no 65
I0113 12:10:38.207007 1663166 LibParserRustC.cc:660] unkown attri name: library_features in /data/project_share/process_node/dataset_baseline/lib/ts5n28hpcplvta128x8m2f_130a_ssg0p81v125c.lib line no 52
I0113 12:10:38.208811 1663165 LibParserRustC.cc:1299] link liberty file /data/project_share/process_node/dataset_baseline/lib/ts5n28hpcplvta128x32m2f_130a_ssg0p81v125c.lib success.
I0113 12:10:38.208825 1663161 LibParserRustC.cc:1299] link liberty file /data/project_share/process_node/dataset_baseline/lib/ts5n28hpcplvta128x64m2f_130a_ssg0p81v125c.lib success.
I0113 12:10:38.208842 1663165 LibParserRustC.cc:1293] link liberty file /data/project_share/process_node/dataset_baseline/lib/tcbn28hpcplusbwp30p140oppulvtssg0p81v125c_ccs.lib start.
I0113 12:10:38.208856 1663161 LibParserRustC.cc:1293] link liberty file /data/project_share/process_node/dataset_baseline/lib/tcbn28hpcplusbwp35p140oppuhvtssg0p81v125c_ccs.lib start.
I0113 12:10:38.209789 1663169 LibParserRustC.cc:1299] link liberty file /data/project_share/process_node/dataset_baseline/lib/ts5n28hpcplvta64x80m2f_130a_ssg0p81v125c.lib success.
I0113 12:10:38.209820 1663169 LibParserRustC.cc:1293] link liberty file /data/project_share/process_node/dataset_baseline/lib/tcbn28hpcplusbwp40p140oppssg0p81v125c_ccs.lib start.
I0113 12:10:38.210517 1663165 LibParserRustC.cc:660] unkown attri name: define_cell_area in /data/project_share/process_node/dataset_baseline/lib/tcbn28hpcplusbwp30p140oppulvtssg0p81v125c_ccs.lib line no 68
I0113 12:10:38.211185 1663175 LibParserRustC.cc:1299] link liberty file /data/project_share/process_node/dataset_baseline/lib/ts5n28hpcplvta32x32m2f_130a_ssg0p81v125c.lib success.
I0113 12:10:38.211239 1663175 LibParserRustC.cc:1293] link liberty file /data/project_share/process_node/dataset_baseline/lib/tcbn28hpcplusbwp30p140oppssg0p81v125c_ccs.lib start.
I0113 12:10:38.211320 1663181 LibParserRustC.cc:1299] link liberty file /data/project_share/process_node/dataset_baseline/lib/ts5n28hpcplvta256x144m2fw_130a_ssg0p81v125c.lib success.
I0113 12:10:38.211351 1663181 LibParserRustC.cc:1293] link liberty file /data/project_share/process_node/dataset_baseline/lib/tcbn28hpcplusbwp35p140oppssg0p81v125c_ccs.lib start.
I0113 12:10:38.211542 1663169 LibParserRustC.cc:660] unkown attri name: library_features in /data/project_share/process_node/dataset_baseline/lib/tcbn28hpcplusbwp40p140oppssg0p81v125c_ccs.lib line no 69
I0113 12:10:38.212561 1663167 LibParserRustC.cc:1299] link liberty file /data/project_share/process_node/dataset_baseline/lib/ts6n28hpcplvta512x2m8f_130a_ssg0p81v125c.lib success.
I0113 12:10:38.212589 1663167 LibParserRustC.cc:1293] link liberty file /data/project_share/process_node/dataset_baseline/lib/tcbn28hpcplusbwp35p140oppulvtssg0p81v125c_ccs.lib start.
I0113 12:10:38.213492 1663175 LibParserRustC.cc:660] unkown attri name: define_cell_area in /data/project_share/process_node/dataset_baseline/lib/tcbn28hpcplusbwp30p140oppssg0p81v125c_ccs.lib line no 67
I0113 12:10:38.214102 1663158 LibParserRustC.cc:1299] link liberty file /data/project_share/process_node/dataset_baseline/lib/ts5n28hpcplvta256x32m4fw_130a_ssg0p81v125c.lib success.
I0113 12:10:38.214138 1663158 LibParserRustC.cc:1293] link liberty file /data/project_share/process_node/dataset_baseline/lib/tcbn28hpcplusbwp35p140opphvtssg0p81v125c_ccs.lib start.
I0113 12:10:38.216022 1663158 LibParserRustC.cc:660] unkown attri name: voltage_map in /data/project_share/process_node/dataset_baseline/lib/tcbn28hpcplusbwp35p140opphvtssg0p81v125c_ccs.lib line no 53
I0113 12:10:38.216107 1663171 LibParserRustC.cc:1299] link liberty file /data/project_share/process_node/dataset_baseline/lib/ts5n28hpcplvta64x32m2f_130a_ssg0p81v125c.lib success.
I0113 12:10:38.216135 1663171 LibParserRustC.cc:1293] link liberty file /data/project_share/process_node/dataset_baseline/lib/tcbn28hpcplusbwp30p140mbssg0p81v125c_ccs.lib start.
I0113 12:10:38.216802 1663156 LibParserRustC.cc:1299] link liberty file /data/project_share/process_node/dataset_baseline/lib/ts5n28hpcplvta64x128m2f_130a_ssg0p81v125c.lib success.
I0113 12:10:38.216832 1663156 LibParserRustC.cc:1293] link liberty file /data/project_share/process_node/dataset_baseline/lib/tcbn28hpcplusbwp35p140mblvtssg0p81v125c_ccs.lib start.
I0113 12:10:38.216857 1663180 LibParserRustC.cc:1299] link liberty file /data/project_share/process_node/dataset_baseline/lib/ts5n28hpcplvta8x128m2f_130a_ssg0p81v125c.lib success.
I0113 12:10:38.216887 1663180 LibParserRustC.cc:1293] link liberty file /data/project_share/process_node/dataset_baseline/lib/tcbn28hpcplusbwp35p140mbssg0p81v125c_ccs.lib start.
I0113 12:10:38.217464 1663160 LibParserRustC.cc:1299] link liberty file /data/project_share/process_node/dataset_baseline/lib/ts5n28hpcplvta128x80m2f_130a_ssg0p81v125c.lib success.
I0113 12:10:38.217492 1663160 LibParserRustC.cc:1293] link liberty file /data/project_share/process_node/dataset_baseline/lib/tcbn28hpcplusbwp40p140mbssg0p81v125c_ccs.lib start.
I0113 12:10:38.217794 1663171 LibParserRustC.cc:660] unkown attri name: library_features in /data/project_share/process_node/dataset_baseline/lib/tcbn28hpcplusbwp30p140mbssg0p81v125c_ccs.lib line no 69
I0113 12:10:38.217818 1663170 LibParserRustC.cc:1299] link liberty file /data/project_share/process_node/dataset_baseline/lib/ts5n28hpcplvta32x128m2f_130a_ssg0p81v125c.lib success.
I0113 12:10:38.217845 1663170 LibParserRustC.cc:1293] link liberty file /data/project_share/process_node/dataset_baseline/lib/tcbn28hpcplusbwp30p140mblvtssg0p81v125c_ccs.lib start.
I0113 12:10:38.218536 1663180 LibParserRustC.cc:660] unkown attri name: define_cell_area in /data/project_share/process_node/dataset_baseline/lib/tcbn28hpcplusbwp35p140mbssg0p81v125c_ccs.lib line no 67
I0113 12:10:38.218600 1663176 LibParserRustC.cc:1299] link liberty file /data/project_share/process_node/dataset_baseline/lib/ts5n28hpcplvta64x64m2f_130a_ssg0p81v125c.lib success.
I0113 12:10:38.218637 1663176 LibParserRustC.cc:1293] link liberty file /data/project_share/process_node/dataset_baseline/lib/tcbn28hpcplusbwp40p140mbhvtssg0p81v125c_ccs.lib start.
I0113 12:10:38.218961 1663168 LibParserRustC.cc:1299] link liberty file /data/project_share/process_node/dataset_baseline/lib/ts5n28hpcplvta64x8m2f_130a_ssg0p81v125c.lib success.
I0113 12:10:38.218990 1663168 LibParserRustC.cc:1293] link liberty file /data/project_share/process_node/dataset_baseline/lib/tcbn28hpcplusbwp35p140mbhvtssg0p81v125c_ccs.lib start.
I0113 12:10:38.219254 1663159 LibParserRustC.cc:1299] link liberty file /data/project_share/process_node/dataset_baseline/lib/ts5n28hpcplvta64x128m2fw_130a_ssg0p81v125c.lib success.
I0113 12:10:38.219290 1663159 LibParserRustC.cc:1293] link liberty file /data/project_share/process_node/dataset_baseline/lib/tcbn28hpcplusbwp35p140ssg0p81v125c_ccs.lib start.
I0113 12:10:38.219411 1663178 LibParserRustC.cc:1299] link liberty file /data/project_share/process_node/dataset_baseline/lib/ts5n28hpcplvta8x144m2f_130a_ssg0p81v125c.lib success.
I0113 12:10:38.219442 1663178 LibParserRustC.cc:1293] link liberty file /data/project_share/process_node/dataset_baseline/lib/tcbn28hpcplusbwp35p140uhvtssg0p81v125c_ccs.lib start.
I0113 12:10:38.219449 1663170 LibParserRustC.cc:660] unkown attri name: voltage_map in /data/project_share/process_node/dataset_baseline/lib/tcbn28hpcplusbwp30p140mblvtssg0p81v125c_ccs.lib line no 53
I0113 12:10:38.220042 1663179 LibParserRustC.cc:1299] link liberty file /data/project_share/process_node/dataset_baseline/lib/ts6n28hpcplvta16x128m2f_130a_ssg0p81v125c.lib success.
I0113 12:10:38.220072 1663179 LibParserRustC.cc:1293] link liberty file /data/project_share/process_node/dataset_baseline/lib/tcbn28hpcplusbwp35p140hvtssg0p81v125c_ccs.lib start.
I0113 12:10:38.220638 1663168 LibParserRustC.cc:660] unkown attri name: define_cell_area in /data/project_share/process_node/dataset_baseline/lib/tcbn28hpcplusbwp35p140mbhvtssg0p81v125c_ccs.lib line no 68
I0113 12:10:38.220921 1663174 LibParserRustC.cc:1299] link liberty file /data/project_share/process_node/dataset_baseline/lib/ts5n28hpcplvta1024x32m8fw_130a_ssg0p81v125c.lib success.
I0113 12:10:38.220948 1663174 LibParserRustC.cc:1293] link liberty file /data/project_share/process_node/dataset_baseline/lib/tcbn28hpcplusbwp40p140uhvtssg0p81v125c_ccs.lib start.
I0113 12:10:38.221374 1663159 LibParserRustC.cc:660] unkown attri name: technology in /data/project_share/process_node/dataset_baseline/lib/tcbn28hpcplusbwp35p140ssg0p81v125c_ccs.lib line no 44
I0113 12:10:38.221724 1663179 LibParserRustC.cc:660] unkown attri name: define_cell_area in /data/project_share/process_node/dataset_baseline/lib/tcbn28hpcplusbwp35p140hvtssg0p81v125c_ccs.lib line no 68
I0113 12:10:38.221776 1663162 LibParserRustC.cc:1299] link liberty file /data/project_share/process_node/dataset_baseline/lib/ts5n28hpcplvta256x16m2f_130a_ssg0p81v125c.lib success.
I0113 12:10:38.221810 1663162 LibParserRustC.cc:1293] link liberty file /data/project_share/process_node/dataset_baseline/lib/tcbn28hpcplusbwp40p140ssg0p81v125c_ccs.lib start.
I0113 12:10:38.222321 1663164 LibParserRustC.cc:1299] link liberty file /data/project_share/process_node/dataset_baseline/lib/ts5n28hpcplvta512x64m4fw_130a_ssg0p81v125c.lib success.
I0113 12:10:38.222357 1663164 LibParserRustC.cc:1293] link liberty file /data/project_share/process_node/dataset_baseline/lib/tcbn28hpcplusbwp30p140ssg0p81v125c_ccs.lib start.
I0113 12:10:38.222551 1663174 LibParserRustC.cc:660] unkown attri name: technology in /data/project_share/process_node/dataset_baseline/lib/tcbn28hpcplusbwp40p140uhvtssg0p81v125c_ccs.lib line no 44
I0113 12:10:38.223544 1663183 LibParserRustC.cc:1299] link liberty file /data/project_share/process_node/dataset_baseline/lib/ts5n28hpcplvta128x144m2fw_130a_ssg0p81v125c.lib success.
I0113 12:10:38.223590 1663183 LibParserRustC.cc:1293] link liberty file /data/project_share/process_node/dataset_baseline/lib/tcbn28hpcplusbwp40p140lvtssg0p81v125c_ccs.lib start.
I0113 12:10:38.223971 1663162 LibParserRustC.cc:660] unkown attri name: define_cell_area in /data/project_share/process_node/dataset_baseline/lib/tcbn28hpcplusbwp40p140ssg0p81v125c_ccs.lib line no 67
I0113 12:10:38.224375 1663163 LibParserRustC.cc:1299] link liberty file /data/project_share/process_node/dataset_baseline/lib/ts5n28hpcplvta512x64m4f_130a_ssg0p81v125c.lib success.
I0113 12:10:38.224411 1663163 LibParserRustC.cc:1293] link liberty file /data/project_share/process_node/dataset_baseline/lib/tcbn28hpcplusbwp40p140hvtssg0p81v125c_ccs.lib start.
I0113 12:10:38.226680 1663183 LibParserRustC.cc:660] unkown attri name: technology in /data/project_share/process_node/dataset_baseline/lib/tcbn28hpcplusbwp40p140lvtssg0p81v125c_ccs.lib line no 44
I0113 12:10:38.227303 1663166 LibParserRustC.cc:1299] link liberty file /data/project_share/process_node/dataset_baseline/lib/ts5n28hpcplvta128x8m2f_130a_ssg0p81v125c.lib success.
I0113 12:10:38.227339 1663166 LibParserRustC.cc:1293] link liberty file /data/project_share/process_node/dataset_baseline/lib/tcbn28hpcplusbwp30p140hvtssg0p81v125c_ccs.lib start.
I0113 12:10:38.227676 1663171 LibParserRustC.cc:660] unkown attri name: members in /data/project_share/process_node/dataset_baseline/lib/tcbn28hpcplusbwp30p140mbssg0p81v125c_ccs.lib line no 2899
I0113 12:10:38.230527 1663168 LibParserRustC.cc:660] unkown attri name: members in /data/project_share/process_node/dataset_baseline/lib/tcbn28hpcplusbwp35p140mbhvtssg0p81v125c_ccs.lib line no 2899
I0113 12:10:38.239791 1663176 LibParserRustC.cc:660] unkown attri name: members in /data/project_share/process_node/dataset_baseline/lib/tcbn28hpcplusbwp40p140mbhvtssg0p81v125c_ccs.lib line no 2899
I0113 12:10:38.254163 1663184 LibParserRustC.cc:1299] link liberty file /data/project_share/process_node/dataset_baseline/lib/PLLTS28HPMLAINT_SS_0P81_125C.lib success.
I0113 12:10:38.254199 1663184 LibParserRustC.cc:1293] link liberty file /data/project_share/process_node/dataset_baseline/lib/tcbn28hpcplusbwp35p140lvtssg0p81v125c_ccs.lib start.
I0113 12:10:38.353117 1663171 LibParserRustC.cc:660] unkown attri name: members in /data/project_share/process_node/dataset_baseline/lib/tcbn28hpcplusbwp30p140mbssg0p81v125c_ccs.lib line no 18392
I0113 12:10:38.456512 1663176 LibParserRustC.cc:660] unkown attri name: members in /data/project_share/process_node/dataset_baseline/lib/tcbn28hpcplusbwp40p140mbhvtssg0p81v125c_ccs.lib line no 18392
I0113 12:10:38.532395 1663170 LibParserRustC.cc:660] unkown attri name: members in /data/project_share/process_node/dataset_baseline/lib/tcbn28hpcplusbwp30p140mblvtssg0p81v125c_ccs.lib line no 35839
I0113 12:10:38.674986 1663176 LibParserRustC.cc:660] unkown attri name: members in /data/project_share/process_node/dataset_baseline/lib/tcbn28hpcplusbwp40p140mbhvtssg0p81v125c_ccs.lib line no 35843
I0113 12:10:38.684742 1663172 LibParserRustC.cc:1299] link liberty file /data/project_share/process_node/dataset_baseline/lib/tphn28hpcpgv18ssg0p81v1p62v125c.lib success.
I0113 12:10:38.684795 1663172 LibParserRustC.cc:1293] link liberty file /data/project_share/process_node/dataset_baseline/lib/tcbn28hpcplusbwp30p140uhvtssg0p81v125c_ccs.lib start.
I0113 12:10:38.726038 1663168 LibParserRustC.cc:660] unkown attri name: members in /data/project_share/process_node/dataset_baseline/lib/tcbn28hpcplusbwp35p140mbhvtssg0p81v125c_ccs.lib line no 61345
I0113 12:10:38.851123 1663171 LibParserRustC.cc:660] unkown attri name: members in /data/project_share/process_node/dataset_baseline/lib/tcbn28hpcplusbwp30p140mbssg0p81v125c_ccs.lib line no 91341
I0113 12:10:38.872745 1663180 LibParserRustC.cc:660] unkown attri name: members in /data/project_share/process_node/dataset_baseline/lib/tcbn28hpcplusbwp35p140mbssg0p81v125c_ccs.lib line no 80588
I0113 12:10:38.949080 1663180 LibParserRustC.cc:660] unkown attri name: members in /data/project_share/process_node/dataset_baseline/lib/tcbn28hpcplusbwp35p140mbssg0p81v125c_ccs.lib line no 91341
I0113 12:10:39.036195 1663170 LibParserRustC.cc:660] unkown attri name: members in /data/project_share/process_node/dataset_baseline/lib/tcbn28hpcplusbwp30p140mblvtssg0p81v125c_ccs.lib line no 104701
I0113 12:10:39.154920 1663168 LibParserRustC.cc:660] unkown attri name: members in /data/project_share/process_node/dataset_baseline/lib/tcbn28hpcplusbwp35p140mbhvtssg0p81v125c_ccs.lib line no 120854
I0113 12:10:39.217918 1663160 LibParserRustC.cc:660] unkown attri name: members in /data/project_share/process_node/dataset_baseline/lib/tcbn28hpcplusbwp40p140mbssg0p81v125c_ccs.lib line no 142205
I0113 12:10:39.427695 1663176 LibParserRustC.cc:660] unkown attri name: members in /data/project_share/process_node/dataset_baseline/lib/tcbn28hpcplusbwp40p140mbhvtssg0p81v125c_ccs.lib line no 103187
I0113 12:10:39.677102 1663168 LibParserRustC.cc:660] unkown attri name: members in /data/project_share/process_node/dataset_baseline/lib/tcbn28hpcplusbwp35p140mbhvtssg0p81v125c_ccs.lib line no 164052
I0113 12:10:39.828962 1663171 LibParserRustC.cc:660] unkown attri name: members in /data/project_share/process_node/dataset_baseline/lib/tcbn28hpcplusbwp30p140mbssg0p81v125c_ccs.lib line no 190853
I0113 12:10:40.072039 1663180 LibParserRustC.cc:660] unkown attri name: members in /data/project_share/process_node/dataset_baseline/lib/tcbn28hpcplusbwp35p140mbssg0p81v125c_ccs.lib line no 190853
I0113 12:10:40.301577 1663160 LibParserRustC.cc:660] unkown attri name: members in /data/project_share/process_node/dataset_baseline/lib/tcbn28hpcplusbwp40p140mbssg0p81v125c_ccs.lib line no 259748
I0113 12:10:40.496637 1663176 LibParserRustC.cc:660] unkown attri name: members in /data/project_share/process_node/dataset_baseline/lib/tcbn28hpcplusbwp40p140mbhvtssg0p81v125c_ccs.lib line no 190865
I0113 12:10:40.653990 1663171 LibParserRustC.cc:660] unkown attri name: members in /data/project_share/process_node/dataset_baseline/lib/tcbn28hpcplusbwp30p140mbssg0p81v125c_ccs.lib line no 259732
I0113 12:10:40.850091 1663156 LibParserRustC.cc:660] unkown attri name: members in /data/project_share/process_node/dataset_baseline/lib/tcbn28hpcplusbwp35p140mblvtssg0p81v125c_ccs.lib line no 324897
I0113 12:10:40.972061 1663171 LibParserRustC.cc:660] unkown attri name: members in /data/project_share/process_node/dataset_baseline/lib/tcbn28hpcplusbwp30p140mbssg0p81v125c_ccs.lib line no 297541
I0113 12:10:41.109742 1663156 LibParserRustC.cc:660] unkown attri name: members in /data/project_share/process_node/dataset_baseline/lib/tcbn28hpcplusbwp35p140mblvtssg0p81v125c_ccs.lib line no 358861
I0113 12:10:41.271833 1663170 LibParserRustC.cc:660] unkown attri name: members in /data/project_share/process_node/dataset_baseline/lib/tcbn28hpcplusbwp30p140mblvtssg0p81v125c_ccs.lib line no 324897
I0113 12:10:41.602495 1663156 LibParserRustC.cc:660] unkown attri name: members in /data/project_share/process_node/dataset_baseline/lib/tcbn28hpcplusbwp35p140mblvtssg0p81v125c_ccs.lib line no 396484
I0113 12:10:41.768394 1663154 LibParserRustC.cc:1299] link liberty file /data/project_share/process_node/dataset_baseline/lib/tcbn28hpcplusbwp40p140opplvtssg0p81v125c_ccs.lib success.
I0113 12:10:41.768517 1663154 LibParserRustC.cc:1293] link liberty file /data/project_share/process_node/dataset_baseline/lib/tcbn28hpcplusbwp30p140lvtssg0p81v125c_ccs.lib start.
I0113 12:10:41.770205 1663154 LibParserRustC.cc:660] unkown attri name: technology in /data/project_share/process_node/dataset_baseline/lib/tcbn28hpcplusbwp30p140lvtssg0p81v125c_ccs.lib line no 44
I0113 12:10:41.850318 1663167 LibParserRustC.cc:1299] link liberty file /data/project_share/process_node/dataset_baseline/lib/tcbn28hpcplusbwp35p140oppulvtssg0p81v125c_ccs.lib success.
I0113 12:10:41.850452 1663167 LibParserRustC.cc:1293] link liberty file /data/project_share/process_node/dataset_baseline/lib/tcbn28hpcplusbwp30p140ulvtssg0p81v125c_ccs.lib start.
I0113 12:10:41.852720 1663167 LibParserRustC.cc:660] unkown attri name: define_cell_area in /data/project_share/process_node/dataset_baseline/lib/tcbn28hpcplusbwp30p140ulvtssg0p81v125c_ccs.lib line no 68
I0113 12:10:41.912053 1663173 LibParserRustC.cc:1299] link liberty file /data/project_share/process_node/dataset_baseline/lib/tcbn28hpcplusbwp40p140oppuhvtssg0p81v125c_ccs.lib success.
I0113 12:10:41.912184 1663173 LibParserRustC.cc:1293] link liberty file /data/project_share/process_node/dataset_baseline/lib/tcbn28hpcplusbwp35p140ulvtssg0p81v125c_ccs.lib start.
I0113 12:10:41.992758 1663161 LibParserRustC.cc:1299] link liberty file /data/project_share/process_node/dataset_baseline/lib/tcbn28hpcplusbwp35p140oppuhvtssg0p81v125c_ccs.lib success.
I0113 12:10:42.022177 1663155 LibParserRustC.cc:1299] link liberty file /data/project_share/process_node/dataset_baseline/lib/tcbn28hpcplusbwp40p140opphvtssg0p81v125c_ccs.lib success.
I0113 12:10:42.057010 1663158 LibParserRustC.cc:1299] link liberty file /data/project_share/process_node/dataset_baseline/lib/tcbn28hpcplusbwp35p140opphvtssg0p81v125c_ccs.lib success.
I0113 12:10:42.077761 1663177 LibParserRustC.cc:1299] link liberty file /data/project_share/process_node/dataset_baseline/lib/tcbn28hpcplusbwp30p140oppuhvtssg0p81v125c_ccs.lib success.
I0113 12:10:42.108253 1663175 LibParserRustC.cc:1299] link liberty file /data/project_share/process_node/dataset_baseline/lib/tcbn28hpcplusbwp30p140oppssg0p81v125c_ccs.lib success.
I0113 12:10:42.115682 1663160 LibParserRustC.cc:660] unkown attri name: members in /data/project_share/process_node/dataset_baseline/lib/tcbn28hpcplusbwp40p140mbssg0p81v125c_ccs.lib line no 442777
I0113 12:10:42.312335 1663157 LibParserRustC.cc:1299] link liberty file /data/project_share/process_node/dataset_baseline/lib/tcbn28hpcplusbwp30p140opphvtssg0p81v125c_ccs.lib success.
I0113 12:10:42.343977 1663182 LibParserRustC.cc:1299] link liberty file /data/project_share/process_node/dataset_baseline/lib/tcbn28hpcplusbwp35p140opplvtssg0p81v125c_ccs.lib success.
I0113 12:10:42.415767 1663181 LibParserRustC.cc:1299] link liberty file /data/project_share/process_node/dataset_baseline/lib/tcbn28hpcplusbwp35p140oppssg0p81v125c_ccs.lib success.
I0113 12:10:42.491140 1663176 LibParserRustC.cc:660] unkown attri name: members in /data/project_share/process_node/dataset_baseline/lib/tcbn28hpcplusbwp40p140mbhvtssg0p81v125c_ccs.lib line no 396500
I0113 12:10:42.567224 1663165 LibParserRustC.cc:1299] link liberty file /data/project_share/process_node/dataset_baseline/lib/tcbn28hpcplusbwp30p140oppulvtssg0p81v125c_ccs.lib success.
I0113 12:10:42.618773 1663169 LibParserRustC.cc:1299] link liberty file /data/project_share/process_node/dataset_baseline/lib/tcbn28hpcplusbwp40p140oppssg0p81v125c_ccs.lib success.
I0113 12:10:42.861307 1663153 LibParserRustC.cc:1299] link liberty file /data/project_share/process_node/dataset_baseline/lib/tcbn28hpcplusbwp30p140opplvtssg0p81v125c_ccs.lib success.
I0113 12:10:42.958540 1663156 LibParserRustC.cc:660] unkown attri name: members in /data/project_share/process_node/dataset_baseline/lib/tcbn28hpcplusbwp35p140mblvtssg0p81v125c_ccs.lib line no 510577
I0113 12:10:43.231416 1663180 LibParserRustC.cc:660] unkown attri name: members in /data/project_share/process_node/dataset_baseline/lib/tcbn28hpcplusbwp35p140mbssg0p81v125c_ccs.lib line no 504263
I0113 12:10:43.592749 1663168 LibParserRustC.cc:660] unkown attri name: members in /data/project_share/process_node/dataset_baseline/lib/tcbn28hpcplusbwp35p140mbhvtssg0p81v125c_ccs.lib line no 504263
I0113 12:10:43.915638 1663176 LibParserRustC.cc:660] unkown attri name: members in /data/project_share/process_node/dataset_baseline/lib/tcbn28hpcplusbwp40p140mbhvtssg0p81v125c_ccs.lib line no 561944
I0113 12:10:44.192313 1663176 LibParserRustC.cc:660] unkown attri name: members in /data/project_share/process_node/dataset_baseline/lib/tcbn28hpcplusbwp40p140mbhvtssg0p81v125c_ccs.lib line no 595209
I0113 12:10:44.385733 1663168 LibParserRustC.cc:660] unkown attri name: members in /data/project_share/process_node/dataset_baseline/lib/tcbn28hpcplusbwp35p140mbhvtssg0p81v125c_ccs.lib line no 595185
I0113 12:10:44.670488 1663168 LibParserRustC.cc:660] unkown attri name: members in /data/project_share/process_node/dataset_baseline/lib/tcbn28hpcplusbwp35p140mbhvtssg0p81v125c_ccs.lib line no 628905
I0113 12:10:44.853822 1663160 LibParserRustC.cc:1299] link liberty file /data/project_share/process_node/dataset_baseline/lib/tcbn28hpcplusbwp40p140mbssg0p81v125c_ccs.lib success.
I0113 12:10:45.118160 1663156 LibParserRustC.cc:1299] link liberty file /data/project_share/process_node/dataset_baseline/lib/tcbn28hpcplusbwp35p140mblvtssg0p81v125c_ccs.lib success.
I0113 12:10:45.124262 1663168 LibParserRustC.cc:660] unkown attri name: members in /data/project_share/process_node/dataset_baseline/lib/tcbn28hpcplusbwp35p140mbhvtssg0p81v125c_ccs.lib line no 676005
I0113 12:10:45.183228 1663180 LibParserRustC.cc:1299] link liberty file /data/project_share/process_node/dataset_baseline/lib/tcbn28hpcplusbwp35p140mbssg0p81v125c_ccs.lib success.
I0113 12:10:45.536554 1663176 LibParserRustC.cc:1299] link liberty file /data/project_share/process_node/dataset_baseline/lib/tcbn28hpcplusbwp40p140mbhvtssg0p81v125c_ccs.lib success.
I0113 12:10:45.647594 1663171 LibParserRustC.cc:1299] link liberty file /data/project_share/process_node/dataset_baseline/lib/tcbn28hpcplusbwp30p140mbssg0p81v125c_ccs.lib success.
I0113 12:10:45.743165 1663168 LibParserRustC.cc:1299] link liberty file /data/project_share/process_node/dataset_baseline/lib/tcbn28hpcplusbwp35p140mbhvtssg0p81v125c_ccs.lib success.
I0113 12:10:46.011289 1663170 LibParserRustC.cc:1299] link liberty file /data/project_share/process_node/dataset_baseline/lib/tcbn28hpcplusbwp30p140mblvtssg0p81v125c_ccs.lib success.
I0113 12:14:08.055074 1663162 LibParserRustC.cc:1299] link liberty file /data/project_share/process_node/dataset_baseline/lib/tcbn28hpcplusbwp40p140ssg0p81v125c_ccs.lib success.
I0113 12:14:08.197394 1663183 LibParserRustC.cc:1299] link liberty file /data/project_share/process_node/dataset_baseline/lib/tcbn28hpcplusbwp40p140lvtssg0p81v125c_ccs.lib success.
I0113 12:14:09.271535 1663163 LibParserRustC.cc:1299] link liberty file /data/project_share/process_node/dataset_baseline/lib/tcbn28hpcplusbwp40p140hvtssg0p81v125c_ccs.lib success.
I0113 12:14:09.811096 1663164 LibParserRustC.cc:1299] link liberty file /data/project_share/process_node/dataset_baseline/lib/tcbn28hpcplusbwp30p140ssg0p81v125c_ccs.lib success.
I0113 12:14:11.272974 1663159 LibParserRustC.cc:1299] link liberty file /data/project_share/process_node/dataset_baseline/lib/tcbn28hpcplusbwp35p140ssg0p81v125c_ccs.lib success.
I0113 12:14:13.189357 1663179 LibParserRustC.cc:1299] link liberty file /data/project_share/process_node/dataset_baseline/lib/tcbn28hpcplusbwp35p140hvtssg0p81v125c_ccs.lib success.
I0113 12:14:13.210511 1663178 LibParserRustC.cc:1299] link liberty file /data/project_share/process_node/dataset_baseline/lib/tcbn28hpcplusbwp35p140uhvtssg0p81v125c_ccs.lib success.
I0113 12:14:13.567453 1663172 LibParserRustC.cc:1299] link liberty file /data/project_share/process_node/dataset_baseline/lib/tcbn28hpcplusbwp30p140uhvtssg0p81v125c_ccs.lib success.
I0113 12:14:13.581219 1663174 LibParserRustC.cc:1299] link liberty file /data/project_share/process_node/dataset_baseline/lib/tcbn28hpcplusbwp40p140uhvtssg0p81v125c_ccs.lib success.
I0113 12:14:15.529651 1663166 LibParserRustC.cc:1299] link liberty file /data/project_share/process_node/dataset_baseline/lib/tcbn28hpcplusbwp30p140hvtssg0p81v125c_ccs.lib success.
I0113 12:14:16.022425 1663173 LibParserRustC.cc:1299] link liberty file /data/project_share/process_node/dataset_baseline/lib/tcbn28hpcplusbwp35p140ulvtssg0p81v125c_ccs.lib success.
I0113 12:14:19.965250 1663184 LibParserRustC.cc:1299] link liberty file /data/project_share/process_node/dataset_baseline/lib/tcbn28hpcplusbwp35p140lvtssg0p81v125c_ccs.lib success.
I0113 12:14:21.823868 1663167 LibParserRustC.cc:1299] link liberty file /data/project_share/process_node/dataset_baseline/lib/tcbn28hpcplusbwp30p140ulvtssg0p81v125c_ccs.lib success.
I0113 12:14:24.248662 1663154 LibParserRustC.cc:1299] link liberty file /data/project_share/process_node/dataset_baseline/lib/tcbn28hpcplusbwp30p140lvtssg0p81v125c_ccs.lib success.
I0113 12:14:24.250152 1661160 TimingIDBAdapter.cc:738] core area width 21um height 21um
I0113 12:14:24.252321 1661160 TimingIDBAdapter.cc:821] build inst num: 1
I0113 12:14:24.298965 1661160 TimingIDBAdapter.cc:896] build net num: 1
I0113 12:14:24.305589 1661160 TimingIDBAdapter.cc:904] build instance num: 297
I0113 12:14:24.305614 1661160 TimingIDBAdapter.cc:905] build port num: 56
I0113 12:14:24.305620 1661160 TimingIDBAdapter.cc:906] build net num: 270
I0113 12:14:24.305650 1661160 Sta.cc:172] read sdc /data2/project_share/dataset_baseline/gcd/syn_netlist/gcd.sdc start 
I0113 12:14:24.359026 1661160 CmdCreateClock.cc:119] create clock core_clock for pin/port: clk
I0113 12:14:24.359104 1661160 Sta.cc:189] read sdc /data2/project_share/dataset_baseline/gcd/syn_netlist/gcd.sdc end 
I0113 12:14:24.359253 1661160 StaBuildGraph.cc:310] build graph start
I0113 12:14:24.384102 1661160 StaBuildGraph.cc:327] build graph end
I0113 12:14:24.385790 1661160 init_sta.cc:564] Net clk has 3 pins
I0113 12:14:24.386044 1661160 init_sta.cc:564] Net req_msg[31] has 2 pins
I0113 12:14:24.386243 1661160 init_sta.cc:564] Net req_msg[30] has 2 pins
I0113 12:14:24.386420 1661160 init_sta.cc:564] Net req_msg[29] has 2 pins
I0113 12:14:24.386591 1661160 init_sta.cc:564] Net req_msg[28] has 2 pins
I0113 12:14:24.386792 1661160 init_sta.cc:564] Net req_msg[27] has 2 pins
I0113 12:14:24.386973 1661160 init_sta.cc:564] Net req_msg[26] has 2 pins
I0113 12:14:24.387151 1661160 init_sta.cc:564] Net req_msg[25] has 2 pins
I0113 12:14:24.387382 1661160 init_sta.cc:564] Net req_msg[24] has 2 pins
I0113 12:14:24.387660 1661160 init_sta.cc:564] Net req_msg[23] has 2 pins
I0113 12:14:24.387873 1661160 init_sta.cc:564] Net req_msg[22] has 2 pins
I0113 12:14:24.388051 1661160 init_sta.cc:564] Net req_msg[21] has 2 pins
I0113 12:14:24.388263 1661160 init_sta.cc:564] Net req_msg[20] has 2 pins
I0113 12:14:24.388408 1661160 init_sta.cc:564] Net req_msg[19] has 2 pins
I0113 12:14:24.388583 1661160 init_sta.cc:564] Net req_msg[18] has 2 pins
I0113 12:14:24.388733 1661160 init_sta.cc:564] Net req_msg[17] has 2 pins
I0113 12:14:24.388864 1661160 init_sta.cc:564] Net req_msg[16] has 2 pins
I0113 12:14:24.389019 1661160 init_sta.cc:564] Net req_msg[15] has 2 pins
I0113 12:14:24.389216 1661160 init_sta.cc:564] Net req_msg[14] has 2 pins
I0113 12:14:24.389408 1661160 init_sta.cc:564] Net req_msg[13] has 2 pins
I0113 12:14:24.389600 1661160 init_sta.cc:564] Net req_msg[12] has 2 pins
I0113 12:14:24.389777 1661160 init_sta.cc:564] Net req_msg[11] has 2 pins
I0113 12:14:24.390004 1661160 init_sta.cc:564] Net req_msg[10] has 2 pins
I0113 12:14:24.390239 1661160 init_sta.cc:564] Net req_msg[9] has 2 pins
I0113 12:14:24.390483 1661160 init_sta.cc:564] Net req_msg[8] has 2 pins
I0113 12:14:24.390661 1661160 init_sta.cc:564] Net req_msg[7] has 2 pins
I0113 12:14:24.390837 1661160 init_sta.cc:564] Net req_msg[6] has 2 pins
I0113 12:14:24.391037 1661160 init_sta.cc:564] Net req_msg[5] has 2 pins
I0113 12:14:24.391242 1661160 init_sta.cc:564] Net req_msg[4] has 2 pins
I0113 12:14:24.391419 1661160 init_sta.cc:564] Net req_msg[3] has 2 pins
I0113 12:14:24.391584 1661160 init_sta.cc:564] Net req_msg[2] has 2 pins
I0113 12:14:24.391763 1661160 init_sta.cc:564] Net req_msg[1] has 2 pins
I0113 12:14:24.391930 1661160 init_sta.cc:564] Net req_msg[0] has 2 pins
I0113 12:14:24.392076 1661160 init_sta.cc:564] Net req_rdy has 2 pins
I0113 12:14:24.392251 1661160 init_sta.cc:564] Net req_val has 2 pins
I0113 12:14:24.392407 1661160 init_sta.cc:564] Net reset has 2 pins
I0113 12:14:24.392587 1661160 init_sta.cc:564] Net resp_msg[15] has 3 pins
I0113 12:14:24.392781 1661160 init_sta.cc:564] Net resp_msg[14] has 3 pins
I0113 12:14:24.393025 1661160 init_sta.cc:564] Net resp_msg[13] has 3 pins
I0113 12:14:24.393275 1661160 init_sta.cc:564] Net resp_msg[12] has 3 pins
I0113 12:14:24.393536 1661160 init_sta.cc:564] Net resp_msg[11] has 3 pins
I0113 12:14:24.393844 1661160 init_sta.cc:564] Net resp_msg[10] has 3 pins
I0113 12:14:24.394150 1661160 init_sta.cc:564] Net resp_msg[9] has 3 pins
I0113 12:14:24.394409 1661160 init_sta.cc:564] Net resp_msg[8] has 3 pins
I0113 12:14:24.394721 1661160 init_sta.cc:564] Net resp_msg[7] has 3 pins
I0113 12:14:24.394958 1661160 init_sta.cc:564] Net resp_msg[6] has 3 pins
I0113 12:14:24.395192 1661160 init_sta.cc:564] Net resp_msg[5] has 3 pins
I0113 12:14:24.395430 1661160 init_sta.cc:564] Net resp_msg[4] has 3 pins
I0113 12:14:24.395668 1661160 init_sta.cc:564] Net resp_msg[3] has 3 pins
I0113 12:14:24.395862 1661160 init_sta.cc:564] Net resp_msg[2] has 3 pins
I0113 12:14:24.396123 1661160 init_sta.cc:564] Net resp_msg[1] has 3 pins
I0113 12:14:24.396347 1661160 init_sta.cc:564] Net resp_msg[0] has 6 pins
I0113 12:14:24.396539 1661160 init_sta.cc:564] Net resp_rdy has 2 pins
I0113 12:14:24.396692 1661160 init_sta.cc:564] Net resp_val has 2 pins
I0113 12:14:24.397629 1661160 init_sta.cc:564] Net CTS_1 has 17 pins
I0113 12:14:24.398586 1661160 init_sta.cc:564] Net ctrl_b_mux_sel_0_ has 22 pins
I0113 12:14:24.398856 1661160 init_sta.cc:564] Net ctrl_b_reg_en_0_ has 2 pins
I0113 12:14:24.399960 1661160 init_sta.cc:564] Net ctrl_a_reg_en_0_ has 24 pins
I0113 12:14:24.400403 1661160 init_sta.cc:564] Net dpath_is_b_zero_0_ has 3 pins
I0113 12:14:24.400580 1661160 init_sta.cc:564] Net dpath_is_a_lt_b_0_ has 3 pins
I0113 12:14:24.400688 1661160 init_sta.cc:564] Net ctrl_a_mux_sel[1] has 2 pins
I0113 12:14:24.400925 1661160 init_sta.cc:564] Net ctrl_a_mux_sel[0] has 5 pins
I0113 12:14:24.401049 1661160 init_sta.cc:564] Net ctrl/FE_OFN1_ctrl_b_mux_sel_0 has 2 pins
I0113 12:14:24.401228 1661160 init_sta.cc:564] Net ctrl/n1 has 2 pins
I0113 12:14:24.401386 1661160 init_sta.cc:564] Net ctrl/n2 has 3 pins
I0113 12:14:24.401521 1661160 init_sta.cc:564] Net ctrl/n3 has 3 pins
I0113 12:14:24.401669 1661160 init_sta.cc:564] Net ctrl/n4 has 2 pins
I0113 12:14:24.401826 1661160 init_sta.cc:564] Net ctrl/n5 has 2 pins
I0113 12:14:24.402035 1661160 init_sta.cc:564] Net ctrl/state_out[1] has 4 pins
I0113 12:14:24.402382 1661160 init_sta.cc:564] Net ctrl/state_out[0] has 12 pins
I0113 12:14:24.402551 1661160 init_sta.cc:564] Net ctrl/next_state__0[1] has 2 pins
I0113 12:14:24.402693 1661160 init_sta.cc:564] Net ctrl/next_state__0[0] has 2 pins
I0113 12:14:24.402832 1661160 init_sta.cc:564] Net ctrl/state/n1 has 3 pins
I0113 12:14:24.403717 1661160 init_sta.cc:564] Net dpath/CTS_1 has 19 pins
I0113 12:14:24.404137 1661160 init_sta.cc:564] Net dpath/a_reg_out[15] has 5 pins
I0113 12:14:24.404466 1661160 init_sta.cc:564] Net dpath/a_reg_out[14] has 12 pins
I0113 12:14:24.404742 1661160 init_sta.cc:564] Net dpath/a_reg_out[13] has 5 pins
I0113 12:14:24.405064 1661160 init_sta.cc:564] Net dpath/a_reg_out[12] has 6 pins
I0113 12:14:24.405333 1661160 init_sta.cc:564] Net dpath/a_reg_out[11] has 8 pins
I0113 12:14:24.405601 1661160 init_sta.cc:564] Net dpath/a_reg_out[10] has 5 pins
I0113 12:14:24.405944 1661160 init_sta.cc:564] Net dpath/a_reg_out[9] has 9 pins
I0113 12:14:24.406348 1661160 init_sta.cc:564] Net dpath/a_reg_out[8] has 9 pins
I0113 12:14:24.406703 1661160 init_sta.cc:564] Net dpath/a_reg_out[7] has 11 pins
I0113 12:14:24.407011 1661160 init_sta.cc:564] Net dpath/a_reg_out[6] has 8 pins
I0113 12:14:24.407351 1661160 init_sta.cc:564] Net dpath/a_reg_out[5] has 8 pins
I0113 12:14:24.407711 1661160 init_sta.cc:564] Net dpath/a_reg_out[4] has 6 pins
I0113 12:14:24.408054 1661160 init_sta.cc:564] Net dpath/a_reg_out[3] has 6 pins
I0113 12:14:24.408439 1661160 init_sta.cc:564] Net dpath/a_reg_out[2] has 9 pins
I0113 12:14:24.408733 1661160 init_sta.cc:564] Net dpath/a_reg_out[1] has 6 pins
I0113 12:14:24.409060 1661160 init_sta.cc:564] Net dpath/a_reg_out[0] has 6 pins
I0113 12:14:24.409229 1661160 init_sta.cc:564] Net dpath/a_mux_out[15] has 2 pins
I0113 12:14:24.409353 1661160 init_sta.cc:564] Net dpath/a_mux_out[14] has 2 pins
I0113 12:14:24.409474 1661160 init_sta.cc:564] Net dpath/a_mux_out[13] has 2 pins
I0113 12:14:24.409619 1661160 init_sta.cc:564] Net dpath/a_mux_out[12] has 2 pins
I0113 12:14:24.409749 1661160 init_sta.cc:564] Net dpath/a_mux_out[11] has 2 pins
I0113 12:14:24.409916 1661160 init_sta.cc:564] Net dpath/a_mux_out[10] has 2 pins
I0113 12:14:24.410110 1661160 init_sta.cc:564] Net dpath/a_mux_out[9] has 2 pins
I0113 12:14:24.410308 1661160 init_sta.cc:564] Net dpath/a_mux_out[8] has 2 pins
I0113 12:14:24.410470 1661160 init_sta.cc:564] Net dpath/a_mux_out[7] has 2 pins
I0113 12:14:24.410630 1661160 init_sta.cc:564] Net dpath/a_mux_out[6] has 2 pins
I0113 12:14:24.410789 1661160 init_sta.cc:564] Net dpath/a_mux_out[5] has 2 pins
I0113 12:14:24.410952 1661160 init_sta.cc:564] Net dpath/a_mux_out[4] has 2 pins
I0113 12:14:24.411058 1661160 init_sta.cc:564] Net dpath/a_mux_out[3] has 2 pins
I0113 12:14:24.411170 1661160 init_sta.cc:564] Net dpath/a_mux_out[2] has 2 pins
I0113 12:14:24.411284 1661160 init_sta.cc:564] Net dpath/a_mux_out[1] has 2 pins
I0113 12:14:24.411425 1661160 init_sta.cc:564] Net dpath/a_mux_out[0] has 2 pins
I0113 12:14:24.411523 1661160 init_sta.cc:564] Net dpath/b_mux_out[15] has 2 pins
I0113 12:14:24.411674 1661160 init_sta.cc:564] Net dpath/b_mux_out[14] has 2 pins
I0113 12:14:24.411803 1661160 init_sta.cc:564] Net dpath/b_mux_out[13] has 2 pins
I0113 12:14:24.411926 1661160 init_sta.cc:564] Net dpath/b_mux_out[12] has 2 pins
I0113 12:14:24.412016 1661160 init_sta.cc:564] Net dpath/b_mux_out[11] has 2 pins
I0113 12:14:24.412102 1661160 init_sta.cc:564] Net dpath/b_mux_out[10] has 2 pins
I0113 12:14:24.412215 1661160 init_sta.cc:564] Net dpath/b_mux_out[9] has 2 pins
I0113 12:14:24.412349 1661160 init_sta.cc:564] Net dpath/b_mux_out[8] has 2 pins
I0113 12:14:24.412441 1661160 init_sta.cc:564] Net dpath/b_mux_out[7] has 2 pins
I0113 12:14:24.412555 1661160 init_sta.cc:564] Net dpath/b_mux_out[6] has 2 pins
I0113 12:14:24.412678 1661160 init_sta.cc:564] Net dpath/b_mux_out[5] has 2 pins
I0113 12:14:24.412835 1661160 init_sta.cc:564] Net dpath/b_mux_out[4] has 2 pins
I0113 12:14:24.412957 1661160 init_sta.cc:564] Net dpath/b_mux_out[3] has 2 pins
I0113 12:14:24.413105 1661160 init_sta.cc:564] Net dpath/b_mux_out[2] has 2 pins
I0113 12:14:24.413234 1661160 init_sta.cc:564] Net dpath/b_mux_out[1] has 2 pins
I0113 12:14:24.413357 1661160 init_sta.cc:564] Net dpath/b_mux_out[0] has 2 pins
I0113 12:14:24.413759 1661160 init_sta.cc:564] Net dpath/b_reg_out[15] has 7 pins
I0113 12:14:24.414153 1661160 init_sta.cc:564] Net dpath/b_reg_out[14] has 6 pins
I0113 12:14:24.414634 1661160 init_sta.cc:564] Net dpath/b_reg_out[13] has 7 pins
I0113 12:14:24.414953 1661160 init_sta.cc:564] Net dpath/b_reg_out[12] has 6 pins
I0113 12:14:24.415313 1661160 init_sta.cc:564] Net dpath/b_reg_out[11] has 7 pins
I0113 12:14:24.415673 1661160 init_sta.cc:564] Net dpath/b_reg_out[10] has 7 pins
I0113 12:14:24.416100 1661160 init_sta.cc:564] Net dpath/b_reg_out[9] has 6 pins
I0113 12:14:24.416491 1661160 init_sta.cc:564] Net dpath/b_reg_out[8] has 6 pins
I0113 12:14:24.416908 1661160 init_sta.cc:564] Net dpath/b_reg_out[7] has 12 pins
I0113 12:14:24.417292 1661160 init_sta.cc:564] Net dpath/b_reg_out[6] has 6 pins
I0113 12:14:24.417742 1661160 init_sta.cc:564] Net dpath/b_reg_out[5] has 10 pins
I0113 12:14:24.418120 1661160 init_sta.cc:564] Net dpath/b_reg_out[4] has 6 pins
I0113 12:14:24.418530 1661160 init_sta.cc:564] Net dpath/b_reg_out[3] has 6 pins
I0113 12:14:24.418885 1661160 init_sta.cc:564] Net dpath/b_reg_out[2] has 9 pins
I0113 12:14:24.419260 1661160 init_sta.cc:564] Net dpath/b_reg_out[1] has 6 pins
I0113 12:14:24.419695 1661160 init_sta.cc:564] Net dpath/b_reg_out[0] has 6 pins
I0113 12:14:24.419872 1661160 init_sta.cc:564] Net dpath/a_reg/n2 has 2 pins
I0113 12:14:24.419981 1661160 init_sta.cc:564] Net dpath/a_reg/n3 has 2 pins
I0113 12:14:24.420084 1661160 init_sta.cc:564] Net dpath/a_reg/n4 has 2 pins
I0113 12:14:24.420239 1661160 init_sta.cc:564] Net dpath/a_reg/n5 has 2 pins
I0113 12:14:24.420342 1661160 init_sta.cc:564] Net dpath/a_reg/n6 has 2 pins
I0113 12:14:24.420416 1661160 init_sta.cc:564] Net dpath/a_reg/n7 has 2 pins
I0113 12:14:24.420518 1661160 init_sta.cc:564] Net dpath/a_reg/n8 has 2 pins
I0113 12:14:24.420599 1661160 init_sta.cc:564] Net dpath/a_reg/n9 has 2 pins
I0113 12:14:24.420672 1661160 init_sta.cc:564] Net dpath/a_reg/n10 has 2 pins
I0113 12:14:24.420766 1661160 init_sta.cc:564] Net dpath/a_reg/n11 has 2 pins
I0113 12:14:24.420907 1661160 init_sta.cc:564] Net dpath/a_reg/n12 has 2 pins
I0113 12:14:24.421051 1661160 init_sta.cc:564] Net dpath/a_reg/n13 has 2 pins
I0113 12:14:24.421162 1661160 init_sta.cc:564] Net dpath/a_reg/n14 has 2 pins
I0113 12:14:24.421317 1661160 init_sta.cc:564] Net dpath/a_reg/n15 has 2 pins
I0113 12:14:24.421418 1661160 init_sta.cc:564] Net dpath/a_reg/n16 has 2 pins
I0113 12:14:24.421516 1661160 init_sta.cc:564] Net dpath/a_reg/n17 has 2 pins
I0113 12:14:24.421633 1661160 init_sta.cc:564] Net dpath/a_reg/n1 has 2 pins
I0113 12:14:24.422423 1661160 init_sta.cc:564] Net dpath/a_reg/n18 has 18 pins
I0113 12:14:24.422741 1661160 init_sta.cc:564] Net dpath/a_reg/n19 has 2 pins
I0113 12:14:24.422868 1661160 init_sta.cc:564] Net dpath/a_lt_b/n1 has 2 pins
I0113 12:14:24.422971 1661160 init_sta.cc:564] Net dpath/a_lt_b/n2 has 2 pins
I0113 12:14:24.423115 1661160 init_sta.cc:564] Net dpath/a_lt_b/n3 has 3 pins
I0113 12:14:24.423293 1661160 init_sta.cc:564] Net dpath/a_lt_b/n4 has 3 pins
I0113 12:14:24.423398 1661160 init_sta.cc:564] Net dpath/a_lt_b/n5 has 2 pins
I0113 12:14:24.423499 1661160 init_sta.cc:564] Net dpath/a_lt_b/n6 has 2 pins
I0113 12:14:24.423681 1661160 init_sta.cc:564] Net dpath/a_lt_b/n7 has 3 pins
I0113 12:14:24.423840 1661160 init_sta.cc:564] Net dpath/a_lt_b/n8 has 2 pins
I0113 12:14:24.423985 1661160 init_sta.cc:564] Net dpath/a_lt_b/n9 has 2 pins
I0113 12:14:24.424177 1661160 init_sta.cc:564] Net dpath/a_lt_b/n10 has 3 pins
I0113 12:14:24.424324 1661160 init_sta.cc:564] Net dpath/a_lt_b/n11 has 3 pins
I0113 12:14:24.424464 1661160 init_sta.cc:564] Net dpath/a_lt_b/n12 has 3 pins
I0113 12:14:24.424621 1661160 init_sta.cc:564] Net dpath/a_lt_b/n13 has 2 pins
I0113 12:14:24.424759 1661160 init_sta.cc:564] Net dpath/a_lt_b/n14 has 3 pins
I0113 12:14:24.424937 1661160 init_sta.cc:564] Net dpath/a_lt_b/n15 has 3 pins
I0113 12:14:24.425055 1661160 init_sta.cc:564] Net dpath/a_lt_b/n16 has 2 pins
I0113 12:14:24.425158 1661160 init_sta.cc:564] Net dpath/a_lt_b/n17 has 2 pins
I0113 12:14:24.425290 1661160 init_sta.cc:564] Net dpath/a_lt_b/n18 has 3 pins
I0113 12:14:24.425416 1661160 init_sta.cc:564] Net dpath/a_lt_b/n19 has 2 pins
I0113 12:14:24.425505 1661160 init_sta.cc:564] Net dpath/a_lt_b/n20 has 2 pins
I0113 12:14:24.425640 1661160 init_sta.cc:564] Net dpath/a_lt_b/n21 has 3 pins
I0113 12:14:24.425779 1661160 init_sta.cc:564] Net dpath/a_lt_b/n22 has 2 pins
I0113 12:14:24.425889 1661160 init_sta.cc:564] Net dpath/a_lt_b/n23 has 2 pins
I0113 12:14:24.426033 1661160 init_sta.cc:564] Net dpath/a_lt_b/n24 has 3 pins
I0113 12:14:24.426120 1661160 init_sta.cc:564] Net dpath/a_lt_b/n25 has 2 pins
I0113 12:14:24.426198 1661160 init_sta.cc:564] Net dpath/a_lt_b/n26 has 2 pins
I0113 12:14:24.426299 1661160 init_sta.cc:564] Net dpath/a_lt_b/n27 has 3 pins
I0113 12:14:24.426383 1661160 init_sta.cc:564] Net dpath/a_lt_b/n28 has 2 pins
I0113 12:14:24.426479 1661160 init_sta.cc:564] Net dpath/a_lt_b/n29 has 2 pins
I0113 12:14:24.426637 1661160 init_sta.cc:564] Net dpath/a_lt_b/n30 has 3 pins
I0113 12:14:24.426753 1661160 init_sta.cc:564] Net dpath/a_lt_b/n31 has 2 pins
I0113 12:14:24.426904 1661160 init_sta.cc:564] Net dpath/a_lt_b/n32 has 3 pins
I0113 12:14:24.427002 1661160 init_sta.cc:564] Net dpath/a_lt_b/n33 has 2 pins
I0113 12:14:24.427103 1661160 init_sta.cc:564] Net dpath/a_lt_b/n34 has 2 pins
I0113 12:14:24.427270 1661160 init_sta.cc:564] Net dpath/a_lt_b/n35 has 3 pins
I0113 12:14:24.427392 1661160 init_sta.cc:564] Net dpath/a_lt_b/n36 has 2 pins
I0113 12:14:24.427517 1661160 init_sta.cc:564] Net dpath/a_lt_b/n37 has 3 pins
I0113 12:14:24.427625 1661160 init_sta.cc:564] Net dpath/b_zero/n1 has 2 pins
I0113 12:14:24.427752 1661160 init_sta.cc:564] Net dpath/b_zero/n2 has 2 pins
I0113 12:14:24.427901 1661160 init_sta.cc:564] Net dpath/b_zero/n3 has 2 pins
