Log file created at: 2025/03/12 12:23:45
Running on machine: 167-ai-eda
Log line format: [IWEF]mmdd hh:mm:ss.uuuuuu threadid file:line] msg
I0312 12:23:45.699431 2591690 lm_layout_init.cpp:65] Via number : 465
I0312 12:23:45.711202 2591690 lm_layout_init.cpp:132] Layer number : 20
I0312 12:23:45.711277 2591690 lm_layout_init.cpp:153] LM init tracks start...
I0312 12:23:45.711905 2591690 lm_layout_init.cpp:191] LM layer order : 19, row = 420, col = 419
I0312 12:23:45.712507 2591690 lm_layout_init.cpp:191] LM layer order : 18, row = 420, col = 419
I0312 12:23:45.713114 2591690 lm_layout_init.cpp:191] LM layer order : 17, row = 420, col = 419
I0312 12:23:45.713708 2591690 lm_layout_init.cpp:191] LM layer order : 16, row = 420, col = 419
I0312 12:23:45.714299 2591690 lm_layout_init.cpp:191] LM layer order : 15, row = 420, col = 419
I0312 12:23:45.714883 2591690 lm_layout_init.cpp:191] LM layer order : 14, row = 420, col = 419
I0312 12:23:45.715481 2591690 lm_layout_init.cpp:191] LM layer order : 13, row = 420, col = 419
I0312 12:23:45.716071 2591690 lm_layout_init.cpp:191] LM layer order : 0, row = 420, col = 419
I0312 12:23:45.716668 2591690 lm_layout_init.cpp:191] LM layer order : 1, row = 420, col = 419
I0312 12:23:45.717254 2591690 lm_layout_init.cpp:191] LM layer order : 2, row = 420, col = 419
I0312 12:23:45.717831 2591690 lm_layout_init.cpp:191] LM layer order : 3, row = 420, col = 419
I0312 12:23:45.718420 2591690 lm_layout_init.cpp:191] LM layer order : 4, row = 420, col = 419
I0312 12:23:45.719007 2591690 lm_layout_init.cpp:191] LM layer order : 5, row = 420, col = 419
I0312 12:23:45.719604 2591690 lm_layout_init.cpp:191] LM layer order : 6, row = 420, col = 419
I0312 12:23:45.720196 2591690 lm_layout_init.cpp:191] LM layer order : 7, row = 420, col = 419
I0312 12:23:45.720782 2591690 lm_layout_init.cpp:191] LM layer order : 8, row = 420, col = 419
I0312 12:23:45.721369 2591690 lm_layout_init.cpp:191] LM layer order : 9, row = 420, col = 419
I0312 12:23:45.721954 2591690 lm_layout_init.cpp:191] LM layer order : 10, row = 420, col = 419
I0312 12:23:45.722541 2591690 lm_layout_init.cpp:191] LM layer order : 11, row = 420, col = 419
I0312 12:23:45.723131 2591690 lm_layout_init.cpp:191] LM layer order : 12, row = 420, col = 419
I0312 12:23:45.723138 2591690 lm_layout_init.cpp:170] LM memory usage 27.768 MB
I0312 12:23:45.723194 2591690 lm_layout_init.cpp:171] LM elapsed time 0.011918 s
I0312 12:23:45.723205 2591690 lm_layout_init.cpp:173] LM init tracks end...
I0312 12:23:45.723220 2591690 lm_layout_init.cpp:632] LM init nets start...
I0312 12:23:45.759905 2599880 lm_layout_init.cpp:733] Read nets : 0 / 270
I0312 12:23:45.761040 2591690 lm_layout_init.cpp:738] Read nets : 270 / 270
I0312 12:23:45.761065 2591690 lm_layout_init.cpp:739] LM memory usage 12188.2 MB
I0312 12:23:45.761193 2591690 lm_layout_init.cpp:740] LM elapsed time 0.037975 s
I0312 12:23:45.761236 2591690 lm_layout_init.cpp:742] LM init nets end...
I0312 12:23:45.761394 2591690 lm_net_graph_gen.cc:58] Layer number : 19
I0312 12:23:45.793813 2591690 lm_graph_dm.cpp:187] Read nets : 0 / 270
I0312 12:23:45.857611 2591690 lm_graph_dm.cpp:198] Read nets : 270 / 270
I0312 12:23:45.857645 2591690 lm_graph_dm.cpp:201] LM memory usage 0 MB
I0312 12:23:45.857750 2591690 lm_graph_dm.cpp:202] LM elapsed time 0.096494 s
I0312 12:23:45.857770 2591690 lm_graph_dm.cpp:203] LM save json net end...
I0312 12:23:45.857834 2591690 lm_patch_init.cpp:87] LM patch grid init start...
I0312 12:23:45.857954 2591690 lm_patch_init.cpp:107] Init patch : 0
I0312 12:23:45.879547 2591690 lm_patch_init.cpp:112] Init patch : 625
I0312 12:23:45.879561 2591690 lm_patch_init.cpp:114] LM memory usage 0 MB
I0312 12:23:45.879595 2591690 lm_patch_init.cpp:115] LM elapsed time 0.021764 s
I0312 12:23:45.879599 2591690 lm_patch_init.cpp:116] LM patch grid init end...
I0312 12:23:45.879614 2591690 lm_patch_init.cpp:123] LM patch init subnet start...
I0312 12:23:45.895838 2599833 lm_patch_init.cpp:189] Init net : 0 / 270
I0312 12:23:45.959062 2591690 lm_patch_init.cpp:192] Init net : 270 / 270
I0312 12:23:45.959089 2591690 lm_patch_init.cpp:196] LM memory usage 0 MB
I0312 12:23:45.959224 2591690 lm_patch_init.cpp:197] LM elapsed time 0.079613 s
I0312 12:23:45.959270 2591690 lm_patch_init.cpp:198] LM patch init subnet end...
I0312 12:23:46.043972 2591690 lm_graph_check.cc:459] Net connected succuss ratio : 270 / 270
I0312 12:23:46.045948 2591690 Sta.cc:298] load lib start
I0312 12:23:46.046891 2599934 Sta.cc:276] read liberty /data/project_share/process_node/dataset_baseline/lib/tcbn28hpcplusbwp30p140oppssg0p81v125c_ccs.lib start 
I0312 12:23:46.046911 2599940 Sta.cc:276] read liberty /data/project_share/process_node/dataset_baseline/lib/tcbn28hpcplusbwp30p140opphvtssg0p81v125c_ccs.lib start 
I0312 12:23:46.046948 2599931 Sta.cc:276] read liberty /data/project_share/process_node/dataset_baseline/lib/tcbn28hpcplusbwp30p140hvtssg0p81v125c_ccs.lib start 
I0312 12:23:46.046979 2599952 Sta.cc:276] read liberty /data/project_share/process_node/dataset_baseline/lib/tcbn28hpcplusbwp30p140mbssg0p81v125c_ccs.lib start 
I0312 12:23:46.047287 2599945 Sta.cc:276] read liberty /data/project_share/process_node/dataset_baseline/lib/tcbn28hpcplusbwp35p140mbssg0p81v125c_ccs.lib start 
I0312 12:23:46.046988 2599956 Sta.cc:276] read liberty /data/project_share/process_node/dataset_baseline/lib/tcbn28hpcplusbwp30p140lvtssg0p81v125c_ccs.lib start 
I0312 12:23:46.047293 2599949 Sta.cc:276] read liberty /data/project_share/process_node/dataset_baseline/lib/tcbn28hpcplusbwp35p140lvtssg0p81v125c_ccs.lib start 
I0312 12:23:46.047202 2599944 Sta.cc:276] read liberty /data/project_share/process_node/dataset_baseline/lib/tcbn28hpcplusbwp35p140mblvtssg0p81v125c_ccs.lib start 
I0312 12:23:46.047089 2599940 LibParserRustC.cc:1277] load liberty file /data/project_share/process_node/dataset_baseline/lib/tcbn28hpcplusbwp30p140opphvtssg0p81v125c_ccs.lib
I0312 12:23:46.047044 2599952 LibParserRustC.cc:1277] load liberty file /data/project_share/process_node/dataset_baseline/lib/tcbn28hpcplusbwp30p140mbssg0p81v125c_ccs.lib
I0312 12:23:46.047093 2599942 Sta.cc:276] read liberty /data/project_share/process_node/dataset_baseline/lib/tcbn28hpcplusbwp35p140hvtssg0p81v125c_ccs.lib start 
I0312 12:23:46.046958 2599930 Sta.cc:276] read liberty /data/project_share/process_node/dataset_baseline/lib/tcbn28hpcplusbwp30p140ssg0p81v125c_ccs.lib start 
I0312 12:23:46.047295 2599935 Sta.cc:276] read liberty /data/project_share/process_node/dataset_baseline/lib/tcbn28hpcplusbwp30p140oppulvtssg0p81v125c_ccs.lib start 
I0312 12:23:46.047304 2599939 Sta.cc:276] read liberty /data/project_share/process_node/dataset_baseline/lib/tcbn28hpcplusbwp35p140ssg0p81v125c_ccs.lib start 
I0312 12:23:46.047395 2599944 LibParserRustC.cc:1277] load liberty file /data/project_share/process_node/dataset_baseline/lib/tcbn28hpcplusbwp35p140mblvtssg0p81v125c_ccs.lib
I0312 12:23:46.047282 2599941 Sta.cc:276] read liberty /data/project_share/process_node/dataset_baseline/lib/tcbn28hpcplusbwp30p140opplvtssg0p81v125c_ccs.lib start 
I0312 12:23:46.047399 2599949 LibParserRustC.cc:1277] load liberty file /data/project_share/process_node/dataset_baseline/lib/tcbn28hpcplusbwp35p140lvtssg0p81v125c_ccs.lib
I0312 12:23:46.047466 2599935 LibParserRustC.cc:1277] load liberty file /data/project_share/process_node/dataset_baseline/lib/tcbn28hpcplusbwp30p140oppulvtssg0p81v125c_ccs.lib
I0312 12:23:46.046950 2599932 Sta.cc:276] read liberty /data/project_share/process_node/dataset_baseline/lib/tcbn28hpcplusbwp30p140mblvtssg0p81v125c_ccs.lib start 
I0312 12:23:46.047474 2599930 LibParserRustC.cc:1277] load liberty file /data/project_share/process_node/dataset_baseline/lib/tcbn28hpcplusbwp30p140ssg0p81v125c_ccs.lib
I0312 12:23:46.047453 2599942 LibParserRustC.cc:1277] load liberty file /data/project_share/process_node/dataset_baseline/lib/tcbn28hpcplusbwp35p140hvtssg0p81v125c_ccs.lib
I0312 12:23:46.047391 2599956 LibParserRustC.cc:1277] load liberty file /data/project_share/process_node/dataset_baseline/lib/tcbn28hpcplusbwp30p140lvtssg0p81v125c_ccs.lib
I0312 12:23:46.047336 2599945 LibParserRustC.cc:1277] load liberty file /data/project_share/process_node/dataset_baseline/lib/tcbn28hpcplusbwp35p140mbssg0p81v125c_ccs.lib
I0312 12:23:46.047367 2599943 Sta.cc:276] read liberty /data/project_share/process_node/dataset_baseline/lib/tcbn28hpcplusbwp35p140oppssg0p81v125c_ccs.lib start 
I0312 12:23:46.047551 2599941 LibParserRustC.cc:1277] load liberty file /data/project_share/process_node/dataset_baseline/lib/tcbn28hpcplusbwp30p140opplvtssg0p81v125c_ccs.lib
I0312 12:23:46.047484 2599939 LibParserRustC.cc:1277] load liberty file /data/project_share/process_node/dataset_baseline/lib/tcbn28hpcplusbwp35p140ssg0p81v125c_ccs.lib
I0312 12:23:46.047286 2599936 Sta.cc:276] read liberty /data/project_share/process_node/dataset_baseline/lib/tcbn28hpcplusbwp30p140oppuhvtssg0p81v125c_ccs.lib start 
I0312 12:23:46.047027 2599931 LibParserRustC.cc:1277] load liberty file /data/project_share/process_node/dataset_baseline/lib/tcbn28hpcplusbwp30p140hvtssg0p81v125c_ccs.lib
I0312 12:23:46.047513 2599950 Sta.cc:276] read liberty /data/project_share/process_node/dataset_baseline/lib/tcbn28hpcplusbwp35p140oppuhvtssg0p81v125c_ccs.lib start 
I0312 12:23:46.047281 2599938 Sta.cc:276] read liberty /data/project_share/process_node/dataset_baseline/lib/tcbn28hpcplusbwp30p140uhvtssg0p81v125c_ccs.lib start 
I0312 12:23:46.047284 2599934 LibParserRustC.cc:1277] load liberty file /data/project_share/process_node/dataset_baseline/lib/tcbn28hpcplusbwp30p140oppssg0p81v125c_ccs.lib
I0312 12:23:46.047587 2599946 Sta.cc:276] read liberty /data/project_share/process_node/dataset_baseline/lib/tcbn28hpcplusbwp40p140ssg0p81v125c_ccs.lib start 
I0312 12:23:46.047581 2599932 LibParserRustC.cc:1277] load liberty file /data/project_share/process_node/dataset_baseline/lib/tcbn28hpcplusbwp30p140mblvtssg0p81v125c_ccs.lib
I0312 12:23:46.047472 2599951 Sta.cc:276] read liberty /data/project_share/process_node/dataset_baseline/lib/tcbn28hpcplusbwp35p140opplvtssg0p81v125c_ccs.lib start 
I0312 12:23:46.047679 2599947 Sta.cc:276] read liberty /data/project_share/process_node/dataset_baseline/lib/tcbn28hpcplusbwp35p140uhvtssg0p81v125c_ccs.lib start 
I0312 12:23:46.047636 2599943 LibParserRustC.cc:1277] load liberty file /data/project_share/process_node/dataset_baseline/lib/tcbn28hpcplusbwp35p140oppssg0p81v125c_ccs.lib
I0312 12:23:46.047469 2599955 Sta.cc:276] read liberty /data/project_share/process_node/dataset_baseline/lib/tcbn28hpcplusbwp35p140opphvtssg0p81v125c_ccs.lib start 
I0312 12:23:46.047709 2599936 LibParserRustC.cc:1277] load liberty file /data/project_share/process_node/dataset_baseline/lib/tcbn28hpcplusbwp30p140oppuhvtssg0p81v125c_ccs.lib
I0312 12:23:46.047709 2599950 LibParserRustC.cc:1277] load liberty file /data/project_share/process_node/dataset_baseline/lib/tcbn28hpcplusbwp35p140oppuhvtssg0p81v125c_ccs.lib
I0312 12:23:46.047611 2599954 Sta.cc:276] read liberty /data/project_share/process_node/dataset_baseline/lib/tcbn28hpcplusbwp35p140oppulvtssg0p81v125c_ccs.lib start 
I0312 12:23:46.047775 2599938 LibParserRustC.cc:1277] load liberty file /data/project_share/process_node/dataset_baseline/lib/tcbn28hpcplusbwp30p140uhvtssg0p81v125c_ccs.lib
I0312 12:23:46.047789 2599946 LibParserRustC.cc:1277] load liberty file /data/project_share/process_node/dataset_baseline/lib/tcbn28hpcplusbwp40p140ssg0p81v125c_ccs.lib
I0312 12:23:46.047818 2599947 LibParserRustC.cc:1277] load liberty file /data/project_share/process_node/dataset_baseline/lib/tcbn28hpcplusbwp35p140uhvtssg0p81v125c_ccs.lib
I0312 12:23:46.047819 2599951 LibParserRustC.cc:1277] load liberty file /data/project_share/process_node/dataset_baseline/lib/tcbn28hpcplusbwp35p140opplvtssg0p81v125c_ccs.lib
I0312 12:23:46.047845 2599957 Sta.cc:276] read liberty /data/project_share/process_node/dataset_baseline/lib/tcbn28hpcplusbwp40p140lvtssg0p81v125c_ccs.lib start 
I0312 12:23:46.047887 2599955 LibParserRustC.cc:1277] load liberty file /data/project_share/process_node/dataset_baseline/lib/tcbn28hpcplusbwp35p140opphvtssg0p81v125c_ccs.lib
I0312 12:23:46.047935 2599954 LibParserRustC.cc:1277] load liberty file /data/project_share/process_node/dataset_baseline/lib/tcbn28hpcplusbwp35p140oppulvtssg0p81v125c_ccs.lib
I0312 12:23:46.048013 2599948 Sta.cc:276] read liberty /data/project_share/process_node/dataset_baseline/lib/tcbn28hpcplusbwp40p140hvtssg0p81v125c_ccs.lib start 
I0312 12:23:46.048039 2599953 Sta.cc:276] read liberty /data/project_share/process_node/dataset_baseline/lib/tcbn28hpcplusbwp40p140oppssg0p81v125c_ccs.lib start 
I0312 12:23:46.048020 2599957 LibParserRustC.cc:1277] load liberty file /data/project_share/process_node/dataset_baseline/lib/tcbn28hpcplusbwp40p140lvtssg0p81v125c_ccs.lib
I0312 12:23:46.048051 2599959 Sta.cc:276] read liberty /data/project_share/process_node/dataset_baseline/lib/tcbn28hpcplusbwp40p140opphvtssg0p81v125c_ccs.lib start 
I0312 12:23:46.048094 2599953 LibParserRustC.cc:1277] load liberty file /data/project_share/process_node/dataset_baseline/lib/tcbn28hpcplusbwp40p140oppssg0p81v125c_ccs.lib
I0312 12:23:46.048043 2599937 Sta.cc:276] read liberty /data/project_share/process_node/dataset_baseline/lib/tcbn28hpcplusbwp40p140mbhvtssg0p81v125c_ccs.lib start 
I0312 12:23:46.048121 2599959 LibParserRustC.cc:1277] load liberty file /data/project_share/process_node/dataset_baseline/lib/tcbn28hpcplusbwp40p140opphvtssg0p81v125c_ccs.lib
I0312 12:23:46.048056 2599933 Sta.cc:276] read liberty /data/project_share/process_node/dataset_baseline/lib/tcbn28hpcplusbwp40p140mbssg0p81v125c_ccs.lib start 
I0312 12:23:46.048070 2599960 Sta.cc:276] read liberty /data/project_share/process_node/dataset_baseline/lib/tcbn28hpcplusbwp40p140opplvtssg0p81v125c_ccs.lib start 
I0312 12:23:46.048151 2599937 LibParserRustC.cc:1277] load liberty file /data/project_share/process_node/dataset_baseline/lib/tcbn28hpcplusbwp40p140mbhvtssg0p81v125c_ccs.lib
I0312 12:23:46.048084 2599948 LibParserRustC.cc:1277] load liberty file /data/project_share/process_node/dataset_baseline/lib/tcbn28hpcplusbwp40p140hvtssg0p81v125c_ccs.lib
I0312 12:23:46.048071 2599958 Sta.cc:276] read liberty /data/project_share/process_node/dataset_baseline/lib/tcbn28hpcplusbwp40p140oppuhvtssg0p81v125c_ccs.lib start 
I0312 12:23:46.048194 2599960 LibParserRustC.cc:1277] load liberty file /data/project_share/process_node/dataset_baseline/lib/tcbn28hpcplusbwp40p140opplvtssg0p81v125c_ccs.lib
I0312 12:23:46.048213 2599933 LibParserRustC.cc:1277] load liberty file /data/project_share/process_node/dataset_baseline/lib/tcbn28hpcplusbwp40p140mbssg0p81v125c_ccs.lib
I0312 12:23:46.048226 2599958 LibParserRustC.cc:1277] load liberty file /data/project_share/process_node/dataset_baseline/lib/tcbn28hpcplusbwp40p140oppuhvtssg0p81v125c_ccs.lib
I0312 12:23:46.087921 2599961 Sta.cc:276] read liberty /data/project_share/process_node/dataset_baseline/lib/tcbn28hpcplusbwp40p140uhvtssg0p81v125c_ccs.lib start 
I0312 12:23:46.088085 2599961 LibParserRustC.cc:1277] load liberty file /data/project_share/process_node/dataset_baseline/lib/tcbn28hpcplusbwp40p140uhvtssg0p81v125c_ccs.lib
I0312 12:23:49.218616 2599959 LibParserRustC.cc:1286] load liberty file /data/project_share/process_node/dataset_baseline/lib/tcbn28hpcplusbwp40p140opphvtssg0p81v125c_ccs.lib success.
I0312 12:23:49.219738 2599959 Sta.cc:286] read liberty /data/project_share/process_node/dataset_baseline/lib/tcbn28hpcplusbwp40p140opphvtssg0p81v125c_ccs.lib end 
I0312 12:23:49.219794 2599959 Sta.cc:276] read liberty /data/project_share/process_node/dataset_baseline/lib/tcbn28hpcplusbwp35p140mbhvtssg0p81v125c_ccs.lib start 
I0312 12:23:49.219827 2599959 LibParserRustC.cc:1277] load liberty file /data/project_share/process_node/dataset_baseline/lib/tcbn28hpcplusbwp35p140mbhvtssg0p81v125c_ccs.lib
I0312 12:23:49.446545 2599960 LibParserRustC.cc:1286] load liberty file /data/project_share/process_node/dataset_baseline/lib/tcbn28hpcplusbwp40p140opplvtssg0p81v125c_ccs.lib success.
I0312 12:23:49.446617 2599960 Sta.cc:286] read liberty /data/project_share/process_node/dataset_baseline/lib/tcbn28hpcplusbwp40p140opplvtssg0p81v125c_ccs.lib end 
I0312 12:23:49.446697 2599960 Sta.cc:276] read liberty /data/project_share/process_node/dataset_baseline/lib/tcbn28hpcplusbwp30p140ulvtssg0p81v125c_ccs.lib start 
I0312 12:23:49.446738 2599960 LibParserRustC.cc:1277] load liberty file /data/project_share/process_node/dataset_baseline/lib/tcbn28hpcplusbwp30p140ulvtssg0p81v125c_ccs.lib
I0312 12:23:49.469472 2599953 LibParserRustC.cc:1286] load liberty file /data/project_share/process_node/dataset_baseline/lib/tcbn28hpcplusbwp40p140oppssg0p81v125c_ccs.lib success.
I0312 12:23:49.469539 2599953 Sta.cc:286] read liberty /data/project_share/process_node/dataset_baseline/lib/tcbn28hpcplusbwp40p140oppssg0p81v125c_ccs.lib end 
I0312 12:23:49.469587 2599953 Sta.cc:276] read liberty /data/project_share/process_node/dataset_baseline/lib/tcbn28hpcplusbwp35p140ulvtssg0p81v125c_ccs.lib start 
I0312 12:23:49.469619 2599953 LibParserRustC.cc:1277] load liberty file /data/project_share/process_node/dataset_baseline/lib/tcbn28hpcplusbwp35p140ulvtssg0p81v125c_ccs.lib
I0312 12:23:49.509397 2599943 LibParserRustC.cc:1286] load liberty file /data/project_share/process_node/dataset_baseline/lib/tcbn28hpcplusbwp35p140oppssg0p81v125c_ccs.lib success.
I0312 12:23:49.509452 2599943 Sta.cc:286] read liberty /data/project_share/process_node/dataset_baseline/lib/tcbn28hpcplusbwp35p140oppssg0p81v125c_ccs.lib end 
I0312 12:23:49.509497 2599943 Sta.cc:276] read liberty /data/project_share/process_node/dataset_baseline/lib/ts5n28hpcplvta64x128m2f_130a_ssg0p81v125c.lib start 
I0312 12:23:49.509531 2599943 LibParserRustC.cc:1277] load liberty file /data/project_share/process_node/dataset_baseline/lib/ts5n28hpcplvta64x128m2f_130a_ssg0p81v125c.lib
I0312 12:23:49.511600 2599943 LibParserRustC.cc:1286] load liberty file /data/project_share/process_node/dataset_baseline/lib/ts5n28hpcplvta64x128m2f_130a_ssg0p81v125c.lib success.
I0312 12:23:49.511623 2599943 Sta.cc:286] read liberty /data/project_share/process_node/dataset_baseline/lib/ts5n28hpcplvta64x128m2f_130a_ssg0p81v125c.lib end 
I0312 12:23:49.511636 2599943 Sta.cc:276] read liberty /data/project_share/process_node/dataset_baseline/lib/ts5n28hpcplvta64x128m2fw_130a_ssg0p81v125c.lib start 
I0312 12:23:49.511649 2599943 LibParserRustC.cc:1277] load liberty file /data/project_share/process_node/dataset_baseline/lib/ts5n28hpcplvta64x128m2fw_130a_ssg0p81v125c.lib
I0312 12:23:49.513757 2599943 LibParserRustC.cc:1286] load liberty file /data/project_share/process_node/dataset_baseline/lib/ts5n28hpcplvta64x128m2fw_130a_ssg0p81v125c.lib success.
I0312 12:23:49.513765 2599943 Sta.cc:286] read liberty /data/project_share/process_node/dataset_baseline/lib/ts5n28hpcplvta64x128m2fw_130a_ssg0p81v125c.lib end 
I0312 12:23:49.513775 2599943 Sta.cc:276] read liberty /data/project_share/process_node/dataset_baseline/lib/ts5n28hpcplvta256x32m4fw_130a_ssg0p81v125c.lib start 
I0312 12:23:49.513785 2599943 LibParserRustC.cc:1277] load liberty file /data/project_share/process_node/dataset_baseline/lib/ts5n28hpcplvta256x32m4fw_130a_ssg0p81v125c.lib
I0312 12:23:49.516158 2599943 LibParserRustC.cc:1286] load liberty file /data/project_share/process_node/dataset_baseline/lib/ts5n28hpcplvta256x32m4fw_130a_ssg0p81v125c.lib success.
I0312 12:23:49.516167 2599943 Sta.cc:286] read liberty /data/project_share/process_node/dataset_baseline/lib/ts5n28hpcplvta256x32m4fw_130a_ssg0p81v125c.lib end 
I0312 12:23:49.516178 2599943 Sta.cc:276] read liberty /data/project_share/process_node/dataset_baseline/lib/ts5n28hpcplvta128x32m2f_130a_ssg0p81v125c.lib start 
I0312 12:23:49.516189 2599943 LibParserRustC.cc:1277] load liberty file /data/project_share/process_node/dataset_baseline/lib/ts5n28hpcplvta128x32m2f_130a_ssg0p81v125c.lib
I0312 12:23:49.518880 2599943 LibParserRustC.cc:1286] load liberty file /data/project_share/process_node/dataset_baseline/lib/ts5n28hpcplvta128x32m2f_130a_ssg0p81v125c.lib success.
I0312 12:23:49.518887 2599943 Sta.cc:286] read liberty /data/project_share/process_node/dataset_baseline/lib/ts5n28hpcplvta128x32m2f_130a_ssg0p81v125c.lib end 
I0312 12:23:49.518896 2599943 Sta.cc:276] read liberty /data/project_share/process_node/dataset_baseline/lib/ts5n28hpcplvta128x64m2f_130a_ssg0p81v125c.lib start 
I0312 12:23:49.518906 2599943 LibParserRustC.cc:1277] load liberty file /data/project_share/process_node/dataset_baseline/lib/ts5n28hpcplvta128x64m2f_130a_ssg0p81v125c.lib
I0312 12:23:49.520983 2599943 LibParserRustC.cc:1286] load liberty file /data/project_share/process_node/dataset_baseline/lib/ts5n28hpcplvta128x64m2f_130a_ssg0p81v125c.lib success.
I0312 12:23:49.521023 2599943 Sta.cc:286] read liberty /data/project_share/process_node/dataset_baseline/lib/ts5n28hpcplvta128x64m2f_130a_ssg0p81v125c.lib end 
I0312 12:23:49.521034 2599943 Sta.cc:276] read liberty /data/project_share/process_node/dataset_baseline/lib/ts5n28hpcplvta128x80m2f_130a_ssg0p81v125c.lib start 
I0312 12:23:49.521046 2599943 LibParserRustC.cc:1277] load liberty file /data/project_share/process_node/dataset_baseline/lib/ts5n28hpcplvta128x80m2f_130a_ssg0p81v125c.lib
I0312 12:23:49.523221 2599943 LibParserRustC.cc:1286] load liberty file /data/project_share/process_node/dataset_baseline/lib/ts5n28hpcplvta128x80m2f_130a_ssg0p81v125c.lib success.
I0312 12:23:49.523228 2599943 Sta.cc:286] read liberty /data/project_share/process_node/dataset_baseline/lib/ts5n28hpcplvta128x80m2f_130a_ssg0p81v125c.lib end 
I0312 12:23:49.523237 2599943 Sta.cc:276] read liberty /data/project_share/process_node/dataset_baseline/lib/ts5n28hpcplvta128x8m2f_130a_ssg0p81v125c.lib start 
I0312 12:23:49.523248 2599943 LibParserRustC.cc:1277] load liberty file /data/project_share/process_node/dataset_baseline/lib/ts5n28hpcplvta128x8m2f_130a_ssg0p81v125c.lib
I0312 12:23:49.525287 2599943 LibParserRustC.cc:1286] load liberty file /data/project_share/process_node/dataset_baseline/lib/ts5n28hpcplvta128x8m2f_130a_ssg0p81v125c.lib success.
I0312 12:23:49.525295 2599943 Sta.cc:286] read liberty /data/project_share/process_node/dataset_baseline/lib/ts5n28hpcplvta128x8m2f_130a_ssg0p81v125c.lib end 
I0312 12:23:49.525302 2599943 Sta.cc:276] read liberty /data/project_share/process_node/dataset_baseline/lib/ts5n28hpcplvta512x64m4f_130a_ssg0p81v125c.lib start 
I0312 12:23:49.525313 2599943 LibParserRustC.cc:1277] load liberty file /data/project_share/process_node/dataset_baseline/lib/ts5n28hpcplvta512x64m4f_130a_ssg0p81v125c.lib
I0312 12:23:49.528239 2599943 LibParserRustC.cc:1286] load liberty file /data/project_share/process_node/dataset_baseline/lib/ts5n28hpcplvta512x64m4f_130a_ssg0p81v125c.lib success.
I0312 12:23:49.528246 2599943 Sta.cc:286] read liberty /data/project_share/process_node/dataset_baseline/lib/ts5n28hpcplvta512x64m4f_130a_ssg0p81v125c.lib end 
I0312 12:23:49.528255 2599943 Sta.cc:276] read liberty /data/project_share/process_node/dataset_baseline/lib/ts5n28hpcplvta512x64m4fw_130a_ssg0p81v125c.lib start 
I0312 12:23:49.528266 2599943 LibParserRustC.cc:1277] load liberty file /data/project_share/process_node/dataset_baseline/lib/ts5n28hpcplvta512x64m4fw_130a_ssg0p81v125c.lib
I0312 12:23:49.530359 2599943 LibParserRustC.cc:1286] load liberty file /data/project_share/process_node/dataset_baseline/lib/ts5n28hpcplvta512x64m4fw_130a_ssg0p81v125c.lib success.
I0312 12:23:49.530366 2599943 Sta.cc:286] read liberty /data/project_share/process_node/dataset_baseline/lib/ts5n28hpcplvta512x64m4fw_130a_ssg0p81v125c.lib end 
I0312 12:23:49.530375 2599943 Sta.cc:276] read liberty /data/project_share/process_node/dataset_baseline/lib/ts5n28hpcplvta64x32m2f_130a_ssg0p81v125c.lib start 
I0312 12:23:49.530385 2599943 LibParserRustC.cc:1277] load liberty file /data/project_share/process_node/dataset_baseline/lib/ts5n28hpcplvta64x32m2f_130a_ssg0p81v125c.lib
I0312 12:23:49.532178 2599943 LibParserRustC.cc:1286] load liberty file /data/project_share/process_node/dataset_baseline/lib/ts5n28hpcplvta64x32m2f_130a_ssg0p81v125c.lib success.
I0312 12:23:49.532186 2599943 Sta.cc:286] read liberty /data/project_share/process_node/dataset_baseline/lib/ts5n28hpcplvta64x32m2f_130a_ssg0p81v125c.lib end 
I0312 12:23:49.532197 2599943 Sta.cc:276] read liberty /data/project_share/process_node/dataset_baseline/lib/ts5n28hpcplvta64x8m2f_130a_ssg0p81v125c.lib start 
I0312 12:23:49.532209 2599943 LibParserRustC.cc:1277] load liberty file /data/project_share/process_node/dataset_baseline/lib/ts5n28hpcplvta64x8m2f_130a_ssg0p81v125c.lib
I0312 12:23:49.540747 2599955 LibParserRustC.cc:1286] load liberty file /data/project_share/process_node/dataset_baseline/lib/tcbn28hpcplusbwp35p140opphvtssg0p81v125c_ccs.lib success.
I0312 12:23:49.540813 2599955 Sta.cc:286] read liberty /data/project_share/process_node/dataset_baseline/lib/tcbn28hpcplusbwp35p140opphvtssg0p81v125c_ccs.lib end 
I0312 12:23:49.540845 2599955 Sta.cc:276] read liberty /data/project_share/process_node/dataset_baseline/lib/ts5n28hpcplvta32x32m2f_130a_ssg0p81v125c.lib start 
I0312 12:23:49.540872 2599955 LibParserRustC.cc:1277] load liberty file /data/project_share/process_node/dataset_baseline/lib/ts5n28hpcplvta32x32m2f_130a_ssg0p81v125c.lib
I0312 12:23:49.542309 2599943 LibParserRustC.cc:1286] load liberty file /data/project_share/process_node/dataset_baseline/lib/ts5n28hpcplvta64x8m2f_130a_ssg0p81v125c.lib success.
I0312 12:23:49.542318 2599943 Sta.cc:286] read liberty /data/project_share/process_node/dataset_baseline/lib/ts5n28hpcplvta64x8m2f_130a_ssg0p81v125c.lib end 
I0312 12:23:49.542328 2599943 Sta.cc:276] read liberty /data/project_share/process_node/dataset_baseline/lib/ts5n28hpcplvta32x128m2f_130a_ssg0p81v125c.lib start 
I0312 12:23:49.542340 2599943 LibParserRustC.cc:1277] load liberty file /data/project_share/process_node/dataset_baseline/lib/ts5n28hpcplvta32x128m2f_130a_ssg0p81v125c.lib
I0312 12:23:49.544463 2599943 LibParserRustC.cc:1286] load liberty file /data/project_share/process_node/dataset_baseline/lib/ts5n28hpcplvta32x128m2f_130a_ssg0p81v125c.lib success.
I0312 12:23:49.544486 2599943 Sta.cc:286] read liberty /data/project_share/process_node/dataset_baseline/lib/ts5n28hpcplvta32x128m2f_130a_ssg0p81v125c.lib end 
I0312 12:23:49.544502 2599943 Sta.cc:276] read liberty /data/project_share/process_node/dataset_baseline/lib/ts5n28hpcplvta64x80m2f_130a_ssg0p81v125c.lib start 
I0312 12:23:49.544519 2599943 LibParserRustC.cc:1277] load liberty file /data/project_share/process_node/dataset_baseline/lib/ts5n28hpcplvta64x80m2f_130a_ssg0p81v125c.lib
I0312 12:23:49.544739 2599955 LibParserRustC.cc:1286] load liberty file /data/project_share/process_node/dataset_baseline/lib/ts5n28hpcplvta32x32m2f_130a_ssg0p81v125c.lib success.
I0312 12:23:49.544764 2599955 Sta.cc:286] read liberty /data/project_share/process_node/dataset_baseline/lib/ts5n28hpcplvta32x32m2f_130a_ssg0p81v125c.lib end 
I0312 12:23:49.544786 2599955 Sta.cc:276] read liberty /data/project_share/process_node/dataset_baseline/lib/ts5n28hpcplvta256x16m2f_130a_ssg0p81v125c.lib start 
I0312 12:23:49.544808 2599955 LibParserRustC.cc:1277] load liberty file /data/project_share/process_node/dataset_baseline/lib/ts5n28hpcplvta256x16m2f_130a_ssg0p81v125c.lib
I0312 12:23:49.547255 2599955 LibParserRustC.cc:1286] load liberty file /data/project_share/process_node/dataset_baseline/lib/ts5n28hpcplvta256x16m2f_130a_ssg0p81v125c.lib success.
I0312 12:23:49.547266 2599955 Sta.cc:286] read liberty /data/project_share/process_node/dataset_baseline/lib/ts5n28hpcplvta256x16m2f_130a_ssg0p81v125c.lib end 
I0312 12:23:49.547279 2599955 Sta.cc:276] read liberty /data/project_share/process_node/dataset_baseline/lib/ts6n28hpcplvta512x2m8f_130a_ssg0p81v125c.lib start 
I0312 12:23:49.547293 2599955 LibParserRustC.cc:1277] load liberty file /data/project_share/process_node/dataset_baseline/lib/ts6n28hpcplvta512x2m8f_130a_ssg0p81v125c.lib
I0312 12:23:49.547761 2599943 LibParserRustC.cc:1286] load liberty file /data/project_share/process_node/dataset_baseline/lib/ts5n28hpcplvta64x80m2f_130a_ssg0p81v125c.lib success.
I0312 12:23:49.547773 2599943 Sta.cc:286] read liberty /data/project_share/process_node/dataset_baseline/lib/ts5n28hpcplvta64x80m2f_130a_ssg0p81v125c.lib end 
I0312 12:23:49.547788 2599943 Sta.cc:276] read liberty /data/project_share/process_node/dataset_baseline/lib/ts5n28hpcplvta8x144m2f_130a_ssg0p81v125c.lib start 
I0312 12:23:49.547804 2599943 LibParserRustC.cc:1277] load liberty file /data/project_share/process_node/dataset_baseline/lib/ts5n28hpcplvta8x144m2f_130a_ssg0p81v125c.lib
I0312 12:23:49.550490 2599955 LibParserRustC.cc:1286] load liberty file /data/project_share/process_node/dataset_baseline/lib/ts6n28hpcplvta512x2m8f_130a_ssg0p81v125c.lib success.
I0312 12:23:49.550518 2599955 Sta.cc:286] read liberty /data/project_share/process_node/dataset_baseline/lib/ts6n28hpcplvta512x2m8f_130a_ssg0p81v125c.lib end 
I0312 12:23:49.550531 2599955 Sta.cc:276] read liberty /data/project_share/process_node/dataset_baseline/lib/ts6n28hpcplvta16x128m2f_130a_ssg0p81v125c.lib start 
I0312 12:23:49.550544 2599955 LibParserRustC.cc:1277] load liberty file /data/project_share/process_node/dataset_baseline/lib/ts6n28hpcplvta16x128m2f_130a_ssg0p81v125c.lib
I0312 12:23:49.551036 2599943 LibParserRustC.cc:1286] load liberty file /data/project_share/process_node/dataset_baseline/lib/ts5n28hpcplvta8x144m2f_130a_ssg0p81v125c.lib success.
I0312 12:23:49.551051 2599943 Sta.cc:286] read liberty /data/project_share/process_node/dataset_baseline/lib/ts5n28hpcplvta8x144m2f_130a_ssg0p81v125c.lib end 
I0312 12:23:49.551069 2599943 Sta.cc:276] read liberty /data/project_share/process_node/dataset_baseline/lib/ts5n28hpcplvta8x128m2f_130a_ssg0p81v125c.lib start 
I0312 12:23:49.551108 2599943 LibParserRustC.cc:1277] load liberty file /data/project_share/process_node/dataset_baseline/lib/ts5n28hpcplvta8x128m2f_130a_ssg0p81v125c.lib
I0312 12:23:49.553589 2599955 LibParserRustC.cc:1286] load liberty file /data/project_share/process_node/dataset_baseline/lib/ts6n28hpcplvta16x128m2f_130a_ssg0p81v125c.lib success.
I0312 12:23:49.553599 2599955 Sta.cc:286] read liberty /data/project_share/process_node/dataset_baseline/lib/ts6n28hpcplvta16x128m2f_130a_ssg0p81v125c.lib end 
I0312 12:23:49.553611 2599955 Sta.cc:276] read liberty /data/project_share/process_node/dataset_baseline/lib/ts5n28hpcplvta64x64m2f_130a_ssg0p81v125c.lib start 
I0312 12:23:49.553624 2599955 LibParserRustC.cc:1277] load liberty file /data/project_share/process_node/dataset_baseline/lib/ts5n28hpcplvta64x64m2f_130a_ssg0p81v125c.lib
I0312 12:23:49.554394 2599943 LibParserRustC.cc:1286] load liberty file /data/project_share/process_node/dataset_baseline/lib/ts5n28hpcplvta8x128m2f_130a_ssg0p81v125c.lib success.
I0312 12:23:49.554402 2599943 Sta.cc:286] read liberty /data/project_share/process_node/dataset_baseline/lib/ts5n28hpcplvta8x128m2f_130a_ssg0p81v125c.lib end 
I0312 12:23:49.554411 2599943 Sta.cc:276] read liberty /data/project_share/process_node/dataset_baseline/lib/ts5n28hpcplvta1024x32m8fw_130a_ssg0p81v125c.lib start 
I0312 12:23:49.554421 2599943 LibParserRustC.cc:1277] load liberty file /data/project_share/process_node/dataset_baseline/lib/ts5n28hpcplvta1024x32m8fw_130a_ssg0p81v125c.lib
I0312 12:23:49.556159 2599955 LibParserRustC.cc:1286] load liberty file /data/project_share/process_node/dataset_baseline/lib/ts5n28hpcplvta64x64m2f_130a_ssg0p81v125c.lib success.
I0312 12:23:49.556169 2599955 Sta.cc:286] read liberty /data/project_share/process_node/dataset_baseline/lib/ts5n28hpcplvta64x64m2f_130a_ssg0p81v125c.lib end 
I0312 12:23:49.556181 2599955 Sta.cc:276] read liberty /data/project_share/process_node/dataset_baseline/lib/ts5n28hpcplvta256x144m2fw_130a_ssg0p81v125c.lib start 
I0312 12:23:49.556193 2599955 LibParserRustC.cc:1277] load liberty file /data/project_share/process_node/dataset_baseline/lib/ts5n28hpcplvta256x144m2fw_130a_ssg0p81v125c.lib
I0312 12:23:49.556444 2599943 LibParserRustC.cc:1286] load liberty file /data/project_share/process_node/dataset_baseline/lib/ts5n28hpcplvta1024x32m8fw_130a_ssg0p81v125c.lib success.
I0312 12:23:49.556452 2599943 Sta.cc:286] read liberty /data/project_share/process_node/dataset_baseline/lib/ts5n28hpcplvta1024x32m8fw_130a_ssg0p81v125c.lib end 
I0312 12:23:49.556461 2599943 Sta.cc:276] read liberty /data/project_share/process_node/dataset_baseline/lib/ts5n28hpcplvta128x144m2fw_130a_ssg0p81v125c.lib start 
I0312 12:23:49.556470 2599943 LibParserRustC.cc:1277] load liberty file /data/project_share/process_node/dataset_baseline/lib/ts5n28hpcplvta128x144m2fw_130a_ssg0p81v125c.lib
I0312 12:23:49.559643 2599943 LibParserRustC.cc:1286] load liberty file /data/project_share/process_node/dataset_baseline/lib/ts5n28hpcplvta128x144m2fw_130a_ssg0p81v125c.lib success.
I0312 12:23:49.559664 2599943 Sta.cc:286] read liberty /data/project_share/process_node/dataset_baseline/lib/ts5n28hpcplvta128x144m2fw_130a_ssg0p81v125c.lib end 
I0312 12:23:49.559675 2599943 Sta.cc:276] read liberty /data/project_share/process_node/dataset_baseline/lib/tphn28hpcpgv18ssg0p81v1p62v125c.lib start 
I0312 12:23:49.559687 2599943 LibParserRustC.cc:1277] load liberty file /data/project_share/process_node/dataset_baseline/lib/tphn28hpcpgv18ssg0p81v1p62v125c.lib
I0312 12:23:49.560164 2599955 LibParserRustC.cc:1286] load liberty file /data/project_share/process_node/dataset_baseline/lib/ts5n28hpcplvta256x144m2fw_130a_ssg0p81v125c.lib success.
I0312 12:23:49.560181 2599955 Sta.cc:286] read liberty /data/project_share/process_node/dataset_baseline/lib/ts5n28hpcplvta256x144m2fw_130a_ssg0p81v125c.lib end 
I0312 12:23:49.560199 2599955 Sta.cc:276] read liberty /data/project_share/process_node/dataset_baseline/lib/PLLTS28HPMLAINT_SS_0P81_125C.lib start 
I0312 12:23:49.560221 2599955 LibParserRustC.cc:1277] load liberty file /data/project_share/process_node/dataset_baseline/lib/PLLTS28HPMLAINT_SS_0P81_125C.lib
I0312 12:23:49.563355 2599955 LibParserRustC.cc:1286] load liberty file /data/project_share/process_node/dataset_baseline/lib/PLLTS28HPMLAINT_SS_0P81_125C.lib success.
I0312 12:23:49.563367 2599955 Sta.cc:286] read liberty /data/project_share/process_node/dataset_baseline/lib/PLLTS28HPMLAINT_SS_0P81_125C.lib end 
I0312 12:23:49.577426 2599950 LibParserRustC.cc:1286] load liberty file /data/project_share/process_node/dataset_baseline/lib/tcbn28hpcplusbwp35p140oppuhvtssg0p81v125c_ccs.lib success.
I0312 12:23:49.577463 2599950 Sta.cc:286] read liberty /data/project_share/process_node/dataset_baseline/lib/tcbn28hpcplusbwp35p140oppuhvtssg0p81v125c_ccs.lib end 
I0312 12:23:49.637735 2599935 LibParserRustC.cc:1286] load liberty file /data/project_share/process_node/dataset_baseline/lib/tcbn28hpcplusbwp30p140oppulvtssg0p81v125c_ccs.lib success.
I0312 12:23:49.637789 2599935 Sta.cc:286] read liberty /data/project_share/process_node/dataset_baseline/lib/tcbn28hpcplusbwp30p140oppulvtssg0p81v125c_ccs.lib end 
I0312 12:23:49.685824 2599941 LibParserRustC.cc:1286] load liberty file /data/project_share/process_node/dataset_baseline/lib/tcbn28hpcplusbwp30p140opplvtssg0p81v125c_ccs.lib success.
I0312 12:23:49.685880 2599941 Sta.cc:286] read liberty /data/project_share/process_node/dataset_baseline/lib/tcbn28hpcplusbwp30p140opplvtssg0p81v125c_ccs.lib end 
I0312 12:23:49.693554 2599954 LibParserRustC.cc:1286] load liberty file /data/project_share/process_node/dataset_baseline/lib/tcbn28hpcplusbwp35p140oppulvtssg0p81v125c_ccs.lib success.
I0312 12:23:49.693603 2599954 Sta.cc:286] read liberty /data/project_share/process_node/dataset_baseline/lib/tcbn28hpcplusbwp35p140oppulvtssg0p81v125c_ccs.lib end 
I0312 12:23:49.702458 2599943 LibParserRustC.cc:1286] load liberty file /data/project_share/process_node/dataset_baseline/lib/tphn28hpcpgv18ssg0p81v1p62v125c.lib success.
I0312 12:23:49.702522 2599943 Sta.cc:286] read liberty /data/project_share/process_node/dataset_baseline/lib/tphn28hpcpgv18ssg0p81v1p62v125c.lib end 
I0312 12:23:49.830695 2599934 LibParserRustC.cc:1286] load liberty file /data/project_share/process_node/dataset_baseline/lib/tcbn28hpcplusbwp30p140oppssg0p81v125c_ccs.lib success.
I0312 12:23:49.830760 2599934 Sta.cc:286] read liberty /data/project_share/process_node/dataset_baseline/lib/tcbn28hpcplusbwp30p140oppssg0p81v125c_ccs.lib end 
I0312 12:23:49.839465 2599936 LibParserRustC.cc:1286] load liberty file /data/project_share/process_node/dataset_baseline/lib/tcbn28hpcplusbwp30p140oppuhvtssg0p81v125c_ccs.lib success.
I0312 12:23:49.839505 2599936 Sta.cc:286] read liberty /data/project_share/process_node/dataset_baseline/lib/tcbn28hpcplusbwp30p140oppuhvtssg0p81v125c_ccs.lib end 
I0312 12:23:49.861100 2599951 LibParserRustC.cc:1286] load liberty file /data/project_share/process_node/dataset_baseline/lib/tcbn28hpcplusbwp35p140opplvtssg0p81v125c_ccs.lib success.
I0312 12:23:49.861156 2599951 Sta.cc:286] read liberty /data/project_share/process_node/dataset_baseline/lib/tcbn28hpcplusbwp35p140opplvtssg0p81v125c_ccs.lib end 
I0312 12:23:49.893440 2599940 LibParserRustC.cc:1286] load liberty file /data/project_share/process_node/dataset_baseline/lib/tcbn28hpcplusbwp30p140opphvtssg0p81v125c_ccs.lib success.
I0312 12:23:49.893494 2599940 Sta.cc:286] read liberty /data/project_share/process_node/dataset_baseline/lib/tcbn28hpcplusbwp30p140opphvtssg0p81v125c_ccs.lib end 
I0312 12:23:49.925034 2599958 LibParserRustC.cc:1286] load liberty file /data/project_share/process_node/dataset_baseline/lib/tcbn28hpcplusbwp40p140oppuhvtssg0p81v125c_ccs.lib success.
I0312 12:23:49.925094 2599958 Sta.cc:286] read liberty /data/project_share/process_node/dataset_baseline/lib/tcbn28hpcplusbwp40p140oppuhvtssg0p81v125c_ccs.lib end 
I0312 12:23:51.414696 2599952 LibParserRustC.cc:1286] load liberty file /data/project_share/process_node/dataset_baseline/lib/tcbn28hpcplusbwp30p140mbssg0p81v125c_ccs.lib success.
I0312 12:23:51.414911 2599952 Sta.cc:286] read liberty /data/project_share/process_node/dataset_baseline/lib/tcbn28hpcplusbwp30p140mbssg0p81v125c_ccs.lib end 
I0312 12:23:51.596457 2599945 LibParserRustC.cc:1286] load liberty file /data/project_share/process_node/dataset_baseline/lib/tcbn28hpcplusbwp35p140mbssg0p81v125c_ccs.lib success.
I0312 12:23:51.596524 2599945 Sta.cc:286] read liberty /data/project_share/process_node/dataset_baseline/lib/tcbn28hpcplusbwp35p140mbssg0p81v125c_ccs.lib end 
I0312 12:23:51.610324 2599933 LibParserRustC.cc:1286] load liberty file /data/project_share/process_node/dataset_baseline/lib/tcbn28hpcplusbwp40p140mbssg0p81v125c_ccs.lib success.
I0312 12:23:51.610354 2599933 Sta.cc:286] read liberty /data/project_share/process_node/dataset_baseline/lib/tcbn28hpcplusbwp40p140mbssg0p81v125c_ccs.lib end 
I0312 12:23:51.661702 2599932 LibParserRustC.cc:1286] load liberty file /data/project_share/process_node/dataset_baseline/lib/tcbn28hpcplusbwp30p140mblvtssg0p81v125c_ccs.lib success.
I0312 12:23:51.661763 2599932 Sta.cc:286] read liberty /data/project_share/process_node/dataset_baseline/lib/tcbn28hpcplusbwp30p140mblvtssg0p81v125c_ccs.lib end 
I0312 12:23:51.675082 2599937 LibParserRustC.cc:1286] load liberty file /data/project_share/process_node/dataset_baseline/lib/tcbn28hpcplusbwp40p140mbhvtssg0p81v125c_ccs.lib success.
I0312 12:23:51.675114 2599937 Sta.cc:286] read liberty /data/project_share/process_node/dataset_baseline/lib/tcbn28hpcplusbwp40p140mbhvtssg0p81v125c_ccs.lib end 
I0312 12:23:52.109472 2599944 LibParserRustC.cc:1286] load liberty file /data/project_share/process_node/dataset_baseline/lib/tcbn28hpcplusbwp35p140mblvtssg0p81v125c_ccs.lib success.
I0312 12:23:52.109532 2599944 Sta.cc:286] read liberty /data/project_share/process_node/dataset_baseline/lib/tcbn28hpcplusbwp35p140mblvtssg0p81v125c_ccs.lib end 
I0312 12:23:54.118769 2599959 LibParserRustC.cc:1286] load liberty file /data/project_share/process_node/dataset_baseline/lib/tcbn28hpcplusbwp35p140mbhvtssg0p81v125c_ccs.lib success.
I0312 12:23:54.118954 2599959 Sta.cc:286] read liberty /data/project_share/process_node/dataset_baseline/lib/tcbn28hpcplusbwp35p140mbhvtssg0p81v125c_ccs.lib end 
I0312 12:26:03.425743 2599939 LibParserRustC.cc:1286] load liberty file /data/project_share/process_node/dataset_baseline/lib/tcbn28hpcplusbwp35p140ssg0p81v125c_ccs.lib success.
I0312 12:26:03.426512 2599939 Sta.cc:286] read liberty /data/project_share/process_node/dataset_baseline/lib/tcbn28hpcplusbwp35p140ssg0p81v125c_ccs.lib end 
I0312 12:26:05.254173 2599942 LibParserRustC.cc:1286] load liberty file /data/project_share/process_node/dataset_baseline/lib/tcbn28hpcplusbwp35p140hvtssg0p81v125c_ccs.lib success.
I0312 12:26:05.254235 2599942 Sta.cc:286] read liberty /data/project_share/process_node/dataset_baseline/lib/tcbn28hpcplusbwp35p140hvtssg0p81v125c_ccs.lib end 
I0312 12:26:06.814677 2599946 LibParserRustC.cc:1286] load liberty file /data/project_share/process_node/dataset_baseline/lib/tcbn28hpcplusbwp40p140ssg0p81v125c_ccs.lib success.
I0312 12:26:06.814740 2599946 Sta.cc:286] read liberty /data/project_share/process_node/dataset_baseline/lib/tcbn28hpcplusbwp40p140ssg0p81v125c_ccs.lib end 
I0312 12:26:07.595132 2599961 LibParserRustC.cc:1286] load liberty file /data/project_share/process_node/dataset_baseline/lib/tcbn28hpcplusbwp40p140uhvtssg0p81v125c_ccs.lib success.
I0312 12:26:07.595197 2599961 Sta.cc:286] read liberty /data/project_share/process_node/dataset_baseline/lib/tcbn28hpcplusbwp40p140uhvtssg0p81v125c_ccs.lib end 
I0312 12:26:10.235370 2599949 LibParserRustC.cc:1286] load liberty file /data/project_share/process_node/dataset_baseline/lib/tcbn28hpcplusbwp35p140lvtssg0p81v125c_ccs.lib success.
I0312 12:26:10.235433 2599949 Sta.cc:286] read liberty /data/project_share/process_node/dataset_baseline/lib/tcbn28hpcplusbwp35p140lvtssg0p81v125c_ccs.lib end 
I0312 12:26:10.552795 2599948 LibParserRustC.cc:1286] load liberty file /data/project_share/process_node/dataset_baseline/lib/tcbn28hpcplusbwp40p140hvtssg0p81v125c_ccs.lib success.
I0312 12:26:10.552899 2599948 Sta.cc:286] read liberty /data/project_share/process_node/dataset_baseline/lib/tcbn28hpcplusbwp40p140hvtssg0p81v125c_ccs.lib end 
I0312 12:26:11.181123 2599947 LibParserRustC.cc:1286] load liberty file /data/project_share/process_node/dataset_baseline/lib/tcbn28hpcplusbwp35p140uhvtssg0p81v125c_ccs.lib success.
I0312 12:26:11.181186 2599947 Sta.cc:286] read liberty /data/project_share/process_node/dataset_baseline/lib/tcbn28hpcplusbwp35p140uhvtssg0p81v125c_ccs.lib end 
I0312 12:26:11.509572 2599957 LibParserRustC.cc:1286] load liberty file /data/project_share/process_node/dataset_baseline/lib/tcbn28hpcplusbwp40p140lvtssg0p81v125c_ccs.lib success.
I0312 12:26:11.509641 2599957 Sta.cc:286] read liberty /data/project_share/process_node/dataset_baseline/lib/tcbn28hpcplusbwp40p140lvtssg0p81v125c_ccs.lib end 
I0312 12:26:12.320358 2599931 LibParserRustC.cc:1286] load liberty file /data/project_share/process_node/dataset_baseline/lib/tcbn28hpcplusbwp30p140hvtssg0p81v125c_ccs.lib success.
I0312 12:26:12.320427 2599931 Sta.cc:286] read liberty /data/project_share/process_node/dataset_baseline/lib/tcbn28hpcplusbwp30p140hvtssg0p81v125c_ccs.lib end 
I0312 12:26:13.056200 2599938 LibParserRustC.cc:1286] load liberty file /data/project_share/process_node/dataset_baseline/lib/tcbn28hpcplusbwp30p140uhvtssg0p81v125c_ccs.lib success.
I0312 12:26:13.056337 2599938 Sta.cc:286] read liberty /data/project_share/process_node/dataset_baseline/lib/tcbn28hpcplusbwp30p140uhvtssg0p81v125c_ccs.lib end 
I0312 12:26:13.346877 2599953 LibParserRustC.cc:1286] load liberty file /data/project_share/process_node/dataset_baseline/lib/tcbn28hpcplusbwp35p140ulvtssg0p81v125c_ccs.lib success.
I0312 12:26:13.347005 2599953 Sta.cc:286] read liberty /data/project_share/process_node/dataset_baseline/lib/tcbn28hpcplusbwp35p140ulvtssg0p81v125c_ccs.lib end 
I0312 12:26:14.866075 2599930 LibParserRustC.cc:1286] load liberty file /data/project_share/process_node/dataset_baseline/lib/tcbn28hpcplusbwp30p140ssg0p81v125c_ccs.lib success.
I0312 12:26:14.866179 2599930 Sta.cc:286] read liberty /data/project_share/process_node/dataset_baseline/lib/tcbn28hpcplusbwp30p140ssg0p81v125c_ccs.lib end 
I0312 12:26:15.770704 2599956 LibParserRustC.cc:1286] load liberty file /data/project_share/process_node/dataset_baseline/lib/tcbn28hpcplusbwp30p140lvtssg0p81v125c_ccs.lib success.
I0312 12:26:15.770816 2599956 Sta.cc:286] read liberty /data/project_share/process_node/dataset_baseline/lib/tcbn28hpcplusbwp30p140lvtssg0p81v125c_ccs.lib end 
I0312 12:26:17.572137 2599960 LibParserRustC.cc:1286] load liberty file /data/project_share/process_node/dataset_baseline/lib/tcbn28hpcplusbwp30p140ulvtssg0p81v125c_ccs.lib success.
I0312 12:26:17.572228 2599960 Sta.cc:286] read liberty /data/project_share/process_node/dataset_baseline/lib/tcbn28hpcplusbwp30p140ulvtssg0p81v125c_ccs.lib end 
I0312 12:26:17.572739 2591690 Sta.cc:317] load lib end
I0312 12:26:17.576064 2602495 LibParserRustC.cc:1296] link liberty file /data/project_share/process_node/dataset_baseline/lib/tcbn28hpcplusbwp40p140opphvtssg0p81v125c_ccs.lib start.
I0312 12:26:17.576100 2602524 LibParserRustC.cc:1296] link liberty file /data/project_share/process_node/dataset_baseline/lib/tcbn28hpcplusbwp40p140oppssg0p81v125c_ccs.lib start.
I0312 12:26:17.576100 2602496 LibParserRustC.cc:1296] link liberty file /data/project_share/process_node/dataset_baseline/lib/tcbn28hpcplusbwp40p140opplvtssg0p81v125c_ccs.lib start.
I0312 12:26:17.576102 2602497 LibParserRustC.cc:1296] link liberty file /data/project_share/process_node/dataset_baseline/lib/tcbn28hpcplusbwp35p140oppssg0p81v125c_ccs.lib start.
I0312 12:26:17.576203 2602498 LibParserRustC.cc:1296] link liberty file /data/project_share/process_node/dataset_baseline/lib/ts5n28hpcplvta64x128m2f_130a_ssg0p81v125c.lib start.
I0312 12:26:17.576165 2602504 LibParserRustC.cc:1296] link liberty file /data/project_share/process_node/dataset_baseline/lib/ts5n28hpcplvta128x80m2f_130a_ssg0p81v125c.lib start.
I0312 12:26:17.576171 2602500 LibParserRustC.cc:1296] link liberty file /data/project_share/process_node/dataset_baseline/lib/ts5n28hpcplvta64x128m2fw_130a_ssg0p81v125c.lib start.
I0312 12:26:17.576261 2602505 LibParserRustC.cc:1296] link liberty file /data/project_share/process_node/dataset_baseline/lib/ts5n28hpcplvta128x8m2f_130a_ssg0p81v125c.lib start.
I0312 12:26:17.576282 2602507 LibParserRustC.cc:1296] link liberty file /data/project_share/process_node/dataset_baseline/lib/ts5n28hpcplvta64x32m2f_130a_ssg0p81v125c.lib start.
I0312 12:26:17.576303 2602503 LibParserRustC.cc:1296] link liberty file /data/project_share/process_node/dataset_baseline/lib/ts5n28hpcplvta256x32m4fw_130a_ssg0p81v125c.lib start.
I0312 12:26:17.576305 2602506 LibParserRustC.cc:1296] link liberty file /data/project_share/process_node/dataset_baseline/lib/ts5n28hpcplvta512x64m4fw_130a_ssg0p81v125c.lib start.
I0312 12:26:17.576421 2602508 LibParserRustC.cc:1296] link liberty file /data/project_share/process_node/dataset_baseline/lib/ts5n28hpcplvta512x64m4f_130a_ssg0p81v125c.lib start.
I0312 12:26:17.576469 2602501 LibParserRustC.cc:1296] link liberty file /data/project_share/process_node/dataset_baseline/lib/ts5n28hpcplvta128x64m2f_130a_ssg0p81v125c.lib start.
I0312 12:26:17.576694 2602502 LibParserRustC.cc:1296] link liberty file /data/project_share/process_node/dataset_baseline/lib/ts5n28hpcplvta128x32m2f_130a_ssg0p81v125c.lib start.
I0312 12:26:17.576953 2602510 LibParserRustC.cc:1296] link liberty file /data/project_share/process_node/dataset_baseline/lib/tcbn28hpcplusbwp35p140opphvtssg0p81v125c_ccs.lib start.
I0312 12:26:17.577557 2602509 LibParserRustC.cc:1296] link liberty file /data/project_share/process_node/dataset_baseline/lib/ts5n28hpcplvta64x8m2f_130a_ssg0p81v125c.lib start.
I0312 12:26:17.577749 2602512 LibParserRustC.cc:1296] link liberty file /data/project_share/process_node/dataset_baseline/lib/ts5n28hpcplvta32x32m2f_130a_ssg0p81v125c.lib start.
I0312 12:26:17.577769 2602513 LibParserRustC.cc:1296] link liberty file /data/project_share/process_node/dataset_baseline/lib/ts6n28hpcplvta512x2m8f_130a_ssg0p81v125c.lib start.
I0312 12:26:17.577772 2602525 LibParserRustC.cc:1296] link liberty file /data/project_share/process_node/dataset_baseline/lib/ts5n28hpcplvta256x144m2fw_130a_ssg0p81v125c.lib start.
I0312 12:26:17.577879 2602511 LibParserRustC.cc:1296] link liberty file /data/project_share/process_node/dataset_baseline/lib/ts5n28hpcplvta32x128m2f_130a_ssg0p81v125c.lib start.
I0312 12:26:17.577924 2602514 LibParserRustC.cc:1296] link liberty file /data/project_share/process_node/dataset_baseline/lib/ts5n28hpcplvta64x80m2f_130a_ssg0p81v125c.lib start.
I0312 12:26:17.577972 2602499 LibParserRustC.cc:1296] link liberty file /data/project_share/process_node/dataset_baseline/lib/ts5n28hpcplvta256x16m2f_130a_ssg0p81v125c.lib start.
I0312 12:26:17.578071 2602522 LibParserRustC.cc:1296] link liberty file /data/project_share/process_node/dataset_baseline/lib/tcbn28hpcplusbwp30p140oppulvtssg0p81v125c_ccs.lib start.
I0312 12:26:17.578140 2602515 LibParserRustC.cc:1296] link liberty file /data/project_share/process_node/dataset_baseline/lib/ts6n28hpcplvta16x128m2f_130a_ssg0p81v125c.lib start.
I0312 12:26:17.578161 2602517 LibParserRustC.cc:1296] link liberty file /data/project_share/process_node/dataset_baseline/lib/ts5n28hpcplvta8x128m2f_130a_ssg0p81v125c.lib start.
I0312 12:26:17.578176 2602518 LibParserRustC.cc:1296] link liberty file /data/project_share/process_node/dataset_baseline/lib/ts5n28hpcplvta64x64m2f_130a_ssg0p81v125c.lib start.
I0312 12:26:17.578145 2602516 LibParserRustC.cc:1296] link liberty file /data/project_share/process_node/dataset_baseline/lib/ts5n28hpcplvta8x144m2f_130a_ssg0p81v125c.lib start.
