I0407 09:42:18.872243 2608947 lm_feature_timing.cpp:80] node dpath/a_lt_b/U19:ZN resistance 0 cap 0.00162292 slew 0.020585 delay 0 power 1.31457e-05
I0407 09:42:18.872229 2608978 lm_feature_timing.cpp:80] node dpath/a_lt_b/n6:384843 resistance 14.98 cap 0.000745569 slew 0.01385 delay 0.0134594 power 1.20782e-05
I0407 09:42:18.872291 2608947 lm_feature_timing.cpp:80] node dpath/a_lt_b/n14:415116 resistance 0 cap 0.00162292 slew 0.020585 delay 0 power 1.31457e-05
I0407 09:42:18.872300 2608978 lm_feature_timing.cpp:80] node dpath/a_lt_b/n6:389033 resistance 10.7 cap 0.000941727 slew 0.01385 delay 0.0100765 power 1.5256e-05
I0407 09:42:18.872335 2608947 lm_feature_timing.cpp:80] node dpath/a_lt_b/n14:401708 resistance 17.976 cap 0.000599808 slew 0.020585 delay 0.0139284 power 4.85845e-06
I0407 09:42:18.872347 2608978 lm_feature_timing.cpp:80] node dpath/a_lt_b/n6:740993 resistance 10.7 cap 0.000835231 slew 0.01385 delay 0.0100765 power 1.35307e-05
I0407 09:42:18.872381 2608947 lm_feature_timing.cpp:80] node dpath/a_lt_b/n14:400033 resistance 15.836 cap 0.000624084 slew 0.020585 delay 0.0126448 power 5.05508e-06
I0407 09:42:18.872391 2608978 lm_feature_timing.cpp:80] node dpath/a_lt_b/n6:736803 resistance 14.98 cap 0.0007904 slew 0.01385 delay 0.0134594 power 1.28045e-05
I0407 09:42:18.872431 2608947 lm_feature_timing.cpp:80] node dpath/a_lt_b/n14:415117 resistance 0.428 cap 0.00161509 slew 0.020585 delay 0.000691258 power 1.30822e-05
I0407 09:42:18.872519 2608947 lm_feature_timing.cpp:80] node dpath/a_lt_b/n14:416800 resistance 5.136 cap 0.000630796 slew 0.020585 delay 0.00366104 power 5.10945e-06
I0407 09:42:18.821466 2608842 lm_feature_timing.cpp:125] build net dpath/a_mux_out[8] feature 
I0407 09:42:18.831972 2608935 lm_feature_timing.cpp:80] node dpath/b_mux/n1:776271 resistance 29.104 cap 0.000667642 slew 0.0427555 delay 0.328655 power 6.4953e-05
I0407 09:42:18.833631 2608959 lm_feature_timing.cpp:137] net dpath/b_reg/n16 resistance 33.384 cap 0.00089992 slew 0.00378134 delay 0.0121685 power 1.11313e-07
I0407 09:42:18.872821 2608842 lm_feature_timing.cpp:80] node dpath/a_reg/U11:A2 resistance 63.772 cap 0.000574604 slew 0.0212991 delay 0.0768456 power 6.71964e-05
I0407 09:42:18.872840 2608959 lm_feature_timing.cpp:125] build net dpath/b_zero/n2 feature 
I0407 09:42:18.847587 2608851 lm_feature_timing.cpp:80] node clk:1457341 resistance 68.48 cap 0.005291 slew 0.000474042 delay 0.377734 power 0.00171428
I0407 09:42:18.847561 2608832 lm_feature_timing.cpp:80] node dpath/b_mux_out[2]:761891 resistance 34.24 cap 0.00060671 slew 0.019314 delay 0.0323978 power 7.20759e-05
I0407 09:42:18.872897 2608842 lm_feature_timing.cpp:80] node dpath/a_mux_out[8]:469591 resistance 63.772 cap 0.000586546 slew 0.0212991 delay 0.0768456 power 6.8593e-05
I0407 09:42:18.872925 2608851 lm_feature_timing.cpp:80] node clk:1809301 resistance 68.48 cap 0.0034359 slew 0.000474042 delay 0.377734 power 0.00111323
I0407 09:42:18.872942 2608842 lm_feature_timing.cpp:80] node dpath/a_mux_out[8]:469589 resistance 62.916 cap 0.000598488 slew 0.0212991 delay 0.0763435 power 6.99895e-05
I0407 09:42:18.822173 2608843 lm_feature_timing.cpp:125] build net dpath/a_reg/n7 feature 
I0407 09:42:18.847602 2608971 lm_feature_timing.cpp:80] node dpath/b_reg/U5:Z resistance 0 cap 0.00116381 slew 0.018748 delay 0 power 0.000150927
I0407 09:42:18.847700 2608830 lm_feature_timing.cpp:80] node dpath/a_mux_out[7]:439421 resistance 25.252 cap 0.000590266 slew 0.017289 delay 0.0214141 power 6.63155e-05
I0407 09:42:18.873167 2608843 lm_feature_timing.cpp:80] node dpath/a_reg/n7:386649 resistance 0 cap 0.000686926 slew 0.015873 delay 0 power 4.40199e-05
I0407 09:42:18.873188 2608971 lm_feature_timing.cpp:80] node dpath/b_reg/n15:470255 resistance 0 cap 0.00116381 slew 0.018748 delay 0 power 0.000150927
I0407 09:42:18.873220 2608843 lm_feature_timing.cpp:80] node dpath/a_reg/out_reg_5_:D resistance 5.992 cap 0.000625651 slew 0.015873 delay 0.0037489 power 4.00933e-05
I0407 09:42:18.873251 2608843 lm_feature_timing.cpp:80] node dpath/a_reg/U14:Z resistance 0 cap 0.000686926 slew 0.015873 delay 0 power 4.40199e-05
I0407 09:42:18.873267 2608971 lm_feature_timing.cpp:80] node dpath/b_reg/n15:470255 resistance 0 cap 0.00116381 slew 0.018748 delay 0 power 0.000150927
I0407 09:42:18.873256 2608830 lm_feature_timing.cpp:80] node dpath/a_mux_out[7]:791381 resistance 25.252 cap 0.000635097 slew 0.017289 delay 0.0214141 power 7.13522e-05
I0407 09:42:18.873296 2608843 lm_feature_timing.cpp:80] node dpath/a_reg/n7:386649 resistance 0 cap 0.000686926 slew 0.015873 delay 0 power 4.40199e-05
I0407 09:42:18.873315 2608843 lm_feature_timing.cpp:137] net dpath/a_reg/n7 resistance 11.984 cap 0.000686926 slew 0.000436702 delay 0.0037489 power 3.56561e-08
I0407 09:42:18.873340 2608830 lm_feature_timing.cpp:80] node dpath/a_mux_out[7]:787191 resistance 20.972 cap 0.000679928 slew 0.017289 delay 0.0186959 power 7.63888e-05
I0407 09:42:18.873363 2608843 lm_feature_timing.cpp:125] build net dpath/b_zero/n3 feature 
I0407 09:42:18.873407 2608830 lm_feature_timing.cpp:80] node dpath/a_mux_out[7]:791381 resistance 25.252 cap 0.000635097 slew 0.017289 delay 0.0214141 power 7.13522e-05
I0407 09:42:18.822685 2608874 lm_feature_timing.cpp:125] build net dpath/b_mux_out[8] feature 
I0407 09:42:18.873466 2608830 lm_feature_timing.cpp:80] node dpath/a_mux_out[7]:787191 resistance 20.972 cap 0.000679928 slew 0.017289 delay 0.0186959 power 7.63888e-05
I0407 09:42:18.873562 2608830 lm_feature_timing.cpp:80] node dpath/a_mux_out[7]:1139151 resistance 20.972 cap 0.000774091 slew 0.017289 delay 0.0186959 power 8.69679e-05
I0407 09:42:18.873589 2608843 lm_feature_timing.cpp:80] node dpath/b_zero/n3:432617 resistance 26.536 cap 0.000901793 slew 0.016811 delay 0.0309579 power 2.92181e-05
I0407 09:42:18.835968 2608891 lm_feature_timing.cpp:80] node dpath/a_mux/U27:B1 resistance 94.588 cap 0.000647571 slew 0.0377072 delay 0.734065 power 4.18683e-05
I0407 09:42:18.873648 2608843 lm_feature_timing.cpp:80] node dpath/b_zero/n3:784577 resistance 26.536 cap 0.00102062 slew 0.016811 delay 0.0309579 power 3.30682e-05
I0407 09:42:18.873705 2608843 lm_feature_timing.cpp:80] node dpath/b_zero/n3:432611 resistance 29.104 cap 0.000873406 slew 0.016811 delay 0.0332008 power 2.82984e-05
I0407 09:42:18.848672 2608873 lm_feature_timing.cpp:80] node dpath/b_mux/U6:Z resistance 0 cap 0.000910148 slew 0.017183 delay 0 power 0.000110249
I0407 09:42:18.873782 2608874 lm_feature_timing.cpp:80] node dpath/b_mux_out[8]:460337 resistance 24.396 cap 0.00068071 slew 0.018669 delay 0.0224555 power 8.55867e-05
I0407 09:42:18.875710 2608874 lm_feature_timing.cpp:80] node dpath/b_mux_out[8]:812297 resistance 24.396 cap 0.000865317 slew 0.018669 delay 0.0224555 power 0.000108798
I0407 09:42:18.875797 2608874 lm_feature_timing.cpp:80] node dpath/b_mux_out[8]:793861 resistance 5.564 cap 0.00104992 slew 0.018669 delay 0.00615984 power 0.000132009
I0407 09:42:18.875842 2608874 lm_feature_timing.cpp:80] node dpath/b_mux_out[8]:812297 resistance 24.396 cap 0.000865317 slew 0.018669 delay 0.0224555 power 0.000108798
I0407 09:42:18.875896 2608874 lm_feature_timing.cpp:80] node dpath/b_reg/U10:A2 resistance 29.532 cap 0.000574604 slew 0.018669 delay 0.0256791 power 7.22459e-05
I0407 09:42:18.849046 2608894 lm_feature_timing.cpp:80] node dpath/a_lt_b/U28:A2 resistance 3.852 cap 0.000572598 slew 0.019989 delay 0.00340005 power 0
I0407 09:42:18.876044 2608894 lm_feature_timing.cpp:80] node dpath/a_lt_b/n24:485466 resistance 3.852 cap 0.000600984 slew 0.019989 delay 0.00340005 power 0
I0407 09:42:18.823496 2608879 lm_feature_timing.cpp:125] build net dpath/a_reg/n12 feature 
I0407 09:42:18.849272 2608841 lm_feature_timing.cpp:80] node dpath/a_mux/n17:792959 resistance 0 cap 0.00074984 slew 0.034452 delay 0 power 6.0737e-06
I0407 09:42:18.837719 2608877 lm_feature_timing.cpp:80] node dpath/b_mux/U12:B1 resistance 56.068 cap 0.000671781 slew 0.0393865 delay 0.218376 power 0
I0407 09:42:18.876397 2608841 lm_feature_timing.cpp:80] node dpath/a_mux/U34:B resistance 7.704 cap 0.000586961 slew 0.034452 delay 0.00517165 power 4.75438e-06
I0407 09:42:18.876485 2608841 lm_feature_timing.cpp:80] node dpath/a_mux/n17:446029 resistance 7.704 cap 0.000598903 slew 0.034452 delay 0.00517165 power 4.85112e-06
I0407 09:42:18.815189 2608889 lm_feature_timing.cpp:125] build net dpath/a_reg/n17 feature 
I0407 09:42:18.876544 2608841 lm_feature_timing.cpp:80] node dpath/a_mux/n17:792959 resistance 0 cap 0.00074984 slew 0.034452 delay 0 power 6.0737e-06
I0407 09:42:18.876600 2608841 lm_feature_timing.cpp:80] node dpath/a_mux/n17:797991 resistance 6.848 cap 0.000680342 slew 0.034452 delay 0.00465898 power 5.51077e-06
I0407 09:42:18.876624 2608841 lm_feature_timing.cpp:137] net dpath/a_mux/n17 resistance 15.408 cap 0.00074984 slew 0.000424419 delay 0.00517165 power 4.9197e-09
I0407 09:42:18.824412 2608865 lm_feature_timing.cpp:80] node dpath/CTS_1:484706 resistance 84.316 cap 0.000426078 slew 0.000853081 delay 0.737868 power 0.000138049
I0407 09:42:18.849673 2608956 lm_feature_timing.cpp:80] node dpath/a_lt_b/n37:470216 resistance 16.264 cap 0.000615559 slew 0.018123 delay 0.0195055 power 4.98602e-06
I0407 09:42:18.824599 2608908 lm_feature_timing.cpp:125] build net dpath/a_reg_out[5] feature 
I0407 09:42:18.876850 2608889 lm_feature_timing.cpp:80] node dpath/a_reg/out_reg_15_:D resistance 21.4 cap 0.000564376 slew 0.017676 delay 0.0165879 power 3.94949e-05
I0407 09:42:18.876927 2608956 lm_feature_timing.cpp:80] node dpath/a_lt_b/U35:A1 resistance 12.412 cap 0.000598426 slew 0.018123 delay 0.0171344 power 4.84725e-06
I0407 09:42:18.876981 2608889 lm_feature_timing.cpp:80] node dpath/a_reg/n17:822127 resistance 21.4 cap 0.000732539 slew 0.017676 delay 0.0165879 power 5.12629e-05
I0407 09:42:18.837749 2608921 lm_feature_timing.cpp:137] net dpath/a_lt_b/n2 resistance 11.984 cap 0.000709511 slew 0.000286165 delay 0.00388423 power 9.3102e-09
I0407 09:42:18.877046 2608956 lm_feature_timing.cpp:80] node dpath/a_lt_b/n37:471887 resistance 12.412 cap 0.0012547 slew 0.018123 delay 0.0171344 power 1.01631e-05
I0407 09:42:18.877079 2608889 lm_feature_timing.cpp:80] node dpath/a_reg/U5:Z resistance 0 cap 0.000990363 slew 0.017676 delay 0 power 6.93054e-05
I0407 09:42:18.877101 2608956 lm_feature_timing.cpp:80] node dpath/a_lt_b/n37:479429 resistance 4.708 cap 0.00145908 slew 0.018123 delay 0.00686937 power 1.18186e-05
I0407 09:42:18.849802 2608827 lm_feature_timing.cpp:80] node dpath/a_reg_out[0]:372141 resistance 32.528 cap 0.000599655 slew 0.0390441 delay 0.0809783 power 2.76898e-05
I0407 09:42:18.877168 2608889 lm_feature_timing.cpp:80] node dpath/a_reg/n17:455093 resistance 0 cap 0.000990363 slew 0.017676 delay 0 power 6.93054e-05
I0407 09:42:18.824600 2608954 lm_feature_timing.cpp:80] node dpath/a_lt_b/n18:478793 resistance 14.124 cap 0.000644485 slew 0.021423 delay 0.0153273 power 5.22033e-06
I0407 09:42:18.850092 2608875 lm_feature_timing.cpp:80] node dpath/a_mux_out[10]:829011 resistance 43.228 cap 0.000815984 slew 0.019133 delay 0.0438711 power 6.60947e-06
I0407 09:42:18.877287 2608908 lm_feature_timing.cpp:80] node dpath/a_reg/U14:B1 resistance 30.388 cap 0.000659839 slew 0.0410004 delay 0.14303 power 4.22841e-05
I0407 09:42:18.839015 2608965 lm_feature_timing.cpp:80] node dpath/a_mux/n1:455921 resistance 11.128 cap 0.000602623 slew 0.035457 delay 0.00798141 power 3.43663e-05
I0407 09:42:18.877426 2608908 lm_feature_timing.cpp:80] node dpath/a_reg_out[5]:740281 resistance 30.388 cap 0.00070467 slew 0.0410004 delay 0.14303 power 4.5157e-05
I0407 09:42:18.877437 2608875 lm_feature_timing.cpp:80] node dpath/a_mux_out[10]:806385 resistance 20.116 cap 0.0010417 slew 0.019133 delay 0.0250121 power 8.43778e-06
I0407 09:42:18.839670 2608871 lm_feature_timing.cpp:80] node dpath/a_reg/n11:478009 resistance 7.276 cap 0.000793423 slew 0.01698 delay 0.00577294 power 5.81379e-05
I0407 09:42:18.877511 2608875 lm_feature_timing.cpp:80] node dpath/a_mux_out[10]:829011 resistance 43.228 cap 0.000815984 slew 0.019133 delay 0.0438711 power 6.60947e-06
I0407 09:42:18.850930 2608835 lm_feature_timing.cpp:80] node ctrl/n1:431661 resistance 26.108 cap 0.000637775 slew 0.029815 delay 0.0236457 power 1.03319e-05
I0407 09:42:18.877518 2608965 lm_feature_timing.cpp:80] node dpath/a_mux/n1:449217 resistance 4.28 cap 0.000770004 slew 0.035457 delay 0.00337874 power 4.39117e-05
I0407 09:42:18.877573 2608875 lm_feature_timing.cpp:80] node dpath/a_mux_out[10]:806385 resistance 20.116 cap 0.0010417 slew 0.019133 delay 0.0250121 power 8.43778e-06
I0407 09:42:18.877591 2608965 lm_feature_timing.cpp:80] node dpath/a_mux/n1:449223 resistance 1.712 cap 0.00079839 slew 0.035457 delay 0.00140137 power 4.55305e-05
I0407 09:42:18.877597 2608871 lm_feature_timing.cpp:80] node dpath/a_reg/n11:477156 resistance 0 cap 0.000867031 slew 0.01698 delay 0 power 6.35315e-05
I0407 09:42:18.877619 2608835 lm_feature_timing.cpp:80] node ctrl/n1:783621 resistance 26.108 cap 0.000666161 slew 0.029815 delay 0.0236457 power 1.07918e-05
I0407 09:42:18.877645 2608871 lm_feature_timing.cpp:137] net dpath/a_reg/n11 resistance 29.96 cap 0.000867031 slew 0.00282752 delay 0.0107196 power 5.14605e-08
I0407 09:42:18.877691 2608871 lm_feature_timing.cpp:125] build net dpath/sub/n14 feature 
I0407 09:42:18.877694 2608835 lm_feature_timing.cpp:80] node ctrl/n1:781107 resistance 23.54 cap 0.000694547 slew 0.029815 delay 0.021935 power 1.12517e-05
I0407 09:42:18.840034 2608975 lm_feature_timing.cpp:80] node dpath/a_lt_b/n21:462046 resistance 43.228 cap 0.000401546 slew 0.0440891 delay 0.081044 power 1.42076e-05
I0407 09:42:18.877738 2608835 lm_feature_timing.cpp:80] node ctrl/n1:783621 resistance 26.108 cap 0.000666161 slew 0.029815 delay 0.0236457 power 1.07918e-05
I0407 09:42:18.877818 2608835 lm_feature_timing.cpp:80] node ctrl/n1:431657 resistance 27.82 cap 0.00061761 slew 0.029815 delay 0.024703 power 1.00053e-05
I0407 09:42:18.877811 2608975 lm_feature_timing.cpp:80] node dpath/a_lt_b/n21:479643 resistance 60.776 cap 0.000712561 slew 0.0440891 delay 0.0968518 power 2.5212e-05
I0407 09:42:18.841682 2608867 lm_feature_timing.cpp:80] node ctrl/U4:I resistance 19.688 cap 0.00157501 slew 0.029421 delay 0.0519176 power 0.000144053
I0407 09:42:18.877897 2608871 lm_feature_timing.cpp:80] node dpath/sub/n14:384737 resistance 0.856 cap 0.00233172 slew 0.024598 delay 0.00199595 power 1.88869e-05
I0407 09:42:18.815188 2608937 lm_feature_timing.cpp:125] build net dpath/a_reg/n3 feature 
I0407 09:42:18.865232 2608938 lm_feature_timing.cpp:80] node dpath/a_mux/n7:732643 resistance 0 cap 0.000897838 slew 0.036128 delay 0 power 5.12018e-05
I0407 09:42:18.865381 2608976 lm_feature_timing.cpp:80] node dpath/a_lt_b/n30:492077 resistance 36.38 cap 0.00133943 slew 0.0375951 delay 0.0608655 power 3.33398e-05
I0407 09:42:18.878031 2608938 lm_feature_timing.cpp:137] net dpath/a_mux/n7 resistance 30.816 cap 0.000897838 slew 0.00185727 delay 0.0114644 power 4.14735e-08
I0407 09:42:18.878073 2608938 lm_feature_timing.cpp:125] build net dpath/sub/n15 feature 
I0407 09:42:18.878136 2608976 lm_feature_timing.cpp:80] node dpath/a_lt_b/n30:492083 resistance 33.812 cap 0.00136782 slew 0.0375951 delay 0.0574258 power 3.40464e-05
I0407 09:42:18.878243 2608976 lm_feature_timing.cpp:80] node dpath/a_lt_b/n30:1196003 resistance 33.812 cap 0.00162643 slew 0.0375951 delay 0.0574258 power 4.04834e-05
I0407 09:42:18.878247 2608937 lm_feature_timing.cpp:80] node dpath/a_reg/out_reg_1_:D resistance 36.38 cap 0.000564376 slew 0.019387 delay 0.0334405 power 3.08129e-05
I0407 09:42:18.878294 2608938 lm_feature_timing.cpp:80] node dpath/sub/n15:727541 resistance 17.976 cap 0.00138118 slew 0.022514 delay 0.0280115 power 9.73402e-05
I0407 09:42:18.865890 2608901 lm_feature_timing.cpp:80] node dpath/a_lt_b/U11:ZN resistance 0 cap 0.0012449 slew 0.018363 delay 0 power 1.00837e-05
I0407 09:42:18.878345 2608937 lm_feature_timing.cpp:80] node dpath/a_reg/n3:761797 resistance 36.38 cap 0.000839427 slew 0.019387 delay 0.0334405 power 4.58297e-05
I0407 09:42:18.878415 2608937 lm_feature_timing.cpp:80] node dpath/a_reg/U18:Z resistance 0 cap 0.00127814 slew 0.019387 delay 0 power 6.97817e-05
I0407 09:42:18.846900 2608881 lm_feature_timing.cpp:80] node ctrl_b_reg_en_0_:432526 resistance 3.424 cap 0.000634571 slew 0.027947 delay 0.00217277 power 4.80912e-05
I0407 09:42:18.849599 2608970 lm_feature_timing.cpp:80] node dpath/a_lt_b/n9:741901 resistance 2.568 cap 0.00100915 slew 0.031625 delay 0.00259151 power 1.63483e-05
I0407 09:42:18.837747 2608860 lm_feature_timing.cpp:80] node ctrl/next_state__0[0]:432486 resistance 0 cap 0.000998246 slew 0.029224 delay 0 power 8.90307e-05
I0407 09:42:18.866094 2608914 lm_feature_timing.cpp:80] node dpath/b_mux_out[0]:409076 resistance 17.976 cap 0.000615324 slew 0.017178 delay 0.0136144 power 6.97353e-05
I0407 09:42:18.878732 2608860 lm_feature_timing.cpp:80] node ctrl/state/out_reg_0_:D resistance 22.684 cap 0.000532712 slew 0.029224 delay 0.0173944 power 4.75111e-05
I0407 09:42:18.866295 2608861 lm_feature_timing.cpp:80] node dpath/b_reg/n13:464469 resistance 0.428 cap 0.00113875 slew 0.018543 delay 0.000487386 power 0.000146526
I0407 09:42:18.849814 2608828 lm_feature_timing.cpp:80] node dpath/a_mux/n14:400816 resistance 2.996 cap 0.000895883 slew 0.036474 delay 0.00268406 power 5.10903e-05
I0407 09:42:18.866302 2608940 lm_feature_timing.cpp:80] node dpath/a_mux/n10:445979 resistance 10.272 cap 0.000770786 slew 0.037124 delay 0.00898029 power 4.39563e-05
I0407 09:42:18.878947 2608828 lm_feature_timing.cpp:80] node dpath/a_mux/n14:399978 resistance 3.852 cap 0.000851443 slew 0.036474 delay 0.0034129 power 4.8556e-05
I0407 09:42:18.850117 2608849 lm_feature_timing.cpp:80] node dpath/sub/U25:I resistance 31.672 cap 0.000599444 slew 0.0373512 delay 0.0751925 power 7.78789e-05
I0407 09:42:18.879096 2608828 lm_feature_timing.cpp:80] node dpath/a_mux/n14:400816 resistance 2.996 cap 0.000895883 slew 0.036474 delay 0.00268406 power 5.10903e-05
I0407 09:42:18.866572 2608853 lm_feature_timing.cpp:80] node dpath/a_mux_out[14]:475199 resistance 19.688 cap 0.000680883 slew 0.0173 delay 0.017208 power 7.51552e-05
I0407 09:42:18.879148 2608849 lm_feature_timing.cpp:80] node dpath/b_reg_out[6]:402596 resistance 31.672 cap 0.000631941 slew 0.0373512 delay 0.0751925 power 8.2101e-05
I0407 09:42:18.850174 2608936 lm_feature_timing.cpp:80] node dpath/a_lt_b/n1:733373 resistance 9.416 cap 0.000791444 slew 0.017306 delay 0.00795497 power 6.4107e-06
I0407 09:42:18.879186 2608828 lm_feature_timing.cpp:80] node dpath/a_mux/n14:747763 resistance 14.552 cap 0.000663898 slew 0.036474 delay 0.0112242 power 3.78607e-05
I0407 09:42:18.879256 2608828 lm_feature_timing.cpp:80] node dpath/a_mux/n14:751953 resistance 10.272 cap 0.000708729 slew 0.036474 delay 0.00838272 power 4.04173e-05
I0407 09:42:18.879293 2608936 lm_feature_timing.cpp:80] node dpath/a_lt_b/n1:729183 resistance 5.136 cap 0.000836275 slew 0.017306 delay 0.00456759 power 6.77383e-06
I0407 09:42:18.879372 2608936 lm_feature_timing.cpp:80] node dpath/a_lt_b/n1:733373 resistance 9.416 cap 0.000791444 slew 0.017306 delay 0.00795497 power 6.4107e-06
I0407 09:42:18.879439 2608936 lm_feature_timing.cpp:80] node dpath/a_lt_b/U13:B1 resistance 13.268 cap 0.000662236 slew 0.017306 delay 0.010655 power 5.36411e-06
I0407 09:42:18.850298 2608957 lm_feature_timing.cpp:80] node dpath/b_mux_out[6]:756147 resistance 0.428 cap 0.000860815 slew 0.016905 delay 0.00037178 power 0.000106254
I0407 09:42:18.850272 2608967 lm_feature_timing.cpp:80] node dpath/b_reg_out[14]:798776 resistance 53.928 cap 0.000674635 slew 0.0401761 delay 0.076858 power 0.000103021
I0407 09:42:18.850394 2608895 lm_feature_timing.cpp:80] node dpath/a_reg/n14:477025 resistance 0.428 cap 0.00120453 slew 0.018996 delay 0.000515539 power 7.62223e-05
I0407 09:42:18.879611 2608957 lm_feature_timing.cpp:80] node dpath/b_mux_out[6]:769555 resistance 14.124 cap 0.00072554 slew 0.016905 delay 0.0103088 power 8.95562e-05
I0407 09:42:18.879648 2608967 lm_feature_timing.cpp:80] node dpath/b_reg_out[14]:817185 resistance 23.54 cap 0.000700168 slew 0.040176 delay 0.053795 power 0.00010692
I0407 09:42:18.866977 2608864 lm_feature_timing.cpp:80] node dpath/b_mux/U10:B1 resistance 68.908 cap 0.000680003 slew 0.0475416 delay 0.258044 power 4.82647e-05
I0407 09:42:18.850426 2608946 lm_feature_timing.cpp:80] node dpath/a_mux_out[1]:738351 resistance 20.116 cap 0.000668768 slew 0.016524 delay 0.0156 power 5.62983e-05
I0407 09:42:18.867082 2608862 lm_feature_timing.cpp:80] node dpath/a_mux/n12:792793 resistance 0 cap 0.000716951 slew 0.034079 delay 0 power 4.08862e-05
I0407 09:42:18.879808 2608862 lm_feature_timing.cpp:137] net dpath/a_mux/n12 resistance 11.984 cap 0.000716951 slew 0.000243115 delay 0.00392244 power 3.31178e-08
I0407 09:42:18.879848 2608946 lm_feature_timing.cpp:80] node dpath/a_mux_out[1]:729133 resistance 10.7 cap 0.000762931 slew 0.016524 delay 0.00930288 power 6.42252e-05
I0407 09:42:18.879841 2608864 lm_feature_timing.cpp:80] node dpath/a_reg_out[8]:438557 resistance 67.196 cap 0.00071211 slew 0.0475416 delay 0.25688 power 5.05435e-05
I0407 09:42:18.879912 2608946 lm_feature_timing.cpp:80] node dpath/a_mux_out[1]:738351 resistance 20.116 cap 0.000668768 slew 0.016524 delay 0.0156 power 5.62983e-05
I0407 09:42:18.867269 2608903 lm_feature_timing.cpp:80] node dpath/a_reg_out[11]:849955 resistance 2.14 cap 0.00528495 slew 0.039435 delay 0.0113617 power 0.000324469
I0407 09:42:18.845746 2608911 lm_feature_timing.cpp:80] node dpath/a_reg_out[7]:782187 resistance 20.116 cap 0.00303029 slew 0.0402571 delay 0.0817449 power 0.000208119
I0407 09:42:18.880069 2608903 lm_feature_timing.cpp:80] node dpath/b_mux/U13:B1 resistance 62.916 cap 0.000659839 slew 0.0394354 delay 0.210553 power 4.05107e-05
I0407 09:42:18.880146 2608911 lm_feature_timing.cpp:80] node dpath/a_reg_out[7]:790567 resistance 28.676 cap 0.00219025 slew 0.0402571 delay 0.100493 power 0.000150425
I0407 09:42:18.880187 2608903 lm_feature_timing.cpp:80] node dpath/a_reg_out[11]:815555 resistance 62.916 cap 0.000659839 slew 0.0394354 delay 0.210553 power 4.05107e-05
I0407 09:42:18.880218 2608911 lm_feature_timing.cpp:80] node dpath/a_reg_out[7]:777943 resistance 62.916 cap 0.000716612 slew 0.0402571 delay 0.140403 power 4.92165e-05
I0407 09:42:18.880249 2608903 lm_feature_timing.cpp:80] node dpath/a_reg_out[11]:815555 resistance 62.916 cap 0.000659839 slew 0.0394354 delay 0.210553 power 4.05107e-05
I0407 09:42:18.880270 2608911 lm_feature_timing.cpp:80] node dpath/a_reg_out[7]:1129903 resistance 62.916 cap 0.000761443 slew 0.0402571 delay 0.140403 power 5.22955e-05
I0407 09:42:18.867429 2608981 lm_feature_timing.cpp:80] node dpath/a_lt_b/n27:485446 resistance 11.984 cap 0.000434435 slew 0.01901 delay 0.0110319 power 3.51892e-06
I0407 09:42:18.867439 2608915 lm_feature_timing.cpp:80] node dpath/a_lt_b/n23:486323 resistance 1.712 cap 0.000797725 slew 0.024902 delay 0.00136571 power 1.29231e-05
I0407 09:42:18.867556 2608926 lm_feature_timing.cpp:80] node dpath/a_mux/n13:377347 resistance 2.568 cap 0.000824621 slew 0.035942 delay 0.00219052 power 4.70264e-05
I0407 09:42:18.867645 2608866 lm_feature_timing.cpp:80] node dpath/sub/U24:I resistance 80.892 cap 0.000599444 slew 0.043787 delay 0.301554 power 7.8912e-05
I0407 09:42:18.867691 2608980 lm_feature_timing.cpp:80] node dpath/b_reg/U10:B1 resistance 57.352 cap 0.000659839 slew 0.0374575 delay 0.203925 power 8.64835e-05
I0407 09:42:18.848426 2608968 lm_feature_timing.cpp:80] node dpath/b_reg/n7:762033 resistance 8.988 cap 0.00081848 slew 0.017663 delay 0.00816589 power 0.000105865
I0407 09:42:18.867828 2608844 lm_feature_timing.cpp:80] node dpath/a_reg/n19:860933 resistance 2.996 cap 0.000965357 slew 9.02853e-06 delay 0.00298957 power 0
I0407 09:42:18.880995 2608980 lm_feature_timing.cpp:80] node dpath/b_reg_out[8]:815665 resistance 57.352 cap 0.000737558 slew 0.0374575 delay 0.203925 power 9.667e-05
I0407 09:42:18.881043 2608844 lm_feature_timing.cpp:80] node dpath/a_reg/n19:508966 resistance 0 cap 0.00103035 slew 0 delay 0 power 0
I0407 09:42:18.881074 2608980 lm_feature_timing.cpp:80] node dpath/b_reg_out[8]:808123 resistance 49.648 cap 0.000815278 slew 0.0374575 delay 0.198243 power 0.000106856
I0407 09:42:18.881121 2608844 lm_feature_timing.cpp:80] node dpath/a_reg/n19:508973 resistance 2.996 cap 0.000997854 slew 9.02853e-06 delay 0.00298957 power 0
I0407 09:42:18.881179 2608844 lm_feature_timing.cpp:80] node dpath/a_reg/n19:854229 resistance 9.844 cap 0.00089586 slew 1.44834e-05 delay 0.00912442 power 0
I0407 09:42:18.851222 2608974 lm_feature_timing.cpp:80] node dpath/a_lt_b/n7:738445 resistance 23.54 cap 0.00133709 slew 0.021289 delay 0.0366016 power 2.43684e-05
I0407 09:42:18.881228 2608844 lm_feature_timing.cpp:80] node dpath/a_reg/n19:860933 resistance 2.996 cap 0.000965357 slew 9.02853e-06 delay 0.00298957 power 0
I0407 09:42:18.829525 2608953 lm_feature_timing.cpp:80] node dpath/a_lt_b/U37:B resistance 20.972 cap 0.000672352 slew 0.019827 delay 0.0184255 power 5.44605e-06
I0407 09:42:18.881283 2608844 lm_feature_timing.cpp:80] node dpath/a_reg/out_reg_10_:D resistance 23.968 cap 0.000585765 slew 1.70747e-05 delay 0.0187254 power 0
I0407 09:42:18.881335 2608844 lm_feature_timing.cpp:80] node dpath/a_reg/n19:498930 resistance 18.832 cap 0.000675426 slew 1.68076e-05 delay 0.0157169 power 0
I0407 09:42:18.868081 2608912 lm_feature_timing.cpp:80] node dpath/a_reg/n15:860759 resistance 42.372 cap 0.00140441 slew 0.0226471 delay 0.059685 power 9.19037e-05
I0407 09:42:18.881389 2608844 lm_feature_timing.cpp:80] node dpath/a_reg/n19:498930 resistance 18.832 cap 0.000675426 slew 1.68076e-05 delay 0.0157169 power 0
I0407 09:42:18.846009 2608887 lm_feature_timing.cpp:80] node dpath/a_lt_b/n35:482773 resistance 17.976 cap 0.000696117 slew 0.033561 delay 0.0212663 power 1.70386e-05
I0407 09:42:18.881469 2608912 lm_feature_timing.cpp:80] node dpath/a_reg/n15:822209 resistance 0.428 cap 0.00181101 slew 0.022647 delay 0.000778465 power 0.000118512
I0407 09:42:18.881547 2608887 lm_feature_timing.cpp:80] node dpath/a_lt_b/U37:A1 resistance 19.688 cap 0.000675952 slew 0.033561 delay 0.0224235 power 1.6545e-05
I0407 09:42:18.868147 2608945 lm_feature_timing.cpp:80] node dpath/b_reg/U11:B2 resistance 228.124 cap 0.000667642 slew 0.0414223 delay 1.73208 power 5.05976e-05
I0407 09:42:18.881616 2608887 lm_feature_timing.cpp:80] node dpath/a_lt_b/n35:486121 resistance 12.84 cap 0.000425821 slew 0.033561 delay 0.0174185 power 1.04227e-05
I0407 09:42:18.881659 2608887 lm_feature_timing.cpp:80] node dpath/a_lt_b/n35:838081 resistance 12.84 cap 0.00122804 slew 0.033561 delay 0.0174185 power 3.00583e-05
I0407 09:42:18.868181 2608963 lm_feature_timing.cpp:80] node dpath/a_reg_out[12]:492884 resistance 33.384 cap 0.00054841 slew 0.0441404 delay 0.150145 power 3.47032e-05
I0407 09:42:18.881708 2608887 lm_feature_timing.cpp:80] node dpath/a_lt_b/U34:ZN resistance 0 cap 0.00149703 slew 0.033561 delay 0 power 3.66422e-05
I0407 09:42:18.840041 2608942 lm_feature_timing.cpp:80] node dpath/b_reg_out[11]:448567 resistance 57.78 cap 0.000599959 slew 0.0414827 delay 0.23513 power 7.71979e-05
I0407 09:42:18.881772 2608945 lm_feature_timing.cpp:80] node dpath/b_reg/n1:776287 resistance 228.124 cap 0.000720695 slew 0.0414223 delay 1.73208 power 5.46182e-05
I0407 09:42:18.881808 2608963 lm_feature_timing.cpp:80] node dpath/a_reg_out[12]:844863 resistance 24.396 cap 0.0058559 slew 0.0441404 delay 0.144413 power 0.00037056
I0407 09:42:18.881855 2608945 lm_feature_timing.cpp:80] node dpath/b_reg/n1:771259 resistance 222.988 cap 0.000773748 slew 0.0414223 delay 1.72837 power 5.86388e-05
I0407 09:42:18.868358 2608928 lm_feature_timing.cpp:80] node dpath/a_reg_out[13]:508789 resistance 0.856 cap 0.005116 slew 0.03813 delay 0.0043793 power 0.000334789
I0407 09:42:18.881915 2608945 lm_feature_timing.cpp:80] node dpath/b_reg/n1:776287 resistance 228.124 cap 0.000720695 slew 0.0414223 delay 1.73208 power 5.46182e-05
I0407 09:42:18.843379 2608906 lm_feature_timing.cpp:125] build net dpath/b_reg_out[15] feature 
I0407 09:42:18.881974 2608945 lm_feature_timing.cpp:80] node dpath/b_reg/n1:467901 resistance 18.404 cap 0.000798023 slew 0.041398 delay 0.0294521 power 6.04785e-05
I0407 09:42:18.882030 2608945 lm_feature_timing.cpp:80] node dpath/b_reg/n1:819861 resistance 18.404 cap 0.000773748 slew 0.041398 delay 0.0294521 power 5.86388e-05
I0407 09:42:18.882020 2608928 lm_feature_timing.cpp:80] node dpath/a_reg_out[13]:820525 resistance 52.216 cap 0.000659839 slew 0.0381302 delay 0.162192 power 4.31795e-05
I0407 09:42:18.882089 2608945 lm_feature_timing.cpp:80] node dpath/b_reg/n1:467896 resistance 16.264 cap 0.00170587 slew 0.041398 delay 0.0277443 power 0.00012928
I0407 09:42:18.882109 2608928 lm_feature_timing.cpp:80] node dpath/a_reg_out[13]:1172485 resistance 52.216 cap 0.000712892 slew 0.0381302 delay 0.162192 power 4.66513e-05
I0407 09:42:18.882145 2608945 lm_feature_timing.cpp:80] node dpath/b_reg/n1:467901 resistance 18.404 cap 0.000798023 slew 0.041398 delay 0.0294521 power 6.04785e-05
I0407 09:42:18.868685 2608898 lm_feature_timing.cpp:80] node dpath/b_mux_out[13]:819689 resistance 6.42 cap 0.000889983 slew 0.017469 delay 0.00592073 power 0.000109435
I0407 09:42:18.882200 2608945 lm_feature_timing.cpp:80] node dpath/b_reg/n1:762017 resistance 204.156 cap 0.00260511 slew 0.0414223 delay 1.70175 power 0.000197429
I0407 09:42:18.882254 2608945 lm_feature_timing.cpp:80] node dpath/b_reg/n1:1113977 resistance 204.156 cap 0.00283905 slew 0.0414223 delay 1.70175 power 0.000215159
I0407 09:42:18.868723 2608927 lm_feature_timing.cpp:80] node dpath/b_mux_out[5]:389085 resistance 4.708 cap 0.00104131 slew 0.018108 delay 0.00490249 power 0.000127336
I0407 09:42:18.882282 2608898 lm_feature_timing.cpp:80] node dpath/b_mux_out[13]:464377 resistance 2.996 cap 0.000959089 slew 0.017469 delay 0.00287343 power 0.000117932
I0407 09:42:18.882305 2608945 lm_feature_timing.cpp:80] node dpath/b_reg/n1:769483 resistance 160.5 cap 0.000667642 slew 0.041422 delay 1.55215 power 5.05976e-05
I0407 09:42:18.882354 2608898 lm_feature_timing.cpp:80] node dpath/b_mux_out[13]:816337 resistance 2.996 cap 0.000926592 slew 0.017469 delay 0.00287343 power 0.000113936
I0407 09:42:18.824795 2608888 lm_feature_timing.cpp:80] node dpath/b_reg/U17:A2 resistance 15.836 cap 0.000574604 slew 0.017 delay 0.0116818 power 6.75397e-05
I0407 09:42:18.869019 2608969 lm_feature_timing.cpp:80] node dpath/a_lt_b/U20:A2 resistance 16.692 cap 0.000581854 slew 0.022374 delay 0.0198011 power 4.71302e-06
I0407 09:42:18.851826 2608870 lm_feature_timing.cpp:80] node dpath/a_mux_out[6]:396647 resistance 0.428 cap 0.00104797 slew 0.017149 delay 0.000448531 power 0.000112921
I0407 09:42:18.869127 2608852 lm_feature_timing.cpp:80] node dpath/a_mux_out[0]:387221 resistance 15.836 cap 0.000574604 slew 0.016457 delay 0.011685 power 3.8695e-05
I0407 09:42:18.882620 2608969 lm_feature_timing.cpp:80] node dpath/a_lt_b/n10:401694 resistance 16.692 cap 0.000589685 slew 0.022374 delay 0.0198011 power 4.77645e-06
I0407 09:42:18.882692 2608870 lm_feature_timing.cpp:80] node dpath/a_mux_out[6]:748607 resistance 0.428 cap 0.00104014 slew 0.017149 delay 0.000448531 power 0.000112077
I0407 09:42:18.882715 2608969 lm_feature_timing.cpp:80] node dpath/a_lt_b/n10:401693 resistance 16.264 cap 0.000597516 slew 0.022374 delay 0.0195487 power 4.83988e-06
I0407 09:42:18.869436 2608966 lm_feature_timing.cpp:80] node dpath/b_reg/FE_OFN2_ctrl_b_reg_en_0:411725 resistance 99.724 cap 0.00250559 slew 0.0278472 delay 0.500893 power 0.000189887
I0407 09:42:18.882733 2608852 lm_feature_timing.cpp:80] node dpath/a_mux_out[0]:739181 resistance 15.836 cap 0.000627657 slew 0.016457 delay 0.011685 power 4.22677e-05
I0407 09:42:18.846671 2608949 lm_feature_timing.cpp:125] build net dpath/b_reg_out[3] feature 
I0407 09:42:18.882809 2608852 lm_feature_timing.cpp:80] node dpath/a_mux_out[0]:734153 resistance 10.7 cap 0.00068071 slew 0.016457 delay 0.00846132 power 4.58404e-05
I0407 09:42:18.882858 2608852 lm_feature_timing.cpp:80] node dpath/a_mux_out[0]:739181 resistance 15.836 cap 0.000627657 slew 0.016457 delay 0.011685 power 4.22677e-05
I0407 09:42:18.849189 2608919 lm_feature_timing.cpp:80] node dpath/sub/U27:I resistance 66.768 cap 0.000599444 slew 0.0371373 delay 0.175067 power 7.71894e-05
I0407 09:42:18.852017 2608930 lm_feature_timing.cpp:80] node dpath/a_lt_b/n8:738571 resistance 47.08 cap 0.000616441 slew 0.053906 delay 0.050494 power 9.93759e-06
I0407 09:42:18.869678 2608834 lm_feature_timing.cpp:80] node ctrl_a_reg_en_0_:749493 resistance 265.788 cap 0.00255649 slew 0.0402399 delay 2.53674 power 2.07075e-05
I0407 09:42:18.882990 2608919 lm_feature_timing.cpp:80] node dpath/b_reg_out[4]:379051 resistance 66.768 cap 0.00062783 slew 0.0371373 delay 0.175067 power 8.08446e-05
I0407 09:42:18.841697 2608944 lm_feature_timing.cpp:80] node dpath/a_mux/U6:B resistance 5.992 cap 0.000586961 slew 0.034079 delay 0.00392244 power 3.34732e-05
I0407 09:42:18.883091 2608919 lm_feature_timing.cpp:80] node dpath/b_reg_out[4]:379045 resistance 64.2 cap 0.000656217 slew 0.0371373 delay 0.173455 power 8.44999e-05
I0407 09:42:18.883143 2608919 lm_feature_timing.cpp:80] node dpath/b_reg_out[4]:379051 resistance 66.768 cap 0.00062783 slew 0.0371373 delay 0.175067 power 8.08446e-05
I0407 09:42:18.883124 2608834 lm_feature_timing.cpp:80] node ctrl_a_reg_en_0_:752845 resistance 269.212 cap 0.000662595 slew 0.0402399 delay 2.53901 power 5.36702e-06
I0407 09:42:18.883164 2608949 lm_feature_timing.cpp:80] node dpath/b_reg_out[3]:748577 resistance 38.092 cap 0.000811655 slew 0.0411981 delay 0.0743595 power 0.000104046
I0407 09:42:18.883179 2608944 lm_feature_timing.cpp:80] node dpath/a_mux/n2:446013 resistance 5.992 cap 0.000598903 slew 0.034079 delay 0.00392244 power 3.41542e-05
I0407 09:42:18.869802 2608857 lm_feature_timing.cpp:80] node dpath/a_reg_out[2]:738475 resistance 69.764 cap 0.000584628 slew 0.0429064 delay 0.241386 power 3.33878e-05
I0407 09:42:18.883244 2608949 lm_feature_timing.cpp:80] node dpath/b_reg_out[3]:1100537 resistance 38.092 cap 0.000848264 slew 0.0411981 delay 0.0743595 power 0.000108739
I0407 09:42:18.826829 2608900 lm_feature_timing.cpp:80] node dpath/b_mux_out[3]:756091 resistance 0.428 cap 0.000869037 slew 0.016915 delay 0.000375299 power 0.000104263
I0407 09:42:18.883338 2608857 lm_feature_timing.cpp:80] node dpath/a_reg_out[2]:735961 resistance 67.196 cap 0.000613014 slew 0.0429064 delay 0.239885 power 3.5009e-05
I0407 09:42:18.870045 2608882 lm_feature_timing.cpp:80] node ctrl/next_state__0[1]:778555 resistance 17.12 cap 0.000589485 slew 0.030897 delay 0.0129773 power 5.39151e-05
I0407 09:42:18.883457 2608900 lm_feature_timing.cpp:80] node dpath/b_mux_out[3]:766985 resistance 11.556 cap 0.000758429 slew 0.016915 delay 0.0088151 power 9.09932e-05
I0407 09:42:18.842278 2608846 lm_feature_timing.cpp:80] node dpath/a_lt_b/n31:482829 resistance 9.416 cap 0.000964089 slew 0.048638 delay 0.0099645 power 2.38289e-05
I0407 09:42:18.883545 2608882 lm_feature_timing.cpp:80] node ctrl/next_state__0[1]:1130515 resistance 17.12 cap 0.000749426 slew 0.030897 delay 0.0129773 power 6.85435e-05
I0407 09:42:18.883550 2608900 lm_feature_timing.cpp:80] node dpath/b_reg/U15:A2 resistance 14.98 cap 0.000574604 slew 0.016915 delay 0.0109079 power 6.89386e-05
I0407 09:42:18.883634 2608882 lm_feature_timing.cpp:80] node ctrl/next_state__0[1]:1130553 resistance 0.856 cap 0.000909366 slew 0.030897 delay 0.00078864 power 8.3172e-05
I0407 09:42:18.883647 2608900 lm_feature_timing.cpp:80] node dpath/b_mux_out[3]:417537 resistance 14.98 cap 0.000611213 slew 0.016915 delay 0.0109079 power 7.33308e-05
I0407 09:42:18.827497 2608899 lm_feature_timing.cpp:80] node dpath/b_mux_out[11]:464440 resistance 0 cap 0.000705376 slew 0.015792 delay 0 power 8.53085e-05
I0407 09:42:18.883714 2608900 lm_feature_timing.cpp:80] node dpath/b_mux/U5:Z resistance 0 cap 0.000884699 slew 0.016915 delay 0 power 0.000106143
I0407 09:42:18.883740 2608899 lm_feature_timing.cpp:137] net dpath/b_mux_out[11] resistance 12.84 cap 0.000705376 slew 0.000497375 delay 0.00410874 power 6.73576e-08
I0407 09:42:18.883772 2608900 lm_feature_timing.cpp:80] node dpath/b_mux_out[3]:404132 resistance 0 cap 0.000884699 slew 0.016915 delay 0 power 0.000106143
I0407 09:42:18.883808 2608899 lm_feature_timing.cpp:125] build net dpath/sub/n17 feature 
I0407 09:42:18.826989 2608932 lm_feature_timing.cpp:80] node ctrl/U5:ZN resistance 0 cap 0.000679401 slew 0.021054 delay 0 power 6.6097e-05
I0407 09:42:18.883936 2608932 lm_feature_timing.cpp:80] node ctrl/FE_OFN1_ctrl_b_mux_sel_0:439191 resistance 0 cap 0.000679401 slew 0.021054 delay 0 power 6.6097e-05
I0407 09:42:18.884013 2608932 lm_feature_timing.cpp:80] node ctrl/FE_OFN1_ctrl_b_mux_sel_0:439182 resistance 3.852 cap 0.000638682 slew 0.021054 delay 0.0024602 power 6.21355e-05
I0407 09:42:18.884045 2608899 lm_feature_timing.cpp:80] node dpath/sub/U36:CI resistance 37.664 cap 0.00138207 slew 0.0248031 delay 0.065954 power 0.000152372
I0407 09:42:18.884061 2608932 lm_feature_timing.cpp:80] node ctrl/FE_OFN1_ctrl_b_mux_sel_0:439191 resistance 0 cap 0.000679401 slew 0.021054 delay 0 power 6.6097e-05
I0407 09:42:18.870504 2608951 lm_feature_timing.cpp:80] node dpath/a_lt_b/n15:1130767 resistance 12.412 cap 0.000752485 slew 0.021785 delay 0.0112791 power 6.09513e-06
I0407 09:42:18.870568 2608869 lm_feature_timing.cpp:80] node dpath/a_lt_b/U31:A2 resistance 35.952 cap 0.000596981 slew 0.0469444 delay 0.185719 power 7.74184e-05
I0407 09:42:18.828387 2608955 lm_feature_timing.cpp:80] node dpath/a_mux_out[4]:372392 resistance 44.94 cap 0.000607101 slew 0.019269 delay 0.0461849 power 5.98296e-05
I0407 09:42:18.884368 2608869 lm_feature_timing.cpp:80] node dpath/b_reg_out[13]:485320 resistance 35.952 cap 0.000604812 slew 0.0469444 delay 0.185719 power 7.84339e-05
I0407 09:42:18.884447 2608869 lm_feature_timing.cpp:80] node dpath/b_reg_out[13]:485319 resistance 35.524 cap 0.000612643 slew 0.0469444 delay 0.18546 power 7.94495e-05
I0407 09:42:18.884449 2608955 lm_feature_timing.cpp:80] node dpath/a_mux_out[4]:372385 resistance 41.944 cap 0.000639599 slew 0.019269 delay 0.044366 power 6.30322e-05
I0407 09:42:18.884502 2608869 lm_feature_timing.cpp:80] node dpath/b_reg_out[13]:485320 resistance 35.952 cap 0.000604812 slew 0.0469444 delay 0.185719 power 7.84339e-05
I0407 09:42:18.884524 2608955 lm_feature_timing.cpp:80] node dpath/a_mux_out[4]:372392 resistance 44.94 cap 0.000607101 slew 0.019269 delay 0.0461849 power 5.98296e-05
I0407 09:42:18.870685 2608941 lm_feature_timing.cpp:80] node dpath/a_reg_out[3]:384903 resistance 28.676 cap 0.000649398 slew 0.042396 delay 0.0534957 power 3.86169e-05
I0407 09:42:18.870720 2608972 lm_feature_timing.cpp:80] node dpath/a_mux_out[2]:733385 resistance 1.284 cap 0.000778593 slew 0.015615 delay 0.00102033 power 6.94572e-05
I0407 09:42:18.828485 2608845 lm_feature_timing.cpp:80] node dpath/a_mux_out[15]:796985 resistance 0.428 cap 0.00100881 slew 0.016859 delay 0.000435124 power 0.000115962
I0407 09:42:18.870898 2608837 lm_feature_timing.cpp:80] node dpath/a_mux_out[5]:731883 resistance 22.684 cap 0.000778593 slew 0.017957 delay 0.0227076 power 8.03154e-05
I0407 09:42:18.871044 2608893 lm_feature_timing.cpp:80] node dpath/a_lt_b/n22:828243 resistance 0 cap 0.0010252 slew 0.047613 delay 0 power 2.56132e-05
I0407 09:42:18.885020 2608893 lm_feature_timing.cpp:137] net dpath/a_lt_b/n22 resistance 41.088 cap 0.0010252 slew 0.00387917 delay 0.0167785 power 2.07467e-08
I0407 09:42:18.885074 2608893 lm_feature_timing.cpp:125] build net dpath/sub/n18 feature 
I0407 09:42:18.842994 2608979 lm_feature_timing.cpp:80] node dpath/b_reg/n11:470421 resistance 4.708 cap 0.00122685 slew 0.019352 delay 0.00577601 power 0.000161505
I0407 09:42:18.871160 2608960 lm_feature_timing.cpp:80] node dpath/a_reg_out[9]:1183581 resistance 28.248 cap 0.00269498 slew 0.0459835 delay 0.170477 power 0.000197474
I0407 09:42:18.885231 2608979 lm_feature_timing.cpp:80] node dpath/b_reg/n11:822381 resistance 4.708 cap 0.00117791 slew 0.019352 delay 0.00577601 power 0.000155062
I0407 09:42:18.843449 2608886 lm_feature_timing.cpp:80] node dpath/a_reg/n4:389003 resistance 3.424 cap 0.000855089 slew 0.01709 delay 0.00292782 power 4.88337e-05
I0407 09:42:18.885306 2608960 lm_feature_timing.cpp:80] node dpath/a_reg_out[9]:830783 resistance 27.392 cap 0.00515599 slew 0.0459835 delay 0.16816 power 0.000377804
I0407 09:42:18.885385 2608960 lm_feature_timing.cpp:80] node dpath/a_reg_out[9]:831621 resistance 28.248 cap 0.00270692 slew 0.0459835 delay 0.170477 power 0.000198349
I0407 09:42:18.885422 2608886 lm_feature_timing.cpp:80] node dpath/a_reg/U17:Z resistance 0 cap 0.000891697 slew 0.01709 delay 0 power 5.09244e-05
I0407 09:42:18.885447 2608960 lm_feature_timing.cpp:80] node dpath/a_lt_b/U6:A1 resistance 53.5 cap 0.00056171 slew 0.0459835 delay 0.216218 power 4.11592e-05
I0407 09:42:18.885490 2608886 lm_feature_timing.cpp:80] node dpath/a_reg/n4:388995 resistance 0 cap 0.000891697 slew 0.01709 delay 0 power 5.09244e-05
I0407 09:42:18.885505 2608960 lm_feature_timing.cpp:80] node dpath/a_reg_out[9]:487172 resistance 53.5 cap 0.000585985 slew 0.0459835 delay 0.216218 power 4.2938e-05
I0407 09:42:18.885512 2608886 lm_feature_timing.cpp:137] net dpath/a_reg/n4 resistance 32.528 cap 0.000891697 slew 0.00344032 delay 0.0118058 power 4.12488e-08
I0407 09:42:18.885556 2608886 lm_feature_timing.cpp:125] build net dpath/sub/n19 feature 
I0407 09:42:18.885560 2608960 lm_feature_timing.cpp:80] node dpath/a_reg_out[9]:487167 resistance 51.36 cap 0.000610261 slew 0.0459835 delay 0.214964 power 4.47167e-05
I0407 09:42:18.871439 2608931 lm_feature_timing.cpp:80] node ctrl/U3:A2 resistance 5.564 cap 0.00058282 slew 0.015546 delay 0.00356087 power 1.41201e-05
I0407 09:42:18.885608 2608960 lm_feature_timing.cpp:80] node dpath/a_reg_out[9]:487172 resistance 53.5 cap 0.000585985 slew 0.0459835 delay 0.216218 power 4.2938e-05
I0407 09:42:18.885661 2608960 lm_feature_timing.cpp:80] node dpath/a_reg_out[9]:487167 resistance 51.36 cap 0.000610261 slew 0.0459835 delay 0.214964 power 4.47167e-05
I0407 09:42:18.885681 2608931 lm_feature_timing.cpp:80] node ctrl/n3:433350 resistance 5.564 cap 0.000639984 slew 0.015546 delay 0.00356087 power 1.5505e-05
I0407 09:42:18.885776 2608931 lm_feature_timing.cpp:80] node ctrl/U13:A1 resistance 4.28 cap 0.000595933 slew 0.015546 delay 0.00276794 power 1.44378e-05
I0407 09:42:18.885784 2608886 lm_feature_timing.cpp:80] node dpath/sub/n19:806427 resistance 4.28 cap 0.0014634 slew 0.015164 delay 0.00645522 power 0.000277297
I0407 09:42:18.885815 2608931 lm_feature_timing.cpp:80] node ctrl/n3:437549 resistance 4.28 cap 0.000607875 slew 0.015546 delay 0.00276794 power 1.47271e-05
I0407 09:42:18.885841 2608886 lm_feature_timing.cpp:80] node dpath/sub/n19:1158387 resistance 4.28 cap 0.0014634 slew 0.015164 delay 0.00645522 power 0.000277297
I0407 09:42:18.885852 2608931 lm_feature_timing.cpp:80] node ctrl/n3:434199 resistance 0 cap 0.00139018 slew 0.015546 delay 0 power 3.36802e-05
I0407 09:42:18.871546 2608831 lm_feature_timing.cpp:137] net dpath/a_mux_out[13] resistance 40.232 cap 0.000983365 slew 0.00527709 delay 0.0156541 power 8.28017e-08
I0407 09:42:18.885891 2608886 lm_feature_timing.cpp:80] node dpath/sub/n19:1158369 resistance 11.984 cap 0.00138568 slew 0.015164 delay 0.0171305 power 0.00026257
I0407 09:42:18.885938 2608831 lm_feature_timing.cpp:125] build net dpath/sub/n20 feature 
I0407 09:42:18.885950 2608886 lm_feature_timing.cpp:80] node dpath/sub/n19:1158387 resistance 4.28 cap 0.0014634 slew 0.015164 delay 0.00645522 power 0.000277297
I0407 09:42:18.886008 2608886 lm_feature_timing.cpp:80] node dpath/sub/n19:454467 resistance 4.28 cap 0.00150823 slew 0.015164 delay 0.00645522 power 0.000285792
I0407 09:42:18.886061 2608886 lm_feature_timing.cpp:80] node dpath/sub/U13:CO resistance 0 cap 0.00155306 slew 0.015164 delay 0 power 0.000294287
I0407 09:42:18.818661 2608890 lm_feature_timing.cpp:125] build net dpath/a_mux/FE_OFN5_n18 feature 
I0407 09:42:18.886118 2608886 lm_feature_timing.cpp:80] node dpath/sub/U12:CI resistance 11.984 cap 0.00130796 slew 0.015164 delay 0.0171305 power 0.000247843
I0407 09:42:18.886168 2608886 lm_feature_timing.cpp:80] node dpath/sub/n19:806409 resistance 11.984 cap 0.00130796 slew 0.015164 delay 0.0171305 power 0.000247843
I0407 09:42:18.886197 2608831 lm_feature_timing.cpp:80] node dpath/sub/U12:B resistance 12.84 cap 0.00190425 slew 0.024344 delay 0.0260883 power 1.54244e-05
I0407 09:42:18.886220 2608886 lm_feature_timing.cpp:80] node dpath/sub/n19:806409 resistance 11.984 cap 0.00130796 slew 0.015164 delay 0.0171305 power 0.000247843
I0407 09:42:18.886270 2608886 lm_feature_timing.cpp:80] node dpath/sub/n19:1158369 resistance 11.984 cap 0.00138568 slew 0.015164 delay 0.0171305 power 0.00026257
I0407 09:42:18.886324 2608886 lm_feature_timing.cpp:80] node dpath/sub/n19:454467 resistance 4.28 cap 0.00150823 slew 0.015164 delay 0.00645522 power 0.000285792
I0407 09:42:18.871928 2608839 lm_feature_timing.cpp:80] node ctrl/state_out[0]:781955 resistance 67.624 cap 0.00167486 slew 0.0498893 delay 0.2292 power 0.000149376
I0407 09:42:18.886372 2608886 lm_feature_timing.cpp:80] node dpath/sub/n19:806427 resistance 4.28 cap 0.0014634 slew 0.015164 delay 0.00645522 power 0.000277297
I0407 09:42:18.871959 2608909 lm_feature_timing.cpp:80] node dpath/a_lt_b/n19:460382 resistance 0 cap 0.00106562 slew 0.017501 delay 0 power 1.80576e-05
I0407 09:42:18.872020 2608902 lm_feature_timing.cpp:80] node dpath/a_mux/FE_OFN3_ctrl_a_mux_sel_1:793763 resistance 16.692 cap 0.0108113 slew 0.0264728 delay 0.193796 power 0.000349498
I0407 09:42:18.846573 2608910 lm_feature_timing.cpp:80] node dpath/b_reg_out[2]:414963 resistance 2.996 cap 0.0046784 slew 0.035629 delay 0.0140165 power 0.000596967
I0407 09:42:18.886492 2608839 lm_feature_timing.cpp:80] node ctrl/state_out[0]:402341 resistance 39.376 cap 0.00258596 slew 0.0498893 delay 0.181889 power 0.000230635
I0407 09:42:18.886538 2608909 lm_feature_timing.cpp:80] node dpath/a_lt_b/n19:460373 resistance 3.852 cap 0.0010249 slew 0.017501 delay 0.00394793 power 1.73676e-05
I0407 09:42:18.872035 2608958 lm_feature_timing.cpp:80] node ctrl/state/n1:411500 resistance 0 cap 0.00172224 slew 0 delay 0 power 1.39501e-05
I0407 09:42:18.872121 2608977 lm_feature_timing.cpp:80] node dpath/a_mux_out[12]:1175061 resistance 32.956 cap 0.000750207 slew 0.018929 delay 0.0343015 power 7.61827e-05
I0407 09:42:18.846774 2608952 lm_feature_timing.cpp:80] node dpath/a_reg/n9:440276 resistance 0 cap 0.000728037 slew 0.016117 delay 0 power 5.00012e-05
I0407 09:42:18.846796 2608876 lm_feature_timing.cpp:80] node dpath/a_mux/n9:432652 resistance 1.284 cap 0.000992984 slew 0.037386 delay 0.00127499 power 5.66278e-05
I0407 09:42:18.886809 2608952 lm_feature_timing.cpp:80] node dpath/a_reg/out_reg_7_:D resistance 8.132 cap 0.000646206 slew 0.016117 delay 0.00525495 power 4.43811e-05
I0407 09:42:18.832346 2608847 lm_feature_timing.cpp:80] node dpath/a_mux/n15:434327 resistance 9.416 cap 0.000827559 slew 0.036668 delay 0.00795987 power 4.7194e-05
I0407 09:42:18.846988 2608982 lm_feature_timing.cpp:80] node dpath/a_reg_out[14]:1185845 resistance 16.264 cap 0.00184684 slew 0.040448 delay 0.0617691 power 0.000171588
I0407 09:42:18.886900 2608876 lm_feature_timing.cpp:80] node dpath/a_mux/n9:432652 resistance 1.284 cap 0.000992984 slew 0.037386 delay 0.00127499 power 5.66278e-05
I0407 09:42:18.872434 2608978 lm_feature_timing.cpp:80] node dpath/a_lt_b/n6:740993 resistance 10.7 cap 0.000835231 slew 0.01385 delay 0.0100765 power 1.35307e-05
I0407 09:42:18.887035 2608982 lm_feature_timing.cpp:80] node dpath/a_reg_out[14]:1185865 resistance 24.824 cap 0.0017609 slew 0.0404481 delay 0.0768424 power 0.000163604
I0407 09:42:18.887075 2608890 lm_feature_timing.cpp:80] node dpath/a_mux/U20:A1 resistance 56.068 cap 0.000393715 slew 0.0317631 delay 0.427962 power 2.54554e-05
I0407 09:42:18.887115 2608982 lm_feature_timing.cpp:80] node dpath/a_lt_b/U36:A2 resistance 14.98 cap 0.000445992 slew 0.040448 delay 0.0575468 power 4.14368e-05
I0407 09:42:18.887118 2608978 lm_feature_timing.cpp:80] node dpath/a_lt_b/U15:Z resistance 0 cap 0.00104822 slew 0.01385 delay 0 power 1.69812e-05
I0407 09:42:18.887158 2608890 lm_feature_timing.cpp:80] node dpath/a_mux/FE_OFN5_n18:431831 resistance 56.068 cap 0.000819536 slew 0.0317631 delay 0.427962 power 5.29866e-05
I0407 09:42:18.887167 2608982 lm_feature_timing.cpp:80] node dpath/a_reg_out[14]:484442 resistance 14.98 cap 0.000462045 slew 0.040448 delay 0.0575468 power 4.29283e-05
I0407 09:42:18.887187 2608978 lm_feature_timing.cpp:80] node dpath/a_lt_b/n6:388218 resistance 0 cap 0.00104822 slew 0.01385 delay 0 power 1.69812e-05
I0407 09:42:18.887213 2608982 lm_feature_timing.cpp:80] node dpath/a_reg_out[14]:484439 resistance 13.696 cap 0.000478098 slew 0.040448 delay 0.0569536 power 4.44198e-05
I0407 09:42:18.887243 2608978 lm_feature_timing.cpp:80] node dpath/a_lt_b/n6:389033 resistance 10.7 cap 0.000941727 slew 0.01385 delay 0.0100765 power 1.5256e-05
I0407 09:42:18.887262 2608982 lm_feature_timing.cpp:80] node dpath/a_reg_out[14]:484442 resistance 14.98 cap 0.000462045 slew 0.040448 delay 0.0575468 power 4.29283e-05
I0407 09:42:18.821187 2608863 lm_feature_timing.cpp:125] build net dpath/a_reg/n6 feature 
I0407 09:42:18.834359 2608961 lm_feature_timing.cpp:80] node dpath/a_lt_b/n32:475253 resistance 0 cap 0.00164057 slew 0.020978 delay 0 power 1.32886e-05
I0407 09:42:18.872738 2608935 lm_feature_timing.cpp:80] node dpath/b_mux/n1:1128231 resistance 29.104 cap 0.000704251 slew 0.0427555 delay 0.328655 power 6.85146e-05
I0407 09:42:18.872984 2608842 lm_feature_timing.cpp:80] node dpath/a_mux_out[8]:469591 resistance 63.772 cap 0.000586546 slew 0.0212991 delay 0.0768456 power 6.8593e-05
