I0212 13:22:53.914361 836545 lm_feature_timing.cpp:80] node dpath/a_reg_out[6]:755355 resistance 36.38 cap 0.00161458 slew 0.0449412 delay 0.155265 power 0.000107178
I0212 13:22:53.914382 836574 lm_feature_timing.cpp:80] node dpath/a_reg/U20:Z resistance 0 cap 0.00103035 slew 0 delay 0 power 0
I0212 13:22:53.914382 836583 lm_feature_timing.cpp:80] node dpath/a_reg/n18:809001 resistance 3.424 cap 0.019883 slew 0.050203 delay 0.0682048 power 0.000161052
I0212 13:22:53.994640 836593 lm_feature_timing.cpp:80] node dpath/a_mux/n15:786269 resistance 1.712 cap 0.000925442 slew 0.036668 delay 0.00158436 power 5.27761e-05
I0212 13:22:53.991650 836527 lm_feature_timing.cpp:80] node dpath/a_lt_b/n35:486121 resistance 12.84 cap 0.000425821 slew 0.033561 delay 0.0174185 power 1.04227e-05
I0212 13:22:53.994674 836545 lm_feature_timing.cpp:80] node dpath/a_lt_b/U20:B2 resistance 44.084 cap 0.000718455 slew 0.0449412 delay 0.167522 power 4.76921e-05
I0212 13:22:53.912438 836516 lm_feature_timing.cpp:80] node ctrl/next_state__0[0]:786917 resistance 20.972 cap 0.000573041 slew 0.029224 delay 0.0164478 power 5.11079e-05
I0212 13:22:53.994720 836545 lm_feature_timing.cpp:80] node dpath/a_lt_b/U20:B2 resistance 44.084 cap 0.000718455 slew 0.0449412 delay 0.167522 power 4.76921e-05
I0212 13:22:53.908874 836511 lm_feature_timing.cpp:80] node dpath/a_mux_out[5]:739425 resistance 30.388 cap 0.000700874 slew 0.017957 delay 0.0281072 power 7.22983e-05
I0212 13:22:53.991734 836551 lm_feature_timing.cpp:80] node dpath/a_lt_b/U35:ZN resistance 0 cap 0.00109012 slew 0.019827 delay 0 power 8.82995e-06
I0212 13:22:53.908886 836555 lm_feature_timing.cpp:80] node dpath/a_mux_out[8]:469591 resistance 63.772 cap 0.000586546 slew 0.0212991 delay 0.0768456 power 6.8593e-05
I0212 13:22:53.991779 836597 lm_feature_timing.cpp:80] node dpath/a_mux/n16:439278 resistance 0 cap 0.000780143 slew 0.020149 delay 0 power 5.04396e-05
I0212 13:22:53.908910 836557 lm_feature_timing.cpp:80] node dpath/a_reg/n10:470446 resistance 0 cap 0.000711592 slew 0.016096 delay 0 power 5.05068e-05
I0212 13:22:53.994848 836555 lm_feature_timing.cpp:80] node dpath/a_mux_out[8]:821549 resistance 62.916 cap 0.000598488 slew 0.0212991 delay 0.0763435 power 6.99895e-05
I0212 13:22:53.908901 836509 lm_feature_timing.cpp:80] node dpath/a_lt_b/n19:477128 resistance 23.112 cap 0.000623582 slew 0.017501 delay 0.0192527 power 1.0567e-05
I0212 13:22:53.912585 836571 lm_feature_timing.cpp:80] node dpath/a_reg/n13:852501 resistance 35.096 cap 0.000781872 slew 0.019329 delay 0.0319474 power 4.80029e-05
I0212 13:22:53.906873 836519 lm_feature_timing.cpp:80] node dpath/a_reg_out[7]:438607 resistance 28.676 cap 0.00210431 slew 0.0402571 delay 0.100493 power 0.000144523
I0212 13:22:53.994977 836555 lm_feature_timing.cpp:80] node dpath/a_mux_out[8]:1173509 resistance 62.916 cap 0.000758429 slew 0.0212991 delay 0.0763435 power 8.86936e-05
I0212 13:22:53.994998 836509 lm_feature_timing.cpp:80] node dpath/a_lt_b/n19:477133 resistance 20.972 cap 0.000647858 slew 0.017501 delay 0.0179182 power 1.09783e-05
I0212 13:22:53.995051 836519 lm_feature_timing.cpp:80] node dpath/a_reg_out[7]:790567 resistance 28.676 cap 0.00219025 slew 0.0402571 delay 0.100493 power 0.000150425
I0212 13:22:53.991961 836514 lm_feature_timing.cpp:80] node dpath/a_lt_b/n1:380570 resistance 12.412 cap 0.00068612 slew 0.017306 delay 0.0100881 power 5.55758e-06
I0212 13:22:53.991957 836576 lm_feature_timing.cpp:80] node dpath/a_reg/n14:859153 resistance 32.956 cap 0.000880537 slew 0.018996 delay 0.0291577 power 5.57202e-05
I0212 13:22:53.991995 836559 lm_feature_timing.cpp:80] node dpath/b_mux_out[0]:394825 resistance 1.284 cap 0.000926201 slew 0.017178 delay 0.00118924 power 3.84288e-05
I0212 13:22:53.995111 836509 lm_feature_timing.cpp:80] node dpath/a_lt_b/U26:ZN resistance 0 cap 0.00106562 slew 0.017501 delay 0 power 1.80576e-05
I0212 13:22:53.992084 836550 lm_feature_timing.cpp:80] node dpath/a_lt_b/n29:485347 resistance 9.844 cap 0.000893177 slew 0.020196 delay 0.00879243 power 7.23473e-06
I0212 13:22:53.995151 836559 lm_feature_timing.cpp:80] node dpath/b_mux_out[0]:394828 resistance 0 cap 0.000942254 slew 0.017178 delay 0 power 3.90948e-05
I0212 13:22:53.992094 836506 lm_feature_timing.cpp:125] build net dpath/b_mux_out[9] feature 
I0212 13:22:53.995160 836576 lm_feature_timing.cpp:80] node dpath/a_reg/n14:828985 resistance 0.428 cap 0.0011967 slew 0.018996 delay 0.000515539 power 7.57268e-05
I0212 13:22:53.995186 836559 lm_feature_timing.cpp:80] node dpath/b_reg/U18:A2 resistance 17.976 cap 0.000574604 slew 0.017178 delay 0.0136144 power 2.38408e-05
I0212 13:22:53.992244 836543 lm_feature_timing.cpp:80] node dpath/a_lt_b/n2:731687 resistance 0 cap 0.000709511 slew 0.023105 delay 0 power 1.14941e-05
I0212 13:22:53.995215 836559 lm_feature_timing.cpp:80] node dpath/b_mux_out[0]:409076 resistance 17.976 cap 0.000615324 slew 0.017178 delay 0.0136144 power 2.55303e-05
I0212 13:22:53.909175 836522 lm_feature_timing.cpp:80] node dpath/a_lt_b/n8:1090431 resistance 0.856 cap 0.00151187 slew 0.053906 delay 0.00130439 power 2.43727e-05
I0212 13:22:53.995241 836559 lm_feature_timing.cpp:80] node dpath/b_mux_out[0]:394825 resistance 1.284 cap 0.000926201 slew 0.017178 delay 0.00118924 power 3.84288e-05
I0212 13:22:53.912837 836541 lm_feature_timing.cpp:80] node dpath/a_reg/U5:Z resistance 0 cap 0.000990363 slew 0.017676 delay 0 power 6.93054e-05
I0212 13:22:53.992466 836588 lm_feature_timing.cpp:80] node dpath/a_mux_out[7]:1139151 resistance 20.972 cap 0.000774091 slew 0.017289 delay 0.0186959 power 8.69679e-05
I0212 13:22:53.992542 836570 lm_feature_timing.cpp:80] node clk:1457341 resistance 68.48 cap 0.005291 slew 0.000474042 delay 0.377734 power 0.00171428
I0212 13:22:53.995297 836541 lm_feature_timing.cpp:80] node dpath/a_reg/n17:455093 resistance 0 cap 0.000990363 slew 0.017676 delay 0 power 6.93054e-05
I0212 13:22:53.992519 836542 lm_feature_timing.cpp:80] node dpath/b_mux_out[5]:761157 resistance 25.252 cap 0.000791318 slew 0.018108 delay 0.0211593 power 3.99171e-05
I0212 13:22:53.995337 836541 lm_feature_timing.cpp:80] node dpath/a_reg/n17:454247 resistance 4.28 cap 0.000945532 slew 0.017676 delay 0.00404688 power 6.61682e-05
I0212 13:22:53.992575 836485 lm_feature_timing.cpp:80] node dpath/a_lt_b/n11:752823 resistance 0 cap 0.00154161 slew 0.030248 delay 0 power 2.49741e-05
I0212 13:22:53.995352 836506 lm_feature_timing.cpp:80] node dpath/b_reg/U9:A2 resistance 8.988 cap 0.000574604 slew 0.016298 delay 0.00605672 power 3.16262e-05
I0212 13:22:53.992584 836565 lm_feature_timing.cpp:80] node dpath/a_lt_b/n24:482952 resistance 1.284 cap 0.00144605 slew 0.019989 delay 0.00185672 power 0
I0212 13:22:53.992632 836548 lm_feature_timing.cpp:137] net dpath/a_reg/n2 resistance 17.976 cap 0.000751921 slew 0.00101942 delay 0.00588519 power 2.81239e-08
I0212 13:22:53.992635 836560 lm_feature_timing.cpp:80] node dpath/b_mux_out[10]:464488 resistance 0 cap 0.00068071 slew 0.01565 delay 0 power 8.27062e-06
I0212 13:22:53.995383 836570 lm_feature_timing.cpp:80] node clk:1412927 resistance 23.112 cap 0.00573049 slew 0.000328255 delay 0.137692 power 0.00185668
I0212 13:22:53.992657 836592 lm_feature_timing.cpp:80] node dpath/a_reg_out[9]:487172 resistance 53.5 cap 0.000585985 slew 0.0460205 delay 0.216218 power 4.2938e-05
I0212 13:22:53.907316 836508 lm_feature_timing.cpp:80] node dpath/a_mux/n9:433490 resistance 2.14 cap 0.000964989 slew 0.037386 delay 0.00210102 power 5.50313e-05
I0212 13:22:53.992736 836582 lm_feature_timing.cpp:80] node dpath/b_mux_out[4]:753581 resistance 16.692 cap 0.000734545 slew 0.017183 delay 0.0123328 power 3.62077e-05
I0212 13:22:53.909447 836561 lm_feature_timing.cpp:80] node dpath/a_lt_b/n21:479643 resistance 60.776 cap 0.000712561 slew 0.0440891 delay 0.0968518 power 2.5212e-05
I0212 13:22:53.992746 836601 lm_feature_timing.cpp:80] node dpath/a_lt_b/n18:484661 resistance 7.276 cap 0.0014337 slew 0.021423 delay 0.0104316 power 1.1613e-05
I0212 13:22:53.992762 836504 lm_feature_timing.cpp:80] node dpath/a_lt_b/n13:387459 resistance 1.712 cap 0.000882318 slew 0.031831 delay 0.00151053 power 2.81526e-05
I0212 13:22:53.992748 836491 lm_feature_timing.cpp:80] node ctrl_b_mux_sel_0_:730789 resistance 321.856 cap 0.000634259 slew 0.0310982 delay 2.98852 power 1.0275e-05
I0212 13:22:53.992758 836602 lm_feature_timing.cpp:80] node dpath/a_reg/out_reg_3_:CP resistance 100.152 cap 0.000418247 slew 0.00031565 delay 0.361178 power 0.000135512
I0212 13:22:53.995616 836504 lm_feature_timing.cpp:80] node dpath/a_lt_b/n13:387459 resistance 1.712 cap 0.000882318 slew 0.031831 delay 0.00151053 power 2.81526e-05
I0212 13:22:53.907416 836488 lm_feature_timing.cpp:80] node dpath/a_reg_out[12]:492911 resistance 27.82 cap 0.000482601 slew 0.0441404 delay 0.146065 power 3.05388e-05
I0212 13:22:53.992864 836484 lm_feature_timing.cpp:80] node dpath/a_mux/U25:ZN resistance 0 cap 0.000716951 slew 0.034079 delay 0 power 4.08862e-05
I0212 13:22:53.995643 836601 lm_feature_timing.cpp:80] node dpath/a_lt_b/U5:ZN resistance 0 cap 0.00150731 slew 0.021423 delay 0 power 1.22092e-05
I0212 13:22:53.995656 836602 lm_feature_timing.cpp:80] node CTS_1:394051 resistance 100.152 cap 0.000418247 slew 0.00031565 delay 0.361178 power 0.000135512
I0212 13:22:53.909574 836552 lm_feature_timing.cpp:80] node dpath/a_reg/n15:507915 resistance 62.916 cap 0.00058826 slew 0.0226471 delay 0.0760471 power 3.84954e-05
I0212 13:22:53.992909 836579 lm_feature_timing.cpp:80] node dpath/b_mux_out[1]:409051 resistance 15.836 cap 0.000586546 slew 0.017 delay 0.0116818 power 2.68056e-05
I0212 13:22:53.995682 836488 lm_feature_timing.cpp:80] node dpath/a_reg_out[12]:492903 resistance 24.396 cap 0.000519209 slew 0.0441404 delay 0.144413 power 3.28554e-05
I0212 13:22:53.909608 836598 lm_feature_timing.cpp:80] node dpath/a_reg/U3:ZN resistance 0 cap 0.000759415 slew 0.011477 delay 0 power 8.38235e-05
I0212 13:22:53.995702 836601 lm_feature_timing.cpp:80] node dpath/a_lt_b/n18:487186 resistance 0 cap 0.00150731 slew 0.021423 delay 0 power 1.22092e-05
I0212 13:22:53.913236 833806 lm_feature_timing.cpp:80] node dpath/a_mux_out[0]:1086113 resistance 10.7 cap 0.000750207 slew 0.016457 delay 0.00846132 power 5.05205e-05
I0212 13:22:53.995733 836552 lm_feature_timing.cpp:80] node dpath/a_reg/n15:859875 resistance 62.916 cap 0.000600202 slew 0.0226471 delay 0.0760471 power 3.92769e-05
I0212 13:22:53.913307 836573 lm_feature_timing.cpp:80] node dpath/a_lt_b/n15:777131 resistance 14.124 cap 0.000629935 slew 0.021785 delay 0.0123575 power 5.10248e-06
I0212 13:22:53.995769 833806 lm_feature_timing.cpp:80] node dpath/a_mux_out[0]:384691 resistance 1.284 cap 0.00089253 slew 0.016457 delay 0.00114601 power 6.01048e-05
I0212 13:22:53.909713 836505 lm_feature_timing.cpp:80] node dpath/a_reg_out[10]:815607 resistance 55.212 cap 0.00071211 slew 0.0393865 delay 0.217801 power 0
I0212 13:22:53.995776 836601 lm_feature_timing.cpp:80] node dpath/a_lt_b/U25:A2 resistance 18.404 cap 0.000554824 slew 0.021423 delay 0.0178939 power 4.49407e-06
I0212 13:22:53.993064 836496 lm_feature_timing.cpp:80] node dpath/a_mux/n10:445130 resistance 4.708 cap 0.000892554 slew 0.037124 delay 0.004405 power 5.09005e-05
I0212 13:22:53.993077 836536 lm_feature_timing.cpp:80] node ctrl/state/n1:784401 resistance 25.252 cap 0.000648517 slew 0.014531 delay 0.0314651 power 5.25299e-06
I0212 13:22:53.993208 836554 lm_feature_timing.cpp:80] node dpath/a_reg/U3:I resistance 23.54 cap 0.000599444 slew 0.0173 delay 0.0196739 power 6.61661e-05
I0212 13:22:53.995863 836601 lm_feature_timing.cpp:80] node dpath/a_lt_b/n18:477947 resistance 18.404 cap 0.000599655 slew 0.021423 delay 0.0178939 power 4.8572e-06
I0212 13:22:53.995887 836554 lm_feature_timing.cpp:80] node dpath/a_mux_out[14]:476870 resistance 23.54 cap 0.000640164 slew 0.0173 delay 0.0196739 power 7.06606e-05
I0212 13:22:53.993250 836581 lm_feature_timing.cpp:80] node dpath/a_mux_out[10]:829011 resistance 43.228 cap 0.000815984 slew 0.019133 delay 0.0438711 power 6.60947e-06
I0212 13:22:53.993295 836510 lm_feature_timing.cpp:125] build net dpath/b_reg/n10 feature 
I0212 13:22:53.995920 836554 lm_feature_timing.cpp:80] node dpath/a_mux/U1:ZN resistance 0 cap 0.00107398 slew 0.0173 delay 0 power 0.000118545
I0212 13:22:53.913513 836567 lm_feature_timing.cpp:80] node dpath/a_mux/n6:380631 resistance 4.28 cap 0.000631792 slew 0.033624 delay 0.00270407 power 3.60298e-05
I0212 13:22:53.995940 836554 lm_feature_timing.cpp:80] node dpath/a_mux_out[14]:456761 resistance 0 cap 0.00107398 slew 0.0173 delay 0 power 0.000118545
I0212 13:22:53.913574 836547 lm_feature_timing.cpp:80] node dpath/b_mux_out[2]:409934 resistance 35.524 cap 0.000590657 slew 0.019314 delay 0.0331562 power 2.77357e-05
I0212 13:22:53.907918 836607 lm_feature_timing.cpp:125] build net dpath/b_mux_out[15] feature 
I0212 13:22:53.913646 836533 lm_feature_timing.cpp:80] node dpath/a_mux/U19:B1 resistance 32.1 cap 0.000667735 slew 0.037704 delay 0.318862 power 4.3172e-05
I0212 13:22:53.909904 836500 lm_feature_timing.cpp:80] node dpath/a_reg/n8:404241 resistance 0 cap 0.000866249 slew 0.01695 delay 0 power 5.75029e-05
I0212 13:22:53.993384 836521 lm_feature_timing.cpp:80] node dpath/a_mux/U24:ZN resistance 0 cap 0.000983365 slew 0.016793 delay 0 power 0.000104107
I0212 13:22:53.996052 836533 lm_feature_timing.cpp:80] node dpath/a_mux/U15:B1 resistance 100.58 cap 0.000647571 slew 0.0377073 delay 0.763049 power 4.18683e-05
I0212 13:22:53.993381 836563 lm_feature_timing.cpp:80] node dpath/a_lt_b/n4:386583 resistance 14.124 cap 0.00058826 slew 0.021374 delay 0.0103951 power 4.76491e-06
I0212 13:22:53.913653 836584 lm_feature_timing.cpp:125] build net dpath/b_mux_out[6] feature 
I0212 13:22:53.996085 836533 lm_feature_timing.cpp:80] node dpath/a_mux/FE_OFN4_n16:730127 resistance 100.58 cap 0.000659513 slew 0.0377073 delay 0.763049 power 4.26404e-05
I0212 13:22:53.996069 836547 lm_feature_timing.cpp:80] node dpath/b_mux_out[2]:409931 resistance 34.24 cap 0.00060671 slew 0.019314 delay 0.0323978 power 2.84895e-05
I0212 13:22:53.996099 836563 lm_feature_timing.cpp:80] node dpath/a_lt_b/n4:738543 resistance 14.124 cap 0.000624869 slew 0.021374 delay 0.0103951 power 5.06144e-06
I0212 13:22:53.993404 836572 lm_feature_timing.cpp:80] node ctrl/n4:779445 resistance 14.552 cap 0.000928497 slew 0.029179 delay 0.0141416 power 6.77684e-05
I0212 13:22:53.996104 836500 lm_feature_timing.cpp:80] node dpath/a_reg/n8:404249 resistance 3.424 cap 0.00082964 slew 0.01695 delay 0.00284069 power 5.50728e-05
I0212 13:22:53.996132 836563 lm_feature_timing.cpp:80] node dpath/a_lt_b/n4:735191 resistance 10.7 cap 0.000661477 slew 0.021374 delay 0.00825553 power 5.35797e-06
I0212 13:22:53.993629 836564 lm_feature_timing.cpp:80] node dpath/a_reg_out[3]:736025 resistance 27.82 cap 0.000673282 slew 0.042396 delay 0.0529296 power 4.00372e-05
I0212 13:22:53.996162 836563 lm_feature_timing.cpp:80] node dpath/a_lt_b/n4:738543 resistance 14.124 cap 0.000624869 slew 0.021374 delay 0.0103951 power 5.06144e-06
I0212 13:22:53.993623 836512 lm_feature_timing.cpp:80] node dpath/CTS_1:836665 resistance 83.888 cap 0.000445851 slew 0.000853081 delay 0.737685 power 0.000144456
I0212 13:22:53.913823 836528 lm_feature_timing.cpp:80] node dpath/a_reg_out[1]:377193 resistance 38.092 cap 0.00136242 slew 0.0420913 delay 0.175095 power 7.4383e-05
I0212 13:22:53.902560 836531 lm_feature_timing.cpp:80] node dpath/a_lt_b/n32:827213 resistance 0 cap 0.00164057 slew 0.020978 delay 0 power 1.32886e-05
I0212 13:22:53.993713 836501 lm_feature_timing.cpp:80] node dpath/a_lt_b/U33:ZN resistance 0 cap 0.00115242 slew 0.048638 delay 0 power 2.84837e-05
I0212 13:22:53.996270 836531 lm_feature_timing.cpp:80] node dpath/a_lt_b/n32:833917 resistance 6.848 cap 0.00157108 slew 0.020978 delay 0.0107587 power 1.27257e-05
I0212 13:22:53.993753 836539 lm_feature_timing.cpp:125] build net dpath/b_reg/n11 feature 
I0212 13:22:53.996294 836531 lm_feature_timing.cpp:80] node dpath/a_lt_b/n32:482795 resistance 7.704 cap 0.000650613 slew 0.020978 delay 0.0113259 power 5.26996e-06
I0212 13:22:53.993770 836577 lm_feature_timing.cpp:80] node dpath/a_mux/n7:732643 resistance 0 cap 0.000897838 slew 0.036128 delay 0 power 5.12018e-05
I0212 13:22:53.993772 836609 lm_feature_timing.cpp:80] node dpath/a_lt_b/n22:484639 resistance 20.544 cap 0.000612721 slew 0.047613 delay 0.0167785 power 1.5308e-05
I0212 13:22:53.996344 836577 lm_feature_timing.cpp:137] net dpath/a_mux/n7 resistance 30.816 cap 0.000897838 slew 0.00185727 delay 0.0114644 power 4.14735e-08
I0212 13:22:53.993844 836603 lm_feature_timing.cpp:80] node dpath/a_reg/n12:1201123 resistance 28.248 cap 0.00093923 slew 0.020481 delay 0.0343711 power 3.04311e-07
I0212 13:22:53.996371 836584 lm_feature_timing.cpp:80] node dpath/b_reg/U12:A2 resistance 14.552 cap 0.000574604 slew 0.016905 delay 0.0105581 power 2.96458e-05
I0212 13:22:53.996402 836577 lm_feature_timing.cpp:125] build net dpath/b_reg/n15 feature 
I0212 13:22:53.996408 836603 lm_feature_timing.cpp:80] node dpath/a_reg/n12:479605 resistance 9.416 cap 0.00140261 slew 0.020481 delay 0.013207 power 4.54445e-07
I0212 13:22:53.994040 836568 lm_feature_timing.cpp:80] node ctrl/next_state__0[1]:778555 resistance 17.12 cap 0.000589485 slew 0.030897 delay 0.0129773 power 3.00153e-05
I0212 13:22:53.996429 836584 lm_feature_timing.cpp:80] node dpath/b_mux_out[6]:417596 resistance 14.552 cap 0.000582435 slew 0.016905 delay 0.0105581 power 3.00498e-05
I0212 13:22:53.994125 836530 lm_feature_timing.cpp:80] node dpath/b_mux_out[12]:467769 resistance 4.708 cap 0.000647821 slew 0.01617 delay 0.00328991 power 3.24186e-05
I0212 13:22:53.996421 836607 lm_feature_timing.cpp:80] node dpath/b_mux/U17:Z resistance 0 cap 0.000935596 slew 0.017135 delay 0 power 4.99538e-05
I0212 13:22:53.996479 836584 lm_feature_timing.cpp:80] node dpath/b_mux_out[6]:417595 resistance 14.124 cap 0.000590266 slew 0.016905 delay 0.0103088 power 3.04538e-05
I0212 13:22:53.996486 836530 lm_feature_timing.cpp:80] node dpath/b_mux_out[12]:819729 resistance 4.708 cap 0.00068443 slew 0.01617 delay 0.00328991 power 3.42506e-05
I0212 13:22:53.912065 836580 lm_feature_timing.cpp:80] node dpath/a_reg_out[0]:372971 resistance 28.248 cap 0.000644485 slew 0.0390441 delay 0.0784118 power 2.97599e-05
I0212 13:22:53.994189 836487 lm_feature_timing.cpp:80] node ctrl/state_out[1]:437511 resistance 14.98 cap 0.000611595 slew 0.029421 delay 0.0183977 power 4.95392e-06
I0212 13:22:53.996443 836603 lm_feature_timing.cpp:80] node dpath/a_reg/n12:831565 resistance 9.416 cap 0.00130844 slew 0.020481 delay 0.013207 power 4.23936e-07
I0212 13:22:53.994240 836553 lm_feature_timing.cpp:80] node dpath/b_mux_out[11]:464440 resistance 0 cap 0.000705376 slew 0.015792 delay 0 power 3.4634e-05
I0212 13:22:53.996570 836603 lm_feature_timing.cpp:80] node dpath/a_reg/n12:479583 resistance 0 cap 0.00149677 slew 0.020481 delay 0 power 4.84954e-07
I0212 13:22:53.996559 836607 lm_feature_timing.cpp:80] node dpath/b_mux_out[15]:446739 resistance 0 cap 0.000935596 slew 0.017135 delay 0 power 4.99538e-05
I0212 13:22:53.996582 836487 lm_feature_timing.cpp:80] node ctrl/state_out[1]:789471 resistance 14.98 cap 0.000730425 slew 0.029421 delay 0.0183977 power 5.91644e-06
I0212 13:22:53.996608 836603 lm_feature_timing.cpp:80] node dpath/a_reg/n12:479605 resistance 9.416 cap 0.00140261 slew 0.020481 delay 0.013207 power 4.54445e-07
I0212 13:22:53.996631 836553 lm_feature_timing.cpp:80] node dpath/b_mux_out[11]:462775 resistance 6.42 cap 0.00063999 slew 0.015792 delay 0.00410874 power 3.14235e-05
I0212 13:22:53.996639 836487 lm_feature_timing.cpp:80] node ctrl/state_out[1]:777739 resistance 2.996 cap 0.000849255 slew 0.029421 delay 0.00964433 power 6.87897e-06
I0212 13:22:53.994324 836498 lm_feature_timing.cpp:80] node dpath/a_mux/n14:399978 resistance 3.852 cap 0.000851443 slew 0.036474 delay 0.0034129 power 4.8556e-05
I0212 13:22:53.996672 836603 lm_feature_timing.cpp:80] node dpath/a_reg/U9:Z resistance 0 cap 0.00149677 slew 0.020481 delay 0 power 4.84954e-07
I0212 13:22:53.996670 836577 lm_feature_timing.cpp:80] node dpath/b_reg/out_reg_13_:D resistance 30.816 cap 0.000564376 slew 0.018748 delay 0.0266279 power 2.87798e-05
I0212 13:22:53.914244 836499 lm_feature_timing.cpp:80] node dpath/a_reg_out[2]:1076153 resistance 42.372 cap 0.00375161 slew 0.0429064 delay 0.204394 power 0.000214253
I0212 13:22:53.994366 836540 lm_feature_timing.cpp:80] node dpath/a_reg/n3:388922 resistance 0 cap 0.00127814 slew 0.019387 delay 0 power 6.97817e-05
I0212 13:22:53.908596 836503 lm_feature_timing.cpp:80] node dpath/a_reg/U15:Z resistance 0 cap 0.000637593 slew 0.015676 delay 0 power 3.93905e-05
I0212 13:22:53.996723 836498 lm_feature_timing.cpp:80] node dpath/a_mux/n14:399993 resistance 10.272 cap 0.000774115 slew 0.036474 delay 0.00838272 power 4.41462e-05
I0212 13:22:53.994532 836538 lm_feature_timing.cpp:80] node dpath/b_mux_out[8]:812297 resistance 24.396 cap 0.000865317 slew 0.018669 delay 0.0224555 power 4.6633e-05
I0212 13:22:53.994544 836589 lm_feature_timing.cpp:80] node dpath/a_reg/U17:A2 resistance 11.128 cap 0.000574604 slew 0.015615 delay 0.00766962 power 5.12596e-05
I0212 13:22:53.996793 836498 lm_feature_timing.cpp:80] node dpath/a_mux/U29:ZN resistance 0 cap 0.00092838 slew 0.036474 delay 0 power 5.29436e-05
I0212 13:22:53.996810 836538 lm_feature_timing.cpp:80] node dpath/b_mux_out[8]:793861 resistance 5.564 cap 0.00104992 slew 0.018669 delay 0.00615984 power 5.65817e-05
I0212 13:22:53.994609 836605 lm_feature_timing.cpp:80] node dpath/b_mux_out[3]:415025 resistance 11.556 cap 0.000647821 slew 0.016915 delay 0.0088151 power 3.11832e-05
I0212 13:22:53.996832 836503 lm_feature_timing.cpp:80] node dpath/a_reg/n6:371571 resistance 0 cap 0.000637593 slew 0.015676 delay 0 power 3.93905e-05
I0212 13:22:53.996862 836538 lm_feature_timing.cpp:80] node dpath/b_mux_out[8]:812297 resistance 24.396 cap 0.000865317 slew 0.018669 delay 0.0224555 power 4.6633e-05
I0212 13:22:53.991618 836606 lm_feature_timing.cpp:80] node dpath/a_mux/n1:455920 resistance 11.556 cap 0.000594792 slew 0.035457 delay 0.00823599 power 3.39198e-05
I0212 13:22:53.996876 836589 lm_feature_timing.cpp:80] node dpath/a_mux_out[2]:386464 resistance 11.128 cap 0.00063999 slew 0.015615 delay 0.00766962 power 5.70926e-05
I0212 13:22:53.991652 836594 lm_feature_timing.cpp:80] node dpath/a_mux_out[4]:727697 resistance 38.52 cap 0.000712816 slew 0.019269 delay 0.0420507 power 7.02477e-05
I0212 13:22:53.996937 836606 lm_feature_timing.cpp:80] node dpath/a_mux/n1:455921 resistance 11.128 cap 0.000602623 slew 0.035457 delay 0.00798141 power 3.43663e-05
I0212 13:22:53.994702 836574 lm_feature_timing.cpp:80] node dpath/a_reg/n19:508966 resistance 0 cap 0.00103035 slew 0 delay 0 power 0
I0212 13:22:53.994709 836583 lm_feature_timing.cpp:80] node dpath/a_reg/n18:809839 resistance 4.28 cap 0.0198711 slew 0.0502032 delay 0.0852144 power 0.000160956
I0212 13:22:53.996985 836606 lm_feature_timing.cpp:80] node dpath/a_mux/n1:449217 resistance 4.28 cap 0.000770004 slew 0.035457 delay 0.00337874 power 4.39117e-05
I0212 13:22:53.912482 836520 lm_feature_timing.cpp:80] node dpath/a_mux/n2:792943 resistance 0 cap 0.000716951 slew 0.034079 delay 0 power 4.08862e-05
I0212 13:22:53.996989 836589 lm_feature_timing.cpp:80] node dpath/a_mux/U18:ZN resistance 0 cap 0.0008107 slew 0.015615 delay 0 power 7.23214e-05
I0212 13:22:53.997014 836574 lm_feature_timing.cpp:80] node dpath/a_reg/n19:502269 resistance 9.844 cap 0.000826363 slew 1.44834e-05 delay 0.00912442 power 0
I0212 13:22:53.994789 836511 lm_feature_timing.cpp:80] node dpath/a_mux_out[5]:731883 resistance 22.684 cap 0.000778593 slew 0.017957 delay 0.0227076 power 8.03154e-05
I0212 13:22:53.912417 836517 lm_feature_timing.cpp:80] node dpath/a_lt_b/n6:384843 resistance 14.98 cap 0.000745569 slew 0.01385 delay 0.0134594 power 1.20782e-05
I0212 13:22:53.997114 836574 lm_feature_timing.cpp:80] node dpath/a_reg/n19:854229 resistance 9.844 cap 0.00089586 slew 1.44834e-05 delay 0.00912442 power 0
I0212 13:22:53.994856 836597 lm_feature_timing.cpp:80] node dpath/a_mux/n16:434249 resistance 5.564 cap 0.000658375 slew 0.020149 delay 0.00398444 power 4.25668e-05
I0212 13:22:53.994845 836551 lm_feature_timing.cpp:80] node dpath/a_lt_b/n34:469376 resistance 0 cap 0.00109012 slew 0.019827 delay 0 power 8.82995e-06
I0212 13:22:53.994881 836557 lm_feature_timing.cpp:137] net dpath/a_reg/n10 resistance 14.552 cap 0.000711592 slew 0.000655989 delay 0.00464197 power 4.09105e-08
I0212 13:22:53.991896 836604 lm_feature_timing.cpp:80] node dpath/a_lt_b/n14:416800 resistance 5.136 cap 0.000630796 slew 0.020585 delay 0.00366104 power 5.10945e-06
I0212 13:22:53.997231 836557 lm_feature_timing.cpp:125] build net dpath/b_reg/n16 feature 
I0212 13:22:53.912631 836566 lm_feature_timing.cpp:80] node ctrl/n5:752609 resistance 6.42 cap 0.00116739 slew 0.021618 delay 0.00791444 power 9.45588e-06
I0212 13:22:53.991925 836575 lm_feature_timing.cpp:80] node dpath/a_lt_b/n7:386485 resistance 23.54 cap 0.00131692 slew 0.021289 delay 0.0366016 power 2.40009e-05
I0212 13:22:53.995060 836571 lm_feature_timing.cpp:80] node dpath/a_reg/n13:830713 resistance 12.84 cap 0.000999367 slew 0.019329 delay 0.014546 power 6.1356e-05
I0212 13:22:53.997291 836575 lm_feature_timing.cpp:80] node dpath/a_lt_b/n7:738445 resistance 23.54 cap 0.00133709 slew 0.021289 delay 0.0366016 power 2.43684e-05
I0212 13:22:53.995095 836519 lm_feature_timing.cpp:80] node dpath/a_reg_out[7]:782187 resistance 20.116 cap 0.00303029 slew 0.0402571 delay 0.0817449 power 0.000208119
I0212 13:22:53.995100 836555 lm_feature_timing.cpp:80] node dpath/a_mux_out[8]:1173471 resistance 46.652 cap 0.00091837 slew 0.0212991 delay 0.0640084 power 0.000107398
I0212 13:22:53.997323 836575 lm_feature_timing.cpp:80] node dpath/a_lt_b/n7:736769 resistance 21.828 cap 0.00135725 slew 0.021289 delay 0.0343125 power 2.47359e-05
I0212 13:22:53.992128 836610 lm_feature_timing.cpp:80] node dpath/a_lt_b/n27:487102 resistance 0 cap 0.00123265 slew 0.01901 delay 0 power 9.98451e-06
I0212 13:22:53.997354 836575 lm_feature_timing.cpp:80] node dpath/a_lt_b/n7:738445 resistance 23.54 cap 0.00133709 slew 0.021289 delay 0.0366016 power 2.43684e-05
I0212 13:22:53.997355 836519 lm_feature_timing.cpp:80] node dpath/a_reg_out[7]:790567 resistance 28.676 cap 0.00219025 slew 0.0402571 delay 0.100493 power 0.000150425
I0212 13:22:53.992192 836524 lm_feature_timing.cpp:80] node dpath/a_mux_out[9]:1177699 resistance 64.628 cap 0.000737483 slew 0.0222031 delay 0.0883242 power 8.96329e-05
I0212 13:22:53.997360 836571 lm_feature_timing.cpp:80] node dpath/a_reg/n13:1182673 resistance 12.84 cap 0.00106886 slew 0.019329 delay 0.014546 power 6.56228e-05
I0212 13:22:53.995196 836550 lm_feature_timing.cpp:80] node dpath/a_lt_b/n29:484488 resistance 0 cap 0.000991451 slew 0.020196 delay 0 power 8.03076e-06
I0212 13:22:53.992362 836526 lm_feature_timing.cpp:80] node dpath/a_mux/FE_OFN3_ctrl_a_mux_sel_1:793763 resistance 16.692 cap 0.0108113 slew 0.0264728 delay 0.193796 power 0.000349498
I0212 13:22:53.997416 836557 lm_feature_timing.cpp:80] node dpath/b_reg/out_reg_14_:D resistance 16.692 cap 0.000564376 slew 0.01706 delay 0.0121685 power 3.46004e-05
I0212 13:22:53.997424 836550 lm_feature_timing.cpp:137] net dpath/a_lt_b/n29 resistance 31.672 cap 0.000991451 slew 0.00363679 delay 0.0131883 power 6.50491e-09
I0212 13:22:53.995270 836559 lm_feature_timing.cpp:80] node dpath/b_mux_out[0]:746785 resistance 1.284 cap 0.000910148 slew 0.017178 delay 0.00118924 power 3.77627e-05
I0212 13:22:53.912851 836596 lm_feature_timing.cpp:80] node dpath/a_mux_out[11]:447703 resistance 7.276 cap 0.00124686 slew 0.018599 delay 0.00907218 power 0.000121917
I0212 13:22:53.995342 836588 lm_feature_timing.cpp:80] node dpath/a_mux_out[7]:787169 resistance 11.556 cap 0.000921308 slew 0.017289 delay 0.011407 power 0.000103507
I0212 13:22:53.995368 836541 lm_feature_timing.cpp:80] node dpath/a_reg/n17:806207 resistance 4.28 cap 0.000900702 slew 0.017676 delay 0.00404688 power 6.30309e-05
I0212 13:22:53.997524 836596 lm_feature_timing.cpp:80] node dpath/a_mux_out[11]:799663 resistance 7.276 cap 0.00117326 slew 0.018599 delay 0.00907218 power 0.00011472
I0212 13:22:53.995411 836506 lm_feature_timing.cpp:80] node dpath/b_mux_out[9]:469555 resistance 8.988 cap 0.000586546 slew 0.016298 delay 0.00605672 power 3.22835e-05
I0212 13:22:53.997550 836588 lm_feature_timing.cpp:80] node dpath/a_mux_out[7]:1139129 resistance 11.556 cap 0.000868255 slew 0.017289 delay 0.011407 power 9.75471e-05
I0212 13:22:53.997565 836541 lm_feature_timing.cpp:80] node dpath/a_reg/n17:822127 resistance 21.4 cap 0.000732539 slew 0.017676 delay 0.0165879 power 5.12629e-05
I0212 13:22:53.995433 836565 lm_feature_timing.cpp:80] node dpath/a_lt_b/U28:A2 resistance 3.852 cap 0.000572598 slew 0.019989 delay 0.00340005 power 0
I0212 13:22:53.995419 836542 lm_feature_timing.cpp:80] node dpath/b_mux_out[5]:741045 resistance 4.708 cap 0.000992369 slew 0.018108 delay 0.00490249 power 5.00589e-05
I0212 13:22:53.997603 836506 lm_feature_timing.cpp:80] node dpath/b_mux_out[9]:469553 resistance 8.132 cap 0.000598488 slew 0.016298 delay 0.00555464 power 3.29408e-05
I0212 13:22:53.995450 836560 lm_feature_timing.cpp:80] node dpath/b_mux_out[10]:462820 resistance 5.136 cap 0.000627657 slew 0.01565 delay 0.00322365 power 7.62603e-06
I0212 13:22:53.997622 836588 lm_feature_timing.cpp:80] node dpath/a_mux_out[7]:782141 resistance 6.42 cap 0.00097436 slew 0.017289 delay 0.00667517 power 0.000109468
I0212 13:22:53.995570 836508 lm_feature_timing.cpp:80] node dpath/a_mux/n9:433504 resistance 8.132 cap 0.000891772 slew 0.037386 delay 0.00744452 power 5.08559e-05
I0212 13:22:53.997656 836542 lm_feature_timing.cpp:80] node dpath/b_mux_out[5]:761157 resistance 25.252 cap 0.000791318 slew 0.018108 delay 0.0211593 power 3.99171e-05
I0212 13:22:53.995572 836592 lm_feature_timing.cpp:80] node dpath/a_reg_out[9]:487167 resistance 51.36 cap 0.000610261 slew 0.0460205 delay 0.214964 power 4.47167e-05
I0212 13:22:53.997685 836588 lm_feature_timing.cpp:80] node dpath/a_mux_out[7]:787169 resistance 11.556 cap 0.000921308 slew 0.017289 delay 0.011407 power 0.000103507
I0212 13:22:53.995620 836561 lm_feature_timing.cpp:80] node dpath/a_lt_b/n21:831603 resistance 60.776 cap 0.000888946 slew 0.0440891 delay 0.0968518 power 3.14529e-05
I0212 13:22:53.995644 836504 lm_feature_timing.cpp:80] node dpath/a_lt_b/n13:389135 resistance 3.424 cap 0.000841989 slew 0.031831 delay 0.00295201 power 2.68658e-05
I0212 13:22:53.997754 836588 lm_feature_timing.cpp:80] node dpath/a_mux_out[7]:430181 resistance 6.42 cap 0.00103975 slew 0.017289 delay 0.00667517 power 0.000116814
I0212 13:22:53.995663 836491 lm_feature_timing.cpp:80] node ctrl_b_mux_sel_0_:378827 resistance 322.712 cap 0.000622317 slew 0.0310982 delay 2.98905 power 1.00815e-05
I0212 13:22:53.995699 836484 lm_feature_timing.cpp:80] node dpath/a_mux/n12:792793 resistance 0 cap 0.000716951 slew 0.034079 delay 0 power 4.08862e-05
I0212 13:22:53.995710 836602 lm_feature_timing.cpp:80] node dpath/a_reg/out_reg_2_:CP resistance 98.44 cap 0.000418247 slew 0.00031564 delay 0.360269 power 0.000135512
I0212 13:22:53.992949 836569 lm_feature_timing.cpp:80] node ctrl_a_mux_sel[0]:787035 resistance 42.372 cap 0.00137168 slew 0.0481361 delay 0.0888446 power 4.43425e-05
I0212 13:22:53.995728 836579 lm_feature_timing.cpp:80] node dpath/b_mux_out[1]:409049 resistance 14.98 cap 0.000598488 slew 0.017 delay 0.0111797 power 2.73514e-05
I0212 13:22:53.992985 836591 lm_feature_timing.cpp:80] node dpath/a_reg_out[4]:1091407 resistance 36.38 cap 0.0054581 slew 0.0490071 delay 0.229129 power 0.000337201
I0212 13:22:53.997879 836569 lm_feature_timing.cpp:80] node ctrl_a_mux_sel[0]:792063 resistance 47.508 cap 0.00131863 slew 0.0481361 delay 0.095617 power 4.26274e-05
I0212 13:22:53.995738 836488 lm_feature_timing.cpp:80] node dpath/a_reg_out[12]:492911 resistance 27.82 cap 0.000482601 slew 0.0441404 delay 0.146065 power 3.05388e-05
I0212 13:22:53.993033 836529 lm_feature_timing.cpp:80] node dpath/a_reg_out[5]:386598 resistance 58.208 cap 0.000607275 slew 0.0410005 delay 0.228844 power 3.89157e-05
I0212 13:22:53.995795 833806 lm_feature_timing.cpp:80] node dpath/a_mux_out[0]:736651 resistance 1.284 cap 0.000876477 slew 0.016457 delay 0.00114601 power 5.90237e-05
I0212 13:22:53.997921 836569 lm_feature_timing.cpp:80] node ctrl/U15:A1 resistance 9.416 cap 0.000598426 slew 0.048136 delay 0.0242204 power 1.93454e-05
I0212 13:22:53.997924 836591 lm_feature_timing.cpp:80] node dpath/a_reg_out[4]:727715 resistance 24.396 cap 0.00641237 slew 0.0490068 delay 0.162295 power 0.000396156
I0212 13:22:53.997936 836488 lm_feature_timing.cpp:80] node dpath/a_reg_out[12]:818887 resistance 51.788 cap 0.000733056 slew 0.0441404 delay 0.190922 power 4.63876e-05
I0212 13:22:53.997949 836569 lm_feature_timing.cpp:80] node ctrl_a_mux_sel[0]:441722 resistance 9.416 cap 0.000630923 slew 0.048136 delay 0.0242204 power 2.0396e-05
I0212 13:22:53.995802 836598 lm_feature_timing.cpp:80] node dpath/a_reg/n1:479387 resistance 0 cap 0.000759415 slew 0.011477 delay 0 power 8.38235e-05
I0212 13:22:53.997975 836569 lm_feature_timing.cpp:80] node ctrl_a_mux_sel[0]:441715 resistance 6.42 cap 0.000663421 slew 0.048136 delay 0.0223302 power 2.14465e-05
I0212 13:22:53.913481 836532 lm_feature_timing.cpp:80] node dpath/a_reg_out[8]:798137 resistance 24.396 cap 0.00418777 slew 0.0475415 delay 0.156357 power 0.000297236
I0212 13:22:53.995883 836536 lm_feature_timing.cpp:80] node ctrl/state/n1:776021 resistance 16.692 cap 0.00151375 slew 0.014531 delay 0.0259137 power 1.22614e-05
I0212 13:22:53.995887 836496 lm_feature_timing.cpp:80] node dpath/a_mux/n10:445968 resistance 3.852 cap 0.000945216 slew 0.037124 delay 0.00364097 power 5.39037e-05
I0212 13:22:53.913511 836486 lm_feature_timing.cpp:80] node dpath/a_reg/n4:388995 resistance 0 cap 0.000891697 slew 0.01709 delay 0 power 5.09244e-05
I0212 13:22:53.998054 836536 lm_feature_timing.cpp:80] node ctrl/state/n1:784401 resistance 25.252 cap 0.000648517 slew 0.014531 delay 0.0314651 power 5.25299e-06
I0212 13:22:53.995951 836581 lm_feature_timing.cpp:80] node dpath/a_mux_out[10]:806385 resistance 20.116 cap 0.0010417 slew 0.019133 delay 0.0250121 power 8.43778e-06
I0212 13:22:53.995962 836554 lm_feature_timing.cpp:80] node dpath/a_mux_out[14]:476870 resistance 23.54 cap 0.000640164 slew 0.0173 delay 0.0196739 power 7.06606e-05
I0212 13:22:53.998077 836496 lm_feature_timing.cpp:80] node dpath/a_mux/n10:445141 resistance 9.416 cap 0.00083167 slew 0.037124 delay 0.0083205 power 4.74284e-05
I0212 13:22:53.995990 836567 lm_feature_timing.cpp:80] node dpath/a_mux/U13:ZN resistance 0 cap 0.000676622 slew 0.033624 delay 0 power 3.85864e-05
I0212 13:22:53.998098 836554 lm_feature_timing.cpp:80] node dpath/a_mux_out[14]:475199 resistance 19.688 cap 0.000680883 slew 0.0173 delay 0.017208 power 7.51552e-05
I0212 13:22:53.998106 836496 lm_feature_timing.cpp:80] node dpath/a_mux/n10:445979 resistance 10.272 cap 0.000770786 slew 0.037124 delay 0.00898029 power 4.39563e-05
I0212 13:22:53.998121 836554 lm_feature_timing.cpp:137] net dpath/a_mux_out[14] resistance 47.08 cap 0.00107398 slew 0.00835464 delay 0.0196739 power 9.60215e-08
I0212 13:22:53.993402 836502 lm_feature_timing.cpp:80] node dpath/b_reg/n1:771259 resistance 222.988 cap 0.000773748 slew 0.0414223 delay 1.72837 power 1.95454e-05
I0212 13:22:53.909919 836507 lm_feature_timing.cpp:80] node dpath/a_lt_b/n37:479429 resistance 4.708 cap 0.00145908 slew 0.018123 delay 0.00686937 power 1.18186e-05
I0212 13:22:53.996119 836533 lm_feature_timing.cpp:80] node dpath/a_mux/FE_OFN4_n16:729289 resistance 99.724 cap 0.000671455 slew 0.0377073 delay 0.762485 power 4.34125e-05
I0212 13:22:53.993434 836590 lm_feature_timing.cpp:80] node dpath/a_reg_out[13]:1172485 resistance 52.216 cap 0.000712892 slew 0.0381302 delay 0.162192 power 4.66513e-05
I0212 13:22:53.910058 836497 lm_feature_timing.cpp:80] node dpath/a_reg_out[11]:815571 resistance 56.068 cap 0.00086833 slew 0.0394354 delay 0.205558 power 5.3311e-05
I0212 13:22:53.993562 836490 lm_feature_timing.cpp:80] node dpath/a_lt_b/U33:A1 resistance 49.22 cap 0.000758174 slew 0.0375951 delay 0.0709363 power 1.88717e-05
I0212 13:22:53.996146 836572 lm_feature_timing.cpp:80] node ctrl/n4:1131405 resistance 14.552 cap 0.000826112 slew 0.029179 delay 0.0141416 power 6.02956e-05
I0212 13:22:53.996145 836547 lm_feature_timing.cpp:80] node dpath/b_mux_out[2]:409934 resistance 35.524 cap 0.000590657 slew 0.019314 delay 0.0331562 power 2.77357e-05
I0212 13:22:53.999950 836572 lm_feature_timing.cpp:80] node ctrl/n4:1131397 resistance 17.976 cap 0.000789503 slew 0.029179 delay 0.0168448 power 5.76236e-05
I0212 13:22:53.996187 836563 lm_feature_timing.cpp:80] node dpath/a_lt_b/n4:735191 resistance 10.7 cap 0.000661477 slew 0.021374 delay 0.00825553 power 5.35797e-06
I0212 13:22:53.999980 836572 lm_feature_timing.cpp:80] node ctrl/n4:1131405 resistance 14.552 cap 0.000826112 slew 0.029179 delay 0.0141416 power 6.02956e-05
I0212 13:22:53.996191 836564 lm_feature_timing.cpp:80] node dpath/a_reg_out[3]:1087985 resistance 27.82 cap 0.00078389 slew 0.042396 delay 0.0529296 power 4.66145e-05
I0212 13:22:53.996294 836528 lm_feature_timing.cpp:80] node dpath/a_reg_out[1]:377209 resistance 44.94 cap 0.00129292 slew 0.0420913 delay 0.183949 power 7.05887e-05
I0212 13:22:53.996316 836531 lm_feature_timing.cpp:80] node dpath/a_lt_b/n32:834755 resistance 7.704 cap 0.000662555 slew 0.020978 delay 0.0113259 power 5.3667e-06
I0212 13:22:54.000021 836563 lm_feature_timing.cpp:80] node dpath/a_lt_b/n4:1087151 resistance 10.7 cap 0.000730974 slew 0.021374 delay 0.00825553 power 5.92089e-06
I0212 13:22:53.996289 836512 lm_feature_timing.cpp:80] node dpath/CTS_1:469620 resistance 68.052 cap 0.000418247 slew 0.000816304 delay 0.630229 power 0.000135512
I0212 13:22:54.000068 836528 lm_feature_timing.cpp:80] node dpath/a_reg_out[1]:377193 resistance 38.092 cap 0.00136242 slew 0.0420913 delay 0.175095 power 7.4383e-05
I0212 13:22:54.000078 836531 lm_feature_timing.cpp:80] node dpath/a_lt_b/U2:ZN resistance 0 cap 0.00164057 slew 0.020978 delay 0 power 1.32886e-05
I0212 13:22:53.994014 836549 lm_feature_timing.cpp:80] node dpath/a_reg_out[15]:820475 resistance 2.568 cap 0.00344711 slew 0.027745 delay 0.00892508 power 0.000241228
I0212 13:22:53.914011 836544 lm_feature_timing.cpp:80] node dpath/b_mux_out[14]:816313 resistance 1.284 cap 0.000875695 slew 0.01702 delay 0.001145 power 6.01862e-05
I0212 13:22:53.994143 836515 lm_feature_timing.cpp:80] node dpath/a_reg/n5:729275 resistance 0.856 cap 0.00108746 slew 0.018395 delay 0.000941092 power 6.46668e-05
I0212 13:22:54.000144 836512 lm_feature_timing.cpp:80] node dpath/CTS_1:821580 resistance 68.052 cap 0.000426078 slew 0.000816304 delay 0.630229 power 0.000138049
I0212 13:22:54.000167 836549 lm_feature_timing.cpp:80] node dpath/a_reg_out[15]:828017 resistance 10.272 cap 0.00145341 slew 0.027745 delay 0.0201222 power 0.000101709
I0212 13:22:53.996516 836584 lm_feature_timing.cpp:80] node dpath/b_mux_out[6]:417596 resistance 14.552 cap 0.000582435 slew 0.016905 delay 0.0105581 power 3.00498e-05
I0212 13:22:53.996520 836530 lm_feature_timing.cpp:80] node dpath/b_mux_out[12]:816377 resistance 1.284 cap 0.000721038 slew 0.01617 delay 0.000946425 power 3.60825e-05
I0212 13:22:54.000211 836515 lm_feature_timing.cpp:80] node dpath/a_reg/n5:377313 resistance 0 cap 0.00111135 slew 0.018395 delay 0 power 6.60871e-05
I0212 13:22:53.996506 836568 lm_feature_timing.cpp:80] node ctrl/next_state__0[1]:1130515 resistance 17.12 cap 0.000749426 slew 0.030897 delay 0.0129773 power 3.81591e-05
I0212 13:22:54.000240 836512 lm_feature_timing.cpp:80] node dpath/CTS_1:821579 resistance 67.624 cap 0.00761626 slew 0.000816304 delay 0.630047 power 0.00246767
I0212 13:22:53.996565 836580 lm_feature_timing.cpp:80] node dpath/a_reg_out[0]:724931 resistance 28.248 cap 0.00196766 slew 0.0390441 delay 0.0784118 power 9.0859e-05
I0212 13:22:53.994227 836558 lm_feature_timing.cpp:80] node dpath/a_lt_b/n16:774633 resistance 5.136 cap 0.000701032 slew 0.024183 delay 0.0036005 power 1.13567e-05
I0212 13:22:53.914155 836587 lm_feature_timing.cpp:80] node dpath/a_mux_out[15]:796985 resistance 0.428 cap 0.00100881 slew 0.016859 delay 0.000435124 power 0.000115962
I0212 13:22:54.000375 836512 lm_feature_timing.cpp:80] node dpath/CTS_1:821580 resistance 68.052 cap 0.000426078 slew 0.000816304 delay 0.630229 power 0.000138049
I0212 13:22:53.994333 836494 lm_feature_timing.cpp:125] build net dpath/b_reg/n12 feature 
I0212 13:22:53.996635 836539 lm_feature_timing.cpp:80] node dpath/b_reg/n11:491375 resistance 27.82 cap 0.000726472 slew 0.019352 delay 0.027783 power 3.84688e-05
I0212 13:22:54.000443 836587 lm_feature_timing.cpp:80] node dpath/a_mux_out[15]:445024 resistance 0 cap 0.00102448 slew 0.016859 delay 0 power 0.000117763
I0212 13:22:53.996659 836607 lm_feature_timing.cpp:80] node dpath/b_reg/U3:A2 resistance 18.404 cap 0.000574604 slew 0.017135 delay 0.0138969 power 3.06796e-05
I0212 13:22:53.994347 836608 lm_feature_timing.cpp:80] node dpath/a_mux/n5:381333 resistance 5.564 cap 0.000713231 slew 0.035087 delay 0.00410826 power 4.06741e-05
I0212 13:22:54.000483 836558 lm_feature_timing.cpp:80] node dpath/a_lt_b/n16:770445 resistance 0 cap 0.000754085 slew 0.024183 delay 0 power 1.22162e-05
I0212 13:22:53.996711 836603 lm_feature_timing.cpp:80] node dpath/a_reg/n12:479583 resistance 0 cap 0.00149677 slew 0.020481 delay 0 power 4.84954e-07
I0212 13:22:53.914305 836578 lm_feature_timing.cpp:80] node dpath/b_mux_out[7]:425152 resistance 3.852 cap 0.000615324 slew 0.015518 delay 0.00237023 power 3.24536e-05
I0212 13:22:54.000560 836494 lm_feature_timing.cpp:80] node dpath/b_reg/out_reg_10_:D resistance 41.944 cap 0.000564376 slew 0.019979 delay 0.0412172 power 1.64067e-05
I0212 13:22:53.996719 836487 lm_feature_timing.cpp:80] node ctrl/state_out[1]:789471 resistance 14.98 cap 0.000730425 slew 0.029421 delay 0.0183977 power 5.91644e-06
I0212 13:22:54.000609 836494 lm_feature_timing.cpp:80] node dpath/b_reg/n12:844159 resistance 41.944 cap 0.00058454 slew 0.019979 delay 0.0412172 power 1.69929e-05
I0212 13:22:53.996744 836499 lm_feature_timing.cpp:80] node dpath/a_reg_out[2]:1076145 resistance 38.948 cap 0.00378822 slew 0.0429064 delay 0.191548 power 0.000216343
I0212 13:22:54.000635 836494 lm_feature_timing.cpp:80] node dpath/b_reg/n12:842483 resistance 40.232 cap 0.000604705 slew 0.019979 delay 0.0402165 power 1.75791e-05
I0212 13:22:53.996745 836540 lm_feature_timing.cpp:80] node dpath/a_reg/n3:388903 resistance 8.132 cap 0.00119631 slew 0.019387 delay 0.00972837 power 6.53141e-05
I0212 13:22:54.000659 836494 lm_feature_timing.cpp:80] node dpath/b_reg/n12:844159 resistance 41.944 cap 0.00058454 slew 0.019979 delay 0.0412172 power 1.69929e-05
I0212 13:22:53.994517 836492 lm_feature_timing.cpp:80] node dpath/a_lt_b/U20:A2 resistance 16.692 cap 0.000581854 slew 0.022374 delay 0.0198011 power 4.71302e-06
I0212 13:22:54.000684 836494 lm_feature_timing.cpp:80] node dpath/b_reg/n12:841613 resistance 25.68 cap 0.00114208 slew 0.019979 delay 0.0293287 power 3.32009e-05
I0212 13:22:53.994573 836546 lm_feature_timing.cpp:80] node ctrl_a_reg_en_0_:1441687 resistance 280.34 cap 0.000936863 slew 0.0402399 delay 2.56006 power 7.58859e-06
I0212 13:22:54.000712 836494 lm_feature_timing.cpp:80] node dpath/b_reg/n12:1193573 resistance 25.68 cap 0.000891697 slew 0.019979 delay 0.0293287 power 2.59221e-05
I0212 13:22:54.000701 836540 lm_feature_timing.cpp:80] node dpath/a_reg/n3:740863 resistance 8.132 cap 0.00111448 slew 0.019387 delay 0.00972837 power 6.08464e-05
I0212 13:22:53.994640 836523 lm_feature_timing.cpp:80] node ctrl/n1:431657 resistance 27.82 cap 0.00061761 slew 0.02561 delay 0.024703 power 1.00053e-05
I0212 13:22:53.996881 836503 lm_feature_timing.cpp:137] net dpath/a_reg/n6 resistance 6.848 cap 0.000637593 slew 0.000134484 delay 0.00205777 power 3.19063e-08
I0212 13:22:53.994700 836586 lm_feature_timing.cpp:80] node dpath/b_reg/n13:464469 resistance 0.428 cap 0.00113875 slew 0.018543 delay 0.000487386 power 5.69182e-05
I0212 13:22:53.996925 836538 lm_feature_timing.cpp:80] node dpath/b_reg/U10:A2 resistance 29.532 cap 0.000574604 slew 0.018669 delay 0.0256791 power 3.09661e-05
I0212 13:22:53.996940 836605 lm_feature_timing.cpp:80] node dpath/b_mux_out[3]:766985 resistance 11.556 cap 0.000758429 slew 0.016915 delay 0.0088151 power 3.65073e-05
I0212 13:22:53.994763 836545 lm_feature_timing.cpp:80] node dpath/b_mux/U8:B1 resistance 51.788 cap 0.000659839 slew 0.0449412 delay 0.173325 power 4.38011e-05
I0212 13:22:54.000859 836523 lm_feature_timing.cpp:80] node ctrl/n1:431661 resistance 26.108 cap 0.000637775 slew 0.02561 delay 0.0236457 power 1.03319e-05
I0212 13:22:53.997031 836606 lm_feature_timing.cpp:80] node dpath/a_mux/n1:449223 resistance 1.712 cap 0.00079839 slew 0.035457 delay 0.00140137 power 4.55305e-05
I0212 13:22:54.000923 836545 lm_feature_timing.cpp:80] node dpath/a_reg_out[6]:755319 resistance 51.788 cap 0.000688225 slew 0.0449412 delay 0.173325 power 4.56854e-05
I0212 13:22:53.997043 836520 lm_feature_timing.cpp:80] node dpath/a_mux/n2:797971 resistance 5.136 cap 0.000663898 slew 0.034079 delay 0.00340978 power 3.78607e-05
I0212 13:22:53.997036 836594 lm_feature_timing.cpp:80] node dpath/a_mux_out[4]:1079657 resistance 38.52 cap 0.000930312 slew 0.019269 delay 0.0420507 power 9.16818e-05
I0212 13:22:53.997089 836589 lm_feature_timing.cpp:80] node dpath/a_mux_out[2]:381422 resistance 0 cap 0.0008107 slew 0.015615 delay 0 power 7.23214e-05
I0212 13:22:54.000989 836606 lm_feature_timing.cpp:80] node dpath/a_mux/U1:B resistance 11.556 cap 0.000586961 slew 0.035457 delay 0.00823599 power 3.34732e-05
I0212 13:22:53.997153 836574 lm_feature_timing.cpp:137] net dpath/a_reg/n19 resistance 47.936 cap 0.00103035 slew 0.0170747 delay 0.0187254 power 0
I0212 13:22:53.997176 836517 lm_feature_timing.cpp:80] node dpath/a_lt_b/n6:389033 resistance 10.7 cap 0.000941727 slew 0.01385 delay 0.0100765 power 1.5256e-05
I0212 13:22:53.997213 836551 lm_feature_timing.cpp:80] node dpath/a_lt_b/n34:469369 resistance 2.996 cap 0.00105762 slew 0.019827 delay 0.00316863 power 8.56672e-06
I0212 13:22:53.997195 836511 lm_feature_timing.cpp:80] node dpath/a_mux_out[5]:739425 resistance 30.388 cap 0.000700874 slew 0.017957 delay 0.0281072 power 7.22983e-05
I0212 13:22:53.997270 836597 lm_feature_timing.cpp:80] node dpath/a_mux/n16:786209 resistance 5.564 cap 0.000711428 slew 0.020149 delay 0.00398444 power 4.59969e-05
I0212 13:22:54.001101 836517 lm_feature_timing.cpp:80] node dpath/a_lt_b/n6:740993 resistance 10.7 cap 0.000835231 slew 0.01385 delay 0.0100765 power 1.35307e-05
I0212 13:22:53.912669 836535 lm_feature_timing.cpp:80] node dpath/a_mux_out[1]:378034 resistance 0 cap 0.000975925 slew 0.016524 delay 0 power 8.21555e-05
I0212 13:22:53.995139 836514 lm_feature_timing.cpp:80] node dpath/a_lt_b/n1:381408 resistance 11.556 cap 0.000722338 slew 0.017306 delay 0.00950077 power 5.85094e-06
I0212 13:22:54.001132 836551 lm_feature_timing.cpp:80] node dpath/a_lt_b/n34:469376 resistance 0 cap 0.00109012 slew 0.019827 delay 0 power 8.82995e-06
I0212 13:22:53.995169 836509 lm_feature_timing.cpp:80] node dpath/a_lt_b/n19:460382 resistance 0 cap 0.00106562 slew 0.017501 delay 0 power 1.80576e-05
I0212 13:22:54.001168 836517 lm_feature_timing.cpp:80] node dpath/a_lt_b/n6:736803 resistance 14.98 cap 0.0007904 slew 0.01385 delay 0.0134594 power 1.28045e-05
I0212 13:22:53.997368 836555 lm_feature_timing.cpp:80] node dpath/a_mux_out[8]:1173509 resistance 62.916 cap 0.000758429 slew 0.0212991 delay 0.0763435 power 8.86936e-05
I0212 13:22:53.997383 836575 lm_feature_timing.cpp:80] node dpath/a_lt_b/n7:736769 resistance 21.828 cap 0.00135725 slew 0.021289 delay 0.0343125 power 2.47359e-05
I0212 13:22:54.001221 836551 lm_feature_timing.cpp:80] node dpath/a_lt_b/n34:469369 resistance 2.996 cap 0.00105762 slew 0.019827 delay 0.00316863 power 8.56672e-06
I0212 13:22:54.001266 836509 lm_feature_timing.cpp:80] node dpath/a_lt_b/n19:460373 resistance 3.852 cap 0.0010249 slew 0.017501 delay 0.00394793 power 1.73676e-05
I0212 13:22:53.997397 836519 lm_feature_timing.cpp:80] node dpath/a_reg_out[7]:777943 resistance 62.916 cap 0.000716612 slew 0.0402571 delay 0.140403 power 4.92165e-05
I0212 13:22:53.995206 836576 lm_feature_timing.cpp:137] net dpath/a_reg/n14 resistance 65.912 cap 0.00121236 slew 0.0156894 delay 0.0291577 power 6.21415e-08
I0212 13:22:54.001319 836509 lm_feature_timing.cpp:80] node dpath/a_lt_b/n19:460382 resistance 0 cap 0.00106562 slew 0.017501 delay 0 power 1.80576e-05
I0212 13:22:53.995227 836543 lm_feature_timing.cpp:137] net dpath/a_lt_b/n2 resistance 11.984 cap 0.000709511 slew 0.000286165 delay 0.00388423 power 9.3102e-09
I0212 13:22:53.997416 836524 lm_feature_timing.cpp:80] node dpath/a_mux_out[9]:1529659 resistance 64.628 cap 0.00107009 slew 0.0222031 delay 0.0883242 power 0.000130058
I0212 13:22:54.001345 836551 lm_feature_timing.cpp:80] node dpath/a_lt_b/n34:821329 resistance 2.996 cap 0.00102512 slew 0.019827 delay 0.00316863 power 8.30349e-06
I0212 13:22:53.997444 836571 lm_feature_timing.cpp:80] node dpath/a_reg/n13:1182657 resistance 5.992 cap 0.00113836 slew 0.019329 delay 0.00722643 power 6.98895e-05
I0212 13:22:53.997467 836550 lm_feature_timing.cpp:125] build net dpath/b_reg/n17 feature 
I0212 13:22:53.997460 836526 lm_feature_timing.cpp:80] node dpath/a_mux/FE_OFN3_ctrl_a_mux_sel_1:790411 resistance 13.268 cap 0.0108479 slew 0.0264721 delay 0.156778 power 0.000350682
I0212 13:22:53.997466 836557 lm_feature_timing.cpp:80] node dpath/b_reg/n16:828929 resistance 16.692 cap 0.000716095 slew 0.01706 delay 0.0121685 power 4.39018e-05
