I0115 13:23:48.921669 1977003 LibParserRustC.cc:1293] link liberty file /data/project_share/process_node/dataset_baseline/lib/ts5n28hpcplvta64x8m2f_130a_ssg0p81v125c.lib start.
I0115 13:23:48.921655 1976992 LibParserRustC.cc:660] unkown attri name: technology in /data/project_share/process_node/dataset_baseline/lib/ts5n28hpcplvta512x64m4f_130a_ssg0p81v125c.lib line no 26
I0115 13:23:48.921911 1976992 LibParserRustC.cc:660] unkown attri name: library_features in /data/project_share/process_node/dataset_baseline/lib/ts5n28hpcplvta512x64m4f_130a_ssg0p81v125c.lib line no 51
I0115 13:23:48.922252 1976996 LibParserRustC.cc:660] unkown attri name: library_features in /data/project_share/process_node/dataset_baseline/lib/ts5n28hpcplvta256x32m4fw_130a_ssg0p81v125c.lib line no 51
I0115 13:23:48.922986 1976989 LibParserRustC.cc:660] unkown attri name: technology in /data/project_share/process_node/dataset_baseline/lib/ts5n28hpcplvta64x128m2fw_130a_ssg0p81v125c.lib line no 26
I0115 13:23:48.923168 1976987 LibParserRustC.cc:660] unkown attri name: define_cell_area in /data/project_share/process_node/dataset_baseline/lib/ts5n28hpcplvta64x128m2f_130a_ssg0p81v125c.lib line no 53
I0115 13:23:48.924068 1977001 LibParserRustC.cc:1299] link liberty file /data/project_share/process_node/dataset_baseline/lib/ts5n28hpcplvta128x32m2f_130a_ssg0p81v125c.lib success.
I0115 13:23:48.924266 1977001 LibParserRustC.cc:1293] link liberty file /data/project_share/process_node/dataset_baseline/lib/ts5n28hpcplvta32x128m2f_130a_ssg0p81v125c.lib start.
I0115 13:23:48.924352 1976993 LibParserRustC.cc:660] unkown attri name: voltage_map in /data/project_share/process_node/dataset_baseline/lib/ts5n28hpcplvta32x32m2f_130a_ssg0p81v125c.lib line no 33
I0115 13:23:48.924664 1976984 LibParserRustC.cc:660] unkown attri name: library_features in /data/project_share/process_node/dataset_baseline/lib/tcbn28hpcplusbwp30p140oppulvtssg0p81v125c_ccs.lib line no 69
I0115 13:23:48.925346 1977003 LibParserRustC.cc:660] unkown attri name: voltage_map in /data/project_share/process_node/dataset_baseline/lib/ts5n28hpcplvta64x8m2f_130a_ssg0p81v125c.lib line no 33
I0115 13:23:48.925372 1976991 LibParserRustC.cc:1299] link liberty file /data/project_share/process_node/dataset_baseline/lib/ts5n28hpcplvta512x64m4fw_130a_ssg0p81v125c.lib success.
I0115 13:23:48.925472 1976992 LibParserRustC.cc:1299] link liberty file /data/project_share/process_node/dataset_baseline/lib/ts5n28hpcplvta512x64m4f_130a_ssg0p81v125c.lib success.
I0115 13:23:48.926389 1976999 LibParserRustC.cc:1299] link liberty file /data/project_share/process_node/dataset_baseline/lib/ts5n28hpcplvta128x80m2f_130a_ssg0p81v125c.lib success.
I0115 13:23:48.926647 1977000 LibParserRustC.cc:1299] link liberty file /data/project_share/process_node/dataset_baseline/lib/ts5n28hpcplvta128x8m2f_130a_ssg0p81v125c.lib success.
I0115 13:23:48.926656 1976990 LibParserRustC.cc:660] unkown attri name: define_cell_area in /data/project_share/process_node/dataset_baseline/lib/ts5n28hpcplvta128x64m2f_130a_ssg0p81v125c.lib line no 53
I0115 13:23:48.927107 1976989 LibParserRustC.cc:1299] link liberty file /data/project_share/process_node/dataset_baseline/lib/ts5n28hpcplvta64x128m2fw_130a_ssg0p81v125c.lib success.
I0115 13:23:48.927201 1976987 LibParserRustC.cc:1299] link liberty file /data/project_share/process_node/dataset_baseline/lib/ts5n28hpcplvta64x128m2f_130a_ssg0p81v125c.lib success.
I0115 13:23:48.929059 1977014 LibParserRustC.cc:660] unkown attri name: voltage_map in /data/project_share/process_node/dataset_baseline/lib/tcbn28hpcplusbwp35p140opplvtssg0p81v125c_ccs.lib line no 53
I0115 13:23:48.929189 1976996 LibParserRustC.cc:1299] link liberty file /data/project_share/process_node/dataset_baseline/lib/ts5n28hpcplvta256x32m4fw_130a_ssg0p81v125c.lib success.
I0115 13:23:48.930756 1977002 LibParserRustC.cc:1299] link liberty file /data/project_share/process_node/dataset_baseline/lib/ts5n28hpcplvta64x32m2f_130a_ssg0p81v125c.lib success.
I0115 13:23:48.932586 1976997 LibParserRustC.cc:1293] link liberty file /data/project_share/process_node/dataset_baseline/lib/ts5n28hpcplvta256x16m2f_130a_ssg0p81v125c.lib start.
I0115 13:23:48.932593 1976995 LibParserRustC.cc:1293] link liberty file /data/project_share/process_node/dataset_baseline/lib/ts6n28hpcplvta512x2m8f_130a_ssg0p81v125c.lib start.
I0115 13:23:48.933116 1977004 LibParserRustC.cc:1293] link liberty file /data/project_share/process_node/dataset_baseline/lib/ts5n28hpcplvta64x80m2f_130a_ssg0p81v125c.lib start.
I0115 13:23:48.936024 1976990 LibParserRustC.cc:1299] link liberty file /data/project_share/process_node/dataset_baseline/lib/ts5n28hpcplvta128x64m2f_130a_ssg0p81v125c.lib success.
I0115 13:23:48.936509 1976997 LibParserRustC.cc:660] unkown attri name: voltage_map in /data/project_share/process_node/dataset_baseline/lib/ts5n28hpcplvta256x16m2f_130a_ssg0p81v125c.lib line no 33
I0115 13:23:48.937023 1976993 LibParserRustC.cc:1299] link liberty file /data/project_share/process_node/dataset_baseline/lib/ts5n28hpcplvta32x32m2f_130a_ssg0p81v125c.lib success.
I0115 13:23:48.937938 1977005 LibParserRustC.cc:1293] link liberty file /data/project_share/process_node/dataset_baseline/lib/ts5n28hpcplvta8x144m2f_130a_ssg0p81v125c.lib start.
I0115 13:23:48.939818 1976998 LibParserRustC.cc:1293] link liberty file /data/project_share/process_node/dataset_baseline/lib/ts6n28hpcplvta16x128m2f_130a_ssg0p81v125c.lib start.
I0115 13:23:48.941174 1977004 LibParserRustC.cc:660] unkown attri name: voltage_map in /data/project_share/process_node/dataset_baseline/lib/ts5n28hpcplvta64x80m2f_130a_ssg0p81v125c.lib line no 33
I0115 13:23:48.941865 1976995 LibParserRustC.cc:1299] link liberty file /data/project_share/process_node/dataset_baseline/lib/ts6n28hpcplvta512x2m8f_130a_ssg0p81v125c.lib success.
I0115 13:23:48.940518 1976997 LibParserRustC.cc:1299] link liberty file /data/project_share/process_node/dataset_baseline/lib/ts5n28hpcplvta256x16m2f_130a_ssg0p81v125c.lib success.
I0115 13:23:48.929086 1977003 LibParserRustC.cc:1299] link liberty file /data/project_share/process_node/dataset_baseline/lib/ts5n28hpcplvta64x8m2f_130a_ssg0p81v125c.lib success.
I0115 13:23:48.942543 1977005 LibParserRustC.cc:660] unkown attri name: define_cell_area in /data/project_share/process_node/dataset_baseline/lib/ts5n28hpcplvta8x144m2f_130a_ssg0p81v125c.lib line no 53
I0115 13:23:48.944322 1977015 LibParserRustC.cc:1293] link liberty file /data/project_share/process_node/dataset_baseline/lib/ts5n28hpcplvta256x144m2fw_130a_ssg0p81v125c.lib start.
I0115 13:23:48.944555 1977010 LibParserRustC.cc:1293] link liberty file /data/project_share/process_node/dataset_baseline/lib/ts5n28hpcplvta1024x32m8fw_130a_ssg0p81v125c.lib start.
I0115 13:23:48.945031 1977007 LibParserRustC.cc:1293] link liberty file /data/project_share/process_node/dataset_baseline/lib/ts5n28hpcplvta128x144m2fw_130a_ssg0p81v125c.lib start.
I0115 13:23:48.946175 1977001 LibParserRustC.cc:1299] link liberty file /data/project_share/process_node/dataset_baseline/lib/ts5n28hpcplvta32x128m2f_130a_ssg0p81v125c.lib success.
I0115 13:23:48.946381 1977001 LibParserRustC.cc:1293] link liberty file /data/project_share/process_node/dataset_baseline/lib/tphn28hpcpgv18ssg0p81v1p62v125c.lib start.
I0115 13:23:48.946928 1977009 LibParserRustC.cc:1293] link liberty file /data/project_share/process_node/dataset_baseline/lib/ts5n28hpcplvta64x64m2f_130a_ssg0p81v125c.lib start.
I0115 13:23:48.948359 1977015 LibParserRustC.cc:660] unkown attri name: voltage_map in /data/project_share/process_node/dataset_baseline/lib/ts5n28hpcplvta256x144m2fw_130a_ssg0p81v125c.lib line no 33
I0115 13:23:48.948966 1977007 LibParserRustC.cc:660] unkown attri name: voltage_map in /data/project_share/process_node/dataset_baseline/lib/ts5n28hpcplvta128x144m2fw_130a_ssg0p81v125c.lib line no 32
I0115 13:23:48.950510 1977001 LibParserRustC.cc:660] unkown attri name: voltage_map in /data/project_share/process_node/dataset_baseline/lib/tphn28hpcpgv18ssg0p81v1p62v125c.lib line no 42
I0115 13:23:48.950971 1976998 LibParserRustC.cc:1299] link liberty file /data/project_share/process_node/dataset_baseline/lib/ts6n28hpcplvta16x128m2f_130a_ssg0p81v125c.lib success.
I0115 13:23:48.944324 1977006 LibParserRustC.cc:1293] link liberty file /data/project_share/process_node/dataset_baseline/lib/ts5n28hpcplvta8x128m2f_130a_ssg0p81v125c.lib start.
I0115 13:23:48.951197 1976998 LibParserRustC.cc:1293] link liberty file /data/project_share/process_node/dataset_baseline/lib/tcbn28hpcplusbwp35p140oppulvtssg0p81v125c_ccs.lib start.
I0115 13:23:48.951519 1977009 LibParserRustC.cc:660] unkown attri name: library_features in /data/project_share/process_node/dataset_baseline/lib/ts5n28hpcplvta64x64m2f_130a_ssg0p81v125c.lib line no 51
I0115 13:23:48.951781 1977004 LibParserRustC.cc:1299] link liberty file /data/project_share/process_node/dataset_baseline/lib/ts5n28hpcplvta64x80m2f_130a_ssg0p81v125c.lib success.
I0115 13:23:48.952092 1977011 LibParserRustC.cc:1293] link liberty file /data/project_share/process_node/dataset_baseline/lib/PLLTS28HPMLAINT_SS_0P81_125C.lib start.
I0115 13:23:48.952459 1977015 LibParserRustC.cc:1299] link liberty file /data/project_share/process_node/dataset_baseline/lib/ts5n28hpcplvta256x144m2fw_130a_ssg0p81v125c.lib success.
I0115 13:23:48.953639 1977013 LibParserRustC.cc:1293] link liberty file /data/project_share/process_node/dataset_baseline/lib/tcbn28hpcplusbwp40p140oppssg0p81v125c_ccs.lib start.
I0115 13:23:48.955150 1976998 LibParserRustC.cc:660] unkown attri name: define_cell_area in /data/project_share/process_node/dataset_baseline/lib/tcbn28hpcplusbwp35p140oppulvtssg0p81v125c_ccs.lib line no 67
I0115 13:23:48.955878 1977011 LibParserRustC.cc:660] unkown attri name: voltage_map in /data/project_share/process_node/dataset_baseline/lib/PLLTS28HPMLAINT_SS_0P81_125C.lib line no 33
I0115 13:23:48.956547 1977005 LibParserRustC.cc:1299] link liberty file /data/project_share/process_node/dataset_baseline/lib/ts5n28hpcplvta8x144m2f_130a_ssg0p81v125c.lib success.
I0115 13:23:48.957860 1977009 LibParserRustC.cc:1299] link liberty file /data/project_share/process_node/dataset_baseline/lib/ts5n28hpcplvta64x64m2f_130a_ssg0p81v125c.lib success.
I0115 13:23:48.958997 1977006 LibParserRustC.cc:1299] link liberty file /data/project_share/process_node/dataset_baseline/lib/ts5n28hpcplvta8x128m2f_130a_ssg0p81v125c.lib success.
I0115 13:23:48.960635 1977011 LibParserRustC.cc:1299] link liberty file /data/project_share/process_node/dataset_baseline/lib/PLLTS28HPMLAINT_SS_0P81_125C.lib success.
I0115 13:23:48.960844 1977008 LibParserRustC.cc:1293] link liberty file /data/project_share/process_node/dataset_baseline/lib/tcbn28hpcplusbwp35p140oppssg0p81v125c_ccs.lib start.
I0115 13:23:48.960999 1977007 LibParserRustC.cc:1299] link liberty file /data/project_share/process_node/dataset_baseline/lib/ts5n28hpcplvta128x144m2fw_130a_ssg0p81v125c.lib success.
I0115 13:23:48.962286 1976992 LibParserRustC.cc:1293] link liberty file /data/project_share/process_node/dataset_baseline/lib/tcbn28hpcplusbwp30p140opplvtssg0p81v125c_ccs.lib start.
I0115 13:23:48.962345 1976991 LibParserRustC.cc:1293] link liberty file /data/project_share/process_node/dataset_baseline/lib/tcbn28hpcplusbwp40p140opphvtssg0p81v125c_ccs.lib start.
I0115 13:23:48.964566 1977010 LibParserRustC.cc:1299] link liberty file /data/project_share/process_node/dataset_baseline/lib/ts5n28hpcplvta1024x32m8fw_130a_ssg0p81v125c.lib success.
I0115 13:23:48.965864 1977008 LibParserRustC.cc:660] unkown attri name: voltage_map in /data/project_share/process_node/dataset_baseline/lib/tcbn28hpcplusbwp35p140oppssg0p81v125c_ccs.lib line no 54
I0115 13:23:48.965994 1976993 LibParserRustC.cc:1293] link liberty file /data/project_share/process_node/dataset_baseline/lib/tcbn28hpcplusbwp30p140mblvtssg0p81v125c_ccs.lib start.
I0115 13:23:48.965921 1976989 LibParserRustC.cc:1293] link liberty file /data/project_share/process_node/dataset_baseline/lib/tcbn28hpcplusbwp40p140opplvtssg0p81v125c_ccs.lib start.
I0115 13:23:48.966061 1976995 LibParserRustC.cc:1293] link liberty file /data/project_share/process_node/dataset_baseline/lib/tcbn28hpcplusbwp30p140mbssg0p81v125c_ccs.lib start.
I0115 13:23:48.965873 1976999 LibParserRustC.cc:1293] link liberty file /data/project_share/process_node/dataset_baseline/lib/tcbn28hpcplusbwp35p140opphvtssg0p81v125c_ccs.lib start.
I0115 13:23:48.966172 1977002 LibParserRustC.cc:1293] link liberty file /data/project_share/process_node/dataset_baseline/lib/tcbn28hpcplusbwp40p140mbssg0p81v125c_ccs.lib start.
I0115 13:23:48.965914 1977000 LibParserRustC.cc:1293] link liberty file /data/project_share/process_node/dataset_baseline/lib/tcbn28hpcplusbwp30p140oppuhvtssg0p81v125c_ccs.lib start.
I0115 13:23:48.966096 1976997 LibParserRustC.cc:1293] link liberty file /data/project_share/process_node/dataset_baseline/lib/tcbn28hpcplusbwp35p140mbssg0p81v125c_ccs.lib start.
I0115 13:23:48.966203 1976996 LibParserRustC.cc:1293] link liberty file /data/project_share/process_node/dataset_baseline/lib/tcbn28hpcplusbwp30p140opphvtssg0p81v125c_ccs.lib start.
I0115 13:23:48.967011 1976994 LibParserRustC.cc:1293] link liberty file /data/project_share/process_node/dataset_baseline/lib/tcbn28hpcplusbwp35p140oppuhvtssg0p81v125c_ccs.lib start.
I0115 13:23:48.968245 1977012 LibParserRustC.cc:1293] link liberty file /data/project_share/process_node/dataset_baseline/lib/tcbn28hpcplusbwp35p140hvtssg0p81v125c_ccs.lib start.
I0115 13:23:48.966579 1977009 LibParserRustC.cc:1293] link liberty file /data/project_share/process_node/dataset_baseline/lib/tcbn28hpcplusbwp30p140ssg0p81v125c_ccs.lib start.
I0115 13:23:48.967056 1976991 LibParserRustC.cc:660] unkown attri name: technology in /data/project_share/process_node/dataset_baseline/lib/tcbn28hpcplusbwp40p140opphvtssg0p81v125c_ccs.lib line no 44
I0115 13:23:48.969686 1976999 LibParserRustC.cc:660] unkown attri name: voltage_map in /data/project_share/process_node/dataset_baseline/lib/tcbn28hpcplusbwp35p140opphvtssg0p81v125c_ccs.lib line no 53
I0115 13:23:48.968429 1977005 LibParserRustC.cc:1293] link liberty file /data/project_share/process_node/dataset_baseline/lib/tcbn28hpcplusbwp30p140hvtssg0p81v125c_ccs.lib start.
I0115 13:23:48.969769 1976989 LibParserRustC.cc:660] unkown attri name: voltage_map in /data/project_share/process_node/dataset_baseline/lib/tcbn28hpcplusbwp40p140opplvtssg0p81v125c_ccs.lib line no 54
I0115 13:23:48.970166 1977000 LibParserRustC.cc:660] unkown attri name: technology in /data/project_share/process_node/dataset_baseline/lib/tcbn28hpcplusbwp30p140oppuhvtssg0p81v125c_ccs.lib line no 44
I0115 13:23:48.970568 1976997 LibParserRustC.cc:660] unkown attri name: define_cell_area in /data/project_share/process_node/dataset_baseline/lib/tcbn28hpcplusbwp35p140mbssg0p81v125c_ccs.lib line no 68
I0115 13:23:48.966341 1977015 LibParserRustC.cc:1293] link liberty file /data/project_share/process_node/dataset_baseline/lib/tcbn28hpcplusbwp35p140mbhvtssg0p81v125c_ccs.lib start.
I0115 13:23:48.971161 1977007 LibParserRustC.cc:1293] link liberty file /data/project_share/process_node/dataset_baseline/lib/tcbn28hpcplusbwp40p140hvtssg0p81v125c_ccs.lib start.
I0115 13:23:48.972359 1977009 LibParserRustC.cc:660] unkown attri name: voltage_map in /data/project_share/process_node/dataset_baseline/lib/tcbn28hpcplusbwp30p140ssg0p81v125c_ccs.lib line no 54
I0115 13:23:48.974644 1977007 LibParserRustC.cc:660] unkown attri name: define_cell_area in /data/project_share/process_node/dataset_baseline/lib/tcbn28hpcplusbwp40p140hvtssg0p81v125c_ccs.lib line no 67
I0115 13:23:48.966017 1976987 LibParserRustC.cc:1293] link liberty file /data/project_share/process_node/dataset_baseline/lib/tcbn28hpcplusbwp40p140mbhvtssg0p81v125c_ccs.lib start.
I0115 13:23:48.975170 1977006 LibParserRustC.cc:1293] link liberty file /data/project_share/process_node/dataset_baseline/lib/tcbn28hpcplusbwp40p140ssg0p81v125c_ccs.lib start.
I0115 13:23:48.975508 1977005 LibParserRustC.cc:660] unkown attri name: voltage_map in /data/project_share/process_node/dataset_baseline/lib/tcbn28hpcplusbwp30p140hvtssg0p81v125c_ccs.lib line no 54
I0115 13:23:48.975971 1977002 LibParserRustC.cc:660] unkown attri name: define_cell_area in /data/project_share/process_node/dataset_baseline/lib/tcbn28hpcplusbwp40p140mbssg0p81v125c_ccs.lib line no 67
I0115 13:23:48.977275 1977011 LibParserRustC.cc:1293] link liberty file /data/project_share/process_node/dataset_baseline/lib/tcbn28hpcplusbwp30p140uhvtssg0p81v125c_ccs.lib start.
I0115 13:23:48.978937 1977006 LibParserRustC.cc:660] unkown attri name: voltage_map in /data/project_share/process_node/dataset_baseline/lib/tcbn28hpcplusbwp40p140ssg0p81v125c_ccs.lib line no 54
I0115 13:23:48.966216 1976990 LibParserRustC.cc:1293] link liberty file /data/project_share/process_node/dataset_baseline/lib/tcbn28hpcplusbwp35p140mblvtssg0p81v125c_ccs.lib start.
I0115 13:23:48.979902 1976996 LibParserRustC.cc:660] unkown attri name: voltage_map in /data/project_share/process_node/dataset_baseline/lib/tcbn28hpcplusbwp30p140opphvtssg0p81v125c_ccs.lib line no 54
I0115 13:23:48.985319 1976987 LibParserRustC.cc:660] unkown attri name: define in /data/project_share/process_node/dataset_baseline/lib/tcbn28hpcplusbwp40p140mbhvtssg0p81v125c_ccs.lib line no 220
I0115 13:23:48.987495 1977004 LibParserRustC.cc:1293] link liberty file /data/project_share/process_node/dataset_baseline/lib/tcbn28hpcplusbwp35p140ulvtssg0p81v125c_ccs.lib start.
I0115 13:23:48.989715 1977003 LibParserRustC.cc:1293] link liberty file /data/project_share/process_node/dataset_baseline/lib/tcbn28hpcplusbwp40p140uhvtssg0p81v125c_ccs.lib start.
I0115 13:23:49.004868 1977010 LibParserRustC.cc:1293] link liberty file /data/project_share/process_node/dataset_baseline/lib/tcbn28hpcplusbwp35p140ssg0p81v125c_ccs.lib start.
I0115 13:23:49.010215 1976988 LibParserRustC.cc:1293] link liberty file /data/project_share/process_node/dataset_baseline/lib/tcbn28hpcplusbwp35p140lvtssg0p81v125c_ccs.lib start.
I0115 13:23:49.026285 1977011 LibParserRustC.cc:660] unkown attri name: technology in /data/project_share/process_node/dataset_baseline/lib/tcbn28hpcplusbwp30p140uhvtssg0p81v125c_ccs.lib line no 44
I0115 13:23:49.032660 1976988 LibParserRustC.cc:660] unkown attri name: voltage_map in /data/project_share/process_node/dataset_baseline/lib/tcbn28hpcplusbwp35p140lvtssg0p81v125c_ccs.lib line no 54
I0115 13:23:49.041404 1977010 LibParserRustC.cc:660] unkown attri name: voltage_map in /data/project_share/process_node/dataset_baseline/lib/tcbn28hpcplusbwp35p140ssg0p81v125c_ccs.lib line no 53
I0115 13:23:49.145939 1977001 LibParserRustC.cc:1299] link liberty file /data/project_share/process_node/dataset_baseline/lib/tphn28hpcpgv18ssg0p81v1p62v125c.lib success.
I0115 13:23:49.146528 1977001 LibParserRustC.cc:1293] link liberty file /data/project_share/process_node/dataset_baseline/lib/tcbn28hpcplusbwp40p140lvtssg0p81v125c_ccs.lib start.
I0115 13:23:49.162693 1977001 LibParserRustC.cc:660] unkown attri name: library_features in /data/project_share/process_node/dataset_baseline/lib/tcbn28hpcplusbwp40p140lvtssg0p81v125c_ccs.lib line no 69
I0115 13:23:49.808459 1976998 LibParserRustC.cc:1299] link liberty file /data/project_share/process_node/dataset_baseline/lib/tcbn28hpcplusbwp35p140oppulvtssg0p81v125c_ccs.lib success.
I0115 13:23:49.808908 1976998 LibParserRustC.cc:1293] link liberty file /data/project_share/process_node/dataset_baseline/lib/tcbn28hpcplusbwp35p140uhvtssg0p81v125c_ccs.lib start.
I0115 13:23:49.837114 1976999 LibParserRustC.cc:1299] link liberty file /data/project_share/process_node/dataset_baseline/lib/tcbn28hpcplusbwp35p140opphvtssg0p81v125c_ccs.lib success.
I0115 13:23:49.838040 1976999 LibParserRustC.cc:1293] link liberty file /data/project_share/process_node/dataset_baseline/lib/tcbn28hpcplusbwp30p140ulvtssg0p81v125c_ccs.lib start.
I0115 13:23:49.851109 1976999 LibParserRustC.cc:660] unkown attri name: define_cell_area in /data/project_share/process_node/dataset_baseline/lib/tcbn28hpcplusbwp30p140ulvtssg0p81v125c_ccs.lib line no 67
I0115 13:23:49.853436 1977013 LibParserRustC.cc:1299] link liberty file /data/project_share/process_node/dataset_baseline/lib/tcbn28hpcplusbwp40p140oppssg0p81v125c_ccs.lib success.
I0115 13:23:49.862774 1977013 LibParserRustC.cc:1293] link liberty file /data/project_share/process_node/dataset_baseline/lib/tcbn28hpcplusbwp30p140lvtssg0p81v125c_ccs.lib start.
I0115 13:23:49.883770 1976989 LibParserRustC.cc:1299] link liberty file /data/project_share/process_node/dataset_baseline/lib/tcbn28hpcplusbwp40p140opplvtssg0p81v125c_ccs.lib success.
I0115 13:23:49.897205 1976984 LibParserRustC.cc:1299] link liberty file /data/project_share/process_node/dataset_baseline/lib/tcbn28hpcplusbwp30p140oppulvtssg0p81v125c_ccs.lib success.
I0115 13:23:49.929535 1977008 LibParserRustC.cc:1299] link liberty file /data/project_share/process_node/dataset_baseline/lib/tcbn28hpcplusbwp35p140oppssg0p81v125c_ccs.lib success.
I0115 13:23:50.154516 1976997 LibParserRustC.cc:1299] link liberty file /data/project_share/process_node/dataset_baseline/lib/tcbn28hpcplusbwp35p140mbssg0p81v125c_ccs.lib success.
I0115 13:23:50.384505 1976990 LibParserRustC.cc:1299] link liberty file /data/project_share/process_node/dataset_baseline/lib/tcbn28hpcplusbwp35p140mblvtssg0p81v125c_ccs.lib success.
I0115 13:23:50.425575 1976992 LibParserRustC.cc:1299] link liberty file /data/project_share/process_node/dataset_baseline/lib/tcbn28hpcplusbwp30p140opplvtssg0p81v125c_ccs.lib success.
I0115 13:23:50.668756 1976994 LibParserRustC.cc:1299] link liberty file /data/project_share/process_node/dataset_baseline/lib/tcbn28hpcplusbwp35p140oppuhvtssg0p81v125c_ccs.lib success.
I0115 13:23:51.107303 1976995 LibParserRustC.cc:1299] link liberty file /data/project_share/process_node/dataset_baseline/lib/tcbn28hpcplusbwp30p140mbssg0p81v125c_ccs.lib success.
I0115 13:23:51.200697 1976996 LibParserRustC.cc:1299] link liberty file /data/project_share/process_node/dataset_baseline/lib/tcbn28hpcplusbwp30p140opphvtssg0p81v125c_ccs.lib success.
I0115 13:23:51.302470 1976991 LibParserRustC.cc:1299] link liberty file /data/project_share/process_node/dataset_baseline/lib/tcbn28hpcplusbwp40p140opphvtssg0p81v125c_ccs.lib success.
I0115 13:23:51.314086 1977014 LibParserRustC.cc:1299] link liberty file /data/project_share/process_node/dataset_baseline/lib/tcbn28hpcplusbwp35p140opplvtssg0p81v125c_ccs.lib success.
I0115 13:23:51.429760 1977015 LibParserRustC.cc:1299] link liberty file /data/project_share/process_node/dataset_baseline/lib/tcbn28hpcplusbwp35p140mbhvtssg0p81v125c_ccs.lib success.
I0115 13:23:51.464221 1976985 LibParserRustC.cc:1299] link liberty file /data/project_share/process_node/dataset_baseline/lib/tcbn28hpcplusbwp40p140oppuhvtssg0p81v125c_ccs.lib success.
I0115 13:23:51.547696 1976987 LibParserRustC.cc:1299] link liberty file /data/project_share/process_node/dataset_baseline/lib/tcbn28hpcplusbwp40p140mbhvtssg0p81v125c_ccs.lib success.
I0115 13:23:51.621912 1976993 LibParserRustC.cc:1299] link liberty file /data/project_share/process_node/dataset_baseline/lib/tcbn28hpcplusbwp30p140mblvtssg0p81v125c_ccs.lib success.
I0115 13:23:52.205942 1976986 LibParserRustC.cc:1299] link liberty file /data/project_share/process_node/dataset_baseline/lib/tcbn28hpcplusbwp30p140oppssg0p81v125c_ccs.lib success.
I0115 13:23:52.248546 1977000 LibParserRustC.cc:1299] link liberty file /data/project_share/process_node/dataset_baseline/lib/tcbn28hpcplusbwp30p140oppuhvtssg0p81v125c_ccs.lib success.
I0115 13:23:52.842130 1977002 LibParserRustC.cc:1299] link liberty file /data/project_share/process_node/dataset_baseline/lib/tcbn28hpcplusbwp40p140mbssg0p81v125c_ccs.lib success.
I0115 13:23:55.367811 1976999 LibParserRustC.cc:1299] link liberty file /data/project_share/process_node/dataset_baseline/lib/tcbn28hpcplusbwp30p140ulvtssg0p81v125c_ccs.lib success.
I0115 13:23:55.389297 1976998 LibParserRustC.cc:1299] link liberty file /data/project_share/process_node/dataset_baseline/lib/tcbn28hpcplusbwp35p140uhvtssg0p81v125c_ccs.lib success.
I0115 13:23:55.609731 1977001 LibParserRustC.cc:1299] link liberty file /data/project_share/process_node/dataset_baseline/lib/tcbn28hpcplusbwp40p140lvtssg0p81v125c_ccs.lib success.
I0115 13:23:55.912614 1977010 LibParserRustC.cc:1299] link liberty file /data/project_share/process_node/dataset_baseline/lib/tcbn28hpcplusbwp35p140ssg0p81v125c_ccs.lib success.
I0115 13:23:57.628895 1976988 LibParserRustC.cc:1299] link liberty file /data/project_share/process_node/dataset_baseline/lib/tcbn28hpcplusbwp35p140lvtssg0p81v125c_ccs.lib success.
I0115 13:24:00.053407 1977013 LibParserRustC.cc:1299] link liberty file /data/project_share/process_node/dataset_baseline/lib/tcbn28hpcplusbwp30p140lvtssg0p81v125c_ccs.lib success.
I0115 13:24:02.287873 1977007 LibParserRustC.cc:1299] link liberty file /data/project_share/process_node/dataset_baseline/lib/tcbn28hpcplusbwp40p140hvtssg0p81v125c_ccs.lib success.
I0115 13:24:02.376279 1977011 LibParserRustC.cc:1299] link liberty file /data/project_share/process_node/dataset_baseline/lib/tcbn28hpcplusbwp30p140uhvtssg0p81v125c_ccs.lib success.
I0115 13:24:02.644886 1977009 LibParserRustC.cc:1299] link liberty file /data/project_share/process_node/dataset_baseline/lib/tcbn28hpcplusbwp30p140ssg0p81v125c_ccs.lib success.
I0115 13:24:02.697185 1977012 LibParserRustC.cc:1299] link liberty file /data/project_share/process_node/dataset_baseline/lib/tcbn28hpcplusbwp35p140hvtssg0p81v125c_ccs.lib success.
I0115 13:24:02.782984 1977003 LibParserRustC.cc:1299] link liberty file /data/project_share/process_node/dataset_baseline/lib/tcbn28hpcplusbwp40p140uhvtssg0p81v125c_ccs.lib success.
I0115 13:24:03.087085 1977004 LibParserRustC.cc:1299] link liberty file /data/project_share/process_node/dataset_baseline/lib/tcbn28hpcplusbwp35p140ulvtssg0p81v125c_ccs.lib success.
I0115 13:24:03.293133 1977005 LibParserRustC.cc:1299] link liberty file /data/project_share/process_node/dataset_baseline/lib/tcbn28hpcplusbwp30p140hvtssg0p81v125c_ccs.lib success.
I0115 13:24:03.331615 1977006 LibParserRustC.cc:1299] link liberty file /data/project_share/process_node/dataset_baseline/lib/tcbn28hpcplusbwp40p140ssg0p81v125c_ccs.lib success.
I0115 13:24:03.332010 1910452 TimingIDBAdapter.cc:738] core area width 21um height 21um
I0115 13:24:03.332583 1910452 TimingIDBAdapter.cc:821] build inst num: 1
I0115 13:24:03.385767 1910452 TimingIDBAdapter.cc:896] build net num: 1
I0115 13:24:03.395854 1910452 TimingIDBAdapter.cc:904] build instance num: 297
I0115 13:24:03.395876 1910452 TimingIDBAdapter.cc:905] build port num: 56
I0115 13:24:03.395884 1910452 TimingIDBAdapter.cc:906] build net num: 270
I0115 13:24:03.395905 1910452 Sta.cc:172] read sdc /data2/project_share/dataset_baseline/gcd/syn_netlist/gcd.sdc start 
I0115 13:24:03.405508 1910452 CmdCreateClock.cc:119] create clock core_clock for pin/port: clk
I0115 13:24:03.405555 1910452 Sta.cc:189] read sdc /data2/project_share/dataset_baseline/gcd/syn_netlist/gcd.sdc end 
I0115 13:24:03.405601 1910452 StaBuildGraph.cc:310] build graph start
I0115 13:24:03.443177 1910452 StaBuildGraph.cc:327] build graph end
I0115 13:24:03.445343 1910452 init_sta.cc:567] Net clk has 3 pins
I0115 13:24:03.445705 1910452 init_sta.cc:567] Net req_msg[31] has 2 pins
I0115 13:24:03.446015 1910452 init_sta.cc:567] Net req_msg[30] has 2 pins
I0115 13:24:03.446292 1910452 init_sta.cc:567] Net req_msg[29] has 2 pins
I0115 13:24:03.446547 1910452 init_sta.cc:567] Net req_msg[28] has 2 pins
I0115 13:24:03.446875 1910452 init_sta.cc:567] Net req_msg[27] has 2 pins
I0115 13:24:03.447183 1910452 init_sta.cc:567] Net req_msg[26] has 2 pins
I0115 13:24:03.447397 1910452 init_sta.cc:567] Net req_msg[25] has 2 pins
I0115 13:24:03.447686 1910452 init_sta.cc:567] Net req_msg[24] has 2 pins
I0115 13:24:03.448087 1910452 init_sta.cc:567] Net req_msg[23] has 2 pins
I0115 13:24:03.448437 1910452 init_sta.cc:567] Net req_msg[22] has 2 pins
I0115 13:24:03.448729 1910452 init_sta.cc:567] Net req_msg[21] has 2 pins
I0115 13:24:03.448935 1910452 init_sta.cc:567] Net req_msg[20] has 2 pins
I0115 13:24:03.449123 1910452 init_sta.cc:567] Net req_msg[19] has 2 pins
I0115 13:24:03.449354 1910452 init_sta.cc:567] Net req_msg[18] has 2 pins
I0115 13:24:03.449560 1910452 init_sta.cc:567] Net req_msg[17] has 2 pins
I0115 13:24:03.449733 1910452 init_sta.cc:567] Net req_msg[16] has 2 pins
I0115 13:24:03.449967 1910452 init_sta.cc:567] Net req_msg[15] has 2 pins
I0115 13:24:03.450263 1910452 init_sta.cc:567] Net req_msg[14] has 2 pins
I0115 13:24:03.450527 1910452 init_sta.cc:567] Net req_msg[13] has 2 pins
I0115 13:24:03.450847 1910452 init_sta.cc:567] Net req_msg[12] has 2 pins
I0115 13:24:03.451138 1910452 init_sta.cc:567] Net req_msg[11] has 2 pins
I0115 13:24:03.451440 1910452 init_sta.cc:567] Net req_msg[10] has 2 pins
I0115 13:24:03.451795 1910452 init_sta.cc:567] Net req_msg[9] has 2 pins
I0115 13:24:03.452193 1910452 init_sta.cc:567] Net req_msg[8] has 2 pins
I0115 13:24:03.452438 1910452 init_sta.cc:567] Net req_msg[7] has 2 pins
I0115 13:24:03.452665 1910452 init_sta.cc:567] Net req_msg[6] has 2 pins
I0115 13:24:03.452958 1910452 init_sta.cc:567] Net req_msg[5] has 2 pins
I0115 13:24:03.453264 1910452 init_sta.cc:567] Net req_msg[4] has 2 pins
I0115 13:24:03.453529 1910452 init_sta.cc:567] Net req_msg[3] has 2 pins
I0115 13:24:03.453759 1910452 init_sta.cc:567] Net req_msg[2] has 2 pins
I0115 13:24:03.454073 1910452 init_sta.cc:567] Net req_msg[1] has 2 pins
I0115 13:24:03.454306 1910452 init_sta.cc:567] Net req_msg[0] has 2 pins
I0115 13:24:03.454522 1910452 init_sta.cc:567] Net req_rdy has 2 pins
I0115 13:24:03.454787 1910452 init_sta.cc:567] Net req_val has 2 pins
I0115 13:24:03.454995 1910452 init_sta.cc:567] Net reset has 2 pins
I0115 13:24:03.455286 1910452 init_sta.cc:567] Net resp_msg[15] has 3 pins
I0115 13:24:03.455552 1910452 init_sta.cc:567] Net resp_msg[14] has 3 pins
I0115 13:24:03.455916 1910452 init_sta.cc:567] Net resp_msg[13] has 3 pins
I0115 13:24:03.456264 1910452 init_sta.cc:567] Net resp_msg[12] has 3 pins
I0115 13:24:03.456635 1910452 init_sta.cc:567] Net resp_msg[11] has 3 pins
I0115 13:24:03.457018 1910452 init_sta.cc:567] Net resp_msg[10] has 3 pins
I0115 13:24:03.457413 1910452 init_sta.cc:567] Net resp_msg[9] has 3 pins
I0115 13:24:03.457778 1910452 init_sta.cc:567] Net resp_msg[8] has 3 pins
I0115 13:24:03.458238 1910452 init_sta.cc:567] Net resp_msg[7] has 3 pins
I0115 13:24:03.458606 1910452 init_sta.cc:567] Net resp_msg[6] has 3 pins
I0115 13:24:03.458957 1910452 init_sta.cc:567] Net resp_msg[5] has 3 pins
I0115 13:24:03.459306 1910452 init_sta.cc:567] Net resp_msg[4] has 3 pins
I0115 13:24:03.459640 1910452 init_sta.cc:567] Net resp_msg[3] has 3 pins
I0115 13:24:03.459933 1910452 init_sta.cc:567] Net resp_msg[2] has 3 pins
I0115 13:24:03.460338 1910452 init_sta.cc:567] Net resp_msg[1] has 3 pins
I0115 13:24:03.460654 1910452 init_sta.cc:567] Net resp_msg[0] has 6 pins
I0115 13:24:03.460901 1910452 init_sta.cc:567] Net resp_rdy has 2 pins
I0115 13:24:03.461097 1910452 init_sta.cc:567] Net resp_val has 2 pins
I0115 13:24:03.462457 1910452 init_sta.cc:567] Net CTS_1 has 17 pins
I0115 13:24:03.463867 1910452 init_sta.cc:567] Net ctrl_b_mux_sel_0_ has 22 pins
I0115 13:24:03.464247 1910452 init_sta.cc:567] Net ctrl_b_reg_en_0_ has 2 pins
I0115 13:24:03.465935 1910452 init_sta.cc:567] Net ctrl_a_reg_en_0_ has 24 pins
I0115 13:24:03.466614 1910452 init_sta.cc:567] Net dpath_is_b_zero_0_ has 3 pins
I0115 13:24:03.466867 1910452 init_sta.cc:567] Net dpath_is_a_lt_b_0_ has 3 pins
I0115 13:24:03.467036 1910452 init_sta.cc:567] Net ctrl_a_mux_sel[1] has 2 pins
I0115 13:24:03.467372 1910452 init_sta.cc:567] Net ctrl_a_mux_sel[0] has 5 pins
I0115 13:24:03.467561 1910452 init_sta.cc:567] Net ctrl/FE_OFN1_ctrl_b_mux_sel_0 has 2 pins
I0115 13:24:03.467825 1910452 init_sta.cc:567] Net ctrl/n1 has 2 pins
I0115 13:24:03.468065 1910452 init_sta.cc:567] Net ctrl/n2 has 3 pins
I0115 13:24:03.468273 1910452 init_sta.cc:567] Net ctrl/n3 has 3 pins
I0115 13:24:03.468505 1910452 init_sta.cc:567] Net ctrl/n4 has 2 pins
I0115 13:24:03.468681 1910452 init_sta.cc:567] Net ctrl/n5 has 2 pins
I0115 13:24:03.468990 1910452 init_sta.cc:567] Net ctrl/state_out[1] has 4 pins
I0115 13:24:03.469540 1910452 init_sta.cc:567] Net ctrl/state_out[0] has 12 pins
I0115 13:24:03.469810 1910452 init_sta.cc:567] Net ctrl/next_state__0[1] has 2 pins
I0115 13:24:03.470005 1910452 init_sta.cc:567] Net ctrl/next_state__0[0] has 2 pins
I0115 13:24:03.470192 1910452 init_sta.cc:567] Net ctrl/state/n1 has 3 pins
I0115 13:24:03.471436 1910452 init_sta.cc:567] Net dpath/CTS_1 has 19 pins
I0115 13:24:03.472095 1910452 init_sta.cc:567] Net dpath/a_reg_out[15] has 5 pins
I0115 13:24:03.472605 1910452 init_sta.cc:567] Net dpath/a_reg_out[14] has 12 pins
I0115 13:24:03.473003 1910452 init_sta.cc:567] Net dpath/a_reg_out[13] has 5 pins
I0115 13:24:03.473465 1910452 init_sta.cc:567] Net dpath/a_reg_out[12] has 6 pins
I0115 13:24:03.473865 1910452 init_sta.cc:567] Net dpath/a_reg_out[11] has 8 pins
I0115 13:24:03.474268 1910452 init_sta.cc:567] Net dpath/a_reg_out[10] has 5 pins
I0115 13:24:03.474757 1910452 init_sta.cc:567] Net dpath/a_reg_out[9] has 9 pins
I0115 13:24:03.475344 1910452 init_sta.cc:567] Net dpath/a_reg_out[8] has 9 pins
I0115 13:24:03.475930 1910452 init_sta.cc:567] Net dpath/a_reg_out[7] has 11 pins
I0115 13:24:03.476387 1910452 init_sta.cc:567] Net dpath/a_reg_out[6] has 8 pins
I0115 13:24:03.476863 1910452 init_sta.cc:567] Net dpath/a_reg_out[5] has 8 pins
I0115 13:24:03.477401 1910452 init_sta.cc:567] Net dpath/a_reg_out[4] has 6 pins
I0115 13:24:03.477895 1910452 init_sta.cc:567] Net dpath/a_reg_out[3] has 6 pins
I0115 13:24:03.478440 1910452 init_sta.cc:567] Net dpath/a_reg_out[2] has 9 pins
I0115 13:24:03.478855 1910452 init_sta.cc:567] Net dpath/a_reg_out[1] has 6 pins
I0115 13:24:03.479301 1910452 init_sta.cc:567] Net dpath/a_reg_out[0] has 6 pins
I0115 13:24:03.479530 1910452 init_sta.cc:567] Net dpath/a_mux_out[15] has 2 pins
I0115 13:24:03.479702 1910452 init_sta.cc:567] Net dpath/a_mux_out[14] has 2 pins
I0115 13:24:03.479872 1910452 init_sta.cc:567] Net dpath/a_mux_out[13] has 2 pins
I0115 13:24:03.480075 1910452 init_sta.cc:567] Net dpath/a_mux_out[12] has 2 pins
I0115 13:24:03.480254 1910452 init_sta.cc:567] Net dpath/a_mux_out[11] has 2 pins
I0115 13:24:03.480468 1910452 init_sta.cc:567] Net dpath/a_mux_out[10] has 2 pins
I0115 13:24:03.480733 1910452 init_sta.cc:567] Net dpath/a_mux_out[9] has 2 pins
I0115 13:24:03.481014 1910452 init_sta.cc:567] Net dpath/a_mux_out[8] has 2 pins
I0115 13:24:03.481279 1910452 init_sta.cc:567] Net dpath/a_mux_out[7] has 2 pins
I0115 13:24:03.481498 1910452 init_sta.cc:567] Net dpath/a_mux_out[6] has 2 pins
I0115 13:24:03.481722 1910452 init_sta.cc:567] Net dpath/a_mux_out[5] has 2 pins
I0115 13:24:03.481988 1910452 init_sta.cc:567] Net dpath/a_mux_out[4] has 2 pins
I0115 13:24:03.482141 1910452 init_sta.cc:567] Net dpath/a_mux_out[3] has 2 pins
I0115 13:24:03.482316 1910452 init_sta.cc:567] Net dpath/a_mux_out[2] has 2 pins
I0115 13:24:03.482492 1910452 init_sta.cc:567] Net dpath/a_mux_out[1] has 2 pins
I0115 13:24:03.482717 1910452 init_sta.cc:567] Net dpath/a_mux_out[0] has 2 pins
I0115 13:24:03.482869 1910452 init_sta.cc:567] Net dpath/b_mux_out[15] has 2 pins
I0115 13:24:03.483109 1910452 init_sta.cc:567] Net dpath/b_mux_out[14] has 2 pins
I0115 13:24:03.483314 1910452 init_sta.cc:567] Net dpath/b_mux_out[13] has 2 pins
I0115 13:24:03.483520 1910452 init_sta.cc:567] Net dpath/b_mux_out[12] has 2 pins
I0115 13:24:03.483652 1910452 init_sta.cc:567] Net dpath/b_mux_out[11] has 2 pins
I0115 13:24:03.483777 1910452 init_sta.cc:567] Net dpath/b_mux_out[10] has 2 pins
I0115 13:24:03.483937 1910452 init_sta.cc:567] Net dpath/b_mux_out[9] has 2 pins
I0115 13:24:03.484115 1910452 init_sta.cc:567] Net dpath/b_mux_out[8] has 2 pins
I0115 13:24:03.484241 1910452 init_sta.cc:567] Net dpath/b_mux_out[7] has 2 pins
I0115 13:24:03.484397 1910452 init_sta.cc:567] Net dpath/b_mux_out[6] has 2 pins
I0115 13:24:03.484566 1910452 init_sta.cc:567] Net dpath/b_mux_out[5] has 2 pins
I0115 13:24:03.484725 1910452 init_sta.cc:567] Net dpath/b_mux_out[4] has 2 pins
I0115 13:24:03.484897 1910452 init_sta.cc:567] Net dpath/b_mux_out[3] has 2 pins
I0115 13:24:03.485101 1910452 init_sta.cc:567] Net dpath/b_mux_out[2] has 2 pins
I0115 13:24:03.485276 1910452 init_sta.cc:567] Net dpath/b_mux_out[1] has 2 pins
I0115 13:24:03.485441 1910452 init_sta.cc:567] Net dpath/b_mux_out[0] has 2 pins
I0115 13:24:03.485987 1910452 init_sta.cc:567] Net dpath/b_reg_out[15] has 7 pins
I0115 13:24:03.486514 1910452 init_sta.cc:567] Net dpath/b_reg_out[14] has 6 pins
I0115 13:24:03.487169 1910452 init_sta.cc:567] Net dpath/b_reg_out[13] has 7 pins
I0115 13:24:03.487628 1910452 init_sta.cc:567] Net dpath/b_reg_out[12] has 6 pins
I0115 13:24:03.488094 1910452 init_sta.cc:567] Net dpath/b_reg_out[11] has 7 pins
I0115 13:24:03.488600 1910452 init_sta.cc:567] Net dpath/b_reg_out[10] has 7 pins
I0115 13:24:03.489171 1910452 init_sta.cc:567] Net dpath/b_reg_out[9] has 6 pins
I0115 13:24:03.489689 1910452 init_sta.cc:567] Net dpath/b_reg_out[8] has 6 pins
I0115 13:24:03.490258 1910452 init_sta.cc:567] Net dpath/b_reg_out[7] has 12 pins
I0115 13:24:03.490777 1910452 init_sta.cc:567] Net dpath/b_reg_out[6] has 6 pins
I0115 13:24:03.491405 1910452 init_sta.cc:567] Net dpath/b_reg_out[5] has 10 pins
I0115 13:24:03.491935 1910452 init_sta.cc:567] Net dpath/b_reg_out[4] has 6 pins
I0115 13:24:03.492508 1910452 init_sta.cc:567] Net dpath/b_reg_out[3] has 6 pins
I0115 13:24:03.493031 1910452 init_sta.cc:567] Net dpath/b_reg_out[2] has 9 pins
I0115 13:24:03.493606 1910452 init_sta.cc:567] Net dpath/b_reg_out[1] has 6 pins
I0115 13:24:03.494308 1910452 init_sta.cc:567] Net dpath/b_reg_out[0] has 6 pins
I0115 13:24:03.494580 1910452 init_sta.cc:567] Net dpath/a_reg/n2 has 2 pins
I0115 13:24:03.494745 1910452 init_sta.cc:567] Net dpath/a_reg/n3 has 2 pins
I0115 13:24:03.494905 1910452 init_sta.cc:567] Net dpath/a_reg/n4 has 2 pins
I0115 13:24:03.495168 1910452 init_sta.cc:567] Net dpath/a_reg/n5 has 2 pins
I0115 13:24:03.495316 1910452 init_sta.cc:567] Net dpath/a_reg/n6 has 2 pins
I0115 13:24:03.495425 1910452 init_sta.cc:567] Net dpath/a_reg/n7 has 2 pins
I0115 13:24:03.495602 1910452 init_sta.cc:567] Net dpath/a_reg/n8 has 2 pins
I0115 13:24:03.495718 1910452 init_sta.cc:567] Net dpath/a_reg/n9 has 2 pins
I0115 13:24:03.495827 1910452 init_sta.cc:567] Net dpath/a_reg/n10 has 2 pins
I0115 13:24:03.495970 1910452 init_sta.cc:567] Net dpath/a_reg/n11 has 2 pins
I0115 13:24:03.496191 1910452 init_sta.cc:567] Net dpath/a_reg/n12 has 2 pins
I0115 13:24:03.496444 1910452 init_sta.cc:567] Net dpath/a_reg/n13 has 2 pins
I0115 13:24:03.496618 1910452 init_sta.cc:567] Net dpath/a_reg/n14 has 2 pins
I0115 13:24:03.496866 1910452 init_sta.cc:567] Net dpath/a_reg/n15 has 2 pins
I0115 13:24:03.497025 1910452 init_sta.cc:567] Net dpath/a_reg/n16 has 2 pins
I0115 13:24:03.497179 1910452 init_sta.cc:567] Net dpath/a_reg/n17 has 2 pins
I0115 13:24:03.497354 1910452 init_sta.cc:567] Net dpath/a_reg/n1 has 2 pins
I0115 13:24:03.498667 1910452 init_sta.cc:567] Net dpath/a_reg/n18 has 18 pins
I0115 13:24:03.499159 1910452 init_sta.cc:567] Net dpath/a_reg/n19 has 2 pins
I0115 13:24:03.499362 1910452 init_sta.cc:567] Net dpath/a_lt_b/n1 has 2 pins
I0115 13:24:03.499516 1910452 init_sta.cc:567] Net dpath/a_lt_b/n2 has 2 pins
I0115 13:24:03.499720 1910452 init_sta.cc:567] Net dpath/a_lt_b/n3 has 3 pins
I0115 13:24:03.499995 1910452 init_sta.cc:567] Net dpath/a_lt_b/n4 has 3 pins
I0115 13:24:03.500146 1910452 init_sta.cc:567] Net dpath/a_lt_b/n5 has 2 pins
I0115 13:24:03.500306 1910452 init_sta.cc:567] Net dpath/a_lt_b/n6 has 2 pins
I0115 13:24:03.500582 1910452 init_sta.cc:567] Net dpath/a_lt_b/n7 has 3 pins
I0115 13:24:03.500792 1910452 init_sta.cc:567] Net dpath/a_lt_b/n8 has 2 pins
I0115 13:24:03.500990 1910452 init_sta.cc:567] Net dpath/a_lt_b/n9 has 2 pins
I0115 13:24:03.501293 1910452 init_sta.cc:567] Net dpath/a_lt_b/n10 has 3 pins
I0115 13:24:03.501528 1910452 init_sta.cc:567] Net dpath/a_lt_b/n11 has 3 pins
I0115 13:24:03.501744 1910452 init_sta.cc:567] Net dpath/a_lt_b/n12 has 3 pins
I0115 13:24:03.501933 1910452 init_sta.cc:567] Net dpath/a_lt_b/n13 has 2 pins
I0115 13:24:03.502158 1910452 init_sta.cc:567] Net dpath/a_lt_b/n14 has 3 pins
I0115 13:24:03.502414 1910452 init_sta.cc:567] Net dpath/a_lt_b/n15 has 3 pins
I0115 13:24:03.502602 1910452 init_sta.cc:567] Net dpath/a_lt_b/n16 has 2 pins
I0115 13:24:03.502768 1910452 init_sta.cc:567] Net dpath/a_lt_b/n17 has 2 pins
I0115 13:24:03.502956 1910452 init_sta.cc:567] Net dpath/a_lt_b/n18 has 3 pins
I0115 13:24:03.503165 1910452 init_sta.cc:567] Net dpath/a_lt_b/n19 has 2 pins
I0115 13:24:03.503299 1910452 init_sta.cc:567] Net dpath/a_lt_b/n20 has 2 pins
I0115 13:24:03.503486 1910452 init_sta.cc:567] Net dpath/a_lt_b/n21 has 3 pins
I0115 13:24:03.503681 1910452 init_sta.cc:567] Net dpath/a_lt_b/n22 has 2 pins
I0115 13:24:03.503850 1910452 init_sta.cc:567] Net dpath/a_lt_b/n23 has 2 pins
I0115 13:24:03.504070 1910452 init_sta.cc:567] Net dpath/a_lt_b/n24 has 3 pins
I0115 13:24:03.504197 1910452 init_sta.cc:567] Net dpath/a_lt_b/n25 has 2 pins
I0115 13:24:03.504304 1910452 init_sta.cc:567] Net dpath/a_lt_b/n26 has 2 pins
I0115 13:24:03.504442 1910452 init_sta.cc:567] Net dpath/a_lt_b/n27 has 3 pins
I0115 13:24:03.504575 1910452 init_sta.cc:567] Net dpath/a_lt_b/n28 has 2 pins
I0115 13:24:03.504714 1910452 init_sta.cc:567] Net dpath/a_lt_b/n29 has 2 pins
I0115 13:24:03.504945 1910452 init_sta.cc:567] Net dpath/a_lt_b/n30 has 3 pins
I0115 13:24:03.505164 1910452 init_sta.cc:567] Net dpath/a_lt_b/n31 has 2 pins
I0115 13:24:03.505384 1910452 init_sta.cc:567] Net dpath/a_lt_b/n32 has 3 pins
I0115 13:24:03.505532 1910452 init_sta.cc:567] Net dpath/a_lt_b/n33 has 2 pins
I0115 13:24:03.505698 1910452 init_sta.cc:567] Net dpath/a_lt_b/n34 has 2 pins
I0115 13:24:03.505965 1910452 init_sta.cc:567] Net dpath/a_lt_b/n35 has 3 pins
I0115 13:24:03.506134 1910452 init_sta.cc:567] Net dpath/a_lt_b/n36 has 2 pins
I0115 13:24:03.506328 1910452 init_sta.cc:567] Net dpath/a_lt_b/n37 has 3 pins
I0115 13:24:03.506484 1910452 init_sta.cc:567] Net dpath/b_zero/n1 has 2 pins
I0115 13:24:03.506677 1910452 init_sta.cc:567] Net dpath/b_zero/n2 has 2 pins
I0115 13:24:03.506919 1910452 init_sta.cc:567] Net dpath/b_zero/n3 has 2 pins
I0115 13:24:03.507139 1910452 init_sta.cc:567] Net dpath/b_zero/n4 has 2 pins
I0115 13:24:03.508630 1910452 init_sta.cc:567] Net dpath/a_mux/FE_OFN5_n18 has 17 pins
I0115 13:24:03.510130 1910452 init_sta.cc:567] Net dpath/a_mux/FE_OFN4_n16 has 35 pins
I0115 13:24:03.511579 1910452 init_sta.cc:567] Net dpath/a_mux/FE_OFN3_ctrl_a_mux_sel_1 has 49 pins
I0115 13:24:03.512030 1910452 init_sta.cc:567] Net dpath/a_mux/n1 has 2 pins
I0115 13:24:03.512187 1910452 init_sta.cc:567] Net dpath/a_mux/n2 has 2 pins
I0115 13:24:03.512293 1910452 init_sta.cc:567] Net dpath/a_mux/n3 has 2 pins
I0115 13:24:03.512480 1910452 init_sta.cc:567] Net dpath/a_mux/n4 has 2 pins
I0115 13:24:03.512647 1910452 init_sta.cc:567] Net dpath/a_mux/n5 has 2 pins
I0115 13:24:03.512766 1910452 init_sta.cc:567] Net dpath/a_mux/n6 has 2 pins
I0115 13:24:03.512910 1910452 init_sta.cc:567] Net dpath/a_mux/n7 has 2 pins
I0115 13:24:03.513020 1910452 init_sta.cc:567] Net dpath/a_mux/n8 has 2 pins
I0115 13:24:03.513186 1910452 init_sta.cc:567] Net dpath/a_mux/n9 has 2 pins
I0115 13:24:03.513366 1910452 init_sta.cc:567] Net dpath/a_mux/n10 has 2 pins
I0115 13:24:03.513476 1910452 init_sta.cc:567] Net dpath/a_mux/n11 has 2 pins
I0115 13:24:03.513620 1910452 init_sta.cc:567] Net dpath/a_mux/n12 has 2 pins
I0115 13:24:03.513767 1910452 init_sta.cc:567] Net dpath/a_mux/n13 has 2 pins
I0115 13:24:03.513937 1910452 init_sta.cc:567] Net dpath/a_mux/n14 has 2 pins
I0115 13:24:03.514153 1910452 init_sta.cc:567] Net dpath/a_mux/n15 has 2 pins
I0115 13:24:03.514336 1910452 init_sta.cc:567] Net dpath/a_mux/n16 has 2 pins
I0115 13:24:03.514519 1910452 init_sta.cc:567] Net dpath/a_mux/n17 has 2 pins
I0115 13:24:03.514636 1910452 init_sta.cc:567] Net dpath/a_mux/n18 has 2 pins
I0115 13:24:03.515903 1910452 init_sta.cc:567] Net dpath/b_mux/n1 has 22 pins
I0115 13:24:03.516351 1910452 init_sta.cc:567] Net dpath/sub/n13 has 2 pins
I0115 13:24:03.516502 1910452 init_sta.cc:567] Net dpath/sub/n14 has 2 pins
I0115 13:24:03.516667 1910452 init_sta.cc:567] Net dpath/sub/n15 has 2 pins
I0115 13:24:03.516855 1910452 init_sta.cc:567] Net dpath/sub/n16 has 2 pins
I0115 13:24:03.517045 1910452 init_sta.cc:567] Net dpath/sub/n17 has 4 pins
I0115 13:24:03.517207 1910452 init_sta.cc:567] Net dpath/sub/n18 has 2 pins
I0115 13:24:03.517378 1910452 init_sta.cc:567] Net dpath/sub/n19 has 2 pins
I0115 13:24:03.517541 1910452 init_sta.cc:567] Net dpath/sub/n20 has 2 pins
I0115 13:24:03.517673 1910452 init_sta.cc:567] Net dpath/sub/n21 has 2 pins
I0115 13:24:03.517822 1910452 init_sta.cc:567] Net dpath/sub/n22 has 2 pins
I0115 13:24:03.517974 1910452 init_sta.cc:567] Net dpath/sub/n23 has 2 pins
I0115 13:24:03.518129 1910452 init_sta.cc:567] Net dpath/sub/n24 has 2 pins
I0115 13:24:03.518306 1910452 init_sta.cc:567] Net dpath/sub/n25 has 2 pins
I0115 13:24:03.518456 1910452 init_sta.cc:567] Net dpath/sub/n26 has 2 pins
I0115 13:24:03.518661 1910452 init_sta.cc:567] Net dpath/sub/n27 has 4 pins
I0115 13:24:03.518826 1910452 init_sta.cc:567] Net dpath/sub/n28 has 2 pins
I0115 13:24:03.518980 1910452 init_sta.cc:567] Net dpath/sub/n29 has 2 pins
I0115 13:24:03.519158 1910452 init_sta.cc:567] Net dpath/sub/n30 has 2 pins
I0115 13:24:03.519281 1910452 init_sta.cc:567] Net dpath/sub/n31 has 2 pins
I0115 13:24:03.519461 1910452 init_sta.cc:567] Net dpath/sub/n32 has 2 pins
I0115 13:24:03.519589 1910452 init_sta.cc:567] Net dpath/sub/n33 has 2 pins
I0115 13:24:03.519726 1910452 init_sta.cc:567] Net dpath/sub/n34 has 2 pins
I0115 13:24:03.519910 1910452 init_sta.cc:567] Net dpath/sub/n35 has 2 pins
I0115 13:24:03.520057 1910452 init_sta.cc:567] Net dpath/sub/n36 has 2 pins
I0115 13:24:03.520260 1910452 init_sta.cc:567] Net dpath/sub/n37 has 2 pins
I0115 13:24:03.520428 1910452 init_sta.cc:567] Net dpath/sub/n38 has 2 pins
I0115 13:24:03.520545 1910452 init_sta.cc:567] Net dpath/sub/n39 has 2 pins
I0115 13:24:03.520689 1910452 init_sta.cc:567] Net dpath/sub/n40 has 2 pins
I0115 13:24:03.520828 1910452 init_sta.cc:567] Net dpath/sub/n41 has 2 pins
I0115 13:24:03.520956 1910452 init_sta.cc:567] Net dpath/sub/n42 has 2 pins
I0115 13:24:03.521102 1910452 init_sta.cc:567] Net dpath/sub/n43 has 2 pins
I0115 13:24:03.521337 1910452 init_sta.cc:567] Net dpath/sub/n44 has 3 pins
I0115 13:24:03.522657 1910452 init_sta.cc:567] Net dpath/b_reg/FE_OFN2_ctrl_b_reg_en_0 has 18 pins
I0115 13:24:03.523104 1910452 init_sta.cc:567] Net dpath/b_reg/n2 has 2 pins
I0115 13:24:03.523258 1910452 init_sta.cc:567] Net dpath/b_reg/n3 has 2 pins
I0115 13:24:03.523401 1910452 init_sta.cc:567] Net dpath/b_reg/n4 has 2 pins
I0115 13:24:03.523558 1910452 init_sta.cc:567] Net dpath/b_reg/n5 has 2 pins
I0115 13:24:03.523711 1910452 init_sta.cc:567] Net dpath/b_reg/n6 has 2 pins
I0115 13:24:03.523873 1910452 init_sta.cc:567] Net dpath/b_reg/n7 has 2 pins
I0115 13:24:03.524067 1910452 init_sta.cc:567] Net dpath/b_reg/n8 has 2 pins
I0115 13:24:03.524266 1910452 init_sta.cc:567] Net dpath/b_reg/n9 has 2 pins
I0115 13:24:03.524418 1910452 init_sta.cc:567] Net dpath/b_reg/n10 has 2 pins
I0115 13:24:03.524592 1910452 init_sta.cc:567] Net dpath/b_reg/n11 has 2 pins
I0115 13:24:03.524798 1910452 init_sta.cc:567] Net dpath/b_reg/n12 has 2 pins
I0115 13:24:03.524971 1910452 init_sta.cc:567] Net dpath/b_reg/n13 has 2 pins
I0115 13:24:03.525118 1910452 init_sta.cc:567] Net dpath/b_reg/n14 has 2 pins
I0115 13:24:03.525272 1910452 init_sta.cc:567] Net dpath/b_reg/n15 has 2 pins
I0115 13:24:03.525413 1910452 init_sta.cc:567] Net dpath/b_reg/n16 has 2 pins
I0115 13:24:03.525552 1910452 init_sta.cc:567] Net dpath/b_reg/n17 has 2 pins
I0115 13:24:03.526544 1910452 init_sta.cc:567] Net dpath/b_reg/n1 has 20 pins
I0115 13:24:03.526795 1910452 Sta.cc:2321] update timing start
I0115 13:24:03.527457 1910452 StaApplySdc.cc:694] apply sdc start
I0115 13:24:03.527614 1910452 StaApplySdc.cc:725] apply sdc end
I0115 13:24:03.527649 1910452 StaClockPropagation.cc:320] ideal clock propagation start
I0115 13:24:03.527787 1910452 StaClockPropagation.cc:203] clock propagate end to vertex dpath/b_reg/out_reg_5_:CP
I0115 13:24:03.528465 1910452 StaClockPropagation.cc:416] ideal clock propagation end
I0115 13:24:03.528477 1910452 StaCheck.cc:129] found loop fwd start
I0115 13:24:03.529027 1910452 StaCheck.cc:148] found loop fwd end
I0115 13:24:03.529033 1910452 StaCheck.cc:150] found loop bwd start
I0115 13:24:03.529479 1910452 StaCheck.cc:172] found loop bwd end
I0115 13:24:03.529489 1910452 StaSlewPropagation.cc:267] slew propagation start
E0115 13:24:03.530668 1977212 Lib.cc:174] Warning: val outside table ranges:  val = 0; min_val = 0.0025; max_val = 0.671
E0115 13:24:03.530678 1977209 Lib.cc:174] Warning: val outside table ranges:  val = 0; min_val = 0.0025; max_val = 0.671
E0115 13:24:03.530682 1977210 Lib.cc:174] Warning: val outside table ranges:  val = 0; min_val = 0.0025; max_val = 0.671
E0115 13:24:03.530684 1977213 Lib.cc:174] Warning: val outside table ranges:  val = 0; min_val = 0.0025; max_val = 0.671
E0115 13:24:03.530697 1977208 Lib.cc:174] Warning: val outside table ranges:  val = 0; min_val = 0.0025; max_val = 0.671
E0115 13:24:03.530699 1977214 Lib.cc:174] Warning: val outside table ranges:  val = 0; min_val = 0.0025; max_val = 0.671
E0115 13:24:03.530699 1977215 Lib.cc:174] Warning: val outside table ranges:  val = 0; min_val = 0.0025; max_val = 0.671
