I0315 03:01:28.440603 2851140 lm_feature_timing.cpp:125] build net dpath/sub/n27 feature 
I0315 03:01:28.440572 2851159 lm_feature_timing.cpp:80] node dpath/b_reg/U13:A2 resistance 25.68 cap 0.000574604 slew 0.018108 delay 0.0214086 power 7.00959e-05
I0315 03:01:28.440582 2851277 lm_feature_timing.cpp:80] node dpath/a_mux_out[5]:381555 resistance 0.428 cap 0.00122886 slew 0.017957 delay 0.00052595 power 0.000126005
I0315 03:01:28.440586 2851218 lm_feature_timing.cpp:80] node dpath/b_reg_out[2]:379766 resistance 41.944 cap 0.000580429 slew 0.0356292 delay 0.122835 power 7.38565e-05
I0315 03:01:28.443917 2851277 lm_feature_timing.cpp:80] node dpath/a_mux_out[5]:731839 resistance 2.14 cap 0.00120086 slew 0.017957 delay 0.00258182 power 0.000123134
I0315 03:01:28.443913 2851288 lm_feature_timing.cpp:80] node dpath/a_mux/FE_OFN4_n16:730141 resistance 94.588 cap 0.000659513 slew 0.0377072 delay 0.734065 power 4.22339e-05
I0315 03:01:28.440645 2851231 lm_feature_timing.cpp:80] node ctrl/U6:A1 resistance 20.544 cap 0.00591494 slew 0.0498893 delay 0.12587 power 0.000526598
I0315 03:01:28.443940 2851159 lm_feature_timing.cpp:80] node dpath/b_mux_out[5]:409196 resistance 25.68 cap 0.000582435 slew 0.018108 delay 0.0214086 power 7.10512e-05
I0315 03:00:28.460773 2851199 lm_feature_timing.cpp:80] node dpath/a_reg/n8:762075 resistance 9.416 cap 0.000731757 slew 0.01695 delay 0.00722537 power 4.83497e-05
I0315 03:01:28.443982 2851231 lm_feature_timing.cpp:80] node ctrl/U6:A1 resistance 20.544 cap 0.00591494 slew 0.0498893 delay 0.12587 power 0.000526598
I0315 03:01:28.440696 2851206 lm_feature_timing.cpp:80] node dpath/b_reg/n17:801261 resistance 0.856 cap 0.000686926 slew 0.015991 delay 0.000598231 power 9.50332e-05
I0315 03:01:28.440725 2851213 lm_feature_timing.cpp:80] node dpath/sub/n17:811373 resistance 11.984 cap 0.00188284 slew 0.024803 delay 0.0240326 power 0.000586481
I0315 03:01:28.444023 2851289 lm_feature_timing.cpp:80] node dpath/sub/U15:A resistance 8.988 cap 0.00201145 slew 0.024603 delay 0.0188979 power 1.62927e-05
I0315 03:01:28.444021 2851159 lm_feature_timing.cpp:80] node dpath/b_mux_out[5]:389085 resistance 4.708 cap 0.00104131 slew 0.018108 delay 0.00490249 power 0.000127029
I0315 03:01:28.440734 2851146 lm_feature_timing.cpp:80] node dpath/a_mux_out[9]:1144123 resistance 6.42 cap 0.00187057 slew 0.022203 delay 0.0124575 power 0.000226195
I0315 03:00:28.460847 2851192 lm_feature_timing.cpp:80] node dpath/a_mux/n16:439278 resistance 0 cap 0.000780143 slew 0.020149 delay 0 power 4.99588e-05
I0315 03:01:28.440977 2851173 lm_feature_timing.cpp:80] node dpath/a_reg_out[4]:742683 resistance 91.164 cap 0.000716612 slew 0.0490073 delay 0.38745 power 4.40516e-05
I0315 03:01:28.441005 2851168 lm_feature_timing.cpp:137] net ctrl/n3 resistance 19.688 cap 0.00139018 slew 0.000271221 delay 0.00316441 power 2.48957e-08
I0315 03:00:28.460834 2851210 lm_feature_timing.cpp:80] node dpath/a_mux/n5:380503 resistance 1.284 cap 0.000789777 slew 0.035087 delay 0.00101407 power 4.46744e-05
I0315 03:00:28.460964 2851211 lm_feature_timing.cpp:137] net dpath/a_mux/n17 resistance 15.408 cap 0.00074984 slew 0.000424419 delay 0.00517165 power 4.9197e-09
I0315 03:01:28.444195 2851168 lm_feature_timing.cpp:125] build net dpath/sub/n33 feature 
I0315 03:01:28.444214 2851211 lm_feature_timing.cpp:125] build net dpath/sub/n34 feature 
I0315 03:01:28.444195 2851173 lm_feature_timing.cpp:80] node dpath/a_reg_out[4]:1094643 resistance 91.164 cap 0.00098344 slew 0.0490073 delay 0.38745 power 6.0454e-05
I0315 03:01:28.441056 2851217 lm_feature_timing.cpp:80] node dpath/b_mux_out[9]:464532 resistance 0 cap 0.000769589 slew 0.016298 delay 0 power 9.74192e-05
I0315 03:00:28.458382 2851134 lm_feature_timing.cpp:80] node dpath/a_lt_b/n3:379721 resistance 12.84 cap 0.000611371 slew 0.018363 delay 0.0106584 power 4.9521e-06
I0315 03:00:28.461090 2851284 lm_feature_timing.cpp:80] node dpath/a_reg/n4:389003 resistance 3.424 cap 0.000855089 slew 0.01709 delay 0.00292782 power 4.85703e-05
I0315 03:01:28.441130 2851216 lm_feature_timing.cpp:80] node dpath/a_mux_out[15]:445025 resistance 0.428 cap 0.00101664 slew 0.016859 delay 0.000435124 power 0.000180352
I0315 03:01:28.444288 2851173 lm_feature_timing.cpp:80] node dpath/a_reg_out[4]:740169 resistance 93.732 cap 0.000688225 slew 0.0490073 delay 0.389217 power 4.23066e-05
I0315 03:01:28.444303 2851217 lm_feature_timing.cpp:80] node dpath/b_mux_out[9]:464525 resistance 2.996 cap 0.000737091 slew 0.016298 delay 0.00220833 power 9.33055e-05
I0315 03:01:28.444315 2851134 lm_feature_timing.cpp:80] node dpath/a_lt_b/n3:386422 resistance 3.852 cap 0.00120418 slew 0.018363 delay 0.00463851 power 9.75387e-06
I0315 03:01:28.441228 2851166 lm_feature_timing.cpp:80] node dpath/sub/n18:842381 resistance 2.568 cap 0.002254 slew 0.024076 delay 0.00586116 power 1.82574e-05
I0315 03:01:28.444350 2851284 lm_feature_timing.cpp:80] node dpath/a_reg/U17:Z resistance 0 cap 0.000891697 slew 0.01709 delay 0 power 5.06497e-05
I0315 03:01:28.441258 2851157 lm_feature_timing.cpp:80] node dpath/a_mux/FE_OFN3_ctrl_a_mux_sel_1:437599 resistance 6.42 cap 0.0121827 slew 0.0264706 delay 0.0785417 power 0.000390079
I0315 03:01:28.444379 2851211 lm_feature_timing.cpp:80] node dpath/sub/n34:384931 resistance 0 cap 0.00197747 slew 0.023554 delay 0 power 1.60175e-05
I0315 03:01:28.441285 2851208 lm_feature_timing.cpp:80] node dpath/b_reg/n5:419196 resistance 0 cap 0.00078481 slew 0.016388 delay 0 power 0.000100325
I0315 03:01:28.444392 2851134 lm_feature_timing.cpp:80] node dpath/a_lt_b/n3:388933 resistance 0 cap 0.0012449 slew 0.018363 delay 0 power 1.00837e-05
I0315 03:01:28.441264 2851274 lm_feature_timing.cpp:80] node dpath/a_reg_out[10]:815607 resistance 55.212 cap 0.00071211 slew 0.0393865 delay 0.217801 power 0
I0315 03:01:28.441427 2851212 lm_feature_timing.cpp:80] node dpath/a_mux_out[12]:477845 resistance 39.804 cap 0.000574604 slew 0.018929 delay 0.0387123 power 9.39211e-05
I0315 03:01:28.444454 2851157 lm_feature_timing.cpp:80] node dpath/a_mux/FE_OFN3_ctrl_a_mux_sel_1:437595 resistance 4.708 cap 0.0122029 slew 0.0264702 delay 0.0576848 power 0.000390725
I0315 03:01:28.444468 2851134 lm_feature_timing.cpp:80] node dpath/a_lt_b/n3:381393 resistance 9.416 cap 0.000647979 slew 0.018363 delay 0.00856511 power 5.24863e-06
I0315 03:01:28.441583 2851135 lm_feature_timing.cpp:80] node dpath/a_lt_b/n24:834925 resistance 6.848 cap 0.000686295 slew 0.019989 delay 0.00599333 power 0
I0315 03:01:28.444516 2851274 lm_feature_timing.cpp:80] node dpath/b_mux/U12:B1 resistance 56.068 cap 0.000671781 slew 0.0393865 delay 0.218376 power 0
I0315 03:01:28.444530 2851212 lm_feature_timing.cpp:80] node dpath/a_mux_out[12]:477845 resistance 39.804 cap 0.000574604 slew 0.018929 delay 0.0387123 power 9.39211e-05
I0315 03:00:28.461372 2851232 lm_feature_timing.cpp:80] node dpath/b_zero/n4:1137339 resistance 12.84 cap 0.00115669 slew 0.016176 delay 0.0164896 power 3.74767e-05
I0315 03:01:28.441702 2851147 lm_feature_timing.cpp:80] node dpath/a_reg/n18:809001 resistance 3.424 cap 0.019883 slew 0.050203 delay 0.0682048 power 0.000161052
I0315 03:01:28.441717 2851224 lm_feature_timing.cpp:80] node dpath/sub/U35:CI resistance 14.98 cap 0.00138207 slew 0.017131 delay 0.0229432 power 7.4645e-05
I0315 03:01:28.444593 2851135 lm_feature_timing.cpp:80] node dpath/a_lt_b/n24:482952 resistance 1.284 cap 0.00144605 slew 0.019989 delay 0.00185672 power 0
I0315 03:01:28.444609 2851212 lm_feature_timing.cpp:80] node dpath/a_mux_out[12]:829805 resistance 39.804 cap 0.000644101 slew 0.018929 delay 0.0387123 power 0.000105281
I0315 03:01:28.444633 2851224 lm_feature_timing.cpp:80] node dpath/sub/n13:724133 resistance 14.98 cap 0.00149268 slew 0.017131 delay 0.0229432 power 8.06188e-05
I0315 03:01:28.441767 2851182 lm_feature_timing.cpp:80] node dpath/b_mux_out[3]:415025 resistance 11.556 cap 0.000647821 slew 0.016915 delay 0.0088151 power 7.75321e-05
I0315 03:01:28.444664 2851224 lm_feature_timing.cpp:80] node dpath/sub/U20:Z resistance 0 cap 0.00168472 slew 0.017131 delay 0 power 9.09912e-05
I0315 03:01:28.444650 2851232 lm_feature_timing.cpp:80] node dpath/b_zero/n4:1137363 resistance 23.112 cap 0.0010543 slew 0.016176 delay 0.0273194 power 3.41594e-05
I0315 03:01:28.444680 2851212 lm_feature_timing.cpp:80] node dpath/a_mux_out[12]:823101 resistance 32.956 cap 0.000713598 slew 0.018929 delay 0.0343015 power 0.00011664
I0315 03:01:28.441843 2851290 lm_feature_timing.cpp:125] build net dpath/sub/n30 feature 
I0315 03:01:28.441866 2851153 lm_feature_timing.cpp:80] node ctrl/state_out[1]:437512 resistance 15.408 cap 0.000603764 slew 0.029421 delay 0.0186562 power 5.51254e-05
I0315 03:01:28.441922 2851191 lm_feature_timing.cpp:80] node ctrl/next_state__0[1]:778555 resistance 17.12 cap 0.000589485 slew 0.030897 delay 0.0129773 power 5.38217e-05
I0315 03:01:28.441931 2851286 lm_feature_timing.cpp:80] node dpath/b_reg_out[4]:379051 resistance 66.768 cap 0.00062783 slew 0.0371373 delay 0.175067 power 8.06212e-05
I0315 03:01:28.444749 2851212 lm_feature_timing.cpp:80] node dpath/a_mux_out[12]:829805 resistance 39.804 cap 0.000644101 slew 0.018929 delay 0.0387123 power 0.000105281
I0315 03:00:28.461583 2851165 lm_feature_timing.cpp:80] node dpath/a_reg_out[8]:438566 resistance 61.632 cap 0.000841318 slew 0.0475416 delay 0.252625 power 5.94553e-05
I0315 03:01:28.444787 2851286 lm_feature_timing.cpp:80] node dpath/b_reg_out[4]:392451 resistance 49.648 cap 0.00177581 slew 0.0371373 delay 0.161818 power 0.000228036
I0315 03:01:28.442030 2851139 lm_feature_timing.cpp:80] node dpath/a_reg/n13:479563 resistance 0 cap 0.00126835 slew 0.019329 delay 0 power 0.000116332
I0315 03:01:28.444816 2851165 lm_feature_timing.cpp:80] node dpath/a_reg_out[8]:438566 resistance 61.632 cap 0.000841318 slew 0.0475416 delay 0.252625 power 5.94553e-05
I0315 03:01:28.442056 2851263 lm_feature_timing.cpp:80] node dpath/sub/n19:1158369 resistance 11.984 cap 0.00138568 slew 0.015164 delay 0.0171305 power 0.000262201
I0315 03:01:28.442097 2851149 lm_feature_timing.cpp:80] node dpath/a_mux_out[6]:402548 resistance 23.112 cap 0.000590657 slew 0.017149 delay 0.0188792 power 6.32808e-05
I0315 03:01:28.442108 2851253 lm_feature_timing.cpp:80] node dpath/a_mux/n2:797971 resistance 5.136 cap 0.000663898 slew 0.034079 delay 0.00340978 power 3.7554e-05
I0315 03:01:28.442112 2851243 lm_feature_timing.cpp:80] node dpath/b_reg/n9:776291 resistance 1.712 cap 0.000813196 slew 0.016665 delay 0.00139219 power 0.000105827
I0315 03:01:28.446791 2851149 lm_feature_timing.cpp:80] node dpath/a_mux_out[6]:755343 resistance 20.972 cap 0.000630595 slew 0.017149 delay 0.0175912 power 6.75596e-05
I0315 03:00:28.451364 2851226 lm_feature_timing.cpp:80] node dpath/a_lt_b/n18:484661 resistance 7.276 cap 0.0014337 slew 0.021423 delay 0.0104316 power 1.1613e-05
I0315 03:01:28.446844 2851149 lm_feature_timing.cpp:80] node dpath/a_mux_out[6]:1107303 resistance 20.972 cap 0.000757647 slew 0.017149 delay 0.0175912 power 8.11715e-05
I0315 03:01:28.442169 2851195 lm_feature_timing.cpp:80] node dpath/sub/n14:384735 resistance 0 cap 0.00234366 slew 0.024598 delay 0 power 1.89836e-05
I0315 03:01:28.442196 2851255 lm_feature_timing.cpp:80] node dpath/a_lt_b/U31:A2 resistance 35.952 cap 0.000596981 slew 0.0469444 delay 0.185719 power 8.19007e-05
I0315 03:01:28.446877 2851226 lm_feature_timing.cpp:80] node dpath/a_lt_b/U5:ZN resistance 0 cap 0.00150731 slew 0.021423 delay 0 power 1.22092e-05
I0315 03:01:28.442204 2851259 lm_feature_timing.cpp:80] node dpath/b_mux_out[6]:769555 resistance 14.124 cap 0.00072554 slew 0.016905 delay 0.0103088 power 8.93426e-05
I0315 03:01:28.442198 2851228 lm_feature_timing.cpp:80] node dpath/b_mux_out[14]:814653 resistance 9.844 cap 0.000696372 slew 0.01702 delay 0.00785434 power 0.000127561
I0315 03:01:28.446924 2851255 lm_feature_timing.cpp:80] node dpath/b_reg_out[13]:485320 resistance 35.952 cap 0.000604812 slew 0.0469444 delay 0.185719 power 8.2975e-05
I0315 03:00:28.451390 2851172 lm_feature_timing.cpp:80] node dpath/b_reg/n16:828929 resistance 16.692 cap 0.000716095 slew 0.01706 delay 0.0121685 power 0.000117509
I0315 03:01:28.446959 2851255 lm_feature_timing.cpp:80] node dpath/b_reg_out[13]:485319 resistance 35.524 cap 0.000612643 slew 0.0469444 delay 0.18546 power 8.40494e-05
I0315 03:01:28.442243 2851262 lm_feature_timing.cpp:80] node dpath/a_lt_b/n15:1130791 resistance 2.14 cap 0.000854871 slew 0.021785 delay 0.00354955 power 6.92446e-06
I0315 03:01:28.442265 2851225 lm_feature_timing.cpp:80] node dpath/a_reg_out[3]:741839 resistance 12.412 cap 0.00395335 slew 0.0423961 delay 0.0584014 power 0.000233871
I0315 03:01:28.442304 2851283 lm_feature_timing.cpp:80] node dpath/a_mux/n7:732643 resistance 0 cap 0.000897838 slew 0.036128 delay 0 power 5.0787e-05
I0315 03:01:28.442324 2851194 lm_feature_timing.cpp:80] node dpath/b_reg_out[6]:770403 resistance 43.228 cap 0.000671781 slew 0.0373513 delay 0.156608 power 8.70378e-05
I0315 03:00:28.459452 2851214 lm_feature_timing.cpp:80] node dpath/a_lt_b/U20:B1 resistance 17.976 cap 0.000575533 slew 0.020585 delay 0.0139284 power 4.66182e-06
I0315 03:01:28.447044 2851172 lm_feature_timing.cpp:80] node dpath/b_reg/n16:461885 resistance 1.284 cap 0.000883866 slew 0.01706 delay 0.00113488 power 0.00014504
I0315 03:01:28.447065 2851194 lm_feature_timing.cpp:80] node dpath/b_reg_out[6]:769565 resistance 42.372 cap 0.000683723 slew 0.0373513 delay 0.156033 power 8.8585e-05
I0315 03:01:28.447062 2851262 lm_feature_timing.cpp:80] node dpath/a_lt_b/n15:1130767 resistance 12.412 cap 0.000752485 slew 0.021785 delay 0.0112791 power 6.09513e-06
I0315 03:01:28.447095 2851194 lm_feature_timing.cpp:80] node dpath/b_reg_out[6]:770403 resistance 43.228 cap 0.000671781 slew 0.0373513 delay 0.156608 power 8.70378e-05
I0315 03:01:28.442456 2851275 lm_feature_timing.cpp:80] node dpath/a_lt_b/n4:736849 resistance 1.284 cap 0.000857244 slew 0.021374 delay 0.00112131 power 6.94368e-06
I0315 03:01:28.447113 2851214 lm_feature_timing.cpp:80] node dpath/a_lt_b/n14:401708 resistance 17.976 cap 0.000599808 slew 0.020585 delay 0.0139284 power 4.85845e-06
I0315 03:01:28.447127 2851194 lm_feature_timing.cpp:80] node dpath/b_reg_out[6]:425123 resistance 60.348 cap 0.000501579 slew 0.0373513 delay 0.178131 power 6.49859e-05
I0315 03:01:28.442516 2851265 lm_feature_timing.cpp:80] node dpath/a_mux/n15:786269 resistance 1.712 cap 0.000925442 slew 0.036668 delay 0.00158436 power 5.23485e-05
I0315 03:01:28.442529 2851280 lm_feature_timing.cpp:80] node dpath/a_lt_b/n31:484469 resistance 26.536 cap 0.000795926 slew 0.048638 delay 0.0235908 power 1.80613e-05
I0315 03:01:28.442598 2851190 lm_feature_timing.cpp:80] node dpath/b_reg_out[14]:1169145 resistance 23.54 cap 0.00184601 slew 0.040176 delay 0.053795 power 0.000299054
I0315 03:01:28.442608 2851158 lm_feature_timing.cpp:80] node ctrl/n1:783621 resistance 26.108 cap 0.000666161 slew 0.029815 delay 0.0236457 power 1.07918e-05
I0315 03:01:28.449175 2851265 lm_feature_timing.cpp:80] node dpath/a_mux/U32:B resistance 17.12 cap 0.000586961 slew 0.036668 delay 0.0131124 power 3.3202e-05
I0315 03:00:28.455163 2851241 lm_feature_timing.cpp:80] node dpath/b_reg/n13:816429 resistance 0.428 cap 0.00113092 slew 0.018543 delay 0.000487386 power 0.000153776
I0315 03:01:28.442659 2851285 lm_feature_timing.cpp:80] node dpath/a_mux/U18:ZN resistance 0 cap 0.0008107 slew 0.015615 delay 0 power 7.18218e-05
I0315 03:00:28.462189 2851137 lm_feature_timing.cpp:80] node ctrl_a_mux_sel[0]:792063 resistance 47.508 cap 0.00131863 slew 0.0481361 delay 0.095617 power 4.22211e-05
I0315 03:01:28.449249 2851241 lm_feature_timing.cpp:137] net dpath/b_reg/n13 resistance 59.064 cap 0.00114658 slew 0.0126113 delay 0.0251574 power 1.26284e-07
I0315 03:01:28.442674 2851236 lm_feature_timing.cpp:80] node ctrl_b_mux_sel_0_:749383 resistance 233.688 cap 0.0053623 slew 0.0310976 delay 2.76647 power 0.000520832
I0315 03:01:28.449286 2851137 lm_feature_timing.cpp:80] node ctrl/U15:A1 resistance 9.416 cap 0.000598426 slew 0.048136 delay 0.0242204 power 1.9161e-05
I0315 03:01:28.442704 2851164 lm_feature_timing.cpp:80] node dpath/a_lt_b/n34:469376 resistance 0 cap 0.00109012 slew 0.019827 delay 0 power 8.82995e-06
I0315 03:00:28.462198 2851144 lm_feature_timing.cpp:80] node dpath/a_mux/FE_OFN5_n18:1142449 resistance 44.94 cap 0.00152178 slew 0.0317631 delay 0.416794 power 9.74519e-05
I0315 02:59:28.452175 2851142 lm_feature_timing.cpp:80] node dpath/a_reg/n5:1451631 resistance 19.688 cap 0.00082964 slew 0.018395 delay 0.0178545 power 4.90795e-05
I0315 03:01:28.449339 2851164 lm_feature_timing.cpp:80] node dpath/a_lt_b/n34:469369 resistance 2.996 cap 0.00105762 slew 0.019827 delay 0.00316863 power 8.56672e-06
I0315 03:00:28.462244 2851141 lm_feature_timing.cpp:125] build net dpath/sub/n22 feature 
I0315 03:01:28.442780 2851250 lm_feature_timing.cpp:80] node dpath/b_mux/n1:788837 resistance 11.128 cap 0.000724415 slew 0.0427543 delay 0.190158 power 7.03613e-05
I0315 03:01:28.449347 2851236 lm_feature_timing.cpp:80] node ctrl_b_mux_sel_0_:1101343 resistance 233.688 cap 0.00453605 slew 0.0310976 delay 2.76647 power 0.000440579
I0315 03:00:28.462268 2851188 lm_feature_timing.cpp:80] node dpath/a_lt_b/n13:741109 resistance 9.416 cap 0.000699275 slew 0.031831 delay 0.00750923 power 2.23122e-05
I0315 03:01:28.442842 2851167 lm_feature_timing.cpp:80] node ctrl/n4:779437 resistance 17.976 cap 0.000752895 slew 0.029179 delay 0.0168448 power 5.48321e-05
I0315 03:01:28.442860 2851181 lm_feature_timing.cpp:80] node dpath/a_lt_b/n6:388218 resistance 0 cap 0.00104822 slew 0.01385 delay 0 power 1.69812e-05
I0315 03:01:28.442878 2851248 lm_feature_timing.cpp:80] node dpath/b_reg/n12:464513 resistance 0 cap 0.00139247 slew 0.019979 delay 0 power 0.00012116
I0315 03:01:28.442999 2851175 lm_feature_timing.cpp:80] node dpath/sub/n20:445237 resistance 0.856 cap 0.00215385 slew 0.024344 delay 0.0018437 power 1.74462e-05
I0315 03:00:28.462385 2851273 lm_feature_timing.cpp:80] node dpath/a_reg_out[15]:828017 resistance 10.272 cap 0.00145341 slew 0.027745 delay 0.0201222 power 0.000147093
I0315 03:01:28.449481 2851175 lm_feature_timing.cpp:80] node dpath/sub/n20:445239 resistance 0 cap 0.00216579 slew 0.024344 delay 0 power 1.75429e-05
I0315 03:01:28.443054 2851200 lm_feature_timing.cpp:80] node dpath/sub/n16:719993 resistance 11.128 cap 0.002134 slew 0.02453 delay 0.0250162 power 1.72854e-05
I0315 03:01:28.443063 2851251 lm_feature_timing.cpp:80] node dpath/a_lt_b/n11:747795 resistance 5.136 cap 0.00148856 slew 0.030248 delay 0.00764523 power 2.41146e-05
I0315 03:01:28.449507 2851248 lm_feature_timing.cpp:80] node dpath/b_reg/n12:816473 resistance 0 cap 0.00139247 slew 0.019979 delay 0 power 0.00012116
I0315 03:01:28.449551 2851273 lm_feature_timing.cpp:80] node dpath/a_reg_out[15]:820475 resistance 2.568 cap 0.00344711 slew 0.027745 delay 0.00892508 power 0.000348866
I0315 03:01:28.443104 2851220 lm_feature_timing.cpp:80] node dpath/a_reg_out[5]:389101 resistance 64.628 cap 0.000818215 slew 0.0410005 delay 0.234375 power 5.21813e-05
I0315 03:01:28.443081 2851155 lm_feature_timing.cpp:80] node dpath/a_lt_b/U9:ZN resistance 0 cap 0.00163007 slew 0.020683 delay 0 power 1.32036e-05
I0315 03:00:28.462505 2851201 lm_feature_timing.cpp:80] node dpath/b_reg/n2:407417 resistance 0 cap 0.00094103 slew 0.017303 delay 0 power 0.000117179
I0315 03:01:28.449626 2851248 lm_feature_timing.cpp:80] node dpath/b_reg/n12:1194443 resistance 40.232 cap 0.000748201 slew 0.019979 delay 0.0402165 power 6.51019e-05
I0315 03:01:28.449659 2851201 lm_feature_timing.cpp:80] node dpath/b_reg/n2:407419 resistance 0.856 cap 0.000929088 slew 0.017303 delay 0.000795299 power 0.000115692
I0315 03:01:28.443197 2851219 lm_feature_timing.cpp:80] node dpath/a_reg_out[0]:1090299 resistance 14.552 cap 0.00293759 slew 0.0390441 delay 0.0507022 power 0.000134863
I0315 03:01:28.443202 2851186 lm_feature_timing.cpp:80] node dpath/a_mux/n9:433504 resistance 8.132 cap 0.000891772 slew 0.037386 delay 0.00744452 power 5.04439e-05
I0315 03:01:28.449695 2851201 lm_feature_timing.cpp:80] node dpath/b_reg/U18:Z resistance 0 cap 0.00094103 slew 0.017303 delay 0 power 0.000117179
I0315 03:01:28.449687 2851155 lm_feature_timing.cpp:80] node dpath/a_lt_b/n12:396652 resistance 0 cap 0.00163007 slew 0.020683 delay 0 power 1.32036e-05
I0315 03:01:28.449713 2851219 lm_feature_timing.cpp:80] node dpath/a_reg_out[0]:737501 resistance 15.408 cap 0.00285615 slew 0.0390441 delay 0.0531471 power 0.000131125
I0315 03:01:28.449723 2851186 lm_feature_timing.cpp:80] node dpath/a_mux/n9:434342 resistance 8.988 cap 0.000818555 slew 0.037386 delay 0.0081452 power 4.63023e-05
I0315 03:00:28.463724 2851244 lm_feature_timing.cpp:80] node dpath/sub/U18:CO resistance 0 cap 0.00207928 slew 0.017458 delay 0 power 0.000208584
I0315 03:01:28.449748 2851219 lm_feature_timing.cpp:80] node dpath/a_reg_out[0]:738339 resistance 14.552 cap 0.00286809 slew 0.0390441 delay 0.0507022 power 0.000131673
I0315 03:01:28.449756 2851186 lm_feature_timing.cpp:80] node dpath/a_mux/n9:434342 resistance 8.988 cap 0.000818555 slew 0.037386 delay 0.0081452 power 4.63023e-05
I0315 03:00:28.463802 2851258 lm_feature_timing.cpp:80] node dpath/b_reg_out[5]:740251 resistance 29.104 cap 0.000674064 slew 0.041096 delay 0.0530902 power 8.69461e-05
I0315 03:01:28.449788 2851186 lm_feature_timing.cpp:80] node dpath/a_mux/n9:434356 resistance 14.98 cap 0.000745337 slew 0.037386 delay 0.0126113 power 4.21607e-05
I0315 03:01:28.443404 2851272 lm_feature_timing.cpp:80] node dpath/b_reg_out[8]:804799 resistance 34.24 cap 0.00377956 slew 0.0374575 delay 0.151026 power 0.000494032
I0315 03:01:28.449819 2851186 lm_feature_timing.cpp:80] node dpath/a_mux/n9:431002 resistance 19.26 cap 0.000598903 slew 0.037386 delay 0.0153408 power 3.38775e-05
I0315 03:00:28.463815 2851170 lm_feature_timing.cpp:80] node dpath/sub/U24:I resistance 80.892 cap 0.000599444 slew 0.043787 delay 0.301554 power 7.86986e-05
I0315 03:00:28.463805 2851187 lm_feature_timing.cpp:80] node dpath/b_zero/n3:432617 resistance 26.536 cap 0.000901793 slew 0.016811 delay 0.0309579 power 2.92181e-05
I0315 03:01:28.439811 2851204 lm_feature_timing.cpp:80] node dpath/b_reg/n11:491375 resistance 27.82 cap 0.000726472 slew 0.019352 delay 0.027783 power 9.53757e-05
I0315 03:01:28.439864 2851254 lm_feature_timing.cpp:80] node dpath/b_reg/n14:852445 resistance 43.228 cap 0.000905204 slew 0.020042 delay 0.0425672 power 0.000123653
I0315 03:01:28.449889 2851258 lm_feature_timing.cpp:80] node dpath/b_reg_out[5]:1092211 resistance 29.104 cap 0.000718895 slew 0.041096 delay 0.0530902 power 9.27288e-05
I0315 03:01:28.443486 2851256 lm_feature_timing.cpp:80] node dpath/b_reg_out[3]:1100537 resistance 38.092 cap 0.000848264 slew 0.0411981 delay 0.0743595 power 0.000108437
I0315 03:01:28.440040 2851148 lm_feature_timing.cpp:80] node ctrl/next_state__0[0]:786917 resistance 20.972 cap 0.000573041 slew 0.029224 delay 0.0164478 power 5.10169e-05
I0315 03:01:28.449956 2851170 lm_feature_timing.cpp:80] node dpath/b_reg_out[9]:440253 resistance 80.892 cap 0.000611386 slew 0.043787 delay 0.301554 power 8.02665e-05
I0315 03:01:28.449975 2851258 lm_feature_timing.cpp:80] node dpath/b_reg_out[5]:1092201 resistance 24.824 cap 0.000763726 slew 0.041096 delay 0.0500134 power 9.85114e-05
I0315 03:01:28.443588 2851249 lm_feature_timing.cpp:80] node dpath/sub/n26:725979 resistance 8.132 cap 0.00208917 slew 0.023797 delay 0.0170257 power 1.69223e-05
I0315 03:01:28.443568 2851260 lm_feature_timing.cpp:80] node dpath/sub/n23:729417 resistance 15.408 cap 0.0017184 slew 0.0171121 delay 0.0288147 power 0.000223352
I0315 03:01:28.450049 2851249 lm_feature_timing.cpp:80] node dpath/sub/n26:733521 resistance 0.428 cap 0.00216689 slew 0.023797 delay 0.00093078 power 1.75518e-05
I0315 03:01:28.450052 2851170 lm_feature_timing.cpp:80] node dpath/b_reg_out[9]:440251 resistance 80.036 cap 0.000623328 slew 0.043787 delay 0.30103 power 8.18343e-05
I0315 03:01:28.450084 2851249 lm_feature_timing.cpp:80] node dpath/sub/U27:ZN resistance 0 cap 0.00218255 slew 0.023797 delay 0 power 1.76787e-05
I0315 03:01:28.443632 2851238 lm_feature_timing.cpp:80] node dpath/a_mux_out[13]:456823 resistance 0 cap 0.000983365 slew 0.016793 delay 0 power 0.000165368
I0315 03:01:28.443646 2851143 lm_feature_timing.cpp:80] node dpath/b_mux_out[4]:753581 resistance 16.692 cap 0.000734545 slew 0.017183 delay 0.0123328 power 8.87614e-05
I0315 03:01:28.450106 2851260 lm_feature_timing.cpp:80] node dpath/sub/n23:746177 resistance 32.528 cap 0.00155023 slew 0.0171121 delay 0.0553547 power 0.000201494
I0315 03:01:28.443671 2851221 lm_feature_timing.cpp:80] node dpath/a_lt_b/n32:827213 resistance 0 cap 0.00164057 slew 0.020978 delay 0 power 1.32886e-05
I0315 03:01:28.450143 2851143 lm_feature_timing.cpp:80] node dpath/b_mux_out[4]:738499 resistance 0.428 cap 0.000894485 slew 0.017183 delay 0.000386191 power 0.000108088
I0315 03:01:28.443693 2851152 lm_feature_timing.cpp:137] net dpath/a_lt_b/n17 resistance 58.208 cap 0.00113098 slew 0.00791763 delay 0.024659 power 3.66525e-08
I0315 03:01:28.450162 2851143 lm_feature_timing.cpp:137] net dpath/b_mux_out[4] resistance 33.384 cap 0.000910148 slew 0.00375609 delay 0.0123328 power 8.73438e-08
I0315 03:01:28.443706 2851281 lm_feature_timing.cpp:80] node dpath/a_lt_b/n16:424345 resistance 8.56 cap 0.000611371 slew 0.024183 delay 0.00569383 power 9.9042e-06
I0315 03:01:28.443746 2851240 lm_feature_timing.cpp:80] node dpath/a_lt_b/n7:384758 resistance 0 cap 0.00179146 slew 0.021289 delay 0 power 3.26494e-05
I0315 03:01:28.450210 2851152 lm_feature_timing.cpp:125] build net dpath/sub/n36 feature 
I0315 03:01:28.450207 2851221 lm_feature_timing.cpp:80] node dpath/a_lt_b/n32:838951 resistance 14.552 cap 0.000749362 slew 0.020978 delay 0.0165318 power 6.06984e-06
I0315 03:00:28.460400 2851203 lm_feature_timing.cpp:80] node dpath/a_reg_out[14]:484439 resistance 13.696 cap 0.000478098 slew 0.040448 delay 0.0569536 power 6.68004e-05
I0315 03:01:28.440531 2851266 lm_feature_timing.cpp:80] node dpath/b_mux_out[1]:394802 resistance 0 cap 0.000901143 slew 0.017 delay 0 power 0.000105656
I0315 03:01:28.443830 2851169 lm_feature_timing.cpp:80] node dpath/b_mux/U15:Z resistance 0 cap 0.000991587 slew 0.017469 delay 0 power 0.000137232
I0315 03:01:28.450268 2851281 lm_feature_timing.cpp:80] node dpath/a_lt_b/n16:422673 resistance 5.136 cap 0.000647979 slew 0.024183 delay 0.0036005 power 1.04973e-05
I0315 03:00:28.460561 2851230 lm_feature_timing.cpp:80] node dpath/a_reg_out[1]:377209 resistance 44.94 cap 0.00129292 slew 0.0420913 delay 0.183949 power 7.01904e-05
I0315 03:01:28.443888 2851136 lm_feature_timing.cpp:80] node dpath/a_lt_b/n36:471057 resistance 17.976 cap 0.00067226 slew 0.045927 delay 0.0152552 power 1.57437e-05
I0315 03:01:28.443890 2851209 lm_feature_timing.cpp:80] node dpath/a_mux_out[8]:1491073 resistance 9.844 cap 0.00163291 slew 0.021299 delay 0.0170546 power 0.000189953
I0315 03:00:28.460654 2851268 lm_feature_timing.cpp:80] node dpath/a_reg_out[2]:1076153 resistance 42.372 cap 0.00375161 slew 0.0429064 delay 0.204394 power 0.000213097
I0315 03:01:28.440604 2851267 lm_feature_timing.cpp:80] node dpath/a_mux/n1:449217 resistance 4.28 cap 0.000770004 slew 0.035457 delay 0.00337874 power 4.35559e-05
I0315 03:01:28.443948 2851277 lm_feature_timing.cpp:80] node dpath/a_mux_out[5]:733515 resistance 0.428 cap 0.00122102 slew 0.017957 delay 0.00052595 power 0.000125202
I0315 03:01:28.440699 2851215 lm_feature_timing.cpp:125] build net dpath/sub/n28 feature 
I0315 03:01:28.443970 2851218 lm_feature_timing.cpp:80] node dpath/b_reg_out[2]:379765 resistance 41.516 cap 0.00058826 slew 0.0356292 delay 0.122586 power 7.4853e-05
I0315 03:01:28.450479 2851277 lm_feature_timing.cpp:80] node dpath/a_mux_out[5]:731883 resistance 22.684 cap 0.000778593 slew 0.017957 delay 0.0227076 power 7.98356e-05
I0315 03:01:28.440717 2851223 lm_feature_timing.cpp:80] node dpath/CTS_1:484705 resistance 83.888 cap 0.000433909 slew 0.000853081 delay 0.737685 power 0.000140587
I0315 03:01:28.450491 2851268 lm_feature_timing.cpp:80] node dpath/a_reg_out[2]:1076145 resistance 38.948 cap 0.00378822 slew 0.0429064 delay 0.191548 power 0.000215176
I0315 03:01:28.450505 2851152 lm_feature_timing.cpp:80] node dpath/sub/n36:381487 resistance 1.284 cap 0.00224872 slew 0.025161 delay 0.00288736 power 1.82146e-05
I0315 03:01:28.450526 2851223 lm_feature_timing.cpp:80] node dpath/CTS_1:836665 resistance 83.888 cap 0.000445851 slew 0.000853081 delay 0.737685 power 0.000144456
I0315 03:01:28.440735 2851177 lm_feature_timing.cpp:125] build net dpath/sub/n29 feature 
I0315 03:01:28.450539 2851218 lm_feature_timing.cpp:80] node dpath/b_reg_out[2]:379766 resistance 41.944 cap 0.000580429 slew 0.0356292 delay 0.122835 power 7.38565e-05
I0315 03:01:28.450560 2851223 lm_feature_timing.cpp:80] node dpath/CTS_1:836663 resistance 83.032 cap 0.00696114 slew 0.000853081 delay 0.737304 power 0.00225541
I0315 03:00:28.460732 2851156 lm_feature_timing.cpp:80] node dpath/a_reg_out[12]:1170845 resistance 50.932 cap 0.00075694 slew 0.0441404 delay 0.190284 power 7.13281e-05
I0315 03:01:28.450580 2851152 lm_feature_timing.cpp:80] node dpath/sub/n36:733447 resistance 1.284 cap 0.00223267 slew 0.025161 delay 0.00288736 power 1.80846e-05
I0315 03:01:28.444049 2851199 lm_feature_timing.cpp:80] node dpath/a_reg/n8:404249 resistance 3.424 cap 0.00082964 slew 0.01695 delay 0.00284069 power 5.48172e-05
I0315 03:01:28.450613 2851218 lm_feature_timing.cpp:80] node dpath/b_reg_out[2]:372210 resistance 54.784 cap 0.000656217 slew 0.0356292 delay 0.133033 power 8.35001e-05
I0315 03:01:28.444100 2851159 lm_feature_timing.cpp:80] node dpath/b_mux_out[5]:741045 resistance 4.708 cap 0.000992369 slew 0.018108 delay 0.00490249 power 0.000121059
I0315 03:01:28.450646 2851152 lm_feature_timing.cpp:80] node dpath/sub/n36:381484 resistance 0 cap 0.00226477 slew 0.025161 delay 0 power 1.83447e-05
I0315 03:01:28.450651 2851156 lm_feature_timing.cpp:80] node dpath/a_reg_out[12]:1170847 resistance 51.788 cap 0.000744998 slew 0.0441404 delay 0.190922 power 7.02028e-05
I0315 03:01:28.441023 2851161 lm_feature_timing.cpp:80] node dpath/b_reg/FE_OFN2_ctrl_b_reg_en_0:823209 resistance 130.54 cap 0.000735812 slew 0.0278504 delay 0.728667 power 5.55824e-05
I0315 03:01:28.450685 2851218 lm_feature_timing.cpp:80] node dpath/b_reg_out[2]:724170 resistance 54.784 cap 0.00078738 slew 0.0356292 delay 0.133033 power 0.00010019
I0315 03:01:28.450692 2851199 lm_feature_timing.cpp:80] node dpath/a_reg/n8:756209 resistance 3.424 cap 0.000793032 slew 0.01695 delay 0.00284069 power 5.23984e-05
I0315 03:01:28.441095 2851229 lm_feature_timing.cpp:80] node ctrl/n2:447590 resistance 14.124 cap 0.000653211 slew 0.023799 delay 0.0115109 power 5.29101e-06
I0315 03:01:28.444253 2851210 lm_feature_timing.cpp:80] node dpath/a_mux/U11:ZN resistance 0 cap 0.00080583 slew 0.035087 delay 0 power 4.55825e-05
I0315 03:01:28.450750 2851161 lm_feature_timing.cpp:80] node dpath/b_reg/FE_OFN2_ctrl_b_reg_en_0:818181 resistance 125.404 cap 0.00152096 slew 0.0278504 delay 0.724888 power 0.000114891
I0315 03:01:28.441171 2851180 lm_feature_timing.cpp:80] node dpath/a_lt_b/n19:460373 resistance 3.852 cap 0.0010249 slew 0.017501 delay 0.00394793 power 1.73676e-05
I0315 03:01:28.441198 2851151 lm_feature_timing.cpp:80] node dpath/a_reg/U13:A1 resistance 269.212 cap 0.000625986 slew 0.0402399 delay 2.53901 power 5.07049e-06
I0315 03:01:28.444357 2851216 lm_feature_timing.cpp:80] node dpath/a_reg/U5:A2 resistance 22.256 cap 0.000574604 slew 0.016859 delay 0.0176927 power 0.000101935
I0315 03:01:28.450839 2851161 lm_feature_timing.cpp:80] node dpath/b_reg/FE_OFN2_ctrl_b_reg_en_0:1170141 resistance 125.404 cap 0.00170556 slew 0.0278504 delay 0.724888 power 0.000128836
I0315 03:01:28.450839 2851177 lm_feature_timing.cpp:80] node dpath/sub/n29:806501 resistance 5.136 cap 0.00174667 slew 0.016232 delay 0.0089709 power 0.000304639
I0315 03:01:28.450863 2851180 lm_feature_timing.cpp:80] node dpath/a_lt_b/n19:460382 resistance 0 cap 0.00106562 slew 0.017501 delay 0 power 1.80576e-05
I0315 03:01:28.444380 2851217 lm_feature_timing.cpp:80] node dpath/b_mux_out[9]:464532 resistance 0 cap 0.000769589 slew 0.016298 delay 0 power 9.74192e-05
I0315 03:01:28.444411 2851208 lm_feature_timing.cpp:137] net dpath/b_reg/n5 resistance 21.4 cap 0.00078481 slew 0.00140831 delay 0.00721337 power 8.12634e-08
I0315 03:01:28.444415 2851211 lm_feature_timing.cpp:80] node dpath/sub/n34:736891 resistance 0 cap 0.00197747 slew 0.023554 delay 0 power 1.60175e-05
I0315 03:01:28.450914 2851161 lm_feature_timing.cpp:80] node dpath/b_reg/FE_OFN2_ctrl_b_reg_en_0:415937 resistance 113.42 cap 0.000666315 slew 0.0278472 delay 0.524367 power 5.03326e-05
I0315 03:01:28.441350 2851185 lm_feature_timing.cpp:80] node dpath/a_reg/n19:502282 resistance 15.408 cap 0.000769199 slew 1.62812e-05 delay 0.0134042 power 0
I0315 03:01:28.450927 2851151 lm_feature_timing.cpp:80] node ctrl_a_reg_en_0_:752845 resistance 269.212 cap 0.000662595 slew 0.0402399 delay 2.53901 power 5.36702e-06
I0315 03:01:28.441553 2851138 lm_feature_timing.cpp:80] node dpath/a_lt_b/U6:ZN resistance 0 cap 0.00081789 slew 0.024902 delay 0 power 1.32498e-05
I0315 03:01:28.450981 2851161 lm_feature_timing.cpp:80] node dpath/b_reg/FE_OFN2_ctrl_b_reg_en_0:767897 resistance 113.42 cap 0.00157479 slew 0.0278472 delay 0.524367 power 0.000118958
I0315 03:01:28.444491 2851168 lm_feature_timing.cpp:80] node dpath/sub/U16:CI resistance 5.992 cap 0.00130796 slew 0.014737 delay 0.00820446 power 0.000150621
I0315 03:00:28.461385 2851198 lm_feature_timing.cpp:80] node clk:1457341 resistance 68.48 cap 0.005291 slew 0.000474042 delay 0.377734 power 0.00171428
I0315 03:01:28.444537 2851157 lm_feature_timing.cpp:80] node dpath/a_mux/FE_OFN3_ctrl_a_mux_sel_1:437599 resistance 6.42 cap 0.0121827 slew 0.0264706 delay 0.0785417 power 0.000390079
I0315 03:01:28.451059 2851138 lm_feature_timing.cpp:80] node dpath/a_lt_b/n23:835767 resistance 5.136 cap 0.000740952 slew 0.024902 delay 0.00390273 power 1.20034e-05
I0315 03:01:28.451079 2851198 lm_feature_timing.cpp:80] node clk:1412927 resistance 23.112 cap 0.00573049 slew 0.000328255 delay 0.137692 power 0.00185668
I0315 03:01:28.451083 2851168 lm_feature_timing.cpp:80] node dpath/sub/n33:731039 resistance 5.992 cap 0.00136923 slew 0.014737 delay 0.00820446 power 0.000157678
I0315 03:01:28.451112 2851198 lm_feature_timing.cpp:80] node clk:1764887 resistance 23.112 cap 0.00593154 slew 0.000328255 delay 0.137692 power 0.00192182
I0315 03:00:28.461405 2851183 lm_feature_timing.cpp:80] node dpath/a_reg/n2:738327 resistance 0.428 cap 0.000736259 slew 0.016259 delay 0.00031847 power 3.38013e-05
I0315 03:01:28.441730 2851233 lm_feature_timing.cpp:80] node dpath/b_mux_out[12]:464417 resistance 1.284 cap 0.000737091 slew 0.01617 delay 0.000946425 power 0.000101143
I0315 03:01:28.441757 2851242 lm_feature_timing.cpp:80] node dpath/b_reg/n8:416775 resistance 0 cap 0.00107258 slew 0.018037 delay 0 power 0.000138967
I0315 03:01:28.451157 2851168 lm_feature_timing.cpp:80] node dpath/sub/U17:CO resistance 0 cap 0.00143051 slew 0.014737 delay 0 power 0.000164734
I0315 03:01:28.441792 2851207 lm_feature_timing.cpp:80] node dpath/a_reg/n12:1201123 resistance 28.248 cap 0.00093923 slew 0.020481 delay 0.0343711 power 7.60777e-06
I0315 03:01:28.444670 2851135 lm_feature_timing.cpp:80] node dpath/a_lt_b/n24:482965 resistance 6.848 cap 0.000743459 slew 0.019989 delay 0.00599333 power 0
I0315 03:00:28.458849 2851269 lm_feature_timing.cpp:80] node dpath/b_reg_out[11]:448583 resistance 64.628 cap 0.000530462 slew 0.0414827 delay 0.238763 power 7.21291e-05
I0315 03:01:28.451265 2851168 lm_feature_timing.cpp:80] node dpath/sub/n33:726009 resistance 0 cap 0.00143051 slew 0.014737 delay 0 power 0.000164734
I0315 03:01:28.444684 2851182 lm_feature_timing.cpp:137] net dpath/b_mux_out[3] resistance 29.96 cap 0.000884699 slew 0.00286891 delay 0.0109079 power 8.40403e-08
I0315 03:01:28.451295 2851207 lm_feature_timing.cpp:80] node dpath/a_reg/n12:479605 resistance 9.416 cap 0.00140261 slew 0.020481 delay 0.013207 power 1.13611e-05
I0315 03:01:28.451306 2851135 lm_feature_timing.cpp:80] node dpath/a_lt_b/n24:482949 resistance 0 cap 0.0014621 slew 0.019989 delay 0 power 0
I0315 03:01:28.444751 2851232 lm_feature_timing.cpp:80] node dpath/b_zero/n4:445151 resistance 0.856 cap 0.00140629 slew 0.016176 delay 0.00120379 power 4.55639e-05
I0315 03:01:28.451333 2851168 lm_feature_timing.cpp:80] node dpath/sub/n33:731039 resistance 5.992 cap 0.00136923 slew 0.014737 delay 0.00820446 power 0.000157678
I0315 03:01:28.444774 2851191 lm_feature_timing.cpp:80] node ctrl/next_state__0[1]:1130515 resistance 17.12 cap 0.000749426 slew 0.030897 delay 0.0129773 power 6.84247e-05
I0315 03:01:28.444818 2851286 lm_feature_timing.cpp:80] node dpath/b_reg_out[4]:744411 resistance 49.648 cap 0.00094321 slew 0.0371373 delay 0.161818 power 0.00012112
I0315 03:01:28.451368 2851207 lm_feature_timing.cpp:80] node dpath/a_reg/n12:831565 resistance 9.416 cap 0.00130844 slew 0.020481 delay 0.013207 power 1.05984e-05
I0315 03:01:28.451377 2851135 lm_feature_timing.cpp:80] node dpath/a_lt_b/n24:482952 resistance 1.284 cap 0.00144605 slew 0.019989 delay 0.00185672 power 0
I0315 03:01:28.451393 2851191 lm_feature_timing.cpp:80] node ctrl/next_state__0[1]:1130553 resistance 0.856 cap 0.000909366 slew 0.030897 delay 0.00078864 power 8.30277e-05
I0315 03:01:28.444849 2851165 lm_feature_timing.cpp:80] node dpath/a_reg_out[8]:438568 resistance 60.776 cap 0.000889868 slew 0.0475416 delay 0.251905 power 6.28863e-05
I0315 03:01:28.451395 2851232 lm_feature_timing.cpp:80] node dpath/b_zero/n4:797111 resistance 0.856 cap 0.00139435 slew 0.016176 delay 0.00120379 power 4.51769e-05
I0315 03:01:28.451419 2851286 lm_feature_timing.cpp:80] node dpath/b_reg_out[4]:392421 resistance 36.808 cap 0.00190286 slew 0.0371373 delay 0.139016 power 0.000244351
I0315 03:01:28.451435 2851165 lm_feature_timing.cpp:80] node dpath/a_reg_out[8]:438568 resistance 60.776 cap 0.000889868 slew 0.0475416 delay 0.251905 power 6.28863e-05
I0315 03:01:28.451440 2851207 lm_feature_timing.cpp:80] node dpath/a_reg/n12:479583 resistance 0 cap 0.00149677 slew 0.020481 delay 0 power 1.21239e-05
I0315 03:01:28.451457 2851286 lm_feature_timing.cpp:80] node dpath/b_reg_out[4]:392451 resistance 49.648 cap 0.00177581 slew 0.0371373 delay 0.161818 power 0.000228036
I0315 03:01:28.451454 2851135 lm_feature_timing.cpp:80] node dpath/a_lt_b/U28:A2 resistance 3.852 cap 0.000572598 slew 0.019989 delay 0.00340005 power 0
I0315 03:01:28.446869 2851243 lm_feature_timing.cpp:80] node dpath/b_reg/U11:Z resistance 0 cap 0.00083336 slew 0.016665 delay 0 power 0.000108451
I0315 03:01:28.446913 2851226 lm_feature_timing.cpp:80] node dpath/a_lt_b/n18:487186 resistance 0 cap 0.00150731 slew 0.021423 delay 0 power 1.22092e-05
I0315 03:00:28.461856 2851282 lm_feature_timing.cpp:80] node dpath/a_reg_out[13]:1172485 resistance 52.216 cap 0.000712892 slew 0.0381302 delay 0.162192 power 6.8857e-05
I0315 03:01:28.446938 2851195 lm_feature_timing.cpp:80] node dpath/sub/n14:384737 resistance 0.856 cap 0.00233172 slew 0.024598 delay 0.00199595 power 1.88869e-05
I0315 03:01:28.446990 2851255 lm_feature_timing.cpp:80] node dpath/b_reg_out[13]:485320 resistance 35.952 cap 0.000604812 slew 0.0469444 delay 0.185719 power 8.2975e-05
I0315 03:01:28.446997 2851228 lm_feature_timing.cpp:80] node dpath/b_reg/U4:A2 resistance 15.408 cap 0.000574604 slew 0.01702 delay 0.0113759 power 0.000105256
I0315 03:01:28.447048 2851283 lm_feature_timing.cpp:80] node dpath/a_mux/n7:371469 resistance 11.128 cap 0.000676622 slew 0.036128 delay 0.0087603 power 3.82737e-05
I0315 03:01:28.442350 2851246 lm_feature_timing.cpp:80] node dpath/a_lt_b/n9:741091 resistance 15.408 cap 0.000731166 slew 0.031625 delay 0.0135469 power 1.18449e-05
I0315 03:01:28.451647 2851195 lm_feature_timing.cpp:80] node dpath/sub/n14:725803 resistance 11.984 cap 0.00220917 slew 0.024598 delay 0.0265796 power 1.78943e-05
I0315 03:01:28.442353 2851270 lm_feature_timing.cpp:80] node dpath/a_reg/n14:859153 resistance 32.956 cap 0.000880537 slew 0.018996 delay 0.0291577 power 8.29749e-05
I0315 03:01:28.447085 2851225 lm_feature_timing.cpp:80] node dpath/a_reg_out[3]:755247 resistance 26.108 cap 0.000795113 slew 0.0423961 delay 0.0692912 power 4.7037e-05
I0315 03:01:28.447124 2851172 lm_feature_timing.cpp:80] node dpath/b_reg/n16:813845 resistance 1.284 cap 0.000867813 slew 0.01706 delay 0.00113488 power 0.000142406
I0315 03:01:28.442559 2851271 lm_feature_timing.cpp:80] node dpath/a_reg_out[6]:752805 resistance 49.22 cap 0.000716612 slew 0.0449412 delay 0.171558 power 4.73491e-05
I0315 03:01:28.447140 2851262 lm_feature_timing.cpp:80] node dpath/a_lt_b/n15:1130791 resistance 2.14 cap 0.000854871 slew 0.021785 delay 0.00354955 power 6.92446e-06
I0315 03:01:28.451747 2851270 lm_feature_timing.cpp:80] node dpath/a_reg/n14:828985 resistance 0.428 cap 0.0011967 slew 0.018996 delay 0.000515539 power 0.000112768
I0315 03:01:28.447152 2851214 lm_feature_timing.cpp:80] node dpath/a_lt_b/n14:400033 resistance 15.836 cap 0.000624084 slew 0.020585 delay 0.0126448 power 5.05508e-06
I0315 03:01:28.451772 2851271 lm_feature_timing.cpp:80] node dpath/a_reg_out[6]:755319 resistance 51.788 cap 0.000688225 slew 0.0449412 delay 0.173325 power 4.54735e-05
I0315 03:01:28.447160 2851194 lm_feature_timing.cpp:80] node dpath/b_reg_out[6]:777083 resistance 60.348 cap 0.000579298 slew 0.0373513 delay 0.178131 power 7.50554e-05
I0315 03:01:28.449136 2851280 lm_feature_timing.cpp:137] net dpath/a_lt_b/n31 resistance 53.072 cap 0.00115242 slew 0.00720821 delay 0.0235908 power 2.11821e-08
I0315 03:01:28.442620 2851291 lm_feature_timing.cpp:80] node dpath/a_lt_b/n35:486121 resistance 12.84 cap 0.000425821 slew 0.033561 delay 0.0174185 power 9.97058e-06
I0315 03:01:28.449234 2851190 lm_feature_timing.cpp:80] node dpath/b_reg_out[14]:1169125 resistance 14.98 cap 0.00193195 slew 0.040176 delay 0.0379931 power 0.000312976
I0315 03:01:28.449265 2851265 lm_feature_timing.cpp:80] node dpath/a_mux/n15:440193 resistance 17.12 cap 0.00062357 slew 0.036668 delay 0.0131124 power 3.52728e-05
I0315 03:01:28.449275 2851285 lm_feature_timing.cpp:80] node dpath/a_mux_out[2]:381422 resistance 0 cap 0.0008107 slew 0.015615 delay 0 power 7.18218e-05
I0315 03:01:28.449261 2851158 lm_feature_timing.cpp:80] node ctrl/n1:781107 resistance 23.54 cap 0.000694547 slew 0.029815 delay 0.021935 power 1.12517e-05
I0315 03:01:28.451884 2851291 lm_feature_timing.cpp:80] node dpath/a_lt_b/n35:838081 resistance 12.84 cap 0.00122804 slew 0.033561 delay 0.0174185 power 2.87546e-05
I0315 03:01:28.451894 2851190 lm_feature_timing.cpp:80] node dpath/b_reg_out[14]:1169145 resistance 23.54 cap 0.00184601 slew 0.040176 delay 0.053795 power 0.000299054
I0315 03:01:28.451908 2851285 lm_feature_timing.cpp:80] node dpath/a_mux_out[2]:386464 resistance 11.128 cap 0.00063999 slew 0.015615 delay 0.00766962 power 5.66982e-05
I0315 03:01:28.449319 2851137 lm_feature_timing.cpp:80] node ctrl_a_mux_sel[0]:441722 resistance 9.416 cap 0.000630923 slew 0.048136 delay 0.0242204 power 2.02015e-05
I0315 03:01:28.451920 2851265 lm_feature_timing.cpp:80] node dpath/a_mux/U31:ZN resistance 0 cap 0.000945607 slew 0.036668 delay 0 power 5.34891e-05
I0315 03:01:28.451957 2851137 lm_feature_timing.cpp:80] node ctrl_a_mux_sel[0]:441715 resistance 6.42 cap 0.000663421 slew 0.048136 delay 0.0223302 power 2.12421e-05
I0315 03:01:28.451965 2851291 lm_feature_timing.cpp:80] node dpath/a_lt_b/U34:ZN resistance 0 cap 0.00149703 slew 0.033561 delay 0 power 3.50528e-05
I0315 03:01:28.449378 2851142 lm_feature_timing.cpp:80] node dpath/a_reg/n5:735979 resistance 7.704 cap 0.00101797 slew 0.018395 delay 0.00791213 power 6.02205e-05
I0315 03:00:28.459751 2851179 lm_feature_timing.cpp:80] node dpath/b_mux_out[2]:1113833 resistance 26.536 cap 0.000762149 slew 0.019314 delay 0.027125 power 9.03172e-05
I0315 03:01:28.452014 2851265 lm_feature_timing.cpp:80] node dpath/a_mux/n15:784593 resistance 0 cap 0.000945607 slew 0.036668 delay 0 power 5.34891e-05
I0315 03:01:28.449429 2851181 lm_feature_timing.cpp:137] net dpath/a_lt_b/n6 resistance 36.808 cap 0.00104822 slew 0.00663111 delay 0.0158869 power 1.37548e-08
I0315 03:01:28.449431 2851167 lm_feature_timing.cpp:80] node ctrl/n4:779445 resistance 14.552 cap 0.000928497 slew 0.029179 delay 0.0141416 power 6.7621e-05
I0315 03:01:28.449426 2851236 lm_feature_timing.cpp:80] node ctrl_b_mux_sel_0_:812969 resistance 39.376 cap 0.000625986 slew 0.0310423 delay 0.700134 power 6.08011e-05
I0315 03:01:28.452080 2851179 lm_feature_timing.cpp:80] node dpath/b_mux_out[2]:1113851 resistance 34.24 cap 0.00068443 slew 0.019314 delay 0.0323978 power 8.11072e-05
I0315 03:01:28.452105 2851167 lm_feature_timing.cpp:80] node ctrl/n4:1131405 resistance 14.552 cap 0.000826112 slew 0.029179 delay 0.0141416 power 6.01644e-05
I0315 03:01:28.452142 2851167 lm_feature_timing.cpp:80] node ctrl/n4:1131397 resistance 17.976 cap 0.000789503 slew 0.029179 delay 0.0168448 power 5.74983e-05
I0315 03:01:28.442962 2851193 lm_feature_timing.cpp:80] node dpath/sub/U15:CO resistance 0 cap 0.00166073 slew 0.015835 delay 0 power 0.000265054
I0315 03:01:28.449512 2851175 lm_feature_timing.cpp:80] node dpath/sub/n20:445237 resistance 0.856 cap 0.00215385 slew 0.024344 delay 0.0018437 power 1.74462e-05
I0315 03:01:28.452168 2851167 lm_feature_timing.cpp:80] node ctrl/n4:1131405 resistance 14.552 cap 0.000826112 slew 0.029179 delay 0.0141416 power 6.01644e-05
I0315 03:01:28.449543 2851251 lm_feature_timing.cpp:80] node dpath/a_lt_b/n11:752823 resistance 0 cap 0.00154161 slew 0.030248 delay 0 power 2.49741e-05
I0315 03:01:28.443084 2851257 lm_feature_timing.cpp:80] node dpath/a_reg_out[11]:484586 resistance 16.264 cap 0.000607275 slew 0.0394352 delay 0.0821516 power 5.56986e-05
I0315 03:01:28.449621 2851220 lm_feature_timing.cpp:80] node dpath/a_reg_out[5]:389111 resistance 60.348 cap 0.000863046 slew 0.0410005 delay 0.230873 power 5.50403e-05
I0315 03:01:28.443159 2842323 lm_feature_timing.cpp:80] node dpath/a_lt_b/n8:1090531 resistance 47.08 cap 0.00106416 slew 0.053906 delay 0.050494 power 1.71552e-05
I0315 03:01:28.449635 2851273 lm_feature_timing.cpp:80] node dpath/a_reg_out[15]:828017 resistance 10.272 cap 0.00145341 slew 0.027745 delay 0.0201222 power 0.000147093
I0315 03:01:28.452243 2851220 lm_feature_timing.cpp:80] node dpath/a_reg_out[5]:741071 resistance 60.348 cap 0.000891433 slew 0.0410005 delay 0.230873 power 5.68506e-05
I0315 03:00:28.455860 2851279 lm_feature_timing.cpp:80] node dpath/b_reg_out[0]:763587 resistance 39.376 cap 0.000803373 slew 0.0405594 delay 0.141174 power 0.000100037
I0315 03:01:28.443210 2851150 lm_feature_timing.cpp:80] node dpath/b_reg/n1:819861 resistance 18.404 cap 0.000773748 slew 0.041398 delay 0.0294521 power 5.8448e-05
I0315 03:01:28.452256 2842323 lm_feature_timing.cpp:137] net dpath/a_lt_b/n8 resistance 95.016 cap 0.00153576 slew 0.0268406 delay 0.0507545 power 2.00538e-08
I0315 03:01:28.449698 2851248 lm_feature_timing.cpp:80] node dpath/b_reg/n12:1193573 resistance 25.68 cap 0.000891697 slew 0.019979 delay 0.0293287 power 7.75877e-05
I0315 03:00:28.459941 2851222 lm_feature_timing.cpp:80] node dpath/b_reg/n6:404152 resistance 0 cap 0.000883475 slew 0.016914 delay 0 power 0.000113449
I0315 03:01:28.449726 2851201 lm_feature_timing.cpp:80] node dpath/b_reg/n2:407417 resistance 0 cap 0.00094103 slew 0.017303 delay 0 power 0.000117179
I0315 03:01:28.443276 2851178 lm_feature_timing.cpp:80] node dpath/a_reg_out[9]:477105 resistance 51.36 cap 0.000483633 slew 0.0459835 delay 0.220303 power 3.52892e-05
I0315 03:01:28.443310 2851196 lm_feature_timing.cpp:80] node dpath/a_reg_out[7]:1129913 resistance 58.636 cap 0.000806273 slew 0.0402571 delay 0.137144 power 5.51261e-05
I0315 03:01:28.449779 2851219 lm_feature_timing.cpp:80] node dpath/a_reg_out[0]:738355 resistance 7.704 cap 0.00305192 slew 0.039044 delay 0.0305856 power 0.000140112
I0315 03:01:28.452380 2851222 lm_feature_timing.cpp:80] node dpath/b_reg/n6:404145 resistance 2.996 cap 0.000850978 slew 0.016914 delay 0.00254953 power 0.000109276
I0315 03:01:28.449765 2851155 lm_feature_timing.cpp:80] node dpath/a_lt_b/n12:394981 resistance 3.852 cap 0.00158935 slew 0.020683 delay 0.00612218 power 1.28737e-05
I0315 03:01:28.452411 2851178 lm_feature_timing.cpp:80] node dpath/a_reg_out[9]:477097 resistance 52.216 cap 0.000971107 slew 0.0459835 delay 0.22176 power 7.08586e-05
I0315 03:01:28.452432 2851222 lm_feature_timing.cpp:80] node dpath/b_reg/n6:756105 resistance 2.996 cap 0.00081848 slew 0.016914 delay 0.00254953 power 0.000105103
I0315 03:01:28.449846 2851186 lm_feature_timing.cpp:80] node dpath/a_mux/n9:431004 resistance 18.404 cap 0.000647454 slew 0.037386 delay 0.0148281 power 3.66238e-05
I0315 03:01:28.452461 2851222 lm_feature_timing.cpp:137] net dpath/b_reg/n6 resistance 31.672 cap 0.000883475 slew 0.00328954 delay 0.0114275 power 9.18938e-08
I0315 03:01:28.449913 2851204 lm_feature_timing.cpp:80] node dpath/b_reg/n11:843335 resistance 27.82 cap 0.00095219 slew 0.019352 delay 0.027783 power 0.000125009
I0315 03:01:28.449932 2851187 lm_feature_timing.cpp:80] node dpath/b_zero/n3:784577 resistance 26.536 cap 0.00102062 slew 0.016811 delay 0.0309579 power 3.30682e-05
I0315 03:01:28.452486 2851178 lm_feature_timing.cpp:80] node dpath/a_reg_out[9]:829057 resistance 52.216 cap 0.000946832 slew 0.0459835 delay 0.22176 power 6.90873e-05
I0315 03:01:28.449968 2851254 lm_feature_timing.cpp:80] node dpath/b_reg/n14:819763 resistance 8.132 cap 0.00124603 slew 0.020042 delay 0.0107982 power 0.000170211
I0315 03:01:28.449959 2851256 lm_feature_timing.cpp:80] node dpath/b_reg_out[3]:1123155 resistance 9.844 cap 0.00139758 slew 0.0411981 delay 0.0434776 power 0.000178658
