Log file created at: 2025/01/13 12:07:39
Running on machine: 167-ai-eda
Log line format: [IWEF]mmdd hh:mm:ss.uuuuuu threadid file:line] msg
I0113 12:07:39.655805 1661160 lm_layout_init.cpp:65] Via number : 465
I0113 12:07:39.655952 1661160 lm_layout_init.cpp:132] Layer number : 20
I0113 12:07:39.656013 1661160 lm_layout_init.cpp:153] LM init tracks start...
I0113 12:07:39.656605 1661160 lm_layout_init.cpp:191] LM layer order : 0, row = 420, col = 419
I0113 12:07:39.657171 1661160 lm_layout_init.cpp:191] LM layer order : 1, row = 420, col = 419
I0113 12:07:39.657725 1661160 lm_layout_init.cpp:191] LM layer order : 2, row = 420, col = 419
I0113 12:07:39.658289 1661160 lm_layout_init.cpp:191] LM layer order : 3, row = 420, col = 419
I0113 12:07:39.658847 1661160 lm_layout_init.cpp:191] LM layer order : 4, row = 420, col = 419
I0113 12:07:39.659430 1661160 lm_layout_init.cpp:191] LM layer order : 5, row = 420, col = 419
I0113 12:07:39.659991 1661160 lm_layout_init.cpp:191] LM layer order : 6, row = 420, col = 419
I0113 12:07:39.660562 1661160 lm_layout_init.cpp:191] LM layer order : 7, row = 420, col = 419
I0113 12:07:39.661120 1661160 lm_layout_init.cpp:191] LM layer order : 8, row = 420, col = 419
I0113 12:07:39.661690 1661160 lm_layout_init.cpp:191] LM layer order : 9, row = 420, col = 419
I0113 12:07:39.662247 1661160 lm_layout_init.cpp:191] LM layer order : 10, row = 420, col = 419
I0113 12:07:39.662824 1661160 lm_layout_init.cpp:191] LM layer order : 11, row = 420, col = 419
I0113 12:07:39.663388 1661160 lm_layout_init.cpp:191] LM layer order : 12, row = 420, col = 419
I0113 12:07:39.663959 1661160 lm_layout_init.cpp:191] LM layer order : 13, row = 420, col = 419
I0113 12:07:39.664513 1661160 lm_layout_init.cpp:191] LM layer order : 14, row = 420, col = 419
I0113 12:07:39.665078 1661160 lm_layout_init.cpp:191] LM layer order : 15, row = 420, col = 419
I0113 12:07:39.665635 1661160 lm_layout_init.cpp:191] LM layer order : 16, row = 420, col = 419
I0113 12:07:39.666203 1661160 lm_layout_init.cpp:191] LM layer order : 17, row = 420, col = 419
I0113 12:07:39.666757 1661160 lm_layout_init.cpp:191] LM layer order : 18, row = 420, col = 419
I0113 12:07:39.667333 1661160 lm_layout_init.cpp:191] LM layer order : 19, row = 420, col = 419
I0113 12:07:39.667341 1661160 lm_layout_init.cpp:170] LM memory usage 27.764 MB
I0113 12:07:39.667387 1661160 lm_layout_init.cpp:171] LM elapsed time 0.011377 s
I0113 12:07:39.667397 1661160 lm_layout_init.cpp:173] LM init tracks end...
I0113 12:07:39.667409 1661160 lm_layout_init.cpp:245] LM init PDN start...
I0113 12:07:39.694653 1661328 lm_layout_init.cpp:335] Read segment : 285 / 285
I0113 12:07:39.722098 1661257 lm_layout_init.cpp:335] Read segment : 285 / 285
I0113 12:07:39.740312 1661160 lm_layout_init.cpp:345] LM memory usage 11428.6 MB
I0113 12:07:39.740387 1661160 lm_layout_init.cpp:346] LM elapsed time 0.072981 s
I0113 12:07:39.740401 1661160 lm_layout_init.cpp:347] LM init PDN end...
I0113 12:07:39.740425 1661160 lm_layout_init.cpp:354] LM init instances start...
I0113 12:07:39.740525 1661160 lm_layout_init.cpp:395] Read instance : 297 / 297
I0113 12:07:39.753062 1661160 lm_layout_init.cpp:403] LM memory usage 0 MB
I0113 12:07:39.753103 1661160 lm_layout_init.cpp:404] LM elapsed time 0.012679 s
I0113 12:07:39.753108 1661160 lm_layout_init.cpp:406] LM init instances end...
I0113 12:07:39.753176 1661160 lm_layout_init.cpp:632] LM init nets start...
I0113 12:07:39.785681 1661348 lm_layout_init.cpp:733] Read nets : 0 / 270
I0113 12:07:39.795040 1661160 lm_layout_init.cpp:738] Read nets : 270 / 270
I0113 12:07:39.795060 1661160 lm_layout_init.cpp:739] LM memory usage 197.928 MB
I0113 12:07:39.795115 1661160 lm_layout_init.cpp:740] LM elapsed time 0.041941 s
I0113 12:07:39.795123 1661160 lm_layout_init.cpp:742] LM init nets end...
I0113 12:07:39.795274 1661160 lm_net_graph_gen.cc:54] Layer number : 19
I0113 12:07:39.805311 1661160 lm_graph_dm.cpp:173] Read nets : 0 / 270
I0113 12:07:40.819443 1661160 lm_graph_dm.cpp:184] Read nets : 270 / 270
I0113 12:07:40.819519 1661160 lm_patch_init.cpp:87] LM patch grid init start...
I0113 12:07:40.819557 1661160 lm_patch_init.cpp:102] Init patch : 0
I0113 12:07:40.837404 1661160 lm_patch_init.cpp:102] Init patch : 1000
I0113 12:07:40.855854 1661160 lm_patch_init.cpp:102] Init patch : 2000
I0113 12:07:40.861666 1661160 lm_patch_init.cpp:107] Init patch : 2304
I0113 12:07:40.861673 1661160 lm_patch_init.cpp:109] LM memory usage 5.94 MB
I0113 12:07:40.861713 1661160 lm_patch_init.cpp:110] LM elapsed time 0.042197 s
I0113 12:07:40.861717 1661160 lm_patch_init.cpp:111] LM patch grid init end...
I0113 12:07:40.861733 1661160 lm_patch_init.cpp:118] LM patch init subnet start...
I0113 12:07:40.862422 1661160 lm_patch_init.cpp:167] Init net : 0 / 270
I0113 12:07:40.935724 1661160 lm_patch_init.cpp:170] Init net : 270 / 270
I0113 12:07:40.935770 1661160 lm_patch_init.cpp:174] LM memory usage 4.896 MB
I0113 12:07:40.935858 1661160 lm_patch_init.cpp:175] LM elapsed time 0.074128 s
I0113 12:07:40.935864 1661160 lm_patch_init.cpp:176] LM patch init subnet end...
I0113 12:07:41.022369 1661160 lm_graph_check.cc:448] Net connected succuss ratio : 270 / 270
W0113 12:07:41.024690 1661160 lm_feature.cpp:35] Drc file not exist, path : /data2/project_share/dataset_baseline/gcd/workspace/output/innovus/feature//gcd_route_baseline_drc.json
I0113 12:07:41.024808 1661160 lm_feature_statis.cpp:44] LM build statis feature start...
I0113 12:07:45.093538 1661286 lm_feature_statis.cpp:153] Read nets : 0 / 270
I0113 12:07:45.103559 1661160 lm_feature_statis.cpp:157] Read nets : 270 / 270
I0113 12:07:45.103577 1661160 lm_feature_statis.cpp:158] LM memory usage 0 MB
I0113 12:07:45.103639 1661160 lm_feature_statis.cpp:159] LM elapsed time 4.07883 s
I0113 12:07:45.103652 1661160 lm_feature_statis.cpp:160] LM build statis feature end...
I0113 12:07:45.103724 1661160 lm_feature_statis.cpp:167] LM feature patch start...
I0113 12:07:45.103751 1661160 lm_feature_statis.cpp:206] Feature patch : 0 / 2304
I0113 12:07:45.116715 1661160 lm_feature_statis.cpp:206] Feature patch : 1000 / 2304
I0113 12:07:45.136356 1661160 lm_feature_statis.cpp:206] Feature patch : 2000 / 2304
I0113 12:07:45.143366 1661160 lm_feature_statis.cpp:212] LM memory usage 0 MB
I0113 12:07:45.143409 1661160 lm_feature_statis.cpp:213] LM elapsed time 0.039695 s
I0113 12:07:45.143414 1661160 lm_feature_statis.cpp:214] LM feature patch end...
I0113 12:07:45.143652 1661160 Sta.cc:300] load lib start
I0113 12:07:45.144457 1661481 Sta.cc:278] read liberty /data/project_share/process_node/dataset_baseline/lib/tcbn28hpcplusbwp30p140ssg0p81v125c_ccs.lib start 
I0113 12:07:45.144500 1661483 Sta.cc:278] read liberty /data/project_share/process_node/dataset_baseline/lib/tcbn28hpcplusbwp30p140hvtssg0p81v125c_ccs.lib start 
I0113 12:07:45.144506 1661481 LibParserRustC.cc:1274] load liberty file /data/project_share/process_node/dataset_baseline/lib/tcbn28hpcplusbwp30p140ssg0p81v125c_ccs.lib
I0113 12:07:45.144516 1661489 Sta.cc:278] read liberty /data/project_share/process_node/dataset_baseline/lib/tcbn28hpcplusbwp30p140opplvtssg0p81v125c_ccs.lib start 
I0113 12:07:45.144554 1661493 Sta.cc:278] read liberty /data/project_share/process_node/dataset_baseline/lib/tcbn28hpcplusbwp35p140hvtssg0p81v125c_ccs.lib start 
I0113 12:07:45.144558 1661483 LibParserRustC.cc:1274] load liberty file /data/project_share/process_node/dataset_baseline/lib/tcbn28hpcplusbwp30p140hvtssg0p81v125c_ccs.lib
I0113 12:07:45.144574 1661492 Sta.cc:278] read liberty /data/project_share/process_node/dataset_baseline/lib/tcbn28hpcplusbwp35p140ssg0p81v125c_ccs.lib start 
I0113 12:07:45.144593 1661493 LibParserRustC.cc:1274] load liberty file /data/project_share/process_node/dataset_baseline/lib/tcbn28hpcplusbwp35p140hvtssg0p81v125c_ccs.lib
I0113 12:07:45.144593 1661486 Sta.cc:278] read liberty /data/project_share/process_node/dataset_baseline/lib/tcbn28hpcplusbwp30p140oppssg0p81v125c_ccs.lib start 
I0113 12:07:45.144631 1661491 Sta.cc:278] read liberty /data/project_share/process_node/dataset_baseline/lib/tcbn28hpcplusbwp30p140oppulvtssg0p81v125c_ccs.lib start 
I0113 12:07:45.144619 1661489 LibParserRustC.cc:1274] load liberty file /data/project_share/process_node/dataset_baseline/lib/tcbn28hpcplusbwp30p140opplvtssg0p81v125c_ccs.lib
I0113 12:07:45.144605 1661490 Sta.cc:278] read liberty /data/project_share/process_node/dataset_baseline/lib/tcbn28hpcplusbwp30p140oppuhvtssg0p81v125c_ccs.lib start 
I0113 12:07:45.144615 1661488 Sta.cc:278] read liberty /data/project_share/process_node/dataset_baseline/lib/tcbn28hpcplusbwp30p140opphvtssg0p81v125c_ccs.lib start 
I0113 12:07:45.144670 1661492 LibParserRustC.cc:1274] load liberty file /data/project_share/process_node/dataset_baseline/lib/tcbn28hpcplusbwp35p140ssg0p81v125c_ccs.lib
I0113 12:07:45.144649 1661487 Sta.cc:278] read liberty /data/project_share/process_node/dataset_baseline/lib/tcbn28hpcplusbwp30p140uhvtssg0p81v125c_ccs.lib start 
I0113 12:07:45.144707 1661484 Sta.cc:278] read liberty /data/project_share/process_node/dataset_baseline/lib/tcbn28hpcplusbwp30p140lvtssg0p81v125c_ccs.lib start 
I0113 12:07:45.144779 1661490 LibParserRustC.cc:1274] load liberty file /data/project_share/process_node/dataset_baseline/lib/tcbn28hpcplusbwp30p140oppuhvtssg0p81v125c_ccs.lib
I0113 12:07:45.144778 1661491 LibParserRustC.cc:1274] load liberty file /data/project_share/process_node/dataset_baseline/lib/tcbn28hpcplusbwp30p140oppulvtssg0p81v125c_ccs.lib
I0113 12:07:45.144786 1661486 LibParserRustC.cc:1274] load liberty file /data/project_share/process_node/dataset_baseline/lib/tcbn28hpcplusbwp30p140oppssg0p81v125c_ccs.lib
I0113 12:07:45.145108 1661484 LibParserRustC.cc:1274] load liberty file /data/project_share/process_node/dataset_baseline/lib/tcbn28hpcplusbwp30p140lvtssg0p81v125c_ccs.lib
I0113 12:07:45.144979 1661487 LibParserRustC.cc:1274] load liberty file /data/project_share/process_node/dataset_baseline/lib/tcbn28hpcplusbwp30p140uhvtssg0p81v125c_ccs.lib
I0113 12:07:45.144971 1661482 Sta.cc:278] read liberty /data/project_share/process_node/dataset_baseline/lib/tcbn28hpcplusbwp30p140mblvtssg0p81v125c_ccs.lib start 
I0113 12:07:45.145005 1661488 LibParserRustC.cc:1274] load liberty file /data/project_share/process_node/dataset_baseline/lib/tcbn28hpcplusbwp30p140opphvtssg0p81v125c_ccs.lib
I0113 12:07:45.145124 1661497 Sta.cc:278] read liberty /data/project_share/process_node/dataset_baseline/lib/tcbn28hpcplusbwp35p140mbssg0p81v125c_ccs.lib start 
I0113 12:07:45.145217 1661482 LibParserRustC.cc:1274] load liberty file /data/project_share/process_node/dataset_baseline/lib/tcbn28hpcplusbwp30p140mblvtssg0p81v125c_ccs.lib
I0113 12:07:45.145051 1661496 Sta.cc:278] read liberty /data/project_share/process_node/dataset_baseline/lib/tcbn28hpcplusbwp35p140lvtssg0p81v125c_ccs.lib start 
I0113 12:07:45.145079 1661485 Sta.cc:278] read liberty /data/project_share/process_node/dataset_baseline/lib/tcbn28hpcplusbwp30p140mbssg0p81v125c_ccs.lib start 
I0113 12:07:45.145020 1661498 Sta.cc:278] read liberty /data/project_share/process_node/dataset_baseline/lib/tcbn28hpcplusbwp35p140mblvtssg0p81v125c_ccs.lib start 
I0113 12:07:45.145246 1661497 LibParserRustC.cc:1274] load liberty file /data/project_share/process_node/dataset_baseline/lib/tcbn28hpcplusbwp35p140mbssg0p81v125c_ccs.lib
I0113 12:07:45.145254 1661496 LibParserRustC.cc:1274] load liberty file /data/project_share/process_node/dataset_baseline/lib/tcbn28hpcplusbwp35p140lvtssg0p81v125c_ccs.lib
I0113 12:07:45.145661 1661485 LibParserRustC.cc:1274] load liberty file /data/project_share/process_node/dataset_baseline/lib/tcbn28hpcplusbwp30p140mbssg0p81v125c_ccs.lib
I0113 12:07:45.145710 1661499 Sta.cc:278] read liberty /data/project_share/process_node/dataset_baseline/lib/tcbn28hpcplusbwp35p140oppssg0p81v125c_ccs.lib start 
I0113 12:07:45.145725 1661498 LibParserRustC.cc:1274] load liberty file /data/project_share/process_node/dataset_baseline/lib/tcbn28hpcplusbwp35p140mblvtssg0p81v125c_ccs.lib
I0113 12:07:45.145711 1661494 Sta.cc:278] read liberty /data/project_share/process_node/dataset_baseline/lib/tcbn28hpcplusbwp35p140opphvtssg0p81v125c_ccs.lib start 
I0113 12:07:45.145776 1661494 LibParserRustC.cc:1274] load liberty file /data/project_share/process_node/dataset_baseline/lib/tcbn28hpcplusbwp35p140opphvtssg0p81v125c_ccs.lib
I0113 12:07:45.145774 1661506 Sta.cc:278] read liberty /data/project_share/process_node/dataset_baseline/lib/tcbn28hpcplusbwp40p140ssg0p81v125c_ccs.lib start 
I0113 12:07:45.145861 1661506 LibParserRustC.cc:1274] load liberty file /data/project_share/process_node/dataset_baseline/lib/tcbn28hpcplusbwp40p140ssg0p81v125c_ccs.lib
I0113 12:07:45.145982 1661495 Sta.cc:278] read liberty /data/project_share/process_node/dataset_baseline/lib/tcbn28hpcplusbwp35p140oppuhvtssg0p81v125c_ccs.lib start 
I0113 12:07:45.145987 1661499 LibParserRustC.cc:1274] load liberty file /data/project_share/process_node/dataset_baseline/lib/tcbn28hpcplusbwp35p140oppssg0p81v125c_ccs.lib
I0113 12:07:45.145998 1661505 Sta.cc:278] read liberty /data/project_share/process_node/dataset_baseline/lib/tcbn28hpcplusbwp35p140uhvtssg0p81v125c_ccs.lib start 
I0113 12:07:45.146064 1661501 Sta.cc:278] read liberty /data/project_share/process_node/dataset_baseline/lib/tcbn28hpcplusbwp40p140hvtssg0p81v125c_ccs.lib start 
I0113 12:07:45.146199 1661510 Sta.cc:278] read liberty /data/project_share/process_node/dataset_baseline/lib/tcbn28hpcplusbwp40p140oppssg0p81v125c_ccs.lib start 
I0113 12:07:45.146209 1661509 Sta.cc:278] read liberty /data/project_share/process_node/dataset_baseline/lib/tcbn28hpcplusbwp40p140mbhvtssg0p81v125c_ccs.lib start 
I0113 12:07:45.146221 1661511 Sta.cc:278] read liberty /data/project_share/process_node/dataset_baseline/lib/tcbn28hpcplusbwp40p140opplvtssg0p81v125c_ccs.lib start 
I0113 12:07:45.146113 1661504 Sta.cc:278] read liberty /data/project_share/process_node/dataset_baseline/lib/tcbn28hpcplusbwp35p140oppulvtssg0p81v125c_ccs.lib start 
I0113 12:07:45.146118 1661503 Sta.cc:278] read liberty /data/project_share/process_node/dataset_baseline/lib/tcbn28hpcplusbwp40p140opphvtssg0p81v125c_ccs.lib start 
I0113 12:07:45.146144 1661495 LibParserRustC.cc:1274] load liberty file /data/project_share/process_node/dataset_baseline/lib/tcbn28hpcplusbwp35p140oppuhvtssg0p81v125c_ccs.lib
I0113 12:07:45.146158 1661512 Sta.cc:278] read liberty /data/project_share/process_node/dataset_baseline/lib/tcbn28hpcplusbwp40p140oppuhvtssg0p81v125c_ccs.lib start 
I0113 12:07:45.146173 1661505 LibParserRustC.cc:1274] load liberty file /data/project_share/process_node/dataset_baseline/lib/tcbn28hpcplusbwp35p140uhvtssg0p81v125c_ccs.lib
I0113 12:07:45.146279 1661504 LibParserRustC.cc:1274] load liberty file /data/project_share/process_node/dataset_baseline/lib/tcbn28hpcplusbwp35p140oppulvtssg0p81v125c_ccs.lib
I0113 12:07:45.146081 1661502 Sta.cc:278] read liberty /data/project_share/process_node/dataset_baseline/lib/tcbn28hpcplusbwp35p140opplvtssg0p81v125c_ccs.lib start 
I0113 12:07:45.146350 1661512 LibParserRustC.cc:1274] load liberty file /data/project_share/process_node/dataset_baseline/lib/tcbn28hpcplusbwp40p140oppuhvtssg0p81v125c_ccs.lib
I0113 12:07:45.146087 1661507 Sta.cc:278] read liberty /data/project_share/process_node/dataset_baseline/lib/tcbn28hpcplusbwp40p140lvtssg0p81v125c_ccs.lib start 
I0113 12:07:45.146095 1661508 Sta.cc:278] read liberty /data/project_share/process_node/dataset_baseline/lib/tcbn28hpcplusbwp40p140mbssg0p81v125c_ccs.lib start 
I0113 12:07:45.146241 1661500 Sta.cc:278] read liberty /data/project_share/process_node/dataset_baseline/lib/tcbn28hpcplusbwp40p140uhvtssg0p81v125c_ccs.lib start 
I0113 12:07:45.146253 1661510 LibParserRustC.cc:1274] load liberty file /data/project_share/process_node/dataset_baseline/lib/tcbn28hpcplusbwp40p140oppssg0p81v125c_ccs.lib
I0113 12:07:45.146340 1661503 LibParserRustC.cc:1274] load liberty file /data/project_share/process_node/dataset_baseline/lib/tcbn28hpcplusbwp40p140opphvtssg0p81v125c_ccs.lib
I0113 12:07:45.146430 1661502 LibParserRustC.cc:1274] load liberty file /data/project_share/process_node/dataset_baseline/lib/tcbn28hpcplusbwp35p140opplvtssg0p81v125c_ccs.lib
I0113 12:07:45.146270 1661511 LibParserRustC.cc:1274] load liberty file /data/project_share/process_node/dataset_baseline/lib/tcbn28hpcplusbwp40p140opplvtssg0p81v125c_ccs.lib
I0113 12:07:45.146236 1661501 LibParserRustC.cc:1274] load liberty file /data/project_share/process_node/dataset_baseline/lib/tcbn28hpcplusbwp40p140hvtssg0p81v125c_ccs.lib
I0113 12:07:45.146343 1661509 LibParserRustC.cc:1274] load liberty file /data/project_share/process_node/dataset_baseline/lib/tcbn28hpcplusbwp40p140mbhvtssg0p81v125c_ccs.lib
I0113 12:07:45.146443 1661507 LibParserRustC.cc:1274] load liberty file /data/project_share/process_node/dataset_baseline/lib/tcbn28hpcplusbwp40p140lvtssg0p81v125c_ccs.lib
I0113 12:07:45.146518 1661500 LibParserRustC.cc:1274] load liberty file /data/project_share/process_node/dataset_baseline/lib/tcbn28hpcplusbwp40p140uhvtssg0p81v125c_ccs.lib
I0113 12:07:45.146517 1661508 LibParserRustC.cc:1274] load liberty file /data/project_share/process_node/dataset_baseline/lib/tcbn28hpcplusbwp40p140mbssg0p81v125c_ccs.lib
I0113 12:07:47.822960 1661489 LibParserRustC.cc:1283] load liberty file /data/project_share/process_node/dataset_baseline/lib/tcbn28hpcplusbwp30p140opplvtssg0p81v125c_ccs.lib success.
I0113 12:07:47.823045 1661489 Sta.cc:288] read liberty /data/project_share/process_node/dataset_baseline/lib/tcbn28hpcplusbwp30p140opplvtssg0p81v125c_ccs.lib end 
I0113 12:07:47.823669 1661489 Sta.cc:278] read liberty /data/project_share/process_node/dataset_baseline/lib/tcbn28hpcplusbwp35p140mbhvtssg0p81v125c_ccs.lib start 
I0113 12:07:47.823716 1661489 LibParserRustC.cc:1274] load liberty file /data/project_share/process_node/dataset_baseline/lib/tcbn28hpcplusbwp35p140mbhvtssg0p81v125c_ccs.lib
I0113 12:07:47.849864 1661488 LibParserRustC.cc:1283] load liberty file /data/project_share/process_node/dataset_baseline/lib/tcbn28hpcplusbwp30p140opphvtssg0p81v125c_ccs.lib success.
I0113 12:07:47.849931 1661488 Sta.cc:288] read liberty /data/project_share/process_node/dataset_baseline/lib/tcbn28hpcplusbwp30p140opphvtssg0p81v125c_ccs.lib end 
I0113 12:07:47.849977 1661488 Sta.cc:278] read liberty /data/project_share/process_node/dataset_baseline/lib/tcbn28hpcplusbwp30p140ulvtssg0p81v125c_ccs.lib start 
I0113 12:07:47.850020 1661488 LibParserRustC.cc:1274] load liberty file /data/project_share/process_node/dataset_baseline/lib/tcbn28hpcplusbwp30p140ulvtssg0p81v125c_ccs.lib
I0113 12:07:48.259408 1661503 LibParserRustC.cc:1283] load liberty file /data/project_share/process_node/dataset_baseline/lib/tcbn28hpcplusbwp40p140opphvtssg0p81v125c_ccs.lib success.
I0113 12:07:48.259553 1661503 Sta.cc:288] read liberty /data/project_share/process_node/dataset_baseline/lib/tcbn28hpcplusbwp40p140opphvtssg0p81v125c_ccs.lib end 
I0113 12:07:48.259644 1661503 Sta.cc:278] read liberty /data/project_share/process_node/dataset_baseline/lib/tcbn28hpcplusbwp35p140ulvtssg0p81v125c_ccs.lib start 
I0113 12:07:48.259737 1661503 LibParserRustC.cc:1274] load liberty file /data/project_share/process_node/dataset_baseline/lib/tcbn28hpcplusbwp35p140ulvtssg0p81v125c_ccs.lib
I0113 12:07:48.327178 1661511 LibParserRustC.cc:1283] load liberty file /data/project_share/process_node/dataset_baseline/lib/tcbn28hpcplusbwp40p140opplvtssg0p81v125c_ccs.lib success.
I0113 12:07:48.327286 1661511 Sta.cc:288] read liberty /data/project_share/process_node/dataset_baseline/lib/tcbn28hpcplusbwp40p140opplvtssg0p81v125c_ccs.lib end 
I0113 12:07:48.327358 1661511 Sta.cc:278] read liberty /data/project_share/process_node/dataset_baseline/lib/ts5n28hpcplvta64x128m2f_130a_ssg0p81v125c.lib start 
I0113 12:07:48.327414 1661511 LibParserRustC.cc:1274] load liberty file /data/project_share/process_node/dataset_baseline/lib/ts5n28hpcplvta64x128m2f_130a_ssg0p81v125c.lib
I0113 12:07:48.329779 1661511 LibParserRustC.cc:1283] load liberty file /data/project_share/process_node/dataset_baseline/lib/ts5n28hpcplvta64x128m2f_130a_ssg0p81v125c.lib success.
I0113 12:07:48.329839 1661511 Sta.cc:288] read liberty /data/project_share/process_node/dataset_baseline/lib/ts5n28hpcplvta64x128m2f_130a_ssg0p81v125c.lib end 
I0113 12:07:48.329879 1661511 Sta.cc:278] read liberty /data/project_share/process_node/dataset_baseline/lib/ts5n28hpcplvta64x128m2fw_130a_ssg0p81v125c.lib start 
I0113 12:07:48.329924 1661511 LibParserRustC.cc:1274] load liberty file /data/project_share/process_node/dataset_baseline/lib/ts5n28hpcplvta64x128m2fw_130a_ssg0p81v125c.lib
I0113 12:07:48.331821 1661511 LibParserRustC.cc:1283] load liberty file /data/project_share/process_node/dataset_baseline/lib/ts5n28hpcplvta64x128m2fw_130a_ssg0p81v125c.lib success.
I0113 12:07:48.331888 1661511 Sta.cc:288] read liberty /data/project_share/process_node/dataset_baseline/lib/ts5n28hpcplvta64x128m2fw_130a_ssg0p81v125c.lib end 
I0113 12:07:48.331902 1661511 Sta.cc:278] read liberty /data/project_share/process_node/dataset_baseline/lib/ts5n28hpcplvta256x32m4fw_130a_ssg0p81v125c.lib start 
I0113 12:07:48.331919 1661511 LibParserRustC.cc:1274] load liberty file /data/project_share/process_node/dataset_baseline/lib/ts5n28hpcplvta256x32m4fw_130a_ssg0p81v125c.lib
I0113 12:07:48.333796 1661511 LibParserRustC.cc:1283] load liberty file /data/project_share/process_node/dataset_baseline/lib/ts5n28hpcplvta256x32m4fw_130a_ssg0p81v125c.lib success.
I0113 12:07:48.333810 1661511 Sta.cc:288] read liberty /data/project_share/process_node/dataset_baseline/lib/ts5n28hpcplvta256x32m4fw_130a_ssg0p81v125c.lib end 
I0113 12:07:48.333820 1661511 Sta.cc:278] read liberty /data/project_share/process_node/dataset_baseline/lib/ts5n28hpcplvta128x32m2f_130a_ssg0p81v125c.lib start 
I0113 12:07:48.333844 1661511 LibParserRustC.cc:1274] load liberty file /data/project_share/process_node/dataset_baseline/lib/ts5n28hpcplvta128x32m2f_130a_ssg0p81v125c.lib
I0113 12:07:48.335515 1661511 LibParserRustC.cc:1283] load liberty file /data/project_share/process_node/dataset_baseline/lib/ts5n28hpcplvta128x32m2f_130a_ssg0p81v125c.lib success.
I0113 12:07:48.335532 1661511 Sta.cc:288] read liberty /data/project_share/process_node/dataset_baseline/lib/ts5n28hpcplvta128x32m2f_130a_ssg0p81v125c.lib end 
I0113 12:07:48.335543 1661511 Sta.cc:278] read liberty /data/project_share/process_node/dataset_baseline/lib/ts5n28hpcplvta128x64m2f_130a_ssg0p81v125c.lib start 
I0113 12:07:48.335572 1661511 LibParserRustC.cc:1274] load liberty file /data/project_share/process_node/dataset_baseline/lib/ts5n28hpcplvta128x64m2f_130a_ssg0p81v125c.lib
I0113 12:07:48.337234 1661511 LibParserRustC.cc:1283] load liberty file /data/project_share/process_node/dataset_baseline/lib/ts5n28hpcplvta128x64m2f_130a_ssg0p81v125c.lib success.
I0113 12:07:48.337255 1661511 Sta.cc:288] read liberty /data/project_share/process_node/dataset_baseline/lib/ts5n28hpcplvta128x64m2f_130a_ssg0p81v125c.lib end 
I0113 12:07:48.337265 1661511 Sta.cc:278] read liberty /data/project_share/process_node/dataset_baseline/lib/ts5n28hpcplvta128x80m2f_130a_ssg0p81v125c.lib start 
I0113 12:07:48.337285 1661511 LibParserRustC.cc:1274] load liberty file /data/project_share/process_node/dataset_baseline/lib/ts5n28hpcplvta128x80m2f_130a_ssg0p81v125c.lib
I0113 12:07:48.338938 1661511 LibParserRustC.cc:1283] load liberty file /data/project_share/process_node/dataset_baseline/lib/ts5n28hpcplvta128x80m2f_130a_ssg0p81v125c.lib success.
I0113 12:07:48.338949 1661511 Sta.cc:288] read liberty /data/project_share/process_node/dataset_baseline/lib/ts5n28hpcplvta128x80m2f_130a_ssg0p81v125c.lib end 
I0113 12:07:48.338959 1661511 Sta.cc:278] read liberty /data/project_share/process_node/dataset_baseline/lib/ts5n28hpcplvta128x8m2f_130a_ssg0p81v125c.lib start 
I0113 12:07:48.338979 1661511 LibParserRustC.cc:1274] load liberty file /data/project_share/process_node/dataset_baseline/lib/ts5n28hpcplvta128x8m2f_130a_ssg0p81v125c.lib
I0113 12:07:48.340641 1661511 LibParserRustC.cc:1283] load liberty file /data/project_share/process_node/dataset_baseline/lib/ts5n28hpcplvta128x8m2f_130a_ssg0p81v125c.lib success.
I0113 12:07:48.340651 1661511 Sta.cc:288] read liberty /data/project_share/process_node/dataset_baseline/lib/ts5n28hpcplvta128x8m2f_130a_ssg0p81v125c.lib end 
I0113 12:07:48.340660 1661511 Sta.cc:278] read liberty /data/project_share/process_node/dataset_baseline/lib/ts5n28hpcplvta512x64m4f_130a_ssg0p81v125c.lib start 
I0113 12:07:48.340677 1661511 LibParserRustC.cc:1274] load liberty file /data/project_share/process_node/dataset_baseline/lib/ts5n28hpcplvta512x64m4f_130a_ssg0p81v125c.lib
I0113 12:07:48.342324 1661511 LibParserRustC.cc:1283] load liberty file /data/project_share/process_node/dataset_baseline/lib/ts5n28hpcplvta512x64m4f_130a_ssg0p81v125c.lib success.
I0113 12:07:48.342394 1661511 Sta.cc:288] read liberty /data/project_share/process_node/dataset_baseline/lib/ts5n28hpcplvta512x64m4f_130a_ssg0p81v125c.lib end 
I0113 12:07:48.342406 1661511 Sta.cc:278] read liberty /data/project_share/process_node/dataset_baseline/lib/ts5n28hpcplvta512x64m4fw_130a_ssg0p81v125c.lib start 
I0113 12:07:48.342418 1661511 LibParserRustC.cc:1274] load liberty file /data/project_share/process_node/dataset_baseline/lib/ts5n28hpcplvta512x64m4fw_130a_ssg0p81v125c.lib
I0113 12:07:48.344283 1661511 LibParserRustC.cc:1283] load liberty file /data/project_share/process_node/dataset_baseline/lib/ts5n28hpcplvta512x64m4fw_130a_ssg0p81v125c.lib success.
I0113 12:07:48.344297 1661511 Sta.cc:288] read liberty /data/project_share/process_node/dataset_baseline/lib/ts5n28hpcplvta512x64m4fw_130a_ssg0p81v125c.lib end 
I0113 12:07:48.344306 1661511 Sta.cc:278] read liberty /data/project_share/process_node/dataset_baseline/lib/ts5n28hpcplvta64x32m2f_130a_ssg0p81v125c.lib start 
I0113 12:07:48.344331 1661511 LibParserRustC.cc:1274] load liberty file /data/project_share/process_node/dataset_baseline/lib/ts5n28hpcplvta64x32m2f_130a_ssg0p81v125c.lib
I0113 12:07:48.345997 1661511 LibParserRustC.cc:1283] load liberty file /data/project_share/process_node/dataset_baseline/lib/ts5n28hpcplvta64x32m2f_130a_ssg0p81v125c.lib success.
I0113 12:07:48.346006 1661511 Sta.cc:288] read liberty /data/project_share/process_node/dataset_baseline/lib/ts5n28hpcplvta64x32m2f_130a_ssg0p81v125c.lib end 
I0113 12:07:48.346028 1661511 Sta.cc:278] read liberty /data/project_share/process_node/dataset_baseline/lib/ts5n28hpcplvta64x8m2f_130a_ssg0p81v125c.lib start 
I0113 12:07:48.346043 1661511 LibParserRustC.cc:1274] load liberty file /data/project_share/process_node/dataset_baseline/lib/ts5n28hpcplvta64x8m2f_130a_ssg0p81v125c.lib
I0113 12:07:48.347708 1661511 LibParserRustC.cc:1283] load liberty file /data/project_share/process_node/dataset_baseline/lib/ts5n28hpcplvta64x8m2f_130a_ssg0p81v125c.lib success.
I0113 12:07:48.347718 1661511 Sta.cc:288] read liberty /data/project_share/process_node/dataset_baseline/lib/ts5n28hpcplvta64x8m2f_130a_ssg0p81v125c.lib end 
I0113 12:07:48.347728 1661511 Sta.cc:278] read liberty /data/project_share/process_node/dataset_baseline/lib/ts5n28hpcplvta32x32m2f_130a_ssg0p81v125c.lib start 
I0113 12:07:48.347743 1661511 LibParserRustC.cc:1274] load liberty file /data/project_share/process_node/dataset_baseline/lib/ts5n28hpcplvta32x32m2f_130a_ssg0p81v125c.lib
I0113 12:07:48.349414 1661511 LibParserRustC.cc:1283] load liberty file /data/project_share/process_node/dataset_baseline/lib/ts5n28hpcplvta32x32m2f_130a_ssg0p81v125c.lib success.
I0113 12:07:48.349423 1661511 Sta.cc:288] read liberty /data/project_share/process_node/dataset_baseline/lib/ts5n28hpcplvta32x32m2f_130a_ssg0p81v125c.lib end 
I0113 12:07:48.349433 1661511 Sta.cc:278] read liberty /data/project_share/process_node/dataset_baseline/lib/ts5n28hpcplvta32x128m2f_130a_ssg0p81v125c.lib start 
I0113 12:07:48.349448 1661511 LibParserRustC.cc:1274] load liberty file /data/project_share/process_node/dataset_baseline/lib/ts5n28hpcplvta32x128m2f_130a_ssg0p81v125c.lib
I0113 12:07:48.351132 1661511 LibParserRustC.cc:1283] load liberty file /data/project_share/process_node/dataset_baseline/lib/ts5n28hpcplvta32x128m2f_130a_ssg0p81v125c.lib success.
I0113 12:07:48.351156 1661511 Sta.cc:288] read liberty /data/project_share/process_node/dataset_baseline/lib/ts5n28hpcplvta32x128m2f_130a_ssg0p81v125c.lib end 
I0113 12:07:48.351166 1661511 Sta.cc:278] read liberty /data/project_share/process_node/dataset_baseline/lib/ts5n28hpcplvta64x80m2f_130a_ssg0p81v125c.lib start 
I0113 12:07:48.351182 1661511 LibParserRustC.cc:1274] load liberty file /data/project_share/process_node/dataset_baseline/lib/ts5n28hpcplvta64x80m2f_130a_ssg0p81v125c.lib
I0113 12:07:48.352922 1661511 LibParserRustC.cc:1283] load liberty file /data/project_share/process_node/dataset_baseline/lib/ts5n28hpcplvta64x80m2f_130a_ssg0p81v125c.lib success.
I0113 12:07:48.352998 1661511 Sta.cc:288] read liberty /data/project_share/process_node/dataset_baseline/lib/ts5n28hpcplvta64x80m2f_130a_ssg0p81v125c.lib end 
I0113 12:07:48.353008 1661511 Sta.cc:278] read liberty /data/project_share/process_node/dataset_baseline/lib/ts5n28hpcplvta256x16m2f_130a_ssg0p81v125c.lib start 
I0113 12:07:48.353035 1661511 LibParserRustC.cc:1274] load liberty file /data/project_share/process_node/dataset_baseline/lib/ts5n28hpcplvta256x16m2f_130a_ssg0p81v125c.lib
I0113 12:07:48.354842 1661511 LibParserRustC.cc:1283] load liberty file /data/project_share/process_node/dataset_baseline/lib/ts5n28hpcplvta256x16m2f_130a_ssg0p81v125c.lib success.
I0113 12:07:48.354851 1661511 Sta.cc:288] read liberty /data/project_share/process_node/dataset_baseline/lib/ts5n28hpcplvta256x16m2f_130a_ssg0p81v125c.lib end 
I0113 12:07:48.354866 1661511 Sta.cc:278] read liberty /data/project_share/process_node/dataset_baseline/lib/ts6n28hpcplvta512x2m8f_130a_ssg0p81v125c.lib start 
I0113 12:07:48.354884 1661511 LibParserRustC.cc:1274] load liberty file /data/project_share/process_node/dataset_baseline/lib/ts6n28hpcplvta512x2m8f_130a_ssg0p81v125c.lib
I0113 12:07:48.357117 1661511 LibParserRustC.cc:1283] load liberty file /data/project_share/process_node/dataset_baseline/lib/ts6n28hpcplvta512x2m8f_130a_ssg0p81v125c.lib success.
I0113 12:07:48.357129 1661511 Sta.cc:288] read liberty /data/project_share/process_node/dataset_baseline/lib/ts6n28hpcplvta512x2m8f_130a_ssg0p81v125c.lib end 
I0113 12:07:48.357141 1661511 Sta.cc:278] read liberty /data/project_share/process_node/dataset_baseline/lib/ts5n28hpcplvta8x144m2f_130a_ssg0p81v125c.lib start 
I0113 12:07:48.357159 1661511 LibParserRustC.cc:1274] load liberty file /data/project_share/process_node/dataset_baseline/lib/ts5n28hpcplvta8x144m2f_130a_ssg0p81v125c.lib
I0113 12:07:48.358899 1661511 LibParserRustC.cc:1283] load liberty file /data/project_share/process_node/dataset_baseline/lib/ts5n28hpcplvta8x144m2f_130a_ssg0p81v125c.lib success.
I0113 12:07:48.358912 1661511 Sta.cc:288] read liberty /data/project_share/process_node/dataset_baseline/lib/ts5n28hpcplvta8x144m2f_130a_ssg0p81v125c.lib end 
I0113 12:07:48.359001 1661511 Sta.cc:278] read liberty /data/project_share/process_node/dataset_baseline/lib/ts6n28hpcplvta16x128m2f_130a_ssg0p81v125c.lib start 
I0113 12:07:48.359014 1661511 LibParserRustC.cc:1274] load liberty file /data/project_share/process_node/dataset_baseline/lib/ts6n28hpcplvta16x128m2f_130a_ssg0p81v125c.lib
I0113 12:07:48.361227 1661511 LibParserRustC.cc:1283] load liberty file /data/project_share/process_node/dataset_baseline/lib/ts6n28hpcplvta16x128m2f_130a_ssg0p81v125c.lib success.
I0113 12:07:48.361238 1661511 Sta.cc:288] read liberty /data/project_share/process_node/dataset_baseline/lib/ts6n28hpcplvta16x128m2f_130a_ssg0p81v125c.lib end 
I0113 12:07:48.361256 1661511 Sta.cc:278] read liberty /data/project_share/process_node/dataset_baseline/lib/ts5n28hpcplvta8x128m2f_130a_ssg0p81v125c.lib start 
I0113 12:07:48.361270 1661511 LibParserRustC.cc:1274] load liberty file /data/project_share/process_node/dataset_baseline/lib/ts5n28hpcplvta8x128m2f_130a_ssg0p81v125c.lib
I0113 12:07:48.363126 1661511 LibParserRustC.cc:1283] load liberty file /data/project_share/process_node/dataset_baseline/lib/ts5n28hpcplvta8x128m2f_130a_ssg0p81v125c.lib success.
I0113 12:07:48.363139 1661511 Sta.cc:288] read liberty /data/project_share/process_node/dataset_baseline/lib/ts5n28hpcplvta8x128m2f_130a_ssg0p81v125c.lib end 
I0113 12:07:48.363152 1661511 Sta.cc:278] read liberty /data/project_share/process_node/dataset_baseline/lib/ts5n28hpcplvta64x64m2f_130a_ssg0p81v125c.lib start 
I0113 12:07:48.363173 1661511 LibParserRustC.cc:1274] load liberty file /data/project_share/process_node/dataset_baseline/lib/ts5n28hpcplvta64x64m2f_130a_ssg0p81v125c.lib
I0113 12:07:48.364956 1661511 LibParserRustC.cc:1283] load liberty file /data/project_share/process_node/dataset_baseline/lib/ts5n28hpcplvta64x64m2f_130a_ssg0p81v125c.lib success.
I0113 12:07:48.365025 1661511 Sta.cc:288] read liberty /data/project_share/process_node/dataset_baseline/lib/ts5n28hpcplvta64x64m2f_130a_ssg0p81v125c.lib end 
I0113 12:07:48.365036 1661511 Sta.cc:278] read liberty /data/project_share/process_node/dataset_baseline/lib/ts5n28hpcplvta1024x32m8fw_130a_ssg0p81v125c.lib start 
I0113 12:07:48.365049 1661511 LibParserRustC.cc:1274] load liberty file /data/project_share/process_node/dataset_baseline/lib/ts5n28hpcplvta1024x32m8fw_130a_ssg0p81v125c.lib
I0113 12:07:48.366977 1661511 LibParserRustC.cc:1283] load liberty file /data/project_share/process_node/dataset_baseline/lib/ts5n28hpcplvta1024x32m8fw_130a_ssg0p81v125c.lib success.
I0113 12:07:48.366986 1661511 Sta.cc:288] read liberty /data/project_share/process_node/dataset_baseline/lib/ts5n28hpcplvta1024x32m8fw_130a_ssg0p81v125c.lib end 
I0113 12:07:48.366998 1661511 Sta.cc:278] read liberty /data/project_share/process_node/dataset_baseline/lib/ts5n28hpcplvta256x144m2fw_130a_ssg0p81v125c.lib start 
I0113 12:07:48.367040 1661511 LibParserRustC.cc:1274] load liberty file /data/project_share/process_node/dataset_baseline/lib/ts5n28hpcplvta256x144m2fw_130a_ssg0p81v125c.lib
I0113 12:07:48.368932 1661511 LibParserRustC.cc:1283] load liberty file /data/project_share/process_node/dataset_baseline/lib/ts5n28hpcplvta256x144m2fw_130a_ssg0p81v125c.lib success.
I0113 12:07:48.368942 1661511 Sta.cc:288] read liberty /data/project_share/process_node/dataset_baseline/lib/ts5n28hpcplvta256x144m2fw_130a_ssg0p81v125c.lib end 
I0113 12:07:48.368952 1661511 Sta.cc:278] read liberty /data/project_share/process_node/dataset_baseline/lib/ts5n28hpcplvta128x144m2fw_130a_ssg0p81v125c.lib start 
I0113 12:07:48.368965 1661511 LibParserRustC.cc:1274] load liberty file /data/project_share/process_node/dataset_baseline/lib/ts5n28hpcplvta128x144m2fw_130a_ssg0p81v125c.lib
I0113 12:07:48.370895 1661511 LibParserRustC.cc:1283] load liberty file /data/project_share/process_node/dataset_baseline/lib/ts5n28hpcplvta128x144m2fw_130a_ssg0p81v125c.lib success.
I0113 12:07:48.370905 1661511 Sta.cc:288] read liberty /data/project_share/process_node/dataset_baseline/lib/ts5n28hpcplvta128x144m2fw_130a_ssg0p81v125c.lib end 
I0113 12:07:48.370915 1661511 Sta.cc:278] read liberty /data/project_share/process_node/dataset_baseline/lib/tphn28hpcpgv18ssg0p81v1p62v125c.lib start 
I0113 12:07:48.370927 1661511 LibParserRustC.cc:1274] load liberty file /data/project_share/process_node/dataset_baseline/lib/tphn28hpcpgv18ssg0p81v1p62v125c.lib
I0113 12:07:48.446696 1661502 LibParserRustC.cc:1283] load liberty file /data/project_share/process_node/dataset_baseline/lib/tcbn28hpcplusbwp35p140opplvtssg0p81v125c_ccs.lib success.
I0113 12:07:48.446781 1661502 Sta.cc:288] read liberty /data/project_share/process_node/dataset_baseline/lib/tcbn28hpcplusbwp35p140opplvtssg0p81v125c_ccs.lib end 
I0113 12:07:48.446851 1661502 Sta.cc:278] read liberty /data/project_share/process_node/dataset_baseline/lib/PLLTS28HPMLAINT_SS_0P81_125C.lib start 
I0113 12:07:48.446902 1661502 LibParserRustC.cc:1274] load liberty file /data/project_share/process_node/dataset_baseline/lib/PLLTS28HPMLAINT_SS_0P81_125C.lib
I0113 12:07:48.449327 1661502 LibParserRustC.cc:1283] load liberty file /data/project_share/process_node/dataset_baseline/lib/PLLTS28HPMLAINT_SS_0P81_125C.lib success.
I0113 12:07:48.449347 1661502 Sta.cc:288] read liberty /data/project_share/process_node/dataset_baseline/lib/PLLTS28HPMLAINT_SS_0P81_125C.lib end 
I0113 12:07:48.483994 1661511 LibParserRustC.cc:1283] load liberty file /data/project_share/process_node/dataset_baseline/lib/tphn28hpcpgv18ssg0p81v1p62v125c.lib success.
I0113 12:07:48.484090 1661511 Sta.cc:288] read liberty /data/project_share/process_node/dataset_baseline/lib/tphn28hpcpgv18ssg0p81v1p62v125c.lib end 
I0113 12:07:48.646656 1661512 LibParserRustC.cc:1283] load liberty file /data/project_share/process_node/dataset_baseline/lib/tcbn28hpcplusbwp40p140oppuhvtssg0p81v125c_ccs.lib success.
I0113 12:07:48.646742 1661512 Sta.cc:288] read liberty /data/project_share/process_node/dataset_baseline/lib/tcbn28hpcplusbwp40p140oppuhvtssg0p81v125c_ccs.lib end 
I0113 12:07:48.785274 1661490 LibParserRustC.cc:1283] load liberty file /data/project_share/process_node/dataset_baseline/lib/tcbn28hpcplusbwp30p140oppuhvtssg0p81v125c_ccs.lib success.
I0113 12:07:48.785359 1661490 Sta.cc:288] read liberty /data/project_share/process_node/dataset_baseline/lib/tcbn28hpcplusbwp30p140oppuhvtssg0p81v125c_ccs.lib end 
I0113 12:07:48.884636 1661491 LibParserRustC.cc:1283] load liberty file /data/project_share/process_node/dataset_baseline/lib/tcbn28hpcplusbwp30p140oppulvtssg0p81v125c_ccs.lib success.
I0113 12:07:48.884739 1661491 Sta.cc:288] read liberty /data/project_share/process_node/dataset_baseline/lib/tcbn28hpcplusbwp30p140oppulvtssg0p81v125c_ccs.lib end 
I0113 12:07:49.046533 1661495 LibParserRustC.cc:1283] load liberty file /data/project_share/process_node/dataset_baseline/lib/tcbn28hpcplusbwp35p140oppuhvtssg0p81v125c_ccs.lib success.
I0113 12:07:49.046624 1661495 Sta.cc:288] read liberty /data/project_share/process_node/dataset_baseline/lib/tcbn28hpcplusbwp35p140oppuhvtssg0p81v125c_ccs.lib end 
I0113 12:07:49.226136 1661510 LibParserRustC.cc:1283] load liberty file /data/project_share/process_node/dataset_baseline/lib/tcbn28hpcplusbwp40p140oppssg0p81v125c_ccs.lib success.
I0113 12:07:49.226222 1661510 Sta.cc:288] read liberty /data/project_share/process_node/dataset_baseline/lib/tcbn28hpcplusbwp40p140oppssg0p81v125c_ccs.lib end 
I0113 12:07:49.492509 1661486 LibParserRustC.cc:1283] load liberty file /data/project_share/process_node/dataset_baseline/lib/tcbn28hpcplusbwp30p140oppssg0p81v125c_ccs.lib success.
I0113 12:07:49.500885 1661499 LibParserRustC.cc:1283] load liberty file /data/project_share/process_node/dataset_baseline/lib/tcbn28hpcplusbwp35p140oppssg0p81v125c_ccs.lib success.
I0113 12:07:49.501199 1661486 Sta.cc:288] read liberty /data/project_share/process_node/dataset_baseline/lib/tcbn28hpcplusbwp30p140oppssg0p81v125c_ccs.lib end 
I0113 12:07:49.501206 1661499 Sta.cc:288] read liberty /data/project_share/process_node/dataset_baseline/lib/tcbn28hpcplusbwp35p140oppssg0p81v125c_ccs.lib end 
I0113 12:07:49.553942 1661504 LibParserRustC.cc:1283] load liberty file /data/project_share/process_node/dataset_baseline/lib/tcbn28hpcplusbwp35p140oppulvtssg0p81v125c_ccs.lib success.
I0113 12:07:49.554023 1661504 Sta.cc:288] read liberty /data/project_share/process_node/dataset_baseline/lib/tcbn28hpcplusbwp35p140oppulvtssg0p81v125c_ccs.lib end 
I0113 12:07:49.729068 1661494 LibParserRustC.cc:1283] load liberty file /data/project_share/process_node/dataset_baseline/lib/tcbn28hpcplusbwp35p140opphvtssg0p81v125c_ccs.lib success.
I0113 12:07:49.729141 1661494 Sta.cc:288] read liberty /data/project_share/process_node/dataset_baseline/lib/tcbn28hpcplusbwp35p140opphvtssg0p81v125c_ccs.lib end 
I0113 12:07:50.435431 1661485 LibParserRustC.cc:1283] load liberty file /data/project_share/process_node/dataset_baseline/lib/tcbn28hpcplusbwp30p140mbssg0p81v125c_ccs.lib success.
I0113 12:07:50.435503 1661485 Sta.cc:288] read liberty /data/project_share/process_node/dataset_baseline/lib/tcbn28hpcplusbwp30p140mbssg0p81v125c_ccs.lib end 
I0113 12:07:51.307191 1661498 LibParserRustC.cc:1283] load liberty file /data/project_share/process_node/dataset_baseline/lib/tcbn28hpcplusbwp35p140mblvtssg0p81v125c_ccs.lib success.
I0113 12:07:51.307245 1661498 Sta.cc:288] read liberty /data/project_share/process_node/dataset_baseline/lib/tcbn28hpcplusbwp35p140mblvtssg0p81v125c_ccs.lib end 
I0113 12:07:51.322476 1661497 LibParserRustC.cc:1283] load liberty file /data/project_share/process_node/dataset_baseline/lib/tcbn28hpcplusbwp35p140mbssg0p81v125c_ccs.lib success.
I0113 12:07:51.322525 1661497 Sta.cc:288] read liberty /data/project_share/process_node/dataset_baseline/lib/tcbn28hpcplusbwp35p140mbssg0p81v125c_ccs.lib end 
I0113 12:07:51.458851 1661508 LibParserRustC.cc:1283] load liberty file /data/project_share/process_node/dataset_baseline/lib/tcbn28hpcplusbwp40p140mbssg0p81v125c_ccs.lib success.
I0113 12:07:51.458904 1661508 Sta.cc:288] read liberty /data/project_share/process_node/dataset_baseline/lib/tcbn28hpcplusbwp40p140mbssg0p81v125c_ccs.lib end 
I0113 12:07:51.913012 1661482 LibParserRustC.cc:1283] load liberty file /data/project_share/process_node/dataset_baseline/lib/tcbn28hpcplusbwp30p140mblvtssg0p81v125c_ccs.lib success.
I0113 12:07:51.913061 1661482 Sta.cc:288] read liberty /data/project_share/process_node/dataset_baseline/lib/tcbn28hpcplusbwp30p140mblvtssg0p81v125c_ccs.lib end 
I0113 12:07:52.691887 1661509 LibParserRustC.cc:1283] load liberty file /data/project_share/process_node/dataset_baseline/lib/tcbn28hpcplusbwp40p140mbhvtssg0p81v125c_ccs.lib success.
I0113 12:07:52.691938 1661509 Sta.cc:288] read liberty /data/project_share/process_node/dataset_baseline/lib/tcbn28hpcplusbwp40p140mbhvtssg0p81v125c_ccs.lib end 
I0113 12:07:53.456444 1661489 LibParserRustC.cc:1283] load liberty file /data/project_share/process_node/dataset_baseline/lib/tcbn28hpcplusbwp35p140mbhvtssg0p81v125c_ccs.lib success.
I0113 12:07:53.456494 1661489 Sta.cc:288] read liberty /data/project_share/process_node/dataset_baseline/lib/tcbn28hpcplusbwp35p140mbhvtssg0p81v125c_ccs.lib end 
I0113 12:10:25.566087 1661492 LibParserRustC.cc:1283] load liberty file /data/project_share/process_node/dataset_baseline/lib/tcbn28hpcplusbwp35p140ssg0p81v125c_ccs.lib success.
I0113 12:10:25.566684 1661492 Sta.cc:288] read liberty /data/project_share/process_node/dataset_baseline/lib/tcbn28hpcplusbwp35p140ssg0p81v125c_ccs.lib end 
I0113 12:10:26.828521 1661505 LibParserRustC.cc:1283] load liberty file /data/project_share/process_node/dataset_baseline/lib/tcbn28hpcplusbwp35p140uhvtssg0p81v125c_ccs.lib success.
I0113 12:10:26.828608 1661505 Sta.cc:288] read liberty /data/project_share/process_node/dataset_baseline/lib/tcbn28hpcplusbwp35p140uhvtssg0p81v125c_ccs.lib end 
I0113 12:10:27.959626 1661493 LibParserRustC.cc:1283] load liberty file /data/project_share/process_node/dataset_baseline/lib/tcbn28hpcplusbwp35p140hvtssg0p81v125c_ccs.lib success.
I0113 12:10:27.959699 1661493 Sta.cc:288] read liberty /data/project_share/process_node/dataset_baseline/lib/tcbn28hpcplusbwp35p140hvtssg0p81v125c_ccs.lib end 
I0113 12:10:29.134362 1661500 LibParserRustC.cc:1283] load liberty file /data/project_share/process_node/dataset_baseline/lib/tcbn28hpcplusbwp40p140uhvtssg0p81v125c_ccs.lib success.
I0113 12:10:29.134423 1661500 Sta.cc:288] read liberty /data/project_share/process_node/dataset_baseline/lib/tcbn28hpcplusbwp40p140uhvtssg0p81v125c_ccs.lib end 
I0113 12:10:29.889671 1661506 LibParserRustC.cc:1283] load liberty file /data/project_share/process_node/dataset_baseline/lib/tcbn28hpcplusbwp40p140ssg0p81v125c_ccs.lib success.
I0113 12:10:29.889736 1661506 Sta.cc:288] read liberty /data/project_share/process_node/dataset_baseline/lib/tcbn28hpcplusbwp40p140ssg0p81v125c_ccs.lib end 
I0113 12:10:30.681957 1661481 LibParserRustC.cc:1283] load liberty file /data/project_share/process_node/dataset_baseline/lib/tcbn28hpcplusbwp30p140ssg0p81v125c_ccs.lib success.
I0113 12:10:30.682015 1661481 Sta.cc:288] read liberty /data/project_share/process_node/dataset_baseline/lib/tcbn28hpcplusbwp30p140ssg0p81v125c_ccs.lib end 
I0113 12:10:31.483601 1661507 LibParserRustC.cc:1283] load liberty file /data/project_share/process_node/dataset_baseline/lib/tcbn28hpcplusbwp40p140lvtssg0p81v125c_ccs.lib success.
I0113 12:10:31.484259 1661507 Sta.cc:288] read liberty /data/project_share/process_node/dataset_baseline/lib/tcbn28hpcplusbwp40p140lvtssg0p81v125c_ccs.lib end 
I0113 12:10:32.405386 1661501 LibParserRustC.cc:1283] load liberty file /data/project_share/process_node/dataset_baseline/lib/tcbn28hpcplusbwp40p140hvtssg0p81v125c_ccs.lib success.
I0113 12:10:32.405470 1661501 Sta.cc:288] read liberty /data/project_share/process_node/dataset_baseline/lib/tcbn28hpcplusbwp40p140hvtssg0p81v125c_ccs.lib end 
I0113 12:10:32.673175 1661483 LibParserRustC.cc:1283] load liberty file /data/project_share/process_node/dataset_baseline/lib/tcbn28hpcplusbwp30p140hvtssg0p81v125c_ccs.lib success.
I0113 12:10:32.673259 1661483 Sta.cc:288] read liberty /data/project_share/process_node/dataset_baseline/lib/tcbn28hpcplusbwp30p140hvtssg0p81v125c_ccs.lib end 
I0113 12:10:34.359462 1661496 LibParserRustC.cc:1283] load liberty file /data/project_share/process_node/dataset_baseline/lib/tcbn28hpcplusbwp35p140lvtssg0p81v125c_ccs.lib success.
I0113 12:10:34.359700 1661496 Sta.cc:288] read liberty /data/project_share/process_node/dataset_baseline/lib/tcbn28hpcplusbwp35p140lvtssg0p81v125c_ccs.lib end 
I0113 12:10:35.384881 1661487 LibParserRustC.cc:1283] load liberty file /data/project_share/process_node/dataset_baseline/lib/tcbn28hpcplusbwp30p140uhvtssg0p81v125c_ccs.lib success.
I0113 12:10:35.384966 1661487 Sta.cc:288] read liberty /data/project_share/process_node/dataset_baseline/lib/tcbn28hpcplusbwp30p140uhvtssg0p81v125c_ccs.lib end 
I0113 12:10:36.576140 1661484 LibParserRustC.cc:1283] load liberty file /data/project_share/process_node/dataset_baseline/lib/tcbn28hpcplusbwp30p140lvtssg0p81v125c_ccs.lib success.
I0113 12:10:36.576243 1661484 Sta.cc:288] read liberty /data/project_share/process_node/dataset_baseline/lib/tcbn28hpcplusbwp30p140lvtssg0p81v125c_ccs.lib end 
I0113 12:10:38.120859 1661488 LibParserRustC.cc:1283] load liberty file /data/project_share/process_node/dataset_baseline/lib/tcbn28hpcplusbwp30p140ulvtssg0p81v125c_ccs.lib success.
I0113 12:10:38.120947 1661488 Sta.cc:288] read liberty /data/project_share/process_node/dataset_baseline/lib/tcbn28hpcplusbwp30p140ulvtssg0p81v125c_ccs.lib end 
I0113 12:10:38.188877 1661503 LibParserRustC.cc:1283] load liberty file /data/project_share/process_node/dataset_baseline/lib/tcbn28hpcplusbwp35p140ulvtssg0p81v125c_ccs.lib success.
I0113 12:10:38.188961 1661503 Sta.cc:288] read liberty /data/project_share/process_node/dataset_baseline/lib/tcbn28hpcplusbwp35p140ulvtssg0p81v125c_ccs.lib end 
I0113 12:10:38.189353 1661160 Sta.cc:319] load lib end
I0113 12:10:38.196049 1663153 LibParserRustC.cc:1293] link liberty file /data/project_share/process_node/dataset_baseline/lib/tcbn28hpcplusbwp30p140opplvtssg0p81v125c_ccs.lib start.
I0113 12:10:38.196080 1663155 LibParserRustC.cc:1293] link liberty file /data/project_share/process_node/dataset_baseline/lib/tcbn28hpcplusbwp40p140opphvtssg0p81v125c_ccs.lib start.
I0113 12:10:38.196082 1663157 LibParserRustC.cc:1293] link liberty file /data/project_share/process_node/dataset_baseline/lib/tcbn28hpcplusbwp30p140opphvtssg0p81v125c_ccs.lib start.
I0113 12:10:38.196098 1663154 LibParserRustC.cc:1293] link liberty file /data/project_share/process_node/dataset_baseline/lib/tcbn28hpcplusbwp40p140opplvtssg0p81v125c_ccs.lib start.
I0113 12:10:38.196115 1663156 LibParserRustC.cc:1293] link liberty file /data/project_share/process_node/dataset_baseline/lib/ts5n28hpcplvta64x128m2f_130a_ssg0p81v125c.lib start.
I0113 12:10:38.196197 1663160 LibParserRustC.cc:1293] link liberty file /data/project_share/process_node/dataset_baseline/lib/ts5n28hpcplvta128x80m2f_130a_ssg0p81v125c.lib start.
I0113 12:10:38.196180 1663164 LibParserRustC.cc:1293] link liberty file /data/project_share/process_node/dataset_baseline/lib/ts5n28hpcplvta512x64m4fw_130a_ssg0p81v125c.lib start.
I0113 12:10:38.196161 1663161 LibParserRustC.cc:1293] link liberty file /data/project_share/process_node/dataset_baseline/lib/ts5n28hpcplvta128x64m2f_130a_ssg0p81v125c.lib start.
I0113 12:10:38.196251 1663165 LibParserRustC.cc:1293] link liberty file /data/project_share/process_node/dataset_baseline/lib/ts5n28hpcplvta128x32m2f_130a_ssg0p81v125c.lib start.
I0113 12:10:38.196463 1663158 LibParserRustC.cc:1293] link liberty file /data/project_share/process_node/dataset_baseline/lib/ts5n28hpcplvta256x32m4fw_130a_ssg0p81v125c.lib start.
I0113 12:10:38.196466 1663159 LibParserRustC.cc:1293] link liberty file /data/project_share/process_node/dataset_baseline/lib/ts5n28hpcplvta64x128m2fw_130a_ssg0p81v125c.lib start.
I0113 12:10:38.196578 1663166 LibParserRustC.cc:1293] link liberty file /data/project_share/process_node/dataset_baseline/lib/ts5n28hpcplvta128x8m2f_130a_ssg0p81v125c.lib start.
I0113 12:10:38.196698 1663163 LibParserRustC.cc:1293] link liberty file /data/project_share/process_node/dataset_baseline/lib/ts5n28hpcplvta512x64m4f_130a_ssg0p81v125c.lib start.
I0113 12:10:38.196751 1663171 LibParserRustC.cc:1293] link liberty file /data/project_share/process_node/dataset_baseline/lib/ts5n28hpcplvta64x32m2f_130a_ssg0p81v125c.lib start.
I0113 12:10:38.196861 1663170 LibParserRustC.cc:1293] link liberty file /data/project_share/process_node/dataset_baseline/lib/ts5n28hpcplvta32x128m2f_130a_ssg0p81v125c.lib start.
