I0212 13:22:53.895267 836488 lm_feature_timing.cpp:80] node dpath/a_reg_out[12]:1190957 resistance 30.388 cap 0.00315059 slew 0.0441404 delay 0.170603 power 0.000199368
I0212 13:22:53.896051 836487 lm_feature_timing.cpp:80] node ctrl/state_out[1]:424129 resistance 18.404 cap 0.0025636 slew 0.029421 delay 0.0498747 power 2.07652e-05
I0212 13:22:53.895951 836531 lm_feature_timing.cpp:80] node dpath/a_lt_b/U31:A1 resistance 17.976 cap 0.000598426 slew 0.020978 delay 0.0187062 power 4.84725e-06
I0212 13:22:53.897516 836527 lm_feature_timing.cpp:125] build net dpath/a_lt_b/n35 feature 
I0212 13:22:53.896086 836500 lm_feature_timing.cpp:80] node dpath/a_reg/out_reg_6_:D resistance 14.552 cap 0.000617429 slew 0.01695 delay 0.0103965 power 4.09859e-05
I0212 13:22:53.896145 836577 lm_feature_timing.cpp:125] build net dpath/a_mux/n7 feature 
I0212 13:22:53.897526 836522 lm_feature_timing.cpp:125] build net dpath/a_lt_b/n8 feature 
I0212 13:22:53.897835 836494 lm_feature_timing.cpp:125] build net dpath/a_mux/n13 feature 
I0212 13:22:53.896200 836499 lm_feature_timing.cpp:125] build net dpath/a_reg_out[2] feature 
I0212 13:22:53.896252 836510 lm_feature_timing.cpp:80] node dpath/a_lt_b/U32:ZN resistance 0 cap 0.000705413 slew 0.015449 delay 0 power 1.01034e-05
I0212 13:22:53.897826 836535 lm_feature_timing.cpp:125] build net dpath/a_mux_out[1] feature 
I0212 13:22:53.896149 836528 lm_feature_timing.cpp:80] node dpath/a_reg_out[1]:387265 resistance 55.212 cap 0.000461654 slew 0.0420913 delay 0.189743 power 2.52046e-05
I0212 13:22:53.896261 836608 lm_feature_timing.cpp:80] node dpath/a_mux/n5:380503 resistance 1.284 cap 0.000789777 slew 0.035087 delay 0.00101407 power 4.50393e-05
I0212 13:22:53.898169 836580 lm_feature_timing.cpp:125] build net dpath/a_reg_out[0] feature 
I0212 13:22:53.896417 836607 lm_feature_timing.cpp:125] build net dpath/a_lt_b/n5 feature 
I0212 13:22:53.898247 836562 lm_feature_timing.cpp:125] build net dpath/a_reg/n11 feature 
I0212 13:22:53.896440 836497 lm_feature_timing.cpp:80] node dpath/a_reg_out[11]:815571 resistance 56.068 cap 0.00086833 slew 0.0394354 delay 0.205558 power 5.3311e-05
I0212 13:22:53.898248 836548 lm_feature_timing.cpp:125] build net dpath/a_reg/n2 feature 
I0212 13:22:53.898296 836535 lm_feature_timing.cpp:80] node dpath/a_reg/U18:A2 resistance 20.116 cap 0.000574604 slew 0.016524 delay 0.0156 power 4.83714e-05
I0212 13:22:53.896490 836606 lm_feature_timing.cpp:80] node dpath/a_mux/n1:449223 resistance 1.712 cap 0.00079839 slew 0.035457 delay 0.00140137 power 4.55305e-05
I0212 13:22:53.898494 836574 lm_feature_timing.cpp:125] build net dpath/a_reg/n19 feature 
I0212 13:22:53.896515 836590 lm_feature_timing.cpp:80] node dpath/a_reg_out[13]:508789 resistance 0.856 cap 0.005116 slew 0.03813 delay 0.0043793 power 0.000334789
I0212 13:22:53.898499 836511 lm_feature_timing.cpp:125] build net dpath/a_mux_out[5] feature 
I0212 13:22:53.898507 836506 lm_feature_timing.cpp:125] build net dpath/a_mux/n17 feature 
I0212 13:22:53.896559 836525 lm_feature_timing.cpp:80] node ctrl/U8:A2 resistance 77.896 cap 0.000596981 slew 0.0498893 delay 0.236384 power 4.83555e-06
I0212 13:22:53.896569 836493 lm_feature_timing.cpp:125] build net dpath/a_mux/n18 feature 
I0212 13:22:53.898588 836607 lm_feature_timing.cpp:80] node dpath/a_lt_b/U17:C resistance 1.712 cap 0.000599307 slew 0.015064 delay 0.00106053 power 7.58498e-06
I0212 13:22:53.896580 836496 lm_feature_timing.cpp:125] build net dpath/a_mux/n10 feature 
I0212 13:22:53.896772 836529 lm_feature_timing.cpp:125] build net dpath/a_reg_out[5] feature 
I0212 13:22:53.896672 836551 lm_feature_timing.cpp:80] node dpath/a_lt_b/U37:B resistance 20.972 cap 0.000672352 slew 0.019827 delay 0.0184255 power 5.44605e-06
I0212 13:22:53.898805 836574 lm_feature_timing.cpp:80] node dpath/a_reg/n19:502269 resistance 9.844 cap 0.000826363 slew 1.44834e-05 delay 0.00912442 power 0
I0212 13:22:53.896919 836553 lm_feature_timing.cpp:125] build net dpath/a_reg/n9 feature 
I0212 13:22:53.896586 836599 lm_feature_timing.cpp:80] node dpath/a_lt_b/n25:486293 resistance 6.848 cap 0.000656458 slew 0.029156 delay 0.00449543 power 2.23038e-05
I0212 13:22:53.896847 836538 lm_feature_timing.cpp:80] node ctrl/FE_OFN1_ctrl_b_mux_sel_0:439191 resistance 0 cap 0.000679401 slew 0.021054 delay 0 power 1.10063e-05
I0212 13:22:53.896603 836570 lm_feature_timing.cpp:80] node clk:754529 resistance 188.32 cap 0.00113977 slew 0.000546331 delay 0.651054 power 0.000369285
I0212 13:22:53.897008 836519 lm_feature_timing.cpp:80] node dpath/a_lt_b/U22:I resistance 27.392 cap 0.000599444 slew 0.0402571 delay 0.0866866 power 4.11695e-05
I0212 13:22:53.898739 836506 lm_feature_timing.cpp:80] node dpath/a_mux/n17:446031 resistance 6.848 cap 0.000610845 slew 0.034452 delay 0.00465898 power 4.94785e-06
I0212 13:22:53.897060 836600 lm_feature_timing.cpp:125] build net dpath/a_lt_b/n9 feature 
I0212 13:22:53.898860 836607 lm_feature_timing.cpp:80] node dpath/a_lt_b/n5:387341 resistance 1.712 cap 0.000619471 slew 0.015064 delay 0.00106053 power 7.84018e-06
I0212 13:22:53.898981 836519 lm_feature_timing.cpp:80] node dpath/a_reg_out[7]:424364 resistance 27.392 cap 0.000615497 slew 0.0402571 delay 0.0866866 power 4.2272e-05
I0212 13:22:53.897162 836591 lm_feature_timing.cpp:125] build net dpath/a_reg_out[4] feature 
I0212 13:22:53.899036 836486 lm_feature_timing.cpp:125] build net dpath/a_reg/n4 feature 
I0212 13:22:53.896884 836534 lm_feature_timing.cpp:125] build net dpath/a_mux/n8 feature 
I0212 13:22:53.899066 836607 lm_feature_timing.cpp:80] node dpath/a_lt_b/U16:ZN resistance 0 cap 0.000639636 slew 0.015064 delay 0 power 8.09539e-06
I0212 13:22:53.897426 836526 lm_feature_timing.cpp:125] build net dpath/a_mux/FE_OFN3_ctrl_a_mux_sel_1 feature 
I0212 13:22:53.899101 836553 lm_feature_timing.cpp:80] node dpath/a_reg/n9:440276 resistance 0 cap 0.000728037 slew 0.016117 delay 0 power 5.00012e-05
I0212 13:22:53.898972 836506 lm_feature_timing.cpp:80] node dpath/a_mux/n17:797991 resistance 6.848 cap 0.000680342 slew 0.034452 delay 0.00465898 power 5.51077e-06
I0212 13:22:53.896023 836509 lm_feature_timing.cpp:80] node dpath/a_lt_b/n19:477133 resistance 20.972 cap 0.000647858 slew 0.017501 delay 0.0179182 power 1.09783e-05
I0212 13:22:53.897518 836549 lm_feature_timing.cpp:125] build net dpath/a_reg_out[15] feature 
I0212 13:22:53.897523 836514 lm_feature_timing.cpp:80] node dpath/a_lt_b/n1:381413 resistance 9.416 cap 0.000746613 slew 0.017306 delay 0.00795497 power 6.04757e-06
I0212 13:22:53.898773 836589 lm_feature_timing.cpp:125] build net dpath/a_mux_out[2] feature 
I0212 13:22:53.897204 836508 lm_feature_timing.cpp:125] build net dpath/a_mux/n9 feature 
I0212 13:22:53.897140 836491 lm_feature_timing.cpp:80] node ctrl_b_mux_sel_0_:439398 resistance 151.084 cap 0.00106438 slew 0.0310884 delay 2.06795 power 1.7243e-05
I0212 13:22:53.898907 836599 lm_feature_timing.cpp:137] net dpath/a_lt_b/n25 resistance 13.696 cap 0.000725955 slew 0.000344529 delay 0.00449543 power 1.99787e-08
I0212 13:22:53.896031 836559 lm_feature_timing.cpp:80] node dpath/a_lt_b/n20:475438 resistance 0.856 cap 0.000749289 slew 0.012461 delay 0.000641392 power 1.21385e-05
I0212 13:22:53.899171 836496 lm_feature_timing.cpp:80] node dpath/a_mux/n10:445130 resistance 4.708 cap 0.000892554 slew 0.037124 delay 0.004405 power 5.09005e-05
I0212 13:22:53.897285 836505 lm_feature_timing.cpp:125] build net dpath/a_reg_out[10] feature 
I0212 13:22:53.897584 836579 lm_feature_timing.cpp:80] node ctrl/n3:434199 resistance 0 cap 0.00139018 slew 0.015546 delay 0 power 3.36802e-05
I0212 13:22:53.896100 836546 lm_feature_timing.cpp:125] build net ctrl_a_reg_en_0_ feature 
I0212 13:22:53.897562 836489 lm_feature_timing.cpp:80] node dpath/a_lt_b/n12:394981 resistance 3.852 cap 0.00158935 slew 0.020683 delay 0.00612218 power 1.28737e-05
I0212 13:22:53.899327 836579 lm_feature_timing.cpp:80] node ctrl/U3:A2 resistance 5.564 cap 0.00058282 slew 0.015546 delay 0.00356087 power 1.41201e-05
I0212 13:22:53.896898 836504 lm_feature_timing.cpp:125] build net dpath/a_lt_b/n13 feature 
I0212 13:22:53.897631 836573 lm_feature_timing.cpp:125] build net dpath/a_lt_b/n15 feature 
I0212 13:22:53.898963 836570 lm_feature_timing.cpp:80] node clk:752015 resistance 185.752 cap 0.00116815 slew 0.000546321 delay 0.648127 power 0.000378482
I0212 13:22:53.897521 833806 lm_feature_timing.cpp:80] node dpath/a_mux_out[0]:739181 resistance 15.836 cap 0.000627657 slew 0.016457 delay 0.011685 power 4.22677e-05
I0212 13:22:53.899145 836607 lm_feature_timing.cpp:80] node dpath/a_lt_b/n5:386501 resistance 0 cap 0.000639636 slew 0.015064 delay 0 power 8.09539e-06
I0212 13:22:53.897136 836585 lm_feature_timing.cpp:80] node ctrl/n2:798723 resistance 8.56 cap 0.000779872 slew 0.023799 delay 0.00787645 power 6.31696e-06
I0212 13:22:53.899170 836506 lm_feature_timing.cpp:80] node dpath/a_mux/n17:446029 resistance 7.704 cap 0.000598903 slew 0.034452 delay 0.00517165 power 4.85112e-06
I0212 13:22:53.897676 836498 lm_feature_timing.cpp:125] build net dpath/a_mux/n14 feature 
I0212 13:22:53.899490 836506 lm_feature_timing.cpp:80] node dpath/a_mux/n17:446031 resistance 6.848 cap 0.000610845 slew 0.034452 delay 0.00465898 power 4.94785e-06
I0212 13:22:53.897215 836512 lm_feature_timing.cpp:125] build net dpath/CTS_1 feature 
I0212 13:22:53.899525 836506 lm_feature_timing.cpp:80] node dpath/a_mux/U33:ZN resistance 0 cap 0.00074984 slew 0.034452 delay 0 power 6.0737e-06
I0212 13:22:53.897751 836554 lm_feature_timing.cpp:80] node dpath/a_mux_out[14]:475199 resistance 19.688 cap 0.000680883 slew 0.0173 delay 0.017208 power 7.51552e-05
I0212 13:22:53.899540 836549 lm_feature_timing.cpp:80] node dpath/a_reg_out[15]:802881 resistance 27.392 cap 0.000716612 slew 0.027745 delay 0.0468099 power 5.01484e-05
I0212 13:22:53.899573 836506 lm_feature_timing.cpp:80] node dpath/a_mux/n17:792959 resistance 0 cap 0.00074984 slew 0.034452 delay 0 power 6.0737e-06
I0212 13:22:53.898923 836574 lm_feature_timing.cpp:80] node dpath/a_reg/n19:502282 resistance 15.408 cap 0.000769199 slew 1.62812e-05 delay 0.0134042 power 0
I0212 13:22:53.897612 836536 lm_feature_timing.cpp:125] build net ctrl/state/n1 feature 
I0212 13:22:53.896212 836490 lm_feature_timing.cpp:80] node dpath/a_lt_b/n30:844105 resistance 7.276 cap 0.00193809 slew 0.037595 delay 0.014267 power 4.82409e-05
I0212 13:22:53.897861 836581 lm_feature_timing.cpp:80] node dpath/a_reg/U9:A2 resistance 43.656 cap 0.000574604 slew 0.019133 delay 0.0441204 power 4.65429e-06
I0212 13:22:53.899314 836491 lm_feature_timing.cpp:80] node ctrl_b_mux_sel_0_:439398 resistance 151.084 cap 0.00106438 slew 0.0310884 delay 2.06795 power 1.7243e-05
I0212 13:22:53.897615 836604 lm_feature_timing.cpp:80] node dpath/a_lt_b/n14:767077 resistance 0.428 cap 0.000927521 slew 0.020585 delay 0.000691258 power 7.51292e-06
I0212 13:22:53.898948 836538 lm_feature_timing.cpp:80] node ctrl/FE_OFN1_ctrl_b_mux_sel_0:439182 resistance 3.852 cap 0.000638682 slew 0.021054 delay 0.0024602 power 1.03466e-05
I0212 13:22:53.897912 836567 lm_feature_timing.cpp:125] build net dpath/a_mux/n6 feature 
I0212 13:22:53.897915 836594 lm_feature_timing.cpp:125] build net dpath/a_mux_out[4] feature 
I0212 13:22:53.897647 836530 lm_feature_timing.cpp:125] build net dpath/a_mux/n3 feature 
I0212 13:22:53.897511 836565 lm_feature_timing.cpp:80] node dpath/a_lt_b/n24:485485 resistance 11.984 cap 0.000601135 slew 0.019989 delay 0.00922655 power 0
I0212 13:22:53.897650 836610 lm_feature_timing.cpp:80] node dpath/a_lt_b/U30:A2 resistance 8.132 cap 0.00059384 slew 0.01901 delay 0.00935851 power 4.8101e-06
I0212 13:22:53.899713 836504 lm_feature_timing.cpp:80] node dpath/a_lt_b/placeFE_RC_0_0:B1 resistance 14.552 cap 0.000593169 slew 0.031831 delay 0.0108282 power 1.89266e-05
I0212 13:22:53.898011 836588 lm_feature_timing.cpp:125] build net dpath/a_mux_out[7] feature 
I0212 13:22:53.899796 836565 lm_feature_timing.cpp:80] node dpath/a_lt_b/n24:485479 resistance 9.416 cap 0.000629522 slew 0.019989 delay 0.00768284 power 0
I0212 13:22:53.897702 836531 lm_feature_timing.cpp:80] node dpath/a_lt_b/n32:486999 resistance 17.976 cap 0.000635035 slew 0.020978 delay 0.0187062 power 5.14378e-06
I0212 13:22:53.899477 836607 lm_feature_timing.cpp:80] node dpath/a_lt_b/n5:387341 resistance 1.712 cap 0.000619471 slew 0.015064 delay 0.00106053 power 7.84018e-06
I0212 13:22:53.898056 836547 lm_feature_timing.cpp:125] build net ctrl_a_mux_sel[1] feature 
I0212 13:22:53.898092 836499 lm_feature_timing.cpp:80] node dpath/a_reg_out[2]:386515 resistance 69.764 cap 0.000556241 slew 0.0429064 delay 0.241386 power 3.17667e-05
I0212 13:22:53.899259 836599 lm_feature_timing.cpp:125] build net dpath/b_mux/n1 feature 
I0212 13:22:53.897737 836518 lm_feature_timing.cpp:80] node dpath/a_reg_out[14]:483621 resistance 26.536 cap 0.000572685 slew 0.0404481 delay 0.0778574 power 5.32078e-05
I0212 13:22:53.896039 836492 lm_feature_timing.cpp:125] build net dpath/a_lt_b/n10 feature 
I0212 13:22:53.899928 836588 lm_feature_timing.cpp:80] node dpath/a_mux_out[7]:439421 resistance 25.252 cap 0.000590266 slew 0.017289 delay 0.0214141 power 6.63155e-05
I0212 13:22:53.898229 836586 lm_feature_timing.cpp:125] build net dpath/a_mux_out[3] feature 
I0212 13:22:53.898211 836522 lm_feature_timing.cpp:80] node dpath/a_lt_b/n8:738571 resistance 47.08 cap 0.000616441 slew 0.053906 delay 0.050494 power 9.93759e-06
I0212 13:22:53.898250 836561 lm_feature_timing.cpp:125] build net dpath/a_lt_b/n21 feature 
I0212 13:22:53.898254 836515 lm_feature_timing.cpp:125] build net dpath/a_reg/n5 feature 
I0212 13:22:53.896493 836602 lm_feature_timing.cpp:80] node dpath/b_reg/out_reg_3_:CP resistance 73.616 cap 0.000418247 slew 0.000313884 delay 0.326972 power 0.000135512
I0212 13:22:53.896520 836593 lm_feature_timing.cpp:125] build net dpath/a_mux/n15 feature 
I0212 13:22:53.899051 836493 lm_feature_timing.cpp:80] node dpath/a_mux/placeFE_OFC5_n18:I resistance 1.284 cap 0.000609824 slew 0.018175 delay 0.000803626 power 3.94278e-05
I0212 13:22:53.900059 836530 lm_feature_timing.cpp:80] node dpath/a_mux/U8:B resistance 4.28 cap 0.000586961 slew 0.033624 delay 0.00270407 power 3.34732e-05
I0212 13:22:53.899628 836549 lm_feature_timing.cpp:80] node dpath/a_reg_out[15]:1154841 resistance 27.392 cap 0.000761443 slew 0.027745 delay 0.0468099 power 5.32856e-05
I0212 13:22:53.898370 836535 lm_feature_timing.cpp:80] node dpath/a_mux_out[1]:386391 resistance 20.116 cap 0.000574604 slew 0.016524 delay 0.0156 power 4.83714e-05
I0212 13:22:53.898379 836582 lm_feature_timing.cpp:125] build net dpath/a_lt_b/n33 feature 
I0212 13:22:53.900137 836493 lm_feature_timing.cpp:80] node dpath/a_mux/n18:439292 resistance 1.284 cap 0.000625877 slew 0.018175 delay 0.000803626 power 4.04657e-05
I0212 13:22:53.898411 836516 lm_feature_timing.cpp:125] build net ctrl/next_state__0[0] feature 
I0212 13:22:53.899672 836574 lm_feature_timing.cpp:80] node dpath/a_reg/n19:508973 resistance 2.996 cap 0.000997854 slew 9.02853e-06 delay 0.00298957 power 0
I0212 13:22:53.899361 836579 lm_feature_timing.cpp:80] node ctrl/n3:433350 resistance 5.564 cap 0.000639984 slew 0.015546 delay 0.00356087 power 1.5505e-05
I0212 13:22:53.897960 836510 lm_feature_timing.cpp:80] node dpath/a_lt_b/n28:490390 resistance 0 cap 0.000705413 slew 0.015449 delay 0 power 1.01034e-05
I0212 13:22:53.899703 836546 lm_feature_timing.cpp:80] node dpath/a_reg/U4:I resistance 204.156 cap 0.00106438 slew 0.0402393 delay 2.32085 power 8.62148e-06
I0212 13:22:53.899711 836604 lm_feature_timing.cpp:80] node dpath/a_lt_b/n14:415116 resistance 0 cap 0.00162292 slew 0.020585 delay 0 power 1.31457e-05
I0212 13:22:53.900259 836574 lm_feature_timing.cpp:80] node dpath/a_reg/n19:860933 resistance 2.996 cap 0.000965357 slew 9.02853e-06 delay 0.00298957 power 0
I0212 13:22:53.896936 836598 lm_feature_timing.cpp:80] node dpath/a_reg/n1:485243 resistance 10.272 cap 0.000547203 slew 0.011477 delay 0.00670442 power 6.03998e-05
I0212 13:22:53.899767 836536 lm_feature_timing.cpp:80] node ctrl/state/n1:424061 resistance 16.692 cap 0.000652237 slew 0.014531 delay 0.0259137 power 5.28312e-06
I0212 13:22:53.896569 836601 lm_feature_timing.cpp:125] build net dpath/a_lt_b/n18 feature 
I0212 13:22:53.898593 836571 lm_feature_timing.cpp:125] build net dpath/a_reg/n13 feature 
I0212 13:22:53.897702 836597 lm_feature_timing.cpp:125] build net dpath/a_mux/n16 feature 
I0212 13:22:53.897230 836576 lm_feature_timing.cpp:125] build net dpath/a_reg/n14 feature 
I0212 13:22:53.898036 836587 lm_feature_timing.cpp:80] node dpath/a_mux_out[15]:452567 resistance 8.132 cap 0.000853375 slew 0.016859 delay 0.00760827 power 9.80946e-05
I0212 13:22:53.898648 836556 lm_feature_timing.cpp:125] build net dpath/a_mux_out[6] feature 
I0212 13:22:53.897718 836487 lm_feature_timing.cpp:80] node ctrl/state_out[1]:424132 resistance 19.688 cap 0.00159106 slew 0.029421 delay 0.0519176 power 1.28876e-05
I0212 13:22:53.898694 836541 lm_feature_timing.cpp:125] build net dpath/a_reg/n17 feature 
I0212 13:22:53.900404 836582 lm_feature_timing.cpp:80] node dpath/a_lt_b/U37:C resistance 10.272 cap 0.000599307 slew 0.016585 delay 0.00720779 power 8.52164e-06
I0212 13:22:53.898694 836537 lm_feature_timing.cpp:125] build net dpath/a_mux_out[12] feature 
I0212 13:22:53.900465 836487 lm_feature_timing.cpp:80] node ctrl/state_out[1]:431673 resistance 26.964 cap 0.00062133 slew 0.029421 delay 0.0559544 power 5.03278e-06
I0212 13:22:53.899282 836559 lm_feature_timing.cpp:80] node dpath/a_lt_b/U27:B resistance 3.852 cap 0.000704849 slew 0.012461 delay 0.00275312 power 1.14186e-05
I0212 13:22:53.898746 836511 lm_feature_timing.cpp:80] node dpath/a_reg/U14:A2 resistance 32.528 cap 0.000574604 slew 0.017957 delay 0.0293888 power 5.9273e-05
I0212 13:22:53.898250 836557 lm_feature_timing.cpp:125] build net dpath/a_reg/n10 feature 
I0212 13:22:53.896651 836550 lm_feature_timing.cpp:80] node dpath/a_lt_b/n29:485347 resistance 9.844 cap 0.000893177 slew 0.020196 delay 0.00879243 power 7.23473e-06
I0212 13:22:53.899967 836588 lm_feature_timing.cpp:80] node dpath/a_mux_out[7]:791381 resistance 25.252 cap 0.000635097 slew 0.017289 delay 0.0214141 power 7.13522e-05
I0212 13:22:53.899959 836518 lm_feature_timing.cpp:80] node dpath/a_reg_out[14]:835581 resistance 26.536 cap 0.00059285 slew 0.0404481 delay 0.0778574 power 5.50812e-05
I0212 13:22:53.897270 836542 lm_feature_timing.cpp:125] build net dpath/a_lt_b/n23 feature 
I0212 13:22:53.900597 836601 lm_feature_timing.cpp:80] node dpath/a_lt_b/n18:478793 resistance 14.124 cap 0.000644485 slew 0.021423 delay 0.0153273 power 5.22033e-06
I0212 13:22:53.897511 836558 lm_feature_timing.cpp:125] build net dpath/a_lt_b/n16 feature 
I0212 13:22:53.900656 836518 lm_feature_timing.cpp:80] node dpath/a_reg_out[14]:833905 resistance 24.824 cap 0.00167496 slew 0.0404481 delay 0.0768424 power 0.000155619
I0212 13:22:53.898301 836524 lm_feature_timing.cpp:125] build net dpath/a_mux_out[9] feature 
I0212 13:22:53.897827 836500 lm_feature_timing.cpp:80] node dpath/a_reg/n8:410115 resistance 9.416 cap 0.000670482 slew 0.01695 delay 0.00722537 power 4.45076e-05
I0212 13:22:53.899200 836486 lm_feature_timing.cpp:80] node dpath/a_reg/out_reg_2_:D resistance 16.264 cap 0.000564376 slew 0.01709 delay 0.0118058 power 3.22313e-05
I0212 13:22:53.899178 836553 lm_feature_timing.cpp:80] node dpath/a_reg/out_reg_7_:D resistance 8.132 cap 0.000646206 slew 0.016117 delay 0.00525495 power 4.43811e-05
I0212 13:22:53.899212 836509 lm_feature_timing.cpp:80] node dpath/a_lt_b/n19:829093 resistance 20.972 cap 0.000816021 slew 0.017501 delay 0.0179182 power 1.38279e-05
I0212 13:22:53.899353 836508 lm_feature_timing.cpp:80] node dpath/a_mux/U19:ZN resistance 0 cap 0.00100904 slew 0.037386 delay 0 power 5.75433e-05
I0212 13:22:53.896159 836568 lm_feature_timing.cpp:80] node ctrl/next_state__0[1]:1130553 resistance 0.856 cap 0.000909366 slew 0.030897 delay 0.00078864 power 4.6303e-05
I0212 13:22:53.900779 836537 lm_feature_timing.cpp:80] node dpath/a_mux_out[12]:445167 resistance 1.284 cap 0.00135297 slew 0.018929 delay 0.00173721 power 0.000137393
I0212 13:22:53.900807 836557 lm_feature_timing.cpp:80] node dpath/a_reg/n10:470446 resistance 0 cap 0.000711592 slew 0.016096 delay 0 power 5.05068e-05
I0212 13:22:53.899426 836489 lm_feature_timing.cpp:80] node dpath/a_lt_b/n12:746941 resistance 3.852 cap 0.000804768 slew 0.020683 delay 0.00612218 power 6.51862e-06
I0212 13:22:53.900852 836553 lm_feature_timing.cpp:80] node dpath/a_reg/U12:Z resistance 0 cap 0.000728037 slew 0.016117 delay 0 power 5.00012e-05
I0212 13:22:53.900872 836537 lm_feature_timing.cpp:80] node dpath/a_mux_out[12]:797127 resistance 1.284 cap 0.00133692 slew 0.018929 delay 0.00173721 power 0.000135762
I0212 13:22:53.898387 836584 lm_feature_timing.cpp:125] build net dpath/a_mux/n11 feature 
I0212 13:22:53.900198 836493 lm_feature_timing.cpp:80] node dpath/a_mux/n18:439289 resistance 0 cap 0.00064193 slew 0.018175 delay 0 power 4.15036e-05
I0212 13:22:53.898428 836552 lm_feature_timing.cpp:125] build net dpath/a_reg/n15 feature 
I0212 13:22:53.899714 836491 lm_feature_timing.cpp:80] node ctrl_b_mux_sel_0_:791358 resistance 151.084 cap 0.00113799 slew 0.0310884 delay 2.06795 power 1.84354e-05
I0212 13:22:53.900936 836537 lm_feature_timing.cpp:80] node dpath/a_mux_out[12]:445164 resistance 0 cap 0.00136902 slew 0.018929 delay 0 power 0.000139023
I0212 13:22:53.900208 836547 lm_feature_timing.cpp:80] node dpath/a_mux/placeFE_OFC3_ctrl_a_mux_sel_1:I resistance 12.84 cap 0.000597962 slew 0.014695 delay 0.00930918 power 1.93304e-05
I0212 13:22:53.900225 836512 lm_feature_timing.cpp:80] node dpath/a_reg/out_reg_9_:CP resistance 84.316 cap 0.000418247 slew 0.000853081 delay 0.737868 power 0.000135512
I0212 13:22:53.898536 836540 lm_feature_timing.cpp:125] build net dpath/a_reg/n3 feature 
I0212 13:22:53.899860 836484 lm_feature_timing.cpp:125] build net dpath/a_mux/n12 feature 
I0212 13:22:53.898546 836563 lm_feature_timing.cpp:125] build net dpath/a_lt_b/n4 feature 
I0212 13:22:53.901096 836552 lm_feature_timing.cpp:80] node dpath/a_reg/n15:470249 resistance 0.428 cap 0.00181884 slew 0.022647 delay 0.000778465 power 0.000119024
I0212 13:22:53.899884 836607 lm_feature_timing.cpp:80] node dpath/a_lt_b/n5:386501 resistance 0 cap 0.000639636 slew 0.015064 delay 0 power 8.09539e-06
I0212 13:22:53.896548 836523 lm_feature_timing.cpp:80] node ctrl/n1:409040 resistance 0 cap 0.00117653 slew 0.02561 delay 0 power 1.90597e-05
I0212 13:22:53.901146 836552 lm_feature_timing.cpp:80] node dpath/a_reg/n15:822209 resistance 0.428 cap 0.00181101 slew 0.022647 delay 0.000778465 power 0.000118512
I0212 13:22:53.899400 836600 lm_feature_timing.cpp:80] node dpath/a_lt_b/n9:389131 resistance 15.408 cap 0.000719224 slew 0.031625 delay 0.0135469 power 1.16514e-05
I0212 13:22:53.900296 836515 lm_feature_timing.cpp:80] node dpath/a_reg/n5:1099671 resistance 19.688 cap 0.00071081 slew 0.018395 delay 0.0178545 power 4.22688e-05
I0212 13:22:53.898026 836520 lm_feature_timing.cpp:125] build net dpath/a_mux/n2 feature 
I0212 13:22:53.900331 836574 lm_feature_timing.cpp:80] node dpath/a_reg/n19:508966 resistance 0 cap 0.00103035 slew 0 delay 0 power 0
I0212 13:22:53.901234 836600 lm_feature_timing.cpp:80] node dpath/a_lt_b/n9:389132 resistance 15.836 cap 0.000711393 slew 0.031625 delay 0.0138513 power 1.15246e-05
I0212 13:22:53.900326 836604 lm_feature_timing.cpp:80] node dpath/a_lt_b/n14:415117 resistance 0.428 cap 0.00161509 slew 0.020585 delay 0.000691258 power 1.30822e-05
I0212 13:22:53.898419 836606 lm_feature_timing.cpp:80] node dpath/a_mux/n1:801183 resistance 1.712 cap 0.000818555 slew 0.035457 delay 0.00140137 power 4.66805e-05
I0212 13:22:53.900170 836535 lm_feature_timing.cpp:80] node dpath/a_mux_out[1]:386391 resistance 20.116 cap 0.000574604 slew 0.016524 delay 0.0156 power 4.83714e-05
I0212 13:22:53.901301 836600 lm_feature_timing.cpp:80] node dpath/a_lt_b/n9:741929 resistance 14.552 cap 0.000743108 slew 0.031625 delay 0.012921 power 1.20384e-05
I0212 13:22:53.900216 836586 lm_feature_timing.cpp:80] node dpath/a_reg/U16:A2 resistance 9.416 cap 0.000574604 slew 0.015352 delay 0.00629712 power 5.39672e-05
I0212 13:22:53.900254 836579 lm_feature_timing.cpp:80] node ctrl/U13:A1 resistance 4.28 cap 0.000595933 slew 0.015546 delay 0.00276794 power 1.44378e-05
I0212 13:22:53.898138 836527 lm_feature_timing.cpp:80] node dpath/a_lt_b/n35:838943 resistance 1.712 cap 0.0014612 slew 0.033561 delay 0.00252202 power 3.57653e-05
I0212 13:22:53.901365 836579 lm_feature_timing.cpp:80] node ctrl/n3:437549 resistance 4.28 cap 0.000607875 slew 0.015546 delay 0.00276794 power 1.47271e-05
I0212 13:22:53.897791 836532 lm_feature_timing.cpp:125] build net dpath/a_reg_out[8] feature 
I0212 13:22:53.896621 836502 lm_feature_timing.cpp:80] node dpath/a_lt_b/U29:ZN resistance 0 cap 0.000774979 slew 0.022504 delay 0 power 2.28867e-05
I0212 13:22:53.898231 836608 lm_feature_timing.cpp:80] node dpath/a_mux/n5:381341 resistance 2.14 cap 0.000761782 slew 0.035087 delay 0.00166616 power 4.34428e-05
I0212 13:22:53.900522 836559 lm_feature_timing.cpp:80] node dpath/a_lt_b/U25:Z resistance 0 cap 0.000761231 slew 0.012461 delay 0 power 1.23319e-05
I0212 13:22:53.898612 836548 lm_feature_timing.cpp:80] node dpath/a_reg/out_reg_0_:D resistance 8.988 cap 0.000564376 slew 0.016259 delay 0.00588519 power 2.60608e-05
I0212 13:22:53.901445 836563 lm_feature_timing.cpp:80] node dpath/a_lt_b/U10:A2 resistance 14.552 cap 0.000572598 slew 0.021374 delay 0.0106435 power 4.63804e-06
I0212 13:22:53.898648 836525 lm_feature_timing.cpp:80] node ctrl/state_out[0]:440051 resistance 77.896 cap 0.000596981 slew 0.0498893 delay 0.236384 power 4.83555e-06
I0212 13:22:53.900512 836487 lm_feature_timing.cpp:80] node ctrl/state_out[1]:783633 resistance 26.964 cap 0.000674383 slew 0.029421 delay 0.0559544 power 5.4625e-06
I0212 13:22:53.901525 836548 lm_feature_timing.cpp:80] node dpath/a_reg/n2:746707 resistance 8.988 cap 0.000650317 slew 0.016259 delay 0.00588519 power 3.00292e-05
I0212 13:22:53.900687 836601 lm_feature_timing.cpp:80] node dpath/a_lt_b/n18:830753 resistance 14.124 cap 0.00070576 slew 0.021423 delay 0.0153273 power 5.71666e-06
I0212 13:22:53.900790 836524 lm_feature_timing.cpp:80] node dpath/a_reg/U10:A2 resistance 72.332 cap 0.000574604 slew 0.0222031 delay 0.0933752 power 6.98368e-05
I0212 13:22:53.899422 836570 lm_feature_timing.cpp:80] node clk:754529 resistance 188.32 cap 0.00113977 slew 0.000546331 delay 0.651054 power 0.000369285
I0212 13:22:53.901587 836487 lm_feature_timing.cpp:80] node ctrl/state_out[1]:778605 resistance 21.828 cap 0.000727436 slew 0.029421 delay 0.0524907 power 5.89223e-06
I0212 13:22:53.897819 836603 lm_feature_timing.cpp:80] node dpath/a_reg/out_reg_10_:CN resistance 47.08 cap 0.000562576 slew 0.020481 delay 0.048563 power 1.82275e-07
I0212 13:22:53.901597 836548 lm_feature_timing.cpp:80] node dpath/a_reg/n2:738327 resistance 0.428 cap 0.000736259 slew 0.016259 delay 0.00031847 power 3.39977e-05
I0212 13:22:53.897981 836583 lm_feature_timing.cpp:125] build net dpath/a_reg/n18 feature 
I0212 13:22:53.897611 836560 lm_feature_timing.cpp:80] node ctrl/U3:ZN resistance 0 cap 0.000671179 slew 0.027947 delay 0 power 1.69544e-05
I0212 13:22:53.898262 836507 lm_feature_timing.cpp:125] build net dpath/a_lt_b/n37 feature 
I0212 13:22:53.901661 836548 lm_feature_timing.cpp:80] node dpath/a_reg/n2:746707 resistance 8.988 cap 0.000650317 slew 0.016259 delay 0.00588519 power 3.00292e-05
I0212 13:22:53.897524 836578 lm_feature_timing.cpp:125] build net dpath/a_lt_b/n17 feature 
I0212 13:22:53.901683 836603 lm_feature_timing.cpp:80] node dpath/a_reg/n12:851715 resistance 47.08 cap 0.000590962 slew 0.020481 delay 0.048563 power 1.91472e-07
I0212 13:22:53.899610 836554 lm_feature_timing.cpp:80] node dpath/a_mux_out[14]:827159 resistance 19.688 cap 0.00086549 slew 0.0173 delay 0.017208 power 9.5532e-05
I0212 13:22:53.901189 836552 lm_feature_timing.cpp:80] node dpath/a_reg/n15:470248 resistance 0 cap 0.00182668 slew 0.022647 delay 0 power 0.000119537
I0212 13:22:53.898308 836494 lm_feature_timing.cpp:80] node dpath/a_mux/U27:ZN resistance 0 cap 0.000881394 slew 0.035942 delay 0 power 5.02641e-05
I0212 13:22:53.900750 836486 lm_feature_timing.cpp:80] node dpath/a_reg/n4:753533 resistance 16.264 cap 0.000691428 slew 0.01709 delay 0.0118058 power 3.94871e-05
I0212 13:22:53.899320 836496 lm_feature_timing.cpp:80] node dpath/a_mux/n10:445141 resistance 9.416 cap 0.00083167 slew 0.037124 delay 0.0083205 power 4.74284e-05
I0212 13:22:53.900763 836500 lm_feature_timing.cpp:80] node dpath/a_reg/n8:762075 resistance 9.416 cap 0.000731757 slew 0.01695 delay 0.00722537 power 4.85751e-05
I0212 13:22:53.898362 836544 lm_feature_timing.cpp:125] build net dpath/a_reg/n7 feature 
I0212 13:22:53.901834 836494 lm_feature_timing.cpp:80] node dpath/a_mux/n13:730981 resistance 0 cap 0.000881394 slew 0.035942 delay 0 power 5.02641e-05
I0212 13:22:53.898608 836590 lm_feature_timing.cpp:80] node dpath/a_reg_out[13]:860749 resistance 0.856 cap 0.00510406 slew 0.03813 delay 0.0043793 power 0.000334007
I0212 13:22:53.900123 836602 lm_feature_timing.cpp:80] node CTS_1:424225 resistance 73.616 cap 0.000418247 slew 0.000313884 delay 0.326972 power 0.000135512
I0212 13:22:53.899384 836591 lm_feature_timing.cpp:80] node dpath/a_reg_out[4]:727757 resistance 4.708 cap 0.00682642 slew 0.0490062 delay 0.0322515 power 0.000421736
I0212 13:22:53.897866 836572 lm_feature_timing.cpp:80] node ctrl/n4:437541 resistance 4.28 cap 0.00107571 slew 0.029179 delay 0.00460406 power 7.85133e-05
I0212 13:22:53.899434 833806 lm_feature_timing.cpp:80] node dpath/a_mux_out[0]:734153 resistance 10.7 cap 0.00068071 slew 0.016457 delay 0.00846132 power 4.58404e-05
I0212 13:22:53.898614 836580 lm_feature_timing.cpp:80] node dpath/b_mux/U2:B1 resistance 26.536 cap 0.000659839 slew 0.039044 delay 0.0558907 power 3.04689e-05
I0212 13:22:53.902011 833806 lm_feature_timing.cpp:80] node dpath/a_mux_out[0]:739181 resistance 15.836 cap 0.000627657 slew 0.016457 delay 0.011685 power 4.22677e-05
I0212 13:22:53.899549 836573 lm_feature_timing.cpp:80] node dpath/a_lt_b/U24:B2 resistance 14.552 cap 0.000594109 slew 0.021785 delay 0.0126152 power 4.81228e-06
I0212 13:22:53.899549 836589 lm_feature_timing.cpp:80] node dpath/a_mux_out[2]:384777 resistance 4.708 cap 0.000705376 slew 0.015615 delay 0.00356088 power 6.29256e-05
I0212 13:22:53.900900 836558 lm_feature_timing.cpp:80] node dpath/a_lt_b/n16:422673 resistance 5.136 cap 0.000647979 slew 0.024183 delay 0.0036005 power 1.04973e-05
I0212 13:22:53.897627 836609 lm_feature_timing.cpp:80] node dpath/a_lt_b/n22:1185231 resistance 5.136 cap 0.000919096 slew 0.047613 delay 0.00499296 power 2.29623e-05
I0212 13:22:53.902102 836580 lm_feature_timing.cpp:80] node dpath/a_reg_out[0]:745103 resistance 26.536 cap 0.000688225 slew 0.039044 delay 0.0558907 power 3.17797e-05
I0212 13:22:53.896243 836564 lm_feature_timing.cpp:80] node dpath/a_reg_out[3]:384903 resistance 28.676 cap 0.000649398 slew 0.042396 delay 0.0534957 power 3.86169e-05
I0212 13:22:53.899684 836490 lm_feature_timing.cpp:80] node dpath/a_lt_b/n30:1196065 resistance 7.276 cap 0.00188503 slew 0.037595 delay 0.014267 power 4.69204e-05
I0212 13:22:53.897979 836513 lm_feature_timing.cpp:125] build net dpath/a_lt_b/n3 feature 
I0212 13:22:53.900920 836553 lm_feature_timing.cpp:80] node dpath/a_reg/n9:440276 resistance 0 cap 0.000728037 slew 0.016117 delay 0 power 5.00012e-05
I0212 13:22:53.902199 836558 lm_feature_timing.cpp:80] node dpath/a_lt_b/n16:774633 resistance 5.136 cap 0.000701032 slew 0.024183 delay 0.0036005 power 1.13567e-05
I0212 13:22:53.898427 836562 lm_feature_timing.cpp:80] node dpath/a_reg/out_reg_9_:D resistance 14.98 cap 0.000564376 slew 0.01698 delay 0.0107196 power 4.13545e-05
I0212 13:22:53.900923 836568 lm_feature_timing.cpp:80] node ctrl/next_state__0[1]:777755 resistance 0 cap 0.000933251 slew 0.030897 delay 0 power 4.75191e-05
I0212 13:22:53.898003 836528 lm_feature_timing.cpp:80] node dpath/a_reg_out[1]:739225 resistance 55.212 cap 0.00056404 slew 0.0420913 delay 0.189743 power 3.07945e-05
I0212 13:22:53.899724 836538 lm_feature_timing.cpp:80] node ctrl/FE_OFN1_ctrl_b_mux_sel_0:439191 resistance 0 cap 0.000679401 slew 0.021054 delay 0 power 1.10063e-05
I0212 13:22:53.899842 836531 lm_feature_timing.cpp:80] node dpath/a_lt_b/n32:486991 resistance 14.552 cap 0.000671643 slew 0.020978 delay 0.0165318 power 5.44031e-06
I0212 13:22:53.900961 836493 lm_feature_timing.cpp:80] node dpath/a_mux/n18:439292 resistance 1.284 cap 0.000625877 slew 0.018175 delay 0.000803626 power 4.04657e-05
I0212 13:22:53.902220 836544 lm_feature_timing.cpp:80] node dpath/a_reg/n7:386649 resistance 0 cap 0.000686926 slew 0.015873 delay 0 power 4.40199e-05
I0212 13:22:53.900264 836510 lm_feature_timing.cpp:80] node dpath/a_lt_b/U33:C resistance 5.136 cap 0.000599307 slew 0.015449 delay 0.00335052 power 8.58372e-06
I0212 13:22:53.899796 836498 lm_feature_timing.cpp:80] node dpath/a_mux/U30:B resistance 15.836 cap 0.000586961 slew 0.036474 delay 0.0119985 power 3.34732e-05
I0212 13:22:53.902372 836493 lm_feature_timing.cpp:80] node dpath/a_mux/U2:ZN resistance 0 cap 0.00064193 slew 0.018175 delay 0 power 4.15036e-05
I0212 13:22:53.901023 836542 lm_feature_timing.cpp:80] node dpath/a_lt_b/n23:483807 resistance 5.136 cap 0.000704344 slew 0.024902 delay 0.00390273 power 1.14104e-05
I0212 13:22:53.902388 836568 lm_feature_timing.cpp:80] node ctrl/next_state__0[1]:778593 resistance 0.856 cap 0.000921308 slew 0.030897 delay 0.00078864 power 4.6911e-05
I0212 13:22:53.902429 836493 lm_feature_timing.cpp:80] node dpath/a_mux/n18:439289 resistance 0 cap 0.00064193 slew 0.018175 delay 0 power 4.15036e-05
I0212 13:22:53.902141 836589 lm_feature_timing.cpp:80] node dpath/a_mux_out[2]:736737 resistance 4.708 cap 0.000741985 slew 0.015615 delay 0.00356088 power 6.61914e-05
I0212 13:22:53.902182 836580 lm_feature_timing.cpp:80] node dpath/a_reg_out[0]:742589 resistance 23.968 cap 0.00158049 slew 0.039044 delay 0.0541233 power 7.2981e-05
I0212 13:22:53.900305 836593 lm_feature_timing.cpp:80] node dpath/a_mux/n15:438517 resistance 13.696 cap 0.000660178 slew 0.036668 delay 0.0109773 power 3.76486e-05
I0212 13:22:53.902493 836542 lm_feature_timing.cpp:80] node dpath/a_lt_b/n23:835767 resistance 5.136 cap 0.000740952 slew 0.024902 delay 0.00390273 power 1.20034e-05
I0212 13:22:53.902284 836562 lm_feature_timing.cpp:80] node dpath/a_reg/n11:837511 resistance 14.98 cap 0.000642095 slew 0.01698 delay 0.0107196 power 4.70494e-05
I0212 13:22:53.902331 836531 lm_feature_timing.cpp:80] node dpath/a_lt_b/n32:486999 resistance 17.976 cap 0.000635035 slew 0.020978 delay 0.0187062 power 5.14378e-06
I0212 13:22:53.900101 836599 lm_feature_timing.cpp:80] node dpath/b_mux/n1:441917 resistance 0.856 cap 0.0171972 slew 0.0427522 delay 0.0147208 power 0.000278594
I0212 13:22:53.896477 836605 lm_feature_timing.cpp:80] node dpath/a_reg/out_reg_14_:D resistance 15.408 cap 0.000564376 slew 0.022332 delay 0.0110336 power 5.24358e-05
I0212 13:22:53.898622 836503 lm_feature_timing.cpp:125] build net dpath/a_reg/n6 feature 
I0212 13:22:53.901266 836515 lm_feature_timing.cpp:80] node dpath/a_reg/n5:1451631 resistance 19.688 cap 0.00082964 slew 0.018395 delay 0.0178545 power 4.93351e-05
I0212 13:22:53.901262 836523 lm_feature_timing.cpp:80] node ctrl/n1:409041 resistance 0.428 cap 0.00116869 slew 0.02561 delay 0.000500201 power 1.89328e-05
I0212 13:22:53.898073 836517 lm_feature_timing.cpp:125] build net dpath/a_lt_b/n6 feature 
I0212 13:22:53.902465 836498 lm_feature_timing.cpp:80] node dpath/a_mux/n14:395806 resistance 15.836 cap 0.000603014 slew 0.036474 delay 0.0119985 power 3.43886e-05
I0212 13:22:53.902276 836558 lm_feature_timing.cpp:80] node dpath/a_lt_b/U24:A2 resistance 8.56 cap 0.000574762 slew 0.024183 delay 0.00569383 power 9.31114e-06
I0212 13:22:53.900336 836492 lm_feature_timing.cpp:80] node dpath/a_lt_b/U18:A2 resistance 21.4 cap 0.000572598 slew 0.022374 delay 0.0233684 power 4.63804e-06
I0212 13:22:53.902685 836523 lm_feature_timing.cpp:80] node ctrl/n1:1133071 resistance 21.828 cap 0.000734876 slew 0.02561 delay 0.0207114 power 1.1905e-05
I0212 13:22:53.901999 836583 lm_feature_timing.cpp:80] node dpath/a_reg/n18:388329 resistance 85.6 cap 0.00629408 slew 0.0502106 delay 0.773999 power 5.0982e-05
I0212 13:22:53.902570 836542 lm_feature_timing.cpp:80] node dpath/a_lt_b/U28:B1 resistance 7.704 cap 0.000675957 slew 0.024902 delay 0.00563859 power 1.09505e-05
I0212 13:22:53.901314 836540 lm_feature_timing.cpp:80] node dpath/a_reg/out_reg_1_:D resistance 36.38 cap 0.000564376 slew 0.019387 delay 0.0334405 power 3.08129e-05
I0212 13:22:53.902747 836523 lm_feature_timing.cpp:80] node ctrl/n1:1485031 resistance 21.828 cap 0.000935927 slew 0.02561 delay 0.0207114 power 1.5162e-05
I0212 13:22:53.901332 836574 lm_feature_timing.cpp:80] node dpath/a_reg/n19:508973 resistance 2.996 cap 0.000997854 slew 9.02853e-06 delay 0.00298957 power 0
I0212 13:22:53.902778 836542 lm_feature_timing.cpp:80] node dpath/a_lt_b/n23:483807 resistance 5.136 cap 0.000704344 slew 0.024902 delay 0.00390273 power 1.14104e-05
I0212 13:22:53.898559 836555 lm_feature_timing.cpp:125] build net dpath/a_mux_out[8] feature 
I0212 13:22:53.902805 836523 lm_feature_timing.cpp:80] node ctrl/n1:1464919 resistance 1.284 cap 0.00113698 slew 0.02561 delay 0.00148368 power 1.84191e-05
I0212 13:22:53.902822 836574 lm_feature_timing.cpp:80] node dpath/a_reg/n19:854229 resistance 9.844 cap 0.00089586 slew 1.44834e-05 delay 0.00912442 power 0
I0212 13:22:53.901355 836604 lm_feature_timing.cpp:80] node dpath/a_lt_b/U20:B1 resistance 17.976 cap 0.000575533 slew 0.020585 delay 0.0139284 power 4.66182e-06
I0212 13:22:53.901382 836535 lm_feature_timing.cpp:80] node dpath/a_mux_out[1]:738351 resistance 20.116 cap 0.000668768 slew 0.016524 delay 0.0156 power 5.62983e-05
I0212 13:22:53.902861 836574 lm_feature_timing.cpp:80] node dpath/a_reg/n19:860933 resistance 2.996 cap 0.000965357 slew 9.02853e-06 delay 0.00298957 power 0
I0212 13:22:53.900487 836516 lm_feature_timing.cpp:80] node ctrl/next_state__0[0]:786943 resistance 9.844 cap 0.000822643 slew 0.029224 delay 0.00884021 power 7.33692e-05
I0212 13:22:53.902912 836604 lm_feature_timing.cpp:80] node dpath/a_lt_b/n14:401708 resistance 17.976 cap 0.000599808 slew 0.020585 delay 0.0139284 power 4.85845e-06
I0212 13:22:53.901440 836527 lm_feature_timing.cpp:80] node dpath/a_lt_b/n35:1190903 resistance 1.712 cap 0.00144926 slew 0.033561 delay 0.00252202 power 3.5473e-05
I0212 13:22:53.900364 836485 lm_feature_timing.cpp:125] build net dpath/a_lt_b/n11 feature 
I0212 13:22:53.901465 836559 lm_feature_timing.cpp:80] node dpath/a_lt_b/n20:476276 resistance 0 cap 0.000761231 slew 0.012461 delay 0 power 1.23319e-05
I0212 13:22:53.900534 836597 lm_feature_timing.cpp:80] node dpath/a_mux/n16:439277 resistance 0.428 cap 0.000772311 slew 0.020149 delay 0.000330549 power 4.99333e-05
I0212 13:22:53.902998 836516 lm_feature_timing.cpp:80] node ctrl/next_state__0[0]:1138903 resistance 9.844 cap 0.000794256 slew 0.029224 delay 0.00884021 power 7.08375e-05
I0212 13:22:53.903107 836559 lm_feature_timing.cpp:80] node dpath/a_lt_b/n20:475438 resistance 0.856 cap 0.000749289 slew 0.012461 delay 0.000641392 power 1.21385e-05
I0212 13:22:53.900502 836582 lm_feature_timing.cpp:80] node dpath/a_lt_b/n33:484448 resistance 10.272 cap 0.000701693 slew 0.016585 delay 0.00720779 power 9.97748e-06
I0212 13:22:53.903151 836559 lm_feature_timing.cpp:80] node dpath/a_lt_b/n20:476276 resistance 0 cap 0.000761231 slew 0.012461 delay 0 power 1.23319e-05
I0212 13:22:53.903167 836559 lm_feature_timing.cpp:137] net dpath/a_lt_b/n20 resistance 7.704 cap 0.000761231 slew 0.000294216 delay 0.00275312 power 9.98888e-09
I0212 13:22:53.897156 836543 lm_feature_timing.cpp:125] build net dpath/a_lt_b/n2 feature 
I0212 13:22:53.903195 836559 lm_feature_timing.cpp:125] build net dpath/b_mux_out[0] feature 
I0212 13:22:53.900617 836550 lm_feature_timing.cpp:80] node dpath/a_lt_b/n29:837307 resistance 9.844 cap 0.000794902 slew 0.020196 delay 0.00879243 power 6.43871e-06
I0212 13:22:53.900616 836511 lm_feature_timing.cpp:80] node dpath/a_mux_out[5]:387470 resistance 32.528 cap 0.000598879 slew 0.017957 delay 0.0293888 power 6.17771e-05
I0212 13:22:53.903211 836582 lm_feature_timing.cpp:80] node dpath/a_lt_b/U36:ZN resistance 0 cap 0.000804078 slew 0.016585 delay 0 power 1.14333e-05
I0212 13:22:53.900684 836556 lm_feature_timing.cpp:80] node dpath/a_reg/U13:A2 resistance 23.112 cap 0.000574604 slew 0.017149 delay 0.0188792 power 6.1915e-05
I0212 13:22:53.897254 836596 lm_feature_timing.cpp:125] build net dpath/a_mux_out[11] feature 
I0212 13:22:53.903270 836582 lm_feature_timing.cpp:80] node dpath/a_lt_b/n33:485272 resistance 0 cap 0.000804078 slew 0.016585 delay 0 power 1.14333e-05
I0212 13:22:53.897794 836569 lm_feature_timing.cpp:125] build net ctrl_a_mux_sel[0] feature 
I0212 13:22:53.903314 836559 lm_feature_timing.cpp:80] node dpath/b_mux_out[0]:407395 resistance 14.124 cap 0.000656043 slew 0.017178 delay 0.0112442 power 2.72197e-05
I0212 13:22:53.900812 836509 lm_feature_timing.cpp:80] node dpath/a_lt_b/n19:812333 resistance 3.852 cap 0.000984183 slew 0.017501 delay 0.00394793 power 1.66775e-05
I0212 13:22:53.901602 836524 lm_feature_timing.cpp:80] node dpath/a_mux_out[9]:477977 resistance 72.332 cap 0.000574604 slew 0.0222031 delay 0.0933752 power 6.98368e-05
I0212 13:22:53.899067 836519 lm_feature_timing.cpp:80] node dpath/a_reg_out[7]:424361 resistance 26.108 cap 0.00063155 slew 0.0402571 delay 0.0858963 power 4.33746e-05
I0212 13:22:53.903373 836524 lm_feature_timing.cpp:80] node dpath/a_mux_out[9]:477977 resistance 72.332 cap 0.000574604 slew 0.0222031 delay 0.0933752 power 6.98368e-05
I0212 13:22:53.900875 836557 lm_feature_timing.cpp:80] node dpath/a_reg/out_reg_8_:D resistance 7.276 cap 0.000637984 slew 0.016096 delay 0.00464197 power 4.52823e-05
I0212 13:22:53.899554 836526 lm_feature_timing.cpp:80] node dpath/a_mux/FE_OFN3_ctrl_a_mux_sel_1:734307 resistance 110.852 cap 0.0037575 slew 0.0264799 delay 0.847364 power 0.000121469
I0212 13:22:53.894376 836566 lm_feature_timing.cpp:80] node ctrl/U14:ZN resistance 0 cap 0.00129816 slew 0.021618 delay 0 power 1.05151e-05
I0212 13:22:53.901623 836601 lm_feature_timing.cpp:80] node dpath/a_lt_b/n18:484659 resistance 8.132 cap 0.000778978 slew 0.021423 delay 0.0110984 power 6.30972e-06
I0212 13:22:53.899822 836610 lm_feature_timing.cpp:80] node dpath/a_lt_b/n27:484601 resistance 8.132 cap 0.00115082 slew 0.01901 delay 0.00935851 power 9.32168e-06
I0212 13:22:53.899835 836565 lm_feature_timing.cpp:80] node dpath/a_lt_b/n24:837439 resistance 9.416 cap 0.000657908 slew 0.019989 delay 0.00768284 power 0
I0212 13:22:53.900653 836588 lm_feature_timing.cpp:80] node dpath/a_mux_out[7]:787191 resistance 20.972 cap 0.000679928 slew 0.017289 delay 0.0186959 power 7.63888e-05
I0212 13:22:53.903508 836601 lm_feature_timing.cpp:80] node dpath/a_lt_b/n18:836619 resistance 8.132 cap 0.000767035 slew 0.021423 delay 0.0110984 power 6.21299e-06
I0212 13:22:53.901010 836537 lm_feature_timing.cpp:80] node dpath/a_mux_out[12]:445167 resistance 1.284 cap 0.00135297 slew 0.018929 delay 0.00173721 power 0.000137393
I0212 13:22:53.901672 836560 lm_feature_timing.cpp:80] node ctrl_b_reg_en_0_:432518 resistance 0 cap 0.000671179 slew 0.027947 delay 0 power 1.69544e-05
I0212 13:22:53.901028 836491 lm_feature_timing.cpp:80] node ctrl_b_mux_sel_0_:749383 resistance 233.688 cap 0.0053623 slew 0.0310976 delay 2.76647 power 8.68693e-05
I0212 13:22:53.903573 836560 lm_feature_timing.cpp:137] net ctrl_b_reg_en_0_ resistance 6.848 cap 0.000671179 slew 8.52196e-05 delay 0.00217277 power 1.37331e-08
I0212 13:22:53.900046 836522 lm_feature_timing.cpp:80] node dpath/a_lt_b/n8:1090531 resistance 47.08 cap 0.00106416 slew 0.053906 delay 0.050494 power 1.71552e-05
I0212 13:22:53.903548 836588 lm_feature_timing.cpp:80] node dpath/a_mux_out[7]:791381 resistance 25.252 cap 0.000635097 slew 0.017289 delay 0.0214141 power 7.13522e-05
I0212 13:22:53.900708 836518 lm_feature_timing.cpp:80] node dpath/a_reg_out[14]:835581 resistance 26.536 cap 0.00059285 slew 0.0404481 delay 0.0778574 power 5.50812e-05
I0212 13:22:53.903599 836537 lm_feature_timing.cpp:80] node dpath/a_reg/U7:A2 resistance 39.804 cap 0.000574604 slew 0.018929 delay 0.0387123 power 5.83504e-05
I0212 13:22:53.901036 836547 lm_feature_timing.cpp:80] node ctrl_a_mux_sel[1]:439258 resistance 12.84 cap 0.000725014 slew 0.014695 delay 0.00930918 power 2.34377e-05
I0212 13:22:53.903625 836491 lm_feature_timing.cpp:80] node ctrl_b_mux_sel_0_:1101343 resistance 233.688 cap 0.00453605 slew 0.0310976 delay 2.76647 power 7.3484e-05
I0212 13:22:53.898478 836533 lm_feature_timing.cpp:125] build net dpath/a_mux/FE_OFN4_n16 feature 
I0212 13:22:53.901345 836484 lm_feature_timing.cpp:80] node dpath/a_mux/n12:445861 resistance 5.136 cap 0.000610845 slew 0.034079 delay 0.00340978 power 3.48352e-05
I0212 13:22:53.898334 836539 lm_feature_timing.cpp:125] build net dpath/a_lt_b/n36 feature 
I0212 13:22:53.901357 836600 lm_feature_timing.cpp:80] node dpath/a_lt_b/n9:1093889 resistance 14.552 cap 0.000861938 slew 0.031625 delay 0.012921 power 1.39634e-05
I0212 13:22:53.900302 836561 lm_feature_timing.cpp:80] node dpath/a_lt_b/U26:A1 resistance 43.228 cap 0.000393715 slew 0.0440891 delay 0.081044 power 1.39305e-05
I0212 13:22:53.903683 836569 lm_feature_timing.cpp:80] node dpath/a_mux/U2:A1 resistance 56.496 cap 0.000481981 slew 0.0481361 delay 0.102567 power 1.55811e-05
I0212 13:22:53.901396 836579 lm_feature_timing.cpp:80] node ctrl/n3:434199 resistance 0 cap 0.00139018 slew 0.015546 delay 0 power 3.36802e-05
I0212 13:22:53.900805 836508 lm_feature_timing.cpp:80] node dpath/a_mux/n9:432652 resistance 1.284 cap 0.000992984 slew 0.037386 delay 0.00127499 power 5.66278e-05
I0212 13:22:53.903776 836600 lm_feature_timing.cpp:80] node dpath/a_lt_b/n9:1093861 resistance 2.568 cap 0.000980768 slew 0.031625 delay 0.00259151 power 1.58884e-05
I0212 13:22:53.900345 836536 lm_feature_timing.cpp:80] node ctrl/state/out_reg_1_:CN resistance 20.972 cap 0.000607407 slew 0.014531 delay 0.0285134 power 4.91999e-06
I0212 13:22:53.900364 836598 lm_feature_timing.cpp:80] node dpath/a_reg/n1:837203 resistance 10.272 cap 0.000608478 slew 0.011477 delay 0.00670442 power 6.71632e-05
I0212 13:22:53.899528 836585 lm_feature_timing.cpp:80] node ctrl/n2:792019 resistance 1.712 cap 0.000849369 slew 0.023799 delay 0.00253589 power 6.87989e-06
I0212 13:22:53.901463 836502 lm_feature_timing.cpp:80] node dpath/a_lt_b/n26:483778 resistance 0 cap 0.000774979 slew 0.022504 delay 0 power 2.28867e-05
I0212 13:22:53.901979 836572 lm_feature_timing.cpp:80] node ctrl/n4:789501 resistance 4.28 cap 0.00103088 slew 0.029179 delay 0.00460406 power 7.52413e-05
I0212 13:22:53.901986 836591 lm_feature_timing.cpp:80] node dpath/a_reg_out[4]:1079717 resistance 4.708 cap 0.00679803 slew 0.0490062 delay 0.0322515 power 0.000419982
I0212 13:22:53.903916 836598 lm_feature_timing.cpp:80] node dpath/a_reg/n1:831337 resistance 4.28 cap 0.000669753 slew 0.011477 delay 0.00305842 power 7.39267e-05
I0212 13:22:53.897670 836488 lm_feature_timing.cpp:80] node dpath/a_reg_out[12]:1190993 resistance 45.796 cap 0.00299887 slew 0.0441404 delay 0.21681 power 0.000189768
I0212 13:22:53.897886 836521 lm_feature_timing.cpp:80] node dpath/a_mux_out[13]:467725 resistance 14.552 cap 0.000688932 slew 0.016793 delay 0.012139 power 7.29361e-05
I0212 13:22:53.899557 836505 lm_feature_timing.cpp:80] node dpath/a_lt_b/U4:I resistance 23.968 cap 0.000599444 slew 0.0393864 delay 0.121154 power 0
I0212 13:22:53.903954 836572 lm_feature_timing.cpp:80] node ctrl/n4:423287 resistance 22.256 cap 0.000663233 slew 0.029179 delay 0.0198754 power 4.84075e-05
I0212 13:22:53.902099 833806 lm_feature_timing.cpp:80] node dpath/a_mux_out[0]:734153 resistance 10.7 cap 0.00068071 slew 0.016457 delay 0.00846132 power 4.58404e-05
I0212 13:22:53.903997 836533 lm_feature_timing.cpp:80] node dpath/a_mux/FE_OFN4_n16:1134895 resistance 38.948 cap 0.00734596 slew 0.0377047 delay 0.38083 power 0.000474948
I0212 13:22:53.904023 836521 lm_feature_timing.cpp:80] node dpath/a_mux_out[13]:819685 resistance 14.552 cap 0.00079954 slew 0.016793 delay 0.012139 power 8.4646e-05
I0212 13:22:53.902060 836507 lm_feature_timing.cpp:80] node dpath/a_lt_b/U38:A2 resistance 16.264 cap 0.000574839 slew 0.018123 delay 0.0195055 power 4.6562e-06
I0212 13:22:53.901778 836554 lm_feature_timing.cpp:80] node dpath/a_mux_out[14]:808723 resistance 0.856 cap 0.0010501 slew 0.0173 delay 0.000909106 power 0.000115909
I0212 13:22:53.904078 836521 lm_feature_timing.cpp:80] node dpath/a_mux_out[13]:808791 resistance 3.424 cap 0.000910148 slew 0.016793 delay 0.00324169 power 9.63559e-05
I0212 13:22:53.899713 836581 lm_feature_timing.cpp:80] node dpath/a_mux_out[10]:477052 resistance 43.656 cap 0.000582435 slew 0.019133 delay 0.0441204 power 4.71772e-06
I0212 13:22:53.901804 836532 lm_feature_timing.cpp:80] node dpath/a_reg_out[8]:798137 resistance 24.396 cap 0.00418777 slew 0.0475415 delay 0.156357 power 0.000297236
I0212 13:22:53.904126 836521 lm_feature_timing.cpp:80] node dpath/a_mux_out[13]:819685 resistance 14.552 cap 0.00079954 slew 0.016793 delay 0.012139 power 8.4646e-05
I0212 13:22:53.904137 836507 lm_feature_timing.cpp:80] node dpath/a_lt_b/n37:470216 resistance 16.264 cap 0.000615559 slew 0.018123 delay 0.0195055 power 4.98602e-06
I0212 13:22:53.901875 836500 lm_feature_timing.cpp:80] node dpath/a_reg/n8:756209 resistance 3.424 cap 0.000793032 slew 0.01695 delay 0.00284069 power 5.26426e-05
I0212 13:22:53.904174 836521 lm_feature_timing.cpp:80] node dpath/a_mux_out[13]:456831 resistance 3.424 cap 0.000946756 slew 0.016793 delay 0.00324169 power 0.000100232
