I0407 09:29:25.889909 2597165 lm_feature_timing.cpp:80] node dpath/a_reg/n4:389003 resistance 3.424 cap 0.000855089 slew 0.01709 delay 0.00292782 power 4.88337e-05
I0407 09:29:25.901787 2597065 lm_feature_timing.cpp:80] node dpath/a_mux_out[2]:381422 resistance 0 cap 0.0008107 slew 0.015615 delay 0 power 7.23214e-05
I0407 09:29:25.886421 2597083 lm_feature_timing.cpp:80] node dpath/a_lt_b/n2:385593 resistance 5.992 cap 0.000586961 slew 0.023105 delay 0.00388423 power 9.50877e-06
I0407 09:29:25.901839 2597065 lm_feature_timing.cpp:80] node dpath/a_mux_out[2]:381425 resistance 1.284 cap 0.000794646 slew 0.015615 delay 0.00102033 power 7.08893e-05
I0407 09:29:25.901880 2597065 lm_feature_timing.cpp:80] node dpath/a_reg/U17:A2 resistance 11.128 cap 0.000574604 slew 0.015615 delay 0.00766962 power 5.12596e-05
I0407 09:29:25.889940 2597136 lm_feature_timing.cpp:80] node ctrl/state_out[0]:429995 resistance 67.624 cap 0.000598054 slew 0.0498893 delay 0.2292 power 5.33388e-05
I0407 09:29:25.889956 2597108 lm_feature_timing.cpp:80] node dpath/a_lt_b/n21:462046 resistance 43.228 cap 0.000401546 slew 0.0440891 delay 0.081044 power 1.42076e-05
I0407 09:29:25.886405 2597125 lm_feature_timing.cpp:80] node dpath/a_lt_b/n24:485485 resistance 11.984 cap 0.000601135 slew 0.019989 delay 0.00922655 power 0
I0407 09:29:25.902184 2597125 lm_feature_timing.cpp:80] node dpath/a_lt_b/n24:485479 resistance 9.416 cap 0.000629522 slew 0.019989 delay 0.00768284 power 0
I0407 09:29:25.902235 2597125 lm_feature_timing.cpp:80] node dpath/a_lt_b/n24:837439 resistance 9.416 cap 0.000657908 slew 0.019989 delay 0.00768284 power 0
I0407 09:29:25.902271 2597125 lm_feature_timing.cpp:80] node dpath/a_lt_b/n24:834925 resistance 6.848 cap 0.000686295 slew 0.019989 delay 0.00599333 power 0
I0407 09:29:25.902302 2597125 lm_feature_timing.cpp:80] node dpath/a_lt_b/n24:837439 resistance 9.416 cap 0.000657908 slew 0.019989 delay 0.00768284 power 0
I0407 09:29:25.902333 2597125 lm_feature_timing.cpp:80] node dpath/a_lt_b/n24:482965 resistance 6.848 cap 0.000743459 slew 0.019989 delay 0.00599333 power 0
I0407 09:29:25.902362 2597125 lm_feature_timing.cpp:80] node dpath/a_lt_b/n24:834925 resistance 6.848 cap 0.000686295 slew 0.019989 delay 0.00599333 power 0
I0407 09:29:25.885982 2597106 lm_feature_timing.cpp:80] node dpath/a_lt_b/n5:387341 resistance 1.712 cap 0.000619471 slew 0.015064 delay 0.00106053 power 7.84018e-06
I0407 09:29:25.902392 2597125 lm_feature_timing.cpp:80] node dpath/a_lt_b/n24:482952 resistance 1.284 cap 0.00144605 slew 0.019989 delay 0.00185672 power 0
I0407 09:29:25.902423 2597125 lm_feature_timing.cpp:80] node dpath/a_lt_b/n24:482965 resistance 6.848 cap 0.000743459 slew 0.019989 delay 0.00599333 power 0
I0407 09:29:25.902455 2597125 lm_feature_timing.cpp:80] node dpath/a_lt_b/n24:482949 resistance 0 cap 0.0014621 slew 0.019989 delay 0 power 0
I0407 09:29:25.902487 2597125 lm_feature_timing.cpp:80] node dpath/a_lt_b/n24:482952 resistance 1.284 cap 0.00144605 slew 0.019989 delay 0.00185672 power 0
I0407 09:29:25.902472 2597106 lm_feature_timing.cpp:80] node dpath/a_lt_b/U16:ZN resistance 0 cap 0.000639636 slew 0.015064 delay 0 power 8.09539e-06
I0407 09:29:25.884833 2597056 lm_feature_timing.cpp:80] node dpath/a_mux/n16:791237 resistance 0.428 cap 0.00076448 slew 0.020149 delay 0.000330549 power 4.9427e-05
I0407 09:29:25.902522 2597125 lm_feature_timing.cpp:80] node dpath/a_lt_b/U28:A2 resistance 3.852 cap 0.000572598 slew 0.019989 delay 0.00340005 power 0
I0407 09:29:25.902535 2597106 lm_feature_timing.cpp:80] node dpath/a_lt_b/n5:386501 resistance 0 cap 0.000639636 slew 0.015064 delay 0 power 8.09539e-06
I0407 09:29:25.902554 2597125 lm_feature_timing.cpp:80] node dpath/a_lt_b/n24:485466 resistance 3.852 cap 0.000600984 slew 0.019989 delay 0.00340005 power 0
I0407 09:29:25.902576 2597106 lm_feature_timing.cpp:80] node dpath/a_lt_b/n5:387341 resistance 1.712 cap 0.000619471 slew 0.015064 delay 0.00106053 power 7.84018e-06
I0407 09:29:25.902583 2597125 lm_feature_timing.cpp:80] node dpath/a_lt_b/n24:482952 resistance 1.284 cap 0.00144605 slew 0.019989 delay 0.00185672 power 0
I0407 09:29:25.902596 2597056 lm_feature_timing.cpp:80] node dpath/a_mux/n16:786209 resistance 5.564 cap 0.000711428 slew 0.020149 delay 0.00398444 power 4.59969e-05
I0407 09:29:25.902621 2597106 lm_feature_timing.cpp:80] node dpath/a_lt_b/n5:386501 resistance 0 cap 0.000639636 slew 0.015064 delay 0 power 8.09539e-06
I0407 09:29:25.885936 2597080 lm_feature_timing.cpp:80] node dpath/a_mux/n12:797821 resistance 5.136 cap 0.000663898 slew 0.034079 delay 0.00340978 power 3.78607e-05
I0407 09:29:25.881767 2597155 lm_feature_timing.cpp:80] node dpath/a_reg_out[14]:835581 resistance 26.536 cap 0.00059285 slew 0.0404481 delay 0.0778574 power 5.50812e-05
I0407 09:29:25.890256 2597187 lm_feature_timing.cpp:80] node dpath/a_mux_out[10]:829011 resistance 43.228 cap 0.000815984 slew 0.019133 delay 0.0438711 power 6.60947e-06
I0407 09:29:25.902737 2597080 lm_feature_timing.cpp:80] node dpath/a_mux/n12:792793 resistance 0 cap 0.000716951 slew 0.034079 delay 0 power 4.08862e-05
I0407 09:29:25.902772 2597155 lm_feature_timing.cpp:80] node dpath/a_reg_out[14]:833905 resistance 24.824 cap 0.00167496 slew 0.0404481 delay 0.0768424 power 0.000155619
I0407 09:29:25.902793 2597080 lm_feature_timing.cpp:80] node dpath/a_mux/n12:797821 resistance 5.136 cap 0.000663898 slew 0.034079 delay 0.00340978 power 3.78607e-05
I0407 09:29:25.902824 2597155 lm_feature_timing.cpp:80] node dpath/a_reg_out[14]:835581 resistance 26.536 cap 0.00059285 slew 0.0404481 delay 0.0778574 power 5.50812e-05
I0407 09:29:25.902832 2597080 lm_feature_timing.cpp:80] node dpath/a_mux/n12:445859 resistance 5.992 cap 0.000598903 slew 0.034079 delay 0.00392244 power 3.41542e-05
I0407 09:29:25.902860 2597155 lm_feature_timing.cpp:80] node dpath/a_reg_out[14]:833905 resistance 24.824 cap 0.00167496 slew 0.0404481 delay 0.0768424 power 0.000155619
I0407 09:29:25.902853 2597187 lm_feature_timing.cpp:80] node dpath/a_mux_out[10]:806385 resistance 20.116 cap 0.0010417 slew 0.019133 delay 0.0250121 power 8.43778e-06
I0407 09:29:25.902897 2597155 lm_feature_timing.cpp:80] node dpath/a_reg_out[14]:1185865 resistance 24.824 cap 0.0017609 slew 0.0404481 delay 0.0768424 power 0.000163604
I0407 09:29:25.890486 2597090 lm_feature_timing.cpp:80] node dpath/b_reg/n5:419207 resistance 4.708 cap 0.000735868 slew 0.016388 delay 0.00346447 power 9.43306e-05
I0407 09:29:25.902932 2597187 lm_feature_timing.cpp:80] node dpath/a_mux_out[10]:1158345 resistance 20.116 cap 0.00113587 slew 0.019133 delay 0.0250121 power 9.20051e-06
I0407 09:29:25.902997 2597187 lm_feature_timing.cpp:80] node dpath/a_mux_out[10]:1158323 resistance 10.7 cap 0.00123003 slew 0.019133 delay 0.0143167 power 9.96323e-06
I0407 09:29:25.890573 2597191 lm_feature_timing.cpp:80] node dpath/a_reg/n11:837511 resistance 14.98 cap 0.000642095 slew 0.01698 delay 0.0107196 power 4.70494e-05
I0407 09:29:25.903064 2597187 lm_feature_timing.cpp:80] node dpath/a_mux_out[10]:1158345 resistance 20.116 cap 0.00113587 slew 0.019133 delay 0.0250121 power 9.20051e-06
I0407 09:29:25.890749 2597078 lm_feature_timing.cpp:80] node dpath/a_reg/out_reg_2_:CP resistance 98.44 cap 0.000418247 slew 0.00031564 delay 0.360269 power 0.000135512
I0407 09:29:25.903100 2597090 lm_feature_timing.cpp:80] node dpath/b_reg/n5:771167 resistance 4.708 cap 0.000686926 slew 0.016388 delay 0.00346447 power 8.80568e-05
I0407 09:29:25.903115 2597191 lm_feature_timing.cpp:80] node dpath/a_reg/n11:829969 resistance 7.276 cap 0.000719815 slew 0.01698 delay 0.00577294 power 5.27443e-05
I0407 09:29:25.903165 2597078 lm_feature_timing.cpp:80] node CTS_1:402419 resistance 98.44 cap 0.000418247 slew 0.00031564 delay 0.360269 power 0.000135512
I0407 09:29:25.903185 2597090 lm_feature_timing.cpp:80] node dpath/b_reg/n5:419196 resistance 0 cap 0.00078481 slew 0.016388 delay 0 power 0.000100604
I0407 09:29:25.903209 2597191 lm_feature_timing.cpp:80] node dpath/a_reg/n11:837511 resistance 14.98 cap 0.000642095 slew 0.01698 delay 0.0107196 power 4.70494e-05
I0407 09:29:25.903247 2597090 lm_feature_timing.cpp:80] node dpath/b_reg/n5:419207 resistance 4.708 cap 0.000735868 slew 0.016388 delay 0.00346447 power 9.43306e-05
I0407 09:29:25.903276 2597191 lm_feature_timing.cpp:80] node dpath/a_reg/n11:478009 resistance 7.276 cap 0.000793423 slew 0.01698 delay 0.00577294 power 5.81379e-05
I0407 09:29:25.903309 2597191 lm_feature_timing.cpp:80] node dpath/a_reg/n11:829969 resistance 7.276 cap 0.000719815 slew 0.01698 delay 0.00577294 power 5.27443e-05
I0407 09:29:25.903309 2597090 lm_feature_timing.cpp:80] node dpath/b_reg/U15:Z resistance 0 cap 0.00078481 slew 0.016388 delay 0 power 0.000100604
I0407 09:29:25.903347 2597191 lm_feature_timing.cpp:80] node dpath/a_reg/U10:Z resistance 0 cap 0.000867031 slew 0.01698 delay 0 power 6.35315e-05
I0407 09:29:25.903371 2597090 lm_feature_timing.cpp:80] node dpath/b_reg/n5:419196 resistance 0 cap 0.00078481 slew 0.016388 delay 0 power 0.000100604
I0407 09:29:25.903380 2597191 lm_feature_timing.cpp:80] node dpath/a_reg/n11:477156 resistance 0 cap 0.000867031 slew 0.01698 delay 0 power 6.35315e-05
I0407 09:29:25.890769 2597054 lm_feature_timing.cpp:80] node dpath/b_reg/U6:A2 resistance 8.132 cap 0.000574604 slew 0.01617 delay 0.0053827 power 7.00344e-05
I0407 09:29:25.903419 2597191 lm_feature_timing.cpp:80] node dpath/a_reg/n11:478009 resistance 7.276 cap 0.000793423 slew 0.01698 delay 0.00577294 power 5.81379e-05
I0407 09:29:25.903451 2597191 lm_feature_timing.cpp:80] node dpath/a_reg/n11:477156 resistance 0 cap 0.000867031 slew 0.01698 delay 0 power 6.35315e-05
I0407 09:29:25.903466 2597191 lm_feature_timing.cpp:137] net dpath/a_reg/n11 resistance 29.96 cap 0.000867031 slew 0.00282752 delay 0.0107196 power 5.14605e-08
I0407 09:29:25.903494 2597191 lm_feature_timing.cpp:125] build net dpath/b_reg_out[0] feature 
I0407 09:29:25.891491 2597188 lm_feature_timing.cpp:80] node dpath/a_lt_b/n34:469376 resistance 0 cap 0.00109012 slew 0.019827 delay 0 power 8.82995e-06
I0407 09:29:25.903505 2597054 lm_feature_timing.cpp:80] node dpath/b_mux_out[12]:470281 resistance 8.132 cap 0.000611213 slew 0.01617 delay 0.0053827 power 7.44964e-05
I0407 09:29:25.891556 2597172 lm_feature_timing.cpp:80] node ctrl/next_state__0[1]:776041 resistance 19.688 cap 0.000561098 slew 0.030897 delay 0.0144182 power 5.13189e-05
I0407 09:29:25.903584 2597054 lm_feature_timing.cpp:80] node dpath/b_mux/U14:Z resistance 0 cap 0.000753145 slew 0.01617 delay 0 power 9.17955e-05
I0407 09:29:25.903631 2597054 lm_feature_timing.cpp:80] node dpath/b_mux_out[12]:464420 resistance 0 cap 0.000753145 slew 0.01617 delay 0 power 9.17955e-05
I0407 09:29:25.903617 2597188 lm_feature_timing.cpp:80] node dpath/a_lt_b/n34:469369 resistance 2.996 cap 0.00105762 slew 0.019827 delay 0.00316863 power 8.56672e-06
I0407 09:29:25.903649 2597172 lm_feature_timing.cpp:80] node ctrl/next_state__0[1]:778555 resistance 17.12 cap 0.000589485 slew 0.030897 delay 0.0129773 power 5.39151e-05
I0407 09:29:25.903697 2597188 lm_feature_timing.cpp:80] node dpath/a_lt_b/n34:469376 resistance 0 cap 0.00109012 slew 0.019827 delay 0 power 8.82995e-06
I0407 09:29:25.903712 2597191 lm_feature_timing.cpp:80] node dpath/b_zero/U4:A1 resistance 49.648 cap 0.000561993 slew 0.0405594 delay 0.147999 power 7.01746e-05
I0407 09:29:25.884990 2597107 lm_feature_timing.cpp:80] node dpath/a_mux_out[15]:452567 resistance 8.132 cap 0.000853375 slew 0.016859 delay 0.00760827 power 9.80946e-05
I0407 09:29:25.891819 2597082 lm_feature_timing.cpp:80] node dpath/a_mux/n13:729307 resistance 2.568 cap 0.000853007 slew 0.035942 delay 0.00219052 power 4.86452e-05
I0407 09:29:25.891804 2597199 lm_feature_timing.cpp:80] node dpath/b_mux_out[15]:446739 resistance 0 cap 0.000935596 slew 0.017135 delay 0 power 0.000117167
I0407 09:29:25.903852 2597107 lm_feature_timing.cpp:80] node dpath/a_mux_out[15]:804527 resistance 8.132 cap 0.000931094 slew 0.016859 delay 0.00760827 power 0.000107028
I0407 09:29:25.891894 2597154 lm_feature_timing.cpp:80] node dpath/a_mux_out[5]:739425 resistance 30.388 cap 0.000700874 slew 0.017957 delay 0.0281072 power 7.22983e-05
I0407 09:29:25.903949 2597199 lm_feature_timing.cpp:80] node dpath/b_reg/U3:A2 resistance 18.404 cap 0.000574604 slew 0.017135 delay 0.0138969 power 7.19593e-05
I0407 09:29:25.891920 2597123 lm_feature_timing.cpp:80] node dpath/b_reg/n2:776977 resistance 18.832 cap 0.000740761 slew 0.017303 delay 0.0141112 power 9.24968e-05
I0407 09:29:25.904014 2597199 lm_feature_timing.cpp:80] node dpath/b_mux_out[15]:447610 resistance 18.404 cap 0.0007551 slew 0.017135 delay 0.0138969 power 9.45634e-05
I0407 09:29:25.904024 2597154 lm_feature_timing.cpp:80] node dpath/a_mux_out[5]:731883 resistance 22.684 cap 0.000778593 slew 0.017957 delay 0.0227076 power 8.03154e-05
I0407 09:29:25.904062 2597199 lm_feature_timing.cpp:80] node dpath/b_mux_out[15]:446739 resistance 0 cap 0.000935596 slew 0.017135 delay 0 power 0.000117167
I0407 09:29:25.892032 2597077 lm_feature_timing.cpp:80] node dpath/a_lt_b/n8:738471 resistance 0.856 cap 0.00152381 slew 0.053906 delay 0.00130439 power 2.45653e-05
I0407 09:29:25.904102 2597199 lm_feature_timing.cpp:80] node dpath/b_mux_out[15]:447610 resistance 18.404 cap 0.0007551 slew 0.017135 delay 0.0138969 power 9.45634e-05
I0407 09:29:25.933009 2597199 lm_feature_timing.cpp:137] net dpath/b_mux_out[15] resistance 36.808 cap 0.000935596 slew 0.00472228 delay 0.0138969 power 9.31015e-08
I0407 09:29:25.933080 2597199 lm_feature_timing.cpp:125] build net dpath/b_reg_out[10] feature 
I0407 09:29:25.886371 2597159 lm_feature_timing.cpp:80] node dpath/a_lt_b/n11:393321 resistance 7.704 cap 0.000608132 slew 0.030248 delay 0.00927981 power 9.85174e-06
I0407 09:29:25.933224 2597159 lm_feature_timing.cpp:80] node dpath/a_lt_b/n11:393327 resistance 10.272 cap 0.000579745 slew 0.030248 delay 0.0107686 power 9.39188e-06
I0407 09:29:25.933287 2597159 lm_feature_timing.cpp:80] node dpath/a_lt_b/n11:745281 resistance 7.704 cap 0.000636518 slew 0.030248 delay 0.00927981 power 1.03116e-05
I0407 09:29:25.892513 2597052 lm_feature_timing.cpp:80] node dpath/b_mux_out[5]:409196 resistance 25.68 cap 0.000582435 slew 0.018108 delay 0.0214086 power 7.12227e-05
I0407 09:29:25.933327 2597159 lm_feature_timing.cpp:80] node dpath/a_lt_b/n11:747795 resistance 5.136 cap 0.00148856 slew 0.030248 delay 0.00764523 power 2.41146e-05
I0407 09:29:25.933359 2597199 lm_feature_timing.cpp:80] node dpath/b_reg_out[10]:834933 resistance 20.116 cap 0.000686127 slew 0.0399552 delay 0.0649355 power 5.98549e-05
I0407 09:29:25.933377 2597159 lm_feature_timing.cpp:80] node dpath/a_lt_b/U20:ZN resistance 0 cap 0.00154161 slew 0.030248 delay 0 power 2.49741e-05
I0407 09:29:25.933419 2597159 lm_feature_timing.cpp:80] node dpath/a_lt_b/n11:752823 resistance 0 cap 0.00154161 slew 0.030248 delay 0 power 2.49741e-05
I0407 09:29:25.933413 2597199 lm_feature_timing.cpp:80] node dpath/b_reg_out[10]:1186893 resistance 20.116 cap 0.000772068 slew 0.0399552 delay 0.0649355 power 6.73521e-05
I0407 09:29:25.933476 2597159 lm_feature_timing.cpp:80] node dpath/a_lt_b/n11:747795 resistance 5.136 cap 0.00148856 slew 0.030248 delay 0.00764523 power 2.41146e-05
I0407 09:29:25.892666 2597060 lm_feature_timing.cpp:80] node dpath/a_mux_out[1]:386391 resistance 20.116 cap 0.000574604 slew 0.016524 delay 0.0156 power 4.83714e-05
I0407 09:29:25.892561 2597118 lm_feature_timing.cpp:80] node dpath/b_reg/n6:756105 resistance 2.996 cap 0.00081848 slew 0.016914 delay 0.00254953 power 0.000105394
I0407 09:29:25.885409 2597171 lm_feature_timing.cpp:80] node dpath/a_lt_b/n35:838943 resistance 1.712 cap 0.0014612 slew 0.033561 delay 0.00252202 power 3.57653e-05
I0407 09:29:25.933586 2597118 lm_feature_timing.cpp:137] net dpath/b_reg/n6 resistance 31.672 cap 0.000883475 slew 0.00328954 delay 0.0114275 power 9.21485e-08
I0407 09:29:25.933643 2597171 lm_feature_timing.cpp:80] node dpath/a_lt_b/n35:1190903 resistance 1.712 cap 0.00144926 slew 0.033561 delay 0.00252202 power 3.5473e-05
I0407 09:29:25.933632 2597060 lm_feature_timing.cpp:80] node dpath/a_mux_out[1]:386391 resistance 20.116 cap 0.000574604 slew 0.016524 delay 0.0156 power 4.83714e-05
I0407 09:29:25.933692 2597171 lm_feature_timing.cpp:80] node dpath/a_lt_b/n35:838105 resistance 0.856 cap 0.00147314 slew 0.033561 delay 0.00127123 power 3.60576e-05
I0407 09:29:25.933771 2597171 lm_feature_timing.cpp:80] node dpath/a_lt_b/n35:838943 resistance 1.712 cap 0.0014612 slew 0.033561 delay 0.00252202 power 3.57653e-05
I0407 09:29:25.933764 2597060 lm_feature_timing.cpp:80] node dpath/a_mux_out[1]:738351 resistance 20.116 cap 0.000668768 slew 0.016524 delay 0.0156 power 5.62983e-05
I0407 09:29:25.933813 2597171 lm_feature_timing.cpp:80] node dpath/a_lt_b/n35:482773 resistance 17.976 cap 0.000696117 slew 0.033561 delay 0.0212663 power 1.70386e-05
I0407 09:29:25.886647 2597141 lm_feature_timing.cpp:80] node ctrl/next_state__0[0]:1138903 resistance 9.844 cap 0.000794256 slew 0.029224 delay 0.00884021 power 7.08375e-05
I0407 09:29:25.933851 2597060 lm_feature_timing.cpp:80] node dpath/a_mux_out[1]:729133 resistance 10.7 cap 0.000762931 slew 0.016524 delay 0.00930288 power 6.42252e-05
I0407 09:29:25.893186 2597057 lm_feature_timing.cpp:80] node ctrl_a_mux_sel[0]:440110 resistance 50.504 cap 0.00123308 slew 0.0481361 delay 0.0993113 power 3.98618e-05
I0407 09:29:25.933948 2597060 lm_feature_timing.cpp:80] node dpath/a_mux_out[1]:738351 resistance 20.116 cap 0.000668768 slew 0.016524 delay 0.0156 power 5.62983e-05
I0407 09:29:25.893185 2597113 lm_feature_timing.cpp:80] node dpath/a_mux_out[14]:808723 resistance 0.856 cap 0.0010501 slew 0.0173 delay 0.000909106 power 0.000115909
I0407 09:29:25.934027 2597057 lm_feature_timing.cpp:80] node ctrl_a_mux_sel[0]:440103 resistance 47.508 cap 0.00126557 slew 0.0481361 delay 0.095617 power 4.09124e-05
I0407 09:29:25.934054 2597060 lm_feature_timing.cpp:80] node dpath/a_mux/U8:ZN resistance 0 cap 0.000975925 slew 0.016524 delay 0 power 8.21555e-05
I0407 09:29:25.934068 2597113 lm_feature_timing.cpp:80] node dpath/a_mux_out[14]:827159 resistance 19.688 cap 0.00086549 slew 0.0173 delay 0.017208 power 9.5532e-05
I0407 09:29:25.934127 2597060 lm_feature_timing.cpp:80] node dpath/a_mux_out[1]:378034 resistance 0 cap 0.000975925 slew 0.016524 delay 0 power 8.21555e-05
I0407 09:29:25.934134 2597113 lm_feature_timing.cpp:80] node dpath/a_mux_out[14]:456763 resistance 0.856 cap 0.00106204 slew 0.0173 delay 0.000909106 power 0.000117227
I0407 09:29:25.934158 2597060 lm_feature_timing.cpp:80] node dpath/a_mux_out[1]:377173 resistance 10.7 cap 0.000869428 slew 0.016524 delay 0.00930288 power 7.31904e-05
I0407 09:29:25.934171 2597113 lm_feature_timing.cpp:80] node dpath/a_mux_out[14]:808723 resistance 0.856 cap 0.0010501 slew 0.0173 delay 0.000909106 power 0.000115909
I0407 09:29:25.934185 2597060 lm_feature_timing.cpp:80] node dpath/a_mux_out[1]:729133 resistance 10.7 cap 0.000762931 slew 0.016524 delay 0.00930288 power 6.42252e-05
I0407 09:29:25.934208 2597060 lm_feature_timing.cpp:80] node dpath/a_mux_out[1]:377173 resistance 10.7 cap 0.000869428 slew 0.016524 delay 0.00930288 power 7.31904e-05
I0407 09:29:25.893484 2597104 lm_feature_timing.cpp:80] node dpath/a_reg_out[8]:829077 resistance 86.028 cap 0.000625738 slew 0.0475417 delay 0.302122 power 4.44131e-05
I0407 09:29:25.934245 2597060 lm_feature_timing.cpp:80] node dpath/a_mux_out[1]:378034 resistance 0 cap 0.000975925 slew 0.016524 delay 0 power 8.21555e-05
I0407 09:29:25.934264 2597060 lm_feature_timing.cpp:137] net dpath/a_mux_out[1] resistance 40.232 cap 0.000975925 slew 0.00536313 delay 0.0156 power 6.53333e-08
I0407 09:29:25.934337 2597060 lm_feature_timing.cpp:125] build net dpath/b_reg_out[12] feature 
I0407 09:29:25.934355 2597104 lm_feature_timing.cpp:80] node dpath/a_reg_out[8]:437719 resistance 66.34 cap 0.000764771 slew 0.0475416 delay 0.256271 power 5.42813e-05
I0407 09:29:25.878957 2597174 lm_feature_timing.cpp:125] build net dpath/a_mux/n1 feature 
I0407 09:29:25.934520 2597060 lm_feature_timing.cpp:80] node dpath/b_reg_out[12]:823087 resistance 37.236 cap 0.00248196 slew 0.0348662 delay 0.125234 power 0.000320528
I0407 09:29:25.934552 2597060 lm_feature_timing.cpp:80] node dpath/b_reg_out[12]:1175047 resistance 37.236 cap 0.00251857 slew 0.0348662 delay 0.125234 power 0.000325256
I0407 09:29:25.882812 2597181 lm_feature_timing.cpp:80] node ctrl_b_mux_sel_0_:439398 resistance 151.084 cap 0.00106438 slew 0.0310884 delay 2.06795 power 0.000103551
I0407 09:29:25.934689 2597174 lm_feature_timing.cpp:80] node dpath/a_mux/n1:449223 resistance 1.712 cap 0.00079839 slew 0.035457 delay 0.00140137 power 4.55305e-05
I0407 09:29:25.894647 2597204 lm_feature_timing.cpp:80] node ctrl/n3:434199 resistance 0 cap 0.00139018 slew 0.015546 delay 0 power 3.36802e-05
I0407 09:29:25.934757 2597174 lm_feature_timing.cpp:80] node dpath/a_mux/n1:801183 resistance 1.712 cap 0.000818555 slew 0.035457 delay 0.00140137 power 4.66805e-05
I0407 09:29:25.934798 2597174 lm_feature_timing.cpp:80] node dpath/a_mux/n1:799507 resistance 0 cap 0.000838719 slew 0.035457 delay 0 power 4.78304e-05
I0407 09:29:25.934841 2597174 lm_feature_timing.cpp:80] node dpath/a_mux/n1:801183 resistance 1.712 cap 0.000818555 slew 0.035457 delay 0.00140137 power 4.66805e-05
I0407 09:29:25.934840 2597204 lm_feature_timing.cpp:80] node ctrl/n3:433350 resistance 5.564 cap 0.000639984 slew 0.015546 delay 0.00356087 power 1.5505e-05
I0407 09:29:25.894701 2597084 lm_feature_timing.cpp:80] node dpath/b_mux_out[7]:422635 resistance 0 cap 0.000656043 slew 0.015518 delay 0 power 8.17317e-05
I0407 09:29:25.934916 2597174 lm_feature_timing.cpp:80] node dpath/a_mux/n1:455921 resistance 11.128 cap 0.000602623 slew 0.035457 delay 0.00798141 power 3.43663e-05
I0407 09:29:25.934970 2597174 lm_feature_timing.cpp:80] node dpath/a_mux/n1:807881 resistance 11.128 cap 0.00067212 slew 0.035457 delay 0.00798141 power 3.83296e-05
I0407 09:29:25.935009 2597084 lm_feature_timing.cpp:80] node dpath/b_mux_out[7]:425152 resistance 3.852 cap 0.000615324 slew 0.015518 delay 0.00237023 power 7.66587e-05
I0407 09:29:25.935107 2597084 lm_feature_timing.cpp:80] node dpath/b_mux_out[7]:422635 resistance 0 cap 0.000656043 slew 0.015518 delay 0 power 8.17317e-05
I0407 09:29:25.894788 2597068 lm_feature_timing.cpp:80] node dpath/a_mux_out[8]:469591 resistance 63.772 cap 0.000586546 slew 0.0212991 delay 0.0768456 power 6.8593e-05
I0407 09:29:25.935130 2597084 lm_feature_timing.cpp:137] net dpath/b_mux_out[7] resistance 7.704 cap 0.000656043 slew 0.000169773 delay 0.00237023 power 6.4408e-08
I0407 09:29:25.935205 2597068 lm_feature_timing.cpp:80] node dpath/a_mux_out[8]:821549 resistance 62.916 cap 0.000598488 slew 0.0212991 delay 0.0763435 power 6.99895e-05
I0407 09:29:25.887241 2597202 lm_feature_timing.cpp:80] node dpath/a_reg_out[3]:384903 resistance 28.676 cap 0.000649398 slew 0.042396 delay 0.0534957 power 3.86169e-05
I0407 09:29:25.887106 2597207 lm_feature_timing.cpp:80] node dpath/b_reg/n12:844159 resistance 41.944 cap 0.00058454 slew 0.019979 delay 0.0412172 power 5.09929e-05
I0407 09:29:25.935392 2597084 lm_feature_timing.cpp:125] build net dpath/b_reg_out[13] feature 
I0407 09:29:25.935397 2597202 lm_feature_timing.cpp:80] node dpath/a_reg_out[3]:736863 resistance 28.676 cap 0.00066134 slew 0.042396 delay 0.0534957 power 3.9327e-05
I0407 09:29:25.935528 2597202 lm_feature_timing.cpp:80] node dpath/a_reg_out[3]:736025 resistance 27.82 cap 0.000673282 slew 0.042396 delay 0.0529296 power 4.00372e-05
I0407 09:29:25.895339 2597162 lm_feature_timing.cpp:80] node dpath/a_reg_out[13]:828893 resistance 38.52 cap 0.00236371 slew 0.0381302 delay 0.144682 power 0.00015468
I0407 09:29:25.935587 2597202 lm_feature_timing.cpp:80] node dpath/a_reg_out[3]:736863 resistance 28.676 cap 0.00066134 slew 0.042396 delay 0.0534957 power 3.9327e-05
I0407 09:29:25.895417 2597153 lm_feature_timing.cpp:80] node ctrl_a_reg_en_0_:454533 resistance 204.156 cap 0.00110099 slew 0.0402393 delay 2.32085 power 8.91801e-06
I0407 09:29:25.935648 2597202 lm_feature_timing.cpp:80] node dpath/a_reg_out[3]:736025 resistance 27.82 cap 0.000673282 slew 0.042396 delay 0.0529296 power 4.00372e-05
I0407 09:29:25.935657 2597162 lm_feature_timing.cpp:80] node dpath/a_reg_out[13]:820513 resistance 47.08 cap 0.00161783 slew 0.0381302 delay 0.15853 power 0.00010587
I0407 09:29:25.935698 2597153 lm_feature_timing.cpp:80] node ctrl_a_reg_en_0_:1089727 resistance 280.34 cap 0.00096525 slew 0.0402399 delay 2.56006 power 7.81852e-06
I0407 09:29:25.895589 2597194 lm_feature_timing.cpp:137] net dpath/a_reg/n10 resistance 14.552 cap 0.000711592 slew 0.000655989 delay 0.00464197 power 4.09105e-08
I0407 09:29:25.935788 2597153 lm_feature_timing.cpp:80] node ctrl_a_reg_en_0_:1441687 resistance 280.34 cap 0.000936863 slew 0.0402399 delay 2.56006 power 7.58859e-06
I0407 09:29:25.935786 2597084 lm_feature_timing.cpp:80] node dpath/b_reg_out[13]:498777 resistance 0.428 cap 0.00652095 slew 0.046944 delay 0.00279097 power 0.000845657
I0407 09:29:25.935817 2597194 lm_feature_timing.cpp:125] build net dpath/b_reg_out[14] feature 
I0407 09:29:25.935844 2597084 lm_feature_timing.cpp:80] node dpath/b_reg_out[13]:850737 resistance 0.428 cap 0.00651312 slew 0.046944 delay 0.00279097 power 0.000844642
I0407 09:29:25.887283 2597116 lm_feature_timing.cpp:80] node dpath/a_reg/n13:852501 resistance 35.096 cap 0.000781872 slew 0.019329 delay 0.0319474 power 4.80029e-05
I0407 09:29:25.895795 2597150 lm_feature_timing.cpp:80] node dpath/a_lt_b/n37:831389 resistance 4.708 cap 0.00141014 slew 0.018123 delay 0.00686937 power 1.14222e-05
I0407 09:29:25.895985 2597193 lm_feature_timing.cpp:80] node dpath/a_reg_out[7]:790567 resistance 28.676 cap 0.00219025 slew 0.0402571 delay 0.100493 power 0.000150425
I0407 09:29:25.936072 2597150 lm_feature_timing.cpp:80] node dpath/a_lt_b/n37:479418 resistance 0 cap 0.00150803 slew 0.018123 delay 0 power 1.2215e-05
I0407 09:29:25.896049 2597196 lm_feature_timing.cpp:80] node dpath/b_reg/n7:1113993 resistance 8.988 cap 0.00081848 slew 0.017663 delay 0.00816589 power 0.000105865
I0407 09:29:25.936141 2597193 lm_feature_timing.cpp:80] node dpath/a_reg_out[7]:782187 resistance 20.116 cap 0.00303029 slew 0.0402571 delay 0.0817449 power 0.000208119
I0407 09:29:25.936205 2597193 lm_feature_timing.cpp:80] node dpath/a_reg_out[7]:790567 resistance 28.676 cap 0.00219025 slew 0.0402571 delay 0.100493 power 0.000150425
I0407 09:29:25.896210 2597088 lm_feature_timing.cpp:80] node dpath/a_reg/n18:388329 resistance 85.6 cap 0.00629408 slew 0.0502106 delay 0.773999 power 5.0982e-05
I0407 09:29:25.936249 2597193 lm_feature_timing.cpp:80] node dpath/a_reg_out[7]:777943 resistance 62.916 cap 0.000716612 slew 0.0402571 delay 0.140403 power 4.92165e-05
I0407 09:29:25.936254 2597196 lm_feature_timing.cpp:80] node dpath/b_reg/n7:1114023 resistance 21.828 cap 0.000691428 slew 0.017663 delay 0.0170438 power 8.9432e-05
I0407 09:29:25.936295 2597193 lm_feature_timing.cpp:80] node dpath/a_reg_out[7]:1129903 resistance 62.916 cap 0.000761443 slew 0.0402571 delay 0.140403 power 5.22955e-05
I0407 09:29:25.936339 2597193 lm_feature_timing.cpp:80] node dpath/a_reg_out[7]:775429 resistance 65.484 cap 0.000688225 slew 0.0402571 delay 0.142171 power 4.7267e-05
I0407 09:29:25.936333 2597088 lm_feature_timing.cpp:80] node dpath/a_reg/n18:809839 resistance 4.28 cap 0.0198711 slew 0.0502032 delay 0.0852144 power 0.000160956
I0407 09:29:25.936380 2597193 lm_feature_timing.cpp:80] node dpath/a_reg_out[7]:777943 resistance 62.916 cap 0.000716612 slew 0.0402571 delay 0.140403 power 4.92165e-05
I0407 09:29:25.936404 2597088 lm_feature_timing.cpp:80] node dpath/a_reg/n18:1161799 resistance 4.28 cap 0.00993146 slew 0.0502032 delay 0.0852144 power 8.04448e-05
I0407 09:29:25.936424 2597193 lm_feature_timing.cpp:80] node dpath/a_reg_out[7]:1129913 resistance 58.636 cap 0.000806273 slew 0.0402571 delay 0.137144 power 5.53744e-05
I0407 09:29:25.936448 2597088 lm_feature_timing.cpp:80] node dpath/a_reg/n18:809001 resistance 3.424 cap 0.019883 slew 0.050203 delay 0.0682048 power 0.000161052
I0407 09:29:25.896310 2597071 lm_feature_timing.cpp:80] node dpath/a_lt_b/n19:477133 resistance 20.972 cap 0.000647858 slew 0.017501 delay 0.0179182 power 1.09783e-05
I0407 09:29:25.936487 2597088 lm_feature_timing.cpp:80] node dpath/a_reg/n18:809839 resistance 4.28 cap 0.0198711 slew 0.0502032 delay 0.0852144 power 0.000160956
I0407 09:29:25.936529 2597088 lm_feature_timing.cpp:80] node dpath/a_reg/n18:468770 resistance 18.404 cap 0.000731464 slew 0.0502045 delay 0.204329 power 5.92486e-06
I0407 09:29:25.896446 2597112 lm_feature_timing.cpp:80] node dpath/a_lt_b/n12:746941 resistance 3.852 cap 0.000804768 slew 0.020683 delay 0.00612218 power 6.51862e-06
I0407 09:29:25.896488 2597127 lm_feature_timing.cpp:80] node dpath/b_reg/n10:464574 resistance 9.416 cap 0.000862529 slew 0.017358 delay 0.00812157 power 0.00011305
I0407 09:29:25.936707 2597112 lm_feature_timing.cpp:80] node dpath/a_lt_b/placeFE_RC_0_0:A1 resistance 12.412 cap 0.000571979 slew 0.020683 delay 0.011754 power 4.63303e-06
I0407 09:29:25.936774 2597112 lm_feature_timing.cpp:80] node dpath/a_lt_b/n12:395001 resistance 12.412 cap 0.00065792 slew 0.020683 delay 0.011754 power 5.32916e-06
I0407 09:29:25.936815 2597112 lm_feature_timing.cpp:80] node dpath/a_lt_b/n12:394981 resistance 3.852 cap 0.00158935 slew 0.020683 delay 0.00612218 power 1.28737e-05
I0407 09:29:25.879251 2597089 lm_feature_timing.cpp:80] node dpath/a_lt_b/U37:C resistance 10.272 cap 0.000599307 slew 0.016585 delay 0.00720779 power 8.52164e-06
I0407 09:29:25.936857 2597112 lm_feature_timing.cpp:80] node dpath/a_lt_b/n12:395001 resistance 12.412 cap 0.00065792 slew 0.020683 delay 0.011754 power 5.32916e-06
I0407 09:29:25.936902 2597112 lm_feature_timing.cpp:80] node dpath/a_lt_b/U10:B2 resistance 13.696 cap 0.000600779 slew 0.020683 delay 0.0130546 power 4.86631e-06
I0407 09:29:25.936915 2597089 lm_feature_timing.cpp:80] node dpath/a_lt_b/n33:484448 resistance 10.272 cap 0.000701693 slew 0.016585 delay 0.00720779 power 9.97748e-06
I0407 09:29:25.936946 2597112 lm_feature_timing.cpp:80] node dpath/a_lt_b/n12:387434 resistance 13.696 cap 0.000633276 slew 0.020683 delay 0.0130546 power 5.12954e-06
I0407 09:29:25.884068 2597180 lm_feature_timing.cpp:80] node dpath/a_lt_b/n27:484601 resistance 8.132 cap 0.00115082 slew 0.01901 delay 0.00935851 power 9.32168e-06
I0407 09:29:25.936991 2597112 lm_feature_timing.cpp:80] node dpath/a_lt_b/U9:ZN resistance 0 cap 0.00163007 slew 0.020683 delay 0 power 1.32036e-05
I0407 09:29:25.937037 2597112 lm_feature_timing.cpp:80] node dpath/a_lt_b/n12:396652 resistance 0 cap 0.00163007 slew 0.020683 delay 0 power 1.32036e-05
I0407 09:29:25.937083 2597112 lm_feature_timing.cpp:80] node dpath/a_lt_b/n12:394981 resistance 3.852 cap 0.00158935 slew 0.020683 delay 0.00612218 power 1.28737e-05
I0407 09:29:25.887454 2597074 lm_feature_timing.cpp:80] node dpath/a_mux_out[13]:819685 resistance 14.552 cap 0.00079954 slew 0.016793 delay 0.012139 power 8.4646e-05
I0407 09:29:25.937126 2597112 lm_feature_timing.cpp:80] node dpath/a_lt_b/n12:396652 resistance 0 cap 0.00163007 slew 0.020683 delay 0 power 1.32036e-05
I0407 09:29:25.937173 2597112 lm_feature_timing.cpp:80] node dpath/a_lt_b/n12:388277 resistance 10.7 cap 0.000665774 slew 0.020683 delay 0.0111573 power 5.39277e-06
I0407 09:29:25.885485 2597072 lm_feature_timing.cpp:80] node dpath/b_reg/n16:828929 resistance 16.692 cap 0.000716095 slew 0.01706 delay 0.0121685 power 0.000109353
I0407 09:29:25.937325 2597072 lm_feature_timing.cpp:80] node dpath/b_reg/n16:813845 resistance 1.284 cap 0.000867813 slew 0.01706 delay 0.00113488 power 0.000132521
I0407 09:29:25.937373 2597072 lm_feature_timing.cpp:80] node dpath/b_reg/n16:828929 resistance 16.692 cap 0.000716095 slew 0.01706 delay 0.0121685 power 0.000109353
I0407 09:29:25.937408 2597072 lm_feature_timing.cpp:80] node dpath/b_reg/n16:461885 resistance 1.284 cap 0.000883866 slew 0.01706 delay 0.00113488 power 0.000134973
I0407 09:29:25.896703 2597197 lm_feature_timing.cpp:80] node dpath/a_lt_b/U27:B resistance 3.852 cap 0.000704849 slew 0.012461 delay 0.00275312 power 1.14186e-05
I0407 09:29:25.937533 2597197 lm_feature_timing.cpp:80] node dpath/a_lt_b/U25:Z resistance 0 cap 0.000761231 slew 0.012461 delay 0 power 1.23319e-05
I0407 09:29:25.937597 2597197 lm_feature_timing.cpp:80] node dpath/a_lt_b/n20:476276 resistance 0 cap 0.000761231 slew 0.012461 delay 0 power 1.23319e-05
I0407 09:29:25.882302 2597198 lm_feature_timing.cpp:80] node dpath/a_lt_b/n16:424345 resistance 8.56 cap 0.000611371 slew 0.024183 delay 0.00569383 power 9.9042e-06
I0407 09:29:25.937728 2597198 lm_feature_timing.cpp:80] node dpath/a_lt_b/U23:ZN resistance 0 cap 0.000754085 slew 0.024183 delay 0 power 1.22162e-05
I0407 09:29:25.896842 2597128 lm_feature_timing.cpp:80] node dpath/b_mux_out[6]:417596 resistance 14.552 cap 0.000582435 slew 0.016905 delay 0.0105581 power 7.18922e-05
I0407 09:29:25.937793 2597198 lm_feature_timing.cpp:80] node dpath/a_lt_b/n16:770445 resistance 0 cap 0.000754085 slew 0.024183 delay 0 power 1.22162e-05
I0407 09:29:25.937832 2597198 lm_feature_timing.cpp:80] node dpath/a_lt_b/n16:424345 resistance 8.56 cap 0.000611371 slew 0.024183 delay 0.00569383 power 9.9042e-06
I0407 09:29:25.937873 2597198 lm_feature_timing.cpp:80] node dpath/a_lt_b/n16:422673 resistance 5.136 cap 0.000647979 slew 0.024183 delay 0.0036005 power 1.04973e-05
I0407 09:29:25.897153 2597110 lm_feature_timing.cpp:80] node dpath/a_mux/n10:445968 resistance 3.852 cap 0.000945216 slew 0.037124 delay 0.00364097 power 5.39037e-05
I0407 09:29:25.937911 2597198 lm_feature_timing.cpp:80] node dpath/a_lt_b/n16:774633 resistance 5.136 cap 0.000701032 slew 0.024183 delay 0.0036005 power 1.13567e-05
I0407 09:29:25.937949 2597198 lm_feature_timing.cpp:80] node dpath/a_lt_b/n16:770445 resistance 0 cap 0.000754085 slew 0.024183 delay 0 power 1.22162e-05
I0407 09:29:25.937968 2597198 lm_feature_timing.cpp:137] net dpath/a_lt_b/n16 resistance 17.12 cap 0.000754085 slew 0.000622428 delay 0.00569383 power 9.8951e-09
I0407 09:29:25.938009 2597198 lm_feature_timing.cpp:125] build net dpath/b_reg_out[15] feature 
I0407 09:29:25.888481 2597146 lm_feature_timing.cpp:80] node dpath/b_reg/FE_OFN2_ctrl_b_reg_en_0:818181 resistance 125.404 cap 0.00152096 slew 0.0278504 delay 0.724888 power 0.000115266
I0407 09:29:25.888460 2597203 lm_feature_timing.cpp:80] node dpath/CTS_1:484706 resistance 84.316 cap 0.000426078 slew 0.000853081 delay 0.737868 power 0.000138049
I0407 09:29:25.938164 2597146 lm_feature_timing.cpp:80] node dpath/b_reg/FE_OFN2_ctrl_b_reg_en_0:823209 resistance 130.54 cap 0.000735812 slew 0.0278504 delay 0.728667 power 5.57638e-05
I0407 09:29:25.938247 2597198 lm_feature_timing.cpp:80] node dpath/b_zero/U1:A4 resistance 8.56 cap 0.000460965 slew 0.0432431 delay 0.0228523 power 6.03026e-05
I0407 09:29:25.897401 2597109 lm_feature_timing.cpp:80] node dpath/a_lt_b/n23:486323 resistance 1.712 cap 0.000797725 slew 0.024902 delay 0.00136571 power 1.29231e-05
I0407 09:29:25.938325 2597198 lm_feature_timing.cpp:80] node dpath/b_reg_out[15]:448489 resistance 8.56 cap 0.000472907 slew 0.0432431 delay 0.0228523 power 6.18649e-05
I0407 09:29:25.938391 2597198 lm_feature_timing.cpp:80] node dpath/b_reg_out[15]:448487 resistance 7.704 cap 0.000484849 slew 0.0432431 delay 0.0224475 power 6.34271e-05
I0407 09:29:25.938405 2597109 lm_feature_timing.cpp:80] node dpath/a_lt_b/U6:ZN resistance 0 cap 0.00081789 slew 0.024902 delay 0 power 1.32498e-05
I0407 09:29:25.888523 2597101 lm_feature_timing.cpp:80] node dpath/b_mux_out[8]:440234 resistance 0 cap 0.00116425 slew 0.018669 delay 0 power 0.000146383
I0407 09:29:25.897531 2597075 lm_feature_timing.cpp:125] build net dpath/b_reg/n9 feature 
I0407 09:29:25.938486 2597109 lm_feature_timing.cpp:80] node dpath/a_lt_b/n23:835767 resistance 5.136 cap 0.000740952 slew 0.024902 delay 0.00390273 power 1.20034e-05
I0407 09:29:25.897529 2597167 lm_feature_timing.cpp:80] node dpath/b_reg/U4:A2 resistance 15.408 cap 0.000574604 slew 0.01702 delay 0.0113759 power 9.19095e-05
I0407 09:29:25.938540 2597101 lm_feature_timing.cpp:80] node dpath/b_mux_out[8]:441901 resistance 5.564 cap 0.00110709 slew 0.018669 delay 0.00615984 power 0.000139196
I0407 09:29:25.938580 2597109 lm_feature_timing.cpp:80] node dpath/a_lt_b/n23:838283 resistance 1.712 cap 0.000777561 slew 0.024902 delay 0.00136571 power 1.25965e-05
I0407 09:29:25.938606 2597101 lm_feature_timing.cpp:80] node dpath/b_mux_out[8]:793861 resistance 5.564 cap 0.00104992 slew 0.018669 delay 0.00615984 power 0.000132009
I0407 09:29:25.938623 2597109 lm_feature_timing.cpp:137] net dpath/a_lt_b/n23 resistance 15.408 cap 0.00081789 slew 0.000591406 delay 0.00563859 power 1.07323e-08
I0407 09:29:25.938663 2597167 lm_feature_timing.cpp:80] node dpath/b_mux_out[14]:462702 resistance 15.408 cap 0.000623546 slew 0.01702 delay 0.0113759 power 9.97378e-05
I0407 09:29:25.938738 2597109 lm_feature_timing.cpp:125] build net dpath/b_reg_out[1] feature 
I0407 09:29:25.938778 2597167 lm_feature_timing.cpp:80] node dpath/b_mux/U16:Z resistance 0 cap 0.000907801 slew 0.01702 delay 0 power 0.000145205
I0407 09:29:25.888659 2597134 lm_feature_timing.cpp:80] node dpath/a_reg/n1:831337 resistance 4.28 cap 0.000669753 slew 0.011477 delay 0.00305842 power 7.39267e-05
I0407 09:29:25.938910 2597134 lm_feature_timing.cpp:80] node dpath/a_reg/n1:837203 resistance 10.272 cap 0.000608478 slew 0.011477 delay 0.00670442 power 6.71632e-05
I0407 09:29:25.938961 2597134 lm_feature_timing.cpp:80] node dpath/a_reg/n1:485242 resistance 10.7 cap 0.000539372 slew 0.011477 delay 0.00693527 power 5.95354e-05
I0407 09:29:25.938995 2597134 lm_feature_timing.cpp:80] node dpath/a_reg/n1:485243 resistance 10.272 cap 0.000547203 slew 0.011477 delay 0.00670442 power 6.03998e-05
I0407 09:29:25.884672 2597195 lm_feature_timing.cpp:80] node dpath/a_reg/n16:852293 resistance 15.408 cap 0.000716095 slew 0.022332 delay 0.0110336 power 6.65318e-05
I0407 09:29:25.939046 2597134 lm_feature_timing.cpp:80] node dpath/a_reg/U3:ZN resistance 0 cap 0.000759415 slew 0.011477 delay 0 power 8.38235e-05
I0407 09:29:25.939082 2597134 lm_feature_timing.cpp:80] node dpath/a_reg/n1:479387 resistance 0 cap 0.000759415 slew 0.011477 delay 0 power 8.38235e-05
I0407 09:29:25.939116 2597134 lm_feature_timing.cpp:80] node dpath/a_reg/n1:479377 resistance 4.28 cap 0.000714584 slew 0.011477 delay 0.00305842 power 7.88751e-05
I0407 09:29:25.939113 2597109 lm_feature_timing.cpp:80] node dpath/b_reg_out[1]:418307 resistance 0.856 cap 0.00484337 slew 0.036533 delay 0.00414592 power 0.000614973
I0407 09:29:25.939150 2597134 lm_feature_timing.cpp:80] node dpath/a_reg/n1:479387 resistance 0 cap 0.000759415 slew 0.011477 delay 0 power 8.38235e-05
I0407 09:29:25.897761 2597201 lm_feature_timing.cpp:80] node ctrl/n1:1133071 resistance 21.828 cap 0.000734876 slew 0.029815 delay 0.0207114 power 1.1905e-05
I0407 09:29:25.897929 2597095 lm_feature_timing.cpp:80] node ctrl/U16:B1 resistance 22.684 cap 0.000655402 slew 0.029179 delay 0.0201559 power 4.7836e-05
I0407 09:29:25.898137 2597102 lm_feature_timing.cpp:80] node dpath/a_lt_b/n10:401694 resistance 16.692 cap 0.000589685 slew 0.022374 delay 0.0198011 power 4.77645e-06
I0407 09:29:25.888742 2597085 lm_feature_timing.cpp:80] node dpath/a_lt_b/n30:844105 resistance 7.276 cap 0.00193809 slew 0.037595 delay 0.014267 power 4.82409e-05
I0407 09:29:25.898123 2597097 lm_feature_timing.cpp:80] node dpath/a_lt_b/n22:828243 resistance 0 cap 0.0010252 slew 0.047613 delay 0 power 2.56132e-05
I0407 09:29:25.888710 2597200 lm_feature_timing.cpp:80] node dpath/a_lt_b/n25:486293 resistance 6.848 cap 0.000656458 slew 0.029156 delay 0.00449543 power 2.23038e-05
I0407 09:29:25.939455 2597102 lm_feature_timing.cpp:80] node dpath/a_lt_b/n10:746111 resistance 8.56 cap 0.00164015 slew 0.022374 delay 0.0143467 power 1.32852e-05
I0407 09:29:25.939494 2597200 lm_feature_timing.cpp:137] net dpath/a_lt_b/n25 resistance 13.696 cap 0.000725955 slew 0.000344529 delay 0.00449543 power 1.99787e-08
I0407 09:29:25.939539 2597097 lm_feature_timing.cpp:80] node dpath/a_lt_b/n22:833271 resistance 5.136 cap 0.000972149 slew 0.047613 delay 0.00499296 power 2.42877e-05
I0407 09:29:25.884868 2597063 lm_feature_timing.cpp:80] node dpath/a_reg_out[1]:377209 resistance 44.94 cap 0.00129292 slew 0.0420913 delay 0.183949 power 7.05887e-05
I0407 09:29:25.898192 2597140 lm_feature_timing.cpp:80] node dpath/b_mux_out[1]:409051 resistance 15.836 cap 0.000586546 slew 0.017 delay 0.0116818 power 6.89434e-05
I0407 09:29:25.939658 2597097 lm_feature_timing.cpp:80] node dpath/a_lt_b/U28:B2 resistance 20.544 cap 0.000600779 slew 0.047613 delay 0.0167785 power 1.50096e-05
I0407 09:29:25.939729 2597063 lm_feature_timing.cpp:80] node dpath/a_reg_out[1]:729169 resistance 44.94 cap 0.000666426 slew 0.0420913 delay 0.183949 power 3.63844e-05
I0407 09:29:25.898613 2597061 lm_feature_timing.cpp:80] node dpath/b_mux_out[3]:766985 resistance 11.556 cap 0.000758429 slew 0.016915 delay 0.0088151 power 9.09932e-05
I0407 09:29:25.939802 2597097 lm_feature_timing.cpp:80] node dpath/a_lt_b/n22:484639 resistance 20.544 cap 0.000612721 slew 0.047613 delay 0.0167785 power 1.5308e-05
I0407 09:29:25.939846 2597063 lm_feature_timing.cpp:80] node dpath/a_reg_out[1]:377193 resistance 38.092 cap 0.00136242 slew 0.0420913 delay 0.175095 power 7.4383e-05
I0407 09:29:25.898635 2597070 lm_feature_timing.cpp:80] node dpath/a_lt_b/n18:830753 resistance 14.124 cap 0.00070576 slew 0.021423 delay 0.0153273 power 5.71666e-06
I0407 09:29:25.939905 2597097 lm_feature_timing.cpp:80] node dpath/a_lt_b/n22:484637 resistance 19.688 cap 0.000624663 slew 0.047613 delay 0.016254 power 1.56063e-05
I0407 09:29:25.898818 2597067 lm_feature_timing.cpp:80] node clk:754529 resistance 188.32 cap 0.00113977 slew 0.000546331 delay 0.651054 power 0.000369285
I0407 09:29:25.939996 2597097 lm_feature_timing.cpp:80] node dpath/a_lt_b/n22:484639 resistance 20.544 cap 0.000612721 slew 0.047613 delay 0.0167785 power 1.5308e-05
I0407 09:29:25.898900 2597100 lm_feature_timing.cpp:80] node dpath/a_mux/n2:446011 resistance 5.136 cap 0.000610845 slew 0.034079 delay 0.00340978 power 3.48352e-05
I0407 09:29:25.940059 2597067 lm_feature_timing.cpp:80] node CTS_ccl_a_buf_00004:I resistance 84.744 cap 0.00109572 slew 0.000474482 delay 0.398156 power 0.000355013
I0407 09:29:25.898998 2597087 lm_feature_timing.cpp:80] node dpath/a_lt_b/n36:470223 resistance 20.544 cap 0.000643873 slew 0.045927 delay 0.0169087 power 1.54728e-05
I0407 09:29:25.884485 2597093 lm_feature_timing.cpp:80] node dpath/a_mux/U12:B resistance 9.844 cap 0.000586961 slew 0.035087 delay 0.00681233 power 3.34732e-05
I0407 09:29:25.940228 2597087 lm_feature_timing.cpp:80] node dpath/a_lt_b/n36:471057 resistance 17.976 cap 0.00067226 slew 0.045927 delay 0.0152552 power 1.61549e-05
I0407 09:29:25.940289 2597087 lm_feature_timing.cpp:80] node dpath/a_lt_b/n36:823017 resistance 17.976 cap 0.000848645 slew 0.045927 delay 0.0152552 power 2.03936e-05
I0407 09:29:25.888964 2597092 lm_feature_timing.cpp:80] node dpath/b_mux_out[2]:1113851 resistance 34.24 cap 0.00068443 slew 0.019314 delay 0.0323978 power 8.13087e-05
I0407 09:29:25.899322 2597183 lm_feature_timing.cpp:80] node ctrl/n2:440060 resistance 2.14 cap 0.000603878 slew 0.023799 delay 0.00279435 power 4.89141e-06
I0407 09:29:25.940440 2597092 lm_feature_timing.cpp:80] node dpath/b_mux_out[2]:1113833 resistance 26.536 cap 0.000762149 slew 0.019314 delay 0.027125 power 9.05416e-05
I0407 09:29:25.899367 2597117 lm_feature_timing.cpp:80] node dpath/a_lt_b/U17:B resistance 18.404 cap 0.000708961 slew 0.01385 delay 0.0158869 power 1.14852e-05
I0407 09:29:25.940531 2597183 lm_feature_timing.cpp:80] node ctrl/n2:440059 resistance 1.712 cap 0.00148124 slew 0.023799 delay 0.00253589 power 1.19981e-05
I0407 09:29:25.899499 2597058 lm_feature_timing.cpp:80] node dpath/a_reg_out[2]:735961 resistance 67.196 cap 0.000613014 slew 0.0429064 delay 0.239885 power 3.5009e-05
I0407 09:29:25.940599 2597117 lm_feature_timing.cpp:80] node dpath/a_lt_b/n6:384843 resistance 14.98 cap 0.000745569 slew 0.01385 delay 0.0134594 power 1.20782e-05
I0407 09:29:25.940603 2597183 lm_feature_timing.cpp:80] node ctrl/n2:440060 resistance 2.14 cap 0.000603878 slew 0.023799 delay 0.00279435 power 4.89141e-06
I0407 09:29:25.940670 2597117 lm_feature_timing.cpp:80] node dpath/a_lt_b/n6:389033 resistance 10.7 cap 0.000941727 slew 0.01385 delay 0.0100765 power 1.5256e-05
I0407 09:29:25.899505 2597064 lm_feature_timing.cpp:80] node dpath/b_reg/n1:1121409 resistance 145.948 cap 0.00533346 slew 0.0414218 delay 1.47663 power 0.000404199
I0407 09:29:25.940701 2597058 lm_feature_timing.cpp:80] node dpath/a_reg_out[2]:738475 resistance 69.764 cap 0.000584628 slew 0.0429064 delay 0.241386 power 3.33878e-05
I0407 09:29:25.940799 2597058 lm_feature_timing.cpp:80] node dpath/a_reg_out[2]:735961 resistance 67.196 cap 0.000613014 slew 0.0429064 delay 0.239885 power 3.5009e-05
I0407 09:29:25.899700 2597176 lm_feature_timing.cpp:80] node dpath/a_reg_out[10]:484621 resistance 23.54 cap 0.000615106 slew 0.0393864 delay 0.120894 power 0
I0407 09:29:25.940968 2597176 lm_feature_timing.cpp:80] node dpath/a_reg_out[10]:484622 resistance 23.968 cap 0.000607275 slew 0.0393864 delay 0.121154 power 0
I0407 09:29:25.889111 2597073 lm_feature_timing.cpp:137] net dpath/a_mux/n6 resistance 8.56 cap 0.000676622 slew 0.000122041 delay 0.00270407 power 3.1255e-08
I0407 09:29:25.941056 2597176 lm_feature_timing.cpp:80] node dpath/a_reg_out[10]:463647 resistance 55.212 cap 0.000683723 slew 0.0393865 delay 0.217801 power 0
I0407 09:29:25.941069 2597073 lm_feature_timing.cpp:125] build net dpath/b_reg_out[3] feature 
I0407 09:29:25.941112 2597176 lm_feature_timing.cpp:80] node dpath/a_reg_out[10]:815607 resistance 55.212 cap 0.00071211 slew 0.0393865 delay 0.217801 power 0
I0407 09:29:25.899704 2597143 lm_feature_timing.cpp:80] node ctrl/state_out[1]:778605 resistance 21.828 cap 0.000727436 slew 0.029421 delay 0.0524907 power 6.65323e-05
I0407 09:29:25.941172 2597176 lm_feature_timing.cpp:80] node dpath/b_mux/U12:B1 resistance 56.068 cap 0.000671781 slew 0.0393865 delay 0.218376 power 0
I0407 09:29:25.941224 2597176 lm_feature_timing.cpp:80] node dpath/a_reg_out[10]:463647 resistance 55.212 cap 0.000683723 slew 0.0393865 delay 0.217801 power 0
I0407 09:29:25.941237 2597143 lm_feature_timing.cpp:80] node ctrl/state_out[1]:783633 resistance 26.964 cap 0.000674383 slew 0.029421 delay 0.0559544 power 6.16801e-05
I0407 09:29:25.941277 2597176 lm_feature_timing.cpp:80] node dpath/a_reg_out[10]:818121 resistance 52.644 cap 0.000740496 slew 0.0393865 delay 0.215972 power 0
I0407 09:29:25.941304 2597143 lm_feature_timing.cpp:80] node ctrl/U5:A1 resistance 15.408 cap 0.000595933 slew 0.029421 delay 0.0186562 power 5.45049e-05
I0407 09:29:25.941334 2597176 lm_feature_timing.cpp:80] node dpath/a_reg_out[10]:1170081 resistance 52.644 cap 0.000785327 slew 0.0393865 delay 0.215972 power 0
I0407 09:29:25.941334 2597073 lm_feature_timing.cpp:80] node dpath/b_reg_out[3]:748577 resistance 38.092 cap 0.000811655 slew 0.0411981 delay 0.0743595 power 0.000104046
I0407 09:29:25.941385 2597176 lm_feature_timing.cpp:80] node dpath/a_reg_out[10]:815607 resistance 55.212 cap 0.00071211 slew 0.0393865 delay 0.217801 power 0
I0407 09:29:25.941401 2597073 lm_feature_timing.cpp:80] node dpath/b_reg_out[3]:1100537 resistance 38.092 cap 0.000848264 slew 0.0411981 delay 0.0743595 power 0.000108739
I0407 09:29:25.899850 2597103 lm_feature_timing.cpp:80] node dpath/a_mux/n15:786287 resistance 9.416 cap 0.00074984 slew 0.036668 delay 0.00795987 power 4.27618e-05
I0407 09:29:25.889174 2597066 lm_feature_timing.cpp:80] node ctrl/placeFE_OFC1_ctrl_b_mux_sel_0:I resistance 3.852 cap 0.000597962 slew 0.021054 delay 0.0024602 power 5.8174e-05
I0407 09:29:25.899991 2597168 lm_feature_timing.cpp:80] node dpath/a_lt_b/n9:1093861 resistance 2.568 cap 0.000980768 slew 0.031625 delay 0.00259151 power 1.58884e-05
I0407 09:29:25.941625 2597066 lm_feature_timing.cpp:80] node ctrl/FE_OFN1_ctrl_b_mux_sel_0:439182 resistance 3.852 cap 0.000638682 slew 0.021054 delay 0.0024602 power 6.21355e-05
I0407 09:29:25.889266 2597185 lm_feature_timing.cpp:80] node dpath/b_mux_out[9]:469553 resistance 8.132 cap 0.000598488 slew 0.016298 delay 0.00555464 power 7.59365e-05
I0407 09:29:25.941679 2597168 lm_feature_timing.cpp:80] node dpath/a_lt_b/n9:739387 resistance 0 cap 0.00103754 slew 0.031625 delay 0 power 1.68082e-05
I0407 09:29:25.941746 2597168 lm_feature_timing.cpp:80] node dpath/a_lt_b/n9:741901 resistance 2.568 cap 0.00100915 slew 0.031625 delay 0.00259151 power 1.63483e-05
I0407 09:29:25.900221 2597062 lm_feature_timing.cpp:80] node dpath/a_lt_b/n26:483778 resistance 0 cap 0.000774979 slew 0.022504 delay 0 power 2.28867e-05
I0407 09:29:25.941779 2597185 lm_feature_timing.cpp:80] node dpath/b_mux_out[9]:469555 resistance 8.988 cap 0.000586546 slew 0.016298 delay 0.00605672 power 7.44212e-05
I0407 09:29:25.941881 2597062 lm_feature_timing.cpp:80] node dpath/a_lt_b/n26:483765 resistance 7.276 cap 0.000701371 slew 0.022504 delay 0.00510318 power 2.07129e-05
I0407 09:29:25.941936 2597062 lm_feature_timing.cpp:137] net dpath/a_lt_b/n26 resistance 14.552 cap 0.000774979 slew 0.000807089 delay 0.00510318 power 1.85382e-08
I0407 09:29:25.941984 2597062 lm_feature_timing.cpp:125] build net dpath/b_reg_out[4] feature 
I0407 09:29:25.900517 2597124 lm_feature_timing.cpp:80] node dpath/b_mux/n1:788837 resistance 11.128 cap 0.000724415 slew 0.0427543 delay 0.190158 power 7.04763e-05
I0407 09:29:25.900527 2597152 lm_feature_timing.cpp:80] node dpath/b_reg/n11:470410 resistance 0 cap 0.00127579 slew 0.019352 delay 0 power 0.000167948
