I0313 15:42:21.845801 486280 lm_feature_timing.cpp:80] node ctrl/n3:786159 resistance 0 cap 0.000693034 slew 0.015546 delay 0 power 1.65767e-05
I0313 15:42:21.845810 486328 lm_feature_timing.cpp:80] node dpath/a_reg/n4:389003 resistance 3.424 cap 0.000855089 slew 0.01709 delay 0.00292782 power 4.85703e-05
I0313 15:42:21.842959 486292 lm_feature_timing.cpp:80] node dpath/a_reg/n13:852501 resistance 35.096 cap 0.000781872 slew 0.019329 delay 0.0319474 power 7.17125e-05
I0313 15:42:21.842968 486409 lm_feature_timing.cpp:80] node dpath/a_mux/FE_OFN5_n18:394959 resistance 92.02 cap 0.000422101 slew 0.0317656 delay 0.684255 power 2.70305e-05
I0313 15:42:21.845845 486280 lm_feature_timing.cpp:80] node ctrl/n3:437549 resistance 4.28 cap 0.000607875 slew 0.015546 delay 0.00276794 power 1.45398e-05
I0313 15:42:21.842998 486323 lm_feature_timing.cpp:80] node dpath/b_mux_out[1]:409051 resistance 15.836 cap 0.000586546 slew 0.017 delay 0.0116818 power 6.87706e-05
I0313 15:42:21.840647 486319 lm_feature_timing.cpp:80] node dpath/a_lt_b/n20:475438 resistance 0.856 cap 0.000749289 slew 0.012461 delay 0.000641392 power 1.21385e-05
I0313 15:42:21.837414 486369 lm_feature_timing.cpp:80] node dpath/a_mux/U8:B resistance 4.28 cap 0.000586961 slew 0.033624 delay 0.00270407 power 3.3202e-05
I0313 15:42:21.843086 486273 lm_feature_timing.cpp:80] node dpath/b_mux_out[14]:814653 resistance 9.844 cap 0.000696372 slew 0.01702 delay 0.00785434 power 0.000127561
I0313 15:42:21.843115 486260 lm_feature_timing.cpp:80] node ctrl_a_mux_sel[1]:439258 resistance 12.84 cap 0.000725014 slew 0.014695 delay 0.00930918 power 2.32142e-05
I0313 15:42:21.845923 486319 lm_feature_timing.cpp:80] node dpath/a_lt_b/n20:476276 resistance 0 cap 0.000761231 slew 0.012461 delay 0 power 1.23319e-05
I0313 15:42:21.843114 486360 lm_feature_timing.cpp:80] node dpath/a_lt_b/n4:386583 resistance 14.124 cap 0.00058826 slew 0.021374 delay 0.0103951 power 4.76491e-06
I0313 15:42:21.836869 486343 lm_feature_timing.cpp:80] node dpath/a_mux/U14:B resistance 4.28 cap 0.000586961 slew 0.033624 delay 0.00270407 power 3.3202e-05
I0313 15:42:21.843165 486371 lm_feature_timing.cpp:80] node dpath/a_reg/n2:746707 resistance 8.988 cap 0.000650317 slew 0.016259 delay 0.00588519 power 2.98558e-05
I0313 15:42:21.840200 486384 lm_feature_timing.cpp:80] node dpath/b_mux_out[3]:756091 resistance 0.428 cap 0.000869037 slew 0.016915 delay 0.000375299 power 0.000104008
I0313 15:42:21.843222 486278 lm_feature_timing.cpp:80] node ctrl_b_mux_sel_0_:1164929 resistance 39.376 cap 0.0167777 slew 0.0310423 delay 0.700134 power 0.00162959
I0313 15:42:21.846027 486360 lm_feature_timing.cpp:80] node dpath/a_lt_b/n4:386584 resistance 14.552 cap 0.000580429 slew 0.021374 delay 0.0106435 power 4.70148e-06
I0313 15:42:21.843245 486295 lm_feature_timing.cpp:80] node dpath/a_mux_out[14]:827159 resistance 19.688 cap 0.00086549 slew 0.0173 delay 0.017208 power 0.000149552
I0313 15:42:21.846060 486371 lm_feature_timing.cpp:80] node dpath/a_reg/n2:386367 resistance 0.428 cap 0.00074409 slew 0.016259 delay 0.00031847 power 3.41608e-05
I0313 15:42:21.846071 486278 lm_feature_timing.cpp:80] node ctrl_b_mux_sel_0_:1164909 resistance 30.816 cap 0.0168636 slew 0.0310351 delay 0.556517 power 0.00163794
I0313 15:42:21.843261 486376 lm_feature_timing.cpp:80] node dpath/a_lt_b/U15:Z resistance 0 cap 0.00104822 slew 0.01385 delay 0 power 1.69812e-05
I0313 15:42:21.843281 486318 lm_feature_timing.cpp:80] node dpath/a_mux_out[6]:402548 resistance 23.112 cap 0.000590657 slew 0.017149 delay 0.0188792 power 6.32808e-05
I0313 15:42:21.846115 486371 lm_feature_timing.cpp:80] node dpath/a_reg/n2:738327 resistance 0.428 cap 0.000736259 slew 0.016259 delay 0.00031847 power 3.38013e-05
I0313 15:42:21.840801 486393 lm_feature_timing.cpp:80] node dpath/a_reg/n14:828985 resistance 0.428 cap 0.0011967 slew 0.018996 delay 0.000515539 power 0.000112768
I0313 15:42:21.843308 486259 lm_feature_timing.cpp:80] node dpath/b_mux_out[0]:759355 resistance 14.124 cap 0.000783095 slew 0.017178 delay 0.0112442 power 8.85347e-05
I0313 15:42:21.835886 486265 lm_feature_timing.cpp:125] build net dpath/a_lt_b/n8 feature 
I0313 15:42:21.846165 486371 lm_feature_timing.cpp:80] node dpath/a_reg/n2:386366 resistance 0 cap 0.000751921 slew 0.016259 delay 0 power 3.45203e-05
I0313 15:42:21.840811 486356 lm_feature_timing.cpp:80] node dpath/a_lt_b/n12:394981 resistance 3.852 cap 0.00158935 slew 0.020683 delay 0.00612218 power 1.28737e-05
I0313 15:42:21.846176 486376 lm_feature_timing.cpp:80] node dpath/a_lt_b/n6:388218 resistance 0 cap 0.00104822 slew 0.01385 delay 0 power 1.69812e-05
I0313 15:42:21.846194 486318 lm_feature_timing.cpp:80] node dpath/a_mux_out[6]:402545 resistance 21.828 cap 0.00060671 slew 0.017149 delay 0.0181208 power 6.50007e-05
I0313 15:42:21.843384 486307 lm_feature_timing.cpp:80] node dpath/a_reg_out[1]:739225 resistance 55.212 cap 0.00056404 slew 0.0420913 delay 0.189743 power 3.06208e-05
I0313 15:42:21.843361 486335 lm_feature_timing.cpp:80] node dpath/b_reg/FE_OFN2_ctrl_b_reg_en_0:471249 resistance 130.54 cap 0.000682759 slew 0.0278504 delay 0.728667 power 5.15748e-05
I0313 15:42:21.840457 486275 lm_feature_timing.cpp:80] node dpath/a_lt_b/n14:415116 resistance 0 cap 0.00162292 slew 0.020585 delay 0 power 1.31457e-05
I0313 15:42:21.840579 486300 lm_feature_timing.cpp:80] node dpath/a_mux/n5:381341 resistance 2.14 cap 0.000761782 slew 0.035087 delay 0.00166616 power 4.30909e-05
I0313 15:42:21.843470 486387 lm_feature_timing.cpp:80] node dpath/a_mux/n2:446011 resistance 5.136 cap 0.000610845 slew 0.034079 delay 0.00340978 power 3.4553e-05
I0313 15:42:21.840641 486357 lm_feature_timing.cpp:80] node dpath/a_reg/n3:761797 resistance 36.38 cap 0.000839427 slew 0.019387 delay 0.0334405 power 4.55711e-05
I0313 15:42:21.846288 486335 lm_feature_timing.cpp:80] node dpath/b_reg/FE_OFN2_ctrl_b_reg_en_0:823209 resistance 130.54 cap 0.000735812 slew 0.0278504 delay 0.728667 power 5.55824e-05
I0313 15:42:21.846297 486275 lm_feature_timing.cpp:80] node dpath/a_lt_b/n14:415117 resistance 0.428 cap 0.00161509 slew 0.020585 delay 0.000691258 power 1.30822e-05
I0313 15:42:21.846321 486357 lm_feature_timing.cpp:80] node dpath/a_reg/U18:Z resistance 0 cap 0.00127814 slew 0.019387 delay 0 power 6.9388e-05
I0313 15:42:21.843533 486272 lm_feature_timing.cpp:80] node dpath/a_lt_b/n13:394177 resistance 14.552 cap 0.000593169 slew 0.031831 delay 0.0108282 power 1.89266e-05
I0313 15:42:21.846340 486335 lm_feature_timing.cpp:80] node dpath/b_reg/FE_OFN2_ctrl_b_reg_en_0:818181 resistance 125.404 cap 0.00152096 slew 0.0278504 delay 0.724888 power 0.000114891
I0313 15:42:21.843530 486257 lm_feature_timing.cpp:80] node dpath/a_reg/n5:1439899 resistance 7.704 cap 0.00094847 slew 0.018395 delay 0.00791213 power 5.61092e-05
I0313 15:42:21.846355 486265 lm_feature_timing.cpp:80] node dpath/a_lt_b/n8:738571 resistance 47.08 cap 0.000616441 slew 0.053906 delay 0.050494 power 9.93759e-06
I0313 15:42:21.843547 486311 lm_feature_timing.cpp:80] node CTS_ccl_a_buf_00004:I resistance 84.744 cap 0.00109572 slew 0.000474482 delay 0.398156 power 0.000355013
I0313 15:42:21.846388 486335 lm_feature_timing.cpp:80] node dpath/b_reg/FE_OFN2_ctrl_b_reg_en_0:823209 resistance 130.54 cap 0.000735812 slew 0.0278504 delay 0.728667 power 5.55824e-05
I0313 15:42:21.843590 486408 lm_feature_timing.cpp:80] node dpath/a_mux/U14:ZN resistance 0 cap 0.000762931 slew 0.015352 delay 0 power 7.1185e-05
I0313 15:42:21.843643 486266 lm_feature_timing.cpp:80] node dpath/a_mux_out[12]:445167 resistance 1.284 cap 0.00135297 slew 0.018929 delay 0.00173721 power 0.000221148
I0313 15:42:21.846414 486257 lm_feature_timing.cpp:80] node dpath/a_reg/n5:1451631 resistance 19.688 cap 0.00082964 slew 0.018395 delay 0.0178545 power 4.90795e-05
I0313 15:42:21.840142 486339 lm_feature_timing.cpp:80] node dpath/a_mux/n16:791237 resistance 0.428 cap 0.00076448 slew 0.020149 delay 0.000330549 power 4.89558e-05
I0313 15:42:21.846446 486408 lm_feature_timing.cpp:80] node dpath/a_mux_out[3]:377280 resistance 0 cap 0.000762931 slew 0.015352 delay 0 power 7.1185e-05
I0313 15:42:21.844054 486340 lm_feature_timing.cpp:80] node dpath/a_reg_out[11]:1167531 resistance 56.068 cap 0.000798833 slew 0.0394354 delay 0.205558 power 7.32682e-05
I0313 15:42:21.846467 486266 lm_feature_timing.cpp:80] node dpath/a_mux_out[12]:797127 resistance 1.284 cap 0.00133692 slew 0.018929 delay 0.00173721 power 0.000218524
I0313 15:42:21.844105 486337 lm_feature_timing.cpp:80] node ctrl_a_mux_sel[0]:440110 resistance 50.504 cap 0.00123308 slew 0.0481361 delay 0.0993113 power 3.94818e-05
I0313 15:42:21.841043 486332 lm_feature_timing.cpp:80] node ctrl/n2:792019 resistance 1.712 cap 0.000849369 slew 0.023799 delay 0.00253589 power 6.87989e-06
I0313 15:42:21.844149 486372 lm_feature_timing.cpp:80] node dpath/a_mux/n10:445141 resistance 9.416 cap 0.00083167 slew 0.037124 delay 0.0083205 power 4.70441e-05
I0313 15:42:21.846520 486266 lm_feature_timing.cpp:80] node dpath/a_mux_out[12]:445164 resistance 0 cap 0.00136902 slew 0.018929 delay 0 power 0.000223772
I0313 15:42:21.835318 486271 lm_feature_timing.cpp:125] build net ctrl/next_state__0[1] feature 
I0313 15:42:21.846534 486340 lm_feature_timing.cpp:80] node dpath/a_reg_out[11]:808867 resistance 49.22 cap 0.000937828 slew 0.0394354 delay 0.199612 power 8.60166e-05
I0313 15:42:21.844202 486286 lm_feature_timing.cpp:80] node ctrl_a_reg_en_0_:1441687 resistance 280.34 cap 0.000936863 slew 0.0402399 delay 2.56006 power 7.58859e-06
I0313 15:42:21.846567 486372 lm_feature_timing.cpp:80] node dpath/a_mux/U21:ZN resistance 0 cap 0.000985935 slew 0.037124 delay 0 power 5.57703e-05
I0313 15:42:21.839344 486291 lm_feature_timing.cpp:80] node dpath/a_lt_b/n23:483807 resistance 5.136 cap 0.000704344 slew 0.024902 delay 0.00390273 power 1.14104e-05
I0313 15:42:21.844240 486120 lm_feature_timing.cpp:80] node dpath/CTS_1:484705 resistance 83.888 cap 0.000433909 slew 0.000853081 delay 0.737685 power 0.000140587
I0313 15:42:21.846604 486340 lm_feature_timing.cpp:80] node dpath/a_reg_out[11]:815571 resistance 56.068 cap 0.00086833 slew 0.0394354 delay 0.205558 power 7.96424e-05
I0313 15:42:21.846652 486120 lm_feature_timing.cpp:80] node dpath/CTS_1:836665 resistance 83.888 cap 0.000445851 slew 0.000853081 delay 0.737685 power 0.000144456
I0313 15:42:21.844285 486304 lm_feature_timing.cpp:80] node dpath/a_reg_out[7]:424364 resistance 27.392 cap 0.000615497 slew 0.0402571 delay 0.0866866 power 4.20825e-05
I0313 15:42:21.844305 486269 lm_feature_timing.cpp:80] node dpath/b_mux_out[7]:422635 resistance 0 cap 0.000656043 slew 0.015518 delay 0 power 8.15385e-05
I0313 15:42:21.840381 486298 lm_feature_timing.cpp:80] node dpath/b_reg/n4:407436 resistance 0 cap 0.000817698 slew 0.01652 delay 0 power 0.000104048
I0313 15:42:21.841197 486380 lm_feature_timing.cpp:80] node dpath/a_mux_out[7]:787191 resistance 20.972 cap 0.000679928 slew 0.017289 delay 0.0186959 power 7.59699e-05
I0313 15:42:21.844347 486297 lm_feature_timing.cpp:80] node dpath/a_reg_out[5]:740281 resistance 30.388 cap 0.00070467 slew 0.0410004 delay 0.14303 power 4.49399e-05
I0313 15:42:21.844363 486373 lm_feature_timing.cpp:80] node dpath/a_lt_b/n36:471057 resistance 17.976 cap 0.00067226 slew 0.045927 delay 0.0152552 power 1.57437e-05
I0313 15:42:21.846746 486271 lm_feature_timing.cpp:80] node ctrl/next_state__0[1]:778593 resistance 0.856 cap 0.000921308 slew 0.030897 delay 0.00078864 power 8.41181e-05
I0313 15:42:21.844372 486358 lm_feature_timing.cpp:80] node dpath/a_lt_b/n28:492058 resistance 5.136 cap 0.00065236 slew 0.015449 delay 0.00335052 power 8.7334e-06
I0313 15:42:21.846782 486380 lm_feature_timing.cpp:80] node dpath/a_mux_out[7]:1139151 resistance 20.972 cap 0.000774091 slew 0.017289 delay 0.0186959 power 8.6491e-05
I0313 15:42:21.844434 486252 lm_feature_timing.cpp:80] node dpath/a_lt_b/U6:A2 resistance 7.276 cap 0.000569173 slew 0.021423 delay 0.0104316 power 4.6103e-06
I0313 15:42:21.844434 486390 lm_feature_timing.cpp:80] node dpath/a_lt_b/n29:842337 resistance 15.836 cap 0.000733627 slew 0.020196 delay 0.0131883 power 5.94238e-06
I0313 15:42:21.846809 486373 lm_feature_timing.cpp:80] node dpath/a_lt_b/n36:823017 resistance 17.976 cap 0.000848645 slew 0.045927 delay 0.0152552 power 1.98745e-05
I0313 15:42:21.841270 486399 lm_feature_timing.cpp:80] node dpath/b_mux_out[9]:469553 resistance 8.132 cap 0.000598488 slew 0.016298 delay 0.00555464 power 7.57603e-05
I0313 15:42:21.846845 486252 lm_feature_timing.cpp:80] node dpath/a_lt_b/n18:484661 resistance 7.276 cap 0.0014337 slew 0.021423 delay 0.0104316 power 1.1613e-05
I0313 15:42:21.844483 486256 lm_feature_timing.cpp:80] node dpath/b_reg/U6:A2 resistance 8.132 cap 0.000574604 slew 0.01617 delay 0.0053827 power 7.88464e-05
I0313 15:42:21.846868 486390 lm_feature_timing.cpp:80] node dpath/a_lt_b/U31:ZN resistance 0 cap 0.000991451 slew 0.020196 delay 0 power 8.03076e-06
I0313 15:42:21.844498 486404 lm_feature_timing.cpp:80] node dpath/b_mux/U13:Z resistance 0 cap 0.000705376 slew 0.015792 delay 0 power 9.59044e-05
I0313 15:42:21.841284 486277 lm_feature_timing.cpp:80] node dpath/a_lt_b/n16:774633 resistance 5.136 cap 0.000701032 slew 0.024183 delay 0.0036005 power 1.13567e-05
I0313 15:42:21.844518 486331 lm_feature_timing.cpp:80] node dpath/b_mux/U17:Z resistance 0 cap 0.000935596 slew 0.017135 delay 0 power 0.000131643
I0313 15:42:21.844566 486359 lm_feature_timing.cpp:80] node dpath/a_reg_out[8]:797299 resistance 23.54 cap 0.00419971 slew 0.0475415 delay 0.152772 power 0.00029679
I0313 15:42:21.846946 486404 lm_feature_timing.cpp:80] node dpath/b_mux_out[11]:464440 resistance 0 cap 0.000705376 slew 0.015792 delay 0 power 9.59044e-05
I0313 15:42:21.846947 486256 lm_feature_timing.cpp:80] node dpath/b_mux_out[12]:470281 resistance 8.132 cap 0.000611213 slew 0.01617 delay 0.0053827 power 8.38698e-05
I0313 15:42:21.844657 486326 lm_feature_timing.cpp:80] node dpath/a_mux/U27:B1 resistance 94.588 cap 0.000647571 slew 0.0377072 delay 0.734065 power 4.14692e-05
I0313 15:42:21.844658 486351 lm_feature_timing.cpp:80] node dpath/a_reg_out[2]:1087921 resistance 67.196 cap 0.000698955 slew 0.0429064 delay 0.239885 power 3.97017e-05
I0313 15:42:21.841519 486362 lm_feature_timing.cpp:80] node dpath/a_lt_b/n30:844105 resistance 7.276 cap 0.00193809 slew 0.037595 delay 0.014267 power 4.09897e-05
I0313 15:42:21.841617 486306 lm_feature_timing.cpp:80] node dpath/a_mux_out[8]:469591 resistance 63.772 cap 0.000586546 slew 0.0212991 delay 0.0768456 power 6.82316e-05
I0313 15:42:21.844691 486324 lm_feature_timing.cpp:80] node dpath/a_lt_b/n37:471887 resistance 12.412 cap 0.0012547 slew 0.018123 delay 0.0171344 power 1.01631e-05
I0313 15:42:21.844692 486344 lm_feature_timing.cpp:80] node dpath/a_mux/n14:399993 resistance 10.272 cap 0.000774115 slew 0.036474 delay 0.00838272 power 4.37885e-05
I0313 15:42:21.847095 486306 lm_feature_timing.cpp:80] node dpath/a_mux_out[8]:469589 resistance 62.916 cap 0.000598488 slew 0.0212991 delay 0.0763435 power 6.96208e-05
I0313 15:42:21.844707 486347 lm_feature_timing.cpp:80] node dpath/a_mux_out[9]:1177707 resistance 68.052 cap 0.000700874 slew 0.0222031 delay 0.090724 power 8.47518e-05
I0313 15:42:21.847052 486351 lm_feature_timing.cpp:80] node dpath/a_reg_out[2]:1087901 resistance 58.636 cap 0.000784897 slew 0.0429064 delay 0.233902 power 4.45833e-05
I0313 15:42:21.847131 486362 lm_feature_timing.cpp:80] node dpath/a_lt_b/n30:1196065 resistance 7.276 cap 0.00188503 slew 0.037595 delay 0.014267 power 3.98676e-05
I0313 15:42:21.844753 486287 lm_feature_timing.cpp:80] node dpath/a_lt_b/n15:425172 resistance 14.552 cap 0.00060194 slew 0.021785 delay 0.0126152 power 4.87571e-06
I0313 15:42:21.847143 486324 lm_feature_timing.cpp:80] node dpath/a_lt_b/n37:479429 resistance 4.708 cap 0.00145908 slew 0.018123 delay 0.00686937 power 1.18186e-05
I0313 15:42:21.847168 486347 lm_feature_timing.cpp:80] node dpath/a_mux_out[9]:1177699 resistance 64.628 cap 0.000737483 slew 0.0222031 delay 0.0883242 power 8.91786e-05
I0313 15:42:21.847183 486362 lm_feature_timing.cpp:80] node dpath/a_lt_b/n30:839077 resistance 2.14 cap 0.00199114 slew 0.037595 delay 0.00431299 power 4.21117e-05
I0313 15:42:21.847189 486351 lm_feature_timing.cpp:80] node dpath/a_reg_out[2]:1087921 resistance 67.196 cap 0.000698955 slew 0.0429064 delay 0.239885 power 3.97017e-05
I0313 15:42:21.844825 486400 lm_feature_timing.cpp:80] node dpath/a_mux/n7:732643 resistance 0 cap 0.000897838 slew 0.036128 delay 0 power 5.0787e-05
I0313 15:42:21.847205 486287 lm_feature_timing.cpp:80] node dpath/a_lt_b/n15:778807 resistance 12.412 cap 0.0006501 slew 0.021785 delay 0.0112791 power 5.26581e-06
I0313 15:42:21.844823 486281 lm_feature_timing.cpp:80] node dpath/a_lt_b/n22:828243 resistance 0 cap 0.0010252 slew 0.047613 delay 0 power 2.56132e-05
I0313 15:42:21.847234 486362 lm_feature_timing.cpp:80] node dpath/a_lt_b/n30:844105 resistance 7.276 cap 0.00193809 slew 0.037595 delay 0.014267 power 4.09897e-05
I0313 15:42:21.847241 486351 lm_feature_timing.cpp:80] node dpath/a_reg_out[2]:724193 resistance 42.372 cap 0.003715 slew 0.0429064 delay 0.204394 power 0.000211018
I0313 15:42:21.847252 486400 lm_feature_timing.cpp:80] node dpath/a_mux/n7:371469 resistance 11.128 cap 0.000676622 slew 0.036128 delay 0.0087603 power 3.82737e-05
I0313 15:42:21.847260 486287 lm_feature_timing.cpp:80] node dpath/a_lt_b/n15:1130767 resistance 12.412 cap 0.000752485 slew 0.021785 delay 0.0112791 power 6.09513e-06
I0313 15:42:21.841861 486377 lm_feature_timing.cpp:80] node dpath/a_reg_out[4]:727757 resistance 4.708 cap 0.00682642 slew 0.0490062 delay 0.0322515 power 0.000419633
I0313 15:42:21.847275 486281 lm_feature_timing.cpp:80] node dpath/a_lt_b/n22:833271 resistance 5.136 cap 0.000972149 slew 0.047613 delay 0.00499296 power 2.42877e-05
I0313 15:42:21.847282 486362 lm_feature_timing.cpp:80] node dpath/a_lt_b/n30:492077 resistance 36.38 cap 0.00133943 slew 0.0375951 delay 0.0608655 power 2.83284e-05
I0313 15:42:21.847292 486351 lm_feature_timing.cpp:80] node dpath/a_reg_out[2]:1076153 resistance 42.372 cap 0.00375161 slew 0.0429064 delay 0.204394 power 0.000213097
I0313 15:42:21.838454 486363 lm_feature_timing.cpp:80] node dpath/a_mux_out[2]:384777 resistance 4.708 cap 0.000705376 slew 0.015615 delay 0.00356088 power 6.24909e-05
I0313 15:42:21.844954 486309 lm_feature_timing.cpp:80] node dpath/a_reg_out[9]:831621 resistance 28.248 cap 0.00270692 slew 0.0459835 delay 0.170477 power 0.000197515
I0313 15:42:21.841924 486258 lm_feature_timing.cpp:80] node dpath/a_mux_out[5]:739425 resistance 30.388 cap 0.000700874 slew 0.017957 delay 0.0281072 power 7.18664e-05
I0313 15:42:21.844990 486270 lm_feature_timing.cpp:80] node dpath/b_reg/n1:771259 resistance 222.988 cap 0.000773748 slew 0.0414223 delay 1.72837 power 5.8448e-05
I0313 15:42:21.844990 486299 lm_feature_timing.cpp:80] node dpath/b_reg/n13:464469 resistance 0.428 cap 0.00113875 slew 0.018543 delay 0.000487386 power 0.000154841
I0313 15:42:21.845041 486407 lm_feature_timing.cpp:80] node dpath/b_mux_out[5]:409196 resistance 25.68 cap 0.000582435 slew 0.018108 delay 0.0214086 power 7.10512e-05
I0313 15:42:21.845057 486293 lm_feature_timing.cpp:80] node dpath/a_reg/n15:822209 resistance 0.428 cap 0.00181101 slew 0.022647 delay 0.000778465 power 0.000174923
I0313 15:42:21.845074 486312 lm_feature_timing.cpp:80] node dpath/a_lt_b/n1:733373 resistance 9.416 cap 0.000791444 slew 0.017306 delay 0.00795497 power 6.4107e-06
I0313 15:42:21.845079 486302 lm_feature_timing.cpp:80] node dpath/a_lt_b/n31:834789 resistance 9.416 cap 0.00105825 slew 0.048638 delay 0.0099645 power 2.4014e-05
I0313 15:42:21.847496 486407 lm_feature_timing.cpp:80] node dpath/b_mux_out[5]:409197 resistance 25.252 cap 0.000590266 slew 0.018108 delay 0.0211593 power 7.20065e-05
I0313 15:42:21.847499 486299 lm_feature_timing.cpp:80] node dpath/b_reg/out_reg_11_:D resistance 29.532 cap 0.000564376 slew 0.018543 delay 0.0251574 power 7.67405e-05
I0313 15:42:21.845115 486317 lm_feature_timing.cpp:80] node dpath/a_lt_b/n19:812333 resistance 3.852 cap 0.000984183 slew 0.017501 delay 0.00394793 power 1.66775e-05
I0313 15:42:21.847528 486312 lm_feature_timing.cpp:80] node dpath/a_lt_b/U13:B1 resistance 13.268 cap 0.000662236 slew 0.017306 delay 0.010655 power 5.36411e-06
I0313 15:42:21.847489 486363 lm_feature_timing.cpp:80] node dpath/a_mux_out[2]:736737 resistance 4.708 cap 0.000741985 slew 0.015615 delay 0.00356088 power 6.57342e-05
I0313 15:42:21.847554 486299 lm_feature_timing.cpp:80] node dpath/b_reg/n13:844085 resistance 29.532 cap 0.000847649 slew 0.018543 delay 0.0251574 power 0.000115258
I0313 15:42:21.847558 486302 lm_feature_timing.cpp:80] node dpath/a_lt_b/U33:ZN resistance 0 cap 0.00115242 slew 0.048638 delay 0 power 2.61508e-05
I0313 15:42:21.838886 486352 lm_feature_timing.cpp:80] node dpath/a_lt_b/n9:741929 resistance 14.552 cap 0.000743108 slew 0.031625 delay 0.012921 power 1.20384e-05
I0313 15:42:21.838943 486254 lm_feature_timing.cpp:80] node dpath/a_lt_b/n27:484601 resistance 8.132 cap 0.00115082 slew 0.01901 delay 0.00935851 power 9.32168e-06
I0313 15:42:21.845214 486294 lm_feature_timing.cpp:80] node dpath/b_reg/n2:759379 resistance 0.856 cap 0.000917146 slew 0.017303 delay 0.000795299 power 0.000114205
I0313 15:42:21.847609 486299 lm_feature_timing.cpp:80] node dpath/b_reg/U7:Z resistance 0 cap 0.00114658 slew 0.018543 delay 0 power 0.000155906
I0313 15:42:21.847617 486302 lm_feature_timing.cpp:80] node dpath/a_lt_b/n31:843171 resistance 0 cap 0.00115242 slew 0.048638 delay 0 power 2.61508e-05
I0313 15:42:21.845245 486403 lm_feature_timing.cpp:80] node dpath/b_reg/n12:844159 resistance 41.944 cap 0.00058454 slew 0.019979 delay 0.0412172 power 5.08616e-05
I0313 15:42:21.847631 486352 lm_feature_timing.cpp:80] node dpath/a_lt_b/n9:1093889 resistance 14.552 cap 0.000861938 slew 0.031625 delay 0.012921 power 1.39634e-05
I0313 15:42:21.845288 486251 lm_feature_timing.cpp:125] build net dpath/b_reg/n7 feature 
I0313 15:42:21.847652 486294 lm_feature_timing.cpp:80] node dpath/b_reg/n2:776977 resistance 18.832 cap 0.000740761 slew 0.017303 delay 0.0141112 power 9.22408e-05
I0313 15:42:21.845330 486355 lm_feature_timing.cpp:80] node dpath/a_mux_out[10]:1158345 resistance 20.116 cap 0.00113587 slew 0.019133 delay 0.0250121 power 9.20051e-06
I0313 15:42:21.845319 486305 lm_feature_timing.cpp:80] node dpath/b_reg/n14:467784 resistance 0 cap 0.00140969 slew 0.020042 delay 0 power 0.000192567
I0313 15:42:21.845391 486253 lm_feature_timing.cpp:80] node dpath/a_reg/out_reg_5_:D resistance 5.992 cap 0.000625651 slew 0.015873 delay 0.0037489 power 3.99006e-05
I0313 15:42:21.845383 486361 lm_feature_timing.cpp:80] node ctrl/n1:1133071 resistance 21.828 cap 0.000734876 slew 0.029815 delay 0.0207114 power 1.1905e-05
I0313 15:42:21.842293 486262 lm_feature_timing.cpp:80] node dpath/a_reg_out[10]:484622 resistance 23.968 cap 0.000607275 slew 0.0393864 delay 0.121154 power 0
I0313 15:42:21.842344 486353 lm_feature_timing.cpp:80] node dpath/a_reg/n6:371571 resistance 0 cap 0.000637593 slew 0.015676 delay 0 power 3.91941e-05
I0313 15:42:21.847755 486305 lm_feature_timing.cpp:80] node dpath/b_reg/n14:467803 resistance 8.132 cap 0.00132786 slew 0.020042 delay 0.0107982 power 0.000181389
I0313 15:42:21.847777 486361 lm_feature_timing.cpp:80] node ctrl/n1:1485031 resistance 21.828 cap 0.000935927 slew 0.029815 delay 0.0207114 power 1.5162e-05
I0313 15:42:21.845474 486268 lm_feature_timing.cpp:80] node ctrl/n4:779437 resistance 17.976 cap 0.000752895 slew 0.029179 delay 0.0168448 power 5.48321e-05
I0313 15:42:21.845496 486279 lm_feature_timing.cpp:80] node ctrl/state_out[1]:778605 resistance 21.828 cap 0.000727436 slew 0.029421 delay 0.0524907 power 6.6417e-05
I0313 15:42:21.847826 486361 lm_feature_timing.cpp:80] node ctrl/n1:1464919 resistance 1.284 cap 0.00113698 slew 0.029815 delay 0.00148368 power 1.84191e-05
I0313 15:42:21.845533 486316 lm_feature_timing.cpp:80] node dpath/a_lt_b/U20:B2 resistance 44.084 cap 0.000718455 slew 0.0449412 delay 0.167522 power 4.74709e-05
I0313 15:42:21.847849 486268 lm_feature_timing.cpp:80] node ctrl/n4:1131397 resistance 17.976 cap 0.000789503 slew 0.029179 delay 0.0168448 power 5.74983e-05
I0313 15:42:21.845536 486370 lm_feature_timing.cpp:80] node dpath/a_mux/n13:730981 resistance 0 cap 0.000881394 slew 0.035942 delay 0 power 4.98568e-05
I0313 15:42:21.839349 486264 lm_feature_timing.cpp:80] node dpath/a_mux/n1:449223 resistance 1.712 cap 0.00079839 slew 0.035457 delay 0.00140137 power 4.51617e-05
I0313 15:42:21.847877 486361 lm_feature_timing.cpp:80] node ctrl/n1:1485031 resistance 21.828 cap 0.000935927 slew 0.029815 delay 0.0207114 power 1.5162e-05
I0313 15:42:21.845587 486282 lm_feature_timing.cpp:80] node dpath/a_reg/n11:478009 resistance 7.276 cap 0.000793423 slew 0.01698 delay 0.00577294 power 5.78936e-05
I0313 15:42:21.842661 486374 lm_feature_timing.cpp:80] node dpath/a_lt_b/U28:ZN resistance 0 cap 0.000725955 slew 0.029156 delay 0 power 1.87848e-05
I0313 15:42:21.847903 486268 lm_feature_timing.cpp:80] node ctrl/n4:775247 resistance 22.256 cap 0.000708064 slew 0.029179 delay 0.0198754 power 5.15672e-05
I0313 15:42:21.845623 486274 lm_feature_timing.cpp:80] node dpath/a_mux/n12:445861 resistance 5.136 cap 0.000610845 slew 0.034079 delay 0.00340978 power 3.4553e-05
I0313 15:42:21.847923 486361 lm_feature_timing.cpp:80] node ctrl/n1:431661 resistance 26.108 cap 0.000637775 slew 0.029815 delay 0.0236457 power 1.03319e-05
I0313 15:42:21.845628 486382 lm_feature_timing.cpp:80] node dpath/b_reg/n5:771167 resistance 4.708 cap 0.000686926 slew 0.016388 delay 0.00346447 power 8.78123e-05
I0313 15:42:21.842674 486320 lm_feature_timing.cpp:80] node dpath/a_lt_b/U16:ZN resistance 0 cap 0.000639636 slew 0.015064 delay 0 power 8.09539e-06
I0313 15:42:21.847944 486374 lm_feature_timing.cpp:80] node dpath/a_lt_b/U29:B resistance 6.848 cap 0.000586961 slew 0.029156 delay 0.00449543 power 1.51882e-05
I0313 15:42:21.845708 486284 lm_feature_timing.cpp:80] node dpath/a_lt_b/n10:746123 resistance 13.696 cap 0.000728037 slew 0.022374 delay 0.0183584 power 5.8971e-06
I0313 15:42:21.847935 486279 lm_feature_timing.cpp:80] node ctrl/state_out[1]:783633 resistance 26.964 cap 0.000674383 slew 0.029421 delay 0.0559544 power 6.15731e-05
I0313 15:42:21.845719 486325 lm_feature_timing.cpp:80] node dpath/a_mux_out[13]:456831 resistance 3.424 cap 0.000946756 slew 0.016793 delay 0.00324169 power 0.000159212
I0313 15:42:21.848008 486284 lm_feature_timing.cpp:80] node dpath/a_lt_b/n10:1098083 resistance 13.696 cap 0.000781089 slew 0.022374 delay 0.0183584 power 6.32682e-06
I0313 15:42:21.845736 486402 lm_feature_timing.cpp:137] net dpath/a_reg/n10 resistance 14.552 cap 0.000711592 slew 0.000655989 delay 0.00464197 power 4.0733e-08
I0313 15:42:21.848026 486320 lm_feature_timing.cpp:80] node dpath/a_lt_b/n5:386501 resistance 0 cap 0.000639636 slew 0.015064 delay 0 power 8.09539e-06
I0313 15:42:21.845777 486397 lm_feature_timing.cpp:80] node dpath/b_reg/n10:464552 resistance 0 cap 0.000956692 slew 0.017358 delay 0 power 0.000125051
I0313 15:42:21.845789 486406 lm_feature_timing.cpp:80] node dpath/a_reg/n19:860933 resistance 2.996 cap 0.000965357 slew 9.02853e-06 delay 0.00298957 power 0
I0313 15:42:21.848057 486279 lm_feature_timing.cpp:80] node ctrl/U5:A1 resistance 15.408 cap 0.000595933 slew 0.029421 delay 0.0186562 power 5.44104e-05
I0313 15:42:21.842916 486310 lm_feature_timing.cpp:80] node dpath/b_mux_out[6]:417595 resistance 14.124 cap 0.000590266 slew 0.016905 delay 0.0103088 power 7.2685e-05
I0313 15:42:21.848102 486320 lm_feature_timing.cpp:80] node dpath/a_lt_b/n5:387341 resistance 1.712 cap 0.000619471 slew 0.015064 delay 0.00106053 power 7.84018e-06
I0313 15:42:21.848116 486397 lm_feature_timing.cpp:80] node dpath/b_reg/n10:464574 resistance 9.416 cap 0.000862529 slew 0.017358 delay 0.00812157 power 0.000112743
I0313 15:42:21.845845 486365 lm_feature_timing.cpp:80] node dpath/a_reg_out[12]:1190957 resistance 30.388 cap 0.00315059 slew 0.0441404 delay 0.170603 power 0.000296887
I0313 15:42:21.845865 486328 lm_feature_timing.cpp:80] node dpath/a_reg/U17:Z resistance 0 cap 0.000891697 slew 0.01709 delay 0 power 5.06497e-05
I0313 15:42:21.845885 486292 lm_feature_timing.cpp:80] node dpath/a_reg/n13:830713 resistance 12.84 cap 0.000999367 slew 0.019329 delay 0.014546 power 9.1661e-05
I0313 15:42:21.848173 486320 lm_feature_timing.cpp:80] node dpath/a_lt_b/n5:386501 resistance 0 cap 0.000639636 slew 0.015064 delay 0 power 8.09539e-06
I0313 15:42:21.845923 486323 lm_feature_timing.cpp:80] node dpath/b_mux_out[1]:409049 resistance 14.98 cap 0.000598488 slew 0.017 delay 0.0111797 power 7.01708e-05
I0313 15:42:21.848203 486365 lm_feature_timing.cpp:80] node dpath/a_reg_out[12]:1190993 resistance 45.796 cap 0.00299887 slew 0.0441404 delay 0.21681 power 0.00028259
I0313 15:42:21.848212 486328 lm_feature_timing.cpp:80] node dpath/a_reg/n4:388995 resistance 0 cap 0.000891697 slew 0.01709 delay 0 power 5.06497e-05
I0313 15:42:21.835058 486383 lm_feature_timing.cpp:125] build net dpath/a_mux/n11 feature 
I0313 15:42:21.845952 486369 lm_feature_timing.cpp:80] node dpath/a_mux/n3:380547 resistance 4.28 cap 0.000631792 slew 0.033624 delay 0.00270407 power 3.57379e-05
I0313 15:42:21.848242 486328 lm_feature_timing.cpp:137] net dpath/a_reg/n4 resistance 32.528 cap 0.000891697 slew 0.00344032 delay 0.0118058 power 4.10263e-08
I0313 15:42:21.845995 486260 lm_feature_timing.cpp:80] node ctrl_a_mux_sel[1]:439228 resistance 0 cap 0.000852066 slew 0.014695 delay 0 power 2.72823e-05
I0313 15:42:21.848280 486328 lm_feature_timing.cpp:125] build net dpath/b_reg/n9 feature 
I0313 15:42:21.835173 486381 lm_feature_timing.cpp:80] node dpath/b_reg/out_reg_1_:D resistance 10.7 cap 0.000564376 slew 0.016325 delay 0.00718789 power 7.14593e-05
I0313 15:42:21.848284 486365 lm_feature_timing.cpp:80] node dpath/a_lt_b/U32:A2 resistance 27.82 cap 0.000445992 slew 0.0441404 delay 0.146065 power 4.20268e-05
I0313 15:42:21.840785 486336 lm_feature_timing.cpp:80] node dpath/a_lt_b/U36:ZN resistance 0 cap 0.000804078 slew 0.016585 delay 0 power 1.12199e-05
I0313 15:42:21.846081 486360 lm_feature_timing.cpp:80] node dpath/a_lt_b/n4:386583 resistance 14.124 cap 0.00058826 slew 0.021374 delay 0.0103951 power 4.76491e-06
I0313 15:42:21.846113 486278 lm_feature_timing.cpp:80] node ctrl_b_mux_sel_0_:1164929 resistance 39.376 cap 0.0167777 slew 0.0310423 delay 0.700134 power 0.00162959
I0313 15:42:21.843340 486368 lm_feature_timing.cpp:80] node dpath/a_mux/n18:439289 resistance 0 cap 0.00064193 slew 0.018175 delay 0 power 4.11079e-05
I0313 15:42:21.846153 486295 lm_feature_timing.cpp:80] node dpath/a_mux_out[14]:808723 resistance 0.856 cap 0.0010501 slew 0.0173 delay 0.000909106 power 0.000181451
I0313 15:42:21.846179 486393 lm_feature_timing.cpp:80] node dpath/a_reg/n14:477024 resistance 0 cap 0.00121236 slew 0.018996 delay 0 power 0.000114243
I0313 15:42:21.846190 486259 lm_feature_timing.cpp:80] node dpath/b_mux_out[0]:746785 resistance 1.284 cap 0.000910148 slew 0.017178 delay 0.00118924 power 0.000102899
I0313 15:42:21.843348 486285 lm_feature_timing.cpp:80] node dpath/a_lt_b/n3:386421 resistance 4.28 cap 0.000761916 slew 0.018363 delay 0.00496461 power 6.17152e-06
I0313 15:42:21.846217 486371 lm_feature_timing.cpp:80] node dpath/a_reg/n2:386367 resistance 0.428 cap 0.00074409 slew 0.016259 delay 0.00031847 power 3.41608e-05
I0313 15:42:21.848417 486383 lm_feature_timing.cpp:80] node dpath/a_mux/U24:B resistance 7.276 cap 0.000586961 slew 0.034274 delay 0.0048063 power 3.3202e-05
I0313 15:42:21.848459 486259 lm_feature_timing.cpp:80] node dpath/b_mux_out[0]:759355 resistance 14.124 cap 0.000783095 slew 0.017178 delay 0.0112442 power 8.85347e-05
I0313 15:42:21.846262 486356 lm_feature_timing.cpp:80] node dpath/a_lt_b/n12:746941 resistance 3.852 cap 0.000804768 slew 0.020683 delay 0.00612218 power 6.51862e-06
I0313 15:42:21.846269 486318 lm_feature_timing.cpp:80] node dpath/a_mux_out[6]:402548 resistance 23.112 cap 0.000590657 slew 0.017149 delay 0.0188792 power 6.32808e-05
I0313 15:42:21.848505 486259 lm_feature_timing.cpp:80] node dpath/b_mux/U2:Z resistance 0 cap 0.000942254 slew 0.017178 delay 0 power 0.000106529
I0313 15:42:21.848508 486383 lm_feature_timing.cpp:80] node dpath/a_mux/n11:455982 resistance 7.276 cap 0.000660569 slew 0.034274 delay 0.0048063 power 3.73657e-05
I0313 15:42:21.840880 486261 lm_feature_timing.cpp:80] node dpath/a_lt_b/n26:483778 resistance 0 cap 0.000774979 slew 0.022504 delay 0 power 1.87242e-05
I0313 15:42:21.843493 486290 lm_feature_timing.cpp:80] node ctrl_b_reg_en_0_:432518 resistance 0 cap 0.000671179 slew 0.027947 delay 0 power 5.07001e-05
I0313 15:42:21.846309 486300 lm_feature_timing.cpp:80] node dpath/a_mux/U12:B resistance 9.844 cap 0.000586961 slew 0.035087 delay 0.00681233 power 3.3202e-05
I0313 15:42:21.848542 486356 lm_feature_timing.cpp:80] node dpath/a_lt_b/n12:388277 resistance 10.7 cap 0.000665774 slew 0.020683 delay 0.0111573 power 5.39277e-06
I0313 15:42:21.846338 486387 lm_feature_timing.cpp:80] node dpath/a_mux/n2:797971 resistance 5.136 cap 0.000663898 slew 0.034079 delay 0.00340978 power 3.7554e-05
I0313 15:42:21.848563 486290 lm_feature_timing.cpp:137] net ctrl_b_reg_en_0_ resistance 6.848 cap 0.000671179 slew 8.52196e-05 delay 0.00217277 power 4.10671e-08
I0313 15:42:21.848569 486318 lm_feature_timing.cpp:80] node dpath/a_mux_out[6]:755343 resistance 20.972 cap 0.000630595 slew 0.017149 delay 0.0175912 power 6.75596e-05
I0313 15:42:21.848590 486261 lm_feature_timing.cpp:80] node dpath/a_lt_b/U30:B resistance 7.276 cap 0.000627763 slew 0.022504 delay 0.00510318 power 1.51673e-05
I0313 15:42:21.846396 486272 lm_feature_timing.cpp:80] node dpath/a_lt_b/n13:746137 resistance 14.552 cap 0.000646222 slew 0.031831 delay 0.0108282 power 2.06194e-05
I0313 15:42:21.848624 486290 lm_feature_timing.cpp:125] build net dpath/b_reg_out[0] feature 
I0313 15:42:21.846413 486265 lm_feature_timing.cpp:80] node dpath/a_lt_b/n8:1090531 resistance 47.08 cap 0.00106416 slew 0.053906 delay 0.050494 power 1.71552e-05
I0313 15:42:21.846434 486335 lm_feature_timing.cpp:80] node dpath/b_reg/FE_OFN2_ctrl_b_reg_en_0:818181 resistance 125.404 cap 0.00152096 slew 0.0278504 delay 0.724888 power 0.000114891
I0313 15:42:21.848647 486318 lm_feature_timing.cpp:80] node dpath/a_mux_out[6]:1107303 resistance 20.972 cap 0.000757647 slew 0.017149 delay 0.0175912 power 8.11715e-05
I0313 15:42:21.844062 486401 lm_feature_timing.cpp:80] node dpath/a_mux_out[15]:804527 resistance 8.132 cap 0.000931094 slew 0.016859 delay 0.00760827 power 0.000165176
I0313 15:42:21.841023 486354 lm_feature_timing.cpp:80] node dpath/b_reg/n11:491375 resistance 27.82 cap 0.000726472 slew 0.019352 delay 0.027783 power 9.53757e-05
I0313 15:42:21.846472 486257 lm_feature_timing.cpp:80] node dpath/a_reg/n5:735979 resistance 7.704 cap 0.00101797 slew 0.018395 delay 0.00791213 power 6.02205e-05
I0313 15:42:21.846487 486408 lm_feature_timing.cpp:80] node dpath/a_mux_out[3]:379810 resistance 9.416 cap 0.000668768 slew 0.015352 delay 0.00629712 power 6.23991e-05
I0313 15:42:21.844156 486388 lm_feature_timing.cpp:80] node ctrl/state_out[0]:440051 resistance 77.896 cap 0.000596981 slew 0.0498893 delay 0.236384 power 5.31483e-05
I0313 15:42:21.846518 486339 lm_feature_timing.cpp:80] node dpath/a_mux/n16:786209 resistance 5.564 cap 0.000711428 slew 0.020149 delay 0.00398444 power 4.55584e-05
I0313 15:42:21.846536 486337 lm_feature_timing.cpp:80] node ctrl_a_mux_sel[0]:440103 resistance 47.508 cap 0.00126557 slew 0.0481361 delay 0.095617 power 4.05224e-05
I0313 15:42:21.846553 486332 lm_feature_timing.cpp:80] node ctrl/n2:798723 resistance 8.56 cap 0.000779872 slew 0.023799 delay 0.00787645 power 6.31696e-06
I0313 15:42:21.844221 486405 lm_feature_timing.cpp:80] node dpath/a_mux/U18:B resistance 4.28 cap 0.000586961 slew 0.033624 delay 0.00270407 power 3.3202e-05
I0313 15:42:21.846568 486266 lm_feature_timing.cpp:80] node dpath/a_mux_out[12]:445167 resistance 1.284 cap 0.00135297 slew 0.018929 delay 0.00173721 power 0.000221148
I0313 15:42:21.841143 486386 lm_feature_timing.cpp:80] node dpath/a_lt_b/n21:462045 resistance 42.8 cap 0.000409377 slew 0.0440891 delay 0.0808721 power 1.44847e-05
I0313 15:42:21.848858 486339 lm_feature_timing.cpp:80] node dpath/a_mux/n16:791237 resistance 0.428 cap 0.00076448 slew 0.020149 delay 0.000330549 power 4.89558e-05
I0313 15:42:21.846623 486286 lm_feature_timing.cpp:80] node ctrl_a_reg_en_0_:1089721 resistance 277.772 cap 0.000993636 slew 0.0402399 delay 2.55758 power 8.04845e-06
I0313 15:42:21.848887 486405 lm_feature_timing.cpp:80] node dpath/a_mux/n8:380582 resistance 4.28 cap 0.000631792 slew 0.033624 delay 0.00270407 power 3.57379e-05
I0313 15:42:21.846657 486291 lm_feature_timing.cpp:80] node dpath/a_lt_b/n23:835767 resistance 5.136 cap 0.000740952 slew 0.024902 delay 0.00390273 power 1.20034e-05
I0313 15:42:21.846697 486120 lm_feature_timing.cpp:80] node dpath/CTS_1:836663 resistance 83.032 cap 0.00696114 slew 0.000853081 delay 0.737304 power 0.00225541
I0313 15:42:21.846709 486340 lm_feature_timing.cpp:80] node dpath/a_reg_out[11]:1167515 resistance 62.916 cap 0.000729336 slew 0.0394354 delay 0.210553 power 6.6894e-05
I0313 15:42:21.846709 486269 lm_feature_timing.cpp:137] net dpath/b_mux_out[7] resistance 7.704 cap 0.000656043 slew 0.000169773 delay 0.00237023 power 6.42557e-08
I0313 15:42:21.844372 486255 lm_feature_timing.cpp:80] node dpath/a_lt_b/n17:422663 resistance 27.392 cap 0.000597325 slew 0.02546 delay 0.0236709 power 2.41166e-05
I0313 15:42:21.849798 486120 lm_feature_timing.cpp:80] node dpath/CTS_1:836665 resistance 83.888 cap 0.000445851 slew 0.000853081 delay 0.737685 power 0.000144456
I0313 15:42:21.846757 486304 lm_feature_timing.cpp:80] node dpath/a_reg_out[7]:424361 resistance 26.108 cap 0.00063155 slew 0.0402571 delay 0.0858963 power 4.31801e-05
I0313 15:42:21.849830 486269 lm_feature_timing.cpp:125] build net dpath/b_reg_out[10] feature 
I0313 15:42:21.846797 486297 lm_feature_timing.cpp:80] node dpath/a_lt_b/U7:I resistance 58.208 cap 0.000599444 slew 0.0410005 delay 0.228844 power 3.82292e-05
I0313 15:42:21.846801 486298 lm_feature_timing.cpp:80] node dpath/b_reg/n4:407441 resistance 2.14 cap 0.000793423 slew 0.01652 delay 0.00169792 power 0.000100959
I0313 15:42:21.846810 486271 lm_feature_timing.cpp:80] node ctrl/next_state__0[1]:1130553 resistance 0.856 cap 0.000909366 slew 0.030897 delay 0.00078864 power 8.30277e-05
I0313 15:42:21.844426 486342 lm_feature_timing.cpp:80] node dpath/a_reg/n18:388325 resistance 83.888 cap 0.00706626 slew 0.0502105 delay 0.763224 power 5.72367e-05
I0313 15:42:21.846835 486380 lm_feature_timing.cpp:80] node dpath/a_mux_out[7]:1139129 resistance 11.556 cap 0.000868255 slew 0.017289 delay 0.011407 power 9.70121e-05
I0313 15:42:21.849946 486271 lm_feature_timing.cpp:80] node ctrl/next_state__0[1]:777755 resistance 0 cap 0.000933251 slew 0.030897 delay 0 power 8.52084e-05
I0313 15:42:21.846849 486358 lm_feature_timing.cpp:80] node dpath/a_lt_b/n28:490390 resistance 0 cap 0.000705413 slew 0.015449 delay 0 power 9.44363e-06
I0313 15:42:21.844484 486330 lm_feature_timing.cpp:80] node dpath/a_mux_out[11]:799663 resistance 7.276 cap 0.00117326 slew 0.018599 delay 0.00907218 power 0.000185876
I0313 15:42:21.849972 486298 lm_feature_timing.cpp:80] node dpath/b_reg/out_reg_2_:D resistance 12.412 cap 0.000564376 slew 0.01652 delay 0.0085469 power 7.18138e-05
I0313 15:42:21.846899 486399 lm_feature_timing.cpp:80] node dpath/b_mux_out[9]:821513 resistance 8.132 cap 0.000651541 slew 0.016298 delay 0.00555464 power 8.2476e-05
I0313 15:42:21.850003 486380 lm_feature_timing.cpp:80] node dpath/a_mux_out[7]:1139151 resistance 20.972 cap 0.000774091 slew 0.017289 delay 0.0186959 power 8.6491e-05
I0313 15:42:21.846894 486373 lm_feature_timing.cpp:80] node dpath/a_lt_b/n36:470223 resistance 20.544 cap 0.000643873 slew 0.045927 delay 0.0169087 power 1.50789e-05
I0313 15:42:21.846920 486390 lm_feature_timing.cpp:80] node dpath/a_lt_b/n29:484488 resistance 0 cap 0.000991451 slew 0.020196 delay 0 power 8.03076e-06
I0313 15:42:21.850031 486330 lm_feature_timing.cpp:80] node dpath/a_mux_out[11]:477032 resistance 37.664 cap 0.000582435 slew 0.018599 delay 0.035739 power 9.22736e-05
I0313 15:42:21.850036 486358 lm_feature_timing.cpp:80] node dpath/a_lt_b/n28:492058 resistance 5.136 cap 0.00065236 slew 0.015449 delay 0.00335052 power 8.7334e-06
I0313 15:42:21.850055 486380 lm_feature_timing.cpp:80] node dpath/a_mux_out[7]:787169 resistance 11.556 cap 0.000921308 slew 0.017289 delay 0.011407 power 0.00010294
I0313 15:42:21.847004 486404 lm_feature_timing.cpp:80] node dpath/b_mux_out[11]:462775 resistance 6.42 cap 0.00063999 slew 0.015792 delay 0.00410874 power 8.70144e-05
I0313 15:42:21.850075 486269 lm_feature_timing.cpp:80] node dpath/b_reg_out[10]:834933 resistance 20.116 cap 0.000686127 slew 0.0399552 delay 0.0649355 power 5.97008e-05
I0313 15:42:21.850077 486358 lm_feature_timing.cpp:137] net dpath/a_lt_b/n28 resistance 10.272 cap 0.000705413 slew 0.000359149 delay 0.00335052 power 7.64934e-09
I0313 15:42:21.847004 486359 lm_feature_timing.cpp:80] node dpath/a_reg_out[8]:798137 resistance 24.396 cap 0.00418777 slew 0.0475415 delay 0.156357 power 0.000295946
I0313 15:42:21.847052 486326 lm_feature_timing.cpp:80] node dpath/a_mux/FE_OFN4_n16:730141 resistance 94.588 cap 0.000659513 slew 0.0377072 delay 0.734065 power 4.22339e-05
I0313 15:42:21.850126 486269 lm_feature_timing.cpp:80] node dpath/b_reg_out[10]:1186893 resistance 20.116 cap 0.000772068 slew 0.0399552 delay 0.0649355 power 6.71786e-05
I0313 15:42:21.844727 486308 lm_feature_timing.cpp:80] node dpath/a_lt_b/U34:ZN resistance 0 cap 0.00149703 slew 0.033561 delay 0 power 3.50528e-05
I0313 15:42:21.850145 486358 lm_feature_timing.cpp:125] build net dpath/b_reg_out[11] feature 
I0313 15:42:21.847147 486344 lm_feature_timing.cpp:80] node dpath/a_mux/n14:751953 resistance 10.272 cap 0.000708729 slew 0.036474 delay 0.00838272 power 4.00899e-05
I0313 15:42:21.847143 486306 lm_feature_timing.cpp:80] node dpath/a_mux_out[8]:469591 resistance 63.772 cap 0.000586546 slew 0.0212991 delay 0.0768456 power 6.82316e-05
I0313 15:42:21.844765 486334 lm_feature_timing.cpp:80] node dpath/a_lt_b/n24:485485 resistance 11.984 cap 0.000601135 slew 0.019989 delay 0.00922655 power 0
I0313 15:42:21.850186 486308 lm_feature_timing.cpp:80] node dpath/a_lt_b/n35:486147 resistance 0 cap 0.00149703 slew 0.033561 delay 0 power 3.50528e-05
I0313 15:42:21.844820 486395 lm_feature_timing.cpp:80] node dpath/a_lt_b/n34:838927 resistance 20.972 cap 0.000848737 slew 0.019827 delay 0.0184255 power 6.87477e-06
I0313 15:42:21.850207 486344 lm_feature_timing.cpp:80] node dpath/a_mux/n14:399978 resistance 3.852 cap 0.000851443 slew 0.036474 delay 0.0034129 power 4.81626e-05
I0313 15:42:21.850239 486334 lm_feature_timing.cpp:80] node dpath/a_lt_b/n24:485479 resistance 9.416 cap 0.000629522 slew 0.019989 delay 0.00768284 power 0
I0313 15:42:21.844827 486366 lm_feature_timing.cpp:80] node dpath/a_reg_out[14]:835581 resistance 26.536 cap 0.00059285 slew 0.0404481 delay 0.0778574 power 8.28336e-05
I0313 15:42:21.844851 486379 lm_feature_timing.cpp:80] node dpath/a_reg_out[13]:860749 resistance 0.856 cap 0.00510406 slew 0.03813 delay 0.0043793 power 0.000492992
I0313 15:42:21.844856 486338 lm_feature_timing.cpp:80] node dpath/a_mux_out[0]:387221 resistance 15.836 cap 0.000574604 slew 0.016457 delay 0.011685 power 3.83884e-05
I0313 15:42:21.844905 486315 lm_feature_timing.cpp:80] node dpath/b_mux/U12:Z resistance 0 cap 0.00068071 slew 0.01565 delay 0 power 3.5815e-05
I0313 15:42:21.841744 486276 lm_feature_timing.cpp:80] node dpath/b_reg/out_reg_14_:D resistance 16.692 cap 0.000564376 slew 0.01706 delay 0.0121685 power 9.26125e-05
I0313 15:42:21.847313 486287 lm_feature_timing.cpp:80] node dpath/a_lt_b/n15:777131 resistance 14.124 cap 0.000629935 slew 0.021785 delay 0.0123575 power 5.10248e-06
I0313 15:42:21.850334 486366 lm_feature_timing.cpp:80] node dpath/a_reg_out[14]:833905 resistance 24.824 cap 0.00167496 slew 0.0404481 delay 0.0768424 power 0.000234027
I0313 15:42:21.847328 486281 lm_feature_timing.cpp:80] node dpath/a_lt_b/U28:B2 resistance 20.544 cap 0.000600779 slew 0.047613 delay 0.0167785 power 1.50096e-05
I0313 15:42:21.847330 486362 lm_feature_timing.cpp:80] node dpath/a_lt_b/n30:494591 resistance 38.948 cap 0.000888946 slew 0.0375951 delay 0.0631483 power 1.88008e-05
I0313 15:42:21.847335 486377 lm_feature_timing.cpp:80] node dpath/a_reg_out[4]:1079717 resistance 4.708 cap 0.00679803 slew 0.0490062 delay 0.0322515 power 0.000417888
I0313 15:42:21.850379 486315 lm_feature_timing.cpp:80] node dpath/b_mux_out[10]:464488 resistance 0 cap 0.00068071 slew 0.01565 delay 0 power 3.5815e-05
I0313 15:42:21.847438 486309 lm_feature_timing.cpp:80] node dpath/a_lt_b/U6:A1 resistance 53.5 cap 0.00056171 slew 0.0459835 delay 0.216218 power 4.09862e-05
I0313 15:42:21.850414 486281 lm_feature_timing.cpp:80] node dpath/a_lt_b/n22:484639 resistance 20.544 cap 0.000612721 slew 0.047613 delay 0.0167785 power 1.5308e-05
I0313 15:42:21.850411 486287 lm_feature_timing.cpp:80] node dpath/a_lt_b/n15:778807 resistance 12.412 cap 0.0006501 slew 0.021785 delay 0.0112791 power 5.26581e-06
I0313 15:42:21.850428 486362 lm_feature_timing.cpp:80] node dpath/a_lt_b/U33:A1 resistance 49.22 cap 0.000758174 slew 0.0375951 delay 0.0709363 power 1.6035e-05
I0313 15:42:21.847517 486293 lm_feature_timing.cpp:80] node dpath/a_reg/n15:470248 resistance 0 cap 0.00182668 slew 0.022647 delay 0 power 0.000176435
I0313 15:42:21.850450 486309 lm_feature_timing.cpp:80] node dpath/a_reg_out[9]:487172 resistance 53.5 cap 0.000585985 slew 0.0459835 delay 0.216218 power 4.27575e-05
I0313 15:42:21.845146 486314 lm_feature_timing.cpp:80] node dpath/b_mux/n1:776271 resistance 29.104 cap 0.000667642 slew 0.0427555 delay 0.328655 power 6.4847e-05
I0313 15:42:21.850463 486281 lm_feature_timing.cpp:80] node dpath/a_lt_b/n22:484637 resistance 19.688 cap 0.000624663 slew 0.047613 delay 0.016254 power 1.56063e-05
I0313 15:42:21.847492 486270 lm_feature_timing.cpp:80] node dpath/b_reg/n1:776287 resistance 228.124 cap 0.000720695 slew 0.0414223 delay 1.73208 power 5.44405e-05
I0313 15:42:21.850490 486293 lm_feature_timing.cpp:80] node dpath/a_reg/n15:470249 resistance 0.428 cap 0.00181884 slew 0.022647 delay 0.000778465 power 0.000175679
I0313 15:42:21.842077 486375 lm_feature_timing.cpp:80] node dpath/a_lt_b/n2:385593 resistance 5.992 cap 0.000586961 slew 0.023105 delay 0.00388423 power 9.50877e-06
I0313 15:42:21.850498 486358 lm_feature_timing.cpp:80] node dpath/b_zero/U2:A4 resistance 64.628 cap 0.000460965 slew 0.0414827 delay 0.238763 power 6.26793e-05
I0313 15:42:21.850520 486314 lm_feature_timing.cpp:80] node dpath/b_mux/n1:1128231 resistance 29.104 cap 0.000704251 slew 0.0427555 delay 0.328655 power 6.84028e-05
I0313 15:42:21.845188 486301 lm_feature_timing.cpp:80] node dpath/sub/U20:A2 resistance 32.528 cap 0.000554824 slew 0.0390441 delay 0.0809783 power 2.54717e-05
I0313 15:42:21.847607 486363 lm_feature_timing.cpp:80] node dpath/a_mux_out[2]:733385 resistance 1.284 cap 0.000778593 slew 0.015615 delay 0.00102033 power 6.89774e-05
I0313 15:42:21.850592 486358 lm_feature_timing.cpp:80] node dpath/b_reg_out[11]:448583 resistance 64.628 cap 0.000530462 slew 0.0414827 delay 0.238763 power 7.21291e-05
I0313 15:42:21.842216 486349 lm_feature_timing.cpp:80] node dpath/a_reg/U12:Z resistance 0 cap 0.000728037 slew 0.016117 delay 0 power 4.9777e-05
I0313 15:42:21.850616 486314 lm_feature_timing.cpp:80] node dpath/b_mux/n1:1128223 resistance 25.68 cap 0.000740859 slew 0.0427555 delay 0.326244 power 7.19585e-05
I0313 15:42:21.847659 486299 lm_feature_timing.cpp:80] node dpath/b_reg/n13:464468 resistance 0 cap 0.00114658 slew 0.018543 delay 0 power 0.000155906
I0313 15:42:21.850646 486301 lm_feature_timing.cpp:80] node dpath/a_reg_out[0]:372141 resistance 32.528 cap 0.000599655 slew 0.0390441 delay 0.0809783 power 2.75299e-05
I0313 15:42:21.836500 486346 lm_feature_timing.cpp:125] build net dpath/b_mux_out[4] feature 
I0313 15:42:21.850672 486358 lm_feature_timing.cpp:80] node dpath/b_reg_out[11]:448567 resistance 57.78 cap 0.000599959 slew 0.0414827 delay 0.23513 power 8.15789e-05
I0313 15:42:21.847693 486352 lm_feature_timing.cpp:80] node dpath/a_lt_b/n9:1093861 resistance 2.568 cap 0.000980768 slew 0.031625 delay 0.00259151 power 1.58884e-05
I0313 15:42:21.847703 486294 lm_feature_timing.cpp:80] node dpath/b_reg/n2:407419 resistance 0.856 cap 0.000929088 slew 0.017303 delay 0.000795299 power 0.000115692
I0313 15:42:21.847703 486403 lm_feature_timing.cpp:80] node dpath/b_reg/n12:841613 resistance 25.68 cap 0.00114208 slew 0.019979 delay 0.0293287 power 9.9374e-05
I0313 15:42:21.847713 486355 lm_feature_timing.cpp:80] node dpath/a_mux_out[10]:1158323 resistance 10.7 cap 0.00123003 slew 0.019133 delay 0.0143167 power 9.96323e-06
I0313 15:42:21.850749 486358 lm_feature_timing.cpp:80] node dpath/b_reg_out[11]:448583 resistance 64.628 cap 0.000530462 slew 0.0414827 delay 0.238763 power 7.21291e-05
I0313 15:42:21.847774 486253 lm_feature_timing.cpp:80] node dpath/a_reg/U14:Z resistance 0 cap 0.000686926 slew 0.015873 delay 0 power 4.38083e-05
I0313 15:42:21.850770 486352 lm_feature_timing.cpp:80] node dpath/a_lt_b/n9:1093889 resistance 14.552 cap 0.000861938 slew 0.031625 delay 0.012921 power 1.39634e-05
I0313 15:42:21.847792 486262 lm_feature_timing.cpp:80] node dpath/a_reg_out[10]:484621 resistance 23.54 cap 0.000615106 slew 0.0393864 delay 0.120894 power 0
I0313 15:42:21.847815 486353 lm_feature_timing.cpp:80] node dpath/a_reg/out_reg_4_:D resistance 3.424 cap 0.000600985 slew 0.015676 delay 0.00205777 power 3.69437e-05
I0313 15:42:21.842507 486321 lm_feature_timing.cpp:80] node dpath/a_lt_b/n7:386489 resistance 25.252 cap 0.00129676 slew 0.021289 delay 0.0388217 power 2.36334e-05
