Log file created at: 2025/01/15 18:17:42
Running on machine: 167-ai-eda
Log line format: [IWEF]mmdd hh:mm:ss.uuuuuu threadid file:line] msg
I0115 18:17:42.155627 3815768 lm_layout_init.cpp:65] Via number : 465
I0115 18:17:42.156380 3815768 lm_layout_init.cpp:132] Layer number : 20
I0115 18:17:42.156574 3815768 lm_layout_init.cpp:153] LM init tracks start...
I0115 18:17:42.158365 3815768 lm_layout_init.cpp:191] LM layer order : 0, row = 420, col = 419
I0115 18:17:42.159983 3815768 lm_layout_init.cpp:191] LM layer order : 1, row = 420, col = 419
I0115 18:17:42.161536 3815768 lm_layout_init.cpp:191] LM layer order : 2, row = 420, col = 419
I0115 18:17:42.162930 3815768 lm_layout_init.cpp:191] LM layer order : 3, row = 420, col = 419
I0115 18:17:42.164028 3815768 lm_layout_init.cpp:191] LM layer order : 4, row = 420, col = 419
I0115 18:17:42.165091 3815768 lm_layout_init.cpp:191] LM layer order : 5, row = 420, col = 419
I0115 18:17:42.166123 3815768 lm_layout_init.cpp:191] LM layer order : 6, row = 420, col = 419
I0115 18:17:42.167090 3815768 lm_layout_init.cpp:191] LM layer order : 7, row = 420, col = 419
I0115 18:17:42.168123 3815768 lm_layout_init.cpp:191] LM layer order : 8, row = 420, col = 419
I0115 18:17:42.168983 3815768 lm_layout_init.cpp:191] LM layer order : 9, row = 420, col = 419
I0115 18:17:42.169791 3815768 lm_layout_init.cpp:191] LM layer order : 10, row = 420, col = 419
I0115 18:17:42.170572 3815768 lm_layout_init.cpp:191] LM layer order : 11, row = 420, col = 419
I0115 18:17:42.171347 3815768 lm_layout_init.cpp:191] LM layer order : 12, row = 420, col = 419
I0115 18:17:42.172107 3815768 lm_layout_init.cpp:191] LM layer order : 13, row = 420, col = 419
I0115 18:17:42.172855 3815768 lm_layout_init.cpp:191] LM layer order : 14, row = 420, col = 419
I0115 18:17:42.173612 3815768 lm_layout_init.cpp:191] LM layer order : 15, row = 420, col = 419
I0115 18:17:42.174363 3815768 lm_layout_init.cpp:191] LM layer order : 16, row = 420, col = 419
I0115 18:17:42.175137 3815768 lm_layout_init.cpp:191] LM layer order : 17, row = 420, col = 419
I0115 18:17:42.175881 3815768 lm_layout_init.cpp:191] LM layer order : 18, row = 420, col = 419
I0115 18:17:42.176640 3815768 lm_layout_init.cpp:191] LM layer order : 19, row = 420, col = 419
I0115 18:17:42.176649 3815768 lm_layout_init.cpp:170] LM memory usage 27.764 MB
I0115 18:17:42.176749 3815768 lm_layout_init.cpp:171] LM elapsed time 0.020181 s
I0115 18:17:42.176764 3815768 lm_layout_init.cpp:173] LM init tracks end...
I0115 18:17:42.176784 3815768 lm_layout_init.cpp:245] LM init PDN start...
I0115 18:17:42.227092 3815982 lm_layout_init.cpp:335] Read segment : 285 / 285
I0115 18:17:42.265142 3815902 lm_layout_init.cpp:335] Read segment : 285 / 285
I0115 18:17:42.304867 3815768 lm_layout_init.cpp:345] LM memory usage 11101 MB
I0115 18:17:42.304981 3815768 lm_layout_init.cpp:346] LM elapsed time 0.128201 s
I0115 18:17:42.305001 3815768 lm_layout_init.cpp:347] LM init PDN end...
I0115 18:17:42.305027 3815768 lm_layout_init.cpp:354] LM init instances start...
I0115 18:17:42.305156 3815768 lm_layout_init.cpp:395] Read instance : 297 / 297
I0115 18:17:42.321657 3815768 lm_layout_init.cpp:403] LM memory usage 0 MB
I0115 18:17:42.321763 3815768 lm_layout_init.cpp:404] LM elapsed time 0.016739 s
I0115 18:17:42.321772 3815768 lm_layout_init.cpp:406] LM init instances end...
I0115 18:17:42.321875 3815768 lm_layout_init.cpp:632] LM init nets start...
I0115 18:17:42.377182 3815876 lm_layout_init.cpp:733] Read nets : 0 / 270
I0115 18:17:42.385201 3815768 lm_layout_init.cpp:738] Read nets : 270 / 270
I0115 18:17:42.385241 3815768 lm_layout_init.cpp:739] LM memory usage 591.292 MB
I0115 18:17:42.385317 3815768 lm_layout_init.cpp:740] LM elapsed time 0.063445 s
I0115 18:17:42.385326 3815768 lm_layout_init.cpp:742] LM init nets end...
I0115 18:17:42.385612 3815768 lm_net_graph_gen.cc:54] Layer number : 19
I0115 18:17:42.398079 3815768 lm_graph_dm.cpp:173] Read nets : 0 / 270
I0115 18:17:43.429119 3815768 lm_graph_dm.cpp:184] Read nets : 270 / 270
I0115 18:17:43.429277 3815768 lm_patch_init.cpp:87] LM patch grid init start...
I0115 18:17:43.429323 3815768 lm_patch_init.cpp:102] Init patch : 0
I0115 18:17:43.441609 3815768 lm_patch_init.cpp:107] Init patch : 625
I0115 18:17:43.441640 3815768 lm_patch_init.cpp:109] LM memory usage 0 MB
I0115 18:17:43.441807 3815768 lm_patch_init.cpp:110] LM elapsed time 0.012534 s
I0115 18:17:43.441815 3815768 lm_patch_init.cpp:111] LM patch grid init end...
I0115 18:17:43.441833 3815768 lm_patch_init.cpp:118] LM patch init subnet start...
I0115 18:17:43.442472 3815768 lm_patch_init.cpp:167] Init net : 0 / 270
I0115 18:17:43.505244 3815768 lm_patch_init.cpp:170] Init net : 270 / 270
I0115 18:17:43.505292 3815768 lm_patch_init.cpp:174] LM memory usage 0 MB
I0115 18:17:43.505394 3815768 lm_patch_init.cpp:175] LM elapsed time 0.063564 s
I0115 18:17:43.505401 3815768 lm_patch_init.cpp:176] LM patch init subnet end...
I0115 18:17:43.587072 3815768 lm_graph_check.cc:448] Net connected succuss ratio : 270 / 270
W0115 18:17:43.589525 3815768 lm_feature.cpp:35] Drc file not exist, path : /data2/project_share/dataset_baseline/gcd/workspace/output/innovus/feature//gcd_route_baseline_drc.json
I0115 18:17:43.589799 3815768 lm_feature_statis.cpp:44] LM build statis feature start...
I0115 18:17:47.568022 3815986 lm_feature_statis.cpp:153] Read nets : 0 / 270
I0115 18:17:47.575749 3815768 lm_feature_statis.cpp:157] Read nets : 270 / 270
I0115 18:17:47.575816 3815768 lm_feature_statis.cpp:158] LM memory usage 0 MB
I0115 18:17:47.576011 3815768 lm_feature_statis.cpp:159] LM elapsed time 3.98622 s
I0115 18:17:47.576036 3815768 lm_feature_statis.cpp:160] LM build statis feature end...
I0115 18:17:47.576221 3815768 lm_feature_statis.cpp:167] LM feature patch start...
I0115 18:17:47.576256 3815768 lm_feature_statis.cpp:206] Feature patch : 0 / 625
I0115 18:17:47.596184 3815768 lm_feature_statis.cpp:212] LM memory usage 0 MB
I0115 18:17:47.596256 3815768 lm_feature_statis.cpp:213] LM elapsed time 0.020054 s
I0115 18:17:47.596263 3815768 lm_feature_statis.cpp:214] LM feature patch end...
I0115 18:17:47.596480 3815768 Sta.cc:300] load lib start
I0115 18:17:47.597278 3816127 Sta.cc:278] read liberty /data/project_share/process_node/dataset_baseline/lib/tcbn28hpcplusbwp30p140ssg0p81v125c_ccs.lib start 
I0115 18:17:47.597293 3816131 Sta.cc:278] read liberty /data/project_share/process_node/dataset_baseline/lib/tcbn28hpcplusbwp30p140hvtssg0p81v125c_ccs.lib start 
I0115 18:17:47.597297 3816123 Sta.cc:278] read liberty /data/project_share/process_node/dataset_baseline/lib/tcbn28hpcplusbwp30p140mbssg0p81v125c_ccs.lib start 
I0115 18:17:47.597317 3816125 Sta.cc:278] read liberty /data/project_share/process_node/dataset_baseline/lib/tcbn28hpcplusbwp30p140lvtssg0p81v125c_ccs.lib start 
I0115 18:17:47.597314 3816133 Sta.cc:278] read liberty /data/project_share/process_node/dataset_baseline/lib/tcbn28hpcplusbwp30p140oppuhvtssg0p81v125c_ccs.lib start 
I0115 18:17:47.597370 3816127 LibParserRustC.cc:1274] load liberty file /data/project_share/process_node/dataset_baseline/lib/tcbn28hpcplusbwp30p140ssg0p81v125c_ccs.lib
I0115 18:17:47.597371 3816131 LibParserRustC.cc:1274] load liberty file /data/project_share/process_node/dataset_baseline/lib/tcbn28hpcplusbwp30p140hvtssg0p81v125c_ccs.lib
I0115 18:17:47.597364 3816134 Sta.cc:278] read liberty /data/project_share/process_node/dataset_baseline/lib/tcbn28hpcplusbwp35p140mbssg0p81v125c_ccs.lib start 
I0115 18:17:47.597366 3816136 Sta.cc:278] read liberty /data/project_share/process_node/dataset_baseline/lib/tcbn28hpcplusbwp35p140mblvtssg0p81v125c_ccs.lib start 
I0115 18:17:47.597381 3816135 Sta.cc:278] read liberty /data/project_share/process_node/dataset_baseline/lib/tcbn28hpcplusbwp30p140oppssg0p81v125c_ccs.lib start 
I0115 18:17:47.597393 3816125 LibParserRustC.cc:1274] load liberty file /data/project_share/process_node/dataset_baseline/lib/tcbn28hpcplusbwp30p140lvtssg0p81v125c_ccs.lib
I0115 18:17:47.597411 3816145 Sta.cc:278] read liberty /data/project_share/process_node/dataset_baseline/lib/tcbn28hpcplusbwp35p140hvtssg0p81v125c_ccs.lib start 
I0115 18:17:47.597435 3816136 LibParserRustC.cc:1274] load liberty file /data/project_share/process_node/dataset_baseline/lib/tcbn28hpcplusbwp35p140mblvtssg0p81v125c_ccs.lib
I0115 18:17:47.597389 3816133 LibParserRustC.cc:1274] load liberty file /data/project_share/process_node/dataset_baseline/lib/tcbn28hpcplusbwp30p140oppuhvtssg0p81v125c_ccs.lib
I0115 18:17:47.597407 3816137 Sta.cc:278] read liberty /data/project_share/process_node/dataset_baseline/lib/tcbn28hpcplusbwp35p140lvtssg0p81v125c_ccs.lib start 
I0115 18:17:47.597441 3816122 Sta.cc:278] read liberty /data/project_share/process_node/dataset_baseline/lib/tcbn28hpcplusbwp35p140oppulvtssg0p81v125c_ccs.lib start 
I0115 18:17:47.597419 3816134 LibParserRustC.cc:1274] load liberty file /data/project_share/process_node/dataset_baseline/lib/tcbn28hpcplusbwp35p140mbssg0p81v125c_ccs.lib
I0115 18:17:47.597476 3816140 Sta.cc:278] read liberty /data/project_share/process_node/dataset_baseline/lib/tcbn28hpcplusbwp30p140opplvtssg0p81v125c_ccs.lib start 
I0115 18:17:47.597371 3816123 LibParserRustC.cc:1274] load liberty file /data/project_share/process_node/dataset_baseline/lib/tcbn28hpcplusbwp30p140mbssg0p81v125c_ccs.lib
I0115 18:17:47.597338 3816132 Sta.cc:278] read liberty /data/project_share/process_node/dataset_baseline/lib/tcbn28hpcplusbwp30p140opphvtssg0p81v125c_ccs.lib start 
I0115 18:17:47.597615 3816122 LibParserRustC.cc:1274] load liberty file /data/project_share/process_node/dataset_baseline/lib/tcbn28hpcplusbwp35p140oppulvtssg0p81v125c_ccs.lib
I0115 18:17:47.597572 3816141 Sta.cc:278] read liberty /data/project_share/process_node/dataset_baseline/lib/tcbn28hpcplusbwp30p140oppulvtssg0p81v125c_ccs.lib start 
I0115 18:17:47.597469 3816124 Sta.cc:278] read liberty /data/project_share/process_node/dataset_baseline/lib/tcbn28hpcplusbwp30p140mblvtssg0p81v125c_ccs.lib start 
I0115 18:17:47.597564 3816146 Sta.cc:278] read liberty /data/project_share/process_node/dataset_baseline/lib/tcbn28hpcplusbwp35p140oppssg0p81v125c_ccs.lib start 
I0115 18:17:47.597543 3816145 LibParserRustC.cc:1274] load liberty file /data/project_share/process_node/dataset_baseline/lib/tcbn28hpcplusbwp35p140hvtssg0p81v125c_ccs.lib
I0115 18:17:47.597563 3816126 Sta.cc:278] read liberty /data/project_share/process_node/dataset_baseline/lib/tcbn28hpcplusbwp40p140ssg0p81v125c_ccs.lib start 
I0115 18:17:47.597566 3816148 Sta.cc:278] read liberty /data/project_share/process_node/dataset_baseline/lib/tcbn28hpcplusbwp35p140oppuhvtssg0p81v125c_ccs.lib start 
I0115 18:17:47.597645 3816140 LibParserRustC.cc:1274] load liberty file /data/project_share/process_node/dataset_baseline/lib/tcbn28hpcplusbwp30p140opplvtssg0p81v125c_ccs.lib
I0115 18:17:47.597680 3816139 Sta.cc:278] read liberty /data/project_share/process_node/dataset_baseline/lib/tcbn28hpcplusbwp40p140mbssg0p81v125c_ccs.lib start 
I0115 18:17:47.597707 3816146 LibParserRustC.cc:1274] load liberty file /data/project_share/process_node/dataset_baseline/lib/tcbn28hpcplusbwp35p140oppssg0p81v125c_ccs.lib
I0115 18:17:47.597405 3816130 Sta.cc:278] read liberty /data/project_share/process_node/dataset_baseline/lib/tcbn28hpcplusbwp30p140uhvtssg0p81v125c_ccs.lib start 
I0115 18:17:47.597795 3816148 LibParserRustC.cc:1274] load liberty file /data/project_share/process_node/dataset_baseline/lib/tcbn28hpcplusbwp35p140oppuhvtssg0p81v125c_ccs.lib
I0115 18:17:47.597596 3816147 Sta.cc:278] read liberty /data/project_share/process_node/dataset_baseline/lib/tcbn28hpcplusbwp35p140opplvtssg0p81v125c_ccs.lib start 
I0115 18:17:47.597645 3816132 LibParserRustC.cc:1274] load liberty file /data/project_share/process_node/dataset_baseline/lib/tcbn28hpcplusbwp30p140opphvtssg0p81v125c_ccs.lib
I0115 18:17:47.597631 3816142 Sta.cc:278] read liberty /data/project_share/process_node/dataset_baseline/lib/tcbn28hpcplusbwp35p140ssg0p81v125c_ccs.lib start 
I0115 18:17:47.597572 3816138 Sta.cc:278] read liberty /data/project_share/process_node/dataset_baseline/lib/tcbn28hpcplusbwp35p140opphvtssg0p81v125c_ccs.lib start 
I0115 18:17:47.597478 3816135 LibParserRustC.cc:1274] load liberty file /data/project_share/process_node/dataset_baseline/lib/tcbn28hpcplusbwp30p140oppssg0p81v125c_ccs.lib
I0115 18:17:47.597699 3816124 LibParserRustC.cc:1274] load liberty file /data/project_share/process_node/dataset_baseline/lib/tcbn28hpcplusbwp30p140mblvtssg0p81v125c_ccs.lib
I0115 18:17:47.597651 3816128 Sta.cc:278] read liberty /data/project_share/process_node/dataset_baseline/lib/tcbn28hpcplusbwp40p140hvtssg0p81v125c_ccs.lib start 
I0115 18:17:47.597687 3816152 Sta.cc:278] read liberty /data/project_share/process_node/dataset_baseline/lib/tcbn28hpcplusbwp40p140opphvtssg0p81v125c_ccs.lib start 
I0115 18:17:47.597733 3816151 Sta.cc:278] read liberty /data/project_share/process_node/dataset_baseline/lib/tcbn28hpcplusbwp40p140oppssg0p81v125c_ccs.lib start 
I0115 18:17:47.597890 3816138 LibParserRustC.cc:1274] load liberty file /data/project_share/process_node/dataset_baseline/lib/tcbn28hpcplusbwp35p140opphvtssg0p81v125c_ccs.lib
I0115 18:17:47.597932 3816152 LibParserRustC.cc:1274] load liberty file /data/project_share/process_node/dataset_baseline/lib/tcbn28hpcplusbwp40p140opphvtssg0p81v125c_ccs.lib
I0115 18:17:47.597707 3816141 LibParserRustC.cc:1274] load liberty file /data/project_share/process_node/dataset_baseline/lib/tcbn28hpcplusbwp30p140oppulvtssg0p81v125c_ccs.lib
I0115 18:17:47.597754 3816139 LibParserRustC.cc:1274] load liberty file /data/project_share/process_node/dataset_baseline/lib/tcbn28hpcplusbwp40p140mbssg0p81v125c_ccs.lib
I0115 18:17:47.597597 3816137 LibParserRustC.cc:1274] load liberty file /data/project_share/process_node/dataset_baseline/lib/tcbn28hpcplusbwp35p140lvtssg0p81v125c_ccs.lib
I0115 18:17:47.597854 3816147 LibParserRustC.cc:1274] load liberty file /data/project_share/process_node/dataset_baseline/lib/tcbn28hpcplusbwp35p140opplvtssg0p81v125c_ccs.lib
I0115 18:17:47.597735 3816150 Sta.cc:278] read liberty /data/project_share/process_node/dataset_baseline/lib/tcbn28hpcplusbwp40p140mbhvtssg0p81v125c_ccs.lib start 
I0115 18:17:47.597874 3816144 Sta.cc:278] read liberty /data/project_share/process_node/dataset_baseline/lib/tcbn28hpcplusbwp40p140uhvtssg0p81v125c_ccs.lib start 
I0115 18:17:47.597906 3816142 LibParserRustC.cc:1274] load liberty file /data/project_share/process_node/dataset_baseline/lib/tcbn28hpcplusbwp35p140ssg0p81v125c_ccs.lib
I0115 18:17:47.597791 3816129 Sta.cc:278] read liberty /data/project_share/process_node/dataset_baseline/lib/tcbn28hpcplusbwp35p140uhvtssg0p81v125c_ccs.lib start 
I0115 18:17:47.597805 3816130 LibParserRustC.cc:1274] load liberty file /data/project_share/process_node/dataset_baseline/lib/tcbn28hpcplusbwp30p140uhvtssg0p81v125c_ccs.lib
I0115 18:17:47.597807 3816153 Sta.cc:278] read liberty /data/project_share/process_node/dataset_baseline/lib/tcbn28hpcplusbwp40p140oppuhvtssg0p81v125c_ccs.lib start 
I0115 18:17:47.597703 3816126 LibParserRustC.cc:1274] load liberty file /data/project_share/process_node/dataset_baseline/lib/tcbn28hpcplusbwp40p140ssg0p81v125c_ccs.lib
I0115 18:17:47.597740 3816149 Sta.cc:278] read liberty /data/project_share/process_node/dataset_baseline/lib/tcbn28hpcplusbwp40p140lvtssg0p81v125c_ccs.lib start 
I0115 18:17:47.597934 3816128 LibParserRustC.cc:1274] load liberty file /data/project_share/process_node/dataset_baseline/lib/tcbn28hpcplusbwp40p140hvtssg0p81v125c_ccs.lib
I0115 18:17:47.597935 3816151 LibParserRustC.cc:1274] load liberty file /data/project_share/process_node/dataset_baseline/lib/tcbn28hpcplusbwp40p140oppssg0p81v125c_ccs.lib
I0115 18:17:47.598030 3816150 LibParserRustC.cc:1274] load liberty file /data/project_share/process_node/dataset_baseline/lib/tcbn28hpcplusbwp40p140mbhvtssg0p81v125c_ccs.lib
I0115 18:17:47.598069 3816144 LibParserRustC.cc:1274] load liberty file /data/project_share/process_node/dataset_baseline/lib/tcbn28hpcplusbwp40p140uhvtssg0p81v125c_ccs.lib
I0115 18:17:47.598081 3816129 LibParserRustC.cc:1274] load liberty file /data/project_share/process_node/dataset_baseline/lib/tcbn28hpcplusbwp35p140uhvtssg0p81v125c_ccs.lib
I0115 18:17:47.598084 3816153 LibParserRustC.cc:1274] load liberty file /data/project_share/process_node/dataset_baseline/lib/tcbn28hpcplusbwp40p140oppuhvtssg0p81v125c_ccs.lib
I0115 18:17:47.598129 3816149 LibParserRustC.cc:1274] load liberty file /data/project_share/process_node/dataset_baseline/lib/tcbn28hpcplusbwp40p140lvtssg0p81v125c_ccs.lib
I0115 18:17:47.602619 3816143 Sta.cc:278] read liberty /data/project_share/process_node/dataset_baseline/lib/tcbn28hpcplusbwp40p140opplvtssg0p81v125c_ccs.lib start 
I0115 18:17:47.602705 3816143 LibParserRustC.cc:1274] load liberty file /data/project_share/process_node/dataset_baseline/lib/tcbn28hpcplusbwp40p140opplvtssg0p81v125c_ccs.lib
I0115 18:17:50.409569 3816146 LibParserRustC.cc:1283] load liberty file /data/project_share/process_node/dataset_baseline/lib/tcbn28hpcplusbwp35p140oppssg0p81v125c_ccs.lib success.
I0115 18:17:50.409634 3816146 Sta.cc:288] read liberty /data/project_share/process_node/dataset_baseline/lib/tcbn28hpcplusbwp35p140oppssg0p81v125c_ccs.lib end 
I0115 18:17:50.409683 3816146 Sta.cc:278] read liberty /data/project_share/process_node/dataset_baseline/lib/tcbn28hpcplusbwp35p140mbhvtssg0p81v125c_ccs.lib start 
I0115 18:17:50.409721 3816146 LibParserRustC.cc:1274] load liberty file /data/project_share/process_node/dataset_baseline/lib/tcbn28hpcplusbwp35p140mbhvtssg0p81v125c_ccs.lib
I0115 18:17:50.432358 3816140 LibParserRustC.cc:1283] load liberty file /data/project_share/process_node/dataset_baseline/lib/tcbn28hpcplusbwp30p140opplvtssg0p81v125c_ccs.lib success.
I0115 18:17:50.432425 3816140 Sta.cc:288] read liberty /data/project_share/process_node/dataset_baseline/lib/tcbn28hpcplusbwp30p140opplvtssg0p81v125c_ccs.lib end 
I0115 18:17:50.432466 3816140 Sta.cc:278] read liberty /data/project_share/process_node/dataset_baseline/lib/tcbn28hpcplusbwp30p140ulvtssg0p81v125c_ccs.lib start 
I0115 18:17:50.432511 3816140 LibParserRustC.cc:1274] load liberty file /data/project_share/process_node/dataset_baseline/lib/tcbn28hpcplusbwp30p140ulvtssg0p81v125c_ccs.lib
I0115 18:17:50.465919 3816147 LibParserRustC.cc:1283] load liberty file /data/project_share/process_node/dataset_baseline/lib/tcbn28hpcplusbwp35p140opplvtssg0p81v125c_ccs.lib success.
I0115 18:17:50.465982 3816147 Sta.cc:288] read liberty /data/project_share/process_node/dataset_baseline/lib/tcbn28hpcplusbwp35p140opplvtssg0p81v125c_ccs.lib end 
I0115 18:17:50.466022 3816147 Sta.cc:278] read liberty /data/project_share/process_node/dataset_baseline/lib/tcbn28hpcplusbwp35p140ulvtssg0p81v125c_ccs.lib start 
I0115 18:17:50.466053 3816147 LibParserRustC.cc:1274] load liberty file /data/project_share/process_node/dataset_baseline/lib/tcbn28hpcplusbwp35p140ulvtssg0p81v125c_ccs.lib
I0115 18:17:50.609829 3816122 LibParserRustC.cc:1283] load liberty file /data/project_share/process_node/dataset_baseline/lib/tcbn28hpcplusbwp35p140oppulvtssg0p81v125c_ccs.lib success.
I0115 18:17:50.609885 3816122 Sta.cc:288] read liberty /data/project_share/process_node/dataset_baseline/lib/tcbn28hpcplusbwp35p140oppulvtssg0p81v125c_ccs.lib end 
I0115 18:17:50.609925 3816122 Sta.cc:278] read liberty /data/project_share/process_node/dataset_baseline/lib/ts5n28hpcplvta64x128m2f_130a_ssg0p81v125c.lib start 
I0115 18:17:50.609963 3816122 LibParserRustC.cc:1274] load liberty file /data/project_share/process_node/dataset_baseline/lib/ts5n28hpcplvta64x128m2f_130a_ssg0p81v125c.lib
I0115 18:17:50.611337 3816132 LibParserRustC.cc:1283] load liberty file /data/project_share/process_node/dataset_baseline/lib/tcbn28hpcplusbwp30p140opphvtssg0p81v125c_ccs.lib success.
I0115 18:17:50.611393 3816132 Sta.cc:288] read liberty /data/project_share/process_node/dataset_baseline/lib/tcbn28hpcplusbwp30p140opphvtssg0p81v125c_ccs.lib end 
I0115 18:17:50.611431 3816132 Sta.cc:278] read liberty /data/project_share/process_node/dataset_baseline/lib/ts5n28hpcplvta64x128m2fw_130a_ssg0p81v125c.lib start 
I0115 18:17:50.611467 3816132 LibParserRustC.cc:1274] load liberty file /data/project_share/process_node/dataset_baseline/lib/ts5n28hpcplvta64x128m2fw_130a_ssg0p81v125c.lib
I0115 18:17:50.613804 3816122 LibParserRustC.cc:1283] load liberty file /data/project_share/process_node/dataset_baseline/lib/ts5n28hpcplvta64x128m2f_130a_ssg0p81v125c.lib success.
I0115 18:17:50.613824 3816122 Sta.cc:288] read liberty /data/project_share/process_node/dataset_baseline/lib/ts5n28hpcplvta64x128m2f_130a_ssg0p81v125c.lib end 
I0115 18:17:50.613948 3816122 Sta.cc:278] read liberty /data/project_share/process_node/dataset_baseline/lib/ts5n28hpcplvta256x32m4fw_130a_ssg0p81v125c.lib start 
I0115 18:17:50.613968 3816122 LibParserRustC.cc:1274] load liberty file /data/project_share/process_node/dataset_baseline/lib/ts5n28hpcplvta256x32m4fw_130a_ssg0p81v125c.lib
I0115 18:17:50.614912 3816132 LibParserRustC.cc:1283] load liberty file /data/project_share/process_node/dataset_baseline/lib/ts5n28hpcplvta64x128m2fw_130a_ssg0p81v125c.lib success.
I0115 18:17:50.614940 3816132 Sta.cc:288] read liberty /data/project_share/process_node/dataset_baseline/lib/ts5n28hpcplvta64x128m2fw_130a_ssg0p81v125c.lib end 
I0115 18:17:50.614964 3816132 Sta.cc:278] read liberty /data/project_share/process_node/dataset_baseline/lib/ts5n28hpcplvta128x32m2f_130a_ssg0p81v125c.lib start 
I0115 18:17:50.614989 3816132 LibParserRustC.cc:1274] load liberty file /data/project_share/process_node/dataset_baseline/lib/ts5n28hpcplvta128x32m2f_130a_ssg0p81v125c.lib
I0115 18:17:50.616812 3816122 LibParserRustC.cc:1283] load liberty file /data/project_share/process_node/dataset_baseline/lib/ts5n28hpcplvta256x32m4fw_130a_ssg0p81v125c.lib success.
I0115 18:17:50.616828 3816122 Sta.cc:288] read liberty /data/project_share/process_node/dataset_baseline/lib/ts5n28hpcplvta256x32m4fw_130a_ssg0p81v125c.lib end 
I0115 18:17:50.616843 3816122 Sta.cc:278] read liberty /data/project_share/process_node/dataset_baseline/lib/ts5n28hpcplvta128x64m2f_130a_ssg0p81v125c.lib start 
I0115 18:17:50.616859 3816122 LibParserRustC.cc:1274] load liberty file /data/project_share/process_node/dataset_baseline/lib/ts5n28hpcplvta128x64m2f_130a_ssg0p81v125c.lib
I0115 18:17:50.618008 3816132 LibParserRustC.cc:1283] load liberty file /data/project_share/process_node/dataset_baseline/lib/ts5n28hpcplvta128x32m2f_130a_ssg0p81v125c.lib success.
I0115 18:17:50.618039 3816132 Sta.cc:288] read liberty /data/project_share/process_node/dataset_baseline/lib/ts5n28hpcplvta128x32m2f_130a_ssg0p81v125c.lib end 
I0115 18:17:50.618059 3816132 Sta.cc:278] read liberty /data/project_share/process_node/dataset_baseline/lib/ts5n28hpcplvta128x80m2f_130a_ssg0p81v125c.lib start 
I0115 18:17:50.618079 3816132 LibParserRustC.cc:1274] load liberty file /data/project_share/process_node/dataset_baseline/lib/ts5n28hpcplvta128x80m2f_130a_ssg0p81v125c.lib
I0115 18:17:50.619432 3816122 LibParserRustC.cc:1283] load liberty file /data/project_share/process_node/dataset_baseline/lib/ts5n28hpcplvta128x64m2f_130a_ssg0p81v125c.lib success.
I0115 18:17:50.619446 3816122 Sta.cc:288] read liberty /data/project_share/process_node/dataset_baseline/lib/ts5n28hpcplvta128x64m2f_130a_ssg0p81v125c.lib end 
I0115 18:17:50.619460 3816122 Sta.cc:278] read liberty /data/project_share/process_node/dataset_baseline/lib/ts5n28hpcplvta128x8m2f_130a_ssg0p81v125c.lib start 
I0115 18:17:50.619474 3816122 LibParserRustC.cc:1274] load liberty file /data/project_share/process_node/dataset_baseline/lib/ts5n28hpcplvta128x8m2f_130a_ssg0p81v125c.lib
I0115 18:17:50.621132 3816132 LibParserRustC.cc:1283] load liberty file /data/project_share/process_node/dataset_baseline/lib/ts5n28hpcplvta128x80m2f_130a_ssg0p81v125c.lib success.
I0115 18:17:50.621152 3816132 Sta.cc:288] read liberty /data/project_share/process_node/dataset_baseline/lib/ts5n28hpcplvta128x80m2f_130a_ssg0p81v125c.lib end 
I0115 18:17:50.621172 3816132 Sta.cc:278] read liberty /data/project_share/process_node/dataset_baseline/lib/ts5n28hpcplvta512x64m4f_130a_ssg0p81v125c.lib start 
I0115 18:17:50.621192 3816132 LibParserRustC.cc:1274] load liberty file /data/project_share/process_node/dataset_baseline/lib/ts5n28hpcplvta512x64m4f_130a_ssg0p81v125c.lib
I0115 18:17:50.621981 3816122 LibParserRustC.cc:1283] load liberty file /data/project_share/process_node/dataset_baseline/lib/ts5n28hpcplvta128x8m2f_130a_ssg0p81v125c.lib success.
I0115 18:17:50.621990 3816122 Sta.cc:288] read liberty /data/project_share/process_node/dataset_baseline/lib/ts5n28hpcplvta128x8m2f_130a_ssg0p81v125c.lib end 
I0115 18:17:50.622002 3816122 Sta.cc:278] read liberty /data/project_share/process_node/dataset_baseline/lib/ts5n28hpcplvta512x64m4fw_130a_ssg0p81v125c.lib start 
I0115 18:17:50.622033 3816122 LibParserRustC.cc:1274] load liberty file /data/project_share/process_node/dataset_baseline/lib/ts5n28hpcplvta512x64m4fw_130a_ssg0p81v125c.lib
I0115 18:17:50.624238 3816132 LibParserRustC.cc:1283] load liberty file /data/project_share/process_node/dataset_baseline/lib/ts5n28hpcplvta512x64m4f_130a_ssg0p81v125c.lib success.
I0115 18:17:50.624256 3816132 Sta.cc:288] read liberty /data/project_share/process_node/dataset_baseline/lib/ts5n28hpcplvta512x64m4f_130a_ssg0p81v125c.lib end 
I0115 18:17:50.624275 3816132 Sta.cc:278] read liberty /data/project_share/process_node/dataset_baseline/lib/ts5n28hpcplvta64x32m2f_130a_ssg0p81v125c.lib start 
I0115 18:17:50.624294 3816132 LibParserRustC.cc:1274] load liberty file /data/project_share/process_node/dataset_baseline/lib/ts5n28hpcplvta64x32m2f_130a_ssg0p81v125c.lib
I0115 18:17:50.624342 3816122 LibParserRustC.cc:1283] load liberty file /data/project_share/process_node/dataset_baseline/lib/ts5n28hpcplvta512x64m4fw_130a_ssg0p81v125c.lib success.
I0115 18:17:50.624351 3816122 Sta.cc:288] read liberty /data/project_share/process_node/dataset_baseline/lib/ts5n28hpcplvta512x64m4fw_130a_ssg0p81v125c.lib end 
I0115 18:17:50.624359 3816122 Sta.cc:278] read liberty /data/project_share/process_node/dataset_baseline/lib/ts5n28hpcplvta64x8m2f_130a_ssg0p81v125c.lib start 
I0115 18:17:50.624369 3816122 LibParserRustC.cc:1274] load liberty file /data/project_share/process_node/dataset_baseline/lib/ts5n28hpcplvta64x8m2f_130a_ssg0p81v125c.lib
I0115 18:17:50.626008 3816122 LibParserRustC.cc:1283] load liberty file /data/project_share/process_node/dataset_baseline/lib/ts5n28hpcplvta64x8m2f_130a_ssg0p81v125c.lib success.
I0115 18:17:50.626015 3816122 Sta.cc:288] read liberty /data/project_share/process_node/dataset_baseline/lib/ts5n28hpcplvta64x8m2f_130a_ssg0p81v125c.lib end 
I0115 18:17:50.626024 3816122 Sta.cc:278] read liberty /data/project_share/process_node/dataset_baseline/lib/ts5n28hpcplvta32x32m2f_130a_ssg0p81v125c.lib start 
I0115 18:17:50.626034 3816122 LibParserRustC.cc:1274] load liberty file /data/project_share/process_node/dataset_baseline/lib/ts5n28hpcplvta32x32m2f_130a_ssg0p81v125c.lib
I0115 18:17:50.627328 3816132 LibParserRustC.cc:1283] load liberty file /data/project_share/process_node/dataset_baseline/lib/ts5n28hpcplvta64x32m2f_130a_ssg0p81v125c.lib success.
I0115 18:17:50.627347 3816132 Sta.cc:288] read liberty /data/project_share/process_node/dataset_baseline/lib/ts5n28hpcplvta64x32m2f_130a_ssg0p81v125c.lib end 
I0115 18:17:50.627364 3816132 Sta.cc:278] read liberty /data/project_share/process_node/dataset_baseline/lib/ts5n28hpcplvta32x128m2f_130a_ssg0p81v125c.lib start 
I0115 18:17:50.627383 3816132 LibParserRustC.cc:1274] load liberty file /data/project_share/process_node/dataset_baseline/lib/ts5n28hpcplvta32x128m2f_130a_ssg0p81v125c.lib
I0115 18:17:50.627688 3816122 LibParserRustC.cc:1283] load liberty file /data/project_share/process_node/dataset_baseline/lib/ts5n28hpcplvta32x32m2f_130a_ssg0p81v125c.lib success.
I0115 18:17:50.627705 3816122 Sta.cc:288] read liberty /data/project_share/process_node/dataset_baseline/lib/ts5n28hpcplvta32x32m2f_130a_ssg0p81v125c.lib end 
I0115 18:17:50.627714 3816122 Sta.cc:278] read liberty /data/project_share/process_node/dataset_baseline/lib/ts5n28hpcplvta64x80m2f_130a_ssg0p81v125c.lib start 
I0115 18:17:50.627723 3816122 LibParserRustC.cc:1274] load liberty file /data/project_share/process_node/dataset_baseline/lib/ts5n28hpcplvta64x80m2f_130a_ssg0p81v125c.lib
I0115 18:17:50.629364 3816122 LibParserRustC.cc:1283] load liberty file /data/project_share/process_node/dataset_baseline/lib/ts5n28hpcplvta64x80m2f_130a_ssg0p81v125c.lib success.
I0115 18:17:50.629370 3816122 Sta.cc:288] read liberty /data/project_share/process_node/dataset_baseline/lib/ts5n28hpcplvta64x80m2f_130a_ssg0p81v125c.lib end 
I0115 18:17:50.629379 3816122 Sta.cc:278] read liberty /data/project_share/process_node/dataset_baseline/lib/ts5n28hpcplvta256x16m2f_130a_ssg0p81v125c.lib start 
I0115 18:17:50.629403 3816122 LibParserRustC.cc:1274] load liberty file /data/project_share/process_node/dataset_baseline/lib/ts5n28hpcplvta256x16m2f_130a_ssg0p81v125c.lib
I0115 18:17:50.630393 3816132 LibParserRustC.cc:1283] load liberty file /data/project_share/process_node/dataset_baseline/lib/ts5n28hpcplvta32x128m2f_130a_ssg0p81v125c.lib success.
I0115 18:17:50.630409 3816132 Sta.cc:288] read liberty /data/project_share/process_node/dataset_baseline/lib/ts5n28hpcplvta32x128m2f_130a_ssg0p81v125c.lib end 
I0115 18:17:50.630429 3816132 Sta.cc:278] read liberty /data/project_share/process_node/dataset_baseline/lib/ts6n28hpcplvta512x2m8f_130a_ssg0p81v125c.lib start 
I0115 18:17:50.630447 3816132 LibParserRustC.cc:1274] load liberty file /data/project_share/process_node/dataset_baseline/lib/ts6n28hpcplvta512x2m8f_130a_ssg0p81v125c.lib
I0115 18:17:50.631016 3816122 LibParserRustC.cc:1283] load liberty file /data/project_share/process_node/dataset_baseline/lib/ts5n28hpcplvta256x16m2f_130a_ssg0p81v125c.lib success.
I0115 18:17:50.631027 3816122 Sta.cc:288] read liberty /data/project_share/process_node/dataset_baseline/lib/ts5n28hpcplvta256x16m2f_130a_ssg0p81v125c.lib end 
I0115 18:17:50.631036 3816122 Sta.cc:278] read liberty /data/project_share/process_node/dataset_baseline/lib/ts5n28hpcplvta8x144m2f_130a_ssg0p81v125c.lib start 
I0115 18:17:50.631045 3816122 LibParserRustC.cc:1274] load liberty file /data/project_share/process_node/dataset_baseline/lib/ts5n28hpcplvta8x144m2f_130a_ssg0p81v125c.lib
I0115 18:17:50.632658 3816122 LibParserRustC.cc:1283] load liberty file /data/project_share/process_node/dataset_baseline/lib/ts5n28hpcplvta8x144m2f_130a_ssg0p81v125c.lib success.
I0115 18:17:50.632665 3816122 Sta.cc:288] read liberty /data/project_share/process_node/dataset_baseline/lib/ts5n28hpcplvta8x144m2f_130a_ssg0p81v125c.lib end 
I0115 18:17:50.632674 3816122 Sta.cc:278] read liberty /data/project_share/process_node/dataset_baseline/lib/ts6n28hpcplvta16x128m2f_130a_ssg0p81v125c.lib start 
I0115 18:17:50.632684 3816122 LibParserRustC.cc:1274] load liberty file /data/project_share/process_node/dataset_baseline/lib/ts6n28hpcplvta16x128m2f_130a_ssg0p81v125c.lib
I0115 18:17:50.634189 3816132 LibParserRustC.cc:1283] load liberty file /data/project_share/process_node/dataset_baseline/lib/ts6n28hpcplvta512x2m8f_130a_ssg0p81v125c.lib success.
I0115 18:17:50.634210 3816132 Sta.cc:288] read liberty /data/project_share/process_node/dataset_baseline/lib/ts6n28hpcplvta512x2m8f_130a_ssg0p81v125c.lib end 
I0115 18:17:50.634230 3816132 Sta.cc:278] read liberty /data/project_share/process_node/dataset_baseline/lib/ts5n28hpcplvta8x128m2f_130a_ssg0p81v125c.lib start 
I0115 18:17:50.634251 3816132 LibParserRustC.cc:1274] load liberty file /data/project_share/process_node/dataset_baseline/lib/ts5n28hpcplvta8x128m2f_130a_ssg0p81v125c.lib
I0115 18:17:50.634730 3816122 LibParserRustC.cc:1283] load liberty file /data/project_share/process_node/dataset_baseline/lib/ts6n28hpcplvta16x128m2f_130a_ssg0p81v125c.lib success.
I0115 18:17:50.634738 3816122 Sta.cc:288] read liberty /data/project_share/process_node/dataset_baseline/lib/ts6n28hpcplvta16x128m2f_130a_ssg0p81v125c.lib end 
I0115 18:17:50.634747 3816122 Sta.cc:278] read liberty /data/project_share/process_node/dataset_baseline/lib/ts5n28hpcplvta64x64m2f_130a_ssg0p81v125c.lib start 
I0115 18:17:50.634755 3816122 LibParserRustC.cc:1274] load liberty file /data/project_share/process_node/dataset_baseline/lib/ts5n28hpcplvta64x64m2f_130a_ssg0p81v125c.lib
I0115 18:17:50.636426 3816122 LibParserRustC.cc:1283] load liberty file /data/project_share/process_node/dataset_baseline/lib/ts5n28hpcplvta64x64m2f_130a_ssg0p81v125c.lib success.
I0115 18:17:50.636436 3816122 Sta.cc:288] read liberty /data/project_share/process_node/dataset_baseline/lib/ts5n28hpcplvta64x64m2f_130a_ssg0p81v125c.lib end 
I0115 18:17:50.636445 3816122 Sta.cc:278] read liberty /data/project_share/process_node/dataset_baseline/lib/ts5n28hpcplvta1024x32m8fw_130a_ssg0p81v125c.lib start 
I0115 18:17:50.636471 3816122 LibParserRustC.cc:1274] load liberty file /data/project_share/process_node/dataset_baseline/lib/ts5n28hpcplvta1024x32m8fw_130a_ssg0p81v125c.lib
I0115 18:17:50.637292 3816132 LibParserRustC.cc:1283] load liberty file /data/project_share/process_node/dataset_baseline/lib/ts5n28hpcplvta8x128m2f_130a_ssg0p81v125c.lib success.
I0115 18:17:50.637313 3816132 Sta.cc:288] read liberty /data/project_share/process_node/dataset_baseline/lib/ts5n28hpcplvta8x128m2f_130a_ssg0p81v125c.lib end 
I0115 18:17:50.637332 3816132 Sta.cc:278] read liberty /data/project_share/process_node/dataset_baseline/lib/ts5n28hpcplvta256x144m2fw_130a_ssg0p81v125c.lib start 
I0115 18:17:50.637353 3816132 LibParserRustC.cc:1274] load liberty file /data/project_share/process_node/dataset_baseline/lib/ts5n28hpcplvta256x144m2fw_130a_ssg0p81v125c.lib
I0115 18:17:50.638367 3816122 LibParserRustC.cc:1283] load liberty file /data/project_share/process_node/dataset_baseline/lib/ts5n28hpcplvta1024x32m8fw_130a_ssg0p81v125c.lib success.
I0115 18:17:50.638378 3816122 Sta.cc:288] read liberty /data/project_share/process_node/dataset_baseline/lib/ts5n28hpcplvta1024x32m8fw_130a_ssg0p81v125c.lib end 
I0115 18:17:50.638389 3816122 Sta.cc:278] read liberty /data/project_share/process_node/dataset_baseline/lib/ts5n28hpcplvta128x144m2fw_130a_ssg0p81v125c.lib start 
I0115 18:17:50.638401 3816122 LibParserRustC.cc:1274] load liberty file /data/project_share/process_node/dataset_baseline/lib/ts5n28hpcplvta128x144m2fw_130a_ssg0p81v125c.lib
I0115 18:17:50.640005 3816132 LibParserRustC.cc:1283] load liberty file /data/project_share/process_node/dataset_baseline/lib/ts5n28hpcplvta256x144m2fw_130a_ssg0p81v125c.lib success.
I0115 18:17:50.640020 3816132 Sta.cc:288] read liberty /data/project_share/process_node/dataset_baseline/lib/ts5n28hpcplvta256x144m2fw_130a_ssg0p81v125c.lib end 
I0115 18:17:50.640036 3816132 Sta.cc:278] read liberty /data/project_share/process_node/dataset_baseline/lib/tphn28hpcpgv18ssg0p81v1p62v125c.lib start 
I0115 18:17:50.640049 3816132 LibParserRustC.cc:1274] load liberty file /data/project_share/process_node/dataset_baseline/lib/tphn28hpcpgv18ssg0p81v1p62v125c.lib
I0115 18:17:50.640303 3816122 LibParserRustC.cc:1283] load liberty file /data/project_share/process_node/dataset_baseline/lib/ts5n28hpcplvta128x144m2fw_130a_ssg0p81v125c.lib success.
I0115 18:17:50.640311 3816122 Sta.cc:288] read liberty /data/project_share/process_node/dataset_baseline/lib/ts5n28hpcplvta128x144m2fw_130a_ssg0p81v125c.lib end 
I0115 18:17:50.640321 3816122 Sta.cc:278] read liberty /data/project_share/process_node/dataset_baseline/lib/PLLTS28HPMLAINT_SS_0P81_125C.lib start 
I0115 18:17:50.640329 3816122 LibParserRustC.cc:1274] load liberty file /data/project_share/process_node/dataset_baseline/lib/PLLTS28HPMLAINT_SS_0P81_125C.lib
I0115 18:17:50.642441 3816122 LibParserRustC.cc:1283] load liberty file /data/project_share/process_node/dataset_baseline/lib/PLLTS28HPMLAINT_SS_0P81_125C.lib success.
I0115 18:17:50.642449 3816122 Sta.cc:288] read liberty /data/project_share/process_node/dataset_baseline/lib/PLLTS28HPMLAINT_SS_0P81_125C.lib end 
I0115 18:17:50.715065 3816143 LibParserRustC.cc:1283] load liberty file /data/project_share/process_node/dataset_baseline/lib/tcbn28hpcplusbwp40p140opplvtssg0p81v125c_ccs.lib success.
I0115 18:17:50.715140 3816143 Sta.cc:288] read liberty /data/project_share/process_node/dataset_baseline/lib/tcbn28hpcplusbwp40p140opplvtssg0p81v125c_ccs.lib end 
I0115 18:17:50.733512 3816132 LibParserRustC.cc:1283] load liberty file /data/project_share/process_node/dataset_baseline/lib/tphn28hpcpgv18ssg0p81v1p62v125c.lib success.
I0115 18:17:50.733567 3816132 Sta.cc:288] read liberty /data/project_share/process_node/dataset_baseline/lib/tphn28hpcpgv18ssg0p81v1p62v125c.lib end 
I0115 18:17:51.086340 3816138 LibParserRustC.cc:1283] load liberty file /data/project_share/process_node/dataset_baseline/lib/tcbn28hpcplusbwp35p140opphvtssg0p81v125c_ccs.lib success.
I0115 18:17:51.086405 3816138 Sta.cc:288] read liberty /data/project_share/process_node/dataset_baseline/lib/tcbn28hpcplusbwp35p140opphvtssg0p81v125c_ccs.lib end 
I0115 18:17:51.183743 3816135 LibParserRustC.cc:1283] load liberty file /data/project_share/process_node/dataset_baseline/lib/tcbn28hpcplusbwp30p140oppssg0p81v125c_ccs.lib success.
I0115 18:17:51.183813 3816135 Sta.cc:288] read liberty /data/project_share/process_node/dataset_baseline/lib/tcbn28hpcplusbwp30p140oppssg0p81v125c_ccs.lib end 
I0115 18:17:51.431988 3816151 LibParserRustC.cc:1283] load liberty file /data/project_share/process_node/dataset_baseline/lib/tcbn28hpcplusbwp40p140oppssg0p81v125c_ccs.lib success.
I0115 18:17:51.432051 3816151 Sta.cc:288] read liberty /data/project_share/process_node/dataset_baseline/lib/tcbn28hpcplusbwp40p140oppssg0p81v125c_ccs.lib end 
I0115 18:17:51.822553 3816152 LibParserRustC.cc:1283] load liberty file /data/project_share/process_node/dataset_baseline/lib/tcbn28hpcplusbwp40p140opphvtssg0p81v125c_ccs.lib success.
I0115 18:17:51.822621 3816152 Sta.cc:288] read liberty /data/project_share/process_node/dataset_baseline/lib/tcbn28hpcplusbwp40p140opphvtssg0p81v125c_ccs.lib end 
I0115 18:17:52.025890 3816148 LibParserRustC.cc:1283] load liberty file /data/project_share/process_node/dataset_baseline/lib/tcbn28hpcplusbwp35p140oppuhvtssg0p81v125c_ccs.lib success.
I0115 18:17:52.025954 3816148 Sta.cc:288] read liberty /data/project_share/process_node/dataset_baseline/lib/tcbn28hpcplusbwp35p140oppuhvtssg0p81v125c_ccs.lib end 
I0115 18:17:52.361775 3816153 LibParserRustC.cc:1283] load liberty file /data/project_share/process_node/dataset_baseline/lib/tcbn28hpcplusbwp40p140oppuhvtssg0p81v125c_ccs.lib success.
I0115 18:17:52.361837 3816153 Sta.cc:288] read liberty /data/project_share/process_node/dataset_baseline/lib/tcbn28hpcplusbwp40p140oppuhvtssg0p81v125c_ccs.lib end 
I0115 18:17:52.518865 3816141 LibParserRustC.cc:1283] load liberty file /data/project_share/process_node/dataset_baseline/lib/tcbn28hpcplusbwp30p140oppulvtssg0p81v125c_ccs.lib success.
I0115 18:17:52.518926 3816141 Sta.cc:288] read liberty /data/project_share/process_node/dataset_baseline/lib/tcbn28hpcplusbwp30p140oppulvtssg0p81v125c_ccs.lib end 
I0115 18:17:52.742893 3816133 LibParserRustC.cc:1283] load liberty file /data/project_share/process_node/dataset_baseline/lib/tcbn28hpcplusbwp30p140oppuhvtssg0p81v125c_ccs.lib success.
I0115 18:17:52.742959 3816133 Sta.cc:288] read liberty /data/project_share/process_node/dataset_baseline/lib/tcbn28hpcplusbwp30p140oppuhvtssg0p81v125c_ccs.lib end 
I0115 18:17:53.341670 3816134 LibParserRustC.cc:1283] load liberty file /data/project_share/process_node/dataset_baseline/lib/tcbn28hpcplusbwp35p140mbssg0p81v125c_ccs.lib success.
I0115 18:17:53.341760 3816134 Sta.cc:288] read liberty /data/project_share/process_node/dataset_baseline/lib/tcbn28hpcplusbwp35p140mbssg0p81v125c_ccs.lib end 
I0115 18:17:53.440971 3816136 LibParserRustC.cc:1283] load liberty file /data/project_share/process_node/dataset_baseline/lib/tcbn28hpcplusbwp35p140mblvtssg0p81v125c_ccs.lib success.
I0115 18:17:53.441123 3816136 Sta.cc:288] read liberty /data/project_share/process_node/dataset_baseline/lib/tcbn28hpcplusbwp35p140mblvtssg0p81v125c_ccs.lib end 
I0115 18:17:53.876013 3816124 LibParserRustC.cc:1283] load liberty file /data/project_share/process_node/dataset_baseline/lib/tcbn28hpcplusbwp30p140mblvtssg0p81v125c_ccs.lib success.
I0115 18:17:53.876111 3816124 Sta.cc:288] read liberty /data/project_share/process_node/dataset_baseline/lib/tcbn28hpcplusbwp30p140mblvtssg0p81v125c_ccs.lib end 
I0115 18:17:54.443653 3816150 LibParserRustC.cc:1283] load liberty file /data/project_share/process_node/dataset_baseline/lib/tcbn28hpcplusbwp40p140mbhvtssg0p81v125c_ccs.lib success.
I0115 18:17:54.443723 3816150 Sta.cc:288] read liberty /data/project_share/process_node/dataset_baseline/lib/tcbn28hpcplusbwp40p140mbhvtssg0p81v125c_ccs.lib end 
I0115 18:17:54.489225 3816123 LibParserRustC.cc:1283] load liberty file /data/project_share/process_node/dataset_baseline/lib/tcbn28hpcplusbwp30p140mbssg0p81v125c_ccs.lib success.
I0115 18:17:54.489300 3816123 Sta.cc:288] read liberty /data/project_share/process_node/dataset_baseline/lib/tcbn28hpcplusbwp30p140mbssg0p81v125c_ccs.lib end 
I0115 18:17:54.964545 3816139 LibParserRustC.cc:1283] load liberty file /data/project_share/process_node/dataset_baseline/lib/tcbn28hpcplusbwp40p140mbssg0p81v125c_ccs.lib success.
I0115 18:17:54.964623 3816139 Sta.cc:288] read liberty /data/project_share/process_node/dataset_baseline/lib/tcbn28hpcplusbwp40p140mbssg0p81v125c_ccs.lib end 
I0115 18:17:58.205171 3816146 LibParserRustC.cc:1283] load liberty file /data/project_share/process_node/dataset_baseline/lib/tcbn28hpcplusbwp35p140mbhvtssg0p81v125c_ccs.lib success.
I0115 18:17:58.205407 3816146 Sta.cc:288] read liberty /data/project_share/process_node/dataset_baseline/lib/tcbn28hpcplusbwp35p140mbhvtssg0p81v125c_ccs.lib end 
I0115 18:20:39.156666 3816145 LibParserRustC.cc:1283] load liberty file /data/project_share/process_node/dataset_baseline/lib/tcbn28hpcplusbwp35p140hvtssg0p81v125c_ccs.lib success.
I0115 18:20:39.157783 3816145 Sta.cc:288] read liberty /data/project_share/process_node/dataset_baseline/lib/tcbn28hpcplusbwp35p140hvtssg0p81v125c_ccs.lib end 
I0115 18:20:41.972954 3816131 LibParserRustC.cc:1283] load liberty file /data/project_share/process_node/dataset_baseline/lib/tcbn28hpcplusbwp30p140hvtssg0p81v125c_ccs.lib success.
I0115 18:20:41.973016 3816131 Sta.cc:288] read liberty /data/project_share/process_node/dataset_baseline/lib/tcbn28hpcplusbwp30p140hvtssg0p81v125c_ccs.lib end 
I0115 18:20:42.237432 3816149 LibParserRustC.cc:1283] load liberty file /data/project_share/process_node/dataset_baseline/lib/tcbn28hpcplusbwp40p140lvtssg0p81v125c_ccs.lib success.
I0115 18:20:42.237491 3816149 Sta.cc:288] read liberty /data/project_share/process_node/dataset_baseline/lib/tcbn28hpcplusbwp40p140lvtssg0p81v125c_ccs.lib end 
I0115 18:20:43.340250 3816142 LibParserRustC.cc:1283] load liberty file /data/project_share/process_node/dataset_baseline/lib/tcbn28hpcplusbwp35p140ssg0p81v125c_ccs.lib success.
I0115 18:20:43.340309 3816142 Sta.cc:288] read liberty /data/project_share/process_node/dataset_baseline/lib/tcbn28hpcplusbwp35p140ssg0p81v125c_ccs.lib end 
I0115 18:20:43.593406 3816144 LibParserRustC.cc:1283] load liberty file /data/project_share/process_node/dataset_baseline/lib/tcbn28hpcplusbwp40p140uhvtssg0p81v125c_ccs.lib success.
I0115 18:20:43.593462 3816144 Sta.cc:288] read liberty /data/project_share/process_node/dataset_baseline/lib/tcbn28hpcplusbwp40p140uhvtssg0p81v125c_ccs.lib end 
I0115 18:20:44.657143 3816128 LibParserRustC.cc:1283] load liberty file /data/project_share/process_node/dataset_baseline/lib/tcbn28hpcplusbwp40p140hvtssg0p81v125c_ccs.lib success.
I0115 18:20:44.657202 3816128 Sta.cc:288] read liberty /data/project_share/process_node/dataset_baseline/lib/tcbn28hpcplusbwp40p140hvtssg0p81v125c_ccs.lib end 
I0115 18:20:44.716804 3816126 LibParserRustC.cc:1283] load liberty file /data/project_share/process_node/dataset_baseline/lib/tcbn28hpcplusbwp40p140ssg0p81v125c_ccs.lib success.
I0115 18:20:44.716861 3816126 Sta.cc:288] read liberty /data/project_share/process_node/dataset_baseline/lib/tcbn28hpcplusbwp40p140ssg0p81v125c_ccs.lib end 
I0115 18:20:45.898255 3816137 LibParserRustC.cc:1283] load liberty file /data/project_share/process_node/dataset_baseline/lib/tcbn28hpcplusbwp35p140lvtssg0p81v125c_ccs.lib success.
I0115 18:20:45.898352 3816137 Sta.cc:288] read liberty /data/project_share/process_node/dataset_baseline/lib/tcbn28hpcplusbwp35p140lvtssg0p81v125c_ccs.lib end 
I0115 18:20:46.648018 3816129 LibParserRustC.cc:1283] load liberty file /data/project_share/process_node/dataset_baseline/lib/tcbn28hpcplusbwp35p140uhvtssg0p81v125c_ccs.lib success.
I0115 18:20:46.648093 3816129 Sta.cc:288] read liberty /data/project_share/process_node/dataset_baseline/lib/tcbn28hpcplusbwp35p140uhvtssg0p81v125c_ccs.lib end 
I0115 18:20:47.017405 3816127 LibParserRustC.cc:1283] load liberty file /data/project_share/process_node/dataset_baseline/lib/tcbn28hpcplusbwp30p140ssg0p81v125c_ccs.lib success.
I0115 18:20:47.017457 3816127 Sta.cc:288] read liberty /data/project_share/process_node/dataset_baseline/lib/tcbn28hpcplusbwp30p140ssg0p81v125c_ccs.lib end 
I0115 18:20:48.658974 3816130 LibParserRustC.cc:1283] load liberty file /data/project_share/process_node/dataset_baseline/lib/tcbn28hpcplusbwp30p140uhvtssg0p81v125c_ccs.lib success.
I0115 18:20:48.728361 3816147 LibParserRustC.cc:1283] load liberty file /data/project_share/process_node/dataset_baseline/lib/tcbn28hpcplusbwp35p140ulvtssg0p81v125c_ccs.lib success.
I0115 18:20:48.979768 3816147 Sta.cc:288] read liberty /data/project_share/process_node/dataset_baseline/lib/tcbn28hpcplusbwp35p140ulvtssg0p81v125c_ccs.lib end 
I0115 18:20:48.979751 3816130 Sta.cc:288] read liberty /data/project_share/process_node/dataset_baseline/lib/tcbn28hpcplusbwp30p140uhvtssg0p81v125c_ccs.lib end 
I0115 18:20:49.061290 3816125 LibParserRustC.cc:1283] load liberty file /data/project_share/process_node/dataset_baseline/lib/tcbn28hpcplusbwp30p140lvtssg0p81v125c_ccs.lib success.
I0115 18:20:49.061362 3816125 Sta.cc:288] read liberty /data/project_share/process_node/dataset_baseline/lib/tcbn28hpcplusbwp30p140lvtssg0p81v125c_ccs.lib end 
I0115 18:20:50.834568 3816140 LibParserRustC.cc:1283] load liberty file /data/project_share/process_node/dataset_baseline/lib/tcbn28hpcplusbwp30p140ulvtssg0p81v125c_ccs.lib success.
I0115 18:20:50.834669 3816140 Sta.cc:288] read liberty /data/project_share/process_node/dataset_baseline/lib/tcbn28hpcplusbwp30p140ulvtssg0p81v125c_ccs.lib end 
I0115 18:20:50.835851 3815768 Sta.cc:319] load lib end
I0115 18:20:50.839754 3874233 LibParserRustC.cc:1293] link liberty file /data/project_share/process_node/dataset_baseline/lib/tcbn28hpcplusbwp35p140oppssg0p81v125c_ccs.lib start.
I0115 18:20:50.839834 3874237 LibParserRustC.cc:1293] link liberty file /data/project_share/process_node/dataset_baseline/lib/ts5n28hpcplvta64x128m2f_130a_ssg0p81v125c.lib start.
I0115 18:20:50.839861 3874232 LibParserRustC.cc:1293] link liberty file /data/project_share/process_node/dataset_baseline/lib/tcbn28hpcplusbwp30p140opplvtssg0p81v125c_ccs.lib start.
I0115 18:20:50.839852 3874239 LibParserRustC.cc:1293] link liberty file /data/project_share/process_node/dataset_baseline/lib/ts5n28hpcplvta256x32m4fw_130a_ssg0p81v125c.lib start.
I0115 18:20:50.839947 3874242 LibParserRustC.cc:1293] link liberty file /data/project_share/process_node/dataset_baseline/lib/ts5n28hpcplvta128x80m2f_130a_ssg0p81v125c.lib start.
I0115 18:20:50.839922 3874245 LibParserRustC.cc:1293] link liberty file /data/project_share/process_node/dataset_baseline/lib/ts5n28hpcplvta512x64m4fw_130a_ssg0p81v125c.lib start.
I0115 18:20:50.839905 3874243 LibParserRustC.cc:1293] link liberty file /data/project_share/process_node/dataset_baseline/lib/ts5n28hpcplvta128x8m2f_130a_ssg0p81v125c.lib start.
I0115 18:20:50.839924 3874244 LibParserRustC.cc:1293] link liberty file /data/project_share/process_node/dataset_baseline/lib/ts5n28hpcplvta512x64m4f_130a_ssg0p81v125c.lib start.
I0115 18:20:50.839836 3874238 LibParserRustC.cc:1293] link liberty file /data/project_share/process_node/dataset_baseline/lib/ts5n28hpcplvta64x128m2fw_130a_ssg0p81v125c.lib start.
I0115 18:20:50.839857 3874241 LibParserRustC.cc:1293] link liberty file /data/project_share/process_node/dataset_baseline/lib/ts5n28hpcplvta128x32m2f_130a_ssg0p81v125c.lib start.
I0115 18:20:50.839936 3874236 LibParserRustC.cc:1293] link liberty file /data/project_share/process_node/dataset_baseline/lib/tcbn28hpcplusbwp30p140opphvtssg0p81v125c_ccs.lib start.
I0115 18:20:50.839874 3874240 LibParserRustC.cc:1293] link liberty file /data/project_share/process_node/dataset_baseline/lib/ts5n28hpcplvta128x64m2f_130a_ssg0p81v125c.lib start.
I0115 18:20:50.840201 3874235 LibParserRustC.cc:1293] link liberty file /data/project_share/process_node/dataset_baseline/lib/tcbn28hpcplusbwp35p140oppulvtssg0p81v125c_ccs.lib start.
I0115 18:20:50.840365 3874248 LibParserRustC.cc:1293] link liberty file /data/project_share/process_node/dataset_baseline/lib/ts5n28hpcplvta64x8m2f_130a_ssg0p81v125c.lib start.
I0115 18:20:50.840802 3874234 LibParserRustC.cc:1293] link liberty file /data/project_share/process_node/dataset_baseline/lib/tcbn28hpcplusbwp35p140opplvtssg0p81v125c_ccs.lib start.
I0115 18:20:50.842211 3874260 LibParserRustC.cc:1293] link liberty file /data/project_share/process_node/dataset_baseline/lib/ts5n28hpcplvta128x144m2fw_130a_ssg0p81v125c.lib start.
I0115 18:20:50.842298 3874250 LibParserRustC.cc:1293] link liberty file /data/project_share/process_node/dataset_baseline/lib/ts5n28hpcplvta32x128m2f_130a_ssg0p81v125c.lib start.
