I0407 09:42:18.838040 2608893 lm_feature_timing.cpp:80] node dpath/a_lt_b/n22:828243 resistance 0 cap 0.0010252 slew 0.047613 delay 0 power 2.56132e-05
I0407 09:42:18.824478 2608871 lm_feature_timing.cpp:80] node dpath/a_reg/n11:837511 resistance 14.98 cap 0.000642095 slew 0.01698 delay 0.0107196 power 4.70494e-05
I0407 09:42:18.838078 2608893 lm_feature_timing.cpp:80] node dpath/a_lt_b/n22:833271 resistance 5.136 cap 0.000972149 slew 0.047613 delay 0.00499296 power 2.42877e-05
I0407 09:42:18.838119 2608893 lm_feature_timing.cpp:80] node dpath/a_lt_b/U28:B2 resistance 20.544 cap 0.000600779 slew 0.047613 delay 0.0167785 power 1.50096e-05
I0407 09:42:18.838140 2608871 lm_feature_timing.cpp:80] node dpath/a_reg/n11:829969 resistance 7.276 cap 0.000719815 slew 0.01698 delay 0.00577294 power 5.27443e-05
I0407 09:42:18.838160 2608893 lm_feature_timing.cpp:80] node dpath/a_lt_b/n22:484639 resistance 20.544 cap 0.000612721 slew 0.047613 delay 0.0167785 power 1.5308e-05
I0407 09:42:18.838188 2608871 lm_feature_timing.cpp:80] node dpath/a_reg/n11:837511 resistance 14.98 cap 0.000642095 slew 0.01698 delay 0.0107196 power 4.70494e-05
I0407 09:42:18.838196 2608893 lm_feature_timing.cpp:80] node dpath/a_lt_b/n22:484637 resistance 19.688 cap 0.000624663 slew 0.047613 delay 0.016254 power 1.56063e-05
I0407 09:42:18.838227 2608871 lm_feature_timing.cpp:80] node dpath/a_reg/n11:478009 resistance 7.276 cap 0.000793423 slew 0.01698 delay 0.00577294 power 5.81379e-05
I0407 09:42:18.838231 2608893 lm_feature_timing.cpp:80] node dpath/a_lt_b/n22:484639 resistance 20.544 cap 0.000612721 slew 0.047613 delay 0.0167785 power 1.5308e-05
I0407 09:42:18.838263 2608871 lm_feature_timing.cpp:80] node dpath/a_reg/n11:829969 resistance 7.276 cap 0.000719815 slew 0.01698 delay 0.00577294 power 5.27443e-05
I0407 09:42:18.838267 2608893 lm_feature_timing.cpp:80] node dpath/a_lt_b/n22:484637 resistance 19.688 cap 0.000624663 slew 0.047613 delay 0.016254 power 1.56063e-05
I0407 09:42:18.836452 2608849 lm_feature_timing.cpp:80] node dpath/a_mux_out[3]:377280 resistance 0 cap 0.000762931 slew 0.015352 delay 0 power 7.16551e-05
I0407 09:42:18.838307 2608893 lm_feature_timing.cpp:80] node dpath/a_lt_b/n22:836597 resistance 19.688 cap 0.000661272 slew 0.047613 delay 0.016254 power 1.65209e-05
I0407 09:42:18.838310 2608871 lm_feature_timing.cpp:80] node dpath/a_reg/U10:Z resistance 0 cap 0.000867031 slew 0.01698 delay 0 power 6.35315e-05
I0407 09:42:18.838349 2608893 lm_feature_timing.cpp:80] node dpath/a_lt_b/n22:833245 resistance 16.264 cap 0.00069788 slew 0.047613 delay 0.0139898 power 1.74355e-05
I0407 09:42:18.835721 2608967 lm_feature_timing.cpp:80] node dpath/b_mux_out[7]:425152 resistance 3.852 cap 0.000615324 slew 0.015518 delay 0.00237023 power 7.66587e-05
I0407 09:42:18.838402 2608849 lm_feature_timing.cpp:80] node dpath/a_mux_out[3]:379810 resistance 9.416 cap 0.000668768 slew 0.015352 delay 0.00629712 power 6.28112e-05
I0407 09:42:18.838429 2608964 lm_feature_timing.cpp:80] node dpath/b_reg_out[10]:834933 resistance 20.116 cap 0.000686127 slew 0.0399552 delay 0.0649355 power 5.98549e-05
I0407 09:42:18.838498 2608967 lm_feature_timing.cpp:80] node dpath/b_mux/U9:Z resistance 0 cap 0.000656043 slew 0.015518 delay 0 power 8.17317e-05
I0407 09:42:18.835075 2608875 lm_feature_timing.cpp:80] node dpath/a_reg/U9:A2 resistance 43.656 cap 0.000574604 slew 0.019133 delay 0.0441204 power 4.65429e-06
I0407 09:42:18.838580 2608967 lm_feature_timing.cpp:80] node dpath/b_mux_out[7]:422635 resistance 0 cap 0.000656043 slew 0.015518 delay 0 power 8.17317e-05
I0407 09:42:18.815200 2608963 lm_feature_timing.cpp:125] build net dpath/a_reg_out[12] feature 
I0407 09:42:18.837349 2608906 lm_feature_timing.cpp:80] node dpath/a_lt_b/n26:483778 resistance 0 cap 0.000774979 slew 0.022504 delay 0 power 2.28867e-05
I0407 09:42:18.824594 2608914 lm_feature_timing.cpp:80] node dpath/b_mux_out[0]:407395 resistance 14.124 cap 0.000656043 slew 0.017178 delay 0.0112442 power 7.43502e-05
I0407 09:42:18.824594 2608965 lm_feature_timing.cpp:80] node dpath/a_mux/n1:807881 resistance 11.128 cap 0.00067212 slew 0.035457 delay 0.00798141 power 3.83296e-05
I0407 09:42:18.823745 2608951 lm_feature_timing.cpp:80] node dpath/a_lt_b/n15:425171 resistance 14.124 cap 0.000609771 slew 0.021785 delay 0.0123575 power 4.93915e-06
I0407 09:42:18.824596 2608972 lm_feature_timing.cpp:125] build net dpath/a_mux_out[2] feature 
I0407 09:42:18.838842 2608965 lm_feature_timing.cpp:80] node dpath/a_mux/n1:801177 resistance 4.28 cap 0.000741617 slew 0.035457 delay 0.00337874 power 4.22929e-05
I0407 09:42:18.837441 2608854 lm_feature_timing.cpp:80] node dpath/b_reg/n8:416775 resistance 0 cap 0.00107258 slew 0.018037 delay 0 power 0.000139349
I0407 09:42:18.838900 2608965 lm_feature_timing.cpp:80] node dpath/a_mux/n1:807881 resistance 11.128 cap 0.00067212 slew 0.035457 delay 0.00798141 power 3.83296e-05
I0407 09:42:18.838958 2608965 lm_feature_timing.cpp:80] node dpath/a_mux/n1:455920 resistance 11.556 cap 0.000594792 slew 0.035457 delay 0.00823599 power 3.39198e-05
I0407 09:42:18.814914 2608561 lm_feature_timing.cpp:80] node dpath/a_lt_b/n12:394981 resistance 3.852 cap 0.00158935 slew 0.020683 delay 0.00612218 power 1.28737e-05
I0407 09:42:18.835995 2608853 lm_feature_timing.cpp:80] node dpath/a_mux_out[14]:456763 resistance 0.856 cap 0.00106204 slew 0.0173 delay 0.000909106 power 0.000117227
I0407 09:42:18.838963 2608963 lm_feature_timing.cpp:80] node dpath/a_reg_out[12]:839033 resistance 45.796 cap 0.00284715 slew 0.0441404 delay 0.21681 power 0.000180167
I0407 09:42:18.839067 2608972 lm_feature_timing.cpp:80] node dpath/a_mux_out[2]:384777 resistance 4.708 cap 0.000705376 slew 0.015615 delay 0.00356088 power 6.29256e-05
I0407 09:42:18.839126 2608963 lm_feature_timing.cpp:80] node dpath/a_reg_out[12]:1190993 resistance 45.796 cap 0.00299887 slew 0.0441404 delay 0.21681 power 0.000189768
I0407 09:42:18.839128 2608853 lm_feature_timing.cpp:80] node dpath/a_mux_out[14]:808723 resistance 0.856 cap 0.0010501 slew 0.0173 delay 0.000909106 power 0.000115909
I0407 09:42:18.839167 2608972 lm_feature_timing.cpp:80] node dpath/a_mux_out[2]:736737 resistance 4.708 cap 0.000741985 slew 0.015615 delay 0.00356088 power 6.61914e-05
I0407 09:42:18.824718 2608977 lm_feature_timing.cpp:80] node dpath/a_mux_out[12]:445167 resistance 1.284 cap 0.00135297 slew 0.018929 delay 0.00173721 power 0.000137393
I0407 09:42:18.839215 2608972 lm_feature_timing.cpp:80] node dpath/a_mux_out[2]:733385 resistance 1.284 cap 0.000778593 slew 0.015615 delay 0.00102033 power 6.94572e-05
I0407 09:42:18.822728 2608898 lm_feature_timing.cpp:125] build net dpath/b_mux_out[13] feature 
I0407 09:42:18.837602 2608883 lm_feature_timing.cpp:80] node CTS_1:776185 resistance 73.616 cap 0.000430189 slew 0.000313884 delay 0.326972 power 0.000139381
I0407 09:42:18.824718 2608837 lm_feature_timing.cpp:80] node dpath/a_reg/U14:A2 resistance 32.528 cap 0.000574604 slew 0.017957 delay 0.0293888 power 5.9273e-05
I0407 09:42:18.824496 2608980 lm_feature_timing.cpp:80] node dpath/a_lt_b/n20:476276 resistance 0 cap 0.000761231 slew 0.012461 delay 0 power 1.23319e-05
I0407 09:42:18.824728 2608927 lm_feature_timing.cpp:125] build net dpath/b_mux_out[5] feature 
I0407 09:42:18.839480 2608837 lm_feature_timing.cpp:80] node dpath/a_mux_out[5]:387470 resistance 32.528 cap 0.000598879 slew 0.017957 delay 0.0293888 power 6.17771e-05
I0407 09:42:18.836318 2608930 lm_feature_timing.cpp:80] node dpath/a_lt_b/n8:1090531 resistance 47.08 cap 0.00106416 slew 0.053906 delay 0.050494 power 1.71552e-05
I0407 09:42:18.839543 2608980 lm_feature_timing.cpp:80] node dpath/a_lt_b/n20:475438 resistance 0.856 cap 0.000749289 slew 0.012461 delay 0.000641392 power 1.21385e-05
I0407 09:42:18.838352 2608871 lm_feature_timing.cpp:80] node dpath/a_reg/n11:477156 resistance 0 cap 0.000867031 slew 0.01698 delay 0 power 6.35315e-05
I0407 09:42:18.824520 2608928 lm_feature_timing.cpp:125] build net dpath/a_reg_out[13] feature 
I0407 09:42:18.824760 2608974 lm_feature_timing.cpp:80] node dpath/a_lt_b/U16:A1 resistance 25.252 cap 0.000393715 slew 0.021289 delay 0.0388217 power 7.17546e-06
I0407 09:42:18.836666 2608869 lm_feature_timing.cpp:80] node dpath/a_lt_b/n28:492058 resistance 5.136 cap 0.00065236 slew 0.015449 delay 0.00335052 power 9.34359e-06
I0407 09:42:18.839740 2608974 lm_feature_timing.cpp:80] node dpath/a_lt_b/n7:386489 resistance 25.252 cap 0.00129676 slew 0.021289 delay 0.0388217 power 2.36334e-05
I0407 09:42:18.837100 2608975 lm_feature_timing.cpp:80] node dpath/a_lt_b/U26:A1 resistance 43.228 cap 0.000393715 slew 0.0440891 delay 0.081044 power 1.39305e-05
I0407 09:42:18.839782 2608927 lm_feature_timing.cpp:80] node dpath/b_mux_out[5]:409197 resistance 25.252 cap 0.000590266 slew 0.018108 delay 0.0211593 power 7.21803e-05
I0407 09:42:18.839810 2608869 lm_feature_timing.cpp:80] node dpath/a_lt_b/n28:490390 resistance 0 cap 0.000705413 slew 0.015449 delay 0 power 1.01034e-05
I0407 09:42:18.839852 2608927 lm_feature_timing.cpp:80] node dpath/b_mux_out[5]:761157 resistance 25.252 cap 0.000791318 slew 0.018108 delay 0.0211593 power 9.67657e-05
I0407 09:42:18.837316 2608942 lm_feature_timing.cpp:80] node dpath/b_zero/U2:A4 resistance 64.628 cap 0.000460965 slew 0.0414827 delay 0.238763 power 5.93133e-05
I0407 09:42:18.839883 2608975 lm_feature_timing.cpp:80] node dpath/a_lt_b/n21:462046 resistance 43.228 cap 0.000401546 slew 0.0440891 delay 0.081044 power 1.42076e-05
I0407 09:42:18.839901 2608869 lm_feature_timing.cpp:80] node dpath/a_lt_b/n28:492058 resistance 5.136 cap 0.00065236 slew 0.015449 delay 0.00335052 power 9.34359e-06
I0407 09:42:18.839933 2608869 lm_feature_timing.cpp:137] net dpath/a_lt_b/n28 resistance 10.272 cap 0.000705413 slew 0.000359149 delay 0.00335052 power 8.18379e-09
I0407 09:42:18.839968 2608975 lm_feature_timing.cpp:80] node dpath/a_lt_b/n21:462045 resistance 42.8 cap 0.000409377 slew 0.0440891 delay 0.0808721 power 1.44847e-05
I0407 09:42:18.839948 2608928 lm_feature_timing.cpp:80] node dpath/a_reg_out[13]:508789 resistance 0.856 cap 0.005116 slew 0.03813 delay 0.0043793 power 0.000334789
I0407 09:42:18.839972 2608942 lm_feature_timing.cpp:80] node dpath/b_reg_out[11]:448583 resistance 64.628 cap 0.000530462 slew 0.0414827 delay 0.238763 power 6.82556e-05
I0407 09:42:18.838629 2608967 lm_feature_timing.cpp:80] node dpath/b_mux_out[7]:425152 resistance 3.852 cap 0.000615324 slew 0.015518 delay 0.00237023 power 7.66587e-05
I0407 09:42:18.825325 2608924 lm_feature_timing.cpp:80] node dpath/a_lt_b/U24:A1 resistance 29.104 cap 0.000556996 slew 0.02546 delay 0.024659 power 2.24884e-05
I0407 09:42:18.838798 2608914 lm_feature_timing.cpp:80] node dpath/b_mux_out[0]:759355 resistance 14.124 cap 0.000783095 slew 0.017178 delay 0.0112442 power 8.87491e-05
I0407 09:42:18.840140 2608967 lm_feature_timing.cpp:80] node dpath/b_mux_out[7]:422635 resistance 0 cap 0.000656043 slew 0.015518 delay 0 power 8.17317e-05
I0407 09:42:18.840183 2608967 lm_feature_timing.cpp:137] net dpath/b_mux_out[7] resistance 7.704 cap 0.000656043 slew 0.000169773 delay 0.00237023 power 6.4408e-08
I0407 09:42:18.840229 2608924 lm_feature_timing.cpp:80] node dpath/a_lt_b/n17:422667 resistance 29.104 cap 0.00057716 slew 0.02546 delay 0.024659 power 2.33025e-05
I0407 09:42:18.840250 2608967 lm_feature_timing.cpp:125] build net dpath/b_reg_out[14] feature 
I0407 09:42:18.838884 2608951 lm_feature_timing.cpp:80] node dpath/a_lt_b/n15:425172 resistance 14.552 cap 0.00060194 slew 0.021785 delay 0.0126152 power 4.87571e-06
I0407 09:42:18.840263 2608914 lm_feature_timing.cpp:80] node dpath/b_mux_out[0]:746785 resistance 1.284 cap 0.000910148 slew 0.017178 delay 0.00118924 power 0.000103148
I0407 09:42:18.825353 2608851 lm_feature_timing.cpp:80] node clk:402569 resistance 188.32 cap 0.00111138 slew 0.000546331 delay 0.651054 power 0.000360088
I0407 09:42:18.839114 2608561 lm_feature_timing.cpp:80] node dpath/a_lt_b/n12:746941 resistance 3.852 cap 0.000804768 slew 0.020683 delay 0.00612218 power 6.51862e-06
I0407 09:42:18.835152 2608855 lm_feature_timing.cpp:80] node ctrl/U14:ZN resistance 0 cap 0.00129816 slew 0.021618 delay 0 power 0.00011578
I0407 09:42:18.840421 2608851 lm_feature_timing.cpp:80] node clk:754529 resistance 188.32 cap 0.00113977 slew 0.000546331 delay 0.651054 power 0.000369285
I0407 09:42:18.840487 2608851 lm_feature_timing.cpp:80] node clk:752015 resistance 185.752 cap 0.00116815 slew 0.000546321 delay 0.648127 power 0.000378482
I0407 09:42:18.837604 2608962 lm_feature_timing.cpp:80] node dpath/b_reg/n6:768675 resistance 15.836 cap 0.000691428 slew 0.016914 delay 0.0114275 power 8.9034e-05
I0407 09:42:18.840543 2608851 lm_feature_timing.cpp:80] node clk:754529 resistance 188.32 cap 0.00113977 slew 0.000546331 delay 0.651054 power 0.000369285
I0407 09:42:18.840606 2608851 lm_feature_timing.cpp:80] node CTS_ccl_a_buf_00004:I resistance 84.744 cap 0.00109572 slew 0.000474482 delay 0.398156 power 0.000355013
I0407 09:42:18.839286 2608977 lm_feature_timing.cpp:80] node dpath/a_reg/U7:A2 resistance 39.804 cap 0.000574604 slew 0.018929 delay 0.0387123 power 5.83504e-05
I0407 09:42:18.838033 2608829 lm_feature_timing.cpp:80] node dpath/a_reg_out[15]:820475 resistance 2.568 cap 0.00344711 slew 0.027745 delay 0.00892508 power 0.000241228
I0407 09:42:18.840799 2608977 lm_feature_timing.cpp:80] node dpath/a_mux_out[12]:477845 resistance 39.804 cap 0.000574604 slew 0.018929 delay 0.0387123 power 5.83504e-05
I0407 09:42:18.822685 2608923 lm_feature_timing.cpp:125] build net dpath/b_mux_out[15] feature 
I0407 09:42:18.840888 2608977 lm_feature_timing.cpp:80] node dpath/a_mux_out[12]:477845 resistance 39.804 cap 0.000574604 slew 0.018929 delay 0.0387123 power 5.83504e-05
I0407 09:42:18.840896 2608829 lm_feature_timing.cpp:80] node dpath/a_reg_out[15]:828017 resistance 10.272 cap 0.00145341 slew 0.027745 delay 0.0201222 power 0.000101709
I0407 09:42:18.840948 2608977 lm_feature_timing.cpp:80] node dpath/a_mux_out[12]:829805 resistance 39.804 cap 0.000644101 slew 0.018929 delay 0.0387123 power 6.54078e-05
I0407 09:42:18.839418 2608883 lm_feature_timing.cpp:80] node CTS_1:775347 resistance 72.76 cap 0.000442131 slew 0.000313884 delay 0.326604 power 0.000143251
I0407 09:42:18.825531 2608836 lm_feature_timing.cpp:80] node dpath/a_reg/U10:A2 resistance 72.332 cap 0.000574604 slew 0.0222031 delay 0.0933752 power 6.98368e-05
I0407 09:42:18.838388 2608893 lm_feature_timing.cpp:80] node dpath/a_lt_b/n22:836597 resistance 19.688 cap 0.000661272 slew 0.047613 delay 0.016254 power 1.65209e-05
I0407 09:42:18.841116 2608883 lm_feature_timing.cpp:80] node CTS_1:776185 resistance 73.616 cap 0.000430189 slew 0.000313884 delay 0.326972 power 0.000139381
I0407 09:42:18.841161 2608923 lm_feature_timing.cpp:80] node dpath/b_mux/U17:Z resistance 0 cap 0.000935596 slew 0.017135 delay 0 power 0.000117167
I0407 09:42:18.841221 2608893 lm_feature_timing.cpp:80] node dpath/a_lt_b/n22:1185205 resistance 16.264 cap 0.000808488 slew 0.047613 delay 0.0139898 power 2.01989e-05
I0407 09:42:18.841249 2608923 lm_feature_timing.cpp:80] node dpath/b_mux_out[15]:446739 resistance 0 cap 0.000935596 slew 0.017135 delay 0 power 0.000117167
I0407 09:42:18.839666 2608930 lm_feature_timing.cpp:80] node dpath/a_lt_b/n8:738471 resistance 0.856 cap 0.00152381 slew 0.053906 delay 0.00130439 power 2.45653e-05
I0407 09:42:18.815411 2608867 lm_feature_timing.cpp:125] build net ctrl/state_out[1] feature 
I0407 09:42:18.815533 2608944 lm_feature_timing.cpp:125] build net dpath/a_mux/n2 feature 
I0407 09:42:18.839891 2608898 lm_feature_timing.cpp:80] node dpath/b_mux_out[13]:467729 resistance 6.42 cap 0.000853375 slew 0.017469 delay 0.00592073 power 0.000104933
I0407 09:42:18.841461 2608930 lm_feature_timing.cpp:80] node dpath/a_lt_b/n8:1090431 resistance 0.856 cap 0.00151187 slew 0.053906 delay 0.00130439 power 2.43727e-05
I0407 09:42:18.826483 2608878 lm_feature_timing.cpp:80] node dpath/a_reg/n18:388325 resistance 83.888 cap 0.00706626 slew 0.0502105 delay 0.763224 power 5.72367e-05
I0407 09:42:18.841552 2608930 lm_feature_timing.cpp:80] node dpath/a_lt_b/n8:737633 resistance 0 cap 0.00153576 slew 0.053906 delay 0 power 2.47578e-05
I0407 09:42:18.839979 2608869 lm_feature_timing.cpp:125] build net dpath/b_reg_out[13] feature 
I0407 09:42:18.815762 2608880 lm_feature_timing.cpp:125] build net ctrl_b_mux_sel_0_ feature 
I0407 09:42:18.841616 2608930 lm_feature_timing.cpp:80] node dpath/a_lt_b/n8:738471 resistance 0.856 cap 0.00152381 slew 0.053906 delay 0.00130439 power 2.45653e-05
I0407 09:42:18.841622 2608878 lm_feature_timing.cpp:80] node dpath/a_reg/n18:388329 resistance 85.6 cap 0.00629408 slew 0.0502106 delay 0.773999 power 5.0982e-05
I0407 09:42:18.822690 2608934 lm_feature_timing.cpp:125] build net dpath/b_reg/n4 feature 
I0407 09:42:18.838523 2608964 lm_feature_timing.cpp:80] node dpath/b_reg_out[10]:1186893 resistance 20.116 cap 0.000772068 slew 0.0399552 delay 0.0649355 power 6.73521e-05
I0407 09:42:18.826602 2608949 lm_feature_timing.cpp:80] node dpath/a_lt_b/n25:486293 resistance 6.848 cap 0.000656458 slew 0.029156 delay 0.00449543 power 2.23038e-05
I0407 09:42:18.826663 2608882 lm_feature_timing.cpp:80] node ctrl/next_state__0[1]:778555 resistance 17.12 cap 0.000589485 slew 0.030897 delay 0.0129773 power 5.39151e-05
I0407 09:42:18.837503 2608985 lm_feature_timing.cpp:80] node dpath/b_reg_out[12]:823087 resistance 37.236 cap 0.00248196 slew 0.0348662 delay 0.125234 power 0.000320528
I0407 09:42:18.841861 2608964 lm_feature_timing.cpp:80] node dpath/b_reg_out[10]:1186873 resistance 11.556 cap 0.00085801 slew 0.0399552 delay 0.0583266 power 7.48493e-05
I0407 09:42:18.815186 2608887 lm_feature_timing.cpp:125] build net dpath/a_lt_b/n35 feature 
I0407 09:42:18.841954 2608964 lm_feature_timing.cpp:80] node dpath/b_reg_out[10]:1186893 resistance 20.116 cap 0.000772068 slew 0.0399552 delay 0.0649355 power 6.73521e-05
I0407 09:42:18.815201 2608846 lm_feature_timing.cpp:125] build net dpath/a_lt_b/n31 feature 
I0407 09:42:18.841964 2608869 lm_feature_timing.cpp:80] node dpath/b_reg_out[13]:498777 resistance 0.428 cap 0.00652095 slew 0.046944 delay 0.00279097 power 0.000845657
I0407 09:42:18.841979 2608934 lm_feature_timing.cpp:80] node dpath/b_reg/n4:407441 resistance 2.14 cap 0.000793423 slew 0.01652 delay 0.00169792 power 0.000101241
I0407 09:42:18.842020 2608964 lm_feature_timing.cpp:80] node dpath/b_reg_out[10]:493847 resistance 0.428 cap 0.00538664 slew 0.039955 delay 0.00230548 power 0.000469908
I0407 09:42:18.840379 2608951 lm_feature_timing.cpp:80] node dpath/a_lt_b/n15:778807 resistance 12.412 cap 0.0006501 slew 0.021785 delay 0.0112791 power 5.26581e-06
I0407 09:42:18.842069 2608934 lm_feature_timing.cpp:80] node dpath/b_reg/n4:759401 resistance 2.14 cap 0.000769147 slew 0.01652 delay 0.00169792 power 9.81437e-05
I0407 09:42:18.842082 2608964 lm_feature_timing.cpp:80] node dpath/b_reg_out[10]:845807 resistance 0.428 cap 0.00537881 slew 0.039955 delay 0.00230548 power 0.000469225
I0407 09:42:18.842083 2608869 lm_feature_timing.cpp:80] node dpath/b_reg_out[13]:850737 resistance 0.428 cap 0.00651312 slew 0.046944 delay 0.00279097 power 0.000844642
I0407 09:42:18.842130 2608934 lm_feature_timing.cpp:80] node dpath/b_reg/n4:407436 resistance 0 cap 0.000817698 slew 0.01652 delay 0 power 0.000104339
I0407 09:42:18.842149 2608951 lm_feature_timing.cpp:80] node dpath/a_lt_b/n15:1130767 resistance 12.412 cap 0.000752485 slew 0.021785 delay 0.0112791 power 6.09513e-06
I0407 09:42:18.842186 2608869 lm_feature_timing.cpp:80] node dpath/b_reg_out[13]:498776 resistance 0 cap 0.00652878 slew 0.046944 delay 0 power 0.000846673
I0407 09:42:18.842221 2608934 lm_feature_timing.cpp:80] node dpath/b_reg/n4:407441 resistance 2.14 cap 0.000793423 slew 0.01652 delay 0.00169792 power 0.000101241
I0407 09:42:18.842234 2608951 lm_feature_timing.cpp:80] node dpath/a_lt_b/n15:777131 resistance 14.124 cap 0.000629935 slew 0.021785 delay 0.0123575 power 5.10248e-06
I0407 09:42:18.839258 2608972 lm_feature_timing.cpp:80] node dpath/a_mux_out[2]:736737 resistance 4.708 cap 0.000741985 slew 0.015615 delay 0.00356088 power 6.61914e-05
I0407 09:42:18.842265 2608887 lm_feature_timing.cpp:80] node dpath/a_lt_b/n35:838943 resistance 1.712 cap 0.0014612 slew 0.033561 delay 0.00252202 power 3.57653e-05
I0407 09:42:18.827934 2608833 lm_feature_timing.cpp:80] node ctrl/U13:ZN resistance 0 cap 0.000852066 slew 0.014695 delay 0 power 2.75449e-05
I0407 09:42:18.842381 2608887 lm_feature_timing.cpp:80] node dpath/a_lt_b/n35:1190903 resistance 1.712 cap 0.00144926 slew 0.033561 delay 0.00252202 power 3.5473e-05
I0407 09:42:18.827934 2608947 lm_feature_timing.cpp:80] node dpath/a_lt_b/U20:B1 resistance 17.976 cap 0.000575533 slew 0.020585 delay 0.0139284 power 4.66182e-06
I0407 09:42:18.842469 2608833 lm_feature_timing.cpp:80] node ctrl_a_mux_sel[1]:439228 resistance 0 cap 0.000852066 slew 0.014695 delay 0 power 2.75449e-05
I0407 09:42:18.825408 2608979 lm_feature_timing.cpp:125] build net dpath/b_reg/n11 feature 
I0407 09:42:18.842540 2608947 lm_feature_timing.cpp:80] node dpath/a_lt_b/n14:401708 resistance 17.976 cap 0.000599808 slew 0.020585 delay 0.0139284 power 4.85845e-06
I0407 09:42:18.825711 2608904 lm_feature_timing.cpp:125] build net dpath/b_reg/n12 feature 
I0407 09:42:18.839537 2608837 lm_feature_timing.cpp:80] node dpath/a_mux_out[5]:387465 resistance 30.388 cap 0.000623155 slew 0.017957 delay 0.0281072 power 6.42812e-05
I0407 09:42:18.816560 2608909 lm_feature_timing.cpp:125] build net dpath/a_lt_b/n19 feature 
I0407 09:42:18.842723 2608837 lm_feature_timing.cpp:80] node dpath/a_mux_out[5]:387470 resistance 32.528 cap 0.000598879 slew 0.017957 delay 0.0293888 power 6.17771e-05
I0407 09:42:18.841282 2608893 lm_feature_timing.cpp:80] node dpath/a_lt_b/n22:1185231 resistance 5.136 cap 0.000919096 slew 0.047613 delay 0.00499296 power 2.29623e-05
I0407 09:42:18.828306 2608834 lm_feature_timing.cpp:80] node ctrl_a_reg_en_0_:454533 resistance 204.156 cap 0.00110099 slew 0.0402393 delay 2.32085 power 8.91801e-06
I0407 09:42:18.842785 2608979 lm_feature_timing.cpp:80] node dpath/b_reg/n11:491375 resistance 27.82 cap 0.000726472 slew 0.019352 delay 0.027783 power 9.56342e-05
I0407 09:42:18.842859 2608893 lm_feature_timing.cpp:80] node dpath/a_lt_b/n22:833245 resistance 16.264 cap 0.00069788 slew 0.047613 delay 0.0139898 power 1.74355e-05
I0407 09:42:18.842921 2608893 lm_feature_timing.cpp:80] node dpath/a_lt_b/n22:1185205 resistance 16.264 cap 0.000808488 slew 0.047613 delay 0.0139898 power 2.01989e-05
I0407 09:42:18.842921 2608979 lm_feature_timing.cpp:80] node dpath/b_reg/n11:491388 resistance 33.384 cap 0.000669308 slew 0.019352 delay 0.0315071 power 8.81091e-05
I0407 09:42:18.816918 2608864 lm_feature_timing.cpp:125] build net dpath/a_reg_out[8] feature 
I0407 09:42:18.842954 2608909 lm_feature_timing.cpp:80] node dpath/a_lt_b/n19:477133 resistance 20.972 cap 0.000647858 slew 0.017501 delay 0.0179182 power 1.09783e-05
I0407 09:42:18.843106 2608909 lm_feature_timing.cpp:80] node dpath/a_lt_b/n19:829093 resistance 20.972 cap 0.000816021 slew 0.017501 delay 0.0179182 power 1.38279e-05
I0407 09:42:18.837350 2608886 lm_feature_timing.cpp:80] node dpath/a_reg/n4:753533 resistance 16.264 cap 0.000691428 slew 0.01709 delay 0.0118058 power 3.94871e-05
I0407 09:42:18.817157 2608911 lm_feature_timing.cpp:125] build net dpath/a_reg_out[7] feature 
I0407 09:42:18.838727 2608906 lm_feature_timing.cpp:80] node dpath/a_lt_b/n26:483765 resistance 7.276 cap 0.000701371 slew 0.022504 delay 0.00510318 power 2.07129e-05
I0407 09:42:18.843256 2608886 lm_feature_timing.cpp:80] node dpath/a_reg/n4:389003 resistance 3.424 cap 0.000855089 slew 0.01709 delay 0.00292782 power 4.88337e-05
I0407 09:42:18.843290 2608906 lm_feature_timing.cpp:137] net dpath/a_lt_b/n26 resistance 14.552 cap 0.000774979 slew 0.000807089 delay 0.00510318 power 1.85382e-08
I0407 09:42:18.843339 2608886 lm_feature_timing.cpp:80] node dpath/a_reg/n4:740963 resistance 3.424 cap 0.00081848 slew 0.01709 delay 0.00292782 power 4.6743e-05
I0407 09:42:18.840349 2608914 lm_feature_timing.cpp:80] node dpath/b_mux_out[0]:759355 resistance 14.124 cap 0.000783095 slew 0.017178 delay 0.0112442 power 8.87491e-05
I0407 09:42:18.843393 2608886 lm_feature_timing.cpp:80] node dpath/a_reg/n4:388995 resistance 0 cap 0.000891697 slew 0.01709 delay 0 power 5.09244e-05
I0407 09:42:18.826707 2608828 lm_feature_timing.cpp:80] node dpath/a_mux/U30:B resistance 15.836 cap 0.000586961 slew 0.036474 delay 0.0119985 power 3.34732e-05
I0407 09:42:18.828861 2608827 lm_feature_timing.cpp:80] node dpath/b_mux/U2:B1 resistance 26.536 cap 0.000659839 slew 0.039044 delay 0.0558907 power 3.04689e-05
I0407 09:42:18.843508 2608911 lm_feature_timing.cpp:80] node dpath/a_lt_b/U22:I resistance 27.392 cap 0.000599444 slew 0.0402571 delay 0.0866866 power 4.11695e-05
I0407 09:42:18.840471 2608561 lm_feature_timing.cpp:80] node dpath/a_lt_b/n12:388277 resistance 10.7 cap 0.000665774 slew 0.020683 delay 0.0111573 power 5.39277e-06
I0407 09:42:18.843608 2608827 lm_feature_timing.cpp:80] node dpath/a_reg_out[0]:745103 resistance 26.536 cap 0.000688225 slew 0.039044 delay 0.0558907 power 3.17797e-05
I0407 09:42:18.840504 2608855 lm_feature_timing.cpp:80] node ctrl/n5:399824 resistance 0 cap 0.00129816 slew 0.021618 delay 0 power 0.00011578
I0407 09:42:18.829150 2608939 lm_feature_timing.cpp:80] node dpath/a_reg/n13:852501 resistance 35.096 cap 0.000781872 slew 0.019329 delay 0.0319474 power 4.80029e-05
I0407 09:42:18.839191 2608963 lm_feature_timing.cpp:80] node dpath/a_reg_out[12]:1190957 resistance 30.388 cap 0.00315059 slew 0.0441404 delay 0.170603 power 0.000199368
I0407 09:42:18.817881 2608902 lm_feature_timing.cpp:125] build net dpath/a_mux/FE_OFN3_ctrl_a_mux_sel_1 feature 
I0407 09:42:18.842324 2608880 lm_feature_timing.cpp:80] node dpath/b_mux/U1:I resistance 151.084 cap 0.00106438 slew 0.0310884 delay 2.06795 power 0.000103551
I0407 09:42:18.829245 2608915 lm_feature_timing.cpp:80] node dpath/a_lt_b/n23:483807 resistance 5.136 cap 0.000704344 slew 0.024902 delay 0.00390273 power 1.14104e-05
I0407 09:42:18.842437 2608887 lm_feature_timing.cpp:80] node dpath/a_lt_b/n35:838105 resistance 0.856 cap 0.00147314 slew 0.033561 delay 0.00127123 power 3.60576e-05
I0407 09:42:18.844090 2608915 lm_feature_timing.cpp:80] node dpath/a_lt_b/n23:835767 resistance 5.136 cap 0.000740952 slew 0.024902 delay 0.00390273 power 1.20034e-05
I0407 09:42:18.844141 2608915 lm_feature_timing.cpp:80] node dpath/a_lt_b/U28:B1 resistance 7.704 cap 0.000675957 slew 0.024902 delay 0.00563859 power 1.09505e-05
I0407 09:42:18.829280 2608933 lm_feature_timing.cpp:80] node dpath/a_reg/U13:B1 resistance 36.38 cap 0.000659839 slew 0.0449412 delay 0.155265 power 4.38011e-05
I0407 09:42:18.842500 2608833 lm_feature_timing.cpp:137] net ctrl_a_mux_sel[1] resistance 25.68 cap 0.000852066 slew 0.00204804 delay 0.00930918 power 2.23114e-08
I0407 09:42:18.844270 2608833 lm_feature_timing.cpp:125] build net dpath/b_reg_out[1] feature 
I0407 09:42:18.828058 2608840 lm_feature_timing.cpp:80] node ctrl_a_mux_sel[0]:440120 resistance 56.496 cap 0.000543256 slew 0.0481361 delay 0.102567 power 1.75619e-05
I0407 09:42:18.842610 2608947 lm_feature_timing.cpp:80] node dpath/a_lt_b/n14:400033 resistance 15.836 cap 0.000624084 slew 0.020585 delay 0.0126448 power 5.05508e-06
I0407 09:42:18.815203 2608973 lm_feature_timing.cpp:125] build net dpath/a_reg_out[4] feature 
I0407 09:42:18.833055 2608931 lm_feature_timing.cpp:80] node ctrl/n3:437549 resistance 4.28 cap 0.000607875 slew 0.015546 delay 0.00276794 power 1.47271e-05
I0407 09:42:18.844553 2608833 lm_feature_timing.cpp:80] node dpath/b_reg_out[1]:418307 resistance 0.856 cap 0.00484337 slew 0.036533 delay 0.00414592 power 0.000614973
I0407 09:42:18.844619 2608833 lm_feature_timing.cpp:80] node dpath/b_reg_out[1]:770267 resistance 0.856 cap 0.00483142 slew 0.036533 delay 0.00414592 power 0.000613457
I0407 09:42:18.841349 2608923 lm_feature_timing.cpp:80] node dpath/b_reg/U3:A2 resistance 18.404 cap 0.000574604 slew 0.017135 delay 0.0138969 power 7.19593e-05
I0407 09:42:18.818455 2608839 lm_feature_timing.cpp:125] build net ctrl/state_out[0] feature 
I0407 09:42:18.844655 2608931 lm_feature_timing.cpp:80] node ctrl/n3:437551 resistance 3.424 cap 0.000619817 slew 0.015546 delay 0.0022476 power 1.50164e-05
I0407 09:42:18.844723 2608931 lm_feature_timing.cpp:80] node ctrl/U12:ZN resistance 0 cap 0.00139018 slew 0.015546 delay 0 power 3.36802e-05
I0407 09:42:18.843150 2608909 lm_feature_timing.cpp:80] node dpath/a_lt_b/n19:812333 resistance 3.852 cap 0.000984183 slew 0.017501 delay 0.00394793 power 1.66775e-05
I0407 09:42:18.818459 2608852 lm_feature_timing.cpp:125] build net dpath/a_mux_out[0] feature 
I0407 09:42:18.841838 2608949 lm_feature_timing.cpp:80] node dpath/a_lt_b/U28:ZN resistance 0 cap 0.000725955 slew 0.029156 delay 0 power 2.46651e-05
I0407 09:42:18.844866 2608909 lm_feature_timing.cpp:80] node dpath/a_lt_b/n19:829093 resistance 20.972 cap 0.000816021 slew 0.017501 delay 0.0179182 power 1.38279e-05
I0407 09:42:18.844931 2608909 lm_feature_timing.cpp:80] node dpath/a_lt_b/n19:477128 resistance 23.112 cap 0.000623582 slew 0.017501 delay 0.0192527 power 1.0567e-05
I0407 09:42:18.843310 2608864 lm_feature_timing.cpp:80] node dpath/a_reg_out[8]:798137 resistance 24.396 cap 0.00418777 slew 0.0475415 delay 0.156357 power 0.000297236
I0407 09:42:18.844964 2608949 lm_feature_timing.cpp:80] node dpath/a_lt_b/U29:B resistance 6.848 cap 0.000586961 slew 0.029156 delay 0.00449543 power 1.99426e-05
I0407 09:42:18.830054 2608859 lm_feature_timing.cpp:80] node dpath/a_mux/n4:789645 resistance 9.416 cap 0.000725955 slew 0.036398 delay 0.00774134 power 4.13997e-05
I0407 09:42:18.845023 2608839 lm_feature_timing.cpp:80] node ctrl/U8:A2 resistance 77.896 cap 0.000596981 slew 0.0498893 delay 0.236384 power 5.32431e-05
I0407 09:42:18.840286 2608924 lm_feature_timing.cpp:80] node dpath/a_lt_b/n17:422663 resistance 27.392 cap 0.000597325 slew 0.02546 delay 0.0236709 power 2.41166e-05
I0407 09:42:18.845073 2608864 lm_feature_timing.cpp:80] node dpath/a_reg_out[8]:1150097 resistance 24.396 cap 0.00417582 slew 0.0475415 delay 0.156357 power 0.000296388
I0407 09:42:18.845108 2608839 lm_feature_timing.cpp:80] node ctrl/state_out[0]:440051 resistance 77.896 cap 0.000596981 slew 0.0498893 delay 0.236384 power 5.32431e-05
I0407 09:42:18.845152 2608864 lm_feature_timing.cpp:80] node dpath/a_reg_out[8]:797299 resistance 23.54 cap 0.00419971 slew 0.0475415 delay 0.152772 power 0.000298083
I0407 09:42:18.845163 2608839 lm_feature_timing.cpp:80] node ctrl/state_out[0]:429995 resistance 67.624 cap 0.000598054 slew 0.0498893 delay 0.2292 power 5.33388e-05
I0407 09:42:18.829870 2608957 lm_feature_timing.cpp:80] node dpath/b_mux_out[6]:417595 resistance 14.124 cap 0.000590266 slew 0.016905 delay 0.0103088 power 7.28588e-05
I0407 09:42:18.845218 2608839 lm_feature_timing.cpp:80] node ctrl/state_out[0]:781955 resistance 67.624 cap 0.00167486 slew 0.0498893 delay 0.2292 power 0.000149376
I0407 09:42:18.826892 2608832 lm_feature_timing.cpp:80] node dpath/b_reg/U16:A2 resistance 35.524 cap 0.000574604 slew 0.019314 delay 0.0331562 power 6.82617e-05
I0407 09:42:18.845296 2608957 lm_feature_timing.cpp:80] node dpath/b_mux_out[6]:417596 resistance 14.552 cap 0.000582435 slew 0.016905 delay 0.0105581 power 7.18922e-05
I0407 09:42:18.830461 2608912 lm_feature_timing.cpp:80] node dpath/a_reg/n15:470249 resistance 0.428 cap 0.00181884 slew 0.022647 delay 0.000778465 power 0.000119024
I0407 09:42:18.843586 2608911 lm_feature_timing.cpp:80] node dpath/a_reg_out[7]:424364 resistance 27.392 cap 0.000615497 slew 0.0402571 delay 0.0866866 power 4.2272e-05
I0407 09:42:18.830464 2608903 lm_feature_timing.cpp:80] node dpath/a_reg_out[11]:830681 resistance 21.828 cap 0.00433802 slew 0.0394353 delay 0.107885 power 0.000266332
I0407 09:42:18.845438 2608912 lm_feature_timing.cpp:80] node dpath/a_reg/n15:822209 resistance 0.428 cap 0.00181101 slew 0.022647 delay 0.000778465 power 0.000118512
I0407 09:42:18.843696 2608561 lm_feature_timing.cpp:80] node dpath/a_lt_b/n12:740237 resistance 10.7 cap 0.000735271 slew 0.020683 delay 0.0111573 power 5.9557e-06
I0407 09:42:18.845471 2608911 lm_feature_timing.cpp:80] node dpath/a_reg_out[7]:424361 resistance 26.108 cap 0.00063155 slew 0.0402571 delay 0.0858963 power 4.33746e-05
I0407 09:42:18.845557 2608911 lm_feature_timing.cpp:80] node dpath/a_reg_out[7]:424364 resistance 27.392 cap 0.000615497 slew 0.0402571 delay 0.0866866 power 4.2272e-05
I0407 09:42:18.845563 2608561 lm_feature_timing.cpp:80] node dpath/a_lt_b/n12:740237 resistance 10.7 cap 0.000735271 slew 0.020683 delay 0.0111573 power 5.9557e-06
I0407 09:42:18.843830 2608939 lm_feature_timing.cpp:80] node dpath/a_reg/n13:830713 resistance 12.84 cap 0.000999367 slew 0.019329 delay 0.014546 power 6.1356e-05
I0407 09:42:18.845620 2608911 lm_feature_timing.cpp:80] node dpath/a_reg_out[7]:438607 resistance 28.676 cap 0.00210431 slew 0.0402571 delay 0.100493 power 0.000144523
I0407 09:42:18.845686 2608911 lm_feature_timing.cpp:80] node dpath/a_reg_out[7]:790567 resistance 28.676 cap 0.00219025 slew 0.0402571 delay 0.100493 power 0.000150425
I0407 09:42:18.844074 2608880 lm_feature_timing.cpp:80] node ctrl_b_mux_sel_0_:439398 resistance 151.084 cap 0.00106438 slew 0.0310884 delay 2.06795 power 0.000103551
I0407 09:42:18.845721 2608939 lm_feature_timing.cpp:80] node dpath/a_reg/n13:1182673 resistance 12.84 cap 0.00106886 slew 0.019329 delay 0.014546 power 6.56228e-05
I0407 09:42:18.844300 2608933 lm_feature_timing.cpp:80] node dpath/a_reg_out[6]:755355 resistance 36.38 cap 0.00161458 slew 0.0449412 delay 0.155265 power 0.000107178
I0407 09:42:18.844178 2608915 lm_feature_timing.cpp:80] node dpath/a_lt_b/n23:483807 resistance 5.136 cap 0.000704344 slew 0.024902 delay 0.00390273 power 1.14104e-05
I0407 09:42:18.819306 2608910 lm_feature_timing.cpp:80] node dpath/b_reg/n17:807127 resistance 6.848 cap 0.000625651 slew 0.015991 delay 0.00434713 power 8.18465e-05
I0407 09:42:18.844168 2608887 lm_feature_timing.cpp:80] node dpath/a_lt_b/n35:838943 resistance 1.712 cap 0.0014612 slew 0.033561 delay 0.00252202 power 3.57653e-05
I0407 09:42:18.845937 2608910 lm_feature_timing.cpp:80] node dpath/b_reg/n17:801261 resistance 0.856 cap 0.000686926 slew 0.015991 delay 0.000598231 power 8.98624e-05
I0407 09:42:18.845986 2608910 lm_feature_timing.cpp:80] node dpath/b_reg/n17:807127 resistance 6.848 cap 0.000625651 slew 0.015991 delay 0.00434713 power 8.18465e-05
I0407 09:42:18.841007 2608977 lm_feature_timing.cpp:80] node dpath/a_mux_out[12]:823101 resistance 32.956 cap 0.000713598 slew 0.018929 delay 0.0343015 power 7.24651e-05
I0407 09:42:18.819378 2608913 lm_feature_timing.cpp:125] build net dpath/a_mux/n8 feature 
I0407 09:42:18.846038 2608910 lm_feature_timing.cpp:80] node dpath/b_reg/U3:Z resistance 0 cap 0.00071081 slew 0.015991 delay 0 power 9.29869e-05
I0407 09:42:18.846082 2608910 lm_feature_timing.cpp:80] node dpath/b_reg/n17:449303 resistance 0 cap 0.00071081 slew 0.015991 delay 0 power 9.29869e-05
I0407 09:42:18.844457 2608947 lm_feature_timing.cpp:80] node dpath/a_lt_b/n14:751993 resistance 15.836 cap 0.000775802 slew 0.020585 delay 0.0126448 power 6.284e-06
I0407 09:42:18.846129 2608910 lm_feature_timing.cpp:80] node dpath/b_reg/n17:449301 resistance 0.856 cap 0.000698868 slew 0.015991 delay 0.000598231 power 9.14247e-05
I0407 09:42:18.846115 2608977 lm_feature_timing.cpp:80] node dpath/a_mux_out[12]:829805 resistance 39.804 cap 0.000644101 slew 0.018929 delay 0.0387123 power 6.54078e-05
I0407 09:42:18.846172 2608910 lm_feature_timing.cpp:80] node dpath/b_reg/n17:449303 resistance 0 cap 0.00071081 slew 0.015991 delay 0 power 9.29869e-05
I0407 09:42:18.846203 2608947 lm_feature_timing.cpp:80] node dpath/a_lt_b/n14:751993 resistance 15.836 cap 0.000775802 slew 0.020585 delay 0.0126448 power 6.284e-06
I0407 09:42:18.846247 2608910 lm_feature_timing.cpp:80] node dpath/b_reg/n17:449301 resistance 0.856 cap 0.000698868 slew 0.015991 delay 0.000598231 power 9.14247e-05
I0407 09:42:18.842926 2608834 lm_feature_timing.cpp:80] node ctrl_a_reg_en_0_:454525 resistance 200.732 cap 0.0011376 slew 0.0402393 delay 2.31708 power 9.21454e-06
I0407 09:42:18.846292 2608910 lm_feature_timing.cpp:80] node dpath/b_reg/n17:801261 resistance 0.856 cap 0.000686926 slew 0.015991 delay 0.000598231 power 8.98624e-05
I0407 09:42:18.846274 2608913 lm_feature_timing.cpp:80] node dpath/a_mux/n8:380582 resistance 4.28 cap 0.000631792 slew 0.033624 delay 0.00270407 power 3.60298e-05
I0407 09:42:18.846312 2608910 lm_feature_timing.cpp:137] net dpath/b_reg/n17 resistance 13.696 cap 0.00071081 slew 0.000566165 delay 0.00434713 power 7.53194e-08
I0407 09:42:18.846349 2608910 lm_feature_timing.cpp:125] build net dpath/b_reg_out[2] feature 
I0407 09:42:18.846354 2608913 lm_feature_timing.cpp:80] node dpath/a_mux/U17:ZN resistance 0 cap 0.000676622 slew 0.033624 delay 0 power 3.85864e-05
I0407 09:42:18.846378 2608834 lm_feature_timing.cpp:80] node ctrl_a_reg_en_0_:454533 resistance 204.156 cap 0.00110099 slew 0.0402393 delay 2.32085 power 8.91801e-06
I0407 09:42:18.844766 2608923 lm_feature_timing.cpp:80] node dpath/b_mux_out[15]:447610 resistance 18.404 cap 0.0007551 slew 0.017135 delay 0.0138969 power 9.45634e-05
I0407 09:42:18.831087 2608958 lm_feature_timing.cpp:80] node ctrl/state/n1:763451 resistance 3.852 cap 0.0016408 slew 1.67535e-05 delay 0.00647722 power 1.32905e-05
I0407 09:42:18.818513 2608952 lm_feature_timing.cpp:125] build net dpath/a_reg/n9 feature 
I0407 09:42:18.813115 2608881 lm_feature_timing.cpp:125] build net ctrl_b_reg_en_0_ feature 
I0407 09:42:18.846549 2608958 lm_feature_timing.cpp:80] node ctrl/state/n1:776021 resistance 16.692 cap 0.00151375 slew 2.72699e-05 delay 0.0259137 power 1.22614e-05
I0407 09:42:18.845042 2608949 lm_feature_timing.cpp:80] node dpath/a_lt_b/n25:486293 resistance 6.848 cap 0.000656458 slew 0.029156 delay 0.00449543 power 2.23038e-05
I0407 09:42:18.812970 2608884 lm_feature_timing.cpp:125] build net ctrl/n4 feature 
I0407 09:42:18.846611 2608949 lm_feature_timing.cpp:137] net dpath/a_lt_b/n25 resistance 13.696 cap 0.000725955 slew 0.000344529 delay 0.00449543 power 1.99787e-08
I0407 09:42:18.845054 2608852 lm_feature_timing.cpp:80] node dpath/a_reg/U19:A2 resistance 15.836 cap 0.000574604 slew 0.016457 delay 0.011685 power 3.8695e-05
I0407 09:42:18.819535 2608876 lm_feature_timing.cpp:80] node dpath/a_mux/U19:ZN resistance 0 cap 0.00100904 slew 0.037386 delay 0 power 5.75433e-05
I0407 09:42:18.843490 2608914 lm_feature_timing.cpp:80] node dpath/b_mux/U2:Z resistance 0 cap 0.000942254 slew 0.017178 delay 0 power 0.000106787
I0407 09:42:18.831110 2608916 lm_feature_timing.cpp:80] node dpath/a_lt_b/n4:386584 resistance 14.552 cap 0.000580429 slew 0.021374 delay 0.0106435 power 4.70148e-06
I0407 09:42:18.846818 2608881 lm_feature_timing.cpp:80] node dpath/b_reg/placeFE_OFC2_ctrl_b_reg_en_0:I resistance 3.424 cap 0.000597962 slew 0.027947 delay 0.00217277 power 4.53168e-05
I0407 09:42:18.843561 2608828 lm_feature_timing.cpp:80] node dpath/a_mux/n14:395806 resistance 15.836 cap 0.000603014 slew 0.036474 delay 0.0119985 power 3.43886e-05
I0407 09:42:18.831111 2608982 lm_feature_timing.cpp:80] node dpath/a_reg_out[14]:1185865 resistance 24.824 cap 0.0017609 slew 0.0404481 delay 0.0768424 power 0.000163604
I0407 09:42:18.846921 2608916 lm_feature_timing.cpp:80] node dpath/a_lt_b/n4:386583 resistance 14.124 cap 0.00058826 slew 0.021374 delay 0.0103951 power 4.76491e-06
I0407 09:42:18.839182 2608853 lm_feature_timing.cpp:80] node dpath/a_mux_out[14]:456761 resistance 0 cap 0.00107398 slew 0.0173 delay 0 power 0.000118545
I0407 09:42:18.846977 2608916 lm_feature_timing.cpp:80] node dpath/a_lt_b/n4:386584 resistance 14.552 cap 0.000580429 slew 0.021374 delay 0.0106435 power 4.70148e-06
I0407 09:42:18.845208 2608864 lm_feature_timing.cpp:80] node dpath/a_reg_out[8]:798137 resistance 24.396 cap 0.00418777 slew 0.0475415 delay 0.156357 power 0.000297236
I0407 09:42:18.845197 2608924 lm_feature_timing.cpp:80] node dpath/a_lt_b/n17:422667 resistance 29.104 cap 0.00057716 slew 0.02546 delay 0.024659 power 2.33025e-05
I0407 09:42:18.847118 2608916 lm_feature_timing.cpp:80] node dpath/a_lt_b/n4:386583 resistance 14.124 cap 0.00058826 slew 0.021374 delay 0.0103951 power 4.76491e-06
I0407 09:42:18.813570 2608981 lm_feature_timing.cpp:125] build net dpath/a_lt_b/n27 feature 
I0407 09:42:18.833153 2608862 lm_feature_timing.cpp:80] node dpath/a_mux/U26:B resistance 5.992 cap 0.000586961 slew 0.034079 delay 0.00392244 power 3.34732e-05
I0407 09:42:18.831971 2608917 lm_feature_timing.cpp:80] node dpath/a_lt_b/n13:741109 resistance 9.416 cap 0.000699275 slew 0.031831 delay 0.00750923 power 2.23122e-05
I0407 09:42:18.833621 2608866 lm_feature_timing.cpp:80] node dpath/b_reg/n14:852445 resistance 43.228 cap 0.000905204 slew 0.020042 delay 0.0425672 power 0.000116901
I0407 09:42:18.845350 2608832 lm_feature_timing.cpp:80] node dpath/b_mux_out[2]:409934 resistance 35.524 cap 0.000590657 slew 0.019314 delay 0.0331562 power 7.01688e-05
I0407 09:42:18.847366 2608917 lm_feature_timing.cpp:80] node dpath/a_lt_b/n13:746137 resistance 14.552 cap 0.000646222 slew 0.031831 delay 0.0108282 power 2.06194e-05
I0407 09:42:18.830509 2608971 lm_feature_timing.cpp:80] node dpath/b_reg/n15:852383 resistance 30.816 cap 0.000864093 slew 0.018748 delay 0.0266279 power 0.000112058
I0407 09:42:18.821861 2608830 lm_feature_timing.cpp:125] build net dpath/a_mux_out[7] feature 
I0407 09:42:18.847430 2608917 lm_feature_timing.cpp:80] node dpath/a_lt_b/U18:ZN resistance 0 cap 0.000902482 slew 0.031831 delay 0 power 2.8796e-05
I0407 09:42:18.847438 2608832 lm_feature_timing.cpp:80] node dpath/b_mux_out[2]:409931 resistance 34.24 cap 0.00060671 slew 0.019314 delay 0.0323978 power 7.20759e-05
I0407 09:42:18.840662 2608851 lm_feature_timing.cpp:80] node clk:417383 resistance 84.744 cap 0.00109572 slew 0.000474482 delay 0.398156 power 0.000355013
I0407 09:42:18.847486 2608971 lm_feature_timing.cpp:80] node dpath/b_reg/n15:822215 resistance 0 cap 0.00116381 slew 0.018748 delay 0 power 0.000150927
I0407 09:42:18.847510 2608832 lm_feature_timing.cpp:80] node dpath/b_mux_out[2]:409934 resistance 35.524 cap 0.000590657 slew 0.019314 delay 0.0331562 power 7.01688e-05
I0407 09:42:18.847549 2608971 lm_feature_timing.cpp:80] node dpath/b_reg/n15:852383 resistance 30.816 cap 0.000864093 slew 0.018748 delay 0.0266279 power 0.000112058
I0407 09:42:18.843791 2608855 lm_feature_timing.cpp:80] node ctrl/n5:400649 resistance 6.42 cap 0.00123278 slew 0.021618 delay 0.00791444 power 0.000109948
I0407 09:42:18.843948 2608963 lm_feature_timing.cpp:80] node dpath/a_reg_out[12]:1190993 resistance 45.796 cap 0.00299887 slew 0.0441404 delay 0.21681 power 0.000189768
I0407 09:42:18.830762 2608968 lm_feature_timing.cpp:125] build net dpath/b_reg/n7 feature 
I0407 09:42:18.847560 2608981 lm_feature_timing.cpp:80] node dpath/a_lt_b/U30:A2 resistance 8.132 cap 0.00059384 slew 0.01901 delay 0.00935851 power 4.8101e-06
I0407 09:42:18.847815 2608963 lm_feature_timing.cpp:80] node dpath/a_lt_b/U32:A2 resistance 27.82 cap 0.000445992 slew 0.0441404 delay 0.146065 power 2.82222e-05
I0407 09:42:18.825393 2608858 lm_feature_timing.cpp:80] node dpath/a_reg/n5:1451631 resistance 19.688 cap 0.00082964 slew 0.018395 delay 0.0178545 power 4.93351e-05
I0407 09:42:18.847904 2608963 lm_feature_timing.cpp:80] node dpath/a_reg_out[12]:492911 resistance 27.82 cap 0.000482601 slew 0.0441404 delay 0.146065 power 3.05388e-05
I0407 09:42:18.830765 2608892 lm_feature_timing.cpp:80] node dpath/b_reg/n10:462060 resistance 11.984 cap 0.000739979 slew 0.017358 delay 0.0100218 power 9.69872e-05
I0407 09:42:18.847972 2608963 lm_feature_timing.cpp:80] node dpath/a_reg_out[12]:492903 resistance 24.396 cap 0.000519209 slew 0.0441404 delay 0.144413 power 3.28554e-05
I0407 09:42:18.845805 2608939 lm_feature_timing.cpp:80] node dpath/a_reg/n13:1182657 resistance 5.992 cap 0.00113836 slew 0.019329 delay 0.00722643 power 6.98895e-05
I0407 09:42:18.848080 2608963 lm_feature_timing.cpp:80] node dpath/a_reg_out[12]:492911 resistance 27.82 cap 0.000482601 slew 0.0441404 delay 0.146065 power 3.05388e-05
I0407 09:42:18.848085 2608968 lm_feature_timing.cpp:80] node dpath/b_reg/n7:762063 resistance 21.828 cap 0.000564376 slew 0.017663 delay 0.0170438 power 7.29986e-05
I0407 09:42:18.845818 2608880 lm_feature_timing.cpp:80] node ctrl_b_mux_sel_0_:439398 resistance 151.084 cap 0.00106438 slew 0.0310884 delay 2.06795 power 0.000103551
I0407 09:42:18.848174 2608968 lm_feature_timing.cpp:80] node dpath/b_reg/n7:1114023 resistance 21.828 cap 0.000691428 slew 0.017663 delay 0.0170438 power 8.9432e-05
I0407 09:42:18.834462 2608943 lm_feature_timing.cpp:80] node dpath/a_reg/out_reg_14_:D resistance 15.408 cap 0.000564376 slew 0.022332 delay 0.0110336 power 5.24358e-05
I0407 09:42:18.848232 2608968 lm_feature_timing.cpp:80] node dpath/b_reg/n7:1113993 resistance 8.988 cap 0.00081848 slew 0.017663 delay 0.00816589 power 0.000105865
I0407 09:42:18.848260 2608880 lm_feature_timing.cpp:80] node ctrl_b_mux_sel_0_:791358 resistance 151.084 cap 0.00113799 slew 0.0310884 delay 2.06795 power 0.000110712
I0407 09:42:18.848296 2608968 lm_feature_timing.cpp:80] node dpath/b_reg/n7:1114023 resistance 21.828 cap 0.000691428 slew 0.017663 delay 0.0170438 power 8.9432e-05
I0407 09:42:18.835448 2608844 lm_feature_timing.cpp:80] node dpath/a_reg/n19:502282 resistance 15.408 cap 0.000769199 slew 1.62812e-05 delay 0.0134042 power 0
I0407 09:42:18.848366 2608968 lm_feature_timing.cpp:80] node dpath/b_reg/n7:410073 resistance 8.988 cap 0.000908533 slew 0.017663 delay 0.00816589 power 0.000117513
I0407 09:42:18.818378 2608938 lm_feature_timing.cpp:125] build net dpath/a_mux/n7 feature 
I0407 09:42:18.834669 2608870 lm_feature_timing.cpp:80] node dpath/a_mux_out[6]:402545 resistance 21.828 cap 0.00060671 slew 0.017149 delay 0.0181208 power 6.53745e-05
I0407 09:42:18.829388 2608873 lm_feature_timing.cpp:80] node dpath/b_mux_out[4]:401621 resistance 16.692 cap 0.000574604 slew 0.017183 delay 0.0123328 power 6.96035e-05
I0407 09:42:18.844668 2608833 lm_feature_timing.cpp:80] node dpath/b_reg_out[1]:418305 resistance 0 cap 0.00485531 slew 0.036533 delay 0 power 0.00061649
I0407 09:42:18.836228 2608925 lm_feature_timing.cpp:80] node dpath/b_reg/n9:783841 resistance 12.84 cap 0.000633873 slew 0.016665 delay 0.00893526 power 8.27161e-05
I0407 09:42:18.848603 2608873 lm_feature_timing.cpp:80] node dpath/b_mux_out[4]:753581 resistance 16.692 cap 0.000734545 slew 0.017183 delay 0.0123328 power 8.89776e-05
I0407 09:42:18.841563 2608898 lm_feature_timing.cpp:80] node dpath/b_mux_out[13]:819689 resistance 6.42 cap 0.000889983 slew 0.017469 delay 0.00592073 power 0.000109435
I0407 09:42:18.848656 2608833 lm_feature_timing.cpp:80] node dpath/b_reg_out[1]:418307 resistance 0.856 cap 0.00484337 slew 0.036533 delay 0.00414592 power 0.000614973
I0407 09:42:18.848671 2608938 lm_feature_timing.cpp:80] node dpath/a_mux/U16:B resistance 15.408 cap 0.000586961 slew 0.036128 delay 0.0114644 power 3.34732e-05
I0407 09:42:18.848726 2608833 lm_feature_timing.cpp:80] node dpath/b_reg_out[1]:379707 resistance 64.2 cap 0.000604704 slew 0.0365333 delay 0.167967 power 7.67807e-05
I0407 09:42:18.846402 2608913 lm_feature_timing.cpp:80] node dpath/a_mux/U18:B resistance 4.28 cap 0.000586961 slew 0.033624 delay 0.00270407 power 3.34732e-05
I0407 09:42:18.848771 2608938 lm_feature_timing.cpp:80] node dpath/a_mux/n7:370639 resistance 15.408 cap 0.000631792 slew 0.036128 delay 0.0114644 power 3.60298e-05
I0407 09:42:18.836452 2608919 lm_feature_timing.cpp:80] node dpath/a_reg/n10:470446 resistance 0 cap 0.000711592 slew 0.016096 delay 0 power 5.05068e-05
I0407 09:42:18.848821 2608919 lm_feature_timing.cpp:137] net dpath/a_reg/n10 resistance 14.552 cap 0.000711592 slew 0.000655989 delay 0.00464197 power 4.09105e-08
I0407 09:42:18.848850 2608913 lm_feature_timing.cpp:80] node dpath/a_mux/n8:380582 resistance 4.28 cap 0.000631792 slew 0.033624 delay 0.00270407 power 3.60298e-05
I0407 09:42:18.848908 2608919 lm_feature_timing.cpp:125] build net dpath/b_reg_out[4] feature 
I0407 09:42:18.848917 2608913 lm_feature_timing.cpp:137] net dpath/a_mux/n8 resistance 8.56 cap 0.000676622 slew 0.000126086 delay 0.00270407 power 3.1255e-08
I0407 09:42:18.836987 2608894 lm_feature_timing.cpp:80] node dpath/a_lt_b/n24:482952 resistance 1.284 cap 0.00144605 slew 0.019989 delay 0.00185672 power 0
I0407 09:42:18.848971 2608913 lm_feature_timing.cpp:125] build net dpath/b_reg_out[5] feature 
I0407 09:42:18.846541 2608923 lm_feature_timing.cpp:80] node dpath/b_mux_out[15]:446739 resistance 0 cap 0.000935596 slew 0.017135 delay 0 power 0.000117167
I0407 09:42:18.823825 2608841 lm_feature_timing.cpp:80] node dpath/a_mux/n17:446029 resistance 7.704 cap 0.000598903 slew 0.034452 delay 0.00517165 power 4.85112e-06
I0407 09:42:18.829860 2608976 lm_feature_timing.cpp:80] node dpath/a_lt_b/n30:492077 resistance 36.38 cap 0.00133943 slew 0.0375951 delay 0.0608655 power 3.33398e-05
I0407 09:42:18.849174 2608841 lm_feature_timing.cpp:80] node dpath/a_mux/n17:446031 resistance 6.848 cap 0.000610845 slew 0.034452 delay 0.00465898 power 4.94785e-06
I0407 09:42:18.815153 2608940 lm_feature_timing.cpp:80] node dpath/a_mux/n10:445141 resistance 9.416 cap 0.00083167 slew 0.037124 delay 0.0083205 power 4.74284e-05
I0407 09:42:18.849227 2608841 lm_feature_timing.cpp:80] node dpath/a_mux/U33:ZN resistance 0 cap 0.00074984 slew 0.034452 delay 0 power 6.0737e-06
I0407 09:42:18.817853 2608956 lm_feature_timing.cpp:125] build net dpath/a_lt_b/n37 feature 
I0407 09:42:18.837603 2608901 lm_feature_timing.cpp:80] node dpath/a_lt_b/U14:A1 resistance 3.852 cap 0.000393715 slew 0.018363 delay 0.00463851 power 3.18909e-06
