I0212 16:31:05.835443 3304478 lm_feature_timing.cpp:80] node dpath/a_mux/n16:434249 resistance 5.564 cap 0.000658375 slew 0.020149 delay 0.00398444 power 4.25668e-05
I0212 16:31:05.915035 3304533 lm_feature_timing.cpp:80] node dpath/b_reg/n17:449301 resistance 0.856 cap 0.000698868 slew 0.015991 delay 0.000598231 power 3.64314e-05
I0212 16:31:05.835470 3304554 lm_feature_timing.cpp:80] node dpath/b_mux_out[12]:464420 resistance 0 cap 0.000753145 slew 0.01617 delay 0 power 3.76892e-05
I0212 16:31:05.835479 3304541 lm_feature_timing.cpp:80] node dpath/a_reg_out[9]:477097 resistance 52.216 cap 0.000971107 slew 0.0460205 delay 0.22176 power 7.11577e-05
I0212 16:31:05.835489 3304581 lm_feature_timing.cpp:80] node dpath/a_mux/n1:449217 resistance 4.28 cap 0.000770004 slew 0.035457 delay 0.00337874 power 4.39117e-05
I0212 16:31:05.911234 3304549 lm_feature_timing.cpp:80] node dpath/a_lt_b/n15:417653 resistance 11.556 cap 0.000591195 slew 0.021785 delay 0.0100029 power 4.78868e-06
I0212 16:31:05.911366 3304476 lm_feature_timing.cpp:80] node dpath/b_mux_out[4]:753581 resistance 16.692 cap 0.000734545 slew 0.017183 delay 0.0123328 power 3.62077e-05
I0212 16:31:05.915222 3304573 lm_feature_timing.cpp:80] node dpath/b_reg/n8:416781 resistance 2.568 cap 0.0010442 slew 0.018037 delay 0.0026815 power 5.34938e-05
I0212 16:31:05.911557 3304521 lm_feature_timing.cpp:80] node dpath/a_reg_out[6]:1104779 resistance 43.228 cap 0.00167566 slew 0.0449412 delay 0.166897 power 0.000111233
I0212 16:31:05.915235 3304541 lm_feature_timing.cpp:80] node dpath/a_reg_out[9]:829057 resistance 52.216 cap 0.000946832 slew 0.0460205 delay 0.22176 power 6.93789e-05
I0212 16:31:05.915251 3304581 lm_feature_timing.cpp:80] node dpath/a_mux/n1:449223 resistance 1.712 cap 0.00079839 slew 0.035457 delay 0.00140137 power 4.55305e-05
I0212 16:31:05.833374 3304535 lm_feature_timing.cpp:125] build net dpath/b_reg/n2 feature 
I0212 16:31:05.911724 3304574 lm_feature_timing.cpp:80] node ctrl_b_mux_sel_0_:1164929 resistance 39.376 cap 0.0167777 slew 0.0310423 delay 0.700134 power 0.000271798
I0212 16:31:05.831529 3304491 lm_feature_timing.cpp:137] net ctrl/n5 resistance 71.048 cap 0.00129816 slew 0.0167637 delay 0.0336459 power 8.51726e-09
I0212 16:31:05.915326 3304581 lm_feature_timing.cpp:80] node dpath/a_mux/U1:B resistance 11.556 cap 0.000586961 slew 0.035457 delay 0.00823599 power 3.34732e-05
I0212 16:31:05.911921 3304565 lm_feature_timing.cpp:80] node dpath/b_mux_out[14]:1166597 resistance 2.996 cap 0.000835366 slew 0.01702 delay 0.00260967 power 5.74144e-05
I0212 16:31:05.824934 3304587 lm_feature_timing.cpp:80] node dpath/a_reg_out[3]:1087985 resistance 27.82 cap 0.00078389 slew 0.042396 delay 0.0529296 power 4.66145e-05
I0212 16:31:05.915390 3304565 lm_feature_timing.cpp:80] node dpath/b_mux_out[14]:461855 resistance 10.7 cap 0.000672488 slew 0.01702 delay 0.00844022 power 4.62198e-05
I0212 16:31:05.912089 3304482 lm_feature_timing.cpp:80] node dpath/b_reg/n13:464469 resistance 0.428 cap 0.00113875 slew 0.018543 delay 0.000487386 power 5.69182e-05
I0212 16:31:05.915414 3304565 lm_feature_timing.cpp:80] node dpath/b_mux_out[14]:813815 resistance 10.7 cap 0.00068443 slew 0.01702 delay 0.00844022 power 4.70406e-05
I0212 16:31:05.912130 3304498 lm_feature_timing.cpp:80] node dpath/a_mux_out[9]:1177699 resistance 64.628 cap 0.000737483 slew 0.0222031 delay 0.0883242 power 8.96329e-05
I0212 16:31:05.912113 3304538 lm_feature_timing.cpp:80] node dpath/a_mux/U24:ZN resistance 0 cap 0.000983365 slew 0.016793 delay 0 power 0.000104107
I0212 16:31:05.912184 3304589 lm_feature_timing.cpp:80] node dpath/a_reg/n19:502282 resistance 15.408 cap 0.000769199 slew 1.62812e-05 delay 0.0134042 power 0
I0212 16:31:05.915482 3304491 lm_feature_timing.cpp:125] build net dpath/b_reg_out[15] feature 
I0212 16:31:05.912292 3304531 lm_feature_timing.cpp:80] node dpath/a_reg/n13:1182673 resistance 12.84 cap 0.00106886 slew 0.019329 delay 0.014546 power 6.56228e-05
I0212 16:31:05.915505 3304587 lm_feature_timing.cpp:80] node dpath/b_mux/U5:B1 resistance 26.108 cap 0.000659839 slew 0.0423961 delay 0.0692912 power 3.92378e-05
I0212 16:31:05.915540 3304589 lm_feature_timing.cpp:80] node dpath/a_reg/U20:Z resistance 0 cap 0.00103035 slew 0 delay 0 power 0
I0212 16:31:05.833542 3304578 lm_feature_timing.cpp:80] node dpath/a_lt_b/n13:387459 resistance 1.712 cap 0.000882318 slew 0.031831 delay 0.00151053 power 2.81526e-05
I0212 16:31:05.915576 3304531 lm_feature_timing.cpp:80] node dpath/a_reg/n13:1182657 resistance 5.992 cap 0.00113836 slew 0.019329 delay 0.00722643 power 6.98895e-05
I0212 16:31:05.915591 3304587 lm_feature_timing.cpp:80] node dpath/a_reg_out[3]:755247 resistance 26.108 cap 0.000795113 slew 0.0423961 delay 0.0692912 power 4.72819e-05
I0212 16:31:05.833730 3304548 lm_feature_timing.cpp:80] node dpath/a_mux/n10:445999 resistance 18.832 cap 0.000672902 slew 0.037124 delay 0.0147403 power 3.83742e-05
I0212 16:31:05.912603 3300491 lm_feature_timing.cpp:80] node dpath/a_lt_b/U15:A2 resistance 8.988 cap 0.000554824 slew 0.021374 delay 0.00579615 power 4.49407e-06
I0212 16:31:05.915642 3304531 lm_feature_timing.cpp:80] node dpath/a_reg/n13:1182673 resistance 12.84 cap 0.00106886 slew 0.019329 delay 0.014546 power 6.56228e-05
I0212 16:31:05.912635 3304471 lm_feature_timing.cpp:137] net dpath/a_lt_b/n6 resistance 36.808 cap 0.00104822 slew 0.00663111 delay 0.0158869 power 1.37548e-08
I0212 16:31:05.915673 3304548 lm_feature_timing.cpp:80] node dpath/a_mux/n10:445979 resistance 10.272 cap 0.000770786 slew 0.037124 delay 0.00898029 power 4.39563e-05
I0212 16:31:05.915704 3304471 lm_feature_timing.cpp:125] build net dpath/b_reg_out[1] feature 
I0212 16:31:05.915693 3300491 lm_feature_timing.cpp:80] node dpath/a_lt_b/n4:387385 resistance 8.988 cap 0.000644876 slew 0.021374 delay 0.00579615 power 5.2235e-06
I0212 16:31:05.912776 3304492 lm_feature_timing.cpp:80] node dpath/b_mux/n1:1128231 resistance 29.104 cap 0.000704251 slew 0.0427555 delay 0.328655 power 1.14089e-05
I0212 16:31:05.915715 3304531 lm_feature_timing.cpp:80] node dpath/a_reg/n13:479575 resistance 5.136 cap 0.0012153 slew 0.019329 delay 0.00624177 power 7.46131e-05
I0212 16:31:05.915732 3304548 lm_feature_timing.cpp:80] node dpath/a_mux/n10:445999 resistance 18.832 cap 0.000672902 slew 0.037124 delay 0.0147403 power 3.83742e-05
I0212 16:31:05.915752 3304492 lm_feature_timing.cpp:80] node dpath/b_mux/n1:1128223 resistance 25.68 cap 0.000740859 slew 0.0427555 delay 0.326244 power 1.20019e-05
I0212 16:31:05.915753 3300491 lm_feature_timing.cpp:80] node dpath/a_lt_b/n4:735175 resistance 3.852 cap 0.000828858 slew 0.021374 delay 0.00324982 power 6.71375e-06
I0212 16:31:05.912887 3304567 lm_feature_timing.cpp:80] node dpath/a_reg/n17:455093 resistance 0 cap 0.000990363 slew 0.017676 delay 0 power 6.93054e-05
I0212 16:31:05.915781 3304531 lm_feature_timing.cpp:80] node dpath/a_reg/n13:831535 resistance 5.136 cap 0.00116225 slew 0.019329 delay 0.00624177 power 7.13559e-05
I0212 16:31:05.833938 3304553 lm_feature_timing.cpp:80] node ctrl/n3:434199 resistance 0 cap 0.00139018 slew 0.015546 delay 0 power 3.36802e-05
I0212 16:31:05.912994 3304497 lm_feature_timing.cpp:80] node dpath/a_reg/n3:388903 resistance 8.132 cap 0.00119631 slew 0.019387 delay 0.00972837 power 6.53141e-05
I0212 16:31:05.915831 3304491 lm_feature_timing.cpp:80] node dpath/b_zero/U1:A4 resistance 8.56 cap 0.000460965 slew 0.0432431 delay 0.0228523 power 2.40297e-05
I0212 16:31:05.915845 3304531 lm_feature_timing.cpp:80] node dpath/a_reg/n13:479563 resistance 0 cap 0.00126835 slew 0.019329 delay 0 power 7.78702e-05
I0212 16:31:05.833958 3304520 lm_feature_timing.cpp:80] node dpath/b_mux/U9:Z resistance 0 cap 0.000656043 slew 0.015518 delay 0 power 3.46013e-05
I0212 16:31:05.913048 3304465 lm_feature_timing.cpp:125] build net dpath/b_reg_out[0] feature 
I0212 16:31:05.834038 3304506 lm_feature_timing.cpp:80] node dpath/a_lt_b/U36:A1 resistance 14.124 cap 0.000393715 slew 0.033561 delay 0.0179447 power 9.63681e-06
I0212 16:31:05.913091 3304486 lm_feature_timing.cpp:80] node dpath/a_reg/n12:1201161 resistance 44.512 cap 0.00077929 slew 0.020481 delay 0.0470454 power 2.5249e-07
I0212 16:31:05.915954 3304520 lm_feature_timing.cpp:80] node dpath/b_mux_out[7]:422635 resistance 0 cap 0.000656043 slew 0.015518 delay 0 power 3.46013e-05
I0212 16:31:05.834072 3304474 lm_feature_timing.cpp:80] node dpath/b_mux_out[5]:409196 resistance 25.68 cap 0.000582435 slew 0.018108 delay 0.0214086 power 2.93803e-05
I0212 16:31:05.913177 3304559 lm_feature_timing.cpp:80] node dpath/a_reg_out[4]:739447 resistance 36.38 cap 0.00557693 slew 0.0490071 delay 0.229129 power 0.000344543
I0212 16:31:05.916005 3304520 lm_feature_timing.cpp:80] node dpath/b_mux_out[7]:425152 resistance 3.852 cap 0.000615324 slew 0.015518 delay 0.00237023 power 3.24536e-05
I0212 16:31:05.834110 3304561 lm_feature_timing.cpp:80] node dpath/b_reg/n16:828929 resistance 16.692 cap 0.000716095 slew 0.01706 delay 0.0121685 power 4.39018e-05
I0212 16:31:05.913146 3304485 lm_feature_timing.cpp:80] node ctrl_a_mux_sel[0]:441722 resistance 9.416 cap 0.000630923 slew 0.048136 delay 0.0242204 power 2.0396e-05
I0212 16:31:05.916052 3304520 lm_feature_timing.cpp:80] node dpath/b_mux_out[7]:422635 resistance 0 cap 0.000656043 slew 0.015518 delay 0 power 3.46013e-05
I0212 16:31:05.913221 3304566 lm_feature_timing.cpp:80] node dpath/a_lt_b/n12:395001 resistance 12.412 cap 0.00065792 slew 0.020683 delay 0.011754 power 5.32916e-06
I0212 16:31:05.916064 3304559 lm_feature_timing.cpp:80] node dpath/a_reg_out[4]:1091407 resistance 36.38 cap 0.0054581 slew 0.0490071 delay 0.229129 power 0.000337201
I0212 16:31:05.913239 3304539 lm_feature_timing.cpp:80] node dpath/a_mux/n17:792959 resistance 0 cap 0.00074984 slew 0.034452 delay 0 power 6.0737e-06
I0212 16:31:05.916103 3304566 lm_feature_timing.cpp:80] node dpath/a_lt_b/n12:394981 resistance 3.852 cap 0.00158935 slew 0.020683 delay 0.00612218 power 1.28737e-05
I0212 16:31:05.834173 3304515 lm_feature_timing.cpp:80] node dpath/a_lt_b/n34:469376 resistance 0 cap 0.00109012 slew 0.019827 delay 0 power 8.82995e-06
I0212 16:31:05.913283 3304563 lm_feature_timing.cpp:80] node dpath/a_lt_b/n37:823847 resistance 12.412 cap 0.00133242 slew 0.018123 delay 0.0171344 power 1.07926e-05
I0212 16:31:05.913295 3304572 lm_feature_timing.cpp:80] node dpath/b_reg_out[10]:834933 resistance 20.116 cap 0.000686127 slew 0.0399552 delay 0.0649355 power 1.9946e-05
I0212 16:31:05.913337 3304500 lm_feature_timing.cpp:80] node dpath/a_mux/n14:399978 resistance 3.852 cap 0.000851443 slew 0.036474 delay 0.0034129 power 4.8556e-05
I0212 16:31:05.834311 3304509 lm_feature_timing.cpp:80] node dpath/b_reg/out_reg_3_:D resistance 10.7 cap 0.000564376 slew 0.016388 delay 0.00721337 power 2.7937e-05
I0212 16:31:05.913379 3304544 lm_feature_timing.cpp:80] node dpath/a_mux_out[15]:454272 resistance 22.256 cap 0.000713989 slew 0.016859 delay 0.0176927 power 8.20724e-05
I0212 16:31:05.834182 3304547 lm_feature_timing.cpp:80] node dpath/a_reg_out[15]:820475 resistance 2.568 cap 0.00344711 slew 0.027745 delay 0.00892508 power 0.000241228
I0212 16:31:05.916198 3304539 lm_feature_timing.cpp:80] node dpath/a_mux/n17:797991 resistance 6.848 cap 0.000680342 slew 0.034452 delay 0.00465898 power 5.51077e-06
I0212 16:31:05.913407 3304527 lm_feature_timing.cpp:80] node dpath/b_mux_out[6]:756147 resistance 0.428 cap 0.000860815 slew 0.016905 delay 0.00037178 power 4.44123e-05
I0212 16:31:05.913435 3304543 lm_feature_timing.cpp:80] node dpath/a_mux_out[14]:808723 resistance 0.856 cap 0.0010501 slew 0.0173 delay 0.000909106 power 0.000115909
I0212 16:31:05.916270 3304547 lm_feature_timing.cpp:80] node dpath/a_reg_out[15]:828017 resistance 10.272 cap 0.00145341 slew 0.027745 delay 0.0201222 power 0.000101709
I0212 16:31:05.916308 3304465 lm_feature_timing.cpp:80] node dpath/b_zero/U4:A1 resistance 49.648 cap 0.000561993 slew 0.0405594 delay 0.147999 power 2.59519e-05
I0212 16:31:05.916332 3304543 lm_feature_timing.cpp:80] node dpath/a_mux_out[14]:456761 resistance 0 cap 0.00107398 slew 0.0173 delay 0 power 0.000118545
I0212 16:31:05.913627 3304467 lm_feature_timing.cpp:80] node dpath/a_lt_b/n9:739387 resistance 0 cap 0.00103754 slew 0.031625 delay 0 power 1.68082e-05
I0212 16:31:05.913661 3304575 lm_feature_timing.cpp:125] build net dpath/b_reg_out[11] feature 
I0212 16:31:05.913676 3304512 lm_feature_timing.cpp:80] node dpath/a_mux_out[2]:381422 resistance 0 cap 0.0008107 slew 0.015615 delay 0 power 7.23214e-05
I0212 16:31:05.913645 3304580 lm_feature_timing.cpp:80] node dpath/b_mux_out[8]:812297 resistance 24.396 cap 0.000865317 slew 0.018669 delay 0.0224555 power 4.6633e-05
I0212 16:31:05.913703 3304493 lm_feature_timing.cpp:80] node dpath/a_mux/FE_OFN3_ctrl_a_mux_sel_1:790411 resistance 13.268 cap 0.0108479 slew 0.0264721 delay 0.156778 power 0.000350682
I0212 16:31:05.834749 3304529 lm_feature_timing.cpp:80] node dpath/a_mux/n9:431004 resistance 18.404 cap 0.000647454 slew 0.037386 delay 0.0148281 power 3.69229e-05
I0212 16:31:05.913717 3304577 lm_feature_timing.cpp:80] node ctrl/U11:ZN resistance 0 cap 0.000998246 slew 0.029224 delay 0 power 8.90307e-05
I0212 16:31:05.913772 3304576 lm_feature_timing.cpp:80] node dpath/b_reg/U6:Z resistance 0 cap 0.00140969 slew 0.020042 delay 0 power 7.11248e-05
I0212 16:31:05.832566 3304570 lm_feature_timing.cpp:80] node dpath/a_mux_out[10]:1158323 resistance 10.7 cap 0.00123003 slew 0.019133 delay 0.0143167 power 9.96323e-06
I0212 16:31:05.913802 3304523 lm_feature_timing.cpp:80] node dpath/a_lt_b/n19:812333 resistance 3.852 cap 0.000984183 slew 0.017501 delay 0.00394793 power 1.66775e-05
I0212 16:31:05.916505 3304493 lm_feature_timing.cpp:80] node dpath/a_mux/FE_OFN3_ctrl_a_mux_sel_1:793763 resistance 16.692 cap 0.0108113 slew 0.0264728 delay 0.193796 power 0.000349498
I0212 16:31:05.916532 3304570 lm_feature_timing.cpp:80] node dpath/a_mux_out[10]:1158345 resistance 20.116 cap 0.00113587 slew 0.019133 delay 0.0250121 power 9.20051e-06
I0212 16:31:05.916523 3304529 lm_feature_timing.cpp:80] node dpath/a_mux/n9:431004 resistance 18.404 cap 0.000647454 slew 0.037386 delay 0.0148281 power 3.69229e-05
I0212 16:31:05.913900 3304591 lm_feature_timing.cpp:80] node dpath/a_mux_out[7]:439421 resistance 25.252 cap 0.000590266 slew 0.017289 delay 0.0214141 power 6.63155e-05
I0212 16:31:05.832628 3304489 lm_feature_timing.cpp:80] node dpath/a_lt_b/n21:462046 resistance 43.228 cap 0.000401546 slew 0.0440891 delay 0.081044 power 1.42076e-05
I0212 16:31:05.916574 3304529 lm_feature_timing.cpp:80] node dpath/a_mux/n9:434356 resistance 14.98 cap 0.000745337 slew 0.037386 delay 0.0126113 power 4.2505e-05
I0212 16:31:05.914045 3304528 lm_feature_timing.cpp:80] node dpath/b_reg/n10:464552 resistance 0 cap 0.000956692 slew 0.017358 delay 0 power 5.01101e-05
I0212 16:31:05.916591 3304493 lm_feature_timing.cpp:80] node dpath/a_mux/U3:A1 resistance 6.42 cap 0.000595933 slew 0.0264706 delay 0.0785417 power 1.92648e-05
I0212 16:31:05.916615 3304529 lm_feature_timing.cpp:80] node dpath/a_mux/U20:B resistance 19.26 cap 0.000586961 slew 0.037386 delay 0.0153408 power 3.34732e-05
I0212 16:31:05.914213 3304525 lm_feature_timing.cpp:80] node dpath/a_lt_b/n7:384767 resistance 3.852 cap 0.00175074 slew 0.021289 delay 0.00674386 power 3.19073e-05
I0212 16:31:05.834975 3304558 lm_feature_timing.cpp:80] node dpath/a_reg_out[2]:724193 resistance 42.372 cap 0.003715 slew 0.0429064 delay 0.204394 power 0.000212162
I0212 16:31:05.834972 3304479 lm_feature_timing.cpp:80] node dpath/b_mux_out[1]:409049 resistance 14.98 cap 0.000598488 slew 0.017 delay 0.0111797 power 2.73514e-05
I0212 16:31:05.916676 3304525 lm_feature_timing.cpp:80] node dpath/a_lt_b/n7:386489 resistance 25.252 cap 0.00129676 slew 0.021289 delay 0.0388217 power 2.36334e-05
I0212 16:31:05.832747 3304472 lm_feature_timing.cpp:80] node dpath/a_reg_out[10]:818121 resistance 52.644 cap 0.000740496 slew 0.0393865 delay 0.215972 power 0
I0212 16:31:05.916743 3304575 lm_feature_timing.cpp:80] node dpath/b_zero/U2:A4 resistance 64.628 cap 0.000460965 slew 0.0414827 delay 0.238763 power 2.30404e-05
I0212 16:31:05.916757 3304479 lm_feature_timing.cpp:80] node dpath/b_mux_out[1]:761009 resistance 14.98 cap 0.000741985 slew 0.017 delay 0.0111797 power 3.39093e-05
I0212 16:31:05.834998 3304502 lm_feature_timing.cpp:80] node dpath/b_reg/FE_OFN2_ctrl_b_reg_en_0:1170141 resistance 125.404 cap 0.00170556 slew 0.0278504 delay 0.724888 power 4.30836e-05
I0212 16:31:05.832892 3304546 lm_feature_timing.cpp:80] node ctrl/n2:440060 resistance 2.14 cap 0.000603878 slew 0.023799 delay 0.00279435 power 4.89141e-06
I0212 16:31:05.916831 3304479 lm_feature_timing.cpp:80] node dpath/b_mux_out[1]:746763 resistance 0.428 cap 0.000885481 slew 0.017 delay 0.000382338 power 4.04672e-05
I0212 16:31:05.823246 3304501 lm_feature_timing.cpp:80] node ctrl/n4:779445 resistance 14.552 cap 0.000928497 slew 0.029179 delay 0.0141416 power 6.77684e-05
I0212 16:31:05.914505 3304494 lm_feature_timing.cpp:80] node dpath/a_reg_out[12]:492883 resistance 32.956 cap 0.000556241 slew 0.0441404 delay 0.14991 power 3.51988e-05
I0212 16:31:05.916888 3304479 lm_feature_timing.cpp:80] node dpath/b_mux_out[1]:761009 resistance 14.98 cap 0.000741985 slew 0.017 delay 0.0111797 power 3.39093e-05
I0212 16:31:05.916899 3304546 lm_feature_timing.cpp:80] node ctrl/U9:A2 resistance 14.124 cap 0.000596047 slew 0.023799 delay 0.0115109 power 4.82798e-06
I0212 16:31:05.914572 3304516 lm_feature_timing.cpp:80] node dpath/a_lt_b/n24:485466 resistance 3.852 cap 0.000600984 slew 0.019989 delay 0.00340005 power 0
I0212 16:31:05.916913 3304502 lm_feature_timing.cpp:80] node dpath/b_reg/FE_OFN2_ctrl_b_reg_en_0:415937 resistance 113.42 cap 0.000666315 slew 0.0278472 delay 0.524367 power 1.68315e-05
I0212 16:31:05.916947 3304479 lm_feature_timing.cpp:80] node dpath/b_mux_out[1]:394803 resistance 0.428 cap 0.000893312 slew 0.017 delay 0.000382338 power 4.08251e-05
I0212 16:31:05.916952 3304494 lm_feature_timing.cpp:80] node dpath/a_reg_out[12]:492884 resistance 33.384 cap 0.00054841 slew 0.0441404 delay 0.150145 power 3.47032e-05
I0212 16:31:05.914590 3304588 lm_feature_timing.cpp:80] node ctrl/state_out[0]:1123005 resistance 17.976 cap 0.00603299 slew 0.0498892 delay 0.110607 power 4.88672e-05
I0212 16:31:05.835211 3304569 lm_feature_timing.cpp:80] node dpath/a_mux/n2:792943 resistance 0 cap 0.000716951 slew 0.034079 delay 0 power 4.08862e-05
I0212 16:31:05.916963 3304501 lm_feature_timing.cpp:80] node ctrl/n4:1131405 resistance 14.552 cap 0.000826112 slew 0.029179 delay 0.0141416 power 6.02956e-05
I0212 16:31:05.917003 3304569 lm_feature_timing.cpp:137] net dpath/a_mux/n2 resistance 11.984 cap 0.000716951 slew 0.000245766 delay 0.00392244 power 3.31178e-08
I0212 16:31:05.916999 3304502 lm_feature_timing.cpp:80] node dpath/b_reg/FE_OFN2_ctrl_b_reg_en_0:767897 resistance 113.42 cap 0.00157479 slew 0.0278472 delay 0.524367 power 3.97802e-05
I0212 16:31:05.917007 3304479 lm_feature_timing.cpp:80] node dpath/b_mux_out[1]:746763 resistance 0.428 cap 0.000885481 slew 0.017 delay 0.000382338 power 4.04672e-05
I0212 16:31:05.917032 3304569 lm_feature_timing.cpp:125] build net dpath/b_reg_out[2] feature 
I0212 16:31:05.826802 3304524 lm_feature_timing.cpp:80] node dpath/a_lt_b/n5:386501 resistance 0 cap 0.000639636 slew 0.015064 delay 0 power 8.09539e-06
I0212 16:31:05.914709 3304499 lm_feature_timing.cpp:80] node dpath/b_reg/n11:470421 resistance 4.708 cap 0.00122685 slew 0.019352 delay 0.00577601 power 6.49653e-05
I0212 16:31:05.917047 3304501 lm_feature_timing.cpp:80] node ctrl/n4:1131397 resistance 17.976 cap 0.000789503 slew 0.029179 delay 0.0168448 power 5.76236e-05
I0212 16:31:05.917062 3304479 lm_feature_timing.cpp:80] node dpath/b_mux_out[1]:394802 resistance 0 cap 0.000901143 slew 0.017 delay 0 power 4.1183e-05
I0212 16:31:05.914705 3304510 lm_feature_timing.cpp:80] node dpath/a_reg_out[5]:389101 resistance 64.628 cap 0.000818215 slew 0.0410005 delay 0.234375 power 5.24333e-05
I0212 16:31:05.917117 3304479 lm_feature_timing.cpp:80] node dpath/b_mux_out[1]:394803 resistance 0.428 cap 0.000893312 slew 0.017 delay 0.000382338 power 4.08251e-05
I0212 16:31:05.914722 3304551 lm_feature_timing.cpp:80] node ctrl/state_out[1]:437511 resistance 14.98 cap 0.000611595 slew 0.029421 delay 0.0183977 power 3.11411e-05
I0212 16:31:05.914832 3304481 lm_feature_timing.cpp:80] node dpath/a_lt_b/n10:389123 resistance 3.424 cap 0.00172981 slew 0.022374 delay 0.00592287 power 1.40115e-05
I0212 16:31:05.914877 3304542 lm_feature_timing.cpp:80] node dpath/b_mux/U15:Z resistance 0 cap 0.000991587 slew 0.017469 delay 0 power 5.06923e-05
I0212 16:31:05.914885 3304519 lm_feature_timing.cpp:80] node dpath/a_mux/n4:789629 resistance 2.568 cap 0.000893336 slew 0.036398 delay 0.00229409 power 5.09451e-05
I0212 16:31:05.917178 3304479 lm_feature_timing.cpp:80] node dpath/b_mux/U3:Z resistance 0 cap 0.000901143 slew 0.017 delay 0 power 4.1183e-05
I0212 16:31:05.914916 3304584 lm_feature_timing.cpp:80] node dpath/a_lt_b/n3:388933 resistance 0 cap 0.0012449 slew 0.018363 delay 0 power 1.00837e-05
I0212 16:31:05.917205 3304542 lm_feature_timing.cpp:80] node dpath/b_mux_out[13]:464370 resistance 0 cap 0.000991587 slew 0.017469 delay 0 power 5.06923e-05
I0212 16:31:05.917207 3304481 lm_feature_timing.cpp:80] node dpath/a_lt_b/n10:741083 resistance 3.424 cap 0.0016932 slew 0.022374 delay 0.00592287 power 1.37149e-05
I0212 16:31:05.915053 3304533 lm_feature_timing.cpp:80] node dpath/b_reg/n17:801261 resistance 0.856 cap 0.000686926 slew 0.015991 delay 0.000598231 power 3.58089e-05
I0212 16:31:05.917233 3304479 lm_feature_timing.cpp:80] node dpath/b_mux_out[1]:394802 resistance 0 cap 0.000901143 slew 0.017 delay 0 power 4.1183e-05
I0212 16:31:05.917248 3304533 lm_feature_timing.cpp:137] net dpath/b_reg/n17 resistance 13.696 cap 0.00071081 slew 0.000566165 delay 0.00434713 power 3.00137e-08
I0212 16:31:05.915006 3304586 lm_feature_timing.cpp:80] node dpath/b_reg/n7:762063 resistance 21.828 cap 0.000564376 slew 0.017663 delay 0.0170438 power 2.85884e-05
I0212 16:31:05.917273 3304533 lm_feature_timing.cpp:125] build net dpath/b_reg_out[3] feature 
I0212 16:31:05.915149 3304554 lm_feature_timing.cpp:80] node dpath/b_mux_out[12]:464417 resistance 1.284 cap 0.000737091 slew 0.01617 delay 0.000946425 power 3.68859e-05
I0212 16:31:05.911365 3304518 lm_feature_timing.cpp:80] node dpath/a_mux_out[4]:721783 resistance 10.272 cap 0.00127036 slew 0.019269 delay 0.0141008 power 0.000125193
I0212 16:31:05.833384 3304513 lm_feature_timing.cpp:125] build net dpath/b_reg/n3 feature 
I0212 16:31:05.915270 3304573 lm_feature_timing.cpp:80] node dpath/b_reg/n8:768741 resistance 2.568 cap 0.00101581 slew 0.018037 delay 0.0026815 power 5.20396e-05
I0212 16:31:05.919729 3304554 lm_feature_timing.cpp:80] node dpath/b_mux_out[12]:816377 resistance 1.284 cap 0.000721038 slew 0.01617 delay 0.000946425 power 3.60825e-05
I0212 16:31:05.915275 3304521 lm_feature_timing.cpp:80] node dpath/a_reg_out[6]:1104801 resistance 33.812 cap 0.00363029 slew 0.0449412 delay 0.151119 power 0.000240984
I0212 16:31:05.915288 3304476 lm_feature_timing.cpp:80] node dpath/b_mux/U6:Z resistance 0 cap 0.000910148 slew 0.017183 delay 0 power 4.48636e-05
I0212 16:31:05.919785 3304573 lm_feature_timing.cpp:80] node dpath/b_reg/n8:416775 resistance 0 cap 0.00107258 slew 0.018037 delay 0 power 5.49481e-05
I0212 16:31:05.919796 3304554 lm_feature_timing.cpp:80] node dpath/b_mux_out[12]:470281 resistance 8.132 cap 0.000611213 slew 0.01617 delay 0.0053827 power 3.05866e-05
I0212 16:31:05.915365 3304574 lm_feature_timing.cpp:80] node ctrl_b_mux_sel_0_:378829 resistance 321.856 cap 0.000634259 slew 0.0310982 delay 2.98852 power 1.0275e-05
I0212 16:31:05.919824 3304533 lm_feature_timing.cpp:80] node dpath/b_reg_out[3]:748577 resistance 38.092 cap 0.000811655 slew 0.0411981 delay 0.0743595 power 4.01775e-05
I0212 16:31:05.915395 3304581 lm_feature_timing.cpp:80] node dpath/a_mux/n1:455920 resistance 11.556 cap 0.000594792 slew 0.035457 delay 0.00823599 power 3.39198e-05
I0212 16:31:05.915437 3304565 lm_feature_timing.cpp:80] node dpath/b_mux_out[14]:462702 resistance 15.408 cap 0.000623546 slew 0.01702 delay 0.0113759 power 4.28561e-05
I0212 16:31:05.915458 3304482 lm_feature_timing.cpp:80] node dpath/b_reg/n13:816429 resistance 0.428 cap 0.00113092 slew 0.018543 delay 0.000487386 power 5.65268e-05
I0212 16:31:05.915479 3304498 lm_feature_timing.cpp:80] node dpath/a_mux_out[9]:1177707 resistance 68.052 cap 0.000700874 slew 0.0222031 delay 0.090724 power 8.51836e-05
I0212 16:31:05.919942 3304565 lm_feature_timing.cpp:80] node dpath/b_mux_out[14]:461855 resistance 10.7 cap 0.000672488 slew 0.01702 delay 0.00844022 power 4.62198e-05
I0212 16:31:05.919948 3304581 lm_feature_timing.cpp:80] node dpath/a_mux/n1:449217 resistance 4.28 cap 0.000770004 slew 0.035457 delay 0.00337874 power 4.39117e-05
I0212 16:31:05.919968 3304482 lm_feature_timing.cpp:80] node dpath/b_reg/n13:464468 resistance 0 cap 0.00114658 slew 0.018543 delay 0 power 5.73096e-05
I0212 16:31:05.831657 3304579 lm_feature_timing.cpp:80] node dpath/a_reg_out[13]:828893 resistance 38.52 cap 0.00236371 slew 0.0381302 delay 0.144682 power 0.00015468
I0212 16:31:05.915525 3304535 lm_feature_timing.cpp:80] node dpath/b_reg/out_reg_0_:D resistance 18.832 cap 0.000564376 slew 0.017303 delay 0.0141112 power 2.60619e-05
I0212 16:31:05.920014 3304581 lm_feature_timing.cpp:80] node dpath/a_mux/n1:801177 resistance 4.28 cap 0.000741617 slew 0.035457 delay 0.00337874 power 4.22929e-05
I0212 16:31:05.833659 3304532 lm_feature_timing.cpp:80] node dpath/a_reg/n5:377315 resistance 0.856 cap 0.00109941 slew 0.018395 delay 0.000941092 power 6.53769e-05
I0212 16:31:05.912583 3304468 lm_feature_timing.cpp:80] node dpath/a_reg_out[11]:808893 resistance 44.084 cap 0.00339941 slew 0.0394354 delay 0.183542 power 0.000208706
I0212 16:31:05.920066 3304579 lm_feature_timing.cpp:80] node dpath/a_reg_out[13]:820513 resistance 47.08 cap 0.00161783 slew 0.0381302 delay 0.15853 power 0.00010587
I0212 16:31:05.920082 3304581 lm_feature_timing.cpp:80] node dpath/a_mux/U4:ZN resistance 0 cap 0.000838719 slew 0.035457 delay 0 power 4.78304e-05
I0212 16:31:05.912626 3304475 lm_feature_timing.cpp:80] node dpath/a_reg_out[8]:441920 resistance 57.352 cap 0.000991863 slew 0.0475416 delay 0.248858 power 7.03996e-05
I0212 16:31:05.920152 3304581 lm_feature_timing.cpp:80] node dpath/a_mux/n1:799507 resistance 0 cap 0.000838719 slew 0.035457 delay 0 power 4.78304e-05
I0212 16:31:05.915649 3304578 lm_feature_timing.cpp:80] node dpath/a_lt_b/n13:389135 resistance 3.424 cap 0.000841989 slew 0.031831 delay 0.00295201 power 2.68658e-05
I0212 16:31:05.833747 3304571 lm_feature_timing.cpp:80] node dpath/a_mux_out[6]:755313 resistance 8.132 cap 0.000962418 slew 0.017149 delay 0.007863 power 0.000103703
I0212 16:31:05.833827 3304505 lm_feature_timing.cpp:125] build net dpath/b_reg/n4 feature 
I0212 16:31:05.920236 3304578 lm_feature_timing.cpp:80] node dpath/a_lt_b/n13:389149 resistance 9.416 cap 0.00076055 slew 0.031831 delay 0.00750923 power 2.42673e-05
I0212 16:31:05.920236 3304475 lm_feature_timing.cpp:80] node dpath/a_reg_out[8]:441935 resistance 50.932 cap 0.00105725 slew 0.0475416 delay 0.24249 power 7.50406e-05
I0212 16:31:05.920274 3304571 lm_feature_timing.cpp:80] node dpath/a_mux_out[6]:1107273 resistance 8.132 cap 0.000884699 slew 0.017149 delay 0.007863 power 9.53285e-05
I0212 16:31:05.833823 3304477 lm_feature_timing.cpp:80] node dpath/a_reg_out[7]:782187 resistance 20.116 cap 0.00303029 slew 0.0402571 delay 0.0817449 power 0.000208119
I0212 16:31:05.915779 3304492 lm_feature_timing.cpp:80] node dpath/b_mux/n1:1128231 resistance 29.104 cap 0.000704251 slew 0.0427555 delay 0.328655 power 1.14089e-05
I0212 16:31:05.915767 3304548 lm_feature_timing.cpp:137] net dpath/a_mux/n10 resistance 37.664 cap 0.000985935 slew 0.00276233 delay 0.0147403 power 4.55429e-08
I0212 16:31:05.912948 3304503 lm_feature_timing.cpp:80] node dpath/a_reg/n1:479377 resistance 4.28 cap 0.000714584 slew 0.011477 delay 0.00305842 power 7.88751e-05
I0212 16:31:05.915810 3300491 lm_feature_timing.cpp:80] node dpath/a_lt_b/n4:1087135 resistance 3.852 cap 0.000800472 slew 0.021374 delay 0.00324982 power 6.48382e-06
I0212 16:31:05.915809 3304567 lm_feature_timing.cpp:137] net dpath/a_reg/n17 resistance 42.8 cap 0.000990363 slew 0.00608817 delay 0.0165879 power 5.61374e-08
I0212 16:31:05.833847 3304537 lm_feature_timing.cpp:80] node dpath/b_reg/n1:776287 resistance 228.124 cap 0.000720695 slew 0.0414223 delay 1.73208 power 1.82052e-05
I0212 16:31:05.920432 3304503 lm_feature_timing.cpp:80] node dpath/a_reg/n1:479387 resistance 0 cap 0.000759415 slew 0.011477 delay 0 power 8.38235e-05
I0212 16:31:05.920444 3300491 lm_feature_timing.cpp:80] node dpath/a_lt_b/n4:735175 resistance 3.852 cap 0.000828858 slew 0.021374 delay 0.00324982 power 6.71375e-06
I0212 16:31:05.833940 3304470 lm_feature_timing.cpp:80] node dpath/a_mux/U22:ZN resistance 0 cap 0.00136902 slew 0.018929 delay 0 power 0.000139023
I0212 16:31:05.915880 3304497 lm_feature_timing.cpp:80] node dpath/a_reg/n3:740863 resistance 8.132 cap 0.00111448 slew 0.019387 delay 0.00972837 power 6.08464e-05
I0212 16:31:05.915887 3304553 lm_feature_timing.cpp:80] node ctrl/U3:A2 resistance 5.564 cap 0.00058282 slew 0.015546 delay 0.00356087 power 1.41201e-05
I0212 16:31:05.920500 3300491 lm_feature_timing.cpp:80] node dpath/a_lt_b/n4:736849 resistance 1.284 cap 0.000857244 slew 0.021374 delay 0.00112131 power 6.94368e-06
I0212 16:31:05.920506 3304503 lm_feature_timing.cpp:80] node dpath/a_reg/placeFE_RC_1_0:A2 resistance 10.7 cap 0.000531541 slew 0.011477 delay 0.00693527 power 5.8671e-05
I0212 16:31:05.915988 3304506 lm_feature_timing.cpp:80] node dpath/a_lt_b/n35:485284 resistance 14.124 cap 0.000409768 slew 0.033561 delay 0.0179447 power 1.00297e-05
I0212 16:31:05.920533 3304505 lm_feature_timing.cpp:80] node dpath/b_reg/n4:407441 resistance 2.14 cap 0.000793423 slew 0.01652 delay 0.00169792 power 3.88076e-05
I0212 16:31:05.920554 3300491 lm_feature_timing.cpp:80] node dpath/a_lt_b/n4:384886 resistance 0 cap 0.00162428 slew 0.021374 delay 0 power 1.31567e-05
I0212 16:31:05.913146 3304560 lm_feature_timing.cpp:80] node dpath/a_lt_b/n8:386611 resistance 47.08 cap 0.000616441 slew 0.053906 delay 0.050494 power 9.93759e-06
I0212 16:31:05.920580 3304506 lm_feature_timing.cpp:80] node dpath/a_lt_b/n35:482773 resistance 17.976 cap 0.000696117 slew 0.033561 delay 0.0212663 power 1.70386e-05
I0212 16:31:05.913218 3304490 lm_feature_timing.cpp:80] node dpath/b_reg/n12:464513 resistance 0 cap 0.00139247 slew 0.019979 delay 0 power 4.04797e-05
I0212 16:31:05.920603 3300491 lm_feature_timing.cpp:80] node dpath/a_lt_b/n4:387385 resistance 8.988 cap 0.000644876 slew 0.021374 delay 0.00579615 power 5.2235e-06
I0212 16:31:05.916047 3304474 lm_feature_timing.cpp:80] node dpath/b_mux_out[5]:409197 resistance 25.252 cap 0.000590266 slew 0.018108 delay 0.0211593 power 2.97753e-05
I0212 16:31:05.916081 3304561 lm_feature_timing.cpp:80] node dpath/b_reg/n16:813845 resistance 1.284 cap 0.000867813 slew 0.01706 delay 0.00113488 power 5.32033e-05
I0212 16:31:05.916091 3304485 lm_feature_timing.cpp:80] node ctrl_a_mux_sel[0]:434173 resistance 14.124 cap 0.000647815 slew 0.048136 delay 0.0412436 power 2.0942e-05
I0212 16:31:05.916131 3304566 lm_feature_timing.cpp:80] node dpath/a_lt_b/n12:395001 resistance 12.412 cap 0.00065792 slew 0.020683 delay 0.011754 power 5.32916e-06
I0212 16:31:05.916128 3304559 lm_feature_timing.cpp:80] node dpath/a_reg_out[4]:727715 resistance 24.396 cap 0.00641237 slew 0.0490068 delay 0.162295 power 0.000396156
I0212 16:31:05.920693 3304474 lm_feature_timing.cpp:80] node dpath/b_mux/U7:Z resistance 0 cap 0.00109025 slew 0.018108 delay 0 power 5.49966e-05
I0212 16:31:05.916179 3304515 lm_feature_timing.cpp:80] node dpath/a_lt_b/n34:469369 resistance 2.996 cap 0.00105762 slew 0.019827 delay 0.00316863 power 8.56672e-06
I0212 16:31:05.916203 3304572 lm_feature_timing.cpp:80] node dpath/b_reg_out[10]:1186893 resistance 20.116 cap 0.000772068 slew 0.0399552 delay 0.0649355 power 2.24444e-05
I0212 16:31:05.916214 3304500 lm_feature_timing.cpp:80] node dpath/a_mux/n14:400816 resistance 2.996 cap 0.000895883 slew 0.036474 delay 0.00268406 power 5.10903e-05
I0212 16:31:05.920787 3304572 lm_feature_timing.cpp:80] node dpath/b_reg_out[10]:1186873 resistance 11.556 cap 0.00085801 slew 0.0399552 delay 0.0583266 power 2.49428e-05
I0212 16:31:05.916246 3304544 lm_feature_timing.cpp:80] node dpath/a_mux_out[15]:452567 resistance 8.132 cap 0.000853375 slew 0.016859 delay 0.00760827 power 9.80946e-05
I0212 16:31:05.916246 3304509 lm_feature_timing.cpp:80] node dpath/b_reg/n5:777033 resistance 10.7 cap 0.000625651 slew 0.016388 delay 0.00721337 power 3.09701e-05
I0212 16:31:05.920833 3304500 lm_feature_timing.cpp:80] node dpath/a_mux/n14:747763 resistance 14.552 cap 0.000663898 slew 0.036474 delay 0.0112242 power 3.78607e-05
I0212 16:31:05.916270 3304539 lm_feature_timing.cpp:137] net dpath/a_mux/n17 resistance 15.408 cap 0.00074984 slew 0.000424419 delay 0.00517165 power 4.9197e-09
I0212 16:31:05.920883 3304500 lm_feature_timing.cpp:80] node dpath/a_mux/n14:751953 resistance 10.272 cap 0.000708729 slew 0.036474 delay 0.00838272 power 4.04173e-05
I0212 16:31:05.916311 3304527 lm_feature_timing.cpp:80] node dpath/b_mux_out[6]:769555 resistance 14.124 cap 0.00072554 slew 0.016905 delay 0.0103088 power 3.74331e-05
I0212 16:31:05.913597 3304466 lm_feature_timing.cpp:80] node ctrl/state/n1:784401 resistance 25.252 cap 0.000648517 slew 0.014531 delay 0.0314651 power 5.25299e-06
I0212 16:31:05.916378 3304547 lm_feature_timing.cpp:80] node dpath/a_reg/U5:B1 resistance 23.968 cap 0.000659839 slew 0.027745 delay 0.0440147 power 4.61754e-05
I0212 16:31:05.916391 3304465 lm_feature_timing.cpp:80] node dpath/b_reg_out[0]:409131 resistance 49.648 cap 0.000664379 slew 0.0405594 delay 0.147999 power 3.06799e-05
I0212 16:31:05.920962 3304527 lm_feature_timing.cpp:80] node dpath/b_mux/U8:Z resistance 0 cap 0.000876477 slew 0.016905 delay 0 power 4.52204e-05
I0212 16:31:05.916414 3304467 lm_feature_timing.cpp:80] node dpath/a_lt_b/n9:389131 resistance 15.408 cap 0.000719224 slew 0.031625 delay 0.0135469 power 1.16514e-05
I0212 16:31:05.916461 3304512 lm_feature_timing.cpp:80] node dpath/a_mux_out[2]:386464 resistance 11.128 cap 0.00063999 slew 0.015615 delay 0.00766962 power 5.70926e-05
I0212 16:31:05.916501 3304580 lm_feature_timing.cpp:80] node dpath/b_reg/U10:A2 resistance 29.532 cap 0.000574604 slew 0.018669 delay 0.0256791 power 3.09661e-05
I0212 16:31:05.921023 3304465 lm_feature_timing.cpp:80] node dpath/b_reg_out[0]:411627 resistance 39.376 cap 0.000766764 slew 0.0405594 delay 0.141174 power 3.54079e-05
I0212 16:31:05.921041 3304467 lm_feature_timing.cpp:80] node dpath/a_lt_b/n9:741091 resistance 15.408 cap 0.000731166 slew 0.031625 delay 0.0135469 power 1.18449e-05
I0212 16:31:05.913908 3304582 lm_feature_timing.cpp:80] node ctrl_a_reg_en_0_:1180935 resistance 119.412 cap 0.0108585 slew 0.0402338 delay 1.68957 power 8.79537e-05
I0212 16:31:05.921062 3304512 lm_feature_timing.cpp:80] node dpath/a_mux_out[2]:384777 resistance 4.708 cap 0.000705376 slew 0.015615 delay 0.00356088 power 6.29256e-05
I0212 16:31:05.921077 3304467 lm_feature_timing.cpp:137] net dpath/a_lt_b/n9 resistance 35.952 cap 0.00103754 slew 0.00319859 delay 0.0152954 power 1.36146e-08
I0212 16:31:05.834863 3304530 lm_feature_timing.cpp:80] node dpath/a_mux_out[5]:381555 resistance 0.428 cap 0.00122886 slew 0.017957 delay 0.00052595 power 0.000126762
I0212 16:31:05.921103 3304512 lm_feature_timing.cpp:137] net dpath/a_mux_out[2] resistance 22.256 cap 0.0008107 slew 0.0015589 delay 0.00766962 power 5.72952e-08
I0212 16:31:05.921126 3304467 lm_feature_timing.cpp:125] build net dpath/b_reg_out[7] feature 
I0212 16:31:05.834918 3304562 lm_feature_timing.cpp:80] node dpath/b_mux_out[3]:404131 resistance 0.428 cap 0.000876868 slew 0.016915 delay 0.000375299 power 4.22084e-05
I0212 16:31:05.916608 3304591 lm_feature_timing.cpp:80] node dpath/a_mux/U20:ZN resistance 0 cap 0.00110513 slew 0.017289 delay 0 power 0.00012416
I0212 16:31:05.921157 3304530 lm_feature_timing.cpp:80] node dpath/a_mux_out[5]:733515 resistance 0.428 cap 0.00122102 slew 0.017957 delay 0.00052595 power 0.000125954
I0212 16:31:05.916649 3304529 lm_feature_timing.cpp:80] node dpath/a_mux/n9:431002 resistance 19.26 cap 0.000598903 slew 0.037386 delay 0.0153408 power 3.41542e-05
I0212 16:31:05.921212 3304591 lm_feature_timing.cpp:80] node dpath/a_mux_out[7]:430166 resistance 0 cap 0.00110513 slew 0.017289 delay 0 power 0.00012416
I0212 16:31:05.921218 3304562 lm_feature_timing.cpp:80] node dpath/b_mux_out[3]:756091 resistance 0.428 cap 0.000869037 slew 0.016915 delay 0.000375299 power 4.18315e-05
I0212 16:31:05.921240 3304529 lm_feature_timing.cpp:137] net dpath/a_mux/n9 resistance 38.52 cap 0.00100904 slew 0.00287508 delay 0.0153408 power 4.66101e-08
I0212 16:31:05.916707 3304558 lm_feature_timing.cpp:80] node dpath/a_reg_out[2]:1076153 resistance 42.372 cap 0.00375161 slew 0.0429064 delay 0.204394 power 0.000214253
I0212 16:31:05.916689 3304489 lm_feature_timing.cpp:80] node dpath/a_lt_b/n21:479643 resistance 60.776 cap 0.000712561 slew 0.0440891 delay 0.0968518 power 2.5212e-05
I0212 16:31:05.921278 3304529 lm_feature_timing.cpp:125] build net dpath/b_reg_out[9] feature 
I0212 16:31:05.914355 3304484 lm_feature_timing.cpp:80] node dpath/b_mux_out[2]:1113851 resistance 34.24 cap 0.00068443 slew 0.019314 delay 0.0323978 power 3.2139e-05
I0212 16:31:05.921283 3304591 lm_feature_timing.cpp:80] node dpath/a_reg/U12:A2 resistance 25.68 cap 0.000574604 slew 0.017289 delay 0.0216633 power 6.45559e-05
I0212 16:31:05.835111 3304555 lm_feature_timing.cpp:80] node dpath/a_lt_b/n32:834755 resistance 7.704 cap 0.000662555 slew 0.020978 delay 0.0113259 power 5.3667e-06
I0212 16:31:05.921311 3304558 lm_feature_timing.cpp:80] node dpath/a_reg_out[2]:1076145 resistance 38.948 cap 0.00378822 slew 0.0429064 delay 0.191548 power 0.000216343
I0212 16:31:05.916848 3304472 lm_feature_timing.cpp:80] node dpath/a_reg_out[10]:818131 resistance 48.364 cap 0.00325565 slew 0.0393865 delay 0.212611 power 0
I0212 16:31:05.921335 3304484 lm_feature_timing.cpp:80] node dpath/b_mux_out[2]:761873 resistance 26.536 cap 0.000971423 slew 0.019314 delay 0.027125 power 4.56155e-05
I0212 16:31:05.835181 3304534 lm_feature_timing.cpp:80] node dpath/a_mux_out[8]:1139113 resistance 9.844 cap 0.00171886 slew 0.021299 delay 0.0170546 power 0.00020101
I0212 16:31:05.835180 3304469 lm_feature_timing.cpp:80] node dpath/b_reg/out_reg_4_:D resistance 15.836 cap 0.000564376 slew 0.016914 delay 0.0114275 power 2.82635e-05
I0212 16:31:05.921378 3304484 lm_feature_timing.cpp:80] node dpath/b_mux_out[2]:1113833 resistance 26.536 cap 0.000762149 slew 0.019314 delay 0.027125 power 3.57885e-05
I0212 16:31:05.921382 3304472 lm_feature_timing.cpp:80] node dpath/a_reg_out[10]:1170091 resistance 48.364 cap 0.000830158 slew 0.0393865 delay 0.212611 power 0
I0212 16:31:05.921386 3304555 lm_feature_timing.cpp:80] node dpath/a_lt_b/U2:ZN resistance 0 cap 0.00164057 slew 0.020978 delay 0 power 1.32886e-05
I0212 16:31:05.916966 3304546 lm_feature_timing.cpp:80] node ctrl/n2:447590 resistance 14.124 cap 0.000653211 slew 0.023799 delay 0.0115109 power 5.29101e-06
I0212 16:31:05.835220 3304568 lm_feature_timing.cpp:80] node CTS_1:851537 resistance 131.824 cap 0.000454073 slew 0.00036894 delay 0.458358 power 0.00014712
I0212 16:31:05.921428 3304467 lm_feature_timing.cpp:80] node dpath/a_lt_b/U23:B2 resistance 35.096 cap 0.000718455 slew 0.0405131 delay 0.0937418 power 3.72189e-05
I0212 16:31:05.917004 3304494 lm_feature_timing.cpp:80] node dpath/a_reg_out[12]:844863 resistance 24.396 cap 0.0058559 slew 0.0441404 delay 0.144413 power 0.00037056
I0212 16:31:05.833101 3304507 lm_feature_timing.cpp:80] node dpath/a_lt_b/n30:492077 resistance 36.38 cap 0.00133943 slew 0.0375951 delay 0.0608655 power 3.33398e-05
I0212 16:31:05.917027 3304588 lm_feature_timing.cpp:80] node ctrl/state_out[0]:1122991 resistance 11.984 cap 0.00609427 slew 0.0498892 delay 0.0744577 power 4.93636e-05
I0212 16:31:05.921501 3304529 lm_feature_timing.cpp:80] node dpath/sub/U24:I resistance 80.892 cap 0.000599444 slew 0.043787 delay 0.301554 power 3.17423e-05
I0212 16:31:05.921517 3304494 lm_feature_timing.cpp:80] node dpath/a_reg_out[12]:1196823 resistance 24.396 cap 0.00516031 slew 0.0441404 delay 0.144413 power 0.000326543
I0212 16:31:05.921543 3304588 lm_feature_timing.cpp:80] node ctrl/state_out[0]:1123005 resistance 17.976 cap 0.00603299 slew 0.0498892 delay 0.110607 power 4.88672e-05
I0212 16:31:05.917063 3304502 lm_feature_timing.cpp:80] node dpath/b_reg/FE_OFN2_ctrl_b_reg_en_0:763707 resistance 109.14 cap 0.00161962 slew 0.0278472 delay 0.517627 power 4.09127e-05
I0212 16:31:05.921571 3304529 lm_feature_timing.cpp:80] node dpath/b_reg_out[9]:440253 resistance 80.892 cap 0.000611386 slew 0.043787 delay 0.301554 power 3.23747e-05
I0212 16:31:05.917107 3304501 lm_feature_timing.cpp:80] node ctrl/n4:1131405 resistance 14.552 cap 0.000826112 slew 0.029179 delay 0.0141416 power 6.02956e-05
I0212 16:31:05.833171 3304517 lm_feature_timing.cpp:80] node dpath/a_mux/n15:434327 resistance 9.416 cap 0.000827559 slew 0.036668 delay 0.00795987 power 4.7194e-05
I0212 16:31:05.921610 3304529 lm_feature_timing.cpp:80] node dpath/b_reg_out[9]:440251 resistance 80.036 cap 0.000623328 slew 0.043787 delay 0.30103 power 3.30071e-05
I0212 16:31:05.917176 3304569 lm_feature_timing.cpp:80] node dpath/b_reg_out[2]:414963 resistance 2.996 cap 0.0046784 slew 0.035629 delay 0.0140165 power 0.000228828
I0212 16:31:05.917176 3304510 lm_feature_timing.cpp:80] node dpath/a_reg_out[5]:389111 resistance 60.348 cap 0.000863046 slew 0.0410005 delay 0.230873 power 5.53061e-05
I0212 16:31:05.914896 3304487 lm_feature_timing.cpp:80] node dpath/a_reg_out[1]:759317 resistance 2.996 cap 0.00569593 slew 0.0420911 delay 0.0171624 power 0.000310977
I0212 16:31:05.921646 3304501 lm_feature_timing.cpp:80] node ctrl/n4:779445 resistance 14.552 cap 0.000928497 slew 0.029179 delay 0.0141416 power 6.77684e-05
I0212 16:31:05.914911 3304473 lm_feature_timing.cpp:80] node dpath/a_mux/FE_OFN5_n18:798839 resistance 25.252 cap 0.000437764 slew 0.031761 delay 0.249876 power 2.83033e-05
I0212 16:31:05.917223 3304584 lm_feature_timing.cpp:80] node dpath/a_lt_b/n3:381393 resistance 9.416 cap 0.000647979 slew 0.018363 delay 0.00856511 power 5.24863e-06
I0212 16:31:05.921687 3304510 lm_feature_timing.cpp:80] node dpath/a_reg_out[5]:741071 resistance 60.348 cap 0.000891433 slew 0.0410005 delay 0.230873 power 5.71252e-05
I0212 16:31:05.914995 3304488 lm_feature_timing.cpp:80] node dpath/a_lt_b/n14:401708 resistance 17.976 cap 0.000599808 slew 0.020585 delay 0.0139284 power 4.85845e-06
I0212 16:31:05.921710 3304501 lm_feature_timing.cpp:80] node ctrl/n4:789501 resistance 4.28 cap 0.00103088 slew 0.029179 delay 0.00460406 power 7.52413e-05
I0212 16:31:05.917256 3304542 lm_feature_timing.cpp:80] node dpath/b_mux_out[13]:469434 resistance 20.544 cap 0.000713989 slew 0.017469 delay 0.0160051 power 3.65008e-05
I0212 16:31:05.917268 3304479 lm_feature_timing.cpp:137] net dpath/b_mux_out[1] resistance 31.672 cap 0.000901143 slew 0.00337812 delay 0.0116818 power 3.26999e-08
I0212 16:31:05.921743 3304473 lm_feature_timing.cpp:80] node dpath/a_mux/FE_OFN5_n18:798001 resistance 24.396 cap 0.000449706 slew 0.031761 delay 0.249501 power 2.90754e-05
I0212 16:31:05.917270 3304481 lm_feature_timing.cpp:80] node dpath/a_lt_b/n10:389115 resistance 0 cap 0.00176642 slew 0.022374 delay 0 power 1.4308e-05
I0212 16:31:05.921783 3304542 lm_feature_timing.cpp:80] node dpath/b_mux_out[13]:467729 resistance 6.42 cap 0.000853375 slew 0.017469 delay 0.00592073 power 4.36265e-05
I0212 16:31:05.917323 3304586 lm_feature_timing.cpp:80] node dpath/b_reg/n7:1114023 resistance 21.828 cap 0.000691428 slew 0.017663 delay 0.0170438 power 3.50242e-05
I0212 16:31:05.915262 3304549 lm_feature_timing.cpp:80] node dpath/a_lt_b/n15:426871 resistance 2.14 cap 0.00165867 slew 0.021785 delay 0.00354955 power 1.34352e-05
I0212 16:31:05.921828 3304481 lm_feature_timing.cpp:80] node dpath/a_lt_b/n10:389123 resistance 3.424 cap 0.00172981 slew 0.022374 delay 0.00592287 power 1.40115e-05
I0212 16:31:05.919755 3304518 lm_feature_timing.cpp:80] node dpath/a_mux_out[4]:727649 resistance 16.264 cap 0.00120908 slew 0.019269 delay 0.0213456 power 0.000119155
I0212 16:31:05.911818 3304526 lm_feature_timing.cpp:80] node dpath/b_reg/out_reg_7_:D resistance 12.84 cap 0.000564376 slew 0.016665 delay 0.00893526 power 2.9237e-05
I0212 16:31:05.919826 3304521 lm_feature_timing.cpp:80] node dpath/a_reg_out[6]:419319 resistance 53.5 cap 0.000590027 slew 0.0449412 delay 0.168245 power 3.91669e-05
I0212 16:31:05.919847 3304573 lm_feature_timing.cpp:80] node dpath/b_reg/n8:416781 resistance 2.568 cap 0.0010442 slew 0.018037 delay 0.0026815 power 5.34938e-05
I0212 16:31:05.919857 3304574 lm_feature_timing.cpp:80] node ctrl_b_mux_sel_0_:730789 resistance 321.856 cap 0.000634259 slew 0.0310982 delay 2.98852 power 1.0275e-05
I0212 16:31:05.919859 3304533 lm_feature_timing.cpp:80] node dpath/b_reg_out[3]:1100537 resistance 38.092 cap 0.000848264 slew 0.0411981 delay 0.0743595 power 4.19896e-05
I0212 16:31:05.919859 3304554 lm_feature_timing.cpp:80] node dpath/b_mux_out[12]:467769 resistance 4.708 cap 0.000647821 slew 0.01617 delay 0.00328991 power 3.24186e-05
I0212 16:31:05.921989 3304521 lm_feature_timing.cpp:80] node dpath/a_reg_out[6]:771279 resistance 53.5 cap 0.00075819 slew 0.0449412 delay 0.168245 power 5.03298e-05
I0212 16:31:05.919955 3304513 lm_feature_timing.cpp:80] node dpath/b_reg/out_reg_1_:D resistance 10.7 cap 0.000564376 slew 0.016325 delay 0.00718789 power 2.72499e-05
I0212 16:31:05.922019 3304574 lm_feature_timing.cpp:80] node ctrl_b_mux_sel_0_:378827 resistance 322.712 cap 0.000622317 slew 0.0310982 delay 2.98905 power 1.00815e-05
I0212 16:31:05.922024 3304554 lm_feature_timing.cpp:137] net dpath/b_mux_out[12] resistance 16.264 cap 0.000753145 slew 0.000768774 delay 0.0053827 power 2.98074e-08
I0212 16:31:05.919986 3304498 lm_feature_timing.cpp:80] node dpath/a_mux_out[9]:1177699 resistance 64.628 cap 0.000737483 slew 0.0222031 delay 0.0883242 power 8.96329e-05
I0212 16:31:05.922063 3304513 lm_feature_timing.cpp:80] node dpath/b_reg/n3:768561 resistance 10.7 cap 0.00065854 slew 0.016325 delay 0.00718789 power 3.17965e-05
I0212 16:31:05.920017 3304482 lm_feature_timing.cpp:80] node dpath/b_reg/n13:464469 resistance 0.428 cap 0.00113875 slew 0.018543 delay 0.000487386 power 5.69182e-05
I0212 16:31:05.922078 3304574 lm_feature_timing.cpp:80] node ctrl_b_mux_sel_0_:378829 resistance 321.856 cap 0.000634259 slew 0.0310982 delay 2.98852 power 1.0275e-05
I0212 16:31:05.922094 3304554 lm_feature_timing.cpp:125] build net dpath/b_zero/n2 feature 
I0212 16:31:05.920078 3304535 lm_feature_timing.cpp:80] node dpath/b_reg/n2:776977 resistance 18.832 cap 0.000740761 slew 0.017303 delay 0.0141112 power 3.42071e-05
I0212 16:31:05.920109 3304532 lm_feature_timing.cpp:80] node dpath/a_reg/n5:729275 resistance 0.856 cap 0.00108746 slew 0.018395 delay 0.000941092 power 6.46668e-05
I0212 16:31:05.920121 3304468 lm_feature_timing.cpp:80] node dpath/a_reg_out[11]:830681 resistance 21.828 cap 0.00433802 slew 0.0394353 delay 0.107885 power 0.000266332
I0212 16:31:05.915648 3304587 lm_feature_timing.cpp:80] node dpath/a_reg_out[3]:741839 resistance 12.412 cap 0.00395335 slew 0.0423961 delay 0.0584014 power 0.000235089
I0212 16:31:05.922142 3304482 lm_feature_timing.cpp:80] node dpath/b_reg/out_reg_11_:D resistance 29.532 cap 0.000564376 slew 0.018543 delay 0.0251574 power 2.82092e-05
I0212 16:31:05.922160 3304535 lm_feature_timing.cpp:80] node dpath/b_reg/n2:759379 resistance 0.856 cap 0.000917146 slew 0.017303 delay 0.000795299 power 4.23522e-05
I0212 16:31:05.920210 3304581 lm_feature_timing.cpp:137] net dpath/a_mux/n1 resistance 23.112 cap 0.000838719 slew 0.00096547 delay 0.00823599 power 3.87426e-08
I0212 16:31:05.922185 3304468 lm_feature_timing.cpp:80] node dpath/a_reg_out[11]:830681 resistance 21.828 cap 0.00433802 slew 0.0394353 delay 0.107885 power 0.000266332
I0212 16:31:05.912760 3304480 lm_feature_timing.cpp:137] net dpath/a_reg/n2 resistance 17.976 cap 0.000751921 slew 0.00101942 delay 0.00588519 power 2.81239e-08
I0212 16:31:05.922219 3304535 lm_feature_timing.cpp:80] node dpath/b_reg/n2:776977 resistance 18.832 cap 0.000740761 slew 0.017303 delay 0.0141112 power 3.42071e-05
I0212 16:31:05.920284 3304578 lm_feature_timing.cpp:80] node dpath/a_lt_b/n13:741109 resistance 9.416 cap 0.000699275 slew 0.031831 delay 0.00750923 power 2.23122e-05
I0212 16:31:05.920327 3304571 lm_feature_timing.cpp:80] node dpath/a_mux_out[6]:754505 resistance 21.828 cap 0.000618653 slew 0.017149 delay 0.0181208 power 6.66613e-05
I0212 16:31:05.920325 3304475 lm_feature_timing.cpp:80] node dpath/a_reg_out[8]:793895 resistance 50.932 cap 0.00112675 slew 0.0475416 delay 0.24249 power 7.99733e-05
I0212 16:31:05.920352 3304492 lm_feature_timing.cpp:80] node dpath/b_mux/U10:B2 resistance 13.696 cap 0.000667642 slew 0.0427543 delay 0.191945 power 1.08158e-05
I0212 16:31:05.920359 3304477 lm_feature_timing.cpp:80] node dpath/a_reg_out[7]:790567 resistance 28.676 cap 0.00219025 slew 0.0402571 delay 0.100493 power 0.000150425
I0212 16:31:05.920392 3304548 lm_feature_timing.cpp:125] build net dpath/b_reg_out[4] feature 
I0212 16:31:05.915858 3304471 lm_feature_timing.cpp:80] node dpath/b_reg_out[1]:418307 resistance 0.856 cap 0.00484337 slew 0.036533 delay 0.00414592 power 0.000233854
I0212 16:31:05.922847 3304475 lm_feature_timing.cpp:80] node dpath/a_reg_out[8]:441920 resistance 57.352 cap 0.000991863 slew 0.0475416 delay 0.248858 power 7.03996e-05
