I0406 21:38:15.711335 2258430 LibParserRustC.cc:1296] link liberty file /data/project_share/process_node/dataset_baseline/lib/ts5n28hpcplvta64x128m2fw_130a_ssg0p81v125c.lib start.
I0406 21:38:15.711347 2258431 LibParserRustC.cc:1296] link liberty file /data/project_share/process_node/dataset_baseline/lib/ts5n28hpcplvta256x32m4fw_130a_ssg0p81v125c.lib start.
I0406 21:38:15.711336 2258432 LibParserRustC.cc:1296] link liberty file /data/project_share/process_node/dataset_baseline/lib/tcbn28hpcplusbwp35p140oppuhvtssg0p81v125c_ccs.lib start.
I0406 21:38:15.711382 2258434 LibParserRustC.cc:1296] link liberty file /data/project_share/process_node/dataset_baseline/lib/ts5n28hpcplvta128x80m2f_130a_ssg0p81v125c.lib start.
I0406 21:38:15.711372 2258433 LibParserRustC.cc:1296] link liberty file /data/project_share/process_node/dataset_baseline/lib/ts5n28hpcplvta128x64m2f_130a_ssg0p81v125c.lib start.
I0406 21:38:15.711401 2258437 LibParserRustC.cc:1296] link liberty file /data/project_share/process_node/dataset_baseline/lib/ts5n28hpcplvta512x64m4f_130a_ssg0p81v125c.lib start.
I0406 21:38:15.711506 2258439 LibParserRustC.cc:1296] link liberty file /data/project_share/process_node/dataset_baseline/lib/ts5n28hpcplvta64x32m2f_130a_ssg0p81v125c.lib start.
I0406 21:38:15.711726 2258441 LibParserRustC.cc:1296] link liberty file /data/project_share/process_node/dataset_baseline/lib/ts5n28hpcplvta64x8m2f_130a_ssg0p81v125c.lib start.
I0406 21:38:15.711764 2258445 LibParserRustC.cc:1296] link liberty file /data/project_share/process_node/dataset_baseline/lib/ts5n28hpcplvta32x32m2f_130a_ssg0p81v125c.lib start.
I0406 21:38:15.711786 2258443 LibParserRustC.cc:1296] link liberty file /data/project_share/process_node/dataset_baseline/lib/ts5n28hpcplvta256x16m2f_130a_ssg0p81v125c.lib start.
I0406 21:38:15.711809 2258426 LibParserRustC.cc:660] unkown attri name: technology in /data/project_share/process_node/dataset_baseline/lib/tcbn28hpcplusbwp30p140opplvtssg0p81v125c_ccs.lib line no 44
I0406 21:38:15.711916 2258447 LibParserRustC.cc:1296] link liberty file /data/project_share/process_node/dataset_baseline/lib/ts5n28hpcplvta8x128m2f_130a_ssg0p81v125c.lib start.
I0406 21:38:15.711827 2258444 LibParserRustC.cc:1296] link liberty file /data/project_share/process_node/dataset_baseline/lib/ts6n28hpcplvta512x2m8f_130a_ssg0p81v125c.lib start.
I0406 21:38:15.711844 2258446 LibParserRustC.cc:1296] link liberty file /data/project_share/process_node/dataset_baseline/lib/ts6n28hpcplvta16x128m2f_130a_ssg0p81v125c.lib start.
I0406 21:38:15.711848 2258427 LibParserRustC.cc:660] unkown attri name: define_cell_area in /data/project_share/process_node/dataset_baseline/lib/tcbn28hpcplusbwp30p140oppssg0p81v125c_ccs.lib line no 67
I0406 21:38:15.711824 2258448 LibParserRustC.cc:1296] link liberty file /data/project_share/process_node/dataset_baseline/lib/ts5n28hpcplvta64x64m2f_130a_ssg0p81v125c.lib start.
I0406 21:38:15.712085 2258430 LibParserRustC.cc:660] unkown attri name: technology in /data/project_share/process_node/dataset_baseline/lib/ts5n28hpcplvta64x128m2fw_130a_ssg0p81v125c.lib line no 26
I0406 21:38:15.711957 2258429 LibParserRustC.cc:660] unkown attri name: voltage_map in /data/project_share/process_node/dataset_baseline/lib/ts5n28hpcplvta64x128m2f_130a_ssg0p81v125c.lib line no 32
I0406 21:38:15.711961 2258440 LibParserRustC.cc:1296] link liberty file /data/project_share/process_node/dataset_baseline/lib/ts5n28hpcplvta32x128m2f_130a_ssg0p81v125c.lib start.
I0406 21:38:15.712000 2258435 LibParserRustC.cc:660] unkown attri name: voltage_map in /data/project_share/process_node/dataset_baseline/lib/ts5n28hpcplvta128x8m2f_130a_ssg0p81v125c.lib line no 33
I0406 21:38:15.711956 2258426 LibParserRustC.cc:660] unkown attri name: define_cell_area in /data/project_share/process_node/dataset_baseline/lib/tcbn28hpcplusbwp30p140opplvtssg0p81v125c_ccs.lib line no 67
I0406 21:38:15.712121 2258431 LibParserRustC.cc:660] unkown attri name: library_features in /data/project_share/process_node/dataset_baseline/lib/ts5n28hpcplvta256x32m4fw_130a_ssg0p81v125c.lib line no 51
I0406 21:38:15.712180 2258433 LibParserRustC.cc:660] unkown attri name: voltage_map in /data/project_share/process_node/dataset_baseline/lib/ts5n28hpcplvta128x64m2f_130a_ssg0p81v125c.lib line no 33
I0406 21:38:15.712396 2258433 LibParserRustC.cc:660] unkown attri name: library_features in /data/project_share/process_node/dataset_baseline/lib/ts5n28hpcplvta128x64m2f_130a_ssg0p81v125c.lib line no 51
I0406 21:38:15.712426 2258441 LibParserRustC.cc:660] unkown attri name: library_features in /data/project_share/process_node/dataset_baseline/lib/ts5n28hpcplvta64x8m2f_130a_ssg0p81v125c.lib line no 51
I0406 21:38:15.712244 2258437 LibParserRustC.cc:660] unkown attri name: voltage_map in /data/project_share/process_node/dataset_baseline/lib/ts5n28hpcplvta512x64m4f_130a_ssg0p81v125c.lib line no 33
I0406 21:38:15.712292 2258439 LibParserRustC.cc:660] unkown attri name: define_cell_area in /data/project_share/process_node/dataset_baseline/lib/ts5n28hpcplvta64x32m2f_130a_ssg0p81v125c.lib line no 53
I0406 21:38:15.712230 2258442 LibParserRustC.cc:1296] link liberty file /data/project_share/process_node/dataset_baseline/lib/ts5n28hpcplvta64x80m2f_130a_ssg0p81v125c.lib start.
I0406 21:38:15.712464 2258443 LibParserRustC.cc:660] unkown attri name: define_cell_area in /data/project_share/process_node/dataset_baseline/lib/ts5n28hpcplvta256x16m2f_130a_ssg0p81v125c.lib line no 53
I0406 21:38:15.712522 2258447 LibParserRustC.cc:660] unkown attri name: library_features in /data/project_share/process_node/dataset_baseline/lib/ts5n28hpcplvta8x128m2f_130a_ssg0p81v125c.lib line no 51
I0406 21:38:15.712612 2258448 LibParserRustC.cc:660] unkown attri name: library_features in /data/project_share/process_node/dataset_baseline/lib/ts5n28hpcplvta64x64m2f_130a_ssg0p81v125c.lib line no 51
I0406 21:38:15.713088 2258441 LibParserRustC.cc:660] unkown attri name: define_cell_area in /data/project_share/process_node/dataset_baseline/lib/ts5n28hpcplvta64x8m2f_130a_ssg0p81v125c.lib line no 54
I0406 21:38:15.713290 2258448 LibParserRustC.cc:660] unkown attri name: library_features in /data/project_share/process_node/dataset_baseline/lib/ts5n28hpcplvta64x64m2f_130a_ssg0p81v125c.lib line no 52
I0406 21:38:15.715305 2258452 LibParserRustC.cc:1296] link liberty file /data/project_share/process_node/dataset_baseline/lib/ts5n28hpcplvta128x144m2fw_130a_ssg0p81v125c.lib start.
I0406 21:38:15.715332 2258453 LibParserRustC.cc:1296] link liberty file /data/project_share/process_node/dataset_baseline/lib/ts5n28hpcplvta256x144m2fw_130a_ssg0p81v125c.lib start.
I0406 21:38:15.715345 2258454 LibParserRustC.cc:1296] link liberty file /data/project_share/process_node/dataset_baseline/lib/PLLTS28HPMLAINT_SS_0P81_125C.lib start.
I0406 21:38:15.715355 2258450 LibParserRustC.cc:1296] link liberty file /data/project_share/process_node/dataset_baseline/lib/ts5n28hpcplvta1024x32m8fw_130a_ssg0p81v125c.lib start.
I0406 21:38:15.715379 2258456 LibParserRustC.cc:1296] link liberty file /data/project_share/process_node/T28_lib/ccslib/ts6n28hpcplvta2048x32m8sw_130a_ssg0p81vm40c.lib start.
I0406 21:38:15.715305 2258451 LibParserRustC.cc:1296] link liberty file /data/project_share/process_node/dataset_baseline/lib/ts5n28hpcplvta8x144m2f_130a_ssg0p81v125c.lib start.
I0406 21:38:15.715358 2258455 LibParserRustC.cc:1296] link liberty file /data/project_share/process_node/dataset_baseline/lib/tphn28hpcpgv18ssg0p81v1p62v125c.lib start.
I0406 21:38:15.716146 2258452 LibParserRustC.cc:660] unkown attri name: technology in /data/project_share/process_node/dataset_baseline/lib/ts5n28hpcplvta128x144m2fw_130a_ssg0p81v125c.lib line no 26
I0406 21:38:15.716706 2258439 LibParserRustC.cc:1302] link liberty file /data/project_share/process_node/dataset_baseline/lib/ts5n28hpcplvta64x32m2f_130a_ssg0p81v125c.lib success.
I0406 21:38:15.719833 2258439 LibParserRustC.cc:1296] link liberty file /data/project_share/process_node/T28_lib/ccslib/ts1n28hpcplvtb2048x48m8sw_180a_ssg0p81vm40c.lib start.
I0406 21:38:15.716312 2258431 LibParserRustC.cc:1302] link liberty file /data/project_share/process_node/dataset_baseline/lib/ts5n28hpcplvta256x32m4fw_130a_ssg0p81v125c.lib success.
I0406 21:38:15.716359 2258451 LibParserRustC.cc:660] unkown attri name: library_features in /data/project_share/process_node/dataset_baseline/lib/ts5n28hpcplvta8x144m2f_130a_ssg0p81v125c.lib line no 51
I0406 21:38:15.716394 2258429 LibParserRustC.cc:1302] link liberty file /data/project_share/process_node/dataset_baseline/lib/ts5n28hpcplvta64x128m2f_130a_ssg0p81v125c.lib success.
I0406 21:38:15.716547 2258450 LibParserRustC.cc:660] unkown attri name: voltage_map in /data/project_share/process_node/dataset_baseline/lib/ts5n28hpcplvta1024x32m8fw_130a_ssg0p81v125c.lib line no 32
I0406 21:38:15.716601 2258436 LibParserRustC.cc:1302] link liberty file /data/project_share/process_node/dataset_baseline/lib/ts5n28hpcplvta128x32m2f_130a_ssg0p81v125c.lib success.
I0406 21:38:15.720357 2258439 LibParserRustC.cc:660] unkown attri name: technology in /data/project_share/process_node/T28_lib/ccslib/ts1n28hpcplvtb2048x48m8sw_180a_ssg0p81vm40c.lib line no 26
I0406 21:38:15.716729 2258443 LibParserRustC.cc:1302] link liberty file /data/project_share/process_node/dataset_baseline/lib/ts5n28hpcplvta256x16m2f_130a_ssg0p81v125c.lib success.
I0406 21:38:15.716987 2258445 LibParserRustC.cc:1302] link liberty file /data/project_share/process_node/dataset_baseline/lib/ts5n28hpcplvta32x32m2f_130a_ssg0p81v125c.lib success.
I0406 21:38:15.717010 2258441 LibParserRustC.cc:1302] link liberty file /data/project_share/process_node/dataset_baseline/lib/ts5n28hpcplvta64x8m2f_130a_ssg0p81v125c.lib success.
I0406 21:38:15.717260 2258430 LibParserRustC.cc:1302] link liberty file /data/project_share/process_node/dataset_baseline/lib/ts5n28hpcplvta64x128m2fw_130a_ssg0p81v125c.lib success.
I0406 21:38:15.721035 2258430 LibParserRustC.cc:1296] link liberty file /data/project_share/process_node/dataset_baseline/lib/tcbn28hpcplusbwp35p140oppulvtssg0p81v125c_ccs.lib start.
I0406 21:38:15.721683 2258456 LibParserRustC.cc:1302] link liberty file /data/project_share/process_node/T28_lib/ccslib/ts6n28hpcplvta2048x32m8sw_130a_ssg0p81vm40c.lib success.
I0406 21:38:15.717397 2258448 LibParserRustC.cc:1302] link liberty file /data/project_share/process_node/dataset_baseline/lib/ts5n28hpcplvta64x64m2f_130a_ssg0p81v125c.lib success.
I0406 21:38:15.727535 2258456 LibParserRustC.cc:1296] link liberty file /data/project_share/process_node/T28_lib/ccslib/RocketTile_postroute_func_ssg0p81vm40c_cworst_T_setup.lib start.
I0406 21:38:15.717551 2258442 LibParserRustC.cc:1302] link liberty file /data/project_share/process_node/dataset_baseline/lib/ts5n28hpcplvta64x80m2f_130a_ssg0p81v125c.lib success.
I0406 21:38:15.715749 2258435 LibParserRustC.cc:1302] link liberty file /data/project_share/process_node/dataset_baseline/lib/ts5n28hpcplvta128x8m2f_130a_ssg0p81v125c.lib success.
I0406 21:38:15.719337 2258438 LibParserRustC.cc:1302] link liberty file /data/project_share/process_node/dataset_baseline/lib/ts5n28hpcplvta512x64m4fw_130a_ssg0p81v125c.lib success.
I0406 21:38:15.719357 2258437 LibParserRustC.cc:1302] link liberty file /data/project_share/process_node/dataset_baseline/lib/ts5n28hpcplvta512x64m4f_130a_ssg0p81v125c.lib success.
I0406 21:38:15.719552 2258433 LibParserRustC.cc:1302] link liberty file /data/project_share/process_node/dataset_baseline/lib/ts5n28hpcplvta128x64m2f_130a_ssg0p81v125c.lib success.
I0406 21:38:15.719692 2258434 LibParserRustC.cc:1302] link liberty file /data/project_share/process_node/dataset_baseline/lib/ts5n28hpcplvta128x80m2f_130a_ssg0p81v125c.lib success.
I0406 21:38:15.720209 2258447 LibParserRustC.cc:1302] link liberty file /data/project_share/process_node/dataset_baseline/lib/ts5n28hpcplvta8x128m2f_130a_ssg0p81v125c.lib success.
I0406 21:38:15.720252 2258431 LibParserRustC.cc:1296] link liberty file /data/project_share/process_node/T28_lib/ccslib/ts1n28hpcplvtb8192x64m8sw_180a_ssg0p81vm40c.lib start.
I0406 21:38:15.720319 2258429 LibParserRustC.cc:1296] link liberty file /data/project_share/process_node/T28_lib/mem/ts5n28hpcplvta256x64m2fw_130a_ssg0p81v125c.lib start.
I0406 21:38:15.716192 2258453 LibParserRustC.cc:660] unkown attri name: library_features in /data/project_share/process_node/dataset_baseline/lib/ts5n28hpcplvta256x144m2fw_130a_ssg0p81v125c.lib line no 52
I0406 21:38:15.720374 2258436 LibParserRustC.cc:1296] link liberty file /data/project_share/process_node/dataset_baseline/lib/tcbn28hpcplusbwp30p140opphvtssg0p81v125c_ccs.lib start.
I0406 21:38:15.720857 2258452 LibParserRustC.cc:1302] link liberty file /data/project_share/process_node/dataset_baseline/lib/ts5n28hpcplvta128x144m2fw_130a_ssg0p81v125c.lib success.
I0406 21:38:15.720906 2258439 LibParserRustC.cc:660] unkown attri name: define_cell_area in /data/project_share/process_node/T28_lib/ccslib/ts1n28hpcplvtb2048x48m8sw_180a_ssg0p81vm40c.lib line no 53
I0406 21:38:15.720940 2258443 LibParserRustC.cc:1296] link liberty file /data/project_share/process_node/dataset_baseline/lib/tcbn28hpcplusbwp40p140oppuhvtssg0p81v125c_ccs.lib start.
I0406 21:38:15.720971 2258445 LibParserRustC.cc:1296] link liberty file /data/project_share/process_node/dataset_baseline/lib/tcbn28hpcplusbwp40p140opphvtssg0p81v125c_ccs.lib start.
I0406 21:38:15.721001 2258441 LibParserRustC.cc:1296] link liberty file /data/project_share/process_node/dataset_baseline/lib/tcbn28hpcplusbwp35p140oppssg0p81v125c_ccs.lib start.
I0406 21:38:15.717304 2258444 LibParserRustC.cc:1302] link liberty file /data/project_share/process_node/dataset_baseline/lib/ts6n28hpcplvta512x2m8f_130a_ssg0p81v125c.lib success.
I0406 21:38:15.722488 2258446 LibParserRustC.cc:1302] link liberty file /data/project_share/process_node/dataset_baseline/lib/ts6n28hpcplvta16x128m2f_130a_ssg0p81v125c.lib success.
I0406 21:38:15.723884 2258449 LibParserRustC.cc:1296] link liberty file /data/project_share/process_node/dataset_baseline/lib/tcbn28hpcplusbwp35p140opplvtssg0p81v125c_ccs.lib start.
I0406 21:38:15.723913 2258451 LibParserRustC.cc:1302] link liberty file /data/project_share/process_node/dataset_baseline/lib/ts5n28hpcplvta8x144m2f_130a_ssg0p81v125c.lib success.
I0406 21:38:15.724624 2258450 LibParserRustC.cc:1302] link liberty file /data/project_share/process_node/dataset_baseline/lib/ts5n28hpcplvta1024x32m8fw_130a_ssg0p81v125c.lib success.
I0406 21:38:15.728052 2258451 LibParserRustC.cc:1296] link liberty file /data/project_share/process_node/dataset_baseline/lib/tcbn28hpcplusbwp40p140uhvtssg0p81v125c_ccs.lib start.
I0406 21:38:15.717834 2258440 LibParserRustC.cc:1302] link liberty file /data/project_share/process_node/dataset_baseline/lib/ts5n28hpcplvta32x128m2f_130a_ssg0p81v125c.lib success.
I0406 21:38:15.728067 2258450 LibParserRustC.cc:1296] link liberty file /data/project_share/process_node/dataset_baseline/lib/tcbn28hpcplusbwp30p140ulvtssg0p81v125c_ccs.lib start.
I0406 21:38:15.727604 2258435 LibParserRustC.cc:1296] link liberty file /data/project_share/process_node/dataset_baseline/lib/tcbn28hpcplusbwp40p140oppssg0p81v125c_ccs.lib start.
I0406 21:38:15.728086 2258440 LibParserRustC.cc:1296] link liberty file /data/project_share/process_node/dataset_baseline/lib/tcbn28hpcplusbwp35p140ssg0p81v125c_ccs.lib start.
I0406 21:38:15.727634 2258438 LibParserRustC.cc:1296] link liberty file /data/project_share/process_node/dataset_baseline/lib/tcbn28hpcplusbwp30p140mblvtssg0p81v125c_ccs.lib start.
I0406 21:38:15.727663 2258437 LibParserRustC.cc:1296] link liberty file /data/project_share/process_node/dataset_baseline/lib/tcbn28hpcplusbwp35p140mbssg0p81v125c_ccs.lib start.
I0406 21:38:15.727689 2258433 LibParserRustC.cc:1296] link liberty file /data/project_share/process_node/dataset_baseline/lib/tcbn28hpcplusbwp40p140mbhvtssg0p81v125c_ccs.lib start.
I0406 21:38:15.727716 2258434 LibParserRustC.cc:1296] link liberty file /data/project_share/process_node/dataset_baseline/lib/tcbn28hpcplusbwp35p140mblvtssg0p81v125c_ccs.lib start.
I0406 21:38:15.727739 2258447 LibParserRustC.cc:1296] link liberty file /data/project_share/process_node/dataset_baseline/lib/tcbn28hpcplusbwp40p140mbssg0p81v125c_ccs.lib start.
I0406 21:38:15.727854 2258452 LibParserRustC.cc:1296] link liberty file /data/project_share/process_node/dataset_baseline/lib/tcbn28hpcplusbwp30p140mbssg0p81v125c_ccs.lib start.
I0406 21:38:15.727985 2258444 LibParserRustC.cc:1296] link liberty file /data/project_share/process_node/dataset_baseline/lib/tcbn28hpcplusbwp35p140mbhvtssg0p81v125c_ccs.lib start.
I0406 21:38:15.728018 2258446 LibParserRustC.cc:1296] link liberty file /data/project_share/process_node/dataset_baseline/lib/tcbn28hpcplusbwp40p140lvtssg0p81v125c_ccs.lib start.
I0406 21:38:15.727561 2258448 LibParserRustC.cc:1296] link liberty file /data/project_share/process_node/dataset_baseline/lib/tcbn28hpcplusbwp40p140opplvtssg0p81v125c_ccs.lib start.
I0406 21:38:15.727584 2258442 LibParserRustC.cc:1296] link liberty file /data/project_share/process_node/dataset_baseline/lib/tcbn28hpcplusbwp35p140opphvtssg0p81v125c_ccs.lib start.
I0406 21:38:15.728541 2258435 LibParserRustC.cc:660] unkown attri name: technology in /data/project_share/process_node/dataset_baseline/lib/tcbn28hpcplusbwp40p140oppssg0p81v125c_ccs.lib line no 44
I0406 21:38:15.728263 2258429 LibParserRustC.cc:660] unkown attri name: voltage_map in /data/project_share/process_node/T28_lib/mem/ts5n28hpcplvta256x64m2fw_130a_ssg0p81v125c.lib line no 33
I0406 21:38:15.728341 2258443 LibParserRustC.cc:660] unkown attri name: define_cell_area in /data/project_share/process_node/dataset_baseline/lib/tcbn28hpcplusbwp40p140oppuhvtssg0p81v125c_ccs.lib line no 67
I0406 21:38:15.728816 2258443 LibParserRustC.cc:660] unkown attri name: library_features in /data/project_share/process_node/dataset_baseline/lib/tcbn28hpcplusbwp40p140oppuhvtssg0p81v125c_ccs.lib line no 69
I0406 21:38:15.728560 2258437 LibParserRustC.cc:660] unkown attri name: voltage_map in /data/project_share/process_node/dataset_baseline/lib/tcbn28hpcplusbwp35p140mbssg0p81v125c_ccs.lib line no 54
I0406 21:38:15.728590 2258433 LibParserRustC.cc:660] unkown attri name: voltage_map in /data/project_share/process_node/dataset_baseline/lib/tcbn28hpcplusbwp40p140mbhvtssg0p81v125c_ccs.lib line no 53
I0406 21:38:15.728624 2258447 LibParserRustC.cc:660] unkown attri name: define_cell_area in /data/project_share/process_node/dataset_baseline/lib/tcbn28hpcplusbwp40p140mbssg0p81v125c_ccs.lib line no 67
I0406 21:38:15.728689 2258444 LibParserRustC.cc:660] unkown attri name: voltage_map in /data/project_share/process_node/dataset_baseline/lib/tcbn28hpcplusbwp35p140mbhvtssg0p81v125c_ccs.lib line no 53
I0406 21:38:15.729243 2258438 LibParserRustC.cc:660] unkown attri name: define in /data/project_share/process_node/dataset_baseline/lib/tcbn28hpcplusbwp30p140mblvtssg0p81v125c_ccs.lib line no 220
I0406 21:38:15.728744 2258446 LibParserRustC.cc:660] unkown attri name: define_cell_area in /data/project_share/process_node/dataset_baseline/lib/tcbn28hpcplusbwp40p140lvtssg0p81v125c_ccs.lib line no 68
I0406 21:38:15.728466 2258445 LibParserRustC.cc:660] unkown attri name: define_cell_area in /data/project_share/process_node/dataset_baseline/lib/tcbn28hpcplusbwp40p140opphvtssg0p81v125c_ccs.lib line no 67
I0406 21:38:15.728983 2258442 LibParserRustC.cc:660] unkown attri name: define_cell_area in /data/project_share/process_node/dataset_baseline/lib/tcbn28hpcplusbwp35p140opphvtssg0p81v125c_ccs.lib line no 67
I0406 21:38:15.729560 2258442 LibParserRustC.cc:660] unkown attri name: define_cell_area in /data/project_share/process_node/dataset_baseline/lib/tcbn28hpcplusbwp35p140opphvtssg0p81v125c_ccs.lib line no 68
I0406 21:38:15.728121 2258456 LibParserRustC.cc:660] unkown attri name: library_features in /data/project_share/process_node/T28_lib/ccslib/RocketTile_postroute_func_ssg0p81vm40c_cworst_T_setup.lib line no 5
I0406 21:38:15.731925 2258437 LibParserRustC.cc:660] unkown attri name: members in /data/project_share/process_node/dataset_baseline/lib/tcbn28hpcplusbwp35p140mbssg0p81v125c_ccs.lib line no 2899
I0406 21:38:15.732348 2258453 LibParserRustC.cc:1302] link liberty file /data/project_share/process_node/dataset_baseline/lib/ts5n28hpcplvta256x144m2fw_130a_ssg0p81v125c.lib success.
I0406 21:38:15.732374 2258453 LibParserRustC.cc:1296] link liberty file /data/project_share/process_node/dataset_baseline/lib/tcbn28hpcplusbwp30p140ssg0p81v125c_ccs.lib start.
I0406 21:38:15.732398 2258431 LibParserRustC.cc:1302] link liberty file /data/project_share/process_node/T28_lib/ccslib/ts1n28hpcplvtb8192x64m8sw_180a_ssg0p81vm40c.lib success.
I0406 21:38:15.732409 2258439 LibParserRustC.cc:1302] link liberty file /data/project_share/process_node/T28_lib/ccslib/ts1n28hpcplvtb2048x48m8sw_180a_ssg0p81vm40c.lib success.
I0406 21:38:15.732417 2258431 LibParserRustC.cc:1296] link liberty file /data/project_share/process_node/dataset_baseline/lib/tcbn28hpcplusbwp30p140uhvtssg0p81v125c_ccs.lib start.
I0406 21:38:15.732439 2258439 LibParserRustC.cc:1296] link liberty file /data/project_share/process_node/dataset_baseline/lib/tcbn28hpcplusbwp35p140hvtssg0p81v125c_ccs.lib start.
I0406 21:38:15.732829 2258453 LibParserRustC.cc:660] unkown attri name: library_features in /data/project_share/process_node/dataset_baseline/lib/tcbn28hpcplusbwp30p140ssg0p81v125c_ccs.lib line no 69
I0406 21:38:15.732899 2258439 LibParserRustC.cc:660] unkown attri name: define_cell_area in /data/project_share/process_node/dataset_baseline/lib/tcbn28hpcplusbwp35p140hvtssg0p81v125c_ccs.lib line no 67
I0406 21:38:15.732950 2258429 LibParserRustC.cc:1302] link liberty file /data/project_share/process_node/T28_lib/mem/ts5n28hpcplvta256x64m2fw_130a_ssg0p81v125c.lib success.
I0406 21:38:15.732982 2258429 LibParserRustC.cc:1296] link liberty file /data/project_share/process_node/dataset_baseline/lib/tcbn28hpcplusbwp40p140ssg0p81v125c_ccs.lib start.
I0406 21:38:15.733853 2258452 LibParserRustC.cc:660] unkown attri name: members in /data/project_share/process_node/dataset_baseline/lib/tcbn28hpcplusbwp30p140mbssg0p81v125c_ccs.lib line no 4421
I0406 21:38:15.748037 2258454 LibParserRustC.cc:1302] link liberty file /data/project_share/process_node/dataset_baseline/lib/PLLTS28HPMLAINT_SS_0P81_125C.lib success.
I0406 21:38:15.748068 2258454 LibParserRustC.cc:1296] link liberty file /data/project_share/process_node/dataset_baseline/lib/tcbn28hpcplusbwp30p140hvtssg0p81v125c_ccs.lib start.
I0406 21:38:15.748548 2258454 LibParserRustC.cc:660] unkown attri name: library_features in /data/project_share/process_node/dataset_baseline/lib/tcbn28hpcplusbwp30p140hvtssg0p81v125c_ccs.lib line no 69
I0406 21:38:16.165614 2258438 LibParserRustC.cc:660] unkown attri name: members in /data/project_share/process_node/dataset_baseline/lib/tcbn28hpcplusbwp30p140mblvtssg0p81v125c_ccs.lib line no 35839
I0406 21:38:16.418834 2258437 LibParserRustC.cc:660] unkown attri name: members in /data/project_share/process_node/dataset_baseline/lib/tcbn28hpcplusbwp35p140mbssg0p81v125c_ccs.lib line no 35839
I0406 21:38:17.145401 2258455 LibParserRustC.cc:1302] link liberty file /data/project_share/process_node/dataset_baseline/lib/tphn28hpcpgv18ssg0p81v1p62v125c.lib success.
I0406 21:38:17.145462 2258455 LibParserRustC.cc:1296] link liberty file /data/project_share/process_node/dataset_baseline/lib/tcbn28hpcplusbwp30p140lvtssg0p81v125c_ccs.lib start.
I0406 21:38:17.159475 2258455 LibParserRustC.cc:660] unkown attri name: technology in /data/project_share/process_node/dataset_baseline/lib/tcbn28hpcplusbwp30p140lvtssg0p81v125c_ccs.lib line no 44
I0406 21:38:17.370174 2258434 LibParserRustC.cc:660] unkown attri name: members in /data/project_share/process_node/dataset_baseline/lib/tcbn28hpcplusbwp35p140mblvtssg0p81v125c_ccs.lib line no 91341
I0406 21:38:17.761520 2258447 LibParserRustC.cc:660] unkown attri name: members in /data/project_share/process_node/dataset_baseline/lib/tcbn28hpcplusbwp40p140mbssg0p81v125c_ccs.lib line no 18392
I0406 21:38:17.937789 2258433 LibParserRustC.cc:660] unkown attri name: members in /data/project_share/process_node/dataset_baseline/lib/tcbn28hpcplusbwp40p140mbhvtssg0p81v125c_ccs.lib line no 91349
I0406 21:38:18.141542 2258447 LibParserRustC.cc:660] unkown attri name: members in /data/project_share/process_node/dataset_baseline/lib/tcbn28hpcplusbwp40p140mbssg0p81v125c_ccs.lib line no 59449
I0406 21:38:18.357291 2258447 LibParserRustC.cc:660] unkown attri name: members in /data/project_share/process_node/dataset_baseline/lib/tcbn28hpcplusbwp40p140mbssg0p81v125c_ccs.lib line no 79966
I0406 21:38:18.654599 2258452 LibParserRustC.cc:660] unkown attri name: members in /data/project_share/process_node/dataset_baseline/lib/tcbn28hpcplusbwp30p140mbssg0p81v125c_ccs.lib line no 35839
I0406 21:38:19.049377 2258438 LibParserRustC.cc:660] unkown attri name: members in /data/project_share/process_node/dataset_baseline/lib/tcbn28hpcplusbwp30p140mblvtssg0p81v125c_ccs.lib line no 164052
I0406 21:38:19.493206 2258438 LibParserRustC.cc:660] unkown attri name: members in /data/project_share/process_node/dataset_baseline/lib/tcbn28hpcplusbwp30p140mblvtssg0p81v125c_ccs.lib line no 190853
I0406 21:38:20.179296 2258433 LibParserRustC.cc:660] unkown attri name: members in /data/project_share/process_node/dataset_baseline/lib/tcbn28hpcplusbwp40p140mbhvtssg0p81v125c_ccs.lib line no 190865
I0406 21:38:20.756064 2258444 LibParserRustC.cc:660] unkown attri name: members in /data/project_share/process_node/dataset_baseline/lib/tcbn28hpcplusbwp35p140mbhvtssg0p81v125c_ccs.lib line no 35839
I0406 21:38:21.033917 2258456 LibParserRustC.cc:1302] link liberty file /data/project_share/process_node/T28_lib/ccslib/RocketTile_postroute_func_ssg0p81vm40c_cworst_T_setup.lib success.
I0406 21:38:21.034224 2258456 LibParserRustC.cc:1296] link liberty file /data/project_share/process_node/dataset_baseline/lib/tcbn28hpcplusbwp35p140lvtssg0p81v125c_ccs.lib start.
I0406 21:38:21.067611 2258433 LibParserRustC.cc:660] unkown attri name: members in /data/project_share/process_node/dataset_baseline/lib/tcbn28hpcplusbwp40p140mbhvtssg0p81v125c_ccs.lib line no 226851
I0406 21:38:21.554611 2258438 LibParserRustC.cc:660] unkown attri name: members in /data/project_share/process_node/dataset_baseline/lib/tcbn28hpcplusbwp30p140mblvtssg0p81v125c_ccs.lib line no 278409
I0406 21:38:21.949412 2258444 LibParserRustC.cc:660] unkown attri name: members in /data/project_share/process_node/dataset_baseline/lib/tcbn28hpcplusbwp35p140mbhvtssg0p81v125c_ccs.lib line no 59441
I0406 21:38:22.552593 2258447 LibParserRustC.cc:660] unkown attri name: members in /data/project_share/process_node/dataset_baseline/lib/tcbn28hpcplusbwp40p140mbssg0p81v125c_ccs.lib line no 226851
I0406 21:38:22.975615 2258433 LibParserRustC.cc:660] unkown attri name: members in /data/project_share/process_node/dataset_baseline/lib/tcbn28hpcplusbwp40p140mbhvtssg0p81v125c_ccs.lib line no 278425
I0406 21:38:23.590516 2258438 LibParserRustC.cc:660] unkown attri name: members in /data/project_share/process_node/dataset_baseline/lib/tcbn28hpcplusbwp30p140mblvtssg0p81v125c_ccs.lib line no 352929
I0406 21:38:24.284011 2258444 LibParserRustC.cc:660] unkown attri name: members in /data/project_share/process_node/dataset_baseline/lib/tcbn28hpcplusbwp35p140mbhvtssg0p81v125c_ccs.lib line no 164052
I0406 21:38:24.681206 2258433 LibParserRustC.cc:660] unkown attri name: members in /data/project_share/process_node/dataset_baseline/lib/tcbn28hpcplusbwp40p140mbhvtssg0p81v125c_ccs.lib line no 358877
I0406 21:38:25.640844 2258434 LibParserRustC.cc:660] unkown attri name: members in /data/project_share/process_node/dataset_baseline/lib/tcbn28hpcplusbwp35p140mblvtssg0p81v125c_ccs.lib line no 396484
I0406 21:38:26.147936 2258437 LibParserRustC.cc:660] unkown attri name: members in /data/project_share/process_node/dataset_baseline/lib/tcbn28hpcplusbwp35p140mbssg0p81v125c_ccs.lib line no 510577
I0406 21:38:26.565402 2258432 LibParserRustC.cc:1302] link liberty file /data/project_share/process_node/dataset_baseline/lib/tcbn28hpcplusbwp35p140oppuhvtssg0p81v125c_ccs.lib success.
I0406 21:38:26.565467 2258432 LibParserRustC.cc:1296] link liberty file /data/project_share/process_node/dataset_baseline/lib/tcbn28hpcplusbwp40p140hvtssg0p81v125c_ccs.lib start.
I0406 21:38:26.565979 2258432 LibParserRustC.cc:660] unkown attri name: voltage_map in /data/project_share/process_node/dataset_baseline/lib/tcbn28hpcplusbwp40p140hvtssg0p81v125c_ccs.lib line no 54
I0406 21:38:26.768805 2258436 LibParserRustC.cc:1302] link liberty file /data/project_share/process_node/dataset_baseline/lib/tcbn28hpcplusbwp30p140opphvtssg0p81v125c_ccs.lib success.
I0406 21:38:26.768874 2258436 LibParserRustC.cc:1296] link liberty file /data/project_share/process_node/dataset_baseline/lib/tcbn28hpcplusbwp35p140ulvtssg0p81v125c_ccs.lib start.
I0406 21:38:26.769402 2258436 LibParserRustC.cc:660] unkown attri name: define_cell_area in /data/project_share/process_node/dataset_baseline/lib/tcbn28hpcplusbwp35p140ulvtssg0p81v125c_ccs.lib line no 68
I0406 21:38:26.877442 2258435 LibParserRustC.cc:1302] link liberty file /data/project_share/process_node/dataset_baseline/lib/tcbn28hpcplusbwp40p140oppssg0p81v125c_ccs.lib success.
I0406 21:38:26.883078 2258435 LibParserRustC.cc:1296] link liberty file /data/project_share/process_node/dataset_baseline/lib/tcbn28hpcplusbwp35p140uhvtssg0p81v125c_ccs.lib start.
I0406 21:38:26.993983 2258445 LibParserRustC.cc:1302] link liberty file /data/project_share/process_node/dataset_baseline/lib/tcbn28hpcplusbwp40p140opphvtssg0p81v125c_ccs.lib success.
I0406 21:38:27.099642 2258444 LibParserRustC.cc:660] unkown attri name: members in /data/project_share/process_node/dataset_baseline/lib/tcbn28hpcplusbwp35p140mbhvtssg0p81v125c_ccs.lib line no 300533
I0406 21:38:27.774523 2258437 LibParserRustC.cc:660] unkown attri name: members in /data/project_share/process_node/dataset_baseline/lib/tcbn28hpcplusbwp35p140mbssg0p81v125c_ccs.lib line no 561920
I0406 21:38:28.116140 2258433 LibParserRustC.cc:660] unkown attri name: members in /data/project_share/process_node/dataset_baseline/lib/tcbn28hpcplusbwp40p140mbhvtssg0p81v125c_ccs.lib line no 504287
I0406 21:38:28.156203 2258449 LibParserRustC.cc:1302] link liberty file /data/project_share/process_node/dataset_baseline/lib/tcbn28hpcplusbwp35p140opplvtssg0p81v125c_ccs.lib success.
I0406 21:38:28.325431 2258425 LibParserRustC.cc:1302] link liberty file /data/project_share/process_node/dataset_baseline/lib/tcbn28hpcplusbwp30p140oppulvtssg0p81v125c_ccs.lib success.
I0406 21:38:29.056735 2258438 LibParserRustC.cc:660] unkown attri name: members in /data/project_share/process_node/dataset_baseline/lib/tcbn28hpcplusbwp30p140mblvtssg0p81v125c_ccs.lib line no 564284
I0406 21:38:29.369979 2258426 LibParserRustC.cc:1302] link liberty file /data/project_share/process_node/dataset_baseline/lib/tcbn28hpcplusbwp30p140opplvtssg0p81v125c_ccs.lib success.
I0406 21:38:29.515941 2258430 LibParserRustC.cc:1302] link liberty file /data/project_share/process_node/dataset_baseline/lib/tcbn28hpcplusbwp35p140oppulvtssg0p81v125c_ccs.lib success.
I0406 21:38:30.109490 2258447 LibParserRustC.cc:660] unkown attri name: members in /data/project_share/process_node/dataset_baseline/lib/tcbn28hpcplusbwp40p140mbssg0p81v125c_ccs.lib line no 449091
I0406 21:38:30.622141 2258433 LibParserRustC.cc:660] unkown attri name: members in /data/project_share/process_node/dataset_baseline/lib/tcbn28hpcplusbwp40p140mbhvtssg0p81v125c_ccs.lib line no 595209
I0406 21:38:31.232165 2258428 LibParserRustC.cc:1302] link liberty file /data/project_share/process_node/dataset_baseline/lib/tcbn28hpcplusbwp30p140oppuhvtssg0p81v125c_ccs.lib success.
I0406 21:38:31.558305 2258441 LibParserRustC.cc:1302] link liberty file /data/project_share/process_node/dataset_baseline/lib/tcbn28hpcplusbwp35p140oppssg0p81v125c_ccs.lib success.
I0406 21:38:31.602950 2258444 LibParserRustC.cc:660] unkown attri name: members in /data/project_share/process_node/dataset_baseline/lib/tcbn28hpcplusbwp35p140mbhvtssg0p81v125c_ccs.lib line no 504263
I0406 21:38:31.621099 2258443 LibParserRustC.cc:1302] link liberty file /data/project_share/process_node/dataset_baseline/lib/tcbn28hpcplusbwp40p140oppuhvtssg0p81v125c_ccs.lib success.
I0406 21:38:32.759052 2258447 LibParserRustC.cc:660] unkown attri name: members in /data/project_share/process_node/dataset_baseline/lib/tcbn28hpcplusbwp40p140mbssg0p81v125c_ccs.lib line no 561944
I0406 21:38:33.002715 2258448 LibParserRustC.cc:1302] link liberty file /data/project_share/process_node/dataset_baseline/lib/tcbn28hpcplusbwp40p140opplvtssg0p81v125c_ccs.lib success.
I0406 21:38:33.813927 2258447 LibParserRustC.cc:660] unkown attri name: members in /data/project_share/process_node/dataset_baseline/lib/tcbn28hpcplusbwp40p140mbssg0p81v125c_ccs.lib line no 628929
I0406 21:38:34.441412 2258442 LibParserRustC.cc:1302] link liberty file /data/project_share/process_node/dataset_baseline/lib/tcbn28hpcplusbwp35p140opphvtssg0p81v125c_ccs.lib success.
I0406 21:38:34.655064 2258444 LibParserRustC.cc:660] unkown attri name: members in /data/project_share/process_node/dataset_baseline/lib/tcbn28hpcplusbwp35p140mbhvtssg0p81v125c_ccs.lib line no 676005
I0406 21:38:36.370761 2258427 LibParserRustC.cc:1302] link liberty file /data/project_share/process_node/dataset_baseline/lib/tcbn28hpcplusbwp30p140oppssg0p81v125c_ccs.lib success.
I0406 21:38:37.566540 2258433 LibParserRustC.cc:1302] link liberty file /data/project_share/process_node/dataset_baseline/lib/tcbn28hpcplusbwp40p140mbhvtssg0p81v125c_ccs.lib success.
I0406 21:38:38.232033 2258444 LibParserRustC.cc:1302] link liberty file /data/project_share/process_node/dataset_baseline/lib/tcbn28hpcplusbwp35p140mbhvtssg0p81v125c_ccs.lib success.
I0406 21:38:38.291193 2258438 LibParserRustC.cc:1302] link liberty file /data/project_share/process_node/dataset_baseline/lib/tcbn28hpcplusbwp30p140mblvtssg0p81v125c_ccs.lib success.
I0406 21:38:38.299690 2258437 LibParserRustC.cc:1302] link liberty file /data/project_share/process_node/dataset_baseline/lib/tcbn28hpcplusbwp35p140mbssg0p81v125c_ccs.lib success.
I0406 21:38:38.819094 2258447 LibParserRustC.cc:1302] link liberty file /data/project_share/process_node/dataset_baseline/lib/tcbn28hpcplusbwp40p140mbssg0p81v125c_ccs.lib success.
I0406 21:38:39.564831 2258452 LibParserRustC.cc:1302] link liberty file /data/project_share/process_node/dataset_baseline/lib/tcbn28hpcplusbwp30p140mbssg0p81v125c_ccs.lib success.
I0406 21:38:39.807548 2258434 LibParserRustC.cc:1302] link liberty file /data/project_share/process_node/dataset_baseline/lib/tcbn28hpcplusbwp35p140mblvtssg0p81v125c_ccs.lib success.
I0406 21:42:31.932448 2258439 LibParserRustC.cc:1302] link liberty file /data/project_share/process_node/dataset_baseline/lib/tcbn28hpcplusbwp35p140hvtssg0p81v125c_ccs.lib success.
I0406 21:42:33.178746 2258440 LibParserRustC.cc:1302] link liberty file /data/project_share/process_node/dataset_baseline/lib/tcbn28hpcplusbwp35p140ssg0p81v125c_ccs.lib success.
I0406 21:42:34.551908 2258446 LibParserRustC.cc:1302] link liberty file /data/project_share/process_node/dataset_baseline/lib/tcbn28hpcplusbwp40p140lvtssg0p81v125c_ccs.lib success.
I0406 21:42:34.603605 2258451 LibParserRustC.cc:1302] link liberty file /data/project_share/process_node/dataset_baseline/lib/tcbn28hpcplusbwp40p140uhvtssg0p81v125c_ccs.lib success.
I0406 21:42:35.328933 2258454 LibParserRustC.cc:1302] link liberty file /data/project_share/process_node/dataset_baseline/lib/tcbn28hpcplusbwp30p140hvtssg0p81v125c_ccs.lib success.
I0406 21:42:36.346009 2258431 LibParserRustC.cc:1302] link liberty file /data/project_share/process_node/dataset_baseline/lib/tcbn28hpcplusbwp30p140uhvtssg0p81v125c_ccs.lib success.
I0406 21:42:37.103045 2258453 LibParserRustC.cc:1302] link liberty file /data/project_share/process_node/dataset_baseline/lib/tcbn28hpcplusbwp30p140ssg0p81v125c_ccs.lib success.
I0406 21:42:37.112403 2258432 LibParserRustC.cc:1302] link liberty file /data/project_share/process_node/dataset_baseline/lib/tcbn28hpcplusbwp40p140hvtssg0p81v125c_ccs.lib success.
I0406 21:42:37.692027 2258456 LibParserRustC.cc:1302] link liberty file /data/project_share/process_node/dataset_baseline/lib/tcbn28hpcplusbwp35p140lvtssg0p81v125c_ccs.lib success.
I0406 21:42:37.845306 2258435 LibParserRustC.cc:1302] link liberty file /data/project_share/process_node/dataset_baseline/lib/tcbn28hpcplusbwp35p140uhvtssg0p81v125c_ccs.lib success.
I0406 21:42:38.134783 2258429 LibParserRustC.cc:1302] link liberty file /data/project_share/process_node/dataset_baseline/lib/tcbn28hpcplusbwp40p140ssg0p81v125c_ccs.lib success.
I0406 21:42:42.048552 2258450 LibParserRustC.cc:1302] link liberty file /data/project_share/process_node/dataset_baseline/lib/tcbn28hpcplusbwp30p140ulvtssg0p81v125c_ccs.lib success.
I0406 21:42:42.171896 2258455 LibParserRustC.cc:1302] link liberty file /data/project_share/process_node/dataset_baseline/lib/tcbn28hpcplusbwp30p140lvtssg0p81v125c_ccs.lib success.
I0406 21:42:42.706828 2258436 LibParserRustC.cc:1302] link liberty file /data/project_share/process_node/dataset_baseline/lib/tcbn28hpcplusbwp35p140ulvtssg0p81v125c_ccs.lib success.
I0406 21:42:42.710609 2254685 TimingIDBAdapter.cc:740] core area width 21um height 21um
I0406 21:42:42.711268 2254685 TimingIDBAdapter.cc:825] build inst num: 1
I0406 21:42:42.758116 2254685 TimingIDBAdapter.cc:904] build net num: 1
I0406 21:42:42.766021 2254685 TimingIDBAdapter.cc:913] build instance num: 297
I0406 21:42:42.766145 2254685 TimingIDBAdapter.cc:914] build port num: 56
I0406 21:42:42.766197 2254685 TimingIDBAdapter.cc:915] build net num: 270
I0406 21:42:42.766263 2254685 Sta.cc:170] read sdc /data2/project_share/dataset_baseline/gcd/syn_netlist/gcd.sdc start 
I0406 21:42:42.786912 2254685 CmdCreateClock.cc:119] create clock core_clock for pin/port: clk
I0406 21:42:42.787053 2254685 Sta.cc:187] read sdc /data2/project_share/dataset_baseline/gcd/syn_netlist/gcd.sdc end 
I0406 21:42:42.787124 2254685 StaBuildGraph.cc:314] build graph start
I0406 21:42:42.809922 2254685 StaBuildGraph.cc:331] build graph end
I0406 21:42:42.811966 2254685 init_sta.cc:552] Net clk has 3 pins
I0406 21:42:42.813102 2254685 init_sta.cc:552] Net req_msg[31] has 2 pins
I0406 21:42:42.813750 2254685 init_sta.cc:552] Net req_msg[30] has 2 pins
I0406 21:42:42.814352 2254685 init_sta.cc:552] Net req_msg[29] has 2 pins
I0406 21:42:42.815009 2254685 init_sta.cc:552] Net req_msg[28] has 2 pins
I0406 21:42:42.815917 2254685 init_sta.cc:552] Net req_msg[27] has 2 pins
I0406 21:42:42.816526 2254685 init_sta.cc:552] Net req_msg[26] has 2 pins
I0406 21:42:42.816973 2254685 init_sta.cc:552] Net req_msg[25] has 2 pins
I0406 21:42:42.817504 2254685 init_sta.cc:552] Net req_msg[24] has 2 pins
I0406 21:42:42.818298 2254685 init_sta.cc:552] Net req_msg[23] has 2 pins
I0406 21:42:42.819105 2254685 init_sta.cc:552] Net req_msg[22] has 2 pins
I0406 21:42:42.819803 2254685 init_sta.cc:552] Net req_msg[21] has 2 pins
I0406 21:42:42.820286 2254685 init_sta.cc:552] Net req_msg[20] has 2 pins
I0406 21:42:42.821010 2254685 init_sta.cc:552] Net req_msg[19] has 2 pins
I0406 21:42:42.821475 2254685 init_sta.cc:552] Net req_msg[18] has 2 pins
I0406 21:42:42.821988 2254685 init_sta.cc:552] Net req_msg[17] has 2 pins
I0406 21:42:42.822396 2254685 init_sta.cc:552] Net req_msg[16] has 2 pins
I0406 21:42:42.822768 2254685 init_sta.cc:552] Net req_msg[15] has 2 pins
I0406 21:42:42.823308 2254685 init_sta.cc:552] Net req_msg[14] has 2 pins
I0406 21:42:42.823935 2254685 init_sta.cc:552] Net req_msg[13] has 2 pins
I0406 21:42:42.824514 2254685 init_sta.cc:552] Net req_msg[12] has 2 pins
I0406 21:42:42.825205 2254685 init_sta.cc:552] Net req_msg[11] has 2 pins
I0406 21:42:42.826122 2254685 init_sta.cc:552] Net req_msg[10] has 2 pins
I0406 21:42:42.826797 2254685 init_sta.cc:552] Net req_msg[9] has 2 pins
I0406 21:42:42.827535 2254685 init_sta.cc:552] Net req_msg[8] has 2 pins
I0406 21:42:42.828526 2254685 init_sta.cc:552] Net req_msg[7] has 2 pins
I0406 21:42:42.829066 2254685 init_sta.cc:552] Net req_msg[6] has 2 pins
I0406 21:42:42.830088 2254685 init_sta.cc:552] Net req_msg[5] has 2 pins
I0406 21:42:42.831624 2254685 init_sta.cc:552] Net req_msg[4] has 2 pins
I0406 21:42:42.832252 2254685 init_sta.cc:552] Net req_msg[3] has 2 pins
I0406 21:42:42.832955 2254685 init_sta.cc:552] Net req_msg[2] has 2 pins
I0406 21:42:42.833456 2254685 init_sta.cc:552] Net req_msg[1] has 2 pins
I0406 21:42:42.833995 2254685 init_sta.cc:552] Net req_msg[0] has 2 pins
I0406 21:42:42.834637 2254685 init_sta.cc:552] Net req_rdy has 2 pins
I0406 21:42:42.835151 2254685 init_sta.cc:552] Net req_val has 2 pins
I0406 21:42:42.835868 2254685 init_sta.cc:552] Net reset has 2 pins
I0406 21:42:42.836323 2254685 init_sta.cc:552] Net resp_msg[15] has 3 pins
I0406 21:42:42.836853 2254685 init_sta.cc:552] Net resp_msg[14] has 3 pins
I0406 21:42:42.837476 2254685 init_sta.cc:552] Net resp_msg[13] has 3 pins
I0406 21:42:42.838209 2254685 init_sta.cc:552] Net resp_msg[12] has 3 pins
I0406 21:42:42.838994 2254685 init_sta.cc:552] Net resp_msg[11] has 3 pins
I0406 21:42:42.839933 2254685 init_sta.cc:552] Net resp_msg[10] has 3 pins
I0406 21:42:42.841228 2254685 init_sta.cc:552] Net resp_msg[9] has 3 pins
I0406 21:42:42.842078 2254685 init_sta.cc:552] Net resp_msg[8] has 3 pins
I0406 21:42:42.842903 2254685 init_sta.cc:552] Net resp_msg[7] has 3 pins
I0406 21:42:42.843751 2254685 init_sta.cc:552] Net resp_msg[6] has 3 pins
I0406 21:42:42.844379 2254685 init_sta.cc:552] Net resp_msg[5] has 3 pins
I0406 21:42:42.845130 2254685 init_sta.cc:552] Net resp_msg[4] has 3 pins
I0406 21:42:42.846271 2254685 init_sta.cc:552] Net resp_msg[3] has 3 pins
I0406 21:42:42.846964 2254685 init_sta.cc:552] Net resp_msg[2] has 3 pins
I0406 21:42:42.847692 2254685 init_sta.cc:552] Net resp_msg[1] has 3 pins
I0406 21:42:42.848541 2254685 init_sta.cc:552] Net resp_msg[0] has 6 pins
I0406 21:42:42.849136 2254685 init_sta.cc:552] Net resp_rdy has 2 pins
I0406 21:42:42.849756 2254685 init_sta.cc:552] Net resp_val has 2 pins
I0406 21:42:42.852072 2254685 init_sta.cc:552] Net CTS_1 has 17 pins
I0406 21:42:42.856467 2254685 init_sta.cc:552] Net ctrl_b_mux_sel_0_ has 22 pins
I0406 21:42:42.858445 2254685 init_sta.cc:552] Net ctrl_b_reg_en_0_ has 2 pins
I0406 21:42:42.860482 2254685 init_sta.cc:552] Net ctrl_a_reg_en_0_ has 24 pins
I0406 21:42:42.866889 2254685 init_sta.cc:552] Net dpath_is_b_zero_0_ has 3 pins
I0406 21:42:42.871959 2254685 init_sta.cc:552] Net dpath_is_a_lt_b_0_ has 3 pins
I0406 21:42:42.872630 2254685 init_sta.cc:552] Net ctrl_a_mux_sel[1] has 2 pins
I0406 21:42:42.873169 2254685 init_sta.cc:552] Net ctrl_a_mux_sel[0] has 5 pins
I0406 21:42:42.873826 2254685 init_sta.cc:552] Net ctrl/FE_OFN1_ctrl_b_mux_sel_0 has 2 pins
I0406 21:42:42.874804 2254685 init_sta.cc:552] Net ctrl/n1 has 2 pins
I0406 21:42:42.875404 2254685 init_sta.cc:552] Net ctrl/n2 has 3 pins
I0406 21:42:42.875923 2254685 init_sta.cc:552] Net ctrl/n3 has 3 pins
I0406 21:42:42.876400 2254685 init_sta.cc:552] Net ctrl/n4 has 2 pins
I0406 21:42:42.877049 2254685 init_sta.cc:552] Net ctrl/n5 has 2 pins
I0406 21:42:42.878705 2254685 init_sta.cc:552] Net ctrl/state_out[1] has 4 pins
I0406 21:42:42.879832 2254685 init_sta.cc:552] Net ctrl/state_out[0] has 12 pins
I0406 21:42:42.880776 2254685 init_sta.cc:552] Net ctrl/next_state__0[1] has 2 pins
I0406 21:42:42.881189 2254685 init_sta.cc:552] Net ctrl/next_state__0[0] has 2 pins
I0406 21:42:42.881807 2254685 init_sta.cc:552] Net ctrl/state/n1 has 3 pins
I0406 21:42:42.884032 2254685 init_sta.cc:552] Net dpath/CTS_1 has 19 pins
I0406 21:42:42.886888 2254685 init_sta.cc:552] Net dpath/a_reg_out[15] has 5 pins
I0406 21:42:42.888181 2254685 init_sta.cc:552] Net dpath/a_reg_out[14] has 12 pins
I0406 21:42:42.889235 2254685 init_sta.cc:552] Net dpath/a_reg_out[13] has 5 pins
I0406 21:42:42.890272 2254685 init_sta.cc:552] Net dpath/a_reg_out[12] has 6 pins
I0406 21:42:42.891359 2254685 init_sta.cc:552] Net dpath/a_reg_out[11] has 8 pins
I0406 21:42:42.892374 2254685 init_sta.cc:552] Net dpath/a_reg_out[10] has 5 pins
I0406 21:42:42.893721 2254685 init_sta.cc:552] Net dpath/a_reg_out[9] has 9 pins
I0406 21:42:42.895092 2254685 init_sta.cc:552] Net dpath/a_reg_out[8] has 9 pins
I0406 21:42:42.896606 2254685 init_sta.cc:552] Net dpath/a_reg_out[7] has 11 pins
I0406 21:42:42.898008 2254685 init_sta.cc:552] Net dpath/a_reg_out[6] has 8 pins
I0406 21:42:42.899094 2254685 init_sta.cc:552] Net dpath/a_reg_out[5] has 8 pins
I0406 21:42:42.900249 2254685 init_sta.cc:552] Net dpath/a_reg_out[4] has 6 pins
I0406 21:42:42.901623 2254685 init_sta.cc:552] Net dpath/a_reg_out[3] has 6 pins
I0406 21:42:42.903456 2254685 init_sta.cc:552] Net dpath/a_reg_out[2] has 9 pins
I0406 21:42:42.904960 2254685 init_sta.cc:552] Net dpath/a_reg_out[1] has 6 pins
I0406 21:42:42.906059 2254685 init_sta.cc:552] Net dpath/a_reg_out[0] has 6 pins
I0406 21:42:42.907089 2254685 init_sta.cc:552] Net dpath/a_mux_out[15] has 2 pins
I0406 21:42:42.907722 2254685 init_sta.cc:552] Net dpath/a_mux_out[14] has 2 pins
I0406 21:42:42.908077 2254685 init_sta.cc:552] Net dpath/a_mux_out[13] has 2 pins
I0406 21:42:42.908471 2254685 init_sta.cc:552] Net dpath/a_mux_out[12] has 2 pins
I0406 21:42:42.908897 2254685 init_sta.cc:552] Net dpath/a_mux_out[11] has 2 pins
I0406 21:42:42.909294 2254685 init_sta.cc:552] Net dpath/a_mux_out[10] has 2 pins
I0406 21:42:42.909845 2254685 init_sta.cc:552] Net dpath/a_mux_out[9] has 2 pins
I0406 21:42:42.910454 2254685 init_sta.cc:552] Net dpath/a_mux_out[8] has 2 pins
I0406 21:42:42.911010 2254685 init_sta.cc:552] Net dpath/a_mux_out[7] has 2 pins
I0406 21:42:42.911609 2254685 init_sta.cc:552] Net dpath/a_mux_out[6] has 2 pins
I0406 21:42:42.912102 2254685 init_sta.cc:552] Net dpath/a_mux_out[5] has 2 pins
I0406 21:42:42.912842 2254685 init_sta.cc:552] Net dpath/a_mux_out[4] has 2 pins
I0406 21:42:42.913231 2254685 init_sta.cc:552] Net dpath/a_mux_out[3] has 2 pins
I0406 21:42:42.913486 2254685 init_sta.cc:552] Net dpath/a_mux_out[2] has 2 pins
I0406 21:42:42.913817 2254685 init_sta.cc:552] Net dpath/a_mux_out[1] has 2 pins
I0406 21:42:42.914184 2254685 init_sta.cc:552] Net dpath/a_mux_out[0] has 2 pins
I0406 21:42:42.914541 2254685 init_sta.cc:552] Net dpath/b_mux_out[15] has 2 pins
I0406 21:42:42.914847 2254685 init_sta.cc:552] Net dpath/b_mux_out[14] has 2 pins
I0406 21:42:42.915303 2254685 init_sta.cc:552] Net dpath/b_mux_out[13] has 2 pins
I0406 21:42:42.915642 2254685 init_sta.cc:552] Net dpath/b_mux_out[12] has 2 pins
I0406 21:42:42.915925 2254685 init_sta.cc:552] Net dpath/b_mux_out[11] has 2 pins
I0406 21:42:42.916113 2254685 init_sta.cc:552] Net dpath/b_mux_out[10] has 2 pins
I0406 21:42:42.916440 2254685 init_sta.cc:552] Net dpath/b_mux_out[9] has 2 pins
I0406 21:42:42.916853 2254685 init_sta.cc:552] Net dpath/b_mux_out[8] has 2 pins
I0406 21:42:42.917142 2254685 init_sta.cc:552] Net dpath/b_mux_out[7] has 2 pins
I0406 21:42:42.917388 2254685 init_sta.cc:552] Net dpath/b_mux_out[6] has 2 pins
I0406 21:42:42.917984 2254685 init_sta.cc:552] Net dpath/b_mux_out[5] has 2 pins
I0406 21:42:42.918349 2254685 init_sta.cc:552] Net dpath/b_mux_out[4] has 2 pins
I0406 21:42:42.918685 2254685 init_sta.cc:552] Net dpath/b_mux_out[3] has 2 pins
I0406 21:42:42.919128 2254685 init_sta.cc:552] Net dpath/b_mux_out[2] has 2 pins
I0406 21:42:42.919546 2254685 init_sta.cc:552] Net dpath/b_mux_out[1] has 2 pins
I0406 21:42:42.919883 2254685 init_sta.cc:552] Net dpath/b_mux_out[0] has 2 pins
I0406 21:42:42.920723 2254685 init_sta.cc:552] Net dpath/b_reg_out[15] has 7 pins
I0406 21:42:42.922158 2254685 init_sta.cc:552] Net dpath/b_reg_out[14] has 6 pins
I0406 21:42:42.923802 2254685 init_sta.cc:552] Net dpath/b_reg_out[13] has 7 pins
I0406 21:42:42.925228 2254685 init_sta.cc:552] Net dpath/b_reg_out[12] has 6 pins
I0406 21:42:42.926249 2254685 init_sta.cc:552] Net dpath/b_reg_out[11] has 7 pins
I0406 21:42:42.927572 2254685 init_sta.cc:552] Net dpath/b_reg_out[10] has 7 pins
I0406 21:42:42.929373 2254685 init_sta.cc:552] Net dpath/b_reg_out[9] has 6 pins
I0406 21:42:42.930944 2254685 init_sta.cc:552] Net dpath/b_reg_out[8] has 6 pins
I0406 21:42:42.932294 2254685 init_sta.cc:552] Net dpath/b_reg_out[7] has 12 pins
I0406 21:42:42.933670 2254685 init_sta.cc:552] Net dpath/b_reg_out[6] has 6 pins
I0406 21:42:42.935096 2254685 init_sta.cc:552] Net dpath/b_reg_out[5] has 10 pins
I0406 21:42:42.936633 2254685 init_sta.cc:552] Net dpath/b_reg_out[4] has 6 pins
I0406 21:42:42.937942 2254685 init_sta.cc:552] Net dpath/b_reg_out[3] has 6 pins
I0406 21:42:42.939245 2254685 init_sta.cc:552] Net dpath/b_reg_out[2] has 9 pins
I0406 21:42:42.940362 2254685 init_sta.cc:552] Net dpath/b_reg_out[1] has 6 pins
I0406 21:42:42.941763 2254685 init_sta.cc:552] Net dpath/b_reg_out[0] has 6 pins
I0406 21:42:42.942793 2254685 init_sta.cc:552] Net dpath/a_reg/n2 has 2 pins
I0406 21:42:42.943081 2254685 init_sta.cc:552] Net dpath/a_reg/n3 has 2 pins
I0406 21:42:42.943446 2254685 init_sta.cc:552] Net dpath/a_reg/n4 has 2 pins
I0406 21:42:42.943822 2254685 init_sta.cc:552] Net dpath/a_reg/n5 has 2 pins
I0406 21:42:42.944207 2254685 init_sta.cc:552] Net dpath/a_reg/n6 has 2 pins
I0406 21:42:42.944356 2254685 init_sta.cc:552] Net dpath/a_reg/n7 has 2 pins
I0406 21:42:42.944813 2254685 init_sta.cc:552] Net dpath/a_reg/n8 has 2 pins
I0406 21:42:42.945076 2254685 init_sta.cc:552] Net dpath/a_reg/n9 has 2 pins
I0406 21:42:42.945225 2254685 init_sta.cc:552] Net dpath/a_reg/n10 has 2 pins
I0406 21:42:42.945423 2254685 init_sta.cc:552] Net dpath/a_reg/n11 has 2 pins
I0406 21:42:42.945746 2254685 init_sta.cc:552] Net dpath/a_reg/n12 has 2 pins
I0406 21:42:42.946164 2254685 init_sta.cc:552] Net dpath/a_reg/n13 has 2 pins
