I0407 09:42:18.977991 2608892 lm_feature_timing.cpp:137] net dpath/b_reg/n10 resistance 38.52 cap 0.000956692 slew 0.00477526 delay 0.0146638 power 1.01567e-07
I0407 09:42:18.873749 2608891 lm_feature_timing.cpp:80] node dpath/a_mux/FE_OFN4_n16:730141 resistance 94.588 cap 0.000659513 slew 0.0377072 delay 0.734065 power 4.26404e-05
I0407 09:42:18.978053 2608892 lm_feature_timing.cpp:125] build net dpath/sub/n32 feature 
I0407 09:42:18.873871 2608873 lm_feature_timing.cpp:80] node dpath/b_mux_out[4]:386540 resistance 0 cap 0.000910148 slew 0.017183 delay 0 power 0.000110249
I0407 09:42:18.978291 2608892 lm_feature_timing.cpp:80] node dpath/sub/U15:A resistance 8.988 cap 0.00201145 slew 0.024603 delay 0.0188979 power 1.62927e-05
I0407 09:42:18.888034 2608897 lm_feature_timing.cpp:80] node dpath/a_mux/n16:439277 resistance 0.428 cap 0.000772311 slew 0.020149 delay 0.000330549 power 4.99333e-05
I0407 09:42:18.978353 2608892 lm_feature_timing.cpp:80] node dpath/sub/n32:786395 resistance 8.988 cap 0.00208917 slew 0.024603 delay 0.0188979 power 1.69223e-05
I0407 09:42:18.978402 2608892 lm_feature_timing.cpp:80] node dpath/sub/n32:778853 resistance 1.284 cap 0.00216689 slew 0.024603 delay 0.0028029 power 1.75518e-05
I0407 09:42:18.978448 2608892 lm_feature_timing.cpp:80] node dpath/sub/n32:786395 resistance 8.988 cap 0.00208917 slew 0.024603 delay 0.0188979 power 1.69223e-05
I0407 09:42:18.888149 2608971 lm_feature_timing.cpp:80] node dpath/sub/n21:786389 resistance 0 cap 0.00166073 slew 0.015835 delay 0 power 0.000265497
I0407 09:42:18.978504 2608892 lm_feature_timing.cpp:80] node dpath/sub/n32:426893 resistance 1.284 cap 0.00218294 slew 0.024603 delay 0.0028029 power 1.76818e-05
I0407 09:42:18.978552 2608892 lm_feature_timing.cpp:80] node dpath/sub/n32:778853 resistance 1.284 cap 0.00216689 slew 0.024603 delay 0.0028029 power 1.75518e-05
I0407 09:42:18.875942 2608874 lm_feature_timing.cpp:80] node dpath/b_mux_out[8]:462021 resistance 29.532 cap 0.000627657 slew 0.018669 delay 0.0256791 power 7.89163e-05
I0407 09:42:18.978590 2608971 lm_feature_timing.cpp:80] node dpath/sub/n21:799807 resistance 17.976 cap 0.00148434 slew 0.015835 delay 0.0266826 power 0.000237299
I0407 09:42:18.978679 2608971 lm_feature_timing.cpp:80] node dpath/sub/n21:786389 resistance 0 cap 0.00166073 slew 0.015835 delay 0 power 0.000265497
I0407 09:42:18.978699 2608971 lm_feature_timing.cpp:137] net dpath/sub/n21 resistance 35.952 cap 0.00166073 slew 0.0151925 delay 0.0266826 power 2.15053e-07
I0407 09:42:18.978735 2608971 lm_feature_timing.cpp:125] build net dpath/sub/n33 feature 
I0407 09:42:18.978719 2608874 lm_feature_timing.cpp:80] node dpath/b_mux/U10:Z resistance 0 cap 0.00116425 slew 0.018669 delay 0 power 0.000146383
I0407 09:42:18.888208 2608830 lm_feature_timing.cpp:80] node dpath/a_mux_out[7]:430181 resistance 6.42 cap 0.00103975 slew 0.017289 delay 0.00667517 power 0.000116814
I0407 09:42:18.978798 2608874 lm_feature_timing.cpp:80] node dpath/b_mux_out[8]:440234 resistance 0 cap 0.00116425 slew 0.018669 delay 0 power 0.000146383
I0407 09:42:18.978849 2608874 lm_feature_timing.cpp:80] node dpath/b_mux_out[8]:441901 resistance 5.564 cap 0.00110709 slew 0.018669 delay 0.00615984 power 0.000139196
I0407 09:42:18.978904 2608874 lm_feature_timing.cpp:80] node dpath/b_mux_out[8]:793861 resistance 5.564 cap 0.00104992 slew 0.018669 delay 0.00615984 power 0.000132009
I0407 09:42:18.888394 2608939 lm_feature_timing.cpp:137] net dpath/a_reg/n13 resistance 70.192 cap 0.00126835 slew 0.0156668 delay 0.0319474 power 6.30749e-08
I0407 09:42:18.978961 2608874 lm_feature_timing.cpp:80] node dpath/b_mux_out[8]:462021 resistance 29.532 cap 0.000627657 slew 0.018669 delay 0.0256791 power 7.89163e-05
I0407 09:42:18.979004 2608939 lm_feature_timing.cpp:125] build net dpath/sub/n34 feature 
I0407 09:42:18.888592 2608877 lm_feature_timing.cpp:80] node dpath/a_reg_out[10]:818121 resistance 52.644 cap 0.000740496 slew 0.0393865 delay 0.215972 power 0
I0407 09:42:18.888669 2608879 lm_feature_timing.cpp:80] node dpath/a_reg/n12:851715 resistance 47.08 cap 0.000590962 slew 0.020481 delay 0.048563 power 1.91472e-07
I0407 09:42:18.979221 2608877 lm_feature_timing.cpp:80] node dpath/a_reg_out[10]:1170081 resistance 52.644 cap 0.000785327 slew 0.0393865 delay 0.215972 power 0
I0407 09:42:18.877104 2608921 lm_feature_timing.cpp:125] build net dpath/sub/n13 feature 
I0407 09:42:18.979334 2608939 lm_feature_timing.cpp:80] node dpath/sub/n34:384931 resistance 0 cap 0.00197747 slew 0.023554 delay 0 power 1.60175e-05
I0407 09:42:18.979339 2608879 lm_feature_timing.cpp:80] node dpath/a_reg/n12:849201 resistance 44.512 cap 0.000619349 slew 0.020481 delay 0.0470454 power 2.00669e-07
I0407 09:42:18.888940 2608889 lm_feature_timing.cpp:80] node dpath/a_reg/n17:806207 resistance 4.28 cap 0.000900702 slew 0.017676 delay 0.00404688 power 6.30309e-05
I0407 09:42:18.979416 2608879 lm_feature_timing.cpp:80] node dpath/a_reg/n12:1201161 resistance 44.512 cap 0.00077929 slew 0.020481 delay 0.0470454 power 2.5249e-07
I0407 09:42:18.979470 2608879 lm_feature_timing.cpp:80] node dpath/a_reg/n12:1201123 resistance 28.248 cap 0.00093923 slew 0.020481 delay 0.0343711 power 3.04311e-07
I0407 09:42:18.888928 2608841 lm_feature_timing.cpp:80] node dpath/b_zero/n4:785403 resistance 23.112 cap 0.000951918 slew 0.016176 delay 0.0273194 power 3.08421e-05
I0407 09:42:18.979513 2608889 lm_feature_timing.cpp:80] node dpath/a_reg/n17:822127 resistance 21.4 cap 0.000732539 slew 0.017676 delay 0.0165879 power 5.12629e-05
I0407 09:42:18.979586 2608889 lm_feature_timing.cpp:80] node dpath/a_reg/n17:806207 resistance 4.28 cap 0.000900702 slew 0.017676 delay 0.00404688 power 6.30309e-05
I0407 09:42:18.889077 2608865 lm_feature_timing.cpp:80] node dpath/CTS_1:469620 resistance 68.052 cap 0.000418247 slew 0.000816304 delay 0.630229 power 0.000135512
I0407 09:42:18.979635 2608889 lm_feature_timing.cpp:80] node dpath/a_reg/n17:454247 resistance 4.28 cap 0.000945532 slew 0.017676 delay 0.00404688 power 6.61682e-05
I0407 09:42:18.979629 2608841 lm_feature_timing.cpp:80] node dpath/b_zero/n4:1137363 resistance 23.112 cap 0.0010543 slew 0.016176 delay 0.0273194 power 3.41594e-05
I0407 09:42:18.979652 2608921 lm_feature_timing.cpp:80] node dpath/sub/n13:370479 resistance 3.852 cap 0.00164401 slew 0.017131 delay 0.00633271 power 8.92305e-05
I0407 09:42:18.889130 2608956 lm_feature_timing.cpp:80] node dpath/a_lt_b/U1:ZN resistance 0 cap 0.00150803 slew 0.018123 delay 0 power 1.2215e-05
I0407 09:42:18.979717 2608865 lm_feature_timing.cpp:80] node dpath/CTS_1:821580 resistance 68.052 cap 0.000426078 slew 0.000816304 delay 0.630229 power 0.000138049
I0407 09:42:18.979745 2608921 lm_feature_timing.cpp:80] node dpath/sub/n13:722439 resistance 3.852 cap 0.00160329 slew 0.017131 delay 0.00633271 power 8.70204e-05
I0407 09:42:18.850683 2608858 lm_feature_timing.cpp:80] node dpath/a_reg/n5:735979 resistance 7.704 cap 0.00101797 slew 0.018395 delay 0.00791213 power 6.05341e-05
I0407 09:42:18.979804 2608921 lm_feature_timing.cpp:80] node dpath/sub/n13:370470 resistance 0 cap 0.00168472 slew 0.017131 delay 0 power 9.14406e-05
I0407 09:42:18.979812 2608956 lm_feature_timing.cpp:80] node dpath/a_lt_b/n37:479418 resistance 0 cap 0.00150803 slew 0.018123 delay 0 power 1.2215e-05
I0407 09:42:18.979871 2608921 lm_feature_timing.cpp:80] node dpath/sub/n13:370479 resistance 3.852 cap 0.00164401 slew 0.017131 delay 0.00633271 power 8.92305e-05
I0407 09:42:18.979892 2608956 lm_feature_timing.cpp:80] node dpath/a_lt_b/n37:471887 resistance 12.412 cap 0.0012547 slew 0.018123 delay 0.0171344 power 1.01631e-05
I0407 09:42:18.979895 2608858 lm_feature_timing.cpp:80] node dpath/a_reg/n5:377315 resistance 0.856 cap 0.00109941 slew 0.018395 delay 0.000941092 power 6.53769e-05
I0407 09:42:18.979939 2608921 lm_feature_timing.cpp:80] node dpath/sub/U35:CI resistance 14.98 cap 0.00138207 slew 0.017131 delay 0.0229432 power 7.50136e-05
I0407 09:42:18.889271 2608827 lm_feature_timing.cpp:80] node dpath/a_reg_out[0]:372971 resistance 28.248 cap 0.000644485 slew 0.0390441 delay 0.0784118 power 2.97599e-05
I0407 09:42:18.980044 2608921 lm_feature_timing.cpp:80] node dpath/sub/n13:724133 resistance 14.98 cap 0.00149268 slew 0.017131 delay 0.0229432 power 8.1017e-05
I0407 09:42:18.980105 2608921 lm_feature_timing.cpp:80] node dpath/sub/U20:Z resistance 0 cap 0.00168472 slew 0.017131 delay 0 power 9.14406e-05
I0407 09:42:18.889304 2608875 lm_feature_timing.cpp:80] node dpath/a_mux_out[10]:1158323 resistance 10.7 cap 0.00123003 slew 0.019133 delay 0.0143167 power 9.96323e-06
I0407 09:42:18.877867 2608975 lm_feature_timing.cpp:80] node dpath/a_lt_b/n21:831603 resistance 60.776 cap 0.000888946 slew 0.0440891 delay 0.0968518 power 3.14529e-05
I0407 09:42:18.980223 2608875 lm_feature_timing.cpp:80] node dpath/a_mux_out[10]:1158345 resistance 20.116 cap 0.00113587 slew 0.019133 delay 0.0250121 power 9.20051e-06
I0407 09:42:18.889433 2608835 lm_feature_timing.cpp:80] node ctrl/n1:761001 resistance 0.428 cap 0.00116086 slew 0.029815 delay 0.000500201 power 1.8806e-05
I0407 09:42:18.849305 2608913 lm_feature_timing.cpp:80] node dpath/b_reg_out[5]:740251 resistance 29.104 cap 0.000674064 slew 0.041096 delay 0.0530902 power 8.71861e-05
I0407 09:42:18.980348 2608835 lm_feature_timing.cpp:80] node ctrl/n1:1112961 resistance 0.428 cap 0.00116086 slew 0.029815 delay 0.000500201 power 1.8806e-05
I0407 09:42:18.889607 2608871 lm_feature_timing.cpp:80] node dpath/sub/n14:384737 resistance 0.856 cap 0.00233172 slew 0.024598 delay 0.00199595 power 1.88869e-05
I0407 09:42:18.980434 2608913 lm_feature_timing.cpp:80] node dpath/b_reg_out[5]:1092211 resistance 29.104 cap 0.000718895 slew 0.041096 delay 0.0530902 power 9.29846e-05
I0407 09:42:18.889881 2608929 lm_feature_timing.cpp:80] node dpath/b_reg_out[7]:426843 resistance 18.404 cap 0.00276027 slew 0.0405131 delay 0.0716074 power 0.000360196
I0407 09:42:18.980516 2608913 lm_feature_timing.cpp:80] node dpath/b_reg_out[5]:1092201 resistance 24.824 cap 0.000763726 slew 0.041096 delay 0.0500134 power 9.87832e-05
I0407 09:42:18.980568 2608913 lm_feature_timing.cpp:80] node dpath/b_reg_out[5]:1092211 resistance 29.104 cap 0.000718895 slew 0.041096 delay 0.0530902 power 9.29846e-05
I0407 09:42:18.889869 2608976 lm_feature_timing.cpp:80] node dpath/a_lt_b/U30:ZN resistance 0 cap 0.00203969 slew 0.037595 delay 0 power 5.07699e-05
I0407 09:42:18.980610 2608929 lm_feature_timing.cpp:80] node dpath/b_reg_out[7]:426848 resistance 20.544 cap 0.00273599 slew 0.0405131 delay 0.0774624 power 0.000357028
I0407 09:42:18.980633 2608913 lm_feature_timing.cpp:80] node dpath/a_lt_b/U20:A1 resistance 10.272 cap 0.000566143 slew 0.041096 delay 0.0227359 power 7.32271e-05
I0407 09:42:18.980685 2608929 lm_feature_timing.cpp:80] node dpath/b_reg_out[7]:426843 resistance 18.404 cap 0.00276027 slew 0.0405131 delay 0.0716074 power 0.000360196
I0407 09:42:18.980742 2608929 lm_feature_timing.cpp:80] node dpath/b_reg_out[7]:778803 resistance 18.404 cap 0.00278043 slew 0.0405131 delay 0.0716074 power 0.000362827
I0407 09:42:18.980741 2608976 lm_feature_timing.cpp:80] node dpath/a_lt_b/n30:486282 resistance 0 cap 0.00203969 slew 0.037595 delay 0 power 5.07699e-05
I0407 09:42:18.980814 2608929 lm_feature_timing.cpp:80] node dpath/b_reg_out[7]:778799 resistance 16.692 cap 0.00360315 slew 0.0405131 delay 0.0668473 power 0.000470186
I0407 09:42:18.890023 2608884 lm_feature_timing.cpp:80] node ctrl/n4:779437 resistance 17.976 cap 0.000752895 slew 0.029179 delay 0.0168448 power 5.49517e-05
I0407 09:42:18.980957 2608884 lm_feature_timing.cpp:80] node ctrl/n4:1131397 resistance 17.976 cap 0.000789503 slew 0.029179 delay 0.0168448 power 5.76236e-05
I0407 09:42:18.849678 2608850 lm_feature_timing.cpp:80] node dpath/b_reg/n3:409906 resistance 0 cap 0.00078481 slew 0.016325 delay 0 power 9.96491e-05
I0407 09:42:18.981029 2608884 lm_feature_timing.cpp:80] node ctrl/n4:775247 resistance 22.256 cap 0.000708064 slew 0.029179 delay 0.0198754 power 5.16796e-05
I0407 09:42:18.981109 2608884 lm_feature_timing.cpp:80] node ctrl/n4:779437 resistance 17.976 cap 0.000752895 slew 0.029179 delay 0.0168448 power 5.49517e-05
I0407 09:42:18.981114 2608850 lm_feature_timing.cpp:80] node dpath/b_reg/n3:409903 resistance 1.284 cap 0.000768756 slew 0.016325 delay 0.000987083 power 9.76108e-05
I0407 09:42:18.981164 2608884 lm_feature_timing.cpp:80] node ctrl/n4:779445 resistance 14.552 cap 0.000928497 slew 0.029179 delay 0.0141416 power 6.77684e-05
I0407 09:42:18.981194 2608850 lm_feature_timing.cpp:80] node dpath/b_reg/n3:761863 resistance 1.284 cap 0.000752703 slew 0.016325 delay 0.000987083 power 9.55725e-05
I0407 09:42:18.981213 2608884 lm_feature_timing.cpp:80] node ctrl/n4:1131405 resistance 14.552 cap 0.000826112 slew 0.029179 delay 0.0141416 power 6.02956e-05
I0407 09:42:18.981245 2608850 lm_feature_timing.cpp:80] node dpath/b_reg/n3:768561 resistance 10.7 cap 0.00065854 slew 0.016325 delay 0.00718789 power 8.36163e-05
I0407 09:42:18.866338 2608885 lm_feature_timing.cpp:80] node ctrl/n2:440059 resistance 1.712 cap 0.00148124 slew 0.023799 delay 0.00253589 power 1.19981e-05
I0407 09:42:18.981299 2608850 lm_feature_timing.cpp:80] node dpath/b_reg/n3:761863 resistance 1.284 cap 0.000752703 slew 0.016325 delay 0.000987083 power 9.55725e-05
I0407 09:42:18.981323 2608850 lm_feature_timing.cpp:137] net dpath/b_reg/n3 resistance 21.4 cap 0.00078481 slew 0.0014631 delay 0.00718789 power 8.07158e-08
I0407 09:42:18.981364 2608850 lm_feature_timing.cpp:125] build net dpath/sub/n35 feature 
I0407 09:42:18.981382 2608885 lm_feature_timing.cpp:80] node ctrl/n2:792019 resistance 1.712 cap 0.000849369 slew 0.023799 delay 0.00253589 power 6.87989e-06
I0407 09:42:18.890306 2608901 lm_feature_timing.cpp:80] node dpath/a_lt_b/n3:386422 resistance 3.852 cap 0.00120418 slew 0.018363 delay 0.00463851 power 9.75387e-06
I0407 09:42:18.890376 2608861 lm_feature_timing.cpp:80] node dpath/b_reg/U7:Z resistance 0 cap 0.00114658 slew 0.018543 delay 0 power 0.000147533
I0407 09:42:18.981724 2608861 lm_feature_timing.cpp:80] node dpath/b_reg/n13:464468 resistance 0 cap 0.00114658 slew 0.018543 delay 0 power 0.000147533
I0407 09:42:18.981806 2608861 lm_feature_timing.cpp:80] node dpath/b_reg/n13:844085 resistance 29.532 cap 0.000847649 slew 0.018543 delay 0.0251574 power 0.000109069
I0407 09:42:18.981863 2608861 lm_feature_timing.cpp:80] node dpath/b_reg/n13:816429 resistance 0.428 cap 0.00113092 slew 0.018543 delay 0.000487386 power 0.000145518
I0407 09:42:18.981884 2608861 lm_feature_timing.cpp:137] net dpath/b_reg/n13 resistance 59.064 cap 0.00114658 slew 0.0126113 delay 0.0251574 power 1.19502e-07
I0407 09:42:18.879200 2608849 lm_feature_timing.cpp:80] node dpath/b_reg_out[6]:402589 resistance 28.676 cap 0.000664439 slew 0.0373512 delay 0.0732992 power 8.6323e-05
I0407 09:42:18.879313 2608828 lm_feature_timing.cpp:80] node dpath/a_mux/n14:395803 resistance 14.552 cap 0.000619067 slew 0.036474 delay 0.0112242 power 3.53041e-05
I0407 09:42:18.982033 2608849 lm_feature_timing.cpp:80] node dpath/b_reg_out[6]:402596 resistance 31.672 cap 0.000631941 slew 0.0373512 delay 0.0751925 power 8.2101e-05
I0407 09:42:18.890697 2608940 lm_feature_timing.cpp:80] node dpath/sub/n22:457071 resistance 0.856 cap 0.00217883 slew 0.023974 delay 0.00186508 power 1.76485e-05
I0407 09:42:18.982138 2608849 lm_feature_timing.cpp:80] node dpath/a_lt_b/U19:I resistance 32.956 cap 0.000599444 slew 0.0373513 delay 0.129794 power 7.78789e-05
I0407 09:42:18.967434 2608907 lm_feature_timing.cpp:125] build net dpath/sub/n24 feature 
I0407 09:42:18.982198 2608849 lm_feature_timing.cpp:80] node dpath/b_reg_out[6]:417627 resistance 32.956 cap 0.000599444 slew 0.0373513 delay 0.129794 power 7.78789e-05
I0407 09:42:18.982208 2608940 lm_feature_timing.cpp:80] node dpath/sub/n22:809031 resistance 0.856 cap 0.00216689 slew 0.023974 delay 0.00186508 power 1.75518e-05
I0407 09:42:18.982267 2608849 lm_feature_timing.cpp:80] node dpath/b_reg/U12:B1 resistance 43.228 cap 0.000659839 slew 0.0373513 delay 0.156608 power 8.57254e-05
I0407 09:42:18.982291 2608940 lm_feature_timing.cpp:80] node dpath/sub/n22:457069 resistance 0 cap 0.00219077 slew 0.023974 delay 0 power 1.77453e-05
I0407 09:42:18.879737 2608967 lm_feature_timing.cpp:80] node dpath/b_reg_out[14]:1169145 resistance 23.54 cap 0.00184601 slew 0.040176 delay 0.053795 power 0.000281899
I0407 09:42:18.967649 2608957 lm_feature_timing.cpp:80] node dpath/b_mux_out[6]:404187 resistance 0.428 cap 0.000868646 slew 0.016905 delay 0.00037178 power 0.00010722
I0407 09:42:18.982486 2608967 lm_feature_timing.cpp:80] node dpath/b_reg_out[14]:1169125 resistance 14.98 cap 0.00193195 slew 0.040176 delay 0.0379931 power 0.000295023
I0407 09:42:18.982489 2608907 lm_feature_timing.cpp:80] node dpath/sub/n24:400087 resistance 0.856 cap 0.00226594 slew 0.024336 delay 0.00193965 power 1.83541e-05
I0407 09:42:18.982565 2608967 lm_feature_timing.cpp:80] node dpath/b_reg_out[14]:1169145 resistance 23.54 cap 0.00184601 slew 0.040176 delay 0.053795 power 0.000281899
I0407 09:42:18.968070 2608924 lm_feature_timing.cpp:80] node dpath/sub/n25:724231 resistance 1.712 cap 0.00205911 slew 0.017458 delay 0.0035252 power 0.00020711
I0407 09:42:18.968024 2608896 lm_feature_timing.cpp:80] node dpath/a_reg/n8:762075 resistance 9.416 cap 0.000731757 slew 0.01695 delay 0.00722537 power 4.85751e-05
I0407 09:42:18.982688 2608924 lm_feature_timing.cpp:80] node dpath/sub/n25:725907 resistance 0 cap 0.00207928 slew 0.017458 delay 0 power 0.000209139
I0407 09:42:18.880319 2608911 lm_feature_timing.cpp:80] node dpath/a_reg_out[7]:775429 resistance 65.484 cap 0.000688225 slew 0.0402571 delay 0.142171 power 4.7267e-05
I0407 09:42:18.968159 2608903 lm_feature_timing.cpp:80] node dpath/sub/U32:B resistance 49.22 cap 0.00312886 slew 0.0394354 delay 0.199612 power 0.000192096
I0407 09:42:18.982857 2608911 lm_feature_timing.cpp:80] node dpath/a_reg_out[7]:777943 resistance 62.916 cap 0.000716612 slew 0.0402571 delay 0.140403 power 4.92165e-05
I0407 09:42:18.982890 2608903 lm_feature_timing.cpp:80] node dpath/a_reg_out[11]:808867 resistance 49.22 cap 0.000937828 slew 0.0394354 delay 0.199612 power 5.75778e-05
I0407 09:42:18.968187 2608864 lm_feature_timing.cpp:80] node dpath/a_reg_out[8]:437728 resistance 62.488 cap 0.000817433 slew 0.0475416 delay 0.253325 power 5.80191e-05
I0407 09:42:18.982966 2608903 lm_feature_timing.cpp:80] node dpath/a_lt_b/U3:I resistance 16.264 cap 0.000599444 slew 0.0394352 delay 0.0821516 power 3.68028e-05
I0407 09:42:18.983058 2608903 lm_feature_timing.cpp:80] node dpath/a_reg_out[11]:484586 resistance 16.264 cap 0.000607275 slew 0.0394352 delay 0.0821516 power 3.72835e-05
I0407 09:42:18.968248 2608946 lm_feature_timing.cpp:80] node dpath/a_mux_out[1]:377173 resistance 10.7 cap 0.000869428 slew 0.016524 delay 0.00930288 power 7.31904e-05
I0407 09:42:18.983093 2608864 lm_feature_timing.cpp:80] node dpath/a_reg_out[8]:438566 resistance 61.632 cap 0.000841318 slew 0.0475416 delay 0.252625 power 5.97144e-05
I0407 09:42:18.983180 2608864 lm_feature_timing.cpp:80] node dpath/a_reg_out[8]:438566 resistance 61.632 cap 0.000841318 slew 0.0475416 delay 0.252625 power 5.97144e-05
I0407 09:42:18.983191 2608946 lm_feature_timing.cpp:80] node dpath/a_mux_out[1]:378034 resistance 0 cap 0.000975925 slew 0.016524 delay 0 power 8.21555e-05
I0407 09:42:18.983232 2608946 lm_feature_timing.cpp:137] net dpath/a_mux_out[1] resistance 40.232 cap 0.000975925 slew 0.00536313 delay 0.0156 power 6.53333e-08
I0407 09:42:18.983237 2608864 lm_feature_timing.cpp:80] node dpath/a_reg_out[8]:438568 resistance 60.776 cap 0.000889868 slew 0.0475416 delay 0.251905 power 6.31603e-05
I0407 09:42:18.880853 2608866 lm_feature_timing.cpp:80] node dpath/b_reg_out[9]:440253 resistance 80.892 cap 0.000611386 slew 0.043787 delay 0.301554 power 8.04841e-05
I0407 09:42:18.983290 2608864 lm_feature_timing.cpp:80] node dpath/a_reg_out[8]:438568 resistance 60.776 cap 0.000889868 slew 0.0475416 delay 0.251905 power 6.31603e-05
I0407 09:42:18.968369 2608856 lm_feature_timing.cpp:80] node dpath/a_mux_out[11]:799663 resistance 7.276 cap 0.00117326 slew 0.018599 delay 0.00907218 power 0.00011472
I0407 09:42:18.968379 2608933 lm_feature_timing.cpp:80] node dpath/a_lt_b/U20:B2 resistance 44.084 cap 0.000718455 slew 0.0449412 delay 0.167522 power 4.76921e-05
I0407 09:42:18.968540 2608968 lm_feature_timing.cpp:80] node dpath/b_reg/n7:410073 resistance 8.988 cap 0.000908533 slew 0.017663 delay 0.00816589 power 0.000117513
I0407 09:42:18.983479 2608856 lm_feature_timing.cpp:80] node dpath/a_mux_out[11]:477032 resistance 37.664 cap 0.000582435 slew 0.018599 delay 0.035739 power 5.695e-05
I0407 09:42:18.983559 2608856 lm_feature_timing.cpp:80] node dpath/a_mux_out[11]:477033 resistance 37.236 cap 0.000590266 slew 0.018599 delay 0.0354897 power 5.77157e-05
I0407 09:42:18.968573 2608926 lm_feature_timing.cpp:80] node dpath/a_mux/n13:380713 resistance 14.552 cap 0.000705791 slew 0.035942 delay 0.0106487 power 4.02498e-05
I0407 09:42:18.983548 2608968 lm_feature_timing.cpp:80] node dpath/b_reg/U13:Z resistance 0 cap 0.000998585 slew 0.017663 delay 0 power 0.000129161
I0407 09:42:18.983690 2608968 lm_feature_timing.cpp:80] node dpath/b_reg/n7:410052 resistance 0 cap 0.000998585 slew 0.017663 delay 0 power 0.000129161
I0407 09:42:18.968583 2608943 lm_feature_timing.cpp:80] node dpath/a_reg/n16:852293 resistance 15.408 cap 0.000716095 slew 0.022332 delay 0.0110336 power 6.65318e-05
I0407 09:42:18.983733 2608926 lm_feature_timing.cpp:80] node dpath/a_mux/n13:730981 resistance 0 cap 0.000881394 slew 0.035942 delay 0 power 5.02641e-05
I0407 09:42:18.983822 2608926 lm_feature_timing.cpp:80] node dpath/a_mux/n13:729307 resistance 2.568 cap 0.000853007 slew 0.035942 delay 0.00219052 power 4.86452e-05
I0407 09:42:18.983856 2608943 lm_feature_timing.cpp:80] node dpath/a_reg/n16:838045 resistance 0 cap 0.000867813 slew 0.022332 delay 0 power 8.06279e-05
I0407 09:42:18.983883 2608926 lm_feature_timing.cpp:80] node dpath/a_mux/n13:377347 resistance 2.568 cap 0.000824621 slew 0.035942 delay 0.00219052 power 4.70264e-05
I0407 09:42:18.983899 2608943 lm_feature_timing.cpp:137] net dpath/a_reg/n16 resistance 30.816 cap 0.000867813 slew 0.002577 delay 0.0110336 power 6.53086e-08
I0407 09:42:18.969149 2608953 lm_feature_timing.cpp:80] node dpath/a_lt_b/n34:821329 resistance 2.996 cap 0.00102512 slew 0.019827 delay 0.00316863 power 8.30349e-06
I0407 09:42:18.969352 2608844 lm_feature_timing.cpp:80] node dpath/a_reg/n19:508966 resistance 0 cap 0.00103035 slew 0 delay 0 power 0
I0407 09:42:18.984197 2608844 lm_feature_timing.cpp:80] node dpath/a_reg/n19:502269 resistance 9.844 cap 0.000826363 slew 1.44834e-05 delay 0.00912442 power 0
I0407 09:42:18.969595 2608833 lm_feature_timing.cpp:80] node dpath/b_reg_out[1]:386409 resistance 56.496 cap 0.00079264 slew 0.0365333 delay 0.16271 power 0.000100643
I0407 09:42:18.969585 2608880 lm_feature_timing.cpp:80] node ctrl_b_mux_sel_0_:1164909 resistance 30.816 cap 0.0168636 slew 0.0310351 delay 0.556517 power 0.00164061
I0407 09:42:18.984381 2608833 lm_feature_timing.cpp:80] node dpath/b_reg_out[1]:738369 resistance 56.496 cap 0.000760143 slew 0.0365333 delay 0.16271 power 9.65171e-05
I0407 09:42:18.984462 2608833 lm_feature_timing.cpp:80] node dpath/sub/U29:I resistance 53.5 cap 0.000599444 slew 0.0365333 delay 0.160335 power 7.61128e-05
I0407 09:42:18.969842 2608918 lm_feature_timing.cpp:80] node dpath/b_mux_out[9]:816485 resistance 2.996 cap 0.000704594 slew 0.016298 delay 0.00220833 power 8.93992e-05
I0407 09:42:18.984521 2608833 lm_feature_timing.cpp:80] node dpath/b_reg_out[1]:387252 resistance 53.5 cap 0.00143241 slew 0.0365333 delay 0.160335 power 0.000181877
I0407 09:42:18.984517 2608880 lm_feature_timing.cpp:80] node ctrl_b_mux_sel_0_:1164929 resistance 39.376 cap 0.0167777 slew 0.0310423 delay 0.700134 power 0.00163225
I0407 09:42:18.984643 2608833 lm_feature_timing.cpp:80] node dpath/b_reg_out[1]:387253 resistance 53.072 cap 0.00207179 slew 0.0365333 delay 0.159722 power 0.000263061
I0407 09:42:18.984660 2608880 lm_feature_timing.cpp:80] node ctrl_b_mux_sel_0_:378829 resistance 321.856 cap 0.000634259 slew 0.0310982 delay 2.98852 power 6.17053e-05
I0407 09:42:18.984654 2608918 lm_feature_timing.cpp:80] node dpath/b_mux_out[9]:821513 resistance 8.132 cap 0.000651541 slew 0.016298 delay 0.00555464 power 8.26678e-05
I0407 09:42:18.984725 2608880 lm_feature_timing.cpp:80] node ctrl_b_mux_sel_0_:730789 resistance 321.856 cap 0.000634259 slew 0.0310982 delay 2.98852 power 6.17053e-05
I0407 09:42:18.984784 2608880 lm_feature_timing.cpp:80] node ctrl_b_mux_sel_0_:378827 resistance 322.712 cap 0.000622317 slew 0.0310982 delay 2.98905 power 6.05435e-05
I0407 09:42:18.868463 2608840 lm_feature_timing.cpp:80] node ctrl_a_mux_sel[0]:787035 resistance 42.372 cap 0.00137168 slew 0.0481361 delay 0.0888446 power 4.43425e-05
I0407 09:42:18.970288 2608942 lm_feature_timing.cpp:80] node dpath/a_mux/U5:A2 resistance 82.176 cap 0.000572598 slew 0.0414827 delay 0.274642 power 7.36773e-05
I0407 09:42:18.970377 2608887 lm_feature_timing.cpp:80] node dpath/a_lt_b/n35:482773 resistance 17.976 cap 0.000696117 slew 0.033561 delay 0.0212663 power 1.70386e-05
I0407 09:42:18.984938 2608840 lm_feature_timing.cpp:80] node ctrl_a_mux_sel[0]:792063 resistance 47.508 cap 0.00131863 slew 0.0481361 delay 0.095617 power 4.26274e-05
I0407 09:42:18.984970 2608942 lm_feature_timing.cpp:80] node dpath/b_reg_out[11]:440152 resistance 82.176 cap 0.000580429 slew 0.0414827 delay 0.274642 power 7.46849e-05
I0407 09:42:18.985028 2608840 lm_feature_timing.cpp:80] node ctrl/U15:A1 resistance 9.416 cap 0.000598426 slew 0.048136 delay 0.0242204 power 1.93454e-05
I0407 09:42:18.985049 2608942 lm_feature_timing.cpp:80] node dpath/b_reg_out[11]:440151 resistance 81.748 cap 0.00058826 slew 0.0414827 delay 0.274394 power 7.56926e-05
I0407 09:42:18.985064 2608887 lm_feature_timing.cpp:80] node dpath/a_lt_b/n35:834733 resistance 17.976 cap 0.000749169 slew 0.033561 delay 0.0212663 power 1.83371e-05
I0407 09:42:18.985105 2608942 lm_feature_timing.cpp:80] node dpath/b_reg_out[11]:440152 resistance 82.176 cap 0.000580429 slew 0.0414827 delay 0.274642 power 7.46849e-05
I0407 09:42:18.970510 2608963 lm_feature_timing.cpp:80] node dpath/a_reg_out[12]:1542917 resistance 30.388 cap 0.00437091 slew 0.0441404 delay 0.170603 power 0.00027659
I0407 09:42:18.985152 2608887 lm_feature_timing.cpp:80] node dpath/a_lt_b/n35:486145 resistance 0.856 cap 0.00148509 slew 0.033561 delay 0.00127123 power 3.63499e-05
I0407 09:42:18.985164 2608942 lm_feature_timing.cpp:80] node dpath/b_reg_out[11]:799653 resistance 74.044 cap 0.00177275 slew 0.0414827 delay 0.269263 power 0.000228103
I0407 09:42:18.970639 2608906 lm_feature_timing.cpp:80] node dpath/b_reg_out[15]:448489 resistance 8.56 cap 0.000472907 slew 0.0432431 delay 0.0228523 power 6.18649e-05
I0407 09:42:18.985212 2608887 lm_feature_timing.cpp:80] node dpath/a_lt_b/n35:838105 resistance 0.856 cap 0.00147314 slew 0.033561 delay 0.00127123 power 3.60576e-05
I0407 09:42:18.985241 2608963 lm_feature_timing.cpp:80] node dpath/a_reg_out[12]:1196823 resistance 24.396 cap 0.00516031 slew 0.0441404 delay 0.144413 power 0.000326543
I0407 09:42:18.985276 2608887 lm_feature_timing.cpp:80] node dpath/a_lt_b/n35:834733 resistance 17.976 cap 0.000749169 slew 0.033561 delay 0.0212663 power 1.83371e-05
I0407 09:42:18.970866 2608928 lm_feature_timing.cpp:80] node dpath/a_lt_b/U2:I resistance 39.804 cap 0.000599444 slew 0.0381302 delay 0.145472 power 3.92273e-05
I0407 09:42:18.985332 2608887 lm_feature_timing.cpp:80] node dpath/a_lt_b/n35:838081 resistance 12.84 cap 0.00122804 slew 0.033561 delay 0.0174185 power 3.00583e-05
I0407 09:42:18.985396 2608887 lm_feature_timing.cpp:80] node dpath/a_lt_b/n35:1190041 resistance 12.84 cap 0.00133865 slew 0.033561 delay 0.0174185 power 3.27656e-05
I0407 09:42:18.970995 2608927 lm_feature_timing.cpp:80] node dpath/b_reg/U13:A2 resistance 25.68 cap 0.000574604 slew 0.018108 delay 0.0214086 power 7.0265e-05
I0407 09:42:18.971127 2608984 lm_feature_timing.cpp:80] node dpath/b_reg_out[0]:760235 resistance 35.952 cap 0.000839982 slew 0.0405594 delay 0.138423 power 0.000104886
I0407 09:42:18.869626 2608859 lm_feature_timing.cpp:80] node dpath/a_mux/U9:ZN resistance 0 cap 0.000921722 slew 0.036398 delay 0 power 5.25639e-05
I0407 09:42:18.971206 2608868 lm_feature_timing.cpp:80] node dpath/a_reg/n2:738327 resistance 0.428 cap 0.000736259 slew 0.016259 delay 0.00031847 power 3.39977e-05
I0407 09:42:18.985585 2608984 lm_feature_timing.cpp:80] node dpath/b_reg_out[0]:763587 resistance 39.376 cap 0.000803373 slew 0.0405594 delay 0.141174 power 0.000100315
I0407 09:42:18.971323 2608883 lm_feature_timing.cpp:80] node CTS_1:850699 resistance 130.968 cap 0.000466016 slew 0.00036894 delay 0.457969 power 0.000150989
I0407 09:42:18.971431 2608870 lm_feature_timing.cpp:80] node dpath/a_mux_out[6]:396647 resistance 0.428 cap 0.00104797 slew 0.017149 delay 0.000448531 power 0.000112921
I0407 09:42:18.985684 2608868 lm_feature_timing.cpp:80] node dpath/a_reg/n2:746707 resistance 8.988 cap 0.000650317 slew 0.016259 delay 0.00588519 power 3.00292e-05
I0407 09:42:18.882902 2608852 lm_feature_timing.cpp:80] node dpath/a_mux_out[0]:734153 resistance 10.7 cap 0.00068071 slew 0.016457 delay 0.00846132 power 4.58404e-05
I0407 09:42:18.985775 2608868 lm_feature_timing.cpp:80] node dpath/a_reg/n2:386367 resistance 0.428 cap 0.00074409 slew 0.016259 delay 0.00031847 power 3.43593e-05
I0407 09:42:18.883038 2608930 lm_feature_timing.cpp:80] node dpath/a_lt_b/n8:386610 resistance 47.508 cap 0.00060861 slew 0.053906 delay 0.0507545 power 9.81134e-06
I0407 09:42:18.985872 2608868 lm_feature_timing.cpp:80] node dpath/a_reg/n2:738327 resistance 0.428 cap 0.000736259 slew 0.016259 delay 0.00031847 power 3.39977e-05
I0407 09:42:18.971946 2608969 lm_feature_timing.cpp:80] node dpath/a_lt_b/n10:753653 resistance 16.264 cap 0.000675235 slew 0.022374 delay 0.0195487 power 5.46941e-06
I0407 09:42:18.985931 2608868 lm_feature_timing.cpp:80] node dpath/a_reg/n2:386366 resistance 0 cap 0.000751921 slew 0.016259 delay 0 power 3.47209e-05
I0407 09:42:18.972071 2608834 lm_feature_timing.cpp:80] node ctrl_a_reg_en_0_:1101453 resistance 265.788 cap 0.00258487 slew 0.0402399 delay 2.53674 power 2.09375e-05
I0407 09:42:18.985973 2608930 lm_feature_timing.cpp:80] node dpath/a_lt_b/n8:386611 resistance 47.08 cap 0.000616441 slew 0.053906 delay 0.050494 power 9.93759e-06
I0407 09:42:18.986027 2608969 lm_feature_timing.cpp:80] node dpath/a_lt_b/n10:746111 resistance 8.56 cap 0.00164015 slew 0.022374 delay 0.0143467 power 1.32852e-05
I0407 09:42:18.972397 2608920 lm_feature_timing.cpp:80] node dpath/a_lt_b/n36:838095 resistance 0 cap 0.00102503 slew 0.045927 delay 0 power 2.46322e-05
I0407 09:42:18.986102 2608969 lm_feature_timing.cpp:80] node dpath/a_lt_b/n10:753653 resistance 16.264 cap 0.000675235 slew 0.022374 delay 0.0195487 power 5.46941e-06
I0407 09:42:18.986107 2608834 lm_feature_timing.cpp:80] node ctrl_a_reg_en_0_:1101447 resistance 263.22 cap 0.00261326 slew 0.0402399 delay 2.53011 power 2.11674e-05
I0407 09:42:18.986160 2608969 lm_feature_timing.cpp:80] node dpath/a_lt_b/n10:738581 resistance 21.4 cap 0.000650317 slew 0.022374 delay 0.0233684 power 5.26757e-06
I0407 09:42:18.972492 2608944 lm_feature_timing.cpp:80] node dpath/a_mux/n2:446013 resistance 5.992 cap 0.000598903 slew 0.034079 delay 0.00392244 power 3.41542e-05
I0407 09:42:18.986212 2608969 lm_feature_timing.cpp:80] node dpath/a_lt_b/n10:746123 resistance 13.696 cap 0.000728037 slew 0.022374 delay 0.0183584 power 5.8971e-06
I0407 09:42:18.986279 2608969 lm_feature_timing.cpp:80] node dpath/a_lt_b/U7:ZN resistance 0 cap 0.00176642 slew 0.022374 delay 0 power 1.4308e-05
I0407 09:42:18.972518 2608985 lm_feature_timing.cpp:80] node dpath/b_reg_out[12]:491231 resistance 13.268 cap 0.0014315 slew 0.0348661 delay 0.0599866 power 0.000184869
I0407 09:42:18.986331 2608944 lm_feature_timing.cpp:80] node dpath/a_mux/n2:446011 resistance 5.136 cap 0.000610845 slew 0.034079 delay 0.00340978 power 3.48352e-05
I0407 09:42:18.986413 2608944 lm_feature_timing.cpp:80] node dpath/a_mux/n2:797971 resistance 5.136 cap 0.000663898 slew 0.034079 delay 0.00340978 power 3.78607e-05
I0407 09:42:18.986430 2608985 lm_feature_timing.cpp:80] node dpath/b_reg_out[12]:843191 resistance 13.268 cap 0.00449939 slew 0.0348661 delay 0.0599866 power 0.000581066
I0407 09:42:18.973147 2608923 lm_feature_timing.cpp:80] node dpath/b_zero/n1:411659 resistance 4.28 cap 0.0015702 slew 0.017815 delay 0.00672046 power 5.08745e-05
I0407 09:42:18.986539 2608985 lm_feature_timing.cpp:80] node dpath/b_reg_out[12]:491230 resistance 13.696 cap 0.000594792 slew 0.0348661 delay 0.0602412 power 7.68133e-05
I0407 09:42:18.986589 2608985 lm_feature_timing.cpp:80] node dpath/b_reg_out[12]:491231 resistance 13.268 cap 0.0014315 slew 0.0348661 delay 0.0599866 power 0.000184869
I0407 09:42:18.883827 2608900 lm_feature_timing.cpp:80] node dpath/b_mux_out[3]:404131 resistance 0.428 cap 0.000876868 slew 0.016915 delay 0.000375299 power 0.000105203
I0407 09:42:18.986636 2608985 lm_feature_timing.cpp:80] node dpath/b_reg_out[12]:823079 resistance 33.812 cap 0.00275623 slew 0.0348662 delay 0.116611 power 0.000355948
I0407 09:42:18.973467 2608846 lm_feature_timing.cpp:80] node dpath/a_lt_b/n31:484469 resistance 26.536 cap 0.000795926 slew 0.048638 delay 0.0235908 power 1.96725e-05
I0407 09:42:18.986655 2608923 lm_feature_timing.cpp:80] node dpath/b_zero/U5:A4 resistance 28.248 cap 0.00105749 slew 0.017815 delay 0.0376735 power 3.42627e-05
I0407 09:42:18.884559 2608869 lm_feature_timing.cpp:80] node dpath/b_reg_out[13]:498711 resistance 56.068 cap 0.000689105 slew 0.0469444 delay 0.216089 power 8.93653e-05
I0407 09:42:18.973834 2608899 lm_feature_timing.cpp:80] node dpath/sub/n17:810523 resistance 5.992 cap 0.00206666 slew 0.024803 delay 0.0123834 power 0.000227848
I0407 09:42:18.986750 2608923 lm_feature_timing.cpp:80] node dpath/b_zero/n1:783723 resistance 28.248 cap 0.00129143 slew 0.017815 delay 0.0376735 power 4.18423e-05
I0407 09:42:18.986750 2608900 lm_feature_timing.cpp:80] node dpath/b_mux_out[3]:404132 resistance 0 cap 0.000884699 slew 0.016915 delay 0 power 0.000106143
I0407 09:42:18.986824 2608923 lm_feature_timing.cpp:80] node dpath/b_zero/U4:Z resistance 0 cap 0.00161503 slew 0.017815 delay 0 power 5.2327e-05
I0407 09:42:18.884238 2608951 lm_feature_timing.cpp:80] node dpath/a_lt_b/n15:1130791 resistance 2.14 cap 0.000854871 slew 0.021785 delay 0.00354955 power 6.92446e-06
I0407 09:42:18.986840 2608869 lm_feature_timing.cpp:80] node dpath/b_reg_out[13]:850671 resistance 56.068 cap 0.00082438 slew 0.0469444 delay 0.216089 power 0.000106908
I0407 09:42:18.986881 2608923 lm_feature_timing.cpp:80] node dpath/b_zero/n1:411649 resistance 0 cap 0.00161503 slew 0.017815 delay 0 power 5.2327e-05
I0407 09:42:18.884672 2608941 lm_feature_timing.cpp:80] node dpath/a_reg_out[3]:736863 resistance 28.676 cap 0.00066134 slew 0.042396 delay 0.0534957 power 3.9327e-05
I0407 09:42:18.986982 2608951 lm_feature_timing.cpp:80] node dpath/a_lt_b/n15:417653 resistance 11.556 cap 0.000591195 slew 0.021785 delay 0.0100029 power 4.78868e-06
I0407 09:42:18.987103 2608951 lm_feature_timing.cpp:80] node dpath/a_lt_b/n15:769613 resistance 11.556 cap 0.000685359 slew 0.021785 delay 0.0100029 power 5.55141e-06
I0407 09:42:18.974247 2608964 lm_feature_timing.cpp:80] node dpath/b_reg_out[10]:815637 resistance 33.812 cap 0.0034738 slew 0.0399553 delay 0.135639 power 0.00030304
I0407 09:42:18.987171 2608951 lm_feature_timing.cpp:80] node dpath/a_lt_b/n15:417652 resistance 11.984 cap 0.000583364 slew 0.021785 delay 0.0102526 power 4.72525e-06
I0407 09:42:18.974443 2608872 lm_feature_timing.cpp:80] node dpath/b_mux_out[14]:462702 resistance 15.408 cap 0.000623546 slew 0.01702 delay 0.0113759 power 9.97378e-05
I0407 09:42:18.987272 2608964 lm_feature_timing.cpp:80] node dpath/b_reg/U8:B1 resistance 36.38 cap 0.000688225 slew 0.0399553 delay 0.137407 power 6.0038e-05
I0407 09:42:18.974534 2608845 lm_feature_timing.cpp:80] node dpath/a_mux_out[15]:454272 resistance 22.256 cap 0.000713989 slew 0.016859 delay 0.0176927 power 8.20724e-05
I0407 09:42:18.987354 2608872 lm_feature_timing.cpp:80] node dpath/b_mux/U16:Z resistance 0 cap 0.000907801 slew 0.01702 delay 0 power 0.000145205
I0407 09:42:18.885713 2608960 lm_feature_timing.cpp:80] node dpath/a_reg_out[9]:839127 resistance 51.36 cap 0.00068798 slew 0.0459835 delay 0.214964 power 5.04116e-05
I0407 09:42:18.974578 2608931 lm_feature_timing.cpp:125] build net dpath/sub/n28 feature 
I0407 09:42:18.987593 2608960 lm_feature_timing.cpp:80] node dpath/a_reg_out[9]:831585 resistance 43.656 cap 0.00239154 slew 0.0459835 delay 0.209664 power 0.00017524
I0407 09:42:18.871665 2608922 lm_feature_timing.cpp:80] node dpath/a_reg/n1:479377 resistance 4.28 cap 0.000714584 slew 0.011477 delay 0.00305842 power 7.88751e-05
I0407 09:42:18.987752 2608931 lm_feature_timing.cpp:80] node dpath/sub/n28:452739 resistance 9.844 cap 0.00218822 slew 0.026092 delay 0.0225178 power 1.77246e-05
I0407 09:42:18.987787 2608922 lm_feature_timing.cpp:80] node dpath/a_reg/n1:479387 resistance 0 cap 0.000759415 slew 0.011477 delay 0 power 8.38235e-05
I0407 09:42:18.987819 2608931 lm_feature_timing.cpp:80] node dpath/sub/n28:804699 resistance 9.844 cap 0.00227416 slew 0.026092 delay 0.0225178 power 1.84207e-05
I0407 09:42:18.987872 2608931 lm_feature_timing.cpp:80] node dpath/sub/U32:A resistance 14.124 cap 0.00214339 slew 0.026092 delay 0.0316915 power 1.73615e-05
I0407 09:42:18.987929 2608931 lm_feature_timing.cpp:80] node dpath/sub/n28:452739 resistance 9.844 cap 0.00218822 slew 0.026092 delay 0.0225178 power 1.77246e-05
I0407 09:42:18.974829 2608973 lm_feature_timing.cpp:80] node dpath/a_reg_out[4]:727757 resistance 4.708 cap 0.00682642 slew 0.0490062 delay 0.0322515 power 0.000421736
I0407 09:42:18.987984 2608931 lm_feature_timing.cpp:80] node dpath/sub/U22:ZN resistance 0 cap 0.00239221 slew 0.026092 delay 0 power 1.93769e-05
I0407 09:42:18.974929 2608838 lm_feature_timing.cpp:80] node dpath/a_reg_out[1]:377193 resistance 38.092 cap 0.00136242 slew 0.0420913 delay 0.175095 power 7.4383e-05
I0407 09:42:18.988034 2608931 lm_feature_timing.cpp:80] node dpath/sub/n28:445202 resistance 0 cap 0.00239221 slew 0.026092 delay 0 power 1.93769e-05
I0407 09:42:18.988082 2608931 lm_feature_timing.cpp:80] node dpath/sub/n28:445199 resistance 1.284 cap 0.00237616 slew 0.026092 delay 0.00305099 power 1.92469e-05
I0407 09:42:18.988067 2608973 lm_feature_timing.cpp:80] node dpath/a_reg_out[4]:739447 resistance 36.38 cap 0.00557693 slew 0.0490071 delay 0.229129 power 0.000344543
I0407 09:42:18.988147 2608973 lm_feature_timing.cpp:80] node dpath/a_reg_out[4]:1091407 resistance 36.38 cap 0.0054581 slew 0.0490071 delay 0.229129 power 0.000337201
I0407 09:42:18.988131 2608931 lm_feature_timing.cpp:80] node dpath/sub/n28:445202 resistance 0 cap 0.00239221 slew 0.026092 delay 0 power 1.93769e-05
I0407 09:42:18.886394 2608886 lm_feature_timing.cpp:137] net dpath/sub/n19 resistance 23.968 cap 0.00155306 slew 0.00746788 delay 0.0171305 power 2.38372e-07
I0407 09:42:18.988216 2608931 lm_feature_timing.cpp:80] node dpath/sub/n28:445199 resistance 1.284 cap 0.00237616 slew 0.026092 delay 0.00305099 power 1.92469e-05
I0407 09:42:18.975108 2608561 lm_feature_timing.cpp:80] node dpath/a_lt_b/n12:395001 resistance 12.412 cap 0.00065792 slew 0.020683 delay 0.011754 power 5.32916e-06
I0407 09:42:18.988263 2608886 lm_feature_timing.cpp:125] build net dpath/sub/n39 feature 
I0407 09:42:18.975157 2608983 lm_feature_timing.cpp:80] node dpath/b_reg/n2:759379 resistance 0.856 cap 0.000917146 slew 0.017303 delay 0.000795299 power 0.000114522
I0407 09:42:18.975245 2608839 lm_feature_timing.cpp:80] node ctrl/state_out[0]:402333 resistance 35.952 cap 0.00262257 slew 0.0498893 delay 0.173035 power 0.0002339
I0407 09:42:18.988384 2608561 lm_feature_timing.cpp:80] node dpath/a_lt_b/n12:394981 resistance 3.852 cap 0.00158935 slew 0.020683 delay 0.00612218 power 1.28737e-05
I0407 09:42:18.988415 2608983 lm_feature_timing.cpp:80] node dpath/b_reg/n2:776977 resistance 18.832 cap 0.000740761 slew 0.017303 delay 0.0141112 power 9.24968e-05
I0407 09:42:18.988466 2608561 lm_feature_timing.cpp:80] node dpath/a_lt_b/n12:395001 resistance 12.412 cap 0.00065792 slew 0.020683 delay 0.011754 power 5.32916e-06
I0407 09:42:18.975275 2608902 lm_feature_timing.cpp:80] node dpath/a_mux/FE_OFN3_ctrl_a_mux_sel_1:793763 resistance 16.692 cap 0.0108113 slew 0.0264728 delay 0.193796 power 0.000349498
I0407 09:42:18.988503 2608886 lm_feature_timing.cpp:80] node dpath/sub/n39:478552 resistance 0 cap 0.00123102 slew 0.019782 delay 0 power 9.9713e-06
I0407 09:42:18.988607 2608886 lm_feature_timing.cpp:80] node dpath/sub/n39:478557 resistance 2.14 cap 0.00120675 slew 0.019782 delay 0.00258244 power 9.77467e-06
I0407 09:42:18.988607 2608902 lm_feature_timing.cpp:80] node dpath/a_mux/U3:A1 resistance 6.42 cap 0.000595933 slew 0.0264706 delay 0.0785417 power 1.92648e-05
I0407 09:42:18.975903 2608847 lm_feature_timing.cpp:80] node dpath/a_mux/n15:434309 resistance 1.712 cap 0.000905278 slew 0.036668 delay 0.00158436 power 5.16261e-05
I0407 09:42:18.988704 2608902 lm_feature_timing.cpp:80] node dpath/a_mux/FE_OFN3_ctrl_a_mux_sel_1:437599 resistance 6.42 cap 0.0121827 slew 0.0264706 delay 0.0785417 power 0.000393833
I0407 09:42:18.988773 2608902 lm_feature_timing.cpp:80] node dpath/a_mux/FE_OFN3_ctrl_a_mux_sel_1:437595 resistance 4.708 cap 0.0122029 slew 0.0264702 delay 0.0576848 power 0.000394485
I0407 09:42:18.988826 2608902 lm_feature_timing.cpp:80] node dpath/a_mux/FE_OFN3_ctrl_a_mux_sel_1:437599 resistance 6.42 cap 0.0121827 slew 0.0264706 delay 0.0785417 power 0.000393833
I0407 09:42:18.988880 2608902 lm_feature_timing.cpp:80] node dpath/a_mux/FE_OFN3_ctrl_a_mux_sel_1:441785 resistance 0.428 cap 0.0123004 slew 0.0264691 delay 0.00526457 power 0.000397637
I0407 09:42:18.976068 2608876 lm_feature_timing.cpp:80] node dpath/a_mux/n9:434342 resistance 8.988 cap 0.000818555 slew 0.037386 delay 0.0081452 power 4.66805e-05
I0407 09:42:18.988930 2608902 lm_feature_timing.cpp:80] node dpath/a_mux/FE_OFN3_ctrl_a_mux_sel_1:793745 resistance 0.428 cap 0.0122926 slew 0.0264691 delay 0.00526457 power 0.000397384
I0407 09:42:18.976071 2608909 lm_feature_timing.cpp:80] node dpath/sub/n29:801473 resistance 0 cap 0.00179972 slew 0.016232 delay 0 power 0.000314372
I0407 09:42:18.988978 2608902 lm_feature_timing.cpp:80] node dpath/a_mux/FE_OFN3_ctrl_a_mux_sel_1:441784 resistance 0 cap 0.0162562 slew 0.026469 delay 0 power 0.000525517
I0407 09:42:18.989027 2608902 lm_feature_timing.cpp:80] node dpath/a_mux/FE_OFN3_ctrl_a_mux_sel_1:441785 resistance 0.428 cap 0.0123004 slew 0.0264691 delay 0.00526457 power 0.000397637
I0407 09:42:18.887295 2608978 lm_feature_timing.cpp:80] node dpath/a_lt_b/n6:388218 resistance 0 cap 0.00104822 slew 0.01385 delay 0 power 1.69812e-05
I0407 09:42:18.989030 2608876 lm_feature_timing.cpp:80] node dpath/a_mux/n9:434342 resistance 8.988 cap 0.000818555 slew 0.037386 delay 0.0081452 power 4.66805e-05
I0407 09:42:18.989081 2608902 lm_feature_timing.cpp:80] node dpath/a_mux/U21:A1 resistance 8.988 cap 0.000600847 slew 0.0264691 delay 0.0346496 power 1.94237e-05
I0407 09:42:18.989073 2608909 lm_feature_timing.cpp:80] node dpath/sub/n29:806501 resistance 5.136 cap 0.00174667 slew 0.016232 delay 0.0089709 power 0.000305105
I0407 09:42:18.989086 2608978 lm_feature_timing.cpp:137] net dpath/a_lt_b/n6 resistance 36.808 cap 0.00104822 slew 0.00663111 delay 0.0158869 power 1.37548e-08
I0407 09:42:18.989114 2608876 lm_feature_timing.cpp:80] node dpath/a_mux/n9:434356 resistance 14.98 cap 0.000745337 slew 0.037386 delay 0.0126113 power 4.2505e-05
I0407 09:42:18.976339 2608848 lm_feature_timing.cpp:80] node dpath/a_mux/n5:385523 resistance 9.844 cap 0.000586961 slew 0.035087 delay 0.00681233 power 3.34732e-05
I0407 09:42:18.989161 2608978 lm_feature_timing.cpp:125] build net dpath/sub/n40 feature 
I0407 09:42:18.989156 2608909 lm_feature_timing.cpp:80] node dpath/sub/n29:1158415 resistance 24.824 cap 0.00150079 slew 0.016232 delay 0.0385184 power 0.000262155
I0407 09:42:18.976352 2608947 lm_feature_timing.cpp:80] node dpath/sub/n30:804777 resistance 19.26 cap 0.00216317 slew 0.026741 delay 0.0424039 power 1.75217e-05
I0407 09:42:18.989223 2608909 lm_feature_timing.cpp:80] node dpath/sub/n29:1158461 resistance 5.136 cap 0.00169362 slew 0.016232 delay 0.0089709 power 0.000295838
I0407 09:42:18.976951 2608961 lm_feature_timing.cpp:80] node dpath/a_lt_b/n32:486991 resistance 14.552 cap 0.000671643 slew 0.020978 delay 0.0165318 power 5.44031e-06
I0407 09:42:18.977102 2608935 lm_feature_timing.cpp:80] node dpath/b_mux/U10:B2 resistance 13.696 cap 0.000667642 slew 0.0427543 delay 0.191945 power 6.4953e-05
I0407 09:42:18.989415 2608978 lm_feature_timing.cpp:80] node dpath/sub/n40:844789 resistance 5.992 cap 0.0015704 slew 0.022324 delay 0.00977698 power 0.000217828
I0407 09:42:18.977391 2608959 lm_feature_timing.cpp:80] node dpath/b_zero/U3:Z resistance 0 cap 0.00163207 slew 0.01787 delay 0 power 5.28791e-05
I0407 09:42:18.989490 2608978 lm_feature_timing.cpp:80] node dpath/sub/n40:1196749 resistance 5.992 cap 0.0015704 slew 0.022324 delay 0.00977698 power 0.000217828
I0407 09:42:18.977821 2608863 lm_feature_timing.cpp:80] node dpath/sub/U15:CI resistance 44.512 cap 0.00130796 slew 0.0249811 delay 0.0774167 power 0.000189728
I0407 09:42:18.989503 2608935 lm_feature_timing.cpp:80] node dpath/b_mux/n1:791351 resistance 13.696 cap 0.000696028 slew 0.0427543 delay 0.191945 power 6.77146e-05
I0407 09:42:18.989540 2608978 lm_feature_timing.cpp:80] node dpath/sub/n40:1196727 resistance 15.408 cap 0.00147623 slew 0.022324 delay 0.0236772 power 0.000204767
I0407 09:42:18.887739 2608842 lm_feature_timing.cpp:80] node dpath/a_mux_out[8]:1173509 resistance 62.916 cap 0.000758429 slew 0.0212991 delay 0.0763435 power 8.86936e-05
I0407 09:42:18.989590 2608978 lm_feature_timing.cpp:80] node dpath/sub/n40:1196749 resistance 5.992 cap 0.0015704 slew 0.022324 delay 0.00977698 power 0.000217828
I0407 09:42:18.978150 2608891 lm_feature_timing.cpp:80] node dpath/a_mux/FE_OFN4_n16:729303 resistance 93.732 cap 0.000671455 slew 0.0377072 delay 0.733501 power 4.34125e-05
I0407 09:42:18.989638 2608978 lm_feature_timing.cpp:80] node dpath/sub/n40:492829 resistance 5.992 cap 0.00163167 slew 0.022324 delay 0.00977698 power 0.000226328
I0407 09:42:18.977833 2608843 lm_feature_timing.cpp:80] node dpath/b_zero/n3:796309 resistance 14.552 cap 0.00113945 slew 0.016811 delay 0.0187268 power 3.69183e-05
I0407 09:42:18.989693 2608978 lm_feature_timing.cpp:80] node dpath/sub/U38:CO resistance 0 cap 0.00169295 slew 0.022324 delay 0 power 0.000234827
I0407 09:42:18.989711 2608891 lm_feature_timing.cpp:80] node dpath/a_mux/FE_OFN4_n16:730141 resistance 94.588 cap 0.000659513 slew 0.0377072 delay 0.734065 power 4.26404e-05
I0407 09:42:18.989753 2608978 lm_feature_timing.cpp:80] node dpath/sub/U33:CI resistance 15.408 cap 0.00138207 slew 0.022324 delay 0.0236772 power 0.000191706
I0407 09:42:18.989782 2608891 lm_feature_timing.cpp:80] node dpath/a_mux/FE_OFN4_n16:433475 resistance 30.388 cap 0.00138402 slew 0.037704 delay 0.317718 power 8.9483e-05
I0407 09:42:18.989814 2608978 lm_feature_timing.cpp:80] node dpath/sub/n40:844767 resistance 15.408 cap 0.00138207 slew 0.022324 delay 0.0236772 power 0.000191706
I0407 09:42:18.978449 2608897 lm_feature_timing.cpp:80] node dpath/a_mux/n16:791237 resistance 0.428 cap 0.00076448 slew 0.020149 delay 0.000330549 power 4.9427e-05
I0407 09:42:18.978605 2608892 lm_feature_timing.cpp:80] node dpath/sub/n32:426890 resistance 0 cap 0.00219899 slew 0.024603 delay 0 power 1.78119e-05
I0407 09:42:18.888262 2608925 lm_feature_timing.cpp:80] node dpath/b_reg/n9:783841 resistance 12.84 cap 0.000633873 slew 0.016665 delay 0.00893526 power 8.27161e-05
I0407 09:42:18.989984 2608897 lm_feature_timing.cpp:80] node dpath/a_mux/n16:786209 resistance 5.564 cap 0.000711428 slew 0.020149 delay 0.00398444 power 4.59969e-05
I0407 09:42:18.978888 2608830 lm_feature_timing.cpp:80] node dpath/a_mux_out[7]:782141 resistance 6.42 cap 0.00097436 slew 0.017289 delay 0.00667517 power 0.000109468
I0407 09:42:18.990064 2608897 lm_feature_timing.cpp:80] node dpath/a_mux/n16:791237 resistance 0.428 cap 0.00076448 slew 0.020149 delay 0.000330549 power 4.9427e-05
I0407 09:42:18.990092 2608925 lm_feature_timing.cpp:80] node dpath/b_reg/n9:776291 resistance 1.712 cap 0.000813196 slew 0.016665 delay 0.00139219 power 0.000106116
I0407 09:42:18.990128 2608897 lm_feature_timing.cpp:80] node dpath/a_mux/U3:ZN resistance 0 cap 0.000780143 slew 0.020149 delay 0 power 5.04396e-05
I0407 09:42:18.990159 2608830 lm_feature_timing.cpp:80] node dpath/a_mux_out[7]:430166 resistance 0 cap 0.00110513 slew 0.017289 delay 0 power 0.00012416
I0407 09:42:18.990264 2608830 lm_feature_timing.cpp:80] node dpath/a_mux_out[7]:430181 resistance 6.42 cap 0.00103975 slew 0.017289 delay 0.00667517 power 0.000116814
I0407 09:42:18.979305 2608877 lm_feature_timing.cpp:80] node dpath/a_reg_out[10]:815607 resistance 55.212 cap 0.00071211 slew 0.0393865 delay 0.217801 power 0
I0407 09:42:18.990312 2608830 lm_feature_timing.cpp:80] node dpath/a_mux_out[7]:439420 resistance 25.68 cap 0.000582435 slew 0.017289 delay 0.0216633 power 6.54357e-05
I0407 09:42:18.990370 2608830 lm_feature_timing.cpp:80] node dpath/a_mux_out[7]:439421 resistance 25.252 cap 0.000590266 slew 0.017289 delay 0.0214141 power 6.63155e-05
I0407 09:42:18.979519 2608879 lm_feature_timing.cpp:80] node dpath/a_reg/n12:1201161 resistance 44.512 cap 0.00077929 slew 0.020481 delay 0.0470454 power 2.5249e-07
I0407 09:42:18.979681 2608889 lm_feature_timing.cpp:80] node dpath/a_reg/n17:455093 resistance 0 cap 0.000990363 slew 0.017676 delay 0 power 6.93054e-05
