Log file created at: 2025/02/12 16:27:40
Running on machine: 167-ai-eda
Log line format: [IWEF]mmdd hh:mm:ss.uuuuuu threadid file:line] msg
I0212 16:27:40.736740 3300491 lm_layout_init.cpp:65] Via number : 465
I0212 16:27:40.736936 3300491 lm_layout_init.cpp:132] Layer number : 20
I0212 16:27:40.736982 3300491 lm_layout_init.cpp:153] LM init tracks start...
I0212 16:27:40.737584 3300491 lm_layout_init.cpp:191] LM layer order : 19, row = 420, col = 419
I0212 16:27:40.738173 3300491 lm_layout_init.cpp:191] LM layer order : 18, row = 420, col = 419
I0212 16:27:40.738755 3300491 lm_layout_init.cpp:191] LM layer order : 17, row = 420, col = 419
I0212 16:27:40.739346 3300491 lm_layout_init.cpp:191] LM layer order : 16, row = 420, col = 419
I0212 16:27:40.739926 3300491 lm_layout_init.cpp:191] LM layer order : 15, row = 420, col = 419
I0212 16:27:40.740514 3300491 lm_layout_init.cpp:191] LM layer order : 14, row = 420, col = 419
I0212 16:27:40.741098 3300491 lm_layout_init.cpp:191] LM layer order : 13, row = 420, col = 419
I0212 16:27:40.741695 3300491 lm_layout_init.cpp:191] LM layer order : 0, row = 420, col = 419
I0212 16:27:40.742291 3300491 lm_layout_init.cpp:191] LM layer order : 1, row = 420, col = 419
I0212 16:27:40.742885 3300491 lm_layout_init.cpp:191] LM layer order : 2, row = 420, col = 419
I0212 16:27:40.743489 3300491 lm_layout_init.cpp:191] LM layer order : 3, row = 420, col = 419
I0212 16:27:40.744082 3300491 lm_layout_init.cpp:191] LM layer order : 4, row = 420, col = 419
I0212 16:27:40.744673 3300491 lm_layout_init.cpp:191] LM layer order : 5, row = 420, col = 419
I0212 16:27:40.745266 3300491 lm_layout_init.cpp:191] LM layer order : 6, row = 420, col = 419
I0212 16:27:40.745847 3300491 lm_layout_init.cpp:191] LM layer order : 7, row = 420, col = 419
I0212 16:27:40.746428 3300491 lm_layout_init.cpp:191] LM layer order : 8, row = 420, col = 419
I0212 16:27:40.747015 3300491 lm_layout_init.cpp:191] LM layer order : 9, row = 420, col = 419
I0212 16:27:40.747596 3300491 lm_layout_init.cpp:191] LM layer order : 10, row = 420, col = 419
I0212 16:27:40.748178 3300491 lm_layout_init.cpp:191] LM layer order : 11, row = 420, col = 419
I0212 16:27:40.748750 3300491 lm_layout_init.cpp:191] LM layer order : 12, row = 420, col = 419
I0212 16:27:40.748756 3300491 lm_layout_init.cpp:170] LM memory usage 27.748 MB
I0212 16:27:40.748798 3300491 lm_layout_init.cpp:171] LM elapsed time 0.011817 s
I0212 16:27:40.748807 3300491 lm_layout_init.cpp:173] LM init tracks end...
I0212 16:27:40.748821 3300491 lm_layout_init.cpp:632] LM init nets start...
I0212 16:27:40.785499 3304567 lm_layout_init.cpp:733] Read nets : 0 / 270
I0212 16:27:40.789948 3300491 lm_layout_init.cpp:738] Read nets : 270 / 270
I0212 16:27:40.789969 3300491 lm_layout_init.cpp:739] LM memory usage 9462.78 MB
I0212 16:27:40.790036 3300491 lm_layout_init.cpp:740] LM elapsed time 0.041219 s
I0212 16:27:40.790052 3300491 lm_layout_init.cpp:742] LM init nets end...
I0212 16:27:40.790186 3300491 lm_net_graph_gen.cc:54] Layer number : 19
I0212 16:27:40.846505 3304535 lm_graph_dm.cpp:132] Read nets : 0 / 270
I0212 16:27:40.914423 3300491 lm_graph_dm.cpp:136] Read nets : 270 / 270
I0212 16:27:40.914450 3300491 lm_graph_dm.cpp:139] LM memory usage 2031.75 MB
I0212 16:27:40.914530 3300491 lm_graph_dm.cpp:140] LM elapsed time 0.124447 s
I0212 16:27:40.914546 3300491 lm_graph_dm.cpp:141] LM save json net end...
I0212 16:27:40.914597 3300491 lm_patch_init.cpp:87] LM patch grid init start...
I0212 16:27:40.914682 3300491 lm_patch_init.cpp:102] Init patch : 0
I0212 16:27:40.937249 3300491 lm_patch_init.cpp:107] Init patch : 625
I0212 16:27:40.937261 3300491 lm_patch_init.cpp:109] LM memory usage 1.584 MB
I0212 16:27:40.937295 3300491 lm_patch_init.cpp:110] LM elapsed time 0.022702 s
I0212 16:27:40.937301 3300491 lm_patch_init.cpp:111] LM patch grid init end...
I0212 16:27:40.937317 3300491 lm_patch_init.cpp:118] LM patch init subnet start...
I0212 16:27:40.995077 3304518 lm_patch_init.cpp:184] Init net : 0 / 270
I0212 16:27:41.017625 3300491 lm_patch_init.cpp:187] Init net : 270 / 270
I0212 16:27:41.017643 3300491 lm_patch_init.cpp:191] LM memory usage 0 MB
I0212 16:27:41.017688 3300491 lm_patch_init.cpp:192] LM elapsed time 0.080372 s
I0212 16:27:41.017693 3300491 lm_patch_init.cpp:193] LM patch init subnet end...
I0212 16:27:41.100844 3300491 lm_graph_check.cc:463] Net connected succuss ratio : 270 / 270
W0212 16:27:41.102566 3300491 lm_feature.cpp:35] Drc file not exist, path : /data2/project_share/dataset_baseline/gcd/workspace/output/innovus/feature//gcd_route_baseline_drc.json
I0212 16:27:41.102692 3300491 lm_feature_statis.cpp:44] LM build statis feature start...
I0212 16:27:45.433295 3304502 lm_feature_statis.cpp:163] Read nets : 0 / 270
I0212 16:27:45.443073 3300491 lm_feature_statis.cpp:167] Read nets : 270 / 270
I0212 16:27:45.443099 3300491 lm_feature_statis.cpp:168] LM memory usage 0 MB
I0212 16:27:45.443164 3300491 lm_feature_statis.cpp:169] LM elapsed time 4.34048 s
I0212 16:27:45.443174 3300491 lm_feature_statis.cpp:170] LM build statis feature end...
I0212 16:27:45.443240 3300491 lm_feature_statis.cpp:177] LM feature patch start...
I0212 16:27:45.449316 3304523 lm_feature_statis.cpp:216] Feature patch : 0 / 625
I0212 16:27:45.474452 3300491 lm_feature_statis.cpp:222] LM memory usage 0 MB
I0212 16:27:45.474498 3300491 lm_feature_statis.cpp:223] LM elapsed time 0.031265 s
I0212 16:27:45.474505 3300491 lm_feature_statis.cpp:224] LM feature patch end...
I0212 16:27:45.474879 3300491 Sta.cc:300] load lib start
I0212 16:27:45.475976 3308046 Sta.cc:278] read liberty /data/project_share/process_node/dataset_baseline/lib/tcbn28hpcplusbwp30p140mbssg0p81v125c_ccs.lib start 
I0212 16:27:45.475970 3308038 Sta.cc:278] read liberty /data/project_share/process_node/dataset_baseline/lib/tcbn28hpcplusbwp30p140hvtssg0p81v125c_ccs.lib start 
I0212 16:27:45.475994 3308042 Sta.cc:278] read liberty /data/project_share/process_node/dataset_baseline/lib/tcbn28hpcplusbwp30p140oppssg0p81v125c_ccs.lib start 
I0212 16:27:45.475996 3308047 Sta.cc:278] read liberty /data/project_share/process_node/dataset_baseline/lib/tcbn28hpcplusbwp30p140mblvtssg0p81v125c_ccs.lib start 
I0212 16:27:45.476002 3308048 Sta.cc:278] read liberty /data/project_share/process_node/dataset_baseline/lib/tcbn28hpcplusbwp30p140opphvtssg0p81v125c_ccs.lib start 
I0212 16:27:45.476044 3308067 Sta.cc:278] read liberty /data/project_share/process_node/dataset_baseline/lib/tcbn28hpcplusbwp35p140hvtssg0p81v125c_ccs.lib start 
I0212 16:27:45.476011 3308049 Sta.cc:278] read liberty /data/project_share/process_node/dataset_baseline/lib/tcbn28hpcplusbwp30p140opplvtssg0p81v125c_ccs.lib start 
I0212 16:27:45.475966 3308041 Sta.cc:278] read liberty /data/project_share/process_node/dataset_baseline/lib/tcbn28hpcplusbwp30p140ssg0p81v125c_ccs.lib start 
I0212 16:27:45.475970 3308039 Sta.cc:278] read liberty /data/project_share/process_node/dataset_baseline/lib/tcbn28hpcplusbwp30p140lvtssg0p81v125c_ccs.lib start 
I0212 16:27:45.476132 3308045 Sta.cc:278] read liberty /data/project_share/process_node/dataset_baseline/lib/tcbn28hpcplusbwp30p140oppuhvtssg0p81v125c_ccs.lib start 
I0212 16:27:45.476178 3308043 Sta.cc:278] read liberty /data/project_share/process_node/dataset_baseline/lib/tcbn28hpcplusbwp30p140oppulvtssg0p81v125c_ccs.lib start 
I0212 16:27:45.476109 3308066 Sta.cc:278] read liberty /data/project_share/process_node/dataset_baseline/lib/tcbn28hpcplusbwp30p140uhvtssg0p81v125c_ccs.lib start 
I0212 16:27:45.476140 3308038 LibParserRustC.cc:1274] load liberty file /data/project_share/process_node/dataset_baseline/lib/tcbn28hpcplusbwp30p140hvtssg0p81v125c_ccs.lib
I0212 16:27:45.476106 3308050 Sta.cc:278] read liberty /data/project_share/process_node/dataset_baseline/lib/tcbn28hpcplusbwp35p140ssg0p81v125c_ccs.lib start 
I0212 16:27:45.476153 3308055 Sta.cc:278] read liberty /data/project_share/process_node/dataset_baseline/lib/tcbn28hpcplusbwp35p140mblvtssg0p81v125c_ccs.lib start 
I0212 16:27:45.476143 3308048 LibParserRustC.cc:1274] load liberty file /data/project_share/process_node/dataset_baseline/lib/tcbn28hpcplusbwp30p140opphvtssg0p81v125c_ccs.lib
I0212 16:27:45.476176 3308042 LibParserRustC.cc:1274] load liberty file /data/project_share/process_node/dataset_baseline/lib/tcbn28hpcplusbwp30p140oppssg0p81v125c_ccs.lib
I0212 16:27:45.476179 3308049 LibParserRustC.cc:1274] load liberty file /data/project_share/process_node/dataset_baseline/lib/tcbn28hpcplusbwp30p140opplvtssg0p81v125c_ccs.lib
I0212 16:27:45.476182 3308056 Sta.cc:278] read liberty /data/project_share/process_node/dataset_baseline/lib/tcbn28hpcplusbwp35p140oppssg0p81v125c_ccs.lib start 
I0212 16:27:45.476142 3308047 LibParserRustC.cc:1274] load liberty file /data/project_share/process_node/dataset_baseline/lib/tcbn28hpcplusbwp30p140mblvtssg0p81v125c_ccs.lib
I0212 16:27:45.476171 3308067 LibParserRustC.cc:1274] load liberty file /data/project_share/process_node/dataset_baseline/lib/tcbn28hpcplusbwp35p140hvtssg0p81v125c_ccs.lib
I0212 16:27:45.476173 3308039 LibParserRustC.cc:1274] load liberty file /data/project_share/process_node/dataset_baseline/lib/tcbn28hpcplusbwp30p140lvtssg0p81v125c_ccs.lib
I0212 16:27:45.476253 3308066 LibParserRustC.cc:1274] load liberty file /data/project_share/process_node/dataset_baseline/lib/tcbn28hpcplusbwp30p140uhvtssg0p81v125c_ccs.lib
I0212 16:27:45.476218 3308045 LibParserRustC.cc:1274] load liberty file /data/project_share/process_node/dataset_baseline/lib/tcbn28hpcplusbwp30p140oppuhvtssg0p81v125c_ccs.lib
I0212 16:27:45.476233 3308043 LibParserRustC.cc:1274] load liberty file /data/project_share/process_node/dataset_baseline/lib/tcbn28hpcplusbwp30p140oppulvtssg0p81v125c_ccs.lib
I0212 16:27:45.476270 3308055 LibParserRustC.cc:1274] load liberty file /data/project_share/process_node/dataset_baseline/lib/tcbn28hpcplusbwp35p140mblvtssg0p81v125c_ccs.lib
I0212 16:27:45.476179 3308041 LibParserRustC.cc:1274] load liberty file /data/project_share/process_node/dataset_baseline/lib/tcbn28hpcplusbwp30p140ssg0p81v125c_ccs.lib
I0212 16:27:45.476272 3308050 LibParserRustC.cc:1274] load liberty file /data/project_share/process_node/dataset_baseline/lib/tcbn28hpcplusbwp35p140ssg0p81v125c_ccs.lib
I0212 16:27:45.476181 3308053 Sta.cc:278] read liberty /data/project_share/process_node/dataset_baseline/lib/tcbn28hpcplusbwp35p140lvtssg0p81v125c_ccs.lib start 
I0212 16:27:45.476136 3308046 LibParserRustC.cc:1274] load liberty file /data/project_share/process_node/dataset_baseline/lib/tcbn28hpcplusbwp30p140mbssg0p81v125c_ccs.lib
I0212 16:27:45.476150 3308054 Sta.cc:278] read liberty /data/project_share/process_node/dataset_baseline/lib/tcbn28hpcplusbwp35p140mbssg0p81v125c_ccs.lib start 
I0212 16:27:45.476447 3308053 LibParserRustC.cc:1274] load liberty file /data/project_share/process_node/dataset_baseline/lib/tcbn28hpcplusbwp35p140lvtssg0p81v125c_ccs.lib
I0212 16:27:45.476359 3308040 Sta.cc:278] read liberty /data/project_share/process_node/dataset_baseline/lib/tcbn28hpcplusbwp35p140opphvtssg0p81v125c_ccs.lib start 
I0212 16:27:45.476377 3308059 Sta.cc:278] read liberty /data/project_share/process_node/dataset_baseline/lib/tcbn28hpcplusbwp35p140uhvtssg0p81v125c_ccs.lib start 
I0212 16:27:45.476421 3308058 Sta.cc:278] read liberty /data/project_share/process_node/dataset_baseline/lib/tcbn28hpcplusbwp35p140oppulvtssg0p81v125c_ccs.lib start 
I0212 16:27:45.476418 3308052 Sta.cc:278] read liberty /data/project_share/process_node/dataset_baseline/lib/tcbn28hpcplusbwp35p140opplvtssg0p81v125c_ccs.lib start 
I0212 16:27:45.476344 3308056 LibParserRustC.cc:1274] load liberty file /data/project_share/process_node/dataset_baseline/lib/tcbn28hpcplusbwp35p140oppssg0p81v125c_ccs.lib
I0212 16:27:45.476459 3308060 Sta.cc:278] read liberty /data/project_share/process_node/dataset_baseline/lib/tcbn28hpcplusbwp40p140ssg0p81v125c_ccs.lib start 
I0212 16:27:45.476461 3308062 Sta.cc:278] read liberty /data/project_share/process_node/dataset_baseline/lib/tcbn28hpcplusbwp40p140lvtssg0p81v125c_ccs.lib start 
I0212 16:27:45.476536 3308052 LibParserRustC.cc:1274] load liberty file /data/project_share/process_node/dataset_baseline/lib/tcbn28hpcplusbwp35p140opplvtssg0p81v125c_ccs.lib
I0212 16:27:45.476498 3308040 LibParserRustC.cc:1274] load liberty file /data/project_share/process_node/dataset_baseline/lib/tcbn28hpcplusbwp35p140opphvtssg0p81v125c_ccs.lib
I0212 16:27:45.476464 3308063 Sta.cc:278] read liberty /data/project_share/process_node/dataset_baseline/lib/tcbn28hpcplusbwp40p140mbhvtssg0p81v125c_ccs.lib start 
I0212 16:27:45.476473 3308054 LibParserRustC.cc:1274] load liberty file /data/project_share/process_node/dataset_baseline/lib/tcbn28hpcplusbwp35p140mbssg0p81v125c_ccs.lib
I0212 16:27:45.476517 3308059 LibParserRustC.cc:1274] load liberty file /data/project_share/process_node/dataset_baseline/lib/tcbn28hpcplusbwp35p140uhvtssg0p81v125c_ccs.lib
I0212 16:27:45.476511 3308058 LibParserRustC.cc:1274] load liberty file /data/project_share/process_node/dataset_baseline/lib/tcbn28hpcplusbwp35p140oppulvtssg0p81v125c_ccs.lib
I0212 16:27:45.476465 3308051 Sta.cc:278] read liberty /data/project_share/process_node/dataset_baseline/lib/tcbn28hpcplusbwp35p140oppuhvtssg0p81v125c_ccs.lib start 
I0212 16:27:45.476559 3308062 LibParserRustC.cc:1274] load liberty file /data/project_share/process_node/dataset_baseline/lib/tcbn28hpcplusbwp40p140lvtssg0p81v125c_ccs.lib
I0212 16:27:45.476563 3308060 LibParserRustC.cc:1274] load liberty file /data/project_share/process_node/dataset_baseline/lib/tcbn28hpcplusbwp40p140ssg0p81v125c_ccs.lib
I0212 16:27:45.476598 3308063 LibParserRustC.cc:1274] load liberty file /data/project_share/process_node/dataset_baseline/lib/tcbn28hpcplusbwp40p140mbhvtssg0p81v125c_ccs.lib
I0212 16:27:45.476639 3308051 LibParserRustC.cc:1274] load liberty file /data/project_share/process_node/dataset_baseline/lib/tcbn28hpcplusbwp35p140oppuhvtssg0p81v125c_ccs.lib
I0212 16:27:45.484217 3308065 Sta.cc:278] read liberty /data/project_share/process_node/dataset_baseline/lib/tcbn28hpcplusbwp40p140mbssg0p81v125c_ccs.lib start 
I0212 16:27:45.484243 3308069 Sta.cc:278] read liberty /data/project_share/process_node/dataset_baseline/lib/tcbn28hpcplusbwp40p140oppssg0p81v125c_ccs.lib start 
I0212 16:27:45.484256 3308064 Sta.cc:278] read liberty /data/project_share/process_node/dataset_baseline/lib/tcbn28hpcplusbwp40p140opphvtssg0p81v125c_ccs.lib start 
I0212 16:27:45.484265 3308065 LibParserRustC.cc:1274] load liberty file /data/project_share/process_node/dataset_baseline/lib/tcbn28hpcplusbwp40p140mbssg0p81v125c_ccs.lib
I0212 16:27:45.484342 3308069 LibParserRustC.cc:1274] load liberty file /data/project_share/process_node/dataset_baseline/lib/tcbn28hpcplusbwp40p140oppssg0p81v125c_ccs.lib
I0212 16:27:45.484344 3308064 LibParserRustC.cc:1274] load liberty file /data/project_share/process_node/dataset_baseline/lib/tcbn28hpcplusbwp40p140opphvtssg0p81v125c_ccs.lib
I0212 16:27:45.484817 3308068 Sta.cc:278] read liberty /data/project_share/process_node/dataset_baseline/lib/tcbn28hpcplusbwp40p140opplvtssg0p81v125c_ccs.lib start 
I0212 16:27:45.484822 3308057 Sta.cc:278] read liberty /data/project_share/process_node/dataset_baseline/lib/tcbn28hpcplusbwp40p140uhvtssg0p81v125c_ccs.lib start 
I0212 16:27:45.484884 3308044 Sta.cc:278] read liberty /data/project_share/process_node/dataset_baseline/lib/tcbn28hpcplusbwp40p140oppuhvtssg0p81v125c_ccs.lib start 
I0212 16:27:45.484874 3308061 Sta.cc:278] read liberty /data/project_share/process_node/dataset_baseline/lib/tcbn28hpcplusbwp40p140hvtssg0p81v125c_ccs.lib start 
I0212 16:27:45.484923 3308057 LibParserRustC.cc:1274] load liberty file /data/project_share/process_node/dataset_baseline/lib/tcbn28hpcplusbwp40p140uhvtssg0p81v125c_ccs.lib
I0212 16:27:45.484860 3308068 LibParserRustC.cc:1274] load liberty file /data/project_share/process_node/dataset_baseline/lib/tcbn28hpcplusbwp40p140opplvtssg0p81v125c_ccs.lib
I0212 16:27:45.484933 3308044 LibParserRustC.cc:1274] load liberty file /data/project_share/process_node/dataset_baseline/lib/tcbn28hpcplusbwp40p140oppuhvtssg0p81v125c_ccs.lib
I0212 16:27:45.484951 3308061 LibParserRustC.cc:1274] load liberty file /data/project_share/process_node/dataset_baseline/lib/tcbn28hpcplusbwp40p140hvtssg0p81v125c_ccs.lib
I0212 16:27:48.805269 3308069 LibParserRustC.cc:1283] load liberty file /data/project_share/process_node/dataset_baseline/lib/tcbn28hpcplusbwp40p140oppssg0p81v125c_ccs.lib success.
I0212 16:27:48.805505 3308069 Sta.cc:288] read liberty /data/project_share/process_node/dataset_baseline/lib/tcbn28hpcplusbwp40p140oppssg0p81v125c_ccs.lib end 
I0212 16:27:48.805610 3308069 Sta.cc:278] read liberty /data/project_share/process_node/dataset_baseline/lib/tcbn28hpcplusbwp35p140mbhvtssg0p81v125c_ccs.lib start 
I0212 16:27:48.805652 3308069 LibParserRustC.cc:1274] load liberty file /data/project_share/process_node/dataset_baseline/lib/tcbn28hpcplusbwp35p140mbhvtssg0p81v125c_ccs.lib
I0212 16:27:48.886880 3308064 LibParserRustC.cc:1283] load liberty file /data/project_share/process_node/dataset_baseline/lib/tcbn28hpcplusbwp40p140opphvtssg0p81v125c_ccs.lib success.
I0212 16:27:48.886955 3308064 Sta.cc:288] read liberty /data/project_share/process_node/dataset_baseline/lib/tcbn28hpcplusbwp40p140opphvtssg0p81v125c_ccs.lib end 
I0212 16:27:48.887019 3308064 Sta.cc:278] read liberty /data/project_share/process_node/dataset_baseline/lib/tcbn28hpcplusbwp30p140ulvtssg0p81v125c_ccs.lib start 
I0212 16:27:48.887063 3308064 LibParserRustC.cc:1274] load liberty file /data/project_share/process_node/dataset_baseline/lib/tcbn28hpcplusbwp30p140ulvtssg0p81v125c_ccs.lib
I0212 16:27:48.972944 3308056 LibParserRustC.cc:1283] load liberty file /data/project_share/process_node/dataset_baseline/lib/tcbn28hpcplusbwp35p140oppssg0p81v125c_ccs.lib success.
I0212 16:27:48.973031 3308056 Sta.cc:288] read liberty /data/project_share/process_node/dataset_baseline/lib/tcbn28hpcplusbwp35p140oppssg0p81v125c_ccs.lib end 
I0212 16:27:48.973580 3308056 Sta.cc:278] read liberty /data/project_share/process_node/dataset_baseline/lib/tcbn28hpcplusbwp35p140ulvtssg0p81v125c_ccs.lib start 
I0212 16:27:48.973641 3308056 LibParserRustC.cc:1274] load liberty file /data/project_share/process_node/dataset_baseline/lib/tcbn28hpcplusbwp35p140ulvtssg0p81v125c_ccs.lib
I0212 16:27:49.027598 3308040 LibParserRustC.cc:1283] load liberty file /data/project_share/process_node/dataset_baseline/lib/tcbn28hpcplusbwp35p140opphvtssg0p81v125c_ccs.lib success.
I0212 16:27:49.027657 3308040 Sta.cc:288] read liberty /data/project_share/process_node/dataset_baseline/lib/tcbn28hpcplusbwp35p140opphvtssg0p81v125c_ccs.lib end 
I0212 16:27:49.028175 3308040 Sta.cc:278] read liberty /data/project_share/process_node/dataset_baseline/lib/ts5n28hpcplvta64x128m2f_130a_ssg0p81v125c.lib start 
I0212 16:27:49.028220 3308040 LibParserRustC.cc:1274] load liberty file /data/project_share/process_node/dataset_baseline/lib/ts5n28hpcplvta64x128m2f_130a_ssg0p81v125c.lib
I0212 16:27:49.030395 3308040 LibParserRustC.cc:1283] load liberty file /data/project_share/process_node/dataset_baseline/lib/ts5n28hpcplvta64x128m2f_130a_ssg0p81v125c.lib success.
I0212 16:27:49.030418 3308040 Sta.cc:288] read liberty /data/project_share/process_node/dataset_baseline/lib/ts5n28hpcplvta64x128m2f_130a_ssg0p81v125c.lib end 
I0212 16:27:49.030432 3308040 Sta.cc:278] read liberty /data/project_share/process_node/dataset_baseline/lib/ts5n28hpcplvta64x128m2fw_130a_ssg0p81v125c.lib start 
I0212 16:27:49.030447 3308040 LibParserRustC.cc:1274] load liberty file /data/project_share/process_node/dataset_baseline/lib/ts5n28hpcplvta64x128m2fw_130a_ssg0p81v125c.lib
I0212 16:27:49.032889 3308040 LibParserRustC.cc:1283] load liberty file /data/project_share/process_node/dataset_baseline/lib/ts5n28hpcplvta64x128m2fw_130a_ssg0p81v125c.lib success.
I0212 16:27:49.032899 3308040 Sta.cc:288] read liberty /data/project_share/process_node/dataset_baseline/lib/ts5n28hpcplvta64x128m2fw_130a_ssg0p81v125c.lib end 
I0212 16:27:49.032912 3308040 Sta.cc:278] read liberty /data/project_share/process_node/dataset_baseline/lib/ts5n28hpcplvta256x32m4fw_130a_ssg0p81v125c.lib start 
I0212 16:27:49.032924 3308040 LibParserRustC.cc:1274] load liberty file /data/project_share/process_node/dataset_baseline/lib/ts5n28hpcplvta256x32m4fw_130a_ssg0p81v125c.lib
I0212 16:27:49.035312 3308040 LibParserRustC.cc:1283] load liberty file /data/project_share/process_node/dataset_baseline/lib/ts5n28hpcplvta256x32m4fw_130a_ssg0p81v125c.lib success.
I0212 16:27:49.035322 3308040 Sta.cc:288] read liberty /data/project_share/process_node/dataset_baseline/lib/ts5n28hpcplvta256x32m4fw_130a_ssg0p81v125c.lib end 
I0212 16:27:49.035375 3308040 Sta.cc:278] read liberty /data/project_share/process_node/dataset_baseline/lib/ts5n28hpcplvta128x32m2f_130a_ssg0p81v125c.lib start 
I0212 16:27:49.035390 3308040 LibParserRustC.cc:1274] load liberty file /data/project_share/process_node/dataset_baseline/lib/ts5n28hpcplvta128x32m2f_130a_ssg0p81v125c.lib
I0212 16:27:49.037537 3308040 LibParserRustC.cc:1283] load liberty file /data/project_share/process_node/dataset_baseline/lib/ts5n28hpcplvta128x32m2f_130a_ssg0p81v125c.lib success.
I0212 16:27:49.037549 3308040 Sta.cc:288] read liberty /data/project_share/process_node/dataset_baseline/lib/ts5n28hpcplvta128x32m2f_130a_ssg0p81v125c.lib end 
I0212 16:27:49.037559 3308040 Sta.cc:278] read liberty /data/project_share/process_node/dataset_baseline/lib/ts5n28hpcplvta128x64m2f_130a_ssg0p81v125c.lib start 
I0212 16:27:49.037572 3308040 LibParserRustC.cc:1274] load liberty file /data/project_share/process_node/dataset_baseline/lib/ts5n28hpcplvta128x64m2f_130a_ssg0p81v125c.lib
I0212 16:27:49.039683 3308040 LibParserRustC.cc:1283] load liberty file /data/project_share/process_node/dataset_baseline/lib/ts5n28hpcplvta128x64m2f_130a_ssg0p81v125c.lib success.
I0212 16:27:49.039705 3308040 Sta.cc:288] read liberty /data/project_share/process_node/dataset_baseline/lib/ts5n28hpcplvta128x64m2f_130a_ssg0p81v125c.lib end 
I0212 16:27:49.039716 3308040 Sta.cc:278] read liberty /data/project_share/process_node/dataset_baseline/lib/ts5n28hpcplvta128x80m2f_130a_ssg0p81v125c.lib start 
I0212 16:27:49.039729 3308040 LibParserRustC.cc:1274] load liberty file /data/project_share/process_node/dataset_baseline/lib/ts5n28hpcplvta128x80m2f_130a_ssg0p81v125c.lib
I0212 16:27:49.041826 3308040 LibParserRustC.cc:1283] load liberty file /data/project_share/process_node/dataset_baseline/lib/ts5n28hpcplvta128x80m2f_130a_ssg0p81v125c.lib success.
I0212 16:27:49.041836 3308040 Sta.cc:288] read liberty /data/project_share/process_node/dataset_baseline/lib/ts5n28hpcplvta128x80m2f_130a_ssg0p81v125c.lib end 
I0212 16:27:49.041847 3308040 Sta.cc:278] read liberty /data/project_share/process_node/dataset_baseline/lib/ts5n28hpcplvta128x8m2f_130a_ssg0p81v125c.lib start 
I0212 16:27:49.041860 3308040 LibParserRustC.cc:1274] load liberty file /data/project_share/process_node/dataset_baseline/lib/ts5n28hpcplvta128x8m2f_130a_ssg0p81v125c.lib
I0212 16:27:49.043946 3308040 LibParserRustC.cc:1283] load liberty file /data/project_share/process_node/dataset_baseline/lib/ts5n28hpcplvta128x8m2f_130a_ssg0p81v125c.lib success.
I0212 16:27:49.043962 3308040 Sta.cc:288] read liberty /data/project_share/process_node/dataset_baseline/lib/ts5n28hpcplvta128x8m2f_130a_ssg0p81v125c.lib end 
I0212 16:27:49.044795 3308040 Sta.cc:278] read liberty /data/project_share/process_node/dataset_baseline/lib/ts5n28hpcplvta512x64m4f_130a_ssg0p81v125c.lib start 
I0212 16:27:49.044808 3308040 LibParserRustC.cc:1274] load liberty file /data/project_share/process_node/dataset_baseline/lib/ts5n28hpcplvta512x64m4f_130a_ssg0p81v125c.lib
I0212 16:27:49.046878 3308040 LibParserRustC.cc:1283] load liberty file /data/project_share/process_node/dataset_baseline/lib/ts5n28hpcplvta512x64m4f_130a_ssg0p81v125c.lib success.
I0212 16:27:49.046888 3308040 Sta.cc:288] read liberty /data/project_share/process_node/dataset_baseline/lib/ts5n28hpcplvta512x64m4f_130a_ssg0p81v125c.lib end 
I0212 16:27:49.046900 3308040 Sta.cc:278] read liberty /data/project_share/process_node/dataset_baseline/lib/ts5n28hpcplvta512x64m4fw_130a_ssg0p81v125c.lib start 
I0212 16:27:49.046912 3308040 LibParserRustC.cc:1274] load liberty file /data/project_share/process_node/dataset_baseline/lib/ts5n28hpcplvta512x64m4fw_130a_ssg0p81v125c.lib
I0212 16:27:49.049325 3308040 LibParserRustC.cc:1283] load liberty file /data/project_share/process_node/dataset_baseline/lib/ts5n28hpcplvta512x64m4fw_130a_ssg0p81v125c.lib success.
I0212 16:27:49.049335 3308040 Sta.cc:288] read liberty /data/project_share/process_node/dataset_baseline/lib/ts5n28hpcplvta512x64m4fw_130a_ssg0p81v125c.lib end 
I0212 16:27:49.049364 3308040 Sta.cc:278] read liberty /data/project_share/process_node/dataset_baseline/lib/ts5n28hpcplvta64x32m2f_130a_ssg0p81v125c.lib start 
I0212 16:27:49.049377 3308040 LibParserRustC.cc:1274] load liberty file /data/project_share/process_node/dataset_baseline/lib/ts5n28hpcplvta64x32m2f_130a_ssg0p81v125c.lib
I0212 16:27:49.051488 3308040 LibParserRustC.cc:1283] load liberty file /data/project_share/process_node/dataset_baseline/lib/ts5n28hpcplvta64x32m2f_130a_ssg0p81v125c.lib success.
I0212 16:27:49.051497 3308040 Sta.cc:288] read liberty /data/project_share/process_node/dataset_baseline/lib/ts5n28hpcplvta64x32m2f_130a_ssg0p81v125c.lib end 
I0212 16:27:49.051508 3308040 Sta.cc:278] read liberty /data/project_share/process_node/dataset_baseline/lib/ts5n28hpcplvta64x8m2f_130a_ssg0p81v125c.lib start 
I0212 16:27:49.051522 3308040 LibParserRustC.cc:1274] load liberty file /data/project_share/process_node/dataset_baseline/lib/ts5n28hpcplvta64x8m2f_130a_ssg0p81v125c.lib
I0212 16:27:49.053607 3308040 LibParserRustC.cc:1283] load liberty file /data/project_share/process_node/dataset_baseline/lib/ts5n28hpcplvta64x8m2f_130a_ssg0p81v125c.lib success.
I0212 16:27:49.053618 3308040 Sta.cc:288] read liberty /data/project_share/process_node/dataset_baseline/lib/ts5n28hpcplvta64x8m2f_130a_ssg0p81v125c.lib end 
I0212 16:27:49.053629 3308040 Sta.cc:278] read liberty /data/project_share/process_node/dataset_baseline/lib/ts5n28hpcplvta32x32m2f_130a_ssg0p81v125c.lib start 
I0212 16:27:49.053643 3308040 LibParserRustC.cc:1274] load liberty file /data/project_share/process_node/dataset_baseline/lib/ts5n28hpcplvta32x32m2f_130a_ssg0p81v125c.lib
I0212 16:27:49.056674 3308040 LibParserRustC.cc:1283] load liberty file /data/project_share/process_node/dataset_baseline/lib/ts5n28hpcplvta32x32m2f_130a_ssg0p81v125c.lib success.
I0212 16:27:49.056705 3308040 Sta.cc:288] read liberty /data/project_share/process_node/dataset_baseline/lib/ts5n28hpcplvta32x32m2f_130a_ssg0p81v125c.lib end 
I0212 16:27:49.056751 3308040 Sta.cc:278] read liberty /data/project_share/process_node/dataset_baseline/lib/ts5n28hpcplvta32x128m2f_130a_ssg0p81v125c.lib start 
I0212 16:27:49.056782 3308040 LibParserRustC.cc:1274] load liberty file /data/project_share/process_node/dataset_baseline/lib/ts5n28hpcplvta32x128m2f_130a_ssg0p81v125c.lib
I0212 16:27:49.059870 3308040 LibParserRustC.cc:1283] load liberty file /data/project_share/process_node/dataset_baseline/lib/ts5n28hpcplvta32x128m2f_130a_ssg0p81v125c.lib success.
I0212 16:27:49.059901 3308040 Sta.cc:288] read liberty /data/project_share/process_node/dataset_baseline/lib/ts5n28hpcplvta32x128m2f_130a_ssg0p81v125c.lib end 
I0212 16:27:49.060766 3308040 Sta.cc:278] read liberty /data/project_share/process_node/dataset_baseline/lib/ts5n28hpcplvta64x80m2f_130a_ssg0p81v125c.lib start 
I0212 16:27:49.060809 3308040 LibParserRustC.cc:1274] load liberty file /data/project_share/process_node/dataset_baseline/lib/ts5n28hpcplvta64x80m2f_130a_ssg0p81v125c.lib
I0212 16:27:49.063179 3308040 LibParserRustC.cc:1283] load liberty file /data/project_share/process_node/dataset_baseline/lib/ts5n28hpcplvta64x80m2f_130a_ssg0p81v125c.lib success.
I0212 16:27:49.063203 3308040 Sta.cc:288] read liberty /data/project_share/process_node/dataset_baseline/lib/ts5n28hpcplvta64x80m2f_130a_ssg0p81v125c.lib end 
I0212 16:27:49.063242 3308040 Sta.cc:278] read liberty /data/project_share/process_node/dataset_baseline/lib/ts5n28hpcplvta256x16m2f_130a_ssg0p81v125c.lib start 
I0212 16:27:49.063262 3308040 LibParserRustC.cc:1274] load liberty file /data/project_share/process_node/dataset_baseline/lib/ts5n28hpcplvta256x16m2f_130a_ssg0p81v125c.lib
I0212 16:27:49.067131 3308040 LibParserRustC.cc:1283] load liberty file /data/project_share/process_node/dataset_baseline/lib/ts5n28hpcplvta256x16m2f_130a_ssg0p81v125c.lib success.
I0212 16:27:49.067152 3308040 Sta.cc:288] read liberty /data/project_share/process_node/dataset_baseline/lib/ts5n28hpcplvta256x16m2f_130a_ssg0p81v125c.lib end 
I0212 16:27:49.067202 3308040 Sta.cc:278] read liberty /data/project_share/process_node/dataset_baseline/lib/ts6n28hpcplvta512x2m8f_130a_ssg0p81v125c.lib start 
I0212 16:27:49.067260 3308040 LibParserRustC.cc:1274] load liberty file /data/project_share/process_node/dataset_baseline/lib/ts6n28hpcplvta512x2m8f_130a_ssg0p81v125c.lib
I0212 16:27:49.068658 3308049 LibParserRustC.cc:1283] load liberty file /data/project_share/process_node/dataset_baseline/lib/tcbn28hpcplusbwp30p140opplvtssg0p81v125c_ccs.lib success.
I0212 16:27:49.068699 3308049 Sta.cc:288] read liberty /data/project_share/process_node/dataset_baseline/lib/tcbn28hpcplusbwp30p140opplvtssg0p81v125c_ccs.lib end 
I0212 16:27:49.069149 3308049 Sta.cc:278] read liberty /data/project_share/process_node/dataset_baseline/lib/ts5n28hpcplvta8x144m2f_130a_ssg0p81v125c.lib start 
I0212 16:27:49.069181 3308049 LibParserRustC.cc:1274] load liberty file /data/project_share/process_node/dataset_baseline/lib/ts5n28hpcplvta8x144m2f_130a_ssg0p81v125c.lib
I0212 16:27:49.070147 3308040 LibParserRustC.cc:1283] load liberty file /data/project_share/process_node/dataset_baseline/lib/ts6n28hpcplvta512x2m8f_130a_ssg0p81v125c.lib success.
I0212 16:27:49.070163 3308040 Sta.cc:288] read liberty /data/project_share/process_node/dataset_baseline/lib/ts6n28hpcplvta512x2m8f_130a_ssg0p81v125c.lib end 
I0212 16:27:49.070181 3308040 Sta.cc:278] read liberty /data/project_share/process_node/dataset_baseline/lib/ts6n28hpcplvta16x128m2f_130a_ssg0p81v125c.lib start 
I0212 16:27:49.070199 3308040 LibParserRustC.cc:1274] load liberty file /data/project_share/process_node/dataset_baseline/lib/ts6n28hpcplvta16x128m2f_130a_ssg0p81v125c.lib
I0212 16:27:49.071646 3308049 LibParserRustC.cc:1283] load liberty file /data/project_share/process_node/dataset_baseline/lib/ts5n28hpcplvta8x144m2f_130a_ssg0p81v125c.lib success.
I0212 16:27:49.071661 3308049 Sta.cc:288] read liberty /data/project_share/process_node/dataset_baseline/lib/ts5n28hpcplvta8x144m2f_130a_ssg0p81v125c.lib end 
I0212 16:27:49.071676 3308049 Sta.cc:278] read liberty /data/project_share/process_node/dataset_baseline/lib/ts5n28hpcplvta8x128m2f_130a_ssg0p81v125c.lib start 
I0212 16:27:49.071692 3308049 LibParserRustC.cc:1274] load liberty file /data/project_share/process_node/dataset_baseline/lib/ts5n28hpcplvta8x128m2f_130a_ssg0p81v125c.lib
I0212 16:27:49.072824 3308040 LibParserRustC.cc:1283] load liberty file /data/project_share/process_node/dataset_baseline/lib/ts6n28hpcplvta16x128m2f_130a_ssg0p81v125c.lib success.
I0212 16:27:49.072844 3308040 Sta.cc:288] read liberty /data/project_share/process_node/dataset_baseline/lib/ts6n28hpcplvta16x128m2f_130a_ssg0p81v125c.lib end 
I0212 16:27:49.072860 3308040 Sta.cc:278] read liberty /data/project_share/process_node/dataset_baseline/lib/ts5n28hpcplvta64x64m2f_130a_ssg0p81v125c.lib start 
I0212 16:27:49.072894 3308040 LibParserRustC.cc:1274] load liberty file /data/project_share/process_node/dataset_baseline/lib/ts5n28hpcplvta64x64m2f_130a_ssg0p81v125c.lib
I0212 16:27:49.073786 3308049 LibParserRustC.cc:1283] load liberty file /data/project_share/process_node/dataset_baseline/lib/ts5n28hpcplvta8x128m2f_130a_ssg0p81v125c.lib success.
I0212 16:27:49.073799 3308049 Sta.cc:288] read liberty /data/project_share/process_node/dataset_baseline/lib/ts5n28hpcplvta8x128m2f_130a_ssg0p81v125c.lib end 
I0212 16:27:49.073817 3308049 Sta.cc:278] read liberty /data/project_share/process_node/dataset_baseline/lib/ts5n28hpcplvta1024x32m8fw_130a_ssg0p81v125c.lib start 
I0212 16:27:49.073832 3308049 LibParserRustC.cc:1274] load liberty file /data/project_share/process_node/dataset_baseline/lib/ts5n28hpcplvta1024x32m8fw_130a_ssg0p81v125c.lib
I0212 16:27:49.074992 3308040 LibParserRustC.cc:1283] load liberty file /data/project_share/process_node/dataset_baseline/lib/ts5n28hpcplvta64x64m2f_130a_ssg0p81v125c.lib success.
I0212 16:27:49.075007 3308040 Sta.cc:288] read liberty /data/project_share/process_node/dataset_baseline/lib/ts5n28hpcplvta64x64m2f_130a_ssg0p81v125c.lib end 
I0212 16:27:49.075042 3308040 Sta.cc:278] read liberty /data/project_share/process_node/dataset_baseline/lib/ts5n28hpcplvta256x144m2fw_130a_ssg0p81v125c.lib start 
I0212 16:27:49.075081 3308040 LibParserRustC.cc:1274] load liberty file /data/project_share/process_node/dataset_baseline/lib/ts5n28hpcplvta256x144m2fw_130a_ssg0p81v125c.lib
I0212 16:27:49.076213 3308049 LibParserRustC.cc:1283] load liberty file /data/project_share/process_node/dataset_baseline/lib/ts5n28hpcplvta1024x32m8fw_130a_ssg0p81v125c.lib success.
I0212 16:27:49.076228 3308049 Sta.cc:288] read liberty /data/project_share/process_node/dataset_baseline/lib/ts5n28hpcplvta1024x32m8fw_130a_ssg0p81v125c.lib end 
I0212 16:27:49.076242 3308049 Sta.cc:278] read liberty /data/project_share/process_node/dataset_baseline/lib/ts5n28hpcplvta128x144m2fw_130a_ssg0p81v125c.lib start 
I0212 16:27:49.076282 3308049 LibParserRustC.cc:1274] load liberty file /data/project_share/process_node/dataset_baseline/lib/ts5n28hpcplvta128x144m2fw_130a_ssg0p81v125c.lib
I0212 16:27:49.078166 3308040 LibParserRustC.cc:1283] load liberty file /data/project_share/process_node/dataset_baseline/lib/ts5n28hpcplvta256x144m2fw_130a_ssg0p81v125c.lib success.
I0212 16:27:49.078189 3308040 Sta.cc:288] read liberty /data/project_share/process_node/dataset_baseline/lib/ts5n28hpcplvta256x144m2fw_130a_ssg0p81v125c.lib end 
I0212 16:27:49.078208 3308040 Sta.cc:278] read liberty /data/project_share/process_node/dataset_baseline/lib/tphn28hpcpgv18ssg0p81v1p62v125c.lib start 
I0212 16:27:49.078227 3308040 LibParserRustC.cc:1274] load liberty file /data/project_share/process_node/dataset_baseline/lib/tphn28hpcpgv18ssg0p81v1p62v125c.lib
I0212 16:27:49.078665 3308049 LibParserRustC.cc:1283] load liberty file /data/project_share/process_node/dataset_baseline/lib/ts5n28hpcplvta128x144m2fw_130a_ssg0p81v125c.lib success.
I0212 16:27:49.078677 3308049 Sta.cc:288] read liberty /data/project_share/process_node/dataset_baseline/lib/ts5n28hpcplvta128x144m2fw_130a_ssg0p81v125c.lib end 
I0212 16:27:49.078689 3308049 Sta.cc:278] read liberty /data/project_share/process_node/dataset_baseline/lib/PLLTS28HPMLAINT_SS_0P81_125C.lib start 
I0212 16:27:49.078707 3308049 LibParserRustC.cc:1274] load liberty file /data/project_share/process_node/dataset_baseline/lib/PLLTS28HPMLAINT_SS_0P81_125C.lib
I0212 16:27:49.081421 3308049 LibParserRustC.cc:1283] load liberty file /data/project_share/process_node/dataset_baseline/lib/PLLTS28HPMLAINT_SS_0P81_125C.lib success.
I0212 16:27:49.081439 3308049 Sta.cc:288] read liberty /data/project_share/process_node/dataset_baseline/lib/PLLTS28HPMLAINT_SS_0P81_125C.lib end 
I0212 16:27:49.169951 3308051 LibParserRustC.cc:1283] load liberty file /data/project_share/process_node/dataset_baseline/lib/tcbn28hpcplusbwp35p140oppuhvtssg0p81v125c_ccs.lib success.
I0212 16:27:49.170017 3308051 Sta.cc:288] read liberty /data/project_share/process_node/dataset_baseline/lib/tcbn28hpcplusbwp35p140oppuhvtssg0p81v125c_ccs.lib end 
I0212 16:27:49.177103 3308068 LibParserRustC.cc:1283] load liberty file /data/project_share/process_node/dataset_baseline/lib/tcbn28hpcplusbwp40p140opplvtssg0p81v125c_ccs.lib success.
I0212 16:27:49.177138 3308068 Sta.cc:288] read liberty /data/project_share/process_node/dataset_baseline/lib/tcbn28hpcplusbwp40p140opplvtssg0p81v125c_ccs.lib end 
I0212 16:27:49.239244 3308040 LibParserRustC.cc:1283] load liberty file /data/project_share/process_node/dataset_baseline/lib/tphn28hpcpgv18ssg0p81v1p62v125c.lib success.
I0212 16:27:49.239311 3308040 Sta.cc:288] read liberty /data/project_share/process_node/dataset_baseline/lib/tphn28hpcpgv18ssg0p81v1p62v125c.lib end 
I0212 16:27:49.286396 3308044 LibParserRustC.cc:1283] load liberty file /data/project_share/process_node/dataset_baseline/lib/tcbn28hpcplusbwp40p140oppuhvtssg0p81v125c_ccs.lib success.
I0212 16:27:49.286476 3308044 Sta.cc:288] read liberty /data/project_share/process_node/dataset_baseline/lib/tcbn28hpcplusbwp40p140oppuhvtssg0p81v125c_ccs.lib end 
I0212 16:27:49.308329 3308045 LibParserRustC.cc:1283] load liberty file /data/project_share/process_node/dataset_baseline/lib/tcbn28hpcplusbwp30p140oppuhvtssg0p81v125c_ccs.lib success.
I0212 16:27:49.308386 3308045 Sta.cc:288] read liberty /data/project_share/process_node/dataset_baseline/lib/tcbn28hpcplusbwp30p140oppuhvtssg0p81v125c_ccs.lib end 
I0212 16:27:49.342104 3308052 LibParserRustC.cc:1283] load liberty file /data/project_share/process_node/dataset_baseline/lib/tcbn28hpcplusbwp35p140opplvtssg0p81v125c_ccs.lib success.
I0212 16:27:49.342164 3308052 Sta.cc:288] read liberty /data/project_share/process_node/dataset_baseline/lib/tcbn28hpcplusbwp35p140opplvtssg0p81v125c_ccs.lib end 
I0212 16:27:49.458945 3308048 LibParserRustC.cc:1283] load liberty file /data/project_share/process_node/dataset_baseline/lib/tcbn28hpcplusbwp30p140opphvtssg0p81v125c_ccs.lib success.
I0212 16:27:49.459010 3308048 Sta.cc:288] read liberty /data/project_share/process_node/dataset_baseline/lib/tcbn28hpcplusbwp30p140opphvtssg0p81v125c_ccs.lib end 
I0212 16:27:49.466373 3308058 LibParserRustC.cc:1283] load liberty file /data/project_share/process_node/dataset_baseline/lib/tcbn28hpcplusbwp35p140oppulvtssg0p81v125c_ccs.lib success.
I0212 16:27:49.466403 3308058 Sta.cc:288] read liberty /data/project_share/process_node/dataset_baseline/lib/tcbn28hpcplusbwp35p140oppulvtssg0p81v125c_ccs.lib end 
I0212 16:27:49.493463 3308042 LibParserRustC.cc:1283] load liberty file /data/project_share/process_node/dataset_baseline/lib/tcbn28hpcplusbwp30p140oppssg0p81v125c_ccs.lib success.
I0212 16:27:49.493520 3308042 Sta.cc:288] read liberty /data/project_share/process_node/dataset_baseline/lib/tcbn28hpcplusbwp30p140oppssg0p81v125c_ccs.lib end 
I0212 16:27:49.731153 3308043 LibParserRustC.cc:1283] load liberty file /data/project_share/process_node/dataset_baseline/lib/tcbn28hpcplusbwp30p140oppulvtssg0p81v125c_ccs.lib success.
I0212 16:27:49.731217 3308043 Sta.cc:288] read liberty /data/project_share/process_node/dataset_baseline/lib/tcbn28hpcplusbwp30p140oppulvtssg0p81v125c_ccs.lib end 
I0212 16:27:51.466296 3308054 LibParserRustC.cc:1283] load liberty file /data/project_share/process_node/dataset_baseline/lib/tcbn28hpcplusbwp35p140mbssg0p81v125c_ccs.lib success.
I0212 16:27:51.466357 3308054 Sta.cc:288] read liberty /data/project_share/process_node/dataset_baseline/lib/tcbn28hpcplusbwp35p140mbssg0p81v125c_ccs.lib end 
I0212 16:27:51.610627 3308055 LibParserRustC.cc:1283] load liberty file /data/project_share/process_node/dataset_baseline/lib/tcbn28hpcplusbwp35p140mblvtssg0p81v125c_ccs.lib success.
I0212 16:27:51.610687 3308055 Sta.cc:288] read liberty /data/project_share/process_node/dataset_baseline/lib/tcbn28hpcplusbwp35p140mblvtssg0p81v125c_ccs.lib end 
I0212 16:27:52.038110 3308046 LibParserRustC.cc:1283] load liberty file /data/project_share/process_node/dataset_baseline/lib/tcbn28hpcplusbwp30p140mbssg0p81v125c_ccs.lib success.
I0212 16:27:52.038175 3308046 Sta.cc:288] read liberty /data/project_share/process_node/dataset_baseline/lib/tcbn28hpcplusbwp30p140mbssg0p81v125c_ccs.lib end 
I0212 16:27:52.330145 3308047 LibParserRustC.cc:1283] load liberty file /data/project_share/process_node/dataset_baseline/lib/tcbn28hpcplusbwp30p140mblvtssg0p81v125c_ccs.lib success.
I0212 16:27:52.330214 3308047 Sta.cc:288] read liberty /data/project_share/process_node/dataset_baseline/lib/tcbn28hpcplusbwp30p140mblvtssg0p81v125c_ccs.lib end 
I0212 16:27:52.432922 3308063 LibParserRustC.cc:1283] load liberty file /data/project_share/process_node/dataset_baseline/lib/tcbn28hpcplusbwp40p140mbhvtssg0p81v125c_ccs.lib success.
I0212 16:27:52.432991 3308063 Sta.cc:288] read liberty /data/project_share/process_node/dataset_baseline/lib/tcbn28hpcplusbwp40p140mbhvtssg0p81v125c_ccs.lib end 
I0212 16:27:52.557122 3308065 LibParserRustC.cc:1283] load liberty file /data/project_share/process_node/dataset_baseline/lib/tcbn28hpcplusbwp40p140mbssg0p81v125c_ccs.lib success.
I0212 16:27:52.557190 3308065 Sta.cc:288] read liberty /data/project_share/process_node/dataset_baseline/lib/tcbn28hpcplusbwp40p140mbssg0p81v125c_ccs.lib end 
I0212 16:27:54.066761 3308069 LibParserRustC.cc:1283] load liberty file /data/project_share/process_node/dataset_baseline/lib/tcbn28hpcplusbwp35p140mbhvtssg0p81v125c_ccs.lib success.
I0212 16:27:54.066848 3308069 Sta.cc:288] read liberty /data/project_share/process_node/dataset_baseline/lib/tcbn28hpcplusbwp35p140mbhvtssg0p81v125c_ccs.lib end 
I0212 16:30:27.106709 3308050 LibParserRustC.cc:1283] load liberty file /data/project_share/process_node/dataset_baseline/lib/tcbn28hpcplusbwp35p140ssg0p81v125c_ccs.lib success.
I0212 16:30:27.107283 3308050 Sta.cc:288] read liberty /data/project_share/process_node/dataset_baseline/lib/tcbn28hpcplusbwp35p140ssg0p81v125c_ccs.lib end 
I0212 16:30:27.418987 3308060 LibParserRustC.cc:1283] load liberty file /data/project_share/process_node/dataset_baseline/lib/tcbn28hpcplusbwp40p140ssg0p81v125c_ccs.lib success.
I0212 16:30:27.419064 3308060 Sta.cc:288] read liberty /data/project_share/process_node/dataset_baseline/lib/tcbn28hpcplusbwp40p140ssg0p81v125c_ccs.lib end 
I0212 16:30:31.598237 3308059 LibParserRustC.cc:1283] load liberty file /data/project_share/process_node/dataset_baseline/lib/tcbn28hpcplusbwp35p140uhvtssg0p81v125c_ccs.lib success.
I0212 16:30:31.598366 3308059 Sta.cc:288] read liberty /data/project_share/process_node/dataset_baseline/lib/tcbn28hpcplusbwp35p140uhvtssg0p81v125c_ccs.lib end 
I0212 16:30:31.949270 3308061 LibParserRustC.cc:1283] load liberty file /data/project_share/process_node/dataset_baseline/lib/tcbn28hpcplusbwp40p140hvtssg0p81v125c_ccs.lib success.
I0212 16:30:31.949337 3308061 Sta.cc:288] read liberty /data/project_share/process_node/dataset_baseline/lib/tcbn28hpcplusbwp40p140hvtssg0p81v125c_ccs.lib end 
I0212 16:30:32.661774 3308062 LibParserRustC.cc:1283] load liberty file /data/project_share/process_node/dataset_baseline/lib/tcbn28hpcplusbwp40p140lvtssg0p81v125c_ccs.lib success.
I0212 16:30:32.661839 3308062 Sta.cc:288] read liberty /data/project_share/process_node/dataset_baseline/lib/tcbn28hpcplusbwp40p140lvtssg0p81v125c_ccs.lib end 
I0212 16:30:33.566670 3308067 LibParserRustC.cc:1283] load liberty file /data/project_share/process_node/dataset_baseline/lib/tcbn28hpcplusbwp35p140hvtssg0p81v125c_ccs.lib success.
I0212 16:30:33.567130 3308067 Sta.cc:288] read liberty /data/project_share/process_node/dataset_baseline/lib/tcbn28hpcplusbwp35p140hvtssg0p81v125c_ccs.lib end 
I0212 16:30:33.874472 3308039 LibParserRustC.cc:1283] load liberty file /data/project_share/process_node/dataset_baseline/lib/tcbn28hpcplusbwp30p140lvtssg0p81v125c_ccs.lib success.
I0212 16:30:33.874539 3308039 Sta.cc:288] read liberty /data/project_share/process_node/dataset_baseline/lib/tcbn28hpcplusbwp30p140lvtssg0p81v125c_ccs.lib end 
I0212 16:30:34.617430 3308057 LibParserRustC.cc:1283] load liberty file /data/project_share/process_node/dataset_baseline/lib/tcbn28hpcplusbwp40p140uhvtssg0p81v125c_ccs.lib success.
I0212 16:30:34.617504 3308057 Sta.cc:288] read liberty /data/project_share/process_node/dataset_baseline/lib/tcbn28hpcplusbwp40p140uhvtssg0p81v125c_ccs.lib end 
I0212 16:30:35.812990 3308041 LibParserRustC.cc:1283] load liberty file /data/project_share/process_node/dataset_baseline/lib/tcbn28hpcplusbwp30p140ssg0p81v125c_ccs.lib success.
I0212 16:30:35.813055 3308041 Sta.cc:288] read liberty /data/project_share/process_node/dataset_baseline/lib/tcbn28hpcplusbwp30p140ssg0p81v125c_ccs.lib end 
I0212 16:30:37.118191 3308038 LibParserRustC.cc:1283] load liberty file /data/project_share/process_node/dataset_baseline/lib/tcbn28hpcplusbwp30p140hvtssg0p81v125c_ccs.lib success.
I0212 16:30:37.118253 3308038 Sta.cc:288] read liberty /data/project_share/process_node/dataset_baseline/lib/tcbn28hpcplusbwp30p140hvtssg0p81v125c_ccs.lib end 
I0212 16:30:40.020694 3308066 LibParserRustC.cc:1283] load liberty file /data/project_share/process_node/dataset_baseline/lib/tcbn28hpcplusbwp30p140uhvtssg0p81v125c_ccs.lib success.
I0212 16:30:40.020860 3308066 Sta.cc:288] read liberty /data/project_share/process_node/dataset_baseline/lib/tcbn28hpcplusbwp30p140uhvtssg0p81v125c_ccs.lib end 
I0212 16:30:43.940498 3308053 LibParserRustC.cc:1283] load liberty file /data/project_share/process_node/dataset_baseline/lib/tcbn28hpcplusbwp35p140lvtssg0p81v125c_ccs.lib success.
I0212 16:30:43.940619 3308053 Sta.cc:288] read liberty /data/project_share/process_node/dataset_baseline/lib/tcbn28hpcplusbwp35p140lvtssg0p81v125c_ccs.lib end 
I0212 16:30:44.813036 3308056 LibParserRustC.cc:1283] load liberty file /data/project_share/process_node/dataset_baseline/lib/tcbn28hpcplusbwp35p140ulvtssg0p81v125c_ccs.lib success.
I0212 16:30:44.813141 3308056 Sta.cc:288] read liberty /data/project_share/process_node/dataset_baseline/lib/tcbn28hpcplusbwp35p140ulvtssg0p81v125c_ccs.lib end 
I0212 16:30:48.166723 3308064 LibParserRustC.cc:1283] load liberty file /data/project_share/process_node/dataset_baseline/lib/tcbn28hpcplusbwp30p140ulvtssg0p81v125c_ccs.lib success.
I0212 16:30:48.166788 3308064 Sta.cc:288] read liberty /data/project_share/process_node/dataset_baseline/lib/tcbn28hpcplusbwp30p140ulvtssg0p81v125c_ccs.lib end 
I0212 16:30:48.167107 3300491 Sta.cc:319] load lib end
I0212 16:30:48.168896 3417998 LibParserRustC.cc:1293] link liberty file /data/project_share/process_node/dataset_baseline/lib/tcbn28hpcplusbwp40p140oppssg0p81v125c_ccs.lib start.
I0212 16:30:48.168926 3417999 LibParserRustC.cc:1293] link liberty file /data/project_share/process_node/dataset_baseline/lib/tcbn28hpcplusbwp40p140opphvtssg0p81v125c_ccs.lib start.
I0212 16:30:48.168962 3418000 LibParserRustC.cc:1293] link liberty file /data/project_share/process_node/dataset_baseline/lib/tcbn28hpcplusbwp35p140oppssg0p81v125c_ccs.lib start.
I0212 16:30:48.168983 3418002 LibParserRustC.cc:1293] link liberty file /data/project_share/process_node/dataset_baseline/lib/tcbn28hpcplusbwp35p140opphvtssg0p81v125c_ccs.lib start.
I0212 16:30:48.169034 3418006 LibParserRustC.cc:1293] link liberty file /data/project_share/process_node/dataset_baseline/lib/ts5n28hpcplvta128x64m2f_130a_ssg0p81v125c.lib start.
I0212 16:30:48.169099 3418001 LibParserRustC.cc:1293] link liberty file /data/project_share/process_node/dataset_baseline/lib/ts5n28hpcplvta64x128m2fw_130a_ssg0p81v125c.lib start.
I0212 16:30:48.169109 3418008 LibParserRustC.cc:1293] link liberty file /data/project_share/process_node/dataset_baseline/lib/ts5n28hpcplvta512x64m4fw_130a_ssg0p81v125c.lib start.
I0212 16:30:48.169145 3418013 LibParserRustC.cc:1293] link liberty file /data/project_share/process_node/dataset_baseline/lib/ts5n28hpcplvta64x32m2f_130a_ssg0p81v125c.lib start.
I0212 16:30:48.169162 3418026 LibParserRustC.cc:1293] link liberty file /data/project_share/process_node/dataset_baseline/lib/ts5n28hpcplvta128x8m2f_130a_ssg0p81v125c.lib start.
I0212 16:30:48.169342 3418003 LibParserRustC.cc:1293] link liberty file /data/project_share/process_node/dataset_baseline/lib/ts5n28hpcplvta64x128m2f_130a_ssg0p81v125c.lib start.
I0212 16:30:48.169354 3418005 LibParserRustC.cc:1293] link liberty file /data/project_share/process_node/dataset_baseline/lib/ts5n28hpcplvta128x32m2f_130a_ssg0p81v125c.lib start.
I0212 16:30:48.169420 3418007 LibParserRustC.cc:1293] link liberty file /data/project_share/process_node/dataset_baseline/lib/ts5n28hpcplvta512x64m4f_130a_ssg0p81v125c.lib start.
I0212 16:30:48.169801 3418020 LibParserRustC.cc:1293] link liberty file /data/project_share/process_node/dataset_baseline/lib/ts5n28hpcplvta64x80m2f_130a_ssg0p81v125c.lib start.
I0212 16:30:48.169845 3418004 LibParserRustC.cc:1293] link liberty file /data/project_share/process_node/dataset_baseline/lib/ts5n28hpcplvta256x32m4fw_130a_ssg0p81v125c.lib start.
I0212 16:30:48.169853 3418019 LibParserRustC.cc:1293] link liberty file /data/project_share/process_node/dataset_baseline/lib/tcbn28hpcplusbwp30p140opplvtssg0p81v125c_ccs.lib start.
I0212 16:30:48.170074 3418021 LibParserRustC.cc:1293] link liberty file /data/project_share/process_node/dataset_baseline/lib/ts5n28hpcplvta8x144m2f_130a_ssg0p81v125c.lib start.
I0212 16:30:48.170287 3418028 LibParserRustC.cc:1293] link liberty file /data/project_share/process_node/dataset_baseline/lib/ts5n28hpcplvta128x80m2f_130a_ssg0p81v125c.lib start.
I0212 16:30:48.170317 3418012 LibParserRustC.cc:1293] link liberty file /data/project_share/process_node/dataset_baseline/lib/ts5n28hpcplvta32x32m2f_130a_ssg0p81v125c.lib start.
I0212 16:30:48.170500 3418009 LibParserRustC.cc:1293] link liberty file /data/project_share/process_node/dataset_baseline/lib/ts5n28hpcplvta64x8m2f_130a_ssg0p81v125c.lib start.
I0212 16:30:48.170501 3418018 LibParserRustC.cc:1293] link liberty file /data/project_share/process_node/dataset_baseline/lib/ts5n28hpcplvta32x128m2f_130a_ssg0p81v125c.lib start.
I0212 16:30:48.170679 3418011 LibParserRustC.cc:1293] link liberty file /data/project_share/process_node/dataset_baseline/lib/PLLTS28HPMLAINT_SS_0P81_125C.lib start.
