I0313 17:58:17.582131 673105 lm_feature_timing.cpp:80] node dpath/b_mux_out[6]:417595 resistance 14.124 cap 0.000590266 slew 0.016905 delay 0.0103088 power 3.04538e-05
I0313 17:58:17.582149 673096 lm_feature_timing.cpp:80] node dpath/a_mux/U33:ZN resistance 0 cap 0.00074984 slew 0.034452 delay 0 power 6.0737e-06
I0313 17:58:17.576447 672984 lm_feature_timing.cpp:125] build net dpath/a_reg/n16 feature 
I0313 17:58:17.585760 673105 lm_feature_timing.cpp:80] node dpath/b_mux_out[6]:417596 resistance 14.552 cap 0.000582435 slew 0.016905 delay 0.0105581 power 3.00498e-05
I0313 17:58:17.585762 672971 lm_feature_timing.cpp:80] node dpath/a_mux_out[7]:791381 resistance 25.252 cap 0.000635097 slew 0.017289 delay 0.0214141 power 7.13522e-05
I0313 17:58:17.578346 673103 lm_feature_timing.cpp:80] node dpath/a_reg/U14:B1 resistance 30.388 cap 0.000659839 slew 0.0410004 delay 0.14303 power 4.22841e-05
I0313 17:58:17.582312 673041 lm_feature_timing.cpp:80] node dpath/b_mux/U13:Z resistance 0 cap 0.000705376 slew 0.015792 delay 0 power 3.4634e-05
I0313 17:58:17.579895 673056 lm_feature_timing.cpp:80] node dpath/a_lt_b/n8:738471 resistance 0.856 cap 0.00152381 slew 0.053906 delay 0.00130439 power 2.45653e-05
I0313 17:58:17.582327 673088 lm_feature_timing.cpp:80] node ctrl/U16:B1 resistance 22.684 cap 0.000655402 slew 0.029179 delay 0.0201559 power 4.7836e-05
I0313 17:58:17.582338 673094 lm_feature_timing.cpp:80] node dpath/a_reg_out[9]:1183581 resistance 28.248 cap 0.00269498 slew 0.0459835 delay 0.170477 power 0.000197474
I0313 17:58:17.582345 673077 lm_feature_timing.cpp:80] node dpath/a_reg/U4:I resistance 204.156 cap 0.00106438 slew 0.0402393 delay 2.32085 power 8.62148e-06
I0313 17:58:17.579964 672980 lm_feature_timing.cpp:80] node dpath/a_lt_b/n1:729183 resistance 5.136 cap 0.000836275 slew 0.017306 delay 0.00456759 power 6.77383e-06
I0313 17:58:17.585855 672998 lm_feature_timing.cpp:80] node dpath/a_mux/n15:438517 resistance 13.696 cap 0.000660178 slew 0.036668 delay 0.0109773 power 3.76486e-05
I0313 17:58:17.585891 673094 lm_feature_timing.cpp:80] node dpath/a_reg_out[9]:830783 resistance 27.392 cap 0.00515599 slew 0.0459835 delay 0.16816 power 0.000377804
I0313 17:58:17.585902 672980 lm_feature_timing.cpp:80] node dpath/a_lt_b/n1:733373 resistance 9.416 cap 0.000791444 slew 0.017306 delay 0.00795497 power 6.4107e-06
I0313 17:58:17.582442 673080 lm_feature_timing.cpp:80] node dpath/a_mux_out[4]:1079657 resistance 38.52 cap 0.000930312 slew 0.019269 delay 0.0420507 power 9.16818e-05
I0313 17:58:17.585927 673094 lm_feature_timing.cpp:80] node dpath/a_reg_out[9]:831621 resistance 28.248 cap 0.00270692 slew 0.0459835 delay 0.170477 power 0.000198349
I0313 17:58:17.582453 673073 lm_feature_timing.cpp:80] node ctrl/state/n1:776021 resistance 16.692 cap 0.00151375 slew 2.72699e-05 delay 0.0259137 power 1.22614e-05
I0313 17:58:17.585953 672980 lm_feature_timing.cpp:80] node dpath/a_lt_b/U13:B1 resistance 13.268 cap 0.000662236 slew 0.017306 delay 0.010655 power 5.36411e-06
I0313 17:58:17.585968 673094 lm_feature_timing.cpp:80] node dpath/a_lt_b/U6:A1 resistance 53.5 cap 0.00056171 slew 0.0459835 delay 0.216218 power 4.11592e-05
I0313 17:58:17.580015 673007 lm_feature_timing.cpp:80] node dpath/b_reg/n13:464469 resistance 0.428 cap 0.00113875 slew 0.018543 delay 0.000487386 power 5.69182e-05
I0313 17:58:17.580020 673074 lm_feature_timing.cpp:80] node ctrl/n3:789511 resistance 3.424 cap 0.000656426 slew 0.015546 delay 0.0022476 power 1.59033e-05
I0313 17:58:17.585997 673094 lm_feature_timing.cpp:80] node dpath/a_reg_out[9]:487172 resistance 53.5 cap 0.000585985 slew 0.0459835 delay 0.216218 power 4.2938e-05
I0313 17:58:17.576399 673021 lm_feature_timing.cpp:125] build net dpath/a_mux/n11 feature 
I0313 17:58:17.582504 673017 lm_feature_timing.cpp:80] node dpath/b_mux_out[13]:467729 resistance 6.42 cap 0.000853375 slew 0.017469 delay 0.00592073 power 4.36265e-05
I0313 17:58:17.586038 673094 lm_feature_timing.cpp:80] node dpath/a_reg_out[9]:487167 resistance 51.36 cap 0.000610261 slew 0.0459835 delay 0.214964 power 4.47167e-05
I0313 17:58:17.586043 673074 lm_feature_timing.cpp:80] node ctrl/n3:434199 resistance 0 cap 0.00139018 slew 0.015546 delay 0 power 3.36802e-05
I0313 17:58:17.579435 673005 lm_feature_timing.cpp:80] node dpath/a_mux_out[11]:799663 resistance 7.276 cap 0.00117326 slew 0.018599 delay 0.00907218 power 0.00011472
I0313 17:58:17.586055 673007 lm_feature_timing.cpp:80] node dpath/b_reg/n13:816429 resistance 0.428 cap 0.00113092 slew 0.018543 delay 0.000487386 power 5.65268e-05
I0313 17:58:17.586078 673074 lm_feature_timing.cpp:80] node ctrl/n3:786159 resistance 0 cap 0.000693034 slew 0.015546 delay 0 power 1.67903e-05
I0313 17:58:17.578122 673011 lm_feature_timing.cpp:80] node dpath/a_lt_b/U37:C resistance 10.272 cap 0.000599307 slew 0.016585 delay 0.00720779 power 8.52164e-06
I0313 17:58:17.582585 673100 lm_feature_timing.cpp:80] node clk:1412927 resistance 23.112 cap 0.00573049 slew 0.000328255 delay 0.137692 power 0.00185668
I0313 17:58:17.582587 673095 lm_feature_timing.cpp:80] node dpath/a_mux/U3:A2 resistance 50.504 cap 0.000596047 slew 0.0481361 delay 0.0993113 power 1.92685e-05
I0313 17:58:17.579212 673037 lm_feature_timing.cpp:80] node dpath/a_reg/n9:440276 resistance 0 cap 0.000728037 slew 0.016117 delay 0 power 5.00012e-05
I0313 17:58:17.575891 673083 lm_feature_timing.cpp:125] build net dpath/a_mux/n13 feature 
I0313 17:58:17.586136 673007 lm_feature_timing.cpp:80] node dpath/b_reg/n13:464468 resistance 0 cap 0.00114658 slew 0.018543 delay 0 power 5.73096e-05
I0313 17:58:17.586149 673011 lm_feature_timing.cpp:80] node dpath/a_lt_b/n33:484448 resistance 10.272 cap 0.000701693 slew 0.016585 delay 0.00720779 power 9.97748e-06
I0313 17:58:17.582653 673009 lm_feature_timing.cpp:80] node dpath/a_reg_out[2]:1087901 resistance 58.636 cap 0.000784897 slew 0.0429064 delay 0.233902 power 4.48251e-05
I0313 17:58:17.582677 673025 lm_feature_timing.cpp:80] node dpath/a_mux_out[1]:386391 resistance 20.116 cap 0.000574604 slew 0.016524 delay 0.0156 power 4.83714e-05
I0313 17:58:17.580760 673053 lm_feature_timing.cpp:80] node dpath/a_reg_out[11]:815571 resistance 56.068 cap 0.00086833 slew 0.0394354 delay 0.205558 power 5.3311e-05
I0313 17:58:17.582672 673076 lm_feature_timing.cpp:80] node dpath/a_lt_b/n6:384843 resistance 14.98 cap 0.000745569 slew 0.01385 delay 0.0134594 power 1.20782e-05
I0313 17:58:17.586237 673025 lm_feature_timing.cpp:80] node dpath/a_mux_out[1]:386391 resistance 20.116 cap 0.000574604 slew 0.016524 delay 0.0156 power 4.83714e-05
I0313 17:58:17.580260 673090 lm_feature_timing.cpp:80] node dpath/a_lt_b/n32:486999 resistance 17.976 cap 0.000635035 slew 0.020978 delay 0.0187062 power 5.14378e-06
I0313 17:58:17.586262 673053 lm_feature_timing.cpp:80] node dpath/a_reg_out[11]:1167531 resistance 56.068 cap 0.000798833 slew 0.0394354 delay 0.205558 power 4.90442e-05
I0313 17:58:17.582722 672999 lm_feature_timing.cpp:80] node dpath/a_reg/n14:477024 resistance 0 cap 0.00121236 slew 0.018996 delay 0 power 7.67178e-05
I0313 17:58:17.586275 673025 lm_feature_timing.cpp:80] node dpath/a_mux_out[1]:738351 resistance 20.116 cap 0.000668768 slew 0.016524 delay 0.0156 power 5.62983e-05
I0313 17:58:17.586280 673076 lm_feature_timing.cpp:80] node dpath/a_lt_b/n6:736803 resistance 14.98 cap 0.0007904 slew 0.01385 delay 0.0134594 power 1.28045e-05
I0313 17:58:17.586285 673083 lm_feature_timing.cpp:80] node dpath/a_mux/U27:ZN resistance 0 cap 0.000881394 slew 0.035942 delay 0 power 5.02641e-05
I0313 17:58:17.586302 673053 lm_feature_timing.cpp:80] node dpath/a_reg_out[11]:808867 resistance 49.22 cap 0.000937828 slew 0.0394354 delay 0.199612 power 5.75778e-05
I0313 17:58:17.582756 673060 lm_feature_timing.cpp:80] node dpath/a_reg/n5:1099671 resistance 19.688 cap 0.00071081 slew 0.018395 delay 0.0178545 power 4.22688e-05
I0313 17:58:17.586331 673083 lm_feature_timing.cpp:80] node dpath/a_mux/n13:730981 resistance 0 cap 0.000881394 slew 0.035942 delay 0 power 5.02641e-05
I0313 17:58:17.586339 673053 lm_feature_timing.cpp:80] node dpath/a_reg_out[11]:815571 resistance 56.068 cap 0.00086833 slew 0.0394354 delay 0.205558 power 5.3311e-05
I0313 17:58:17.582818 673032 lm_feature_timing.cpp:80] node dpath/a_mux/n14:395806 resistance 15.836 cap 0.000603014 slew 0.036474 delay 0.0119985 power 3.43886e-05
I0313 17:58:17.586380 673053 lm_feature_timing.cpp:80] node dpath/a_reg_out[11]:1167515 resistance 62.916 cap 0.000729336 slew 0.0394354 delay 0.210553 power 4.47775e-05
I0313 17:58:17.582887 673043 lm_feature_timing.cpp:80] node dpath/a_reg/n1:837203 resistance 10.272 cap 0.000608478 slew 0.011477 delay 0.00670442 power 6.71632e-05
I0313 17:58:17.582873 672958 lm_feature_timing.cpp:80] node dpath/a_reg/n11:478009 resistance 7.276 cap 0.000793423 slew 0.01698 delay 0.00577294 power 5.81379e-05
I0313 17:58:17.586421 673053 lm_feature_timing.cpp:80] node dpath/a_reg_out[11]:1167531 resistance 56.068 cap 0.000798833 slew 0.0394354 delay 0.205558 power 4.90442e-05
I0313 17:58:17.582875 672974 lm_feature_timing.cpp:80] node dpath/a_lt_b/n19:829093 resistance 20.972 cap 0.000816021 slew 0.017501 delay 0.0179182 power 1.38279e-05
I0313 17:58:17.586422 673060 lm_feature_timing.cpp:80] node dpath/a_reg/n5:1451631 resistance 19.688 cap 0.00082964 slew 0.018395 delay 0.0178545 power 4.93351e-05
I0313 17:58:17.586449 673043 lm_feature_timing.cpp:80] node dpath/a_reg/n1:831337 resistance 4.28 cap 0.000669753 slew 0.011477 delay 0.00305842 power 7.39267e-05
I0313 17:58:17.578527 673044 lm_feature_timing.cpp:80] node dpath/a_lt_b/n14:767077 resistance 0.428 cap 0.000927521 slew 0.020585 delay 0.000691258 power 7.51292e-06
I0313 17:58:17.586459 673053 lm_feature_timing.cpp:80] node dpath/a_reg_out[11]:456933 resistance 44.084 cap 0.00318191 slew 0.0394354 delay 0.183542 power 0.000195353
I0313 17:58:17.586458 673032 lm_feature_timing.cpp:80] node dpath/a_mux/n14:399993 resistance 10.272 cap 0.000774115 slew 0.036474 delay 0.00838272 power 4.41462e-05
I0313 17:58:17.580897 673034 lm_feature_timing.cpp:80] node dpath/a_lt_b/U35:A1 resistance 12.412 cap 0.000598426 slew 0.018123 delay 0.0171344 power 4.84725e-06
I0313 17:58:17.582978 672997 lm_feature_timing.cpp:80] node dpath/a_reg_out[14]:833905 resistance 24.824 cap 0.00167496 slew 0.0404481 delay 0.0768424 power 0.000155619
I0313 17:58:17.580937 673109 lm_feature_timing.cpp:80] node dpath/a_lt_b/U22:I resistance 27.392 cap 0.000599444 slew 0.0402571 delay 0.0866866 power 4.11695e-05
I0313 17:58:17.580920 672965 lm_feature_timing.cpp:80] node dpath/a_mux/placeFE_OFC5_n18:I resistance 1.284 cap 0.000609824 slew 0.018175 delay 0.000803626 power 3.94278e-05
I0313 17:58:17.583010 672960 lm_feature_timing.cpp:80] node dpath/a_mux/n10:445968 resistance 3.852 cap 0.000945216 slew 0.037124 delay 0.00364097 power 5.39037e-05
I0313 17:58:17.586584 673034 lm_feature_timing.cpp:80] node dpath/a_lt_b/n37:471887 resistance 12.412 cap 0.0012547 slew 0.018123 delay 0.0171344 power 1.01631e-05
I0313 17:58:17.586598 672997 lm_feature_timing.cpp:80] node dpath/a_reg_out[14]:835581 resistance 26.536 cap 0.00059285 slew 0.0404481 delay 0.0778574 power 5.50812e-05
I0313 17:58:17.583046 672979 lm_feature_timing.cpp:80] node dpath/b_reg/n16:461885 resistance 1.284 cap 0.000883866 slew 0.01706 delay 0.00113488 power 5.41874e-05
I0313 17:58:17.579707 672995 lm_feature_timing.cpp:80] node dpath/a_mux/n1:801183 resistance 1.712 cap 0.000818555 slew 0.035457 delay 0.00140137 power 4.66805e-05
I0313 17:58:17.583065 673102 lm_feature_timing.cpp:80] node dpath/a_mux/n6:380631 resistance 4.28 cap 0.000631792 slew 0.033624 delay 0.00270407 power 3.60298e-05
I0313 17:58:17.586658 672997 lm_feature_timing.cpp:80] node dpath/a_reg_out[14]:833905 resistance 24.824 cap 0.00167496 slew 0.0404481 delay 0.0768424 power 0.000155619
I0313 17:58:17.583086 673039 lm_feature_timing.cpp:80] node dpath/a_mux/U12:B resistance 9.844 cap 0.000586961 slew 0.035087 delay 0.00681233 power 3.34732e-05
I0313 17:58:17.586694 673102 lm_feature_timing.cpp:80] node dpath/a_mux/U13:ZN resistance 0 cap 0.000676622 slew 0.033624 delay 0 power 3.85864e-05
I0313 17:58:17.580794 673108 lm_feature_timing.cpp:80] node dpath/a_reg/n2:746707 resistance 8.988 cap 0.000650317 slew 0.016259 delay 0.00588519 power 3.00292e-05
I0313 17:58:17.584436 673045 lm_feature_timing.cpp:80] node ctrl_a_mux_sel[1]:439228 resistance 0 cap 0.000852066 slew 0.014695 delay 0 power 2.75449e-05
I0313 17:58:17.586702 672995 lm_feature_timing.cpp:80] node dpath/a_mux/n1:799507 resistance 0 cap 0.000838719 slew 0.035457 delay 0 power 4.78304e-05
I0313 17:58:17.584431 672978 lm_feature_timing.cpp:80] node dpath/b_reg/n15:852383 resistance 30.816 cap 0.000864093 slew 0.018748 delay 0.0266279 power 4.40636e-05
I0313 17:58:17.581048 673093 lm_feature_timing.cpp:80] node dpath/b_mux/n1:441917 resistance 0.856 cap 0.0171972 slew 0.0427522 delay 0.0147208 power 0.000278594
I0313 17:58:17.584465 673065 lm_feature_timing.cpp:80] node dpath/a_mux/FE_OFN5_n18:394953 resistance 89.452 cap 0.000450488 slew 0.0317656 delay 0.683171 power 2.9126e-05
I0313 17:58:17.581065 672959 lm_feature_timing.cpp:80] node dpath/a_mux_out[10]:477052 resistance 43.656 cap 0.000582435 slew 0.019133 delay 0.0441204 power 4.71772e-06
I0313 17:58:17.586786 672978 lm_feature_timing.cpp:80] node dpath/b_reg/n15:822215 resistance 0 cap 0.00116381 slew 0.018748 delay 0 power 5.93474e-05
I0313 17:58:17.580483 673063 lm_feature_timing.cpp:80] node dpath/a_lt_b/n5:387341 resistance 1.712 cap 0.000619471 slew 0.015064 delay 0.00106053 power 7.84018e-06
I0313 17:58:17.584589 672981 lm_feature_timing.cpp:80] node dpath/b_mux_out[0]:394828 resistance 0 cap 0.000942254 slew 0.017178 delay 0 power 3.90948e-05
I0313 17:58:17.586830 673063 lm_feature_timing.cpp:80] node dpath/a_lt_b/n5:386501 resistance 0 cap 0.000639636 slew 0.015064 delay 0 power 8.09539e-06
I0313 17:58:17.584548 673004 lm_feature_timing.cpp:80] node dpath/b_reg/n5:777033 resistance 10.7 cap 0.000625651 slew 0.016388 delay 0.00721337 power 3.09701e-05
I0313 17:58:17.586839 672959 lm_feature_timing.cpp:80] node dpath/a_mux_out[10]:477051 resistance 43.228 cap 0.000590266 slew 0.019133 delay 0.0438711 power 4.78116e-06
I0313 17:58:17.581099 673029 lm_feature_timing.cpp:80] node dpath/a_mux/n9:433490 resistance 2.14 cap 0.000964989 slew 0.037386 delay 0.00210102 power 5.50313e-05
I0313 17:58:17.584637 673089 lm_feature_timing.cpp:80] node dpath/a_lt_b/U33:C resistance 5.136 cap 0.000599307 slew 0.015449 delay 0.00335052 power 8.58372e-06
I0313 17:58:17.586913 672959 lm_feature_timing.cpp:80] node dpath/a_mux_out[10]:477052 resistance 43.656 cap 0.000582435 slew 0.019133 delay 0.0441204 power 4.71772e-06
I0313 17:58:17.580994 672953 lm_feature_timing.cpp:80] node dpath/a_lt_b/n30:839077 resistance 2.14 cap 0.00199114 slew 0.037595 delay 0.00431299 power 4.95614e-05
I0313 17:58:17.586948 672959 lm_feature_timing.cpp:80] node dpath/a_mux_out[10]:477051 resistance 43.228 cap 0.000590266 slew 0.019133 delay 0.0438711 power 4.78116e-06
I0313 17:58:17.580483 673055 lm_feature_timing.cpp:80] node dpath/a_mux/n3:380547 resistance 4.28 cap 0.000631792 slew 0.033624 delay 0.00270407 power 3.60298e-05
I0313 17:58:17.586958 673029 lm_feature_timing.cpp:80] node dpath/a_mux/n9:433504 resistance 8.132 cap 0.000891772 slew 0.037386 delay 0.00744452 power 5.08559e-05
I0313 17:58:17.584724 673057 lm_feature_timing.cpp:80] node dpath/a_lt_b/n9:1093889 resistance 14.552 cap 0.000861938 slew 0.031625 delay 0.012921 power 1.39634e-05
I0313 17:58:17.584704 673072 lm_feature_timing.cpp:80] node dpath/a_lt_b/n2:385593 resistance 5.992 cap 0.000586961 slew 0.023105 delay 0.00388423 power 9.50877e-06
I0313 17:58:17.581053 673024 lm_feature_timing.cpp:80] node ctrl/state_out[0]:754301 resistance 39.376 cap 0.00194991 slew 0.0498893 delay 0.181889 power 1.57943e-05
I0313 17:58:17.584748 673003 lm_feature_timing.cpp:80] node ctrl/next_state__0[1]:778593 resistance 0.856 cap 0.000921308 slew 0.030897 delay 0.00078864 power 4.6911e-05
I0313 17:58:17.584753 673069 lm_feature_timing.cpp:80] node dpath/b_reg/out_reg_8_:D resistance 19.26 cap 0.000637984 slew 0.017358 delay 0.0146638 power 3.34167e-05
I0313 17:58:17.587047 672953 lm_feature_timing.cpp:80] node dpath/a_lt_b/n30:844105 resistance 7.276 cap 0.00193809 slew 0.037595 delay 0.014267 power 4.82409e-05
I0313 17:58:17.576699 673101 lm_feature_timing.cpp:80] node dpath/a_reg/n12:851715 resistance 47.08 cap 0.000590962 slew 0.020481 delay 0.048563 power 1.91472e-07
I0313 17:58:17.584776 672970 lm_feature_timing.cpp:137] net dpath/a_mux_out[3] resistance 18.832 cap 0.000762931 slew 0.00117847 delay 0.00629712 power 5.66876e-08
I0313 17:58:17.587194 672953 lm_feature_timing.cpp:80] node dpath/a_lt_b/n30:492077 resistance 36.38 cap 0.00133943 slew 0.0375951 delay 0.0608655 power 3.33398e-05
I0313 17:58:17.587195 673069 lm_feature_timing.cpp:80] node dpath/b_reg/n10:464552 resistance 0 cap 0.000956692 slew 0.017358 delay 0 power 5.01101e-05
I0313 17:58:17.581183 672977 lm_feature_timing.cpp:80] node dpath/a_lt_b/n11:393327 resistance 10.272 cap 0.000579745 slew 0.030248 delay 0.0107686 power 9.39188e-06
I0313 17:58:17.587225 672970 lm_feature_timing.cpp:125] build net dpath/b_reg_out[0] feature 
I0313 17:58:17.576541 673008 lm_feature_timing.cpp:125] build net dpath/b_mux_out[10] feature 
I0313 17:58:17.587232 673069 lm_feature_timing.cpp:80] node dpath/b_reg/n10:464574 resistance 9.416 cap 0.000862529 slew 0.017358 delay 0.00812157 power 4.5178e-05
I0313 17:58:17.584933 672992 lm_feature_timing.cpp:80] node dpath/b_reg/n8:416781 resistance 2.568 cap 0.0010442 slew 0.018037 delay 0.0026815 power 5.34938e-05
I0313 17:58:17.584939 673026 lm_feature_timing.cpp:80] node dpath/a_reg/n15:507915 resistance 62.916 cap 0.00058826 slew 0.0226471 delay 0.0760471 power 3.84954e-05
I0313 17:58:17.587257 672977 lm_feature_timing.cpp:80] node dpath/a_lt_b/n11:393321 resistance 7.704 cap 0.000608132 slew 0.030248 delay 0.00927981 power 9.85174e-06
I0313 17:58:17.587263 673069 lm_feature_timing.cpp:80] node dpath/b_reg/n10:462060 resistance 11.984 cap 0.000739979 slew 0.017358 delay 0.0100218 power 3.8759e-05
I0313 17:58:17.584985 672968 lm_feature_timing.cpp:80] node dpath/b_mux_out[8]:462021 resistance 29.532 cap 0.000627657 slew 0.018669 delay 0.0256791 power 3.38252e-05
I0313 17:58:17.587283 672992 lm_feature_timing.cpp:80] node dpath/b_reg/n8:768741 resistance 2.568 cap 0.00101581 slew 0.018037 delay 0.0026815 power 5.20396e-05
I0313 17:58:17.587292 673069 lm_feature_timing.cpp:80] node dpath/b_reg/n10:464574 resistance 9.416 cap 0.000862529 slew 0.017358 delay 0.00812157 power 4.5178e-05
I0313 17:58:17.585008 672962 lm_feature_timing.cpp:80] node dpath/a_reg/out_reg_4_:D resistance 3.424 cap 0.000600985 slew 0.015676 delay 0.00205777 power 3.71288e-05
I0313 17:58:17.585027 673062 lm_feature_timing.cpp:80] node dpath/b_reg/FE_OFN2_ctrl_b_reg_en_0:818181 resistance 125.404 cap 0.00152096 slew 0.0278504 delay 0.724888 power 3.84203e-05
I0313 17:58:17.587317 673026 lm_feature_timing.cpp:80] node dpath/a_reg/n15:860713 resistance 62.06 cap 0.000612145 slew 0.0226471 delay 0.0755333 power 4.00584e-05
I0313 17:58:17.585031 672963 lm_feature_timing.cpp:80] node dpath/a_lt_b/n15:778831 resistance 2.14 cap 0.00163439 slew 0.021785 delay 0.00354955 power 1.32386e-05
I0313 17:58:17.585068 673036 lm_feature_timing.cpp:80] node dpath/b_reg/n1:771259 resistance 222.988 cap 0.000773748 slew 0.0414223 delay 1.72837 power 1.95454e-05
I0313 17:58:17.587365 672962 lm_feature_timing.cpp:80] node dpath/a_reg/U15:Z resistance 0 cap 0.000637593 slew 0.015676 delay 0 power 3.93905e-05
I0313 17:58:17.581421 673013 lm_feature_timing.cpp:80] node dpath/a_lt_b/n17:422663 resistance 27.392 cap 0.000597325 slew 0.02546 delay 0.0236709 power 2.41166e-05
I0313 17:58:17.587388 673026 lm_feature_timing.cpp:80] node dpath/a_reg/n15:1212673 resistance 62.06 cap 0.000804974 slew 0.0226471 delay 0.0755333 power 5.26771e-05
I0313 17:58:17.579087 673019 lm_feature_timing.cpp:80] node dpath/a_lt_b/U24:A2 resistance 8.56 cap 0.000574762 slew 0.024183 delay 0.00569383 power 9.31114e-06
I0313 17:58:17.587414 672962 lm_feature_timing.cpp:80] node dpath/a_reg/n6:371571 resistance 0 cap 0.000637593 slew 0.015676 delay 0 power 3.93905e-05
I0313 17:58:17.585144 673081 lm_feature_timing.cpp:80] node dpath/b_reg/n14:467803 resistance 8.132 cap 0.00132786 slew 0.020042 delay 0.0107982 power 6.69962e-05
I0313 17:58:17.581527 672989 lm_feature_timing.cpp:80] node dpath/b_reg/out_reg_10_:D resistance 41.944 cap 0.000564376 slew 0.019979 delay 0.0412172 power 1.64067e-05
I0313 17:58:17.585165 673000 lm_feature_timing.cpp:80] node dpath/a_reg/n17:454247 resistance 4.28 cap 0.000945532 slew 0.017676 delay 0.00404688 power 6.61682e-05
I0313 17:58:17.581523 673038 lm_feature_timing.cpp:80] node dpath/a_reg_out[6]:752841 resistance 33.812 cap 0.00164296 slew 0.0449412 delay 0.151119 power 0.000109062
I0313 17:58:17.587496 673000 lm_feature_timing.cpp:80] node dpath/a_reg/n17:806207 resistance 4.28 cap 0.000900702 slew 0.017676 delay 0.00404688 power 6.30309e-05
I0313 17:58:17.587450 672962 lm_feature_timing.cpp:137] net dpath/a_reg/n6 resistance 6.848 cap 0.000637593 slew 0.000134484 delay 0.00205777 power 3.19063e-08
I0313 17:58:17.587466 673081 lm_feature_timing.cpp:80] node dpath/b_reg/n14:819763 resistance 8.132 cap 0.00124603 slew 0.020042 delay 0.0107982 power 6.28675e-05
I0313 17:58:17.587456 673026 lm_feature_timing.cpp:80] node dpath/a_reg/n15:859875 resistance 62.916 cap 0.000600202 slew 0.0226471 delay 0.0760471 power 3.92769e-05
I0313 17:58:17.587527 673000 lm_feature_timing.cpp:80] node dpath/a_reg/n17:822127 resistance 21.4 cap 0.000732539 slew 0.017676 delay 0.0165879 power 5.12629e-05
I0313 17:58:17.587477 673019 lm_feature_timing.cpp:80] node dpath/a_lt_b/n16:424345 resistance 8.56 cap 0.000611371 slew 0.024183 delay 0.00569383 power 9.9042e-06
I0313 17:58:17.581594 673097 lm_feature_timing.cpp:80] node ctrl_b_mux_sel_0_:439398 resistance 151.084 cap 0.00106438 slew 0.0310884 delay 2.06795 power 1.7243e-05
I0313 17:58:17.587555 672962 lm_feature_timing.cpp:125] build net dpath/b_reg_out[10] feature 
I0313 17:58:17.585239 673035 lm_feature_timing.cpp:80] node dpath/a_reg/n3:388922 resistance 0 cap 0.00127814 slew 0.019387 delay 0 power 6.97817e-05
I0313 17:58:17.585275 672986 lm_feature_timing.cpp:80] node dpath/a_mux_out[5]:739425 resistance 30.388 cap 0.000700874 slew 0.017957 delay 0.0281072 power 7.22983e-05
I0313 17:58:17.585305 672964 lm_feature_timing.cpp:80] node dpath/a_mux/n2:446013 resistance 5.992 cap 0.000598903 slew 0.034079 delay 0.00392244 power 3.41542e-05
I0313 17:58:17.587617 673035 lm_feature_timing.cpp:80] node dpath/a_reg/n3:388903 resistance 8.132 cap 0.00119631 slew 0.019387 delay 0.00972837 power 6.53141e-05
I0313 17:58:17.575791 672990 lm_feature_timing.cpp:125] build net dpath/a_lt_b/n34 feature 
I0313 17:58:17.585374 672994 lm_feature_timing.cpp:80] node dpath/b_mux_out[1]:409051 resistance 15.836 cap 0.000586546 slew 0.017 delay 0.0116818 power 2.68056e-05
I0313 17:58:17.585366 673091 lm_feature_timing.cpp:80] node dpath/b_reg/n6:756105 resistance 2.996 cap 0.00081848 slew 0.016914 delay 0.00254953 power 4.09889e-05
I0313 17:58:17.587674 672964 lm_feature_timing.cpp:80] node dpath/a_mux/n2:446011 resistance 5.136 cap 0.000610845 slew 0.034079 delay 0.00340978 power 3.48352e-05
I0313 17:58:17.585393 673070 lm_feature_timing.cpp:80] node dpath/b_mux_out[4]:753581 resistance 16.692 cap 0.000734545 slew 0.017183 delay 0.0123328 power 3.62077e-05
I0313 17:58:17.587703 672994 lm_feature_timing.cpp:80] node dpath/b_mux_out[1]:409049 resistance 14.98 cap 0.000598488 slew 0.017 delay 0.0111797 power 2.73514e-05
I0313 17:58:17.585394 673107 lm_feature_timing.cpp:80] node ctrl/n2:792019 resistance 1.712 cap 0.000849369 slew 0.023799 delay 0.00253589 power 6.87989e-06
I0313 17:58:17.587728 673091 lm_feature_timing.cpp:80] node dpath/b_reg/n6:768675 resistance 15.836 cap 0.000691428 slew 0.016914 delay 0.0114275 power 3.46262e-05
I0313 17:58:17.587742 673070 lm_feature_timing.cpp:80] node dpath/b_mux/U6:Z resistance 0 cap 0.000910148 slew 0.017183 delay 0 power 4.48636e-05
I0313 17:58:17.585438 672841 lm_feature_timing.cpp:80] node dpath/a_lt_b/n10:1098083 resistance 13.696 cap 0.000781089 slew 0.022374 delay 0.0183584 power 6.32682e-06
I0313 17:58:17.587750 672964 lm_feature_timing.cpp:80] node dpath/a_mux/n2:797971 resistance 5.136 cap 0.000663898 slew 0.034079 delay 0.00340978 power 3.78607e-05
I0313 17:58:17.585445 673015 lm_feature_timing.cpp:80] node dpath/a_reg_out[15]:1154841 resistance 27.392 cap 0.000761443 slew 0.027745 delay 0.0468099 power 5.32856e-05
I0313 17:58:17.587774 673107 lm_feature_timing.cpp:80] node ctrl/n2:798723 resistance 8.56 cap 0.000779872 slew 0.023799 delay 0.00787645 power 6.31696e-06
I0313 17:58:17.579429 673059 lm_feature_timing.cpp:80] node ctrl/n5:778589 resistance 35.524 cap 0.00088412 slew 0.021618 delay 0.0336459 power 7.16137e-06
I0313 17:58:17.587786 673091 lm_feature_timing.cpp:80] node dpath/b_reg/U14:Z resistance 0 cap 0.000883475 slew 0.016914 delay 0 power 4.42438e-05
I0313 17:58:17.581897 673085 lm_feature_timing.cpp:80] node dpath/b_mux_out[5]:741045 resistance 4.708 cap 0.000992369 slew 0.018108 delay 0.00490249 power 5.00589e-05
I0313 17:58:17.581934 673099 lm_feature_timing.cpp:80] node dpath/a_mux/n12:792793 resistance 0 cap 0.000716951 slew 0.034079 delay 0 power 4.08862e-05
I0313 17:58:17.585489 673054 lm_feature_timing.cpp:80] node dpath/a_reg_out[0]:742589 resistance 23.968 cap 0.00158049 slew 0.039044 delay 0.0541233 power 7.2981e-05
I0313 17:58:17.587822 672962 lm_feature_timing.cpp:80] node dpath/b_reg_out[10]:834933 resistance 20.116 cap 0.000686127 slew 0.0399552 delay 0.0649355 power 1.9946e-05
I0313 17:58:17.587833 673059 lm_feature_timing.cpp:80] node ctrl/U14:ZN resistance 0 cap 0.00129816 slew 0.021618 delay 0 power 1.05151e-05
I0313 17:58:17.585520 673067 lm_feature_timing.cpp:80] node dpath/a_lt_b/n20:476276 resistance 0 cap 0.000761231 slew 0.012461 delay 0 power 1.23319e-05
I0313 17:58:17.585520 673022 lm_feature_timing.cpp:80] node dpath/a_lt_b/n29:837307 resistance 9.844 cap 0.000794902 slew 0.020196 delay 0.00879243 power 6.43871e-06
I0313 17:58:17.585529 673110 lm_feature_timing.cpp:80] node dpath/a_mux/n4:1141605 resistance 9.416 cap 0.000795452 slew 0.036398 delay 0.00774134 power 4.5363e-05
I0313 17:58:17.587886 672962 lm_feature_timing.cpp:80] node dpath/b_reg_out[10]:1186893 resistance 20.116 cap 0.000772068 slew 0.0399552 delay 0.0649355 power 2.24444e-05
I0313 17:58:17.587925 673110 lm_feature_timing.cpp:80] node dpath/a_mux/n4:1141589 resistance 2.568 cap 0.00086495 slew 0.036398 delay 0.00229409 power 4.93263e-05
I0313 17:58:17.585578 673068 lm_feature_timing.cpp:80] node dpath/a_mux/n8:380582 resistance 4.28 cap 0.000631792 slew 0.033624 delay 0.00270407 power 3.60298e-05
I0313 17:58:17.585572 673042 lm_feature_timing.cpp:80] node dpath/a_reg_out[12]:839033 resistance 45.796 cap 0.00284715 slew 0.0441404 delay 0.21681 power 0.000180167
I0313 17:58:17.585585 672996 lm_feature_timing.cpp:80] node dpath/a_reg_out[13]:508789 resistance 0.856 cap 0.005116 slew 0.03813 delay 0.0043793 power 0.000334789
I0313 17:58:17.587975 672962 lm_feature_timing.cpp:80] node dpath/b_reg_out[10]:1186873 resistance 11.556 cap 0.00085801 slew 0.0399552 delay 0.0583266 power 2.49428e-05
I0313 17:58:17.580399 673040 lm_feature_timing.cpp:80] node dpath/b_reg/U17:Z resistance 0 cap 0.00078481 slew 0.016325 delay 0 power 3.78932e-05
I0313 17:58:17.585651 672966 lm_feature_timing.cpp:80] node dpath/a_mux/FE_OFN4_n16:1134881 resistance 32.956 cap 0.00740724 slew 0.0377042 delay 0.336813 power 0.00047891
I0313 17:58:17.588002 673042 lm_feature_timing.cpp:80] node dpath/a_reg_out[12]:1190993 resistance 45.796 cap 0.00299887 slew 0.0441404 delay 0.21681 power 0.000189768
I0313 17:58:17.585665 672991 lm_feature_timing.cpp:80] node dpath/a_lt_b/n35:482773 resistance 17.976 cap 0.000696117 slew 0.033561 delay 0.0212663 power 1.70386e-05
I0313 17:58:17.588027 672962 lm_feature_timing.cpp:80] node dpath/b_reg_out[10]:1186893 resistance 20.116 cap 0.000772068 slew 0.0399552 delay 0.0649355 power 2.24444e-05
I0313 17:58:17.588039 673042 lm_feature_timing.cpp:80] node dpath/a_reg_out[12]:1190957 resistance 30.388 cap 0.00315059 slew 0.0441404 delay 0.170603 power 0.000199368
I0313 17:58:17.588047 673040 lm_feature_timing.cpp:80] node dpath/b_reg/n3:409906 resistance 0 cap 0.00078481 slew 0.016325 delay 0 power 3.78932e-05
I0313 17:58:17.585721 673111 lm_feature_timing.cpp:80] node dpath/a_reg_out[3]:1087959 resistance 16.692 cap 0.000894498 slew 0.042396 delay 0.0442065 power 5.31919e-05
I0313 17:58:17.588078 673042 lm_feature_timing.cpp:80] node dpath/a_reg_out[12]:1190993 resistance 45.796 cap 0.00299887 slew 0.0441404 delay 0.21681 power 0.000189768
I0313 17:58:17.585742 672993 lm_feature_timing.cpp:80] node dpath/a_lt_b/n31:843171 resistance 0 cap 0.00115242 slew 0.048638 delay 0 power 2.84837e-05
I0313 17:58:17.582194 673016 lm_feature_timing.cpp:80] node dpath/a_lt_b/n3:733353 resistance 9.416 cap 0.000701032 slew 0.018363 delay 0.00856511 power 5.67836e-06
I0313 17:58:17.585770 673096 lm_feature_timing.cpp:80] node dpath/a_mux/n17:792959 resistance 0 cap 0.00074984 slew 0.034452 delay 0 power 6.0737e-06
I0313 17:58:17.585783 673105 lm_feature_timing.cpp:80] node dpath/b_mux_out[6]:417595 resistance 14.124 cap 0.000590266 slew 0.016905 delay 0.0103088 power 3.04538e-05
I0313 17:58:17.588135 672993 lm_feature_timing.cpp:80] node dpath/a_lt_b/n31:834789 resistance 9.416 cap 0.00105825 slew 0.048638 delay 0.0099645 power 2.61563e-05
I0313 17:58:17.585796 672971 lm_feature_timing.cpp:80] node dpath/a_mux_out[7]:787191 resistance 20.972 cap 0.000679928 slew 0.017289 delay 0.0186959 power 7.63888e-05
I0313 17:58:17.588155 673016 lm_feature_timing.cpp:80] node dpath/a_lt_b/n3:738381 resistance 4.28 cap 0.000754085 slew 0.018363 delay 0.00496461 power 6.10809e-06
I0313 17:58:17.588171 672993 lm_feature_timing.cpp:80] node dpath/a_lt_b/n31:482829 resistance 9.416 cap 0.000964089 slew 0.048638 delay 0.0099645 power 2.38289e-05
I0313 17:58:17.588167 673096 lm_feature_timing.cpp:80] node dpath/a_mux/U34:B resistance 7.704 cap 0.000586961 slew 0.034452 delay 0.00517165 power 4.75438e-06
I0313 17:58:17.585850 673088 lm_feature_timing.cpp:80] node ctrl/n4:423287 resistance 22.256 cap 0.000663233 slew 0.029179 delay 0.0198754 power 4.84075e-05
I0313 17:58:17.582448 673006 lm_feature_timing.cpp:80] node dpath/b_reg/U16:A2 resistance 35.524 cap 0.000574604 slew 0.019314 delay 0.0331562 power 2.69819e-05
I0313 17:58:17.585847 673041 lm_feature_timing.cpp:80] node dpath/b_mux_out[11]:464440 resistance 0 cap 0.000705376 slew 0.015792 delay 0 power 3.4634e-05
I0313 17:58:17.585886 673077 lm_feature_timing.cpp:80] node ctrl_a_reg_en_0_:454533 resistance 204.156 cap 0.00110099 slew 0.0402393 delay 2.32085 power 8.91801e-06
I0313 17:58:17.582435 673084 lm_feature_timing.cpp:80] node dpath/b_mux_out[7]:425152 resistance 3.852 cap 0.000615324 slew 0.015518 delay 0.00237023 power 3.24536e-05
I0313 17:58:17.576969 673012 lm_feature_timing.cpp:125] build net dpath/a_mux/n7 feature 
I0313 17:58:17.588296 673077 lm_feature_timing.cpp:80] node ctrl_a_reg_en_0_:454525 resistance 200.732 cap 0.0011376 slew 0.0402393 delay 2.31708 power 9.21454e-06
I0313 17:58:17.585940 672998 lm_feature_timing.cpp:80] node dpath/a_mux/n15:790477 resistance 13.696 cap 0.000705009 slew 0.036668 delay 0.0109773 power 4.02052e-05
I0313 17:58:17.588320 673077 lm_feature_timing.cpp:80] node ctrl_a_reg_en_0_:454533 resistance 204.156 cap 0.00110099 slew 0.0402393 delay 2.32085 power 8.91801e-06
I0313 17:58:17.588320 673084 lm_feature_timing.cpp:80] node dpath/b_mux/U9:Z resistance 0 cap 0.000656043 slew 0.015518 delay 0 power 3.46013e-05
I0313 17:58:17.585991 673073 lm_feature_timing.cpp:80] node ctrl/state/n1:763451 resistance 3.852 cap 0.0016408 slew 1.67535e-05 delay 0.00647722 power 1.32905e-05
I0313 17:58:17.588343 673077 lm_feature_timing.cpp:80] node ctrl_a_reg_en_0_:1089727 resistance 280.34 cap 0.00096525 slew 0.0402399 delay 2.56006 power 7.81852e-06
I0313 17:58:17.585994 673080 lm_feature_timing.cpp:80] node dpath/a_mux_out[4]:727649 resistance 16.264 cap 0.00120908 slew 0.019269 delay 0.0213456 power 0.000119155
I0313 17:58:17.588371 672998 lm_feature_timing.cpp:80] node dpath/a_mux/n15:786287 resistance 9.416 cap 0.00074984 slew 0.036668 delay 0.00795987 power 4.27618e-05
I0313 17:58:17.588388 673073 lm_feature_timing.cpp:80] node ctrl/state/n1:776021 resistance 16.692 cap 0.00151375 slew 2.72699e-05 delay 0.0259137 power 1.22614e-05
I0313 17:58:17.586063 673094 lm_feature_timing.cpp:80] node dpath/a_reg_out[9]:487172 resistance 53.5 cap 0.000585985 slew 0.0459835 delay 0.216218 power 4.2938e-05
I0313 17:58:17.582561 673078 lm_feature_timing.cpp:80] node dpath/a_mux_out[12]:445164 resistance 0 cap 0.00136902 slew 0.018929 delay 0 power 0.000139023
I0313 17:58:17.588438 672998 lm_feature_timing.cpp:80] node dpath/a_mux/n15:790477 resistance 13.696 cap 0.000705009 slew 0.036668 delay 0.0109773 power 4.02052e-05
I0313 17:58:17.588442 673080 lm_feature_timing.cpp:80] node dpath/a_mux_out[4]:1079609 resistance 16.264 cap 0.00114781 slew 0.019269 delay 0.0213456 power 0.000113116
I0313 17:58:17.586092 673005 lm_feature_timing.cpp:80] node dpath/a_mux_out[11]:828993 resistance 37.236 cap 0.000881761 slew 0.018599 delay 0.0354897 power 8.62178e-05
I0313 17:58:17.588480 673078 lm_feature_timing.cpp:80] node dpath/a_mux_out[12]:445167 resistance 1.284 cap 0.00135297 slew 0.018929 delay 0.00173721 power 0.000137393
I0313 17:58:17.586107 673074 lm_feature_timing.cpp:80] node ctrl/n3:437549 resistance 4.28 cap 0.000607875 slew 0.015546 delay 0.00276794 power 1.47271e-05
I0313 17:58:17.586128 673100 lm_feature_timing.cpp:80] node clk:1457341 resistance 68.48 cap 0.005291 slew 0.000474042 delay 0.377734 power 0.00171428
I0313 17:58:17.588507 672998 lm_feature_timing.cpp:80] node dpath/a_mux/n15:434327 resistance 9.416 cap 0.000827559 slew 0.036668 delay 0.00795987 power 4.7194e-05
I0313 17:58:17.586151 673095 lm_feature_timing.cpp:80] node ctrl_a_mux_sel[0]:440110 resistance 50.504 cap 0.00123308 slew 0.0481361 delay 0.0993113 power 3.98618e-05
I0313 17:58:17.582666 673002 lm_feature_timing.cpp:80] node dpath/a_reg/n19:508973 resistance 2.996 cap 0.000997854 slew 9.02853e-06 delay 0.00298957 power 0
I0313 17:58:17.586187 673037 lm_feature_timing.cpp:80] node dpath/a_reg/out_reg_7_:D resistance 8.132 cap 0.000646206 slew 0.016117 delay 0.00525495 power 4.43811e-05
I0313 17:58:17.586196 673011 lm_feature_timing.cpp:80] node dpath/a_lt_b/U36:ZN resistance 0 cap 0.000804078 slew 0.016585 delay 0 power 1.14333e-05
I0313 17:58:17.589493 673002 lm_feature_timing.cpp:80] node dpath/a_reg/n19:860933 resistance 2.996 cap 0.000965357 slew 9.02853e-06 delay 0.00298957 power 0
I0313 17:58:17.586189 673021 lm_feature_timing.cpp:80] node dpath/a_mux/U24:B resistance 7.276 cap 0.000586961 slew 0.034274 delay 0.0048063 power 3.34732e-05
I0313 17:58:17.586220 673007 lm_feature_timing.cpp:80] node dpath/b_reg/n13:464469 resistance 0.428 cap 0.00113875 slew 0.018543 delay 0.000487386 power 5.69182e-05
I0313 17:58:17.589540 673002 lm_feature_timing.cpp:80] node dpath/a_reg/n19:508966 resistance 0 cap 0.00103035 slew 0 delay 0 power 0
I0313 17:58:17.582703 673031 lm_feature_timing.cpp:80] node dpath/a_reg/n13:1182657 resistance 5.992 cap 0.00113836 slew 0.019329 delay 0.00722643 power 6.98895e-05
I0313 17:58:17.582727 673058 lm_feature_timing.cpp:80] node dpath/a_reg_out[1]:739225 resistance 55.212 cap 0.00056404 slew 0.0420913 delay 0.189743 power 3.07945e-05
I0313 17:58:17.582751 672972 lm_feature_timing.cpp:80] node dpath/a_lt_b/U28:B1 resistance 7.704 cap 0.000675957 slew 0.024902 delay 0.00563859 power 1.09505e-05
I0313 17:58:17.589601 673031 lm_feature_timing.cpp:80] node dpath/a_reg/n13:1182673 resistance 12.84 cap 0.00106886 slew 0.019329 delay 0.014546 power 6.56228e-05
I0313 17:58:17.586309 672999 lm_feature_timing.cpp:80] node dpath/a_reg/n14:477025 resistance 0.428 cap 0.00120453 slew 0.018996 delay 0.000515539 power 7.62223e-05
I0313 17:58:17.586308 673090 lm_feature_timing.cpp:80] node dpath/a_lt_b/n32:486991 resistance 14.552 cap 0.000671643 slew 0.020978 delay 0.0165318 power 5.44031e-06
I0313 17:58:17.586318 673025 lm_feature_timing.cpp:80] node dpath/a_mux_out[1]:729133 resistance 10.7 cap 0.000762931 slew 0.016524 delay 0.00930288 power 6.42252e-05
I0313 17:58:17.586324 673076 lm_feature_timing.cpp:80] node dpath/a_lt_b/U17:B resistance 18.404 cap 0.000708961 slew 0.01385 delay 0.0158869 power 1.14852e-05
I0313 17:58:17.579490 673051 lm_feature_timing.cpp:80] node dpath/a_reg/out_reg_5_:D resistance 5.992 cap 0.000625651 slew 0.015873 delay 0.0037489 power 4.00933e-05
I0313 17:58:17.589674 673090 lm_feature_timing.cpp:80] node dpath/a_lt_b/n32:486999 resistance 17.976 cap 0.000635035 slew 0.020978 delay 0.0187062 power 5.14378e-06
I0313 17:58:17.582842 672967 lm_feature_timing.cpp:80] node ctrl/n1:409040 resistance 0 cap 0.00117653 slew 0.029815 delay 0 power 1.90597e-05
I0313 17:58:17.582918 673049 lm_feature_timing.cpp:80] node ctrl/state_out[1]:431673 resistance 26.964 cap 0.00062133 slew 0.029421 delay 0.0559544 power 3.16368e-05
I0313 17:58:17.589704 673090 lm_feature_timing.cpp:80] node dpath/a_lt_b/n32:827213 resistance 0 cap 0.00164057 slew 0.020978 delay 0 power 1.32886e-05
I0313 17:58:17.578277 672957 lm_feature_timing.cpp:80] node dpath/a_lt_b/U38:B resistance 20.544 cap 0.000615487 slew 0.045927 delay 0.0169087 power 1.47906e-05
I0313 17:58:17.582928 673050 lm_feature_timing.cpp:80] node dpath/b_reg/n2:776977 resistance 18.832 cap 0.000740761 slew 0.017303 delay 0.0141112 power 3.42071e-05
I0313 17:58:17.589735 672967 lm_feature_timing.cpp:80] node ctrl/n1:409041 resistance 0.428 cap 0.00116869 slew 0.029815 delay 0.000500201 power 1.89328e-05
I0313 17:58:17.582962 672982 lm_feature_timing.cpp:80] node dpath/a_lt_b/n24:837439 resistance 9.416 cap 0.000657908 slew 0.019989 delay 0.00768284 power 0
I0313 17:58:17.586504 673044 lm_feature_timing.cpp:80] node dpath/a_lt_b/n14:415116 resistance 0 cap 0.00162292 slew 0.020585 delay 0 power 1.31457e-05
I0313 17:58:17.586491 672974 lm_feature_timing.cpp:80] node dpath/a_lt_b/n19:477128 resistance 23.112 cap 0.000623582 slew 0.017501 delay 0.0192527 power 1.0567e-05
I0313 17:58:17.586508 673053 lm_feature_timing.cpp:80] node dpath/a_reg_out[11]:808893 resistance 44.084 cap 0.00339941 slew 0.0394354 delay 0.183542 power 0.000208706
I0313 17:58:17.586503 673060 lm_feature_timing.cpp:80] node dpath/a_reg/n5:1439899 resistance 7.704 cap 0.00094847 slew 0.018395 delay 0.00791213 power 5.64014e-05
I0313 17:58:17.586491 672958 lm_feature_timing.cpp:80] node dpath/a_reg/n11:829969 resistance 7.276 cap 0.000719815 slew 0.01698 delay 0.00577294 power 5.27443e-05
I0313 17:58:17.586544 673032 lm_feature_timing.cpp:80] node dpath/a_mux/n14:751953 resistance 10.272 cap 0.000708729 slew 0.036474 delay 0.00838272 power 4.04173e-05
I0313 17:58:17.592367 673053 lm_feature_timing.cpp:80] node dpath/sub/U32:B resistance 49.22 cap 0.00312886 slew 0.0394354 delay 0.199612 power 0.000192096
I0313 17:58:17.586604 672965 lm_feature_timing.cpp:80] node dpath/a_mux/n18:439292 resistance 1.284 cap 0.000625877 slew 0.018175 delay 0.000803626 power 4.04657e-05
I0313 17:58:17.586608 673109 lm_feature_timing.cpp:80] node dpath/a_reg_out[7]:424364 resistance 27.392 cap 0.000615497 slew 0.0402571 delay 0.0866866 power 4.2272e-05
I0313 17:58:17.586627 672960 lm_feature_timing.cpp:80] node dpath/a_mux/n10:445130 resistance 4.708 cap 0.000892554 slew 0.037124 delay 0.004405 power 5.09005e-05
I0313 17:58:17.586652 673034 lm_feature_timing.cpp:80] node dpath/a_lt_b/n37:479429 resistance 4.708 cap 0.00145908 slew 0.018123 delay 0.00686937 power 1.18186e-05
I0313 17:58:17.592473 673032 lm_feature_timing.cpp:80] node dpath/a_mux/n14:399978 resistance 3.852 cap 0.000851443 slew 0.036474 delay 0.0034129 power 4.8556e-05
I0313 17:58:17.592499 673109 lm_feature_timing.cpp:80] node dpath/a_reg_out[7]:424361 resistance 26.108 cap 0.00063155 slew 0.0402571 delay 0.0858963 power 4.33746e-05
I0313 17:58:17.592499 672965 lm_feature_timing.cpp:80] node dpath/a_mux/n18:439289 resistance 0 cap 0.00064193 slew 0.018175 delay 0 power 4.15036e-05
I0313 17:58:17.586701 672979 lm_feature_timing.cpp:80] node dpath/b_reg/U4:Z resistance 0 cap 0.00089992 slew 0.01706 delay 0 power 5.51716e-05
I0313 17:58:17.586717 673102 lm_feature_timing.cpp:80] node dpath/a_mux/n6:380631 resistance 4.28 cap 0.000631792 slew 0.033624 delay 0.00270407 power 3.60298e-05
I0313 17:58:17.586714 672997 lm_feature_timing.cpp:80] node dpath/a_reg_out[14]:1185865 resistance 24.824 cap 0.0017609 slew 0.0404481 delay 0.0768424 power 0.000163604
I0313 17:58:17.592546 673109 lm_feature_timing.cpp:80] node dpath/a_reg_out[7]:424364 resistance 27.392 cap 0.000615497 slew 0.0402571 delay 0.0866866 power 4.2272e-05
I0313 17:58:17.592552 672965 lm_feature_timing.cpp:80] node dpath/a_mux/n18:439292 resistance 1.284 cap 0.000625877 slew 0.018175 delay 0.000803626 power 4.04657e-05
I0313 17:58:17.592576 672979 lm_feature_timing.cpp:80] node dpath/b_reg/n16:461882 resistance 0 cap 0.00089992 slew 0.01706 delay 0 power 5.51716e-05
I0313 17:58:17.586778 673093 lm_feature_timing.cpp:80] node dpath/b_mux/n1:793877 resistance 0.856 cap 0.0171852 slew 0.0427522 delay 0.0147208 power 0.000278401
I0313 17:58:17.592607 672997 lm_feature_timing.cpp:80] node dpath/a_reg_out[14]:1185845 resistance 16.264 cap 0.00184684 slew 0.040448 delay 0.0617691 power 0.000171588
I0313 17:58:17.584494 673020 lm_feature_timing.cpp:80] node dpath/a_mux_out[9]:477977 resistance 72.332 cap 0.000574604 slew 0.0222031 delay 0.0933752 power 6.98368e-05
I0313 17:58:17.586820 672978 lm_feature_timing.cpp:80] node dpath/b_reg/n15:852383 resistance 30.816 cap 0.000864093 slew 0.018748 delay 0.0266279 power 4.40636e-05
I0313 17:58:17.592658 673093 lm_feature_timing.cpp:80] node dpath/b_mux/n1:441915 resistance 0 cap 0.0172091 slew 0.042752 delay 0 power 0.000278788
I0313 17:58:17.586845 673063 lm_feature_timing.cpp:137] net dpath/a_lt_b/n5 resistance 3.424 cap 0.000639636 slew 3.72857e-05 delay 0.00106053 power 6.55726e-09
I0313 17:58:17.592692 673020 lm_feature_timing.cpp:80] node dpath/a_mux_out[9]:829937 resistance 72.332 cap 0.000619435 slew 0.0222031 delay 0.0933752 power 7.52855e-05
I0313 17:58:17.584594 673027 lm_feature_timing.cpp:80] node dpath/a_mux_out[14]:475199 resistance 19.688 cap 0.000680883 slew 0.0173 delay 0.017208 power 7.51552e-05
I0313 17:58:17.592715 672978 lm_feature_timing.cpp:80] node dpath/b_reg/U5:Z resistance 0 cap 0.00116381 slew 0.018748 delay 0 power 5.93474e-05
I0313 17:58:17.592762 673063 lm_feature_timing.cpp:125] build net dpath/b_reg_out[11] feature 
I0313 17:58:17.592764 673027 lm_feature_timing.cpp:80] node dpath/a_mux_out[14]:827159 resistance 19.688 cap 0.00086549 slew 0.0173 delay 0.017208 power 9.5532e-05
I0313 17:58:17.581107 672975 lm_feature_timing.cpp:80] node dpath/a_reg/n18:740289 resistance 85.6 cap 0.00627392 slew 0.0502106 delay 0.773999 power 5.08187e-05
I0313 17:58:17.592790 672978 lm_feature_timing.cpp:80] node dpath/b_reg/n15:470255 resistance 0 cap 0.00116381 slew 0.018748 delay 0 power 5.93474e-05
I0313 17:58:17.586932 673089 lm_feature_timing.cpp:80] node dpath/a_lt_b/n28:492058 resistance 5.136 cap 0.00065236 slew 0.015449 delay 0.00335052 power 9.34359e-06
I0313 17:58:17.586977 672959 lm_feature_timing.cpp:80] node dpath/a_mux_out[10]:829011 resistance 43.228 cap 0.000815984 slew 0.019133 delay 0.0438711 power 6.60947e-06
I0313 17:58:17.592826 672978 lm_feature_timing.cpp:80] node dpath/b_reg/n15:470255 resistance 0 cap 0.00116381 slew 0.018748 delay 0 power 5.93474e-05
I0313 17:58:17.587054 673057 lm_feature_timing.cpp:80] node dpath/a_lt_b/n9:1093861 resistance 2.568 cap 0.000980768 slew 0.031625 delay 0.00259151 power 1.58884e-05
I0313 17:58:17.592844 673089 lm_feature_timing.cpp:80] node dpath/a_lt_b/n28:490390 resistance 0 cap 0.000705413 slew 0.015449 delay 0 power 1.01034e-05
I0313 17:58:17.587065 673029 lm_feature_timing.cpp:80] node dpath/a_mux/n9:433504 resistance 8.132 cap 0.000891772 slew 0.037386 delay 0.00744452 power 5.08559e-05
I0313 17:58:17.587098 673055 lm_feature_timing.cpp:80] node dpath/a_mux/U7:ZN resistance 0 cap 0.000676622 slew 0.033624 delay 0 power 3.85864e-05
I0313 17:58:17.587047 673072 lm_feature_timing.cpp:80] node dpath/a_lt_b/n2:385593 resistance 5.992 cap 0.000586961 slew 0.023105 delay 0.00388423 power 9.50877e-06
I0313 17:58:17.592941 673029 lm_feature_timing.cpp:80] node dpath/a_mux/n9:434342 resistance 8.988 cap 0.000818555 slew 0.037386 delay 0.0081452 power 4.66805e-05
I0313 17:58:17.581205 672987 lm_feature_timing.cpp:80] node dpath/a_mux/FE_OFN3_ctrl_a_mux_sel_1:733469 resistance 109.996 cap 0.00376945 slew 0.0264799 delay 0.844147 power 0.000121856
I0313 17:58:17.584862 673087 lm_feature_timing.cpp:80] node dpath/a_mux/n16:791237 resistance 0.428 cap 0.00076448 slew 0.020149 delay 0.000330549 power 4.9427e-05
I0313 17:58:17.592995 673055 lm_feature_timing.cpp:80] node dpath/a_mux/n3:380547 resistance 4.28 cap 0.000631792 slew 0.033624 delay 0.00270407 power 3.60298e-05
I0313 17:58:17.587227 672953 lm_feature_timing.cpp:80] node dpath/a_lt_b/n30:494591 resistance 38.948 cap 0.000888946 slew 0.0375951 delay 0.0631483 power 2.21268e-05
I0313 17:58:17.593034 673055 lm_feature_timing.cpp:137] net dpath/a_mux/n3 resistance 8.56 cap 0.000676622 slew 0.000125327 delay 0.00270407 power 3.1255e-08
I0313 17:58:17.593027 673029 lm_feature_timing.cpp:80] node dpath/a_mux/n9:434342 resistance 8.988 cap 0.000818555 slew 0.037386 delay 0.0081452 power 4.66805e-05
I0313 17:58:17.593058 673087 lm_feature_timing.cpp:80] node dpath/a_mux/n16:786209 resistance 5.564 cap 0.000711428 slew 0.020149 delay 0.00398444 power 4.59969e-05
I0313 17:58:17.587284 672977 lm_feature_timing.cpp:80] node dpath/a_lt_b/n11:393327 resistance 10.272 cap 0.000579745 slew 0.030248 delay 0.0107686 power 9.39188e-06
I0313 17:58:17.593098 673087 lm_feature_timing.cpp:80] node dpath/a_mux/n16:791237 resistance 0.428 cap 0.00076448 slew 0.020149 delay 0.000330549 power 4.9427e-05
I0313 17:58:17.587321 672992 lm_feature_timing.cpp:80] node dpath/b_reg/n8:416775 resistance 0 cap 0.00107258 slew 0.018037 delay 0 power 5.49481e-05
I0313 17:58:17.587317 672968 lm_feature_timing.cpp:80] node dpath/b_mux/U10:Z resistance 0 cap 0.00116425 slew 0.018669 delay 0 power 6.2743e-05
I0313 17:58:17.593137 673087 lm_feature_timing.cpp:80] node dpath/a_mux/U3:ZN resistance 0 cap 0.000780143 slew 0.020149 delay 0 power 5.04396e-05
I0313 17:58:17.587327 673069 lm_feature_timing.cpp:80] node dpath/b_reg/U10:Z resistance 0 cap 0.000956692 slew 0.017358 delay 0 power 5.01101e-05
I0313 17:58:17.587347 672970 lm_feature_timing.cpp:80] node dpath/b_zero/U4:A1 resistance 49.648 cap 0.000561993 slew 0.0405594 delay 0.147999 power 2.59519e-05
I0313 17:58:17.587392 672963 lm_feature_timing.cpp:80] node dpath/a_lt_b/n15:1130791 resistance 2.14 cap 0.000854871 slew 0.021785 delay 0.00354955 power 6.92446e-06
I0313 17:58:17.587395 673062 lm_feature_timing.cpp:80] node dpath/b_reg/FE_OFN2_ctrl_b_reg_en_0:1170141 resistance 125.404 cap 0.00170556 slew 0.0278504 delay 0.724888 power 4.30836e-05
I0313 17:58:17.577277 673064 lm_feature_timing.cpp:80] node dpath/b_mux_out[3]:415025 resistance 11.556 cap 0.000647821 slew 0.016915 delay 0.0088151 power 3.11832e-05
I0313 17:58:17.593235 673069 lm_feature_timing.cpp:80] node dpath/b_reg/n10:464552 resistance 0 cap 0.000956692 slew 0.017358 delay 0 power 5.01101e-05
I0313 17:58:17.587426 673036 lm_feature_timing.cpp:80] node dpath/b_reg/n1:776287 resistance 228.124 cap 0.000720695 slew 0.0414223 delay 1.73208 power 1.82052e-05
I0313 17:58:17.585172 673001 lm_feature_timing.cpp:80] node dpath/b_reg/out_reg_2_:D resistance 12.412 cap 0.000564376 slew 0.01652 delay 0.0085469 power 2.76045e-05
I0313 17:58:17.593279 673064 lm_feature_timing.cpp:80] node dpath/b_mux_out[3]:766985 resistance 11.556 cap 0.000758429 slew 0.016915 delay 0.0088151 power 3.65073e-05
I0313 17:58:17.581516 672988 lm_feature_timing.cpp:80] node dpath/a_mux_out[13]:808791 resistance 3.424 cap 0.000910148 slew 0.016793 delay 0.00324169 power 9.63559e-05
I0313 17:58:17.593309 673036 lm_feature_timing.cpp:80] node dpath/b_reg/n1:467901 resistance 18.404 cap 0.000798023 slew 0.041398 delay 0.0294521 power 2.01586e-05
I0313 17:58:17.593320 673064 lm_feature_timing.cpp:80] node dpath/b_mux_out[3]:756091 resistance 0.428 cap 0.000869037 slew 0.016915 delay 0.000375299 power 4.18315e-05
I0313 17:58:17.587536 673081 lm_feature_timing.cpp:80] node dpath/b_reg/n14:467784 resistance 0 cap 0.00140969 slew 0.020042 delay 0 power 7.11248e-05
I0313 17:58:17.581580 673075 lm_feature_timing.cpp:80] node dpath/a_mux_out[15]:804527 resistance 8.132 cap 0.000931094 slew 0.016859 delay 0.00760827 power 0.000107028
I0313 17:58:17.593359 673064 lm_feature_timing.cpp:80] node dpath/b_mux_out[3]:766985 resistance 11.556 cap 0.000758429 slew 0.016915 delay 0.0088151 power 3.65073e-05
I0313 17:58:17.585213 673023 lm_feature_timing.cpp:80] node dpath/a_mux_out[8]:1173509 resistance 62.916 cap 0.000758429 slew 0.0212991 delay 0.0763435 power 8.86936e-05
I0313 17:58:17.587504 673013 lm_feature_timing.cpp:80] node dpath/a_lt_b/n17:774623 resistance 27.392 cap 0.000864153 slew 0.02546 delay 0.0236709 power 3.48897e-05
I0313 17:58:17.593397 673081 lm_feature_timing.cpp:80] node dpath/b_reg/n14:467803 resistance 8.132 cap 0.00132786 slew 0.020042 delay 0.0107982 power 6.69962e-05
