I0407 09:29:25.889472 2597105 lm_feature_timing.cpp:80] node dpath/a_mux/n14:395806 resistance 15.836 cap 0.000603014 slew 0.036474 delay 0.0119985 power 3.43886e-05
I0407 09:29:25.942181 2597152 lm_feature_timing.cpp:80] node dpath/b_reg/n11:470421 resistance 4.708 cap 0.00122685 slew 0.019352 delay 0.00577601 power 0.000161505
I0407 09:29:25.900789 2597164 lm_feature_timing.cpp:80] node dpath/a_mux/U33:ZN resistance 0 cap 0.00074984 slew 0.034452 delay 0 power 6.0737e-06
I0407 09:29:25.942267 2597152 lm_feature_timing.cpp:80] node dpath/b_reg/n11:491375 resistance 27.82 cap 0.000726472 slew 0.019352 delay 0.027783 power 9.56342e-05
I0407 09:29:25.900902 2597051 lm_feature_timing.cpp:80] node dpath/a_reg_out[4]:1094741 resistance 47.508 cap 0.00458085 slew 0.0490072 delay 0.28861 power 0.000283005
I0407 09:29:25.942334 2597164 lm_feature_timing.cpp:80] node dpath/a_mux/n17:792959 resistance 0 cap 0.00074984 slew 0.034452 delay 0 power 6.0737e-06
I0407 09:29:25.942402 2597164 lm_feature_timing.cpp:80] node dpath/a_mux/U34:B resistance 7.704 cap 0.000586961 slew 0.034452 delay 0.00517165 power 4.75438e-06
I0407 09:29:25.882705 2597173 lm_feature_timing.cpp:80] node dpath/a_lt_b/n28:490390 resistance 0 cap 0.000705413 slew 0.015449 delay 0 power 1.01034e-05
I0407 09:29:25.942438 2597051 lm_feature_timing.cpp:80] node dpath/a_reg_out[4]:739429 resistance 44.084 cap 0.00530266 slew 0.0490072 delay 0.270579 power 0.000327598
I0407 09:29:25.942504 2597051 lm_feature_timing.cpp:80] node dpath/a_reg_out[4]:742781 resistance 47.508 cap 0.00526605 slew 0.0490072 delay 0.28861 power 0.000325337
I0407 09:29:25.901026 2597076 lm_feature_timing.cpp:80] node dpath/a_mux/U7:ZN resistance 0 cap 0.000676622 slew 0.033624 delay 0 power 3.85864e-05
I0407 09:29:25.942552 2597051 lm_feature_timing.cpp:80] node dpath/a_reg_out[4]:742683 resistance 91.164 cap 0.000716612 slew 0.0490073 delay 0.38745 power 4.42723e-05
I0407 09:29:25.942540 2597173 lm_feature_timing.cpp:80] node dpath/a_lt_b/U33:C resistance 5.136 cap 0.000599307 slew 0.015449 delay 0.00335052 power 8.58372e-06
I0407 09:29:25.942605 2597051 lm_feature_timing.cpp:80] node dpath/a_reg_out[4]:1094643 resistance 91.164 cap 0.00098344 slew 0.0490073 delay 0.38745 power 6.0757e-05
I0407 09:29:25.942616 2597173 lm_feature_timing.cpp:80] node dpath/a_lt_b/n28:492058 resistance 5.136 cap 0.00065236 slew 0.015449 delay 0.00335052 power 9.34359e-06
I0407 09:29:25.942620 2597076 lm_feature_timing.cpp:80] node dpath/a_mux/n3:380547 resistance 4.28 cap 0.000631792 slew 0.033624 delay 0.00270407 power 3.60298e-05
I0407 09:29:25.942653 2597051 lm_feature_timing.cpp:80] node dpath/a_reg_out[4]:740169 resistance 93.732 cap 0.000688225 slew 0.0490073 delay 0.389217 power 4.25186e-05
I0407 09:29:25.942664 2597173 lm_feature_timing.cpp:80] node dpath/a_lt_b/n28:490390 resistance 0 cap 0.000705413 slew 0.015449 delay 0 power 1.01034e-05
I0407 09:29:25.901146 2597069 lm_feature_timing.cpp:80] node dpath/a_reg_out[15]:1154841 resistance 27.392 cap 0.000761443 slew 0.027745 delay 0.0468099 power 5.32856e-05
I0407 09:29:25.901575 2597122 lm_feature_timing.cpp:80] node dpath/b_reg/n13:844085 resistance 29.532 cap 0.000847649 slew 0.018543 delay 0.0251574 power 0.000109069
I0407 09:29:25.889842 2597179 lm_feature_timing.cpp:80] node dpath/a_mux/n7:723429 resistance 11.128 cap 0.00078723 slew 0.036128 delay 0.0087603 power 4.48941e-05
I0407 09:29:25.942912 2597179 lm_feature_timing.cpp:80] node dpath/a_mux/n7:370639 resistance 15.408 cap 0.000631792 slew 0.036128 delay 0.0114644 power 3.60298e-05
I0407 09:29:25.942931 2597122 lm_feature_timing.cpp:80] node dpath/b_reg/n13:816429 resistance 0.428 cap 0.00113092 slew 0.018543 delay 0.000487386 power 0.000145518
I0407 09:29:25.942976 2597179 lm_feature_timing.cpp:80] node dpath/a_mux/n7:371469 resistance 11.128 cap 0.000676622 slew 0.036128 delay 0.0087603 power 3.85864e-05
I0407 09:29:25.901683 2597120 lm_feature_timing.cpp:80] node dpath/a_mux/U18:B resistance 4.28 cap 0.000586961 slew 0.033624 delay 0.00270407 power 3.34732e-05
I0407 09:29:25.943001 2597122 lm_feature_timing.cpp:137] net dpath/b_reg/n13 resistance 59.064 cap 0.00114658 slew 0.0126113 delay 0.0251574 power 1.19502e-07
I0407 09:29:25.901916 2597065 lm_feature_timing.cpp:80] node dpath/a_mux_out[2]:386464 resistance 11.128 cap 0.00063999 slew 0.015615 delay 0.00766962 power 5.70926e-05
I0407 09:29:25.943089 2597120 lm_feature_timing.cpp:80] node dpath/a_mux/n8:380582 resistance 4.28 cap 0.000631792 slew 0.033624 delay 0.00270407 power 3.60298e-05
I0407 09:29:25.943092 2597122 lm_feature_timing.cpp:125] build net dpath/b_reg_out[5] feature 
I0407 09:29:25.901908 2597083 lm_feature_timing.cpp:80] node dpath/a_lt_b/n2:385593 resistance 5.992 cap 0.000586961 slew 0.023105 delay 0.00388423 power 9.50877e-06
I0407 09:29:25.902094 2597108 lm_feature_timing.cpp:80] node dpath/a_lt_b/n21:479643 resistance 60.776 cap 0.000712561 slew 0.0440891 delay 0.0968518 power 2.5212e-05
I0407 09:29:25.890018 2597182 lm_feature_timing.cpp:80] node dpath/a_mux_out[12]:797127 resistance 1.284 cap 0.00133692 slew 0.018929 delay 0.00173721 power 0.000135762
I0407 09:29:25.890044 2597184 lm_feature_timing.cpp:80] node dpath/a_lt_b/n32:486999 resistance 17.976 cap 0.000635035 slew 0.020978 delay 0.0187062 power 5.14378e-06
I0407 09:29:25.943526 2597182 lm_feature_timing.cpp:80] node dpath/a_mux_out[12]:445164 resistance 0 cap 0.00136902 slew 0.018929 delay 0 power 0.000139023
I0407 09:29:25.943581 2597182 lm_feature_timing.cpp:80] node dpath/a_mux_out[12]:445167 resistance 1.284 cap 0.00135297 slew 0.018929 delay 0.00173721 power 0.000137393
I0407 09:29:25.902639 2597125 lm_feature_timing.cpp:80] node dpath/a_lt_b/n24:485466 resistance 3.852 cap 0.000600984 slew 0.019989 delay 0.00340005 power 0
I0407 09:29:25.943635 2597184 lm_feature_timing.cpp:80] node dpath/a_lt_b/n32:486991 resistance 14.552 cap 0.000671643 slew 0.020978 delay 0.0165318 power 5.44031e-06
I0407 09:29:25.943688 2597122 lm_feature_timing.cpp:80] node dpath/b_reg_out[5]:740251 resistance 29.104 cap 0.000674064 slew 0.041096 delay 0.0530902 power 8.71861e-05
I0407 09:29:25.943719 2597125 lm_feature_timing.cpp:80] node dpath/a_lt_b/U4:ZN resistance 0 cap 0.0014621 slew 0.019989 delay 0 power 0
I0407 09:29:25.902650 2597056 lm_feature_timing.cpp:80] node dpath/a_mux/n16:791237 resistance 0.428 cap 0.00076448 slew 0.020149 delay 0.000330549 power 4.9427e-05
I0407 09:29:25.943773 2597122 lm_feature_timing.cpp:80] node dpath/b_reg_out[5]:1092211 resistance 29.104 cap 0.000718895 slew 0.041096 delay 0.0530902 power 9.29846e-05
I0407 09:29:25.890399 2597119 lm_feature_timing.cpp:80] node dpath/a_lt_b/U19:ZN resistance 0 cap 0.00162292 slew 0.020585 delay 0 power 1.31457e-05
I0407 09:29:25.943881 2597056 lm_feature_timing.cpp:80] node dpath/a_mux/U3:ZN resistance 0 cap 0.000780143 slew 0.020149 delay 0 power 5.04396e-05
I0407 09:29:25.902877 2597080 lm_feature_timing.cpp:80] node dpath/a_mux/n12:445861 resistance 5.136 cap 0.000610845 slew 0.034079 delay 0.00340978 power 3.48352e-05
I0407 09:29:25.943964 2597056 lm_feature_timing.cpp:80] node dpath/a_mux/n16:439278 resistance 0 cap 0.000780143 slew 0.020149 delay 0 power 5.04396e-05
I0407 09:29:25.943969 2597119 lm_feature_timing.cpp:80] node dpath/a_lt_b/n14:415116 resistance 0 cap 0.00162292 slew 0.020585 delay 0 power 1.31457e-05
I0407 09:29:25.902932 2597155 lm_feature_timing.cpp:80] node dpath/a_reg_out[14]:1185845 resistance 16.264 cap 0.00184684 slew 0.040448 delay 0.0617691 power 0.000171588
I0407 09:29:25.944041 2597080 lm_feature_timing.cpp:80] node dpath/a_mux/U26:B resistance 5.992 cap 0.000586961 slew 0.034079 delay 0.00392244 power 3.34732e-05
I0407 09:29:25.944087 2597119 lm_feature_timing.cpp:80] node dpath/a_lt_b/n14:401708 resistance 17.976 cap 0.000599808 slew 0.020585 delay 0.0139284 power 4.85845e-06
I0407 09:29:25.944099 2597080 lm_feature_timing.cpp:80] node dpath/a_mux/n12:445859 resistance 5.992 cap 0.000598903 slew 0.034079 delay 0.00392244 power 3.41542e-05
I0407 09:29:25.890645 2597190 lm_feature_timing.cpp:80] node dpath/a_mux_out[4]:727649 resistance 16.264 cap 0.00120908 slew 0.019269 delay 0.0213456 power 0.000119155
I0407 09:29:25.890722 2597138 lm_feature_timing.cpp:80] node dpath/a_mux_out[0]:734153 resistance 10.7 cap 0.00068071 slew 0.016457 delay 0.00846132 power 4.58404e-05
I0407 09:29:25.903116 2597187 lm_feature_timing.cpp:80] node dpath/a_mux_out[10]:806363 resistance 10.7 cap 0.00131597 slew 0.019133 delay 0.0143167 power 1.06594e-05
I0407 09:29:25.944300 2597138 lm_feature_timing.cpp:80] node dpath/a_mux_out[0]:739181 resistance 15.836 cap 0.000627657 slew 0.016457 delay 0.011685 power 4.22677e-05
I0407 09:29:25.944377 2597138 lm_feature_timing.cpp:80] node dpath/a_mux_out[0]:734153 resistance 10.7 cap 0.00068071 slew 0.016457 delay 0.00846132 power 4.58404e-05
I0407 09:29:25.944386 2597187 lm_feature_timing.cpp:80] node dpath/a_mux_out[10]:1158323 resistance 10.7 cap 0.00123003 slew 0.019133 delay 0.0143167 power 9.96323e-06
I0407 09:29:25.903218 2597078 lm_feature_timing.cpp:80] node CTS_1:402419 resistance 98.44 cap 0.000418247 slew 0.00031564 delay 0.360269 power 0.000135512
I0407 09:29:25.944453 2597187 lm_feature_timing.cpp:80] node dpath/a_mux_out[10]:797983 resistance 2.14 cap 0.00140191 slew 0.019133 delay 0.00305204 power 1.13555e-05
I0407 09:29:25.881009 2597206 lm_feature_timing.cpp:80] node dpath/a_reg/n6:371571 resistance 0 cap 0.000637593 slew 0.015676 delay 0 power 3.93905e-05
I0407 09:29:25.944494 2597187 lm_feature_timing.cpp:80] node dpath/a_mux_out[10]:806363 resistance 10.7 cap 0.00131597 slew 0.019133 delay 0.0143167 power 1.06594e-05
I0407 09:29:25.944515 2597078 lm_feature_timing.cpp:80] node CTS_1:754379 resistance 98.44 cap 0.000430189 slew 0.00031564 delay 0.360269 power 0.000139381
I0407 09:29:25.944541 2597187 lm_feature_timing.cpp:80] node dpath/a_mux/U34:ZN resistance 0 cap 0.00145046 slew 0.019133 delay 0 power 1.17487e-05
I0407 09:29:25.944576 2597078 lm_feature_timing.cpp:80] node CTS_1:753541 resistance 97.584 cap 0.000442131 slew 0.000315639 delay 0.3599 power 0.000143251
I0407 09:29:25.944567 2597206 lm_feature_timing.cpp:80] node dpath/a_reg/out_reg_4_:D resistance 3.424 cap 0.000600985 slew 0.015676 delay 0.00205777 power 3.71288e-05
I0407 09:29:25.944623 2597078 lm_feature_timing.cpp:80] node CTS_1:754379 resistance 98.44 cap 0.000430189 slew 0.00031564 delay 0.360269 power 0.000139381
I0407 09:29:25.944629 2597206 lm_feature_timing.cpp:80] node dpath/a_reg/U15:Z resistance 0 cap 0.000637593 slew 0.015676 delay 0 power 3.93905e-05
I0407 09:29:25.891077 2597157 lm_feature_timing.cpp:80] node dpath/b_mux_out[4]:386540 resistance 0 cap 0.000910148 slew 0.017183 delay 0 power 0.000110249
I0407 09:29:25.944675 2597078 lm_feature_timing.cpp:80] node dpath/b_reg/out_reg_0_:CP resistance 55.64 cap 0.000418247 slew 0.000307036 delay 0.274861 power 0.000135512
I0407 09:29:25.903400 2597090 lm_feature_timing.cpp:137] net dpath/b_reg/n5 resistance 21.4 cap 0.00078481 slew 0.00140831 delay 0.00721337 power 8.14896e-08
I0407 09:29:25.891647 2597151 lm_feature_timing.cpp:80] node dpath/a_mux_out[7]:791381 resistance 25.252 cap 0.000635097 slew 0.017289 delay 0.0214141 power 7.13522e-05
I0407 09:29:25.944789 2597157 lm_feature_timing.cpp:80] node dpath/b_mux_out[4]:386539 resistance 0.428 cap 0.000902316 slew 0.017183 delay 0.000386191 power 0.0001093
I0407 09:29:25.903676 2597054 lm_feature_timing.cpp:80] node dpath/b_mux_out[12]:464417 resistance 1.284 cap 0.000737091 slew 0.01617 delay 0.000946425 power 8.98388e-05
I0407 09:29:25.944901 2597151 lm_feature_timing.cpp:80] node dpath/a_mux_out[7]:787191 resistance 20.972 cap 0.000679928 slew 0.017289 delay 0.0186959 power 7.63888e-05
I0407 09:29:25.944945 2597157 lm_feature_timing.cpp:80] node dpath/b_mux_out[4]:386540 resistance 0 cap 0.000910148 slew 0.017183 delay 0 power 0.000110249
I0407 09:29:25.944965 2597151 lm_feature_timing.cpp:80] node dpath/a_mux_out[7]:791381 resistance 25.252 cap 0.000635097 slew 0.017289 delay 0.0214141 power 7.13522e-05
I0407 09:29:25.944998 2597157 lm_feature_timing.cpp:80] node dpath/b_mux_out[4]:386539 resistance 0.428 cap 0.000902316 slew 0.017183 delay 0.000386191 power 0.0001093
I0407 09:29:25.945009 2597151 lm_feature_timing.cpp:80] node dpath/a_mux_out[7]:787191 resistance 20.972 cap 0.000679928 slew 0.017289 delay 0.0186959 power 7.63888e-05
I0407 09:29:25.903743 2597172 lm_feature_timing.cpp:80] node ctrl/next_state__0[1]:1130515 resistance 17.12 cap 0.000749426 slew 0.030897 delay 0.0129773 power 6.85435e-05
I0407 09:29:25.945052 2597151 lm_feature_timing.cpp:80] node dpath/a_mux_out[7]:1139151 resistance 20.972 cap 0.000774091 slew 0.017289 delay 0.0186959 power 8.69679e-05
I0407 09:29:25.945101 2597151 lm_feature_timing.cpp:80] node dpath/a_mux_out[7]:1139129 resistance 11.556 cap 0.000868255 slew 0.017289 delay 0.011407 power 9.75471e-05
I0407 09:29:25.945142 2597151 lm_feature_timing.cpp:80] node dpath/a_mux_out[7]:1139151 resistance 20.972 cap 0.000774091 slew 0.017289 delay 0.0186959 power 8.69679e-05
I0407 09:29:25.945149 2597172 lm_feature_timing.cpp:80] node ctrl/next_state__0[1]:1130553 resistance 0.856 cap 0.000909366 slew 0.030897 delay 0.00078864 power 8.3172e-05
I0407 09:29:25.945185 2597151 lm_feature_timing.cpp:80] node dpath/a_mux_out[7]:787169 resistance 11.556 cap 0.000921308 slew 0.017289 delay 0.011407 power 0.000103507
I0407 09:29:25.945225 2597151 lm_feature_timing.cpp:80] node dpath/a_mux_out[7]:1139129 resistance 11.556 cap 0.000868255 slew 0.017289 delay 0.011407 power 9.75471e-05
I0407 09:29:25.903759 2597191 lm_feature_timing.cpp:80] node dpath/b_reg_out[0]:409131 resistance 49.648 cap 0.000664379 slew 0.0405594 delay 0.147999 power 8.29592e-05
I0407 09:29:25.945243 2597172 lm_feature_timing.cpp:80] node ctrl/state/out_reg_1_:D resistance 19.688 cap 0.000532712 slew 0.030897 delay 0.0144182 power 4.87226e-05
I0407 09:29:25.945264 2597151 lm_feature_timing.cpp:80] node dpath/a_mux_out[7]:782141 resistance 6.42 cap 0.00097436 slew 0.017289 delay 0.00667517 power 0.000109468
I0407 09:29:25.945304 2597151 lm_feature_timing.cpp:80] node dpath/a_mux_out[7]:787169 resistance 11.556 cap 0.000921308 slew 0.017289 delay 0.011407 power 0.000103507
I0407 09:29:25.945305 2597172 lm_feature_timing.cpp:80] node ctrl/next_state__0[1]:776041 resistance 19.688 cap 0.000561098 slew 0.030897 delay 0.0144182 power 5.13189e-05
I0407 09:29:25.945318 2597191 lm_feature_timing.cpp:80] node dpath/b_reg_out[0]:411627 resistance 39.376 cap 0.000766764 slew 0.0405594 delay 0.141174 power 9.57438e-05
I0407 09:29:25.945348 2597151 lm_feature_timing.cpp:80] node dpath/a_mux_out[7]:430181 resistance 6.42 cap 0.00103975 slew 0.017289 delay 0.00667517 power 0.000116814
I0407 09:29:25.945354 2597172 lm_feature_timing.cpp:80] node ctrl/U16:ZN resistance 0 cap 0.000933251 slew 0.030897 delay 0 power 8.53564e-05
I0407 09:29:25.945367 2597191 lm_feature_timing.cpp:80] node dpath/b_reg_out[0]:763587 resistance 39.376 cap 0.000803373 slew 0.0405594 delay 0.141174 power 0.000100315
I0407 09:29:25.945386 2597151 lm_feature_timing.cpp:80] node dpath/a_mux_out[7]:782141 resistance 6.42 cap 0.00097436 slew 0.017289 delay 0.00667517 power 0.000109468
I0407 09:29:25.945395 2597172 lm_feature_timing.cpp:80] node ctrl/next_state__0[1]:777755 resistance 0 cap 0.000933251 slew 0.030897 delay 0 power 8.53564e-05
I0407 09:29:25.945402 2597191 lm_feature_timing.cpp:80] node dpath/b_reg_out[0]:760235 resistance 35.952 cap 0.000839982 slew 0.0405594 delay 0.138423 power 0.000104886
I0407 09:29:25.945469 2597191 lm_feature_timing.cpp:80] node dpath/b_reg_out[0]:763587 resistance 39.376 cap 0.000803373 slew 0.0405594 delay 0.141174 power 0.000100315
I0407 09:29:25.945515 2597191 lm_feature_timing.cpp:80] node dpath/b_reg_out[0]:760209 resistance 24.824 cap 0.000659839 slew 0.0405594 delay 0.127845 power 8.23923e-05
I0407 09:29:25.945559 2597191 lm_feature_timing.cpp:80] node dpath/b_reg_out[0]:1112169 resistance 24.824 cap 0.00496919 slew 0.0405594 delay 0.127845 power 0.000620489
I0407 09:29:25.945591 2597191 lm_feature_timing.cpp:80] node dpath/b_reg_out[0]:1112153 resistance 17.976 cap 0.00503869 slew 0.0405593 delay 0.0938162 power 0.000629167
I0407 09:29:25.904111 2597123 lm_feature_timing.cpp:80] node dpath/b_reg/n2:759379 resistance 0.856 cap 0.000917146 slew 0.017303 delay 0.000795299 power 0.000114522
I0407 09:29:25.945731 2597123 lm_feature_timing.cpp:80] node dpath/b_reg/n2:776977 resistance 18.832 cap 0.000740761 slew 0.017303 delay 0.0141112 power 9.24968e-05
I0407 09:29:25.892030 2597144 lm_feature_timing.cpp:80] node dpath/a_lt_b/n13:746137 resistance 14.552 cap 0.000646222 slew 0.031831 delay 0.0108282 power 2.06194e-05
I0407 09:29:25.945916 2597144 lm_feature_timing.cpp:80] node dpath/a_lt_b/n13:741109 resistance 9.416 cap 0.000699275 slew 0.031831 delay 0.00750923 power 2.23122e-05
I0407 09:29:25.945984 2597144 lm_feature_timing.cpp:80] node dpath/a_lt_b/n13:746137 resistance 14.552 cap 0.000646222 slew 0.031831 delay 0.0108282 power 2.06194e-05
I0407 09:29:25.904204 2597077 lm_feature_timing.cpp:80] node dpath/a_lt_b/n8:386611 resistance 47.08 cap 0.000616441 slew 0.053906 delay 0.050494 power 9.93759e-06
I0407 09:29:25.946039 2597144 lm_feature_timing.cpp:80] node dpath/a_lt_b/U18:ZN resistance 0 cap 0.000902482 slew 0.031831 delay 0 power 2.8796e-05
I0407 09:29:25.946089 2597144 lm_feature_timing.cpp:80] node dpath/a_lt_b/n13:387459 resistance 1.712 cap 0.000882318 slew 0.031831 delay 0.00151053 power 2.81526e-05
I0407 09:29:25.946135 2597144 lm_feature_timing.cpp:80] node dpath/a_lt_b/n13:387459 resistance 1.712 cap 0.000882318 slew 0.031831 delay 0.00151053 power 2.81526e-05
I0407 09:29:25.946133 2597077 lm_feature_timing.cpp:80] node dpath/a_lt_b/n8:738571 resistance 47.08 cap 0.000616441 slew 0.053906 delay 0.050494 power 9.93759e-06
I0407 09:29:25.880956 2597098 lm_feature_timing.cpp:125] build net dpath/a_mux_out[11] feature 
I0407 09:29:25.946208 2597144 lm_feature_timing.cpp:80] node dpath/a_lt_b/n13:389135 resistance 3.424 cap 0.000841989 slew 0.031831 delay 0.00295201 power 2.68658e-05
I0407 09:29:25.933409 2597052 lm_feature_timing.cpp:80] node dpath/b_mux_out[5]:409197 resistance 25.252 cap 0.000590266 slew 0.018108 delay 0.0211593 power 7.21803e-05
I0407 09:29:25.933483 2597199 lm_feature_timing.cpp:80] node dpath/b_reg_out[10]:1186873 resistance 11.556 cap 0.00085801 slew 0.0399552 delay 0.0583266 power 7.48493e-05
I0407 09:29:25.946365 2597052 lm_feature_timing.cpp:80] node dpath/b_mux/U7:Z resistance 0 cap 0.00109025 slew 0.018108 delay 0 power 0.000133321
I0407 09:29:25.892571 2597115 lm_feature_timing.cpp:80] node dpath/a_reg_out[0]:742589 resistance 23.968 cap 0.00158049 slew 0.039044 delay 0.0541233 power 7.2981e-05
I0407 09:29:25.946431 2597052 lm_feature_timing.cpp:80] node dpath/b_mux_out[5]:389096 resistance 0 cap 0.00109025 slew 0.018108 delay 0 power 0.000133321
I0407 09:29:25.946475 2597052 lm_feature_timing.cpp:80] node dpath/b_mux_out[5]:389085 resistance 4.708 cap 0.00104131 slew 0.018108 delay 0.00490249 power 0.000127336
I0407 09:29:25.892882 2597126 lm_feature_timing.cpp:80] node dpath/a_mux/U3:A1 resistance 6.42 cap 0.000595933 slew 0.0264706 delay 0.0785417 power 1.92648e-05
I0407 09:29:25.946509 2597115 lm_feature_timing.cpp:80] node dpath/a_reg_out[0]:745103 resistance 26.536 cap 0.000688225 slew 0.039044 delay 0.0558907 power 3.17797e-05
I0407 09:29:25.946578 2597115 lm_feature_timing.cpp:80] node dpath/sub/U20:A2 resistance 32.528 cap 0.000554824 slew 0.0390441 delay 0.0809783 power 2.56197e-05
I0407 09:29:25.933864 2597171 lm_feature_timing.cpp:80] node dpath/a_lt_b/U37:A1 resistance 19.688 cap 0.000675952 slew 0.033561 delay 0.0224235 power 1.6545e-05
I0407 09:29:25.946655 2597115 lm_feature_timing.cpp:80] node dpath/a_reg_out[0]:372141 resistance 32.528 cap 0.000599655 slew 0.0390441 delay 0.0809783 power 2.76898e-05
I0407 09:29:25.946698 2597115 lm_feature_timing.cpp:80] node dpath/a_reg/U19:B1 resistance 19.688 cap 0.000659839 slew 0.0390441 delay 0.056163 power 3.04689e-05
I0407 09:29:25.893041 2597156 lm_feature_timing.cpp:80] node dpath/a_reg/n19:860933 resistance 2.996 cap 0.000965357 slew 9.02853e-06 delay 0.00298957 power 0
I0407 09:29:25.933939 2597141 lm_feature_timing.cpp:80] node ctrl/next_state__0[0]:784429 resistance 7.276 cap 0.000851029 slew 0.029224 delay 0.00672766 power 7.59009e-05
I0407 09:29:25.946873 2597156 lm_feature_timing.cpp:80] node dpath/a_reg/n19:508966 resistance 0 cap 0.00103035 slew 0 delay 0 power 0
I0407 09:29:25.893483 2597094 lm_feature_timing.cpp:80] node dpath/a_mux/FE_OFN4_n16:1134895 resistance 38.948 cap 0.00734596 slew 0.0377047 delay 0.38083 power 0.000474948
I0407 09:29:25.946918 2597141 lm_feature_timing.cpp:80] node ctrl/next_state__0[0]:786943 resistance 9.844 cap 0.000822643 slew 0.029224 delay 0.00884021 power 7.33692e-05
I0407 09:29:25.946943 2597156 lm_feature_timing.cpp:80] node dpath/a_reg/n19:508973 resistance 2.996 cap 0.000997854 slew 9.02853e-06 delay 0.00298957 power 0
I0407 09:29:25.946986 2597141 lm_feature_timing.cpp:80] node ctrl/next_state__0[0]:786917 resistance 20.972 cap 0.000573041 slew 0.029224 delay 0.0164478 power 5.11079e-05
I0407 09:29:25.886600 2597169 lm_feature_timing.cpp:80] node dpath/a_reg/n3:761797 resistance 36.38 cap 0.000839427 slew 0.019387 delay 0.0334405 power 4.58297e-05
I0407 09:29:25.934207 2597113 lm_feature_timing.cpp:80] node dpath/a_mux_out[14]:456761 resistance 0 cap 0.00107398 slew 0.0173 delay 0 power 0.000118545
I0407 09:29:25.947068 2597094 lm_feature_timing.cpp:80] node dpath/a_mux/U27:B1 resistance 94.588 cap 0.000647571 slew 0.0377072 delay 0.734065 power 4.18683e-05
I0407 09:29:25.947139 2597169 lm_feature_timing.cpp:80] node dpath/a_reg/U18:Z resistance 0 cap 0.00127814 slew 0.019387 delay 0 power 6.97817e-05
I0407 09:29:25.947207 2597113 lm_feature_timing.cpp:80] node dpath/a_mux_out[14]:456763 resistance 0.856 cap 0.00106204 slew 0.0173 delay 0.000909106 power 0.000117227
I0407 09:29:25.947219 2597094 lm_feature_timing.cpp:80] node dpath/a_mux/FE_OFN4_n16:730141 resistance 94.588 cap 0.000659513 slew 0.0377072 delay 0.734065 power 4.26404e-05
I0407 09:29:25.947219 2597169 lm_feature_timing.cpp:80] node dpath/a_reg/n3:388922 resistance 0 cap 0.00127814 slew 0.019387 delay 0 power 6.97817e-05
I0407 09:29:25.893961 2597096 lm_feature_timing.cpp:80] node dpath/a_reg/n8:756209 resistance 3.424 cap 0.000793032 slew 0.01695 delay 0.00284069 power 5.26426e-05
I0407 09:29:25.947276 2597113 lm_feature_timing.cpp:80] node dpath/a_reg/U3:I resistance 23.54 cap 0.000599444 slew 0.0173 delay 0.0196739 power 6.61661e-05
I0407 09:29:25.947283 2597094 lm_feature_timing.cpp:80] node dpath/a_mux/FE_OFN4_n16:729303 resistance 93.732 cap 0.000671455 slew 0.0377072 delay 0.733501 power 4.34125e-05
I0407 09:29:25.947302 2597169 lm_feature_timing.cpp:80] node dpath/a_reg/n3:388903 resistance 8.132 cap 0.00119631 slew 0.019387 delay 0.00972837 power 6.53141e-05
I0407 09:29:25.947324 2597113 lm_feature_timing.cpp:80] node dpath/a_mux_out[14]:476870 resistance 23.54 cap 0.000640164 slew 0.0173 delay 0.0196739 power 7.06606e-05
I0407 09:29:25.947340 2597094 lm_feature_timing.cpp:80] node dpath/a_mux/FE_OFN4_n16:730141 resistance 94.588 cap 0.000659513 slew 0.0377072 delay 0.734065 power 4.26404e-05
I0407 09:29:25.934448 2597104 lm_feature_timing.cpp:80] node dpath/a_reg_out[8]:438557 resistance 67.196 cap 0.00071211 slew 0.0475416 delay 0.25688 power 5.05435e-05
I0407 09:29:25.947367 2597113 lm_feature_timing.cpp:80] node dpath/a_mux/U1:ZN resistance 0 cap 0.00107398 slew 0.0173 delay 0 power 0.000118545
I0407 09:29:25.893966 2597208 lm_feature_timing.cpp:80] node dpath/a_lt_b/n29:842337 resistance 15.836 cap 0.000733627 slew 0.020196 delay 0.0131883 power 5.94238e-06
I0407 09:29:25.947494 2597104 lm_feature_timing.cpp:80] node dpath/b_mux/U10:B1 resistance 68.908 cap 0.000680003 slew 0.0475416 delay 0.258044 power 4.82647e-05
I0407 09:29:25.934724 2597181 lm_feature_timing.cpp:80] node ctrl_b_mux_sel_0_:439398 resistance 151.084 cap 0.00106438 slew 0.0310884 delay 2.06795 power 0.000103551
I0407 09:29:25.947579 2597104 lm_feature_timing.cpp:80] node dpath/a_reg_out[8]:438557 resistance 67.196 cap 0.00071211 slew 0.0475416 delay 0.25688 power 5.05435e-05
I0407 09:29:25.934899 2597204 lm_feature_timing.cpp:137] net ctrl/n3 resistance 19.688 cap 0.00139018 slew 0.000271221 delay 0.00316441 power 2.52165e-08
I0407 09:29:25.947683 2597181 lm_feature_timing.cpp:80] node ctrl_b_mux_sel_0_:791358 resistance 151.084 cap 0.00113799 slew 0.0310884 delay 2.06795 power 0.000110712
I0407 09:29:25.947719 2597204 lm_feature_timing.cpp:125] build net dpath/b_reg_out[7] feature 
I0407 09:29:25.894965 2597059 lm_feature_timing.cpp:80] node dpath/b_reg/n4:407436 resistance 0 cap 0.000817698 slew 0.01652 delay 0 power 0.000104339
I0407 09:29:25.935267 2597068 lm_feature_timing.cpp:80] node dpath/a_mux_out[8]:1173509 resistance 62.916 cap 0.000758429 slew 0.0212991 delay 0.0763435 power 8.86936e-05
I0407 09:29:25.947863 2597059 lm_feature_timing.cpp:80] node dpath/b_reg/n4:407441 resistance 2.14 cap 0.000793423 slew 0.01652 delay 0.00169792 power 0.000101241
I0407 09:29:25.947930 2597059 lm_feature_timing.cpp:80] node dpath/b_reg/out_reg_2_:D resistance 12.412 cap 0.000564376 slew 0.01652 delay 0.0085469 power 7.20147e-05
I0407 09:29:25.947974 2597059 lm_feature_timing.cpp:80] node dpath/b_reg/n4:768621 resistance 12.412 cap 0.000666762 slew 0.01652 delay 0.0085469 power 8.50792e-05
I0407 09:29:25.935448 2597207 lm_feature_timing.cpp:80] node dpath/b_reg/n12:842483 resistance 40.232 cap 0.000604705 slew 0.019979 delay 0.0402165 power 5.27519e-05
I0407 09:29:25.948019 2597059 lm_feature_timing.cpp:80] node dpath/b_reg/U16:Z resistance 0 cap 0.000817698 slew 0.01652 delay 0 power 0.000104339
I0407 09:29:25.948015 2597204 lm_feature_timing.cpp:80] node dpath/a_lt_b/U23:B2 resistance 35.096 cap 0.000718455 slew 0.0405131 delay 0.0937418 power 9.37535e-05
I0407 09:29:25.948061 2597059 lm_feature_timing.cpp:80] node dpath/b_reg/n4:407436 resistance 0 cap 0.000817698 slew 0.01652 delay 0 power 0.000104339
I0407 09:29:25.948089 2597204 lm_feature_timing.cpp:80] node dpath/a_lt_b/U23:B2 resistance 35.096 cap 0.000718455 slew 0.0405131 delay 0.0937418 power 9.37535e-05
I0407 09:29:25.948156 2597204 lm_feature_timing.cpp:80] node dpath/b_reg_out[7]:426010 resistance 21.4 cap 0.00269977 slew 0.0405131 delay 0.0797734 power 0.000352302
I0407 09:29:25.935699 2597202 lm_feature_timing.cpp:80] node dpath/a_reg_out[3]:1087985 resistance 27.82 cap 0.00078389 slew 0.042396 delay 0.0529296 power 4.66145e-05
I0407 09:29:25.935724 2597162 lm_feature_timing.cpp:80] node dpath/a_reg_out[13]:1172473 resistance 47.08 cap 0.000765945 slew 0.0381302 delay 0.15853 power 5.0123e-05
I0407 09:29:25.948312 2597202 lm_feature_timing.cpp:80] node dpath/a_reg_out[3]:1087959 resistance 16.692 cap 0.000894498 slew 0.042396 delay 0.0442065 power 5.31919e-05
I0407 09:29:25.948383 2597202 lm_feature_timing.cpp:80] node dpath/a_reg_out[3]:1087985 resistance 27.82 cap 0.00078389 slew 0.042396 delay 0.0529296 power 4.66145e-05
I0407 09:29:25.895464 2597145 lm_feature_timing.cpp:80] node dpath/a_lt_b/n3:386421 resistance 4.28 cap 0.000761916 slew 0.018363 delay 0.00496461 power 6.17152e-06
I0407 09:29:25.948437 2597202 lm_feature_timing.cpp:80] node dpath/b_mux/U5:B1 resistance 26.108 cap 0.000659839 slew 0.0423961 delay 0.0692912 power 3.92378e-05
I0407 09:29:25.948489 2597202 lm_feature_timing.cpp:80] node dpath/a_reg_out[3]:755247 resistance 26.108 cap 0.000795113 slew 0.0423961 delay 0.0692912 power 4.72819e-05
I0407 09:29:25.948508 2597145 lm_feature_timing.cpp:80] node dpath/a_lt_b/n3:738381 resistance 4.28 cap 0.000754085 slew 0.018363 delay 0.00496461 power 6.10809e-06
I0407 09:29:25.895747 2597166 lm_feature_timing.cpp:80] node ctrl_b_reg_en_0_:432518 resistance 0 cap 0.000671179 slew 0.027947 delay 0 power 5.08656e-05
I0407 09:29:25.948613 2597145 lm_feature_timing.cpp:80] node dpath/a_lt_b/n3:733353 resistance 9.416 cap 0.000701032 slew 0.018363 delay 0.00856511 power 5.67836e-06
I0407 09:29:25.948663 2597145 lm_feature_timing.cpp:80] node dpath/a_lt_b/n3:738381 resistance 4.28 cap 0.000754085 slew 0.018363 delay 0.00496461 power 6.10809e-06
I0407 09:29:25.948649 2597166 lm_feature_timing.cpp:137] net ctrl_b_reg_en_0_ resistance 6.848 cap 0.000671179 slew 8.52196e-05 delay 0.00217277 power 4.12012e-08
I0407 09:29:25.948716 2597145 lm_feature_timing.cpp:80] node dpath/a_lt_b/U14:A1 resistance 3.852 cap 0.000393715 slew 0.018363 delay 0.00463851 power 3.18909e-06
I0407 09:29:25.935976 2597116 lm_feature_timing.cpp:80] node dpath/a_reg/n13:830713 resistance 12.84 cap 0.000999367 slew 0.019329 delay 0.014546 power 6.1356e-05
I0407 09:29:25.948765 2597145 lm_feature_timing.cpp:80] node dpath/a_lt_b/n3:386422 resistance 3.852 cap 0.00120418 slew 0.018363 delay 0.00463851 power 9.75387e-06
I0407 09:29:25.948809 2597145 lm_feature_timing.cpp:80] node dpath/a_lt_b/n3:386421 resistance 4.28 cap 0.000761916 slew 0.018363 delay 0.00496461 power 6.17152e-06
I0407 09:29:25.936121 2597150 lm_feature_timing.cpp:80] node dpath/a_lt_b/n37:479429 resistance 4.708 cap 0.00145908 slew 0.018123 delay 0.00686937 power 1.18186e-05
I0407 09:29:25.948850 2597145 lm_feature_timing.cpp:80] node dpath/a_lt_b/n3:386422 resistance 3.852 cap 0.00120418 slew 0.018363 delay 0.00463851 power 9.75387e-06
I0407 09:29:25.936334 2597196 lm_feature_timing.cpp:80] node dpath/b_reg/n7:410073 resistance 8.988 cap 0.000908533 slew 0.017663 delay 0.00816589 power 0.000117513
I0407 09:29:25.948895 2597145 lm_feature_timing.cpp:80] node dpath/a_lt_b/U11:ZN resistance 0 cap 0.0012449 slew 0.018363 delay 0 power 1.00837e-05
I0407 09:29:25.936120 2597194 lm_feature_timing.cpp:80] node dpath/b_reg_out[14]:446816 resistance 53.928 cap 0.00046125 slew 0.0401761 delay 0.076858 power 7.04361e-05
I0407 09:29:25.948951 2597196 lm_feature_timing.cpp:80] node dpath/b_reg/n7:762033 resistance 8.988 cap 0.00081848 slew 0.017663 delay 0.00816589 power 0.000105865
I0407 09:29:25.887353 2597111 lm_feature_timing.cpp:80] node dpath/a_mux_out[9]:477977 resistance 72.332 cap 0.000574604 slew 0.0222031 delay 0.0933752 power 6.98368e-05
I0407 09:29:25.949040 2597194 lm_feature_timing.cpp:80] node dpath/b_reg_out[14]:798776 resistance 53.928 cap 0.000674635 slew 0.0401761 delay 0.076858 power 0.000103021
I0407 09:29:25.949108 2597194 lm_feature_timing.cpp:80] node dpath/b_reg_out[14]:817185 resistance 23.54 cap 0.000700168 slew 0.040176 delay 0.053795 power 0.00010692
I0407 09:29:25.949158 2597194 lm_feature_timing.cpp:80] node dpath/b_reg_out[14]:1169145 resistance 23.54 cap 0.00184601 slew 0.040176 delay 0.053795 power 0.000281899
I0407 09:29:25.949142 2597111 lm_feature_timing.cpp:80] node dpath/a_mux_out[9]:477977 resistance 72.332 cap 0.000574604 slew 0.0222031 delay 0.0933752 power 6.98368e-05
I0407 09:29:25.896350 2597177 lm_feature_timing.cpp:80] node dpath/b_reg/U6:Z resistance 0 cap 0.00140969 slew 0.020042 delay 0 power 0.000182052
I0407 09:29:25.936543 2597071 lm_feature_timing.cpp:80] node dpath/a_lt_b/U26:ZN resistance 0 cap 0.00106562 slew 0.017501 delay 0 power 1.80576e-05
I0407 09:29:25.949450 2597071 lm_feature_timing.cpp:80] node dpath/a_lt_b/n19:460382 resistance 0 cap 0.00106562 slew 0.017501 delay 0 power 1.80576e-05
I0407 09:29:25.936803 2597127 lm_feature_timing.cpp:80] node dpath/b_reg/U10:Z resistance 0 cap 0.000956692 slew 0.017358 delay 0 power 0.000125391
I0407 09:29:25.949512 2597071 lm_feature_timing.cpp:80] node dpath/a_lt_b/n19:460373 resistance 3.852 cap 0.0010249 slew 0.017501 delay 0.00394793 power 1.73676e-05
I0407 09:29:25.949554 2597071 lm_feature_timing.cpp:80] node dpath/a_lt_b/n19:460382 resistance 0 cap 0.00106562 slew 0.017501 delay 0 power 1.80576e-05
I0407 09:29:25.887455 2597160 lm_feature_timing.cpp:80] node ctrl/n5:400649 resistance 6.42 cap 0.00123278 slew 0.021618 delay 0.00791444 power 0.000109948
I0407 09:29:25.949641 2597071 lm_feature_timing.cpp:80] node dpath/a_lt_b/U27:C resistance 23.112 cap 0.000599307 slew 0.017501 delay 0.0192527 power 1.01556e-05
I0407 09:29:25.949687 2597071 lm_feature_timing.cpp:80] node dpath/a_lt_b/n19:477128 resistance 23.112 cap 0.000623582 slew 0.017501 delay 0.0192527 power 1.0567e-05
I0407 09:29:25.949728 2597071 lm_feature_timing.cpp:80] node dpath/a_lt_b/n19:460373 resistance 3.852 cap 0.0010249 slew 0.017501 delay 0.00394793 power 1.73676e-05
I0407 09:29:25.949736 2597160 lm_feature_timing.cpp:80] node ctrl/n5:399824 resistance 0 cap 0.00129816 slew 0.021618 delay 0 power 0.00011578
I0407 09:29:25.936975 2597089 lm_feature_timing.cpp:80] node dpath/a_lt_b/U36:ZN resistance 0 cap 0.000804078 slew 0.016585 delay 0 power 1.14333e-05
I0407 09:29:25.949780 2597160 lm_feature_timing.cpp:137] net ctrl/n5 resistance 71.048 cap 0.00129816 slew 0.0167637 delay 0.0336459 power 9.37815e-08
I0407 09:29:25.949833 2597160 lm_feature_timing.cpp:125] build net dpath/b_reg_out[9] feature 
I0407 09:29:25.949878 2597089 lm_feature_timing.cpp:80] node dpath/a_lt_b/n33:485272 resistance 0 cap 0.000804078 slew 0.016585 delay 0 power 1.14333e-05
I0407 09:29:25.937096 2597180 lm_feature_timing.cpp:80] node dpath/a_lt_b/U29:A1 resistance 11.984 cap 0.000393715 slew 0.01901 delay 0.0110319 power 3.18909e-06
I0407 09:29:25.949947 2597089 lm_feature_timing.cpp:80] node dpath/a_lt_b/n33:484448 resistance 10.272 cap 0.000701693 slew 0.016585 delay 0.00720779 power 9.97748e-06
I0407 09:29:25.949995 2597089 lm_feature_timing.cpp:80] node dpath/a_lt_b/n33:485272 resistance 0 cap 0.000804078 slew 0.016585 delay 0 power 1.14333e-05
I0407 09:29:25.950013 2597089 lm_feature_timing.cpp:137] net dpath/a_lt_b/n33 resistance 20.544 cap 0.000804078 slew 0.00149854 delay 0.00720779 power 9.26098e-09
I0407 09:29:25.950050 2597089 lm_feature_timing.cpp:125] build net dpath/b_zero/n1 feature 
I0407 09:29:25.937214 2597074 lm_feature_timing.cpp:80] node dpath/a_mux_out[13]:456831 resistance 3.424 cap 0.000946756 slew 0.016793 delay 0.00324169 power 0.000100232
I0407 09:29:25.937218 2597112 lm_feature_timing.cpp:80] node dpath/a_lt_b/n12:387434 resistance 13.696 cap 0.000633276 slew 0.020683 delay 0.0130546 power 5.12954e-06
I0407 09:29:25.950130 2597160 lm_feature_timing.cpp:80] node dpath/sub/U24:I resistance 80.892 cap 0.000599444 slew 0.043787 delay 0.301554 power 7.8912e-05
I0407 09:29:25.950156 2597112 lm_feature_timing.cpp:137] net dpath/a_lt_b/n12 resistance 44.512 cap 0.00163007 slew 0.00319446 delay 0.0124043 power 1.06949e-08
I0407 09:29:25.950179 2597074 lm_feature_timing.cpp:80] node dpath/a_mux_out[13]:808791 resistance 3.424 cap 0.000910148 slew 0.016793 delay 0.00324169 power 9.63559e-05
I0407 09:29:25.950215 2597112 lm_feature_timing.cpp:125] build net dpath/b_zero/n2 feature 
I0407 09:29:25.950250 2597074 lm_feature_timing.cpp:80] node dpath/a_mux_out[13]:456823 resistance 0 cap 0.000983365 slew 0.016793 delay 0 power 0.000104107
I0407 09:29:25.950258 2597089 lm_feature_timing.cpp:80] node dpath/b_zero/n1:411659 resistance 4.28 cap 0.0015702 slew 0.017815 delay 0.00672046 power 5.08745e-05
I0407 09:29:25.950295 2597074 lm_feature_timing.cpp:80] node dpath/a_mux_out[13]:456831 resistance 3.424 cap 0.000946756 slew 0.016793 delay 0.00324169 power 0.000100232
I0407 09:29:25.950314 2597089 lm_feature_timing.cpp:80] node dpath/b_zero/n1:763619 resistance 4.28 cap 0.00152537 slew 0.017815 delay 0.00672046 power 4.9422e-05
I0407 09:29:25.950346 2597074 lm_feature_timing.cpp:80] node dpath/a_reg/U6:A2 resistance 20.116 cap 0.000574604 slew 0.016793 delay 0.0156541 power 6.08324e-05
I0407 09:29:25.950359 2597089 lm_feature_timing.cpp:80] node dpath/b_zero/n1:411649 resistance 0 cap 0.00161503 slew 0.017815 delay 0 power 5.2327e-05
I0407 09:29:25.937638 2597197 lm_feature_timing.cpp:80] node dpath/a_lt_b/n20:475438 resistance 0.856 cap 0.000749289 slew 0.012461 delay 0.000641392 power 1.21385e-05
I0407 09:29:25.937999 2597110 lm_feature_timing.cpp:80] node dpath/a_mux/n10:445130 resistance 4.708 cap 0.000892554 slew 0.037124 delay 0.004405 power 5.09005e-05
I0407 09:29:25.950511 2597197 lm_feature_timing.cpp:80] node dpath/a_lt_b/n20:476276 resistance 0 cap 0.000761231 slew 0.012461 delay 0 power 1.23319e-05
I0407 09:29:25.950554 2597197 lm_feature_timing.cpp:137] net dpath/a_lt_b/n20 resistance 7.704 cap 0.000761231 slew 0.000294216 delay 0.00275312 power 9.98888e-09
I0407 09:29:25.938256 2597146 lm_feature_timing.cpp:80] node dpath/b_reg/FE_OFN2_ctrl_b_reg_en_0:818181 resistance 125.404 cap 0.00152096 slew 0.0278504 delay 0.724888 power 0.000115266
I0407 09:29:25.938272 2597203 lm_feature_timing.cpp:80] node dpath/CTS_1:484705 resistance 83.888 cap 0.000433909 slew 0.000853081 delay 0.737685 power 0.000140587
I0407 09:29:25.888466 2597055 lm_feature_timing.cpp:80] node dpath/a_reg_out[12]:1190993 resistance 45.796 cap 0.00299887 slew 0.0441404 delay 0.21681 power 0.000189768
I0407 09:29:25.950783 2597203 lm_feature_timing.cpp:80] node dpath/CTS_1:836665 resistance 83.888 cap 0.000445851 slew 0.000853081 delay 0.737685 power 0.000144456
I0407 09:29:25.938448 2597198 lm_feature_timing.cpp:80] node dpath/b_reg_out[15]:448489 resistance 8.56 cap 0.000472907 slew 0.0432431 delay 0.0228523 power 6.18649e-05
I0407 09:29:25.950816 2597055 lm_feature_timing.cpp:80] node dpath/a_reg_out[12]:1190957 resistance 30.388 cap 0.00315059 slew 0.0441404 delay 0.170603 power 0.000199368
I0407 09:29:25.950853 2597203 lm_feature_timing.cpp:80] node dpath/CTS_1:836663 resistance 83.032 cap 0.00696114 slew 0.000853081 delay 0.737304 power 0.00225541
I0407 09:29:25.950882 2597055 lm_feature_timing.cpp:80] node dpath/a_reg_out[12]:1190993 resistance 45.796 cap 0.00299887 slew 0.0441404 delay 0.21681 power 0.000189768
I0407 09:29:25.950899 2597203 lm_feature_timing.cpp:80] node dpath/CTS_1:836665 resistance 83.888 cap 0.000445851 slew 0.000853081 delay 0.737685 power 0.000144456
I0407 09:29:25.950932 2597055 lm_feature_timing.cpp:80] node dpath/a_lt_b/U32:A2 resistance 27.82 cap 0.000445992 slew 0.0441404 delay 0.146065 power 2.82222e-05
I0407 09:29:25.950978 2597055 lm_feature_timing.cpp:80] node dpath/a_reg_out[12]:492911 resistance 27.82 cap 0.000482601 slew 0.0441404 delay 0.146065 power 3.05388e-05
I0407 09:29:25.950953 2597203 lm_feature_timing.cpp:80] node dpath/CTS_1:469620 resistance 68.052 cap 0.000418247 slew 0.000816304 delay 0.630229 power 0.000135512
I0407 09:29:25.938648 2597101 lm_feature_timing.cpp:80] node dpath/b_mux_out[8]:462021 resistance 29.532 cap 0.000627657 slew 0.018669 delay 0.0256791 power 7.89163e-05
I0407 09:29:25.951037 2597055 lm_feature_timing.cpp:80] node dpath/a_reg_out[12]:492903 resistance 24.396 cap 0.000519209 slew 0.0441404 delay 0.144413 power 3.28554e-05
I0407 09:29:25.951051 2597203 lm_feature_timing.cpp:80] node dpath/CTS_1:821580 resistance 68.052 cap 0.000426078 slew 0.000816304 delay 0.630229 power 0.000138049
I0407 09:29:25.951087 2597055 lm_feature_timing.cpp:80] node dpath/a_reg_out[12]:492911 resistance 27.82 cap 0.000482601 slew 0.0441404 delay 0.146065 power 3.05388e-05
I0407 09:29:25.897722 2597053 lm_feature_timing.cpp:80] node dpath/b_reg/n8:768741 resistance 2.568 cap 0.00101581 slew 0.018037 delay 0.0026815 power 0.000131973
I0407 09:29:25.951136 2597055 lm_feature_timing.cpp:80] node dpath/a_reg_out[12]:818887 resistance 51.788 cap 0.000733056 slew 0.0441404 delay 0.190922 power 4.63876e-05
I0407 09:29:25.951146 2597101 lm_feature_timing.cpp:80] node dpath/b_mux_out[8]:460337 resistance 24.396 cap 0.00068071 slew 0.018669 delay 0.0224555 power 8.55867e-05
I0407 09:29:25.939189 2597134 lm_feature_timing.cpp:80] node dpath/a_reg/placeFE_RC_1_0:A2 resistance 10.7 cap 0.000531541 slew 0.011477 delay 0.00693527 power 5.8671e-05
I0407 09:29:25.951210 2597053 lm_feature_timing.cpp:80] node dpath/b_reg/n8:416775 resistance 0 cap 0.00107258 slew 0.018037 delay 0 power 0.000139349
I0407 09:29:25.951244 2597101 lm_feature_timing.cpp:80] node dpath/b_mux_out[8]:441901 resistance 5.564 cap 0.00110709 slew 0.018669 delay 0.00615984 power 0.000139196
I0407 09:29:25.939383 2597095 lm_feature_timing.cpp:80] node ctrl/n4:423287 resistance 22.256 cap 0.000663233 slew 0.029179 delay 0.0198754 power 4.84075e-05
I0407 09:29:25.951346 2597101 lm_feature_timing.cpp:80] node dpath/b_mux_out[8]:440234 resistance 0 cap 0.00116425 slew 0.018669 delay 0 power 0.000146383
I0407 09:29:25.951375 2597101 lm_feature_timing.cpp:137] net dpath/b_mux_out[8] resistance 59.064 cap 0.00116425 slew 0.0112235 delay 0.0256791 power 1.16759e-07
I0407 09:29:25.951411 2597101 lm_feature_timing.cpp:125] build net dpath/b_zero/n4 feature 
I0407 09:29:25.939522 2597102 lm_feature_timing.cpp:80] node dpath/a_lt_b/n10:1098071 resistance 8.56 cap 0.000834142 slew 0.022374 delay 0.0143467 power 6.75655e-06
I0407 09:29:25.951427 2597095 lm_feature_timing.cpp:80] node ctrl/n4:779437 resistance 17.976 cap 0.000752895 slew 0.029179 delay 0.0168448 power 5.49517e-05
I0407 09:29:25.939571 2597200 lm_feature_timing.cpp:125] build net dpath/b_reg_out[2] feature 
I0407 09:29:25.898335 2597114 lm_feature_timing.cpp:80] node dpath/b_mux_out[10]:464488 resistance 0 cap 0.00068071 slew 0.01565 delay 0 power 3.5869e-05
I0407 09:29:25.951534 2597102 lm_feature_timing.cpp:80] node dpath/a_lt_b/n10:741083 resistance 3.424 cap 0.0016932 slew 0.022374 delay 0.00592287 power 1.37149e-05
I0407 09:29:25.898300 2597170 lm_feature_timing.cpp:80] node dpath/a_reg/n2:738327 resistance 0.428 cap 0.000736259 slew 0.016259 delay 0.00031847 power 3.39977e-05
I0407 09:29:25.951562 2597114 lm_feature_timing.cpp:137] net dpath/b_mux_out[10] resistance 10.272 cap 0.00068071 slew 0.000310383 delay 0.00322365 power 2.82948e-08
I0407 09:29:25.951620 2597101 lm_feature_timing.cpp:80] node dpath/b_zero/n4:785403 resistance 23.112 cap 0.000951918 slew 0.016176 delay 0.0273194 power 3.08421e-05
I0407 09:29:25.951660 2597114 lm_feature_timing.cpp:125] build net dpath/sub/n13 feature 
I0407 09:29:25.951671 2597101 lm_feature_timing.cpp:80] node dpath/b_zero/n4:1137363 resistance 23.112 cap 0.0010543 slew 0.016176 delay 0.0273194 power 3.41594e-05
I0407 09:29:25.898532 2597079 lm_feature_timing.cpp:80] node dpath/b_mux/U2:Z resistance 0 cap 0.000942254 slew 0.017178 delay 0 power 0.000106787
I0407 09:29:25.951740 2597101 lm_feature_timing.cpp:80] node dpath/b_zero/n4:1137339 resistance 12.84 cap 0.00115669 slew 0.016176 delay 0.0164896 power 3.74767e-05
I0407 09:29:25.951783 2597101 lm_feature_timing.cpp:80] node dpath/b_zero/n4:1137363 resistance 23.112 cap 0.0010543 slew 0.016176 delay 0.0273194 power 3.41594e-05
I0407 09:29:25.951786 2597200 lm_feature_timing.cpp:80] node dpath/b_reg_out[2]:414963 resistance 2.996 cap 0.0046784 slew 0.035629 delay 0.0140165 power 0.000596967
I0407 09:29:25.898823 2597147 lm_feature_timing.cpp:80] node dpath/a_mux/n4:792143 resistance 0 cap 0.000921722 slew 0.036398 delay 0 power 5.25639e-05
I0407 09:29:25.951833 2597079 lm_feature_timing.cpp:80] node dpath/b_mux_out[0]:394828 resistance 0 cap 0.000942254 slew 0.017178 delay 0 power 0.000106787
I0407 09:29:25.951867 2597200 lm_feature_timing.cpp:80] node dpath/b_reg_out[2]:766923 resistance 2.996 cap 0.00464591 slew 0.035629 delay 0.0140165 power 0.000592821
I0407 09:29:25.951907 2597079 lm_feature_timing.cpp:80] node dpath/b_mux_out[0]:394825 resistance 1.284 cap 0.000926201 slew 0.017178 delay 0.00118924 power 0.000104967
I0407 09:29:25.951918 2597200 lm_feature_timing.cpp:80] node dpath/b_reg_out[2]:414956 resistance 0 cap 0.0047109 slew 0.035629 delay 0 power 0.000601114
I0407 09:29:25.951925 2597147 lm_feature_timing.cpp:80] node dpath/a_mux/n4:789629 resistance 2.568 cap 0.000893336 slew 0.036398 delay 0.00229409 power 5.09451e-05
I0407 09:29:25.939996 2597070 lm_feature_timing.cpp:80] node dpath/a_lt_b/n18:836619 resistance 8.132 cap 0.000767035 slew 0.021423 delay 0.0110984 power 6.21299e-06
I0407 09:29:25.951992 2597147 lm_feature_timing.cpp:80] node dpath/a_mux/n4:792143 resistance 0 cap 0.000921722 slew 0.036398 delay 0 power 5.25639e-05
I0407 09:29:25.952067 2597147 lm_feature_timing.cpp:80] node dpath/a_mux/n4:782941 resistance 16.264 cap 0.000656458 slew 0.036398 delay 0.0122368 power 3.74364e-05
I0407 09:29:25.952083 2597070 lm_feature_timing.cpp:80] node dpath/a_lt_b/U6:A2 resistance 7.276 cap 0.000569173 slew 0.021423 delay 0.0104316 power 4.6103e-06
I0407 09:29:25.940124 2597100 lm_feature_timing.cpp:80] node dpath/a_mux/n2:797971 resistance 5.136 cap 0.000663898 slew 0.034079 delay 0.00340978 power 3.78607e-05
I0407 09:29:25.952158 2597070 lm_feature_timing.cpp:80] node dpath/a_lt_b/n18:484661 resistance 7.276 cap 0.0014337 slew 0.021423 delay 0.0104316 power 1.1613e-05
I0407 09:29:25.899148 2596793 lm_feature_timing.cpp:80] node dpath/a_lt_b/n1:380570 resistance 12.412 cap 0.00068612 slew 0.017306 delay 0.0100881 power 5.55758e-06
I0407 09:29:25.952221 2597100 lm_feature_timing.cpp:80] node dpath/a_mux/n2:792943 resistance 0 cap 0.000716951 slew 0.034079 delay 0 power 4.08862e-05
I0407 09:29:25.940315 2597093 lm_feature_timing.cpp:80] node dpath/a_mux/n5:385523 resistance 9.844 cap 0.000586961 slew 0.035087 delay 0.00681233 power 3.34732e-05
I0407 09:29:25.952291 2597100 lm_feature_timing.cpp:80] node dpath/a_mux/n2:797971 resistance 5.136 cap 0.000663898 slew 0.034079 delay 0.00340978 power 3.78607e-05
I0407 09:29:25.952318 2596793 lm_feature_timing.cpp:80] node dpath/a_lt_b/n1:381408 resistance 11.556 cap 0.000722338 slew 0.017306 delay 0.00950077 power 5.85094e-06
I0407 09:29:25.952369 2597093 lm_feature_timing.cpp:80] node dpath/a_mux/n5:385523 resistance 9.844 cap 0.000586961 slew 0.035087 delay 0.00681233 power 3.34732e-05
I0407 09:29:25.952397 2596793 lm_feature_timing.cpp:80] node dpath/a_lt_b/n1:381408 resistance 11.556 cap 0.000722338 slew 0.017306 delay 0.00950077 power 5.85094e-06
I0407 09:29:25.952440 2597093 lm_feature_timing.cpp:80] node dpath/a_mux/n5:737483 resistance 9.844 cap 0.000631792 slew 0.035087 delay 0.00681233 power 3.60298e-05
I0407 09:29:25.940511 2597092 lm_feature_timing.cpp:80] node dpath/b_mux_out[2]:1113851 resistance 34.24 cap 0.00068443 slew 0.019314 delay 0.0323978 power 8.13087e-05
I0407 09:29:25.952490 2597093 lm_feature_timing.cpp:80] node dpath/a_mux/n5:733293 resistance 5.564 cap 0.000676622 slew 0.035087 delay 0.00410826 power 3.85864e-05
I0407 09:29:25.952534 2597093 lm_feature_timing.cpp:80] node dpath/a_mux/n5:737483 resistance 9.844 cap 0.000631792 slew 0.035087 delay 0.00681233 power 3.60298e-05
I0407 09:29:25.940711 2597117 lm_feature_timing.cpp:80] node dpath/a_lt_b/n6:740993 resistance 10.7 cap 0.000835231 slew 0.01385 delay 0.0100765 power 1.35307e-05
I0407 09:29:25.952577 2597093 lm_feature_timing.cpp:80] node dpath/a_mux/n5:381333 resistance 5.564 cap 0.000713231 slew 0.035087 delay 0.00410826 power 4.06741e-05
I0407 09:29:25.952572 2597092 lm_feature_timing.cpp:80] node dpath/b_mux_out[2]:761873 resistance 26.536 cap 0.000971423 slew 0.019314 delay 0.027125 power 0.000115403
I0407 09:29:25.883344 2597163 lm_feature_timing.cpp:80] node dpath/a_mux/U20:A1 resistance 56.068 cap 0.000393715 slew 0.0317631 delay 0.427962 power 2.54554e-05
I0407 09:29:25.952622 2597093 lm_feature_timing.cpp:80] node dpath/a_mux/n5:381341 resistance 2.14 cap 0.000761782 slew 0.035087 delay 0.00166616 power 4.34428e-05
I0407 09:29:25.952643 2597092 lm_feature_timing.cpp:80] node dpath/b_mux_out[2]:1113833 resistance 26.536 cap 0.000762149 slew 0.019314 delay 0.027125 power 9.05416e-05
I0407 09:29:25.952666 2597093 lm_feature_timing.cpp:80] node dpath/a_mux/n5:380503 resistance 1.284 cap 0.000789777 slew 0.035087 delay 0.00101407 power 4.50393e-05
I0407 09:29:25.952653 2597117 lm_feature_timing.cpp:80] node dpath/a_lt_b/n6:736803 resistance 14.98 cap 0.0007904 slew 0.01385 delay 0.0134594 power 1.28045e-05
I0407 09:29:25.952692 2597092 lm_feature_timing.cpp:80] node dpath/b_mux_out[2]:740923 resistance 5.136 cap 0.0011807 slew 0.019314 delay 0.00633653 power 0.000140264
I0407 09:29:25.940817 2597064 lm_feature_timing.cpp:80] node dpath/b_reg/n1:1121443 resistance 160.5 cap 0.00518997 slew 0.041422 delay 1.55215 power 0.000393324
I0407 09:29:25.940846 2597058 lm_feature_timing.cpp:80] node dpath/a_reg_out[2]:1087921 resistance 67.196 cap 0.000698955 slew 0.0429064 delay 0.239885 power 3.9917e-05
I0407 09:29:25.952823 2597064 lm_feature_timing.cpp:80] node dpath/b_reg/U6:B2 resistance 40.66 cap 0.000667642 slew 0.0414106 delay 0.538605 power 5.05976e-05
I0407 09:29:25.885063 2597121 lm_feature_timing.cpp:80] node dpath/b_mux_out[11]:462775 resistance 6.42 cap 0.00063999 slew 0.015792 delay 0.00410874 power 7.74007e-05
I0407 09:29:25.952876 2597064 lm_feature_timing.cpp:80] node dpath/b_reg/n1:821419 resistance 40.66 cap 0.000679584 slew 0.0414106 delay 0.538605 power 5.15026e-05
I0407 09:29:25.952912 2597064 lm_feature_timing.cpp:80] node dpath/b_reg/n1:820581 resistance 39.804 cap 0.000691526 slew 0.0414106 delay 0.538024 power 5.24076e-05
I0407 09:29:25.952899 2597058 lm_feature_timing.cpp:80] node dpath/a_reg_out[2]:1087901 resistance 58.636 cap 0.000784897 slew 0.0429064 delay 0.233902 power 4.48251e-05
I0407 09:29:25.941356 2597143 lm_feature_timing.cpp:80] node ctrl/state_out[1]:437512 resistance 15.408 cap 0.000603764 slew 0.029421 delay 0.0186562 power 5.52211e-05
I0407 09:29:25.952963 2597058 lm_feature_timing.cpp:80] node dpath/a_reg_out[2]:1087921 resistance 67.196 cap 0.000698955 slew 0.0429064 delay 0.239885 power 3.9917e-05
I0407 09:29:25.952978 2597121 lm_feature_timing.cpp:80] node dpath/b_mux/U13:Z resistance 0 cap 0.000705376 slew 0.015792 delay 0 power 8.53085e-05
I0407 09:29:25.953008 2597058 lm_feature_timing.cpp:80] node dpath/a_reg_out[2]:724193 resistance 42.372 cap 0.003715 slew 0.0429064 delay 0.204394 power 0.000212162
