I0313 15:38:47.195624 489214 LibParserRustC.cc:1296] link liberty file /data/project_share/process_node/dataset_baseline/lib/ts5n28hpcplvta8x128m2f_130a_ssg0p81v125c.lib start.
I0313 15:38:47.195712 489217 LibParserRustC.cc:1296] link liberty file /data/project_share/process_node/dataset_baseline/lib/ts5n28hpcplvta64x64m2f_130a_ssg0p81v125c.lib start.
I0313 15:38:47.195762 489223 LibParserRustC.cc:1296] link liberty file /data/project_share/process_node/dataset_baseline/lib/tcbn28hpcplusbwp30p140oppssg0p81v125c_ccs.lib start.
I0313 15:38:47.196615 489193 LibParserRustC.cc:660] unkown attri name: technology in /data/project_share/process_node/dataset_baseline/lib/tcbn28hpcplusbwp35p140oppssg0p81v125c_ccs.lib line no 44
I0313 15:38:47.197450 489220 LibParserRustC.cc:660] unkown attri name: library_features in /data/project_share/process_node/dataset_baseline/lib/ts5n28hpcplvta128x144m2fw_130a_ssg0p81v125c.lib line no 52
I0313 15:38:47.199069 489213 LibParserRustC.cc:660] unkown attri name: technology in /data/project_share/process_node/dataset_baseline/lib/ts5n28hpcplvta256x16m2f_130a_ssg0p81v125c.lib line no 26
I0313 15:38:47.199733 489194 LibParserRustC.cc:660] unkown attri name: voltage_map in /data/project_share/process_node/dataset_baseline/lib/tcbn28hpcplusbwp40p140oppuhvtssg0p81v125c_ccs.lib line no 54
I0313 15:38:47.199925 489200 LibParserRustC.cc:660] unkown attri name: technology in /data/project_share/process_node/dataset_baseline/lib/ts5n28hpcplvta128x64m2f_130a_ssg0p81v125c.lib line no 26
I0313 15:38:47.199956 489194 LibParserRustC.cc:660] unkown attri name: library_features in /data/project_share/process_node/dataset_baseline/lib/tcbn28hpcplusbwp40p140oppuhvtssg0p81v125c_ccs.lib line no 69
I0313 15:38:47.200017 489198 LibParserRustC.cc:660] unkown attri name: technology in /data/project_share/process_node/dataset_baseline/lib/ts5n28hpcplvta128x32m2f_130a_ssg0p81v125c.lib line no 26
I0313 15:38:47.200040 489199 LibParserRustC.cc:660] unkown attri name: define_cell_area in /data/project_share/process_node/dataset_baseline/lib/ts5n28hpcplvta256x32m4fw_130a_ssg0p81v125c.lib line no 53
I0313 15:38:47.200111 489201 LibParserRustC.cc:660] unkown attri name: define_cell_area in /data/project_share/process_node/dataset_baseline/lib/ts5n28hpcplvta128x8m2f_130a_ssg0p81v125c.lib line no 53
I0313 15:38:47.200330 489197 LibParserRustC.cc:660] unkown attri name: voltage_map in /data/project_share/process_node/dataset_baseline/lib/ts5n28hpcplvta64x128m2fw_130a_ssg0p81v125c.lib line no 33
I0313 15:38:47.200557 489221 LibParserRustC.cc:660] unkown attri name: technology in /data/project_share/process_node/dataset_baseline/lib/PLLTS28HPMLAINT_SS_0P81_125C.lib line no 9
I0313 15:38:47.200713 489204 LibParserRustC.cc:660] unkown attri name: library_features in /data/project_share/process_node/dataset_baseline/lib/ts5n28hpcplvta512x64m4f_130a_ssg0p81v125c.lib line no 51
I0313 15:38:47.201053 489208 LibParserRustC.cc:660] unkown attri name: library_features in /data/project_share/process_node/dataset_baseline/lib/ts5n28hpcplvta64x8m2f_130a_ssg0p81v125c.lib line no 51
I0313 15:38:47.201247 489215 LibParserRustC.cc:660] unkown attri name: library_features in /data/project_share/process_node/dataset_baseline/lib/ts6n28hpcplvta512x2m8f_130a_ssg0p81v125c.lib line no 76
I0313 15:38:47.201515 489205 LibParserRustC.cc:660] unkown attri name: library_features in /data/project_share/process_node/dataset_baseline/lib/ts5n28hpcplvta64x32m2f_130a_ssg0p81v125c.lib line no 51
I0313 15:38:47.201802 489223 LibParserRustC.cc:660] unkown attri name: voltage_map in /data/project_share/process_node/dataset_baseline/lib/tcbn28hpcplusbwp30p140oppssg0p81v125c_ccs.lib line no 53
I0313 15:38:47.201949 489210 LibParserRustC.cc:660] unkown attri name: library_features in /data/project_share/process_node/dataset_baseline/lib/ts5n28hpcplvta32x128m2f_130a_ssg0p81v125c.lib line no 51
I0313 15:38:47.202018 489210 LibParserRustC.cc:660] unkown attri name: define_cell_area in /data/project_share/process_node/dataset_baseline/lib/ts5n28hpcplvta32x128m2f_130a_ssg0p81v125c.lib line no 53
I0313 15:38:47.202226 489218 LibParserRustC.cc:660] unkown attri name: define_cell_area in /data/project_share/process_node/dataset_baseline/lib/ts5n28hpcplvta256x144m2fw_130a_ssg0p81v125c.lib line no 53
I0313 15:38:47.202607 489224 LibParserRustC.cc:660] unkown attri name: voltage_map in /data/project_share/process_node/dataset_baseline/lib/tphn28hpcpgv18ssg0p81v1p62v125c.lib line no 42
I0313 15:38:47.207558 489217 LibParserRustC.cc:660] unkown attri name: voltage_map in /data/project_share/process_node/dataset_baseline/lib/ts5n28hpcplvta64x64m2f_130a_ssg0p81v125c.lib line no 32
I0313 15:38:47.207687 489217 LibParserRustC.cc:660] unkown attri name: define_cell_area in /data/project_share/process_node/dataset_baseline/lib/ts5n28hpcplvta64x64m2f_130a_ssg0p81v125c.lib line no 53
I0313 15:38:47.212982 489220 LibParserRustC.cc:1302] link liberty file /data/project_share/process_node/dataset_baseline/lib/ts5n28hpcplvta128x144m2fw_130a_ssg0p81v125c.lib success.
I0313 15:38:47.213019 489220 LibParserRustC.cc:1296] link liberty file /data/project_share/process_node/dataset_baseline/lib/tcbn28hpcplusbwp35p140opplvtssg0p81v125c_ccs.lib start.
I0313 15:38:47.213320 489201 LibParserRustC.cc:1302] link liberty file /data/project_share/process_node/dataset_baseline/lib/ts5n28hpcplvta128x8m2f_130a_ssg0p81v125c.lib success.
I0313 15:38:47.213352 489201 LibParserRustC.cc:1296] link liberty file /data/project_share/process_node/dataset_baseline/lib/tcbn28hpcplusbwp40p140opplvtssg0p81v125c_ccs.lib start.
I0313 15:38:47.213560 489202 LibParserRustC.cc:1302] link liberty file /data/project_share/process_node/dataset_baseline/lib/ts5n28hpcplvta128x80m2f_130a_ssg0p81v125c.lib success.
I0313 15:38:47.213590 489202 LibParserRustC.cc:1296] link liberty file /data/project_share/process_node/dataset_baseline/lib/tcbn28hpcplusbwp35p140oppuhvtssg0p81v125c_ccs.lib start.
I0313 15:38:47.214111 489198 LibParserRustC.cc:1302] link liberty file /data/project_share/process_node/dataset_baseline/lib/ts5n28hpcplvta128x32m2f_130a_ssg0p81v125c.lib success.
I0313 15:38:47.214146 489198 LibParserRustC.cc:1296] link liberty file /data/project_share/process_node/dataset_baseline/lib/tcbn28hpcplusbwp30p140oppulvtssg0p81v125c_ccs.lib start.
I0313 15:38:47.214324 489200 LibParserRustC.cc:1302] link liberty file /data/project_share/process_node/dataset_baseline/lib/ts5n28hpcplvta128x64m2f_130a_ssg0p81v125c.lib success.
I0313 15:38:47.214363 489200 LibParserRustC.cc:1296] link liberty file /data/project_share/process_node/dataset_baseline/lib/tcbn28hpcplusbwp35p140oppulvtssg0p81v125c_ccs.lib start.
I0313 15:38:47.214951 489207 LibParserRustC.cc:1302] link liberty file /data/project_share/process_node/dataset_baseline/lib/ts5n28hpcplvta512x64m4fw_130a_ssg0p81v125c.lib success.
I0313 15:38:47.214982 489207 LibParserRustC.cc:1296] link liberty file /data/project_share/process_node/dataset_baseline/lib/tcbn28hpcplusbwp35p140opphvtssg0p81v125c_ccs.lib start.
I0313 15:38:47.215070 489220 LibParserRustC.cc:660] unkown attri name: voltage_map in /data/project_share/process_node/dataset_baseline/lib/tcbn28hpcplusbwp35p140opplvtssg0p81v125c_ccs.lib line no 54
I0313 15:38:47.215837 489204 LibParserRustC.cc:1302] link liberty file /data/project_share/process_node/dataset_baseline/lib/ts5n28hpcplvta512x64m4f_130a_ssg0p81v125c.lib success.
I0313 15:38:47.215870 489204 LibParserRustC.cc:1296] link liberty file /data/project_share/process_node/dataset_baseline/lib/tcbn28hpcplusbwp40p140oppssg0p81v125c_ccs.lib start.
I0313 15:38:47.216073 489199 LibParserRustC.cc:1302] link liberty file /data/project_share/process_node/dataset_baseline/lib/ts5n28hpcplvta256x32m4fw_130a_ssg0p81v125c.lib success.
I0313 15:38:47.216109 489199 LibParserRustC.cc:1296] link liberty file /data/project_share/process_node/dataset_baseline/lib/tcbn28hpcplusbwp35p140mbssg0p81v125c_ccs.lib start.
I0313 15:38:47.216244 489198 LibParserRustC.cc:660] unkown attri name: technology in /data/project_share/process_node/dataset_baseline/lib/tcbn28hpcplusbwp30p140oppulvtssg0p81v125c_ccs.lib line no 44
I0313 15:38:47.216540 489200 LibParserRustC.cc:660] unkown attri name: define_cell_area in /data/project_share/process_node/dataset_baseline/lib/tcbn28hpcplusbwp35p140oppulvtssg0p81v125c_ccs.lib line no 68
I0313 15:38:47.216564 489212 LibParserRustC.cc:1302] link liberty file /data/project_share/process_node/dataset_baseline/lib/ts5n28hpcplvta8x144m2f_130a_ssg0p81v125c.lib success.
I0313 15:38:47.216596 489212 LibParserRustC.cc:1296] link liberty file /data/project_share/process_node/dataset_baseline/lib/tcbn28hpcplusbwp35p140mblvtssg0p81v125c_ccs.lib start.
I0313 15:38:47.216970 489213 LibParserRustC.cc:1302] link liberty file /data/project_share/process_node/dataset_baseline/lib/ts5n28hpcplvta256x16m2f_130a_ssg0p81v125c.lib success.
I0313 15:38:47.217006 489213 LibParserRustC.cc:1296] link liberty file /data/project_share/process_node/dataset_baseline/lib/tcbn28hpcplusbwp30p140mblvtssg0p81v125c_ccs.lib start.
I0313 15:38:47.217180 489208 LibParserRustC.cc:1302] link liberty file /data/project_share/process_node/dataset_baseline/lib/ts5n28hpcplvta64x8m2f_130a_ssg0p81v125c.lib success.
I0313 15:38:47.217213 489208 LibParserRustC.cc:1296] link liberty file /data/project_share/process_node/dataset_baseline/lib/tcbn28hpcplusbwp30p140mbssg0p81v125c_ccs.lib start.
I0313 15:38:47.217950 489204 LibParserRustC.cc:660] unkown attri name: voltage_map in /data/project_share/process_node/dataset_baseline/lib/tcbn28hpcplusbwp40p140oppssg0p81v125c_ccs.lib line no 54
I0313 15:38:47.218094 489196 LibParserRustC.cc:1302] link liberty file /data/project_share/process_node/dataset_baseline/lib/ts5n28hpcplvta64x128m2f_130a_ssg0p81v125c.lib success.
I0313 15:38:47.218133 489196 LibParserRustC.cc:1296] link liberty file /data/project_share/process_node/dataset_baseline/lib/tcbn28hpcplusbwp40p140mbssg0p81v125c_ccs.lib start.
I0313 15:38:47.218204 489205 LibParserRustC.cc:1302] link liberty file /data/project_share/process_node/dataset_baseline/lib/ts5n28hpcplvta64x32m2f_130a_ssg0p81v125c.lib success.
I0313 15:38:47.218214 489212 LibParserRustC.cc:660] unkown attri name: define_cell_area in /data/project_share/process_node/dataset_baseline/lib/tcbn28hpcplusbwp35p140mblvtssg0p81v125c_ccs.lib line no 67
I0313 15:38:47.218241 489205 LibParserRustC.cc:1296] link liberty file /data/project_share/process_node/dataset_baseline/lib/tcbn28hpcplusbwp40p140mbhvtssg0p81v125c_ccs.lib start.
I0313 15:38:47.218436 489211 LibParserRustC.cc:1302] link liberty file /data/project_share/process_node/dataset_baseline/lib/ts5n28hpcplvta64x80m2f_130a_ssg0p81v125c.lib success.
I0313 15:38:47.218490 489211 LibParserRustC.cc:1296] link liberty file /data/project_share/process_node/dataset_baseline/lib/tcbn28hpcplusbwp35p140mbhvtssg0p81v125c_ccs.lib start.
I0313 15:38:47.218513 489218 LibParserRustC.cc:1302] link liberty file /data/project_share/process_node/dataset_baseline/lib/ts5n28hpcplvta256x144m2fw_130a_ssg0p81v125c.lib success.
I0313 15:38:47.218546 489218 LibParserRustC.cc:1296] link liberty file /data/project_share/process_node/dataset_baseline/lib/tcbn28hpcplusbwp40p140ssg0p81v125c_ccs.lib start.
I0313 15:38:47.218923 489210 LibParserRustC.cc:1302] link liberty file /data/project_share/process_node/dataset_baseline/lib/ts5n28hpcplvta32x128m2f_130a_ssg0p81v125c.lib success.
I0313 15:38:47.218961 489210 LibParserRustC.cc:1296] link liberty file /data/project_share/process_node/dataset_baseline/lib/tcbn28hpcplusbwp40p140hvtssg0p81v125c_ccs.lib start.
I0313 15:38:47.219040 489209 LibParserRustC.cc:1302] link liberty file /data/project_share/process_node/dataset_baseline/lib/ts5n28hpcplvta32x32m2f_130a_ssg0p81v125c.lib success.
I0313 15:38:47.219079 489209 LibParserRustC.cc:1296] link liberty file /data/project_share/process_node/dataset_baseline/lib/tcbn28hpcplusbwp40p140uhvtssg0p81v125c_ccs.lib start.
I0313 15:38:47.219128 489213 LibParserRustC.cc:660] unkown attri name: define_cell_area in /data/project_share/process_node/dataset_baseline/lib/tcbn28hpcplusbwp30p140mblvtssg0p81v125c_ccs.lib line no 68
I0313 15:38:47.219514 489219 LibParserRustC.cc:1302] link liberty file /data/project_share/process_node/dataset_baseline/lib/ts5n28hpcplvta1024x32m8fw_130a_ssg0p81v125c.lib success.
I0313 15:38:47.219550 489219 LibParserRustC.cc:1296] link liberty file /data/project_share/process_node/dataset_baseline/lib/tcbn28hpcplusbwp35p140uhvtssg0p81v125c_ccs.lib start.
I0313 15:38:47.220135 489218 LibParserRustC.cc:660] unkown attri name: voltage_map in /data/project_share/process_node/dataset_baseline/lib/tcbn28hpcplusbwp40p140ssg0p81v125c_ccs.lib line no 54
I0313 15:38:47.220131 489197 LibParserRustC.cc:1302] link liberty file /data/project_share/process_node/dataset_baseline/lib/ts5n28hpcplvta64x128m2fw_130a_ssg0p81v125c.lib success.
I0313 15:38:47.220177 489197 LibParserRustC.cc:1296] link liberty file /data/project_share/process_node/dataset_baseline/lib/tcbn28hpcplusbwp40p140lvtssg0p81v125c_ccs.lib start.
I0313 15:38:47.220290 489205 LibParserRustC.cc:660] unkown attri name: technology in /data/project_share/process_node/dataset_baseline/lib/tcbn28hpcplusbwp40p140mbhvtssg0p81v125c_ccs.lib line no 44
I0313 15:38:47.220613 489211 LibParserRustC.cc:660] unkown attri name: define_cell_area in /data/project_share/process_node/dataset_baseline/lib/tcbn28hpcplusbwp35p140mbhvtssg0p81v125c_ccs.lib line no 68
I0313 15:38:47.221267 489209 LibParserRustC.cc:660] unkown attri name: voltage_map in /data/project_share/process_node/dataset_baseline/lib/tcbn28hpcplusbwp40p140uhvtssg0p81v125c_ccs.lib line no 53
I0313 15:38:47.221727 489219 LibParserRustC.cc:660] unkown attri name: define_cell_area in /data/project_share/process_node/dataset_baseline/lib/tcbn28hpcplusbwp35p140uhvtssg0p81v125c_ccs.lib line no 68
I0313 15:38:47.222035 489215 LibParserRustC.cc:1302] link liberty file /data/project_share/process_node/dataset_baseline/lib/ts6n28hpcplvta512x2m8f_130a_ssg0p81v125c.lib success.
I0313 15:38:47.222069 489215 LibParserRustC.cc:1296] link liberty file /data/project_share/process_node/dataset_baseline/lib/tcbn28hpcplusbwp35p140ssg0p81v125c_ccs.lib start.
I0313 15:38:47.222667 489216 LibParserRustC.cc:1302] link liberty file /data/project_share/process_node/dataset_baseline/lib/ts6n28hpcplvta16x128m2f_130a_ssg0p81v125c.lib success.
I0313 15:38:47.222703 489216 LibParserRustC.cc:1296] link liberty file /data/project_share/process_node/dataset_baseline/lib/tcbn28hpcplusbwp35p140hvtssg0p81v125c_ccs.lib start.
I0313 15:38:47.223621 489196 LibParserRustC.cc:660] unkown attri name: define in /data/project_share/process_node/dataset_baseline/lib/tcbn28hpcplusbwp40p140mbssg0p81v125c_ccs.lib line no 220
I0313 15:38:47.224766 489216 LibParserRustC.cc:660] unkown attri name: voltage_map in /data/project_share/process_node/dataset_baseline/lib/tcbn28hpcplusbwp35p140hvtssg0p81v125c_ccs.lib line no 53
I0313 15:38:47.230751 489217 LibParserRustC.cc:1302] link liberty file /data/project_share/process_node/dataset_baseline/lib/ts5n28hpcplvta64x64m2f_130a_ssg0p81v125c.lib success.
I0313 15:38:47.230793 489217 LibParserRustC.cc:1296] link liberty file /data/project_share/process_node/dataset_baseline/lib/tcbn28hpcplusbwp30p140ssg0p81v125c_ccs.lib start.
I0313 15:38:47.230947 489214 LibParserRustC.cc:1302] link liberty file /data/project_share/process_node/dataset_baseline/lib/ts5n28hpcplvta8x128m2f_130a_ssg0p81v125c.lib success.
I0313 15:38:47.230988 489214 LibParserRustC.cc:1296] link liberty file /data/project_share/process_node/dataset_baseline/lib/tcbn28hpcplusbwp30p140uhvtssg0p81v125c_ccs.lib start.
I0313 15:38:47.233017 489196 LibParserRustC.cc:660] unkown attri name: members in /data/project_share/process_node/dataset_baseline/lib/tcbn28hpcplusbwp40p140mbssg0p81v125c_ccs.lib line no 2899
I0313 15:38:47.234956 489214 LibParserRustC.cc:660] unkown attri name: voltage_map in /data/project_share/process_node/dataset_baseline/lib/tcbn28hpcplusbwp30p140uhvtssg0p81v125c_ccs.lib line no 53
I0313 15:38:47.235725 489221 LibParserRustC.cc:1302] link liberty file /data/project_share/process_node/dataset_baseline/lib/PLLTS28HPMLAINT_SS_0P81_125C.lib success.
I0313 15:38:47.235760 489221 LibParserRustC.cc:1296] link liberty file /data/project_share/process_node/dataset_baseline/lib/tcbn28hpcplusbwp35p140lvtssg0p81v125c_ccs.lib start.
I0313 15:38:47.237905 489221 LibParserRustC.cc:660] unkown attri name: library_features in /data/project_share/process_node/dataset_baseline/lib/tcbn28hpcplusbwp35p140lvtssg0p81v125c_ccs.lib line no 69
I0313 15:38:47.386730 489205 LibParserRustC.cc:660] unkown attri name: members in /data/project_share/process_node/dataset_baseline/lib/tcbn28hpcplusbwp40p140mbhvtssg0p81v125c_ccs.lib line no 18392
I0313 15:38:47.475263 489212 LibParserRustC.cc:660] unkown attri name: members in /data/project_share/process_node/dataset_baseline/lib/tcbn28hpcplusbwp35p140mblvtssg0p81v125c_ccs.lib line no 37743
I0313 15:38:47.559249 489208 LibParserRustC.cc:660] unkown attri name: members in /data/project_share/process_node/dataset_baseline/lib/tcbn28hpcplusbwp30p140mbssg0p81v125c_ccs.lib line no 37743
I0313 15:38:47.742964 489211 LibParserRustC.cc:660] unkown attri name: members in /data/project_share/process_node/dataset_baseline/lib/tcbn28hpcplusbwp35p140mbhvtssg0p81v125c_ccs.lib line no 61345
I0313 15:38:47.816673 489224 LibParserRustC.cc:1302] link liberty file /data/project_share/process_node/dataset_baseline/lib/tphn28hpcpgv18ssg0p81v1p62v125c.lib success.
I0313 15:38:47.816740 489224 LibParserRustC.cc:1296] link liberty file /data/project_share/process_node/dataset_baseline/lib/tcbn28hpcplusbwp30p140hvtssg0p81v125c_ccs.lib start.
I0313 15:38:47.818828 489224 LibParserRustC.cc:660] unkown attri name: voltage_map in /data/project_share/process_node/dataset_baseline/lib/tcbn28hpcplusbwp30p140hvtssg0p81v125c_ccs.lib line no 53
I0313 15:38:47.913630 489205 LibParserRustC.cc:660] unkown attri name: members in /data/project_share/process_node/dataset_baseline/lib/tcbn28hpcplusbwp40p140mbhvtssg0p81v125c_ccs.lib line no 79966
I0313 15:38:47.932085 489196 LibParserRustC.cc:660] unkown attri name: members in /data/project_share/process_node/dataset_baseline/lib/tcbn28hpcplusbwp40p140mbssg0p81v125c_ccs.lib line no 80596
I0313 15:38:48.028954 489199 LibParserRustC.cc:660] unkown attri name: members in /data/project_share/process_node/dataset_baseline/lib/tcbn28hpcplusbwp35p140mbssg0p81v125c_ccs.lib line no 91971
I0313 15:38:48.126050 489208 LibParserRustC.cc:660] unkown attri name: members in /data/project_share/process_node/dataset_baseline/lib/tcbn28hpcplusbwp30p140mbssg0p81v125c_ccs.lib line no 103179
I0313 15:38:48.244226 489213 LibParserRustC.cc:660] unkown attri name: members in /data/project_share/process_node/dataset_baseline/lib/tcbn28hpcplusbwp30p140mblvtssg0p81v125c_ccs.lib line no 104701
I0313 15:38:48.322602 489208 LibParserRustC.cc:660] unkown attri name: members in /data/project_share/process_node/dataset_baseline/lib/tcbn28hpcplusbwp30p140mbssg0p81v125c_ccs.lib line no 122376
I0313 15:38:48.511814 489208 LibParserRustC.cc:660] unkown attri name: members in /data/project_share/process_node/dataset_baseline/lib/tcbn28hpcplusbwp30p140mbssg0p81v125c_ccs.lib line no 139205
I0313 15:38:48.761572 489205 LibParserRustC.cc:660] unkown attri name: members in /data/project_share/process_node/dataset_baseline/lib/tcbn28hpcplusbwp40p140mbhvtssg0p81v125c_ccs.lib line no 167052
I0313 15:38:48.922034 489213 LibParserRustC.cc:660] unkown attri name: members in /data/project_share/process_node/dataset_baseline/lib/tcbn28hpcplusbwp30p140mblvtssg0p81v125c_ccs.lib line no 167044
I0313 15:38:49.290290 489199 LibParserRustC.cc:660] unkown attri name: members in /data/project_share/process_node/dataset_baseline/lib/tcbn28hpcplusbwp35p140mbssg0p81v125c_ccs.lib line no 194227
I0313 15:38:49.498579 489205 LibParserRustC.cc:660] unkown attri name: members in /data/project_share/process_node/dataset_baseline/lib/tcbn28hpcplusbwp40p140mbhvtssg0p81v125c_ccs.lib line no 230225
I0313 15:38:49.773610 489196 LibParserRustC.cc:660] unkown attri name: members in /data/project_share/process_node/dataset_baseline/lib/tcbn28hpcplusbwp40p140mbssg0p81v125c_ccs.lib line no 259748
I0313 15:38:50.017709 489208 LibParserRustC.cc:660] unkown attri name: members in /data/project_share/process_node/dataset_baseline/lib/tcbn28hpcplusbwp30p140mbssg0p81v125c_ccs.lib line no 260940
I0313 15:38:50.189056 489213 LibParserRustC.cc:660] unkown attri name: members in /data/project_share/process_node/dataset_baseline/lib/tcbn28hpcplusbwp30p140mblvtssg0p81v125c_ccs.lib line no 260940
I0313 15:38:50.421748 489213 LibParserRustC.cc:660] unkown attri name: members in /data/project_share/process_node/dataset_baseline/lib/tcbn28hpcplusbwp30p140mblvtssg0p81v125c_ccs.lib line no 279617
I0313 15:38:50.631919 489213 LibParserRustC.cc:660] unkown attri name: members in /data/project_share/process_node/dataset_baseline/lib/tcbn28hpcplusbwp30p140mblvtssg0p81v125c_ccs.lib line no 300533
I0313 15:38:50.735518 489196 LibParserRustC.cc:660] unkown attri name: members in /data/project_share/process_node/dataset_baseline/lib/tcbn28hpcplusbwp40p140mbssg0p81v125c_ccs.lib line no 358877
I0313 15:38:50.967897 489212 LibParserRustC.cc:660] unkown attri name: members in /data/project_share/process_node/dataset_baseline/lib/tcbn28hpcplusbwp35p140mblvtssg0p81v125c_ccs.lib line no 358861
I0313 15:38:51.097771 489201 LibParserRustC.cc:1302] link liberty file /data/project_share/process_node/dataset_baseline/lib/tcbn28hpcplusbwp40p140opplvtssg0p81v125c_ccs.lib success.
I0313 15:38:51.097841 489201 LibParserRustC.cc:1296] link liberty file /data/project_share/process_node/dataset_baseline/lib/tcbn28hpcplusbwp30p140lvtssg0p81v125c_ccs.lib start.
I0313 15:38:51.194985 489196 LibParserRustC.cc:660] unkown attri name: members in /data/project_share/process_node/dataset_baseline/lib/tcbn28hpcplusbwp40p140mbssg0p81v125c_ccs.lib line no 402432
I0313 15:38:51.268997 489200 LibParserRustC.cc:1302] link liberty file /data/project_share/process_node/dataset_baseline/lib/tcbn28hpcplusbwp35p140oppulvtssg0p81v125c_ccs.lib success.
I0313 15:38:51.269064 489200 LibParserRustC.cc:1296] link liberty file /data/project_share/process_node/dataset_baseline/lib/tcbn28hpcplusbwp30p140ulvtssg0p81v125c_ccs.lib start.
I0313 15:38:51.271250 489200 LibParserRustC.cc:660] unkown attri name: define_cell_area in /data/project_share/process_node/dataset_baseline/lib/tcbn28hpcplusbwp30p140ulvtssg0p81v125c_ccs.lib line no 68
I0313 15:38:51.361811 489207 LibParserRustC.cc:1302] link liberty file /data/project_share/process_node/dataset_baseline/lib/tcbn28hpcplusbwp35p140opphvtssg0p81v125c_ccs.lib success.
I0313 15:38:51.361883 489207 LibParserRustC.cc:1296] link liberty file /data/project_share/process_node/dataset_baseline/lib/tcbn28hpcplusbwp35p140ulvtssg0p81v125c_ccs.lib start.
I0313 15:38:51.393589 489194 LibParserRustC.cc:1302] link liberty file /data/project_share/process_node/dataset_baseline/lib/tcbn28hpcplusbwp40p140oppuhvtssg0p81v125c_ccs.lib success.
I0313 15:38:51.394016 489208 LibParserRustC.cc:660] unkown attri name: members in /data/project_share/process_node/dataset_baseline/lib/tcbn28hpcplusbwp30p140mbssg0p81v125c_ccs.lib line no 402416
I0313 15:38:51.415927 489206 LibParserRustC.cc:1302] link liberty file /data/project_share/process_node/dataset_baseline/lib/tcbn28hpcplusbwp40p140opphvtssg0p81v125c_ccs.lib success.
I0313 15:38:51.419548 489223 LibParserRustC.cc:1302] link liberty file /data/project_share/process_node/dataset_baseline/lib/tcbn28hpcplusbwp30p140oppssg0p81v125c_ccs.lib success.
I0313 15:38:51.481760 489193 LibParserRustC.cc:1302] link liberty file /data/project_share/process_node/dataset_baseline/lib/tcbn28hpcplusbwp35p140oppssg0p81v125c_ccs.lib success.
I0313 15:38:51.485502 489195 LibParserRustC.cc:1302] link liberty file /data/project_share/process_node/dataset_baseline/lib/tcbn28hpcplusbwp30p140oppuhvtssg0p81v125c_ccs.lib success.
I0313 15:38:51.496918 489203 LibParserRustC.cc:1302] link liberty file /data/project_share/process_node/dataset_baseline/lib/tcbn28hpcplusbwp30p140opplvtssg0p81v125c_ccs.lib success.
I0313 15:38:51.644057 489220 LibParserRustC.cc:1302] link liberty file /data/project_share/process_node/dataset_baseline/lib/tcbn28hpcplusbwp35p140opplvtssg0p81v125c_ccs.lib success.
I0313 15:38:51.663035 489202 LibParserRustC.cc:1302] link liberty file /data/project_share/process_node/dataset_baseline/lib/tcbn28hpcplusbwp35p140oppuhvtssg0p81v125c_ccs.lib success.
I0313 15:38:51.760896 489222 LibParserRustC.cc:1302] link liberty file /data/project_share/process_node/dataset_baseline/lib/tcbn28hpcplusbwp30p140opphvtssg0p81v125c_ccs.lib success.
I0313 15:38:51.770996 489204 LibParserRustC.cc:1302] link liberty file /data/project_share/process_node/dataset_baseline/lib/tcbn28hpcplusbwp40p140oppssg0p81v125c_ccs.lib success.
I0313 15:38:51.853271 489199 LibParserRustC.cc:660] unkown attri name: members in /data/project_share/process_node/dataset_baseline/lib/tcbn28hpcplusbwp35p140mbssg0p81v125c_ccs.lib line no 396484
I0313 15:38:52.092757 489198 LibParserRustC.cc:1302] link liberty file /data/project_share/process_node/dataset_baseline/lib/tcbn28hpcplusbwp30p140oppulvtssg0p81v125c_ccs.lib success.
I0313 15:38:52.161211 489196 LibParserRustC.cc:660] unkown attri name: members in /data/project_share/process_node/dataset_baseline/lib/tcbn28hpcplusbwp40p140mbssg0p81v125c_ccs.lib line no 510601
I0313 15:38:52.575120 489212 LibParserRustC.cc:660] unkown attri name: members in /data/project_share/process_node/dataset_baseline/lib/tcbn28hpcplusbwp35p140mblvtssg0p81v125c_ccs.lib line no 510577
I0313 15:38:53.034897 489213 LibParserRustC.cc:660] unkown attri name: members in /data/project_share/process_node/dataset_baseline/lib/tcbn28hpcplusbwp30p140mblvtssg0p81v125c_ccs.lib line no 510577
I0313 15:38:53.357014 489212 LibParserRustC.cc:660] unkown attri name: members in /data/project_share/process_node/dataset_baseline/lib/tcbn28hpcplusbwp35p140mblvtssg0p81v125c_ccs.lib line no 597549
I0313 15:38:53.636677 489208 LibParserRustC.cc:660] unkown attri name: members in /data/project_share/process_node/dataset_baseline/lib/tcbn28hpcplusbwp30p140mbssg0p81v125c_ccs.lib line no 628905
I0313 15:38:53.789268 489199 LibParserRustC.cc:660] unkown attri name: members in /data/project_share/process_node/dataset_baseline/lib/tcbn28hpcplusbwp35p140mbssg0p81v125c_ccs.lib line no 564284
I0313 15:38:54.062441 489199 LibParserRustC.cc:660] unkown attri name: members in /data/project_share/process_node/dataset_baseline/lib/tcbn28hpcplusbwp35p140mbssg0p81v125c_ccs.lib line no 597549
I0313 15:38:54.283974 489196 LibParserRustC.cc:1302] link liberty file /data/project_share/process_node/dataset_baseline/lib/tcbn28hpcplusbwp40p140mbssg0p81v125c_ccs.lib success.
I0313 15:38:54.604972 489213 LibParserRustC.cc:660] unkown attri name: members in /data/project_share/process_node/dataset_baseline/lib/tcbn28hpcplusbwp30p140mblvtssg0p81v125c_ccs.lib line no 681937
I0313 15:38:54.615463 489212 LibParserRustC.cc:1302] link liberty file /data/project_share/process_node/dataset_baseline/lib/tcbn28hpcplusbwp35p140mblvtssg0p81v125c_ccs.lib success.
I0313 15:38:54.656000 489211 LibParserRustC.cc:1302] link liberty file /data/project_share/process_node/dataset_baseline/lib/tcbn28hpcplusbwp35p140mbhvtssg0p81v125c_ccs.lib success.
I0313 15:38:54.936972 489208 LibParserRustC.cc:1302] link liberty file /data/project_share/process_node/dataset_baseline/lib/tcbn28hpcplusbwp30p140mbssg0p81v125c_ccs.lib success.
I0313 15:38:55.136610 489205 LibParserRustC.cc:1302] link liberty file /data/project_share/process_node/dataset_baseline/lib/tcbn28hpcplusbwp40p140mbhvtssg0p81v125c_ccs.lib success.
I0313 15:38:55.210907 489213 LibParserRustC.cc:1302] link liberty file /data/project_share/process_node/dataset_baseline/lib/tcbn28hpcplusbwp30p140mblvtssg0p81v125c_ccs.lib success.
I0313 15:38:55.272909 489199 LibParserRustC.cc:1302] link liberty file /data/project_share/process_node/dataset_baseline/lib/tcbn28hpcplusbwp35p140mbssg0p81v125c_ccs.lib success.
I0313 15:41:46.790663 489210 LibParserRustC.cc:1302] link liberty file /data/project_share/process_node/dataset_baseline/lib/tcbn28hpcplusbwp40p140hvtssg0p81v125c_ccs.lib success.
I0313 15:41:48.375451 489216 LibParserRustC.cc:1302] link liberty file /data/project_share/process_node/dataset_baseline/lib/tcbn28hpcplusbwp35p140hvtssg0p81v125c_ccs.lib success.
I0313 15:41:50.436678 489221 LibParserRustC.cc:1302] link liberty file /data/project_share/process_node/dataset_baseline/lib/tcbn28hpcplusbwp35p140lvtssg0p81v125c_ccs.lib success.
I0313 15:41:50.771097 489217 LibParserRustC.cc:1302] link liberty file /data/project_share/process_node/dataset_baseline/lib/tcbn28hpcplusbwp30p140ssg0p81v125c_ccs.lib success.
I0313 15:41:53.035830 489219 LibParserRustC.cc:1302] link liberty file /data/project_share/process_node/dataset_baseline/lib/tcbn28hpcplusbwp35p140uhvtssg0p81v125c_ccs.lib success.
I0313 15:41:53.789139 489218 LibParserRustC.cc:1302] link liberty file /data/project_share/process_node/dataset_baseline/lib/tcbn28hpcplusbwp40p140ssg0p81v125c_ccs.lib success.
I0313 15:41:53.811321 489224 LibParserRustC.cc:1302] link liberty file /data/project_share/process_node/dataset_baseline/lib/tcbn28hpcplusbwp30p140hvtssg0p81v125c_ccs.lib success.
I0313 15:41:53.856187 489215 LibParserRustC.cc:1302] link liberty file /data/project_share/process_node/dataset_baseline/lib/tcbn28hpcplusbwp35p140ssg0p81v125c_ccs.lib success.
I0313 15:41:54.654029 489209 LibParserRustC.cc:1302] link liberty file /data/project_share/process_node/dataset_baseline/lib/tcbn28hpcplusbwp40p140uhvtssg0p81v125c_ccs.lib success.
I0313 15:41:56.194729 489197 LibParserRustC.cc:1302] link liberty file /data/project_share/process_node/dataset_baseline/lib/tcbn28hpcplusbwp40p140lvtssg0p81v125c_ccs.lib success.
I0313 15:41:56.446938 489214 LibParserRustC.cc:1302] link liberty file /data/project_share/process_node/dataset_baseline/lib/tcbn28hpcplusbwp30p140uhvtssg0p81v125c_ccs.lib success.
I0313 15:42:00.467000 489201 LibParserRustC.cc:1302] link liberty file /data/project_share/process_node/dataset_baseline/lib/tcbn28hpcplusbwp30p140lvtssg0p81v125c_ccs.lib success.
I0313 15:42:02.649739 489207 LibParserRustC.cc:1302] link liberty file /data/project_share/process_node/dataset_baseline/lib/tcbn28hpcplusbwp35p140ulvtssg0p81v125c_ccs.lib success.
I0313 15:42:06.976480 489200 LibParserRustC.cc:1302] link liberty file /data/project_share/process_node/dataset_baseline/lib/tcbn28hpcplusbwp30p140ulvtssg0p81v125c_ccs.lib success.
I0313 15:42:06.977264 486120 TimingIDBAdapter.cc:740] core area width 21um height 21um
I0313 15:42:06.978807 486120 TimingIDBAdapter.cc:825] build inst num: 1
I0313 15:42:07.007947 486120 TimingIDBAdapter.cc:904] build net num: 1
I0313 15:42:07.010452 486120 TimingIDBAdapter.cc:913] build instance num: 297
I0313 15:42:07.010459 486120 TimingIDBAdapter.cc:914] build port num: 56
I0313 15:42:07.010462 486120 TimingIDBAdapter.cc:915] build net num: 270
I0313 15:42:07.010484 486120 Sta.cc:170] read sdc /data2/project_share/dataset_baseline/gcd/syn_netlist/gcd.sdc start 
I0313 15:42:07.013454 486120 CmdCreateClock.cc:119] create clock core_clock for pin/port: clk
I0313 15:42:07.013473 486120 Sta.cc:187] read sdc /data2/project_share/dataset_baseline/gcd/syn_netlist/gcd.sdc end 
I0313 15:42:07.013510 486120 StaBuildGraph.cc:314] build graph start
I0313 15:42:07.030812 486120 StaBuildGraph.cc:331] build graph end
I0313 15:42:07.032249 486120 init_sta.cc:575] Net clk has 3 pins
I0313 15:42:07.033102 486120 init_sta.cc:575] Net req_msg[31] has 2 pins
I0313 15:42:07.033624 486120 init_sta.cc:575] Net req_msg[30] has 2 pins
I0313 15:42:07.034137 486120 init_sta.cc:575] Net req_msg[29] has 2 pins
I0313 15:42:07.034657 486120 init_sta.cc:575] Net req_msg[28] has 2 pins
I0313 15:42:07.035179 486120 init_sta.cc:575] Net req_msg[27] has 2 pins
I0313 15:42:07.035722 486120 init_sta.cc:575] Net req_msg[26] has 2 pins
I0313 15:42:07.036105 486120 init_sta.cc:575] Net req_msg[25] has 2 pins
I0313 15:42:07.036593 486120 init_sta.cc:575] Net req_msg[24] has 2 pins
I0313 15:42:07.037302 486120 init_sta.cc:575] Net req_msg[23] has 2 pins
I0313 15:42:07.037957 486120 init_sta.cc:575] Net req_msg[22] has 2 pins
I0313 15:42:07.038456 486120 init_sta.cc:575] Net req_msg[21] has 2 pins
I0313 15:42:07.038933 486120 init_sta.cc:575] Net req_msg[20] has 2 pins
I0313 15:42:07.039295 486120 init_sta.cc:575] Net req_msg[19] has 2 pins
I0313 15:42:07.039712 486120 init_sta.cc:575] Net req_msg[18] has 2 pins
I0313 15:42:07.040156 486120 init_sta.cc:575] Net req_msg[17] has 2 pins
I0313 15:42:07.040566 486120 init_sta.cc:575] Net req_msg[16] has 2 pins
I0313 15:42:07.040900 486120 init_sta.cc:575] Net req_msg[15] has 2 pins
I0313 15:42:07.041355 486120 init_sta.cc:575] Net req_msg[14] has 2 pins
I0313 15:42:07.041937 486120 init_sta.cc:575] Net req_msg[13] has 2 pins
I0313 15:42:07.042464 486120 init_sta.cc:575] Net req_msg[12] has 2 pins
I0313 15:42:07.042980 486120 init_sta.cc:575] Net req_msg[11] has 2 pins
I0313 15:42:07.043483 486120 init_sta.cc:575] Net req_msg[10] has 2 pins
I0313 15:42:07.044059 486120 init_sta.cc:575] Net req_msg[9] has 2 pins
I0313 15:42:07.044741 486120 init_sta.cc:575] Net req_msg[8] has 2 pins
I0313 15:42:07.045285 486120 init_sta.cc:575] Net req_msg[7] has 2 pins
I0313 15:42:07.045677 486120 init_sta.cc:575] Net req_msg[6] has 2 pins
I0313 15:42:07.046123 486120 init_sta.cc:575] Net req_msg[5] has 2 pins
I0313 15:42:07.046636 486120 init_sta.cc:575] Net req_msg[4] has 2 pins
I0313 15:42:07.047199 486120 init_sta.cc:575] Net req_msg[3] has 2 pins
I0313 15:42:07.047644 486120 init_sta.cc:575] Net req_msg[2] has 2 pins
I0313 15:42:07.048096 486120 init_sta.cc:575] Net req_msg[1] has 2 pins
I0313 15:42:07.048588 486120 init_sta.cc:575] Net req_msg[0] has 2 pins
I0313 15:42:07.049023 486120 init_sta.cc:575] Net req_rdy has 2 pins
I0313 15:42:07.049463 486120 init_sta.cc:575] Net req_val has 2 pins
I0313 15:42:07.049896 486120 init_sta.cc:575] Net reset has 2 pins
I0313 15:42:07.050295 486120 init_sta.cc:575] Net resp_msg[15] has 3 pins
I0313 15:42:07.050813 486120 init_sta.cc:575] Net resp_msg[14] has 3 pins
I0313 15:42:07.051416 486120 init_sta.cc:575] Net resp_msg[13] has 3 pins
I0313 15:42:07.052117 486120 init_sta.cc:575] Net resp_msg[12] has 3 pins
I0313 15:42:07.052875 486120 init_sta.cc:575] Net resp_msg[11] has 3 pins
I0313 15:42:07.053722 486120 init_sta.cc:575] Net resp_msg[10] has 3 pins
I0313 15:42:07.054603 486120 init_sta.cc:575] Net resp_msg[9] has 3 pins
I0313 15:42:07.055470 486120 init_sta.cc:575] Net resp_msg[8] has 3 pins
I0313 15:42:07.056337 486120 init_sta.cc:575] Net resp_msg[7] has 3 pins
I0313 15:42:07.057176 486120 init_sta.cc:575] Net resp_msg[6] has 3 pins
I0313 15:42:07.057838 486120 init_sta.cc:575] Net resp_msg[5] has 3 pins
I0313 15:42:07.058518 486120 init_sta.cc:575] Net resp_msg[4] has 3 pins
I0313 15:42:07.059262 486120 init_sta.cc:575] Net resp_msg[3] has 3 pins
I0313 15:42:07.059890 486120 init_sta.cc:575] Net resp_msg[2] has 3 pins
I0313 15:42:07.060561 486120 init_sta.cc:575] Net resp_msg[1] has 3 pins
I0313 15:42:07.061367 486120 init_sta.cc:575] Net resp_msg[0] has 6 pins
I0313 15:42:07.061932 486120 init_sta.cc:575] Net resp_rdy has 2 pins
I0313 15:42:07.062386 486120 init_sta.cc:575] Net resp_val has 2 pins
I0313 15:42:07.064221 486120 init_sta.cc:575] Net CTS_1 has 17 pins
I0313 15:42:07.067746 486120 init_sta.cc:575] Net ctrl_b_mux_sel_0_ has 22 pins
I0313 15:42:07.069440 486120 init_sta.cc:575] Net ctrl_b_reg_en_0_ has 2 pins
I0313 15:42:07.071498 486120 init_sta.cc:575] Net ctrl_a_reg_en_0_ has 24 pins
I0313 15:42:07.074262 486120 init_sta.cc:575] Net dpath_is_b_zero_0_ has 3 pins
I0313 15:42:07.074822 486120 init_sta.cc:575] Net dpath_is_a_lt_b_0_ has 3 pins
I0313 15:42:07.075213 486120 init_sta.cc:575] Net ctrl_a_mux_sel[1] has 2 pins
I0313 15:42:07.075757 486120 init_sta.cc:575] Net ctrl_a_mux_sel[0] has 5 pins
I0313 15:42:07.076342 486120 init_sta.cc:575] Net ctrl/FE_OFN1_ctrl_b_mux_sel_0 has 2 pins
I0313 15:42:07.076740 486120 init_sta.cc:575] Net ctrl/n1 has 2 pins
I0313 15:42:07.077273 486120 init_sta.cc:575] Net ctrl/n2 has 3 pins
I0313 15:42:07.077697 486120 init_sta.cc:575] Net ctrl/n3 has 3 pins
I0313 15:42:07.078100 486120 init_sta.cc:575] Net ctrl/n4 has 2 pins
I0313 15:42:07.078481 486120 init_sta.cc:575] Net ctrl/n5 has 2 pins
I0313 15:42:07.078940 486120 init_sta.cc:575] Net ctrl/state_out[1] has 4 pins
I0313 15:42:07.079836 486120 init_sta.cc:575] Net ctrl/state_out[0] has 12 pins
I0313 15:42:07.080633 486120 init_sta.cc:575] Net ctrl/next_state__0[1] has 2 pins
I0313 15:42:07.081029 486120 init_sta.cc:575] Net ctrl/next_state__0[0] has 2 pins
I0313 15:42:07.081465 486120 init_sta.cc:575] Net ctrl/state/n1 has 3 pins
I0313 15:42:07.083228 486120 init_sta.cc:575] Net dpath/CTS_1 has 19 pins
I0313 15:42:07.085621 486120 init_sta.cc:575] Net dpath/a_reg_out[15] has 5 pins
I0313 15:42:07.086544 486120 init_sta.cc:575] Net dpath/a_reg_out[14] has 12 pins
I0313 15:42:07.087481 486120 init_sta.cc:575] Net dpath/a_reg_out[13] has 5 pins
I0313 15:42:07.088418 486120 init_sta.cc:575] Net dpath/a_reg_out[12] has 6 pins
I0313 15:42:07.089437 486120 init_sta.cc:575] Net dpath/a_reg_out[11] has 8 pins
I0313 15:42:07.090312 486120 init_sta.cc:575] Net dpath/a_reg_out[10] has 5 pins
I0313 15:42:07.091341 486120 init_sta.cc:575] Net dpath/a_reg_out[9] has 9 pins
I0313 15:42:07.092585 486120 init_sta.cc:575] Net dpath/a_reg_out[8] has 9 pins
I0313 15:42:07.093832 486120 init_sta.cc:575] Net dpath/a_reg_out[7] has 11 pins
I0313 15:42:07.094956 486120 init_sta.cc:575] Net dpath/a_reg_out[6] has 8 pins
I0313 15:42:07.095955 486120 init_sta.cc:575] Net dpath/a_reg_out[5] has 8 pins
I0313 15:42:07.097029 486120 init_sta.cc:575] Net dpath/a_reg_out[4] has 6 pins
I0313 15:42:07.098158 486120 init_sta.cc:575] Net dpath/a_reg_out[3] has 6 pins
I0313 15:42:07.101593 486120 init_sta.cc:575] Net dpath/a_reg_out[2] has 9 pins
I0313 15:42:07.102741 486120 init_sta.cc:575] Net dpath/a_reg_out[1] has 6 pins
I0313 15:42:07.103722 486120 init_sta.cc:575] Net dpath/a_reg_out[0] has 6 pins
I0313 15:42:07.104506 486120 init_sta.cc:575] Net dpath/a_mux_out[15] has 2 pins
I0313 15:42:07.104883 486120 init_sta.cc:575] Net dpath/a_mux_out[14] has 2 pins
I0313 15:42:07.105242 486120 init_sta.cc:575] Net dpath/a_mux_out[13] has 2 pins
I0313 15:42:07.105656 486120 init_sta.cc:575] Net dpath/a_mux_out[12] has 2 pins
I0313 15:42:07.106056 486120 init_sta.cc:575] Net dpath/a_mux_out[11] has 2 pins
I0313 15:42:07.106474 486120 init_sta.cc:575] Net dpath/a_mux_out[10] has 2 pins
I0313 15:42:07.107046 486120 init_sta.cc:575] Net dpath/a_mux_out[9] has 2 pins
I0313 15:42:07.107651 486120 init_sta.cc:575] Net dpath/a_mux_out[8] has 2 pins
I0313 15:42:07.108196 486120 init_sta.cc:575] Net dpath/a_mux_out[7] has 2 pins
I0313 15:42:07.108695 486120 init_sta.cc:575] Net dpath/a_mux_out[6] has 2 pins
I0313 15:42:07.109192 486120 init_sta.cc:575] Net dpath/a_mux_out[5] has 2 pins
I0313 15:42:07.109701 486120 init_sta.cc:575] Net dpath/a_mux_out[4] has 2 pins
I0313 15:42:07.110095 486120 init_sta.cc:575] Net dpath/a_mux_out[3] has 2 pins
I0313 15:42:07.110342 486120 init_sta.cc:575] Net dpath/a_mux_out[2] has 2 pins
I0313 15:42:07.110648 486120 init_sta.cc:575] Net dpath/a_mux_out[1] has 2 pins
I0313 15:42:07.111032 486120 init_sta.cc:575] Net dpath/a_mux_out[0] has 2 pins
I0313 15:42:07.111385 486120 init_sta.cc:575] Net dpath/b_mux_out[15] has 2 pins
I0313 15:42:07.111707 486120 init_sta.cc:575] Net dpath/b_mux_out[14] has 2 pins
I0313 15:42:07.112143 486120 init_sta.cc:575] Net dpath/b_mux_out[13] has 2 pins
I0313 15:42:07.112489 486120 init_sta.cc:575] Net dpath/b_mux_out[12] has 2 pins
I0313 15:42:07.112758 486120 init_sta.cc:575] Net dpath/b_mux_out[11] has 2 pins
I0313 15:42:07.112951 486120 init_sta.cc:575] Net dpath/b_mux_out[10] has 2 pins
I0313 15:42:07.113206 486120 init_sta.cc:575] Net dpath/b_mux_out[9] has 2 pins
I0313 15:42:07.113557 486120 init_sta.cc:575] Net dpath/b_mux_out[8] has 2 pins
I0313 15:42:07.113842 486120 init_sta.cc:575] Net dpath/b_mux_out[7] has 2 pins
I0313 15:42:07.114099 486120 init_sta.cc:575] Net dpath/b_mux_out[6] has 2 pins
I0313 15:42:07.114434 486120 init_sta.cc:575] Net dpath/b_mux_out[5] has 2 pins
I0313 15:42:07.114774 486120 init_sta.cc:575] Net dpath/b_mux_out[4] has 2 pins
I0313 15:42:07.115090 486120 init_sta.cc:575] Net dpath/b_mux_out[3] has 2 pins
I0313 15:42:07.115481 486120 init_sta.cc:575] Net dpath/b_mux_out[2] has 2 pins
I0313 15:42:07.115871 486120 init_sta.cc:575] Net dpath/b_mux_out[1] has 2 pins
I0313 15:42:07.116199 486120 init_sta.cc:575] Net dpath/b_mux_out[0] has 2 pins
I0313 15:42:07.117000 486120 init_sta.cc:575] Net dpath/b_reg_out[15] has 7 pins
I0313 15:42:07.118319 486120 init_sta.cc:575] Net dpath/b_reg_out[14] has 6 pins
I0313 15:42:07.119616 486120 init_sta.cc:575] Net dpath/b_reg_out[13] has 7 pins
I0313 15:42:07.120887 486120 init_sta.cc:575] Net dpath/b_reg_out[12] has 6 pins
I0313 15:42:07.121871 486120 init_sta.cc:575] Net dpath/b_reg_out[11] has 7 pins
I0313 15:42:07.122965 486120 init_sta.cc:575] Net dpath/b_reg_out[10] has 7 pins
I0313 15:42:07.124204 486120 init_sta.cc:575] Net dpath/b_reg_out[9] has 6 pins
I0313 15:42:07.125440 486120 init_sta.cc:575] Net dpath/b_reg_out[8] has 6 pins
I0313 15:42:07.126780 486120 init_sta.cc:575] Net dpath/b_reg_out[7] has 12 pins
I0313 15:42:07.128029 486120 init_sta.cc:575] Net dpath/b_reg_out[6] has 6 pins
I0313 15:42:07.129371 486120 init_sta.cc:575] Net dpath/b_reg_out[5] has 10 pins
I0313 15:42:07.130741 486120 init_sta.cc:575] Net dpath/b_reg_out[4] has 6 pins
I0313 15:42:07.131991 486120 init_sta.cc:575] Net dpath/b_reg_out[3] has 6 pins
I0313 15:42:07.133193 486120 init_sta.cc:575] Net dpath/b_reg_out[2] has 9 pins
I0313 15:42:07.134259 486120 init_sta.cc:575] Net dpath/b_reg_out[1] has 6 pins
I0313 15:42:07.135601 486120 init_sta.cc:575] Net dpath/b_reg_out[0] has 6 pins
I0313 15:42:07.136577 486120 init_sta.cc:575] Net dpath/a_reg/n2 has 2 pins
I0313 15:42:07.136862 486120 init_sta.cc:575] Net dpath/a_reg/n3 has 2 pins
I0313 15:42:07.137135 486120 init_sta.cc:575] Net dpath/a_reg/n4 has 2 pins
I0313 15:42:07.137511 486120 init_sta.cc:575] Net dpath/a_reg/n5 has 2 pins
I0313 15:42:07.137913 486120 init_sta.cc:575] Net dpath/a_reg/n6 has 2 pins
I0313 15:42:07.138067 486120 init_sta.cc:575] Net dpath/a_reg/n7 has 2 pins
I0313 15:42:07.138300 486120 init_sta.cc:575] Net dpath/a_reg/n8 has 2 pins
I0313 15:42:07.138546 486120 init_sta.cc:575] Net dpath/a_reg/n9 has 2 pins
I0313 15:42:07.138701 486120 init_sta.cc:575] Net dpath/a_reg/n10 has 2 pins
I0313 15:42:07.138896 486120 init_sta.cc:575] Net dpath/a_reg/n11 has 2 pins
I0313 15:42:07.139228 486120 init_sta.cc:575] Net dpath/a_reg/n12 has 2 pins
I0313 15:42:07.139636 486120 init_sta.cc:575] Net dpath/a_reg/n13 has 2 pins
I0313 15:42:07.139984 486120 init_sta.cc:575] Net dpath/a_reg/n14 has 2 pins
I0313 15:42:07.140323 486120 init_sta.cc:575] Net dpath/a_reg/n15 has 2 pins
I0313 15:42:07.140676 486120 init_sta.cc:575] Net dpath/a_reg/n16 has 2 pins
I0313 15:42:07.140902 486120 init_sta.cc:575] Net dpath/a_reg/n17 has 2 pins
I0313 15:42:07.141203 486120 init_sta.cc:575] Net dpath/a_reg/n1 has 2 pins
I0313 15:42:07.142783 486120 init_sta.cc:575] Net dpath/a_reg/n18 has 18 pins
I0313 15:42:07.144711 486120 init_sta.cc:575] Net dpath/a_reg/n19 has 2 pins
I0313 15:42:07.145097 486120 init_sta.cc:575] Net dpath/a_lt_b/n1 has 2 pins
I0313 15:42:07.145424 486120 init_sta.cc:575] Net dpath/a_lt_b/n2 has 2 pins
I0313 15:42:07.145745 486120 init_sta.cc:575] Net dpath/a_lt_b/n3 has 3 pins
I0313 15:42:07.146210 486120 init_sta.cc:575] Net dpath/a_lt_b/n4 has 3 pins
I0313 15:42:07.146602 486120 init_sta.cc:575] Net dpath/a_lt_b/n5 has 2 pins
I0313 15:42:07.146828 486120 init_sta.cc:575] Net dpath/a_lt_b/n6 has 2 pins
I0313 15:42:07.147248 486120 init_sta.cc:575] Net dpath/a_lt_b/n7 has 3 pins
I0313 15:42:07.147739 486120 init_sta.cc:575] Net dpath/a_lt_b/n8 has 2 pins
I0313 15:42:07.148136 486120 init_sta.cc:575] Net dpath/a_lt_b/n9 has 2 pins
I0313 15:42:07.148634 486120 init_sta.cc:575] Net dpath/a_lt_b/n10 has 3 pins
I0313 15:42:07.149128 486120 init_sta.cc:575] Net dpath/a_lt_b/n11 has 3 pins
I0313 15:42:07.149525 486120 init_sta.cc:575] Net dpath/a_lt_b/n12 has 3 pins
I0313 15:42:07.149900 486120 init_sta.cc:575] Net dpath/a_lt_b/n13 has 2 pins
I0313 15:42:07.150259 486120 init_sta.cc:575] Net dpath/a_lt_b/n14 has 3 pins
I0313 15:42:07.150750 486120 init_sta.cc:575] Net dpath/a_lt_b/n15 has 3 pins
I0313 15:42:07.151197 486120 init_sta.cc:575] Net dpath/a_lt_b/n16 has 2 pins
I0313 15:42:07.151453 486120 init_sta.cc:575] Net dpath/a_lt_b/n17 has 2 pins
I0313 15:42:07.151768 486120 init_sta.cc:575] Net dpath/a_lt_b/n18 has 3 pins
I0313 15:42:07.152134 486120 init_sta.cc:575] Net dpath/a_lt_b/n19 has 2 pins
I0313 15:42:07.152400 486120 init_sta.cc:575] Net dpath/a_lt_b/n20 has 2 pins
I0313 15:42:07.152665 486120 init_sta.cc:575] Net dpath/a_lt_b/n21 has 3 pins
I0313 15:42:07.153082 486120 init_sta.cc:575] Net dpath/a_lt_b/n22 has 2 pins
I0313 15:42:07.153434 486120 init_sta.cc:575] Net dpath/a_lt_b/n23 has 2 pins
I0313 15:42:07.153759 486120 init_sta.cc:575] Net dpath/a_lt_b/n24 has 3 pins
I0313 15:42:07.154081 486120 init_sta.cc:575] Net dpath/a_lt_b/n25 has 2 pins
I0313 15:42:07.154263 486120 init_sta.cc:575] Net dpath/a_lt_b/n26 has 2 pins
I0313 15:42:07.154476 486120 init_sta.cc:575] Net dpath/a_lt_b/n27 has 3 pins
I0313 15:42:07.154702 486120 init_sta.cc:575] Net dpath/a_lt_b/n28 has 2 pins
I0313 15:42:07.154912 486120 init_sta.cc:575] Net dpath/a_lt_b/n29 has 2 pins
I0313 15:42:07.155318 486120 init_sta.cc:575] Net dpath/a_lt_b/n30 has 3 pins
I0313 15:42:07.155721 486120 init_sta.cc:575] Net dpath/a_lt_b/n31 has 2 pins
I0313 15:42:07.156066 486120 init_sta.cc:575] Net dpath/a_lt_b/n32 has 3 pins
I0313 15:42:07.156412 486120 init_sta.cc:575] Net dpath/a_lt_b/n33 has 2 pins
I0313 15:42:07.156623 486120 init_sta.cc:575] Net dpath/a_lt_b/n34 has 2 pins
I0313 15:42:07.156996 486120 init_sta.cc:575] Net dpath/a_lt_b/n35 has 3 pins
I0313 15:42:07.157425 486120 init_sta.cc:575] Net dpath/a_lt_b/n36 has 2 pins
I0313 15:42:07.157727 486120 init_sta.cc:575] Net dpath/a_lt_b/n37 has 3 pins
I0313 15:42:07.158059 486120 init_sta.cc:575] Net dpath/b_zero/n1 has 2 pins
I0313 15:42:07.158349 486120 init_sta.cc:575] Net dpath/b_zero/n2 has 2 pins
I0313 15:42:07.158722 486120 init_sta.cc:575] Net dpath/b_zero/n3 has 2 pins
I0313 15:42:07.159173 486120 init_sta.cc:575] Net dpath/b_zero/n4 has 2 pins
I0313 15:42:07.160923 486120 init_sta.cc:575] Net dpath/a_mux/FE_OFN5_n18 has 17 pins
I0313 15:42:07.164129 486120 init_sta.cc:575] Net dpath/a_mux/FE_OFN4_n16 has 35 pins
I0313 15:42:07.166821 486120 init_sta.cc:575] Net dpath/a_mux/FE_OFN3_ctrl_a_mux_sel_1 has 49 pins
I0313 15:42:07.168452 486120 init_sta.cc:575] Net dpath/a_mux/n1 has 2 pins
I0313 15:42:07.168807 486120 init_sta.cc:575] Net dpath/a_mux/n2 has 2 pins
I0313 15:42:07.169019 486120 init_sta.cc:575] Net dpath/a_mux/n3 has 2 pins
I0313 15:42:07.169255 486120 init_sta.cc:575] Net dpath/a_mux/n4 has 2 pins
I0313 15:42:07.169597 486120 init_sta.cc:575] Net dpath/a_mux/n5 has 2 pins
I0313 15:42:07.169847 486120 init_sta.cc:575] Net dpath/a_mux/n6 has 2 pins
I0313 15:42:07.170035 486120 init_sta.cc:575] Net dpath/a_mux/n7 has 2 pins
I0313 15:42:07.170243 486120 init_sta.cc:575] Net dpath/a_mux/n8 has 2 pins
I0313 15:42:07.170483 486120 init_sta.cc:575] Net dpath/a_mux/n9 has 2 pins
I0313 15:42:07.170814 486120 init_sta.cc:575] Net dpath/a_mux/n10 has 2 pins
I0313 15:42:07.171051 486120 init_sta.cc:575] Net dpath/a_mux/n11 has 2 pins
I0313 15:42:07.171239 486120 init_sta.cc:575] Net dpath/a_mux/n12 has 2 pins
I0313 15:42:07.171489 486120 init_sta.cc:575] Net dpath/a_mux/n13 has 2 pins
I0313 15:42:07.171783 486120 init_sta.cc:575] Net dpath/a_mux/n14 has 2 pins
I0313 15:42:07.172153 486120 init_sta.cc:575] Net dpath/a_mux/n15 has 2 pins
I0313 15:42:07.172518 486120 init_sta.cc:575] Net dpath/a_mux/n16 has 2 pins
I0313 15:42:07.172811 486120 init_sta.cc:575] Net dpath/a_mux/n17 has 2 pins
I0313 15:42:07.173053 486120 init_sta.cc:575] Net dpath/a_mux/n18 has 2 pins
I0313 15:42:07.174470 486120 init_sta.cc:575] Net dpath/b_mux/n1 has 22 pins
I0313 15:42:07.176309 486120 init_sta.cc:575] Net dpath/sub/n13 has 2 pins
I0313 15:42:07.176568 486120 init_sta.cc:575] Net dpath/sub/n14 has 2 pins
I0313 15:42:07.176851 486120 init_sta.cc:575] Net dpath/sub/n15 has 2 pins
I0313 15:42:07.177206 486120 init_sta.cc:575] Net dpath/sub/n16 has 2 pins
I0313 15:42:07.177599 486120 init_sta.cc:575] Net dpath/sub/n17 has 4 pins
I0313 15:42:07.177914 486120 init_sta.cc:575] Net dpath/sub/n18 has 2 pins
I0313 15:42:07.178184 486120 init_sta.cc:575] Net dpath/sub/n19 has 2 pins
I0313 15:42:07.178453 486120 init_sta.cc:575] Net dpath/sub/n20 has 2 pins
I0313 15:42:07.178673 486120 init_sta.cc:575] Net dpath/sub/n21 has 2 pins
I0313 15:42:07.178881 486120 init_sta.cc:575] Net dpath/sub/n22 has 2 pins
I0313 15:42:07.179147 486120 init_sta.cc:575] Net dpath/sub/n23 has 2 pins
I0313 15:42:07.179415 486120 init_sta.cc:575] Net dpath/sub/n24 has 2 pins
I0313 15:42:07.179701 486120 init_sta.cc:575] Net dpath/sub/n25 has 2 pins
I0313 15:42:07.179975 486120 init_sta.cc:575] Net dpath/sub/n26 has 2 pins
I0313 15:42:07.180249 486120 init_sta.cc:575] Net dpath/sub/n27 has 4 pins
I0313 15:42:07.180554 486120 init_sta.cc:575] Net dpath/sub/n28 has 2 pins
I0313 15:42:07.180841 486120 init_sta.cc:575] Net dpath/sub/n29 has 2 pins
