Log file created at: 2025/01/15 13:19:47
Running on machine: 167-ai-eda
Log line format: [IWEF]mmdd hh:mm:ss.uuuuuu threadid file:line] msg
I0115 13:19:47.227308 1910452 lm_layout_init.cpp:65] Via number : 465
I0115 13:19:47.227473 1910452 lm_layout_init.cpp:132] Layer number : 20
I0115 13:19:47.227521 1910452 lm_layout_init.cpp:153] LM init tracks start...
I0115 13:19:47.228091 1910452 lm_layout_init.cpp:191] LM layer order : 0, row = 420, col = 419
I0115 13:19:47.228631 1910452 lm_layout_init.cpp:191] LM layer order : 1, row = 420, col = 419
I0115 13:19:47.229182 1910452 lm_layout_init.cpp:191] LM layer order : 2, row = 420, col = 419
I0115 13:19:47.229723 1910452 lm_layout_init.cpp:191] LM layer order : 3, row = 420, col = 419
I0115 13:19:47.230274 1910452 lm_layout_init.cpp:191] LM layer order : 4, row = 420, col = 419
I0115 13:19:47.230814 1910452 lm_layout_init.cpp:191] LM layer order : 5, row = 420, col = 419
I0115 13:19:47.231377 1910452 lm_layout_init.cpp:191] LM layer order : 6, row = 420, col = 419
I0115 13:19:47.231916 1910452 lm_layout_init.cpp:191] LM layer order : 7, row = 420, col = 419
I0115 13:19:47.232465 1910452 lm_layout_init.cpp:191] LM layer order : 8, row = 420, col = 419
I0115 13:19:47.233002 1910452 lm_layout_init.cpp:191] LM layer order : 9, row = 420, col = 419
I0115 13:19:47.233553 1910452 lm_layout_init.cpp:191] LM layer order : 10, row = 420, col = 419
I0115 13:19:47.234088 1910452 lm_layout_init.cpp:191] LM layer order : 11, row = 420, col = 419
I0115 13:19:47.234638 1910452 lm_layout_init.cpp:191] LM layer order : 12, row = 420, col = 419
I0115 13:19:47.235191 1910452 lm_layout_init.cpp:191] LM layer order : 13, row = 420, col = 419
I0115 13:19:47.235760 1910452 lm_layout_init.cpp:191] LM layer order : 14, row = 420, col = 419
I0115 13:19:47.236303 1910452 lm_layout_init.cpp:191] LM layer order : 15, row = 420, col = 419
I0115 13:19:47.236860 1910452 lm_layout_init.cpp:191] LM layer order : 16, row = 420, col = 419
I0115 13:19:47.237406 1910452 lm_layout_init.cpp:191] LM layer order : 17, row = 420, col = 419
I0115 13:19:47.237963 1910452 lm_layout_init.cpp:191] LM layer order : 18, row = 420, col = 419
I0115 13:19:47.238508 1910452 lm_layout_init.cpp:191] LM layer order : 19, row = 420, col = 419
I0115 13:19:47.238515 1910452 lm_layout_init.cpp:170] LM memory usage 27.764 MB
I0115 13:19:47.238552 1910452 lm_layout_init.cpp:171] LM elapsed time 0.011033 s
I0115 13:19:47.238561 1910452 lm_layout_init.cpp:173] LM init tracks end...
I0115 13:19:47.238576 1910452 lm_layout_init.cpp:245] LM init PDN start...
I0115 13:19:47.258358 1910687 lm_layout_init.cpp:335] Read segment : 285 / 285
I0115 13:19:47.274946 1910643 lm_layout_init.cpp:335] Read segment : 285 / 285
I0115 13:19:47.283744 1910452 lm_layout_init.cpp:345] LM memory usage 11494.1 MB
I0115 13:19:47.283813 1910452 lm_layout_init.cpp:346] LM elapsed time 0.04524 s
I0115 13:19:47.283835 1910452 lm_layout_init.cpp:347] LM init PDN end...
I0115 13:19:47.283866 1910452 lm_layout_init.cpp:354] LM init instances start...
I0115 13:19:47.283959 1910452 lm_layout_init.cpp:395] Read instance : 297 / 297
I0115 13:19:47.293006 1910452 lm_layout_init.cpp:403] LM memory usage 0 MB
I0115 13:19:47.293044 1910452 lm_layout_init.cpp:404] LM elapsed time 0.009181 s
I0115 13:19:47.293051 1910452 lm_layout_init.cpp:406] LM init instances end...
I0115 13:19:47.293108 1910452 lm_layout_init.cpp:632] LM init nets start...
I0115 13:19:47.302949 1910577 lm_layout_init.cpp:733] Read nets : 0 / 270
I0115 13:19:47.309257 1910452 lm_layout_init.cpp:738] Read nets : 270 / 270
I0115 13:19:47.309284 1910452 lm_layout_init.cpp:739] LM memory usage 198.06 MB
I0115 13:19:47.309340 1910452 lm_layout_init.cpp:740] LM elapsed time 0.016234 s
I0115 13:19:47.309350 1910452 lm_layout_init.cpp:742] LM init nets end...
I0115 13:19:47.309465 1910452 lm_net_graph_gen.cc:54] Layer number : 19
I0115 13:19:47.319228 1910452 lm_graph_dm.cpp:173] Read nets : 0 / 270
I0115 13:19:48.575536 1910452 lm_graph_dm.cpp:184] Read nets : 270 / 270
I0115 13:19:48.575623 1910452 lm_patch_init.cpp:87] LM patch grid init start...
I0115 13:19:48.575666 1910452 lm_patch_init.cpp:102] Init patch : 0
I0115 13:19:48.586937 1910452 lm_patch_init.cpp:107] Init patch : 625
I0115 13:19:48.586956 1910452 lm_patch_init.cpp:109] LM memory usage 0 MB
I0115 13:19:48.587030 1910452 lm_patch_init.cpp:110] LM elapsed time 0.011411 s
I0115 13:19:48.587112 1910452 lm_patch_init.cpp:111] LM patch grid init end...
I0115 13:19:48.587131 1910452 lm_patch_init.cpp:118] LM patch init subnet start...
I0115 13:19:48.587651 1910452 lm_patch_init.cpp:167] Init net : 0 / 270
I0115 13:19:48.641194 1910452 lm_patch_init.cpp:170] Init net : 270 / 270
I0115 13:19:48.641222 1910452 lm_patch_init.cpp:174] LM memory usage 0 MB
I0115 13:19:48.641270 1910452 lm_patch_init.cpp:175] LM elapsed time 0.054142 s
I0115 13:19:48.641274 1910452 lm_patch_init.cpp:176] LM patch init subnet end...
I0115 13:19:48.717288 1910452 lm_graph_check.cc:448] Net connected succuss ratio : 270 / 270
W0115 13:19:48.719475 1910452 lm_feature.cpp:35] Drc file not exist, path : /data2/project_share/dataset_baseline/gcd/workspace/output/innovus/feature//gcd_route_baseline_drc.json
I0115 13:19:48.719619 1910452 lm_feature_statis.cpp:44] LM build statis feature start...
I0115 13:19:48.744882 1910701 lm_feature_statis.cpp:153] Read nets : 0 / 270
I0115 13:19:48.756666 1910452 lm_feature_statis.cpp:157] Read nets : 270 / 270
I0115 13:19:48.756723 1910452 lm_feature_statis.cpp:158] LM memory usage 0 MB
I0115 13:19:48.756862 1910452 lm_feature_statis.cpp:159] LM elapsed time 0.037253 s
I0115 13:19:48.756898 1910452 lm_feature_statis.cpp:160] LM build statis feature end...
I0115 13:19:48.757144 1910452 lm_feature_statis.cpp:167] LM feature patch start...
I0115 13:19:48.757187 1910452 lm_feature_statis.cpp:206] Feature patch : 0 / 625
I0115 13:19:48.772228 1910452 lm_feature_statis.cpp:212] LM memory usage 0 MB
I0115 13:19:48.772313 1910452 lm_feature_statis.cpp:213] LM elapsed time 0.015186 s
I0115 13:19:48.772317 1910452 lm_feature_statis.cpp:214] LM feature patch end...
I0115 13:19:48.772691 1910452 Sta.cc:300] load lib start
I0115 13:19:48.773698 1910733 Sta.cc:278] read liberty /data/project_share/process_node/dataset_baseline/lib/tcbn28hpcplusbwp30p140ssg0p81v125c_ccs.lib start 
I0115 13:19:48.773809 1910738 Sta.cc:278] read liberty /data/project_share/process_node/dataset_baseline/lib/tcbn28hpcplusbwp30p140hvtssg0p81v125c_ccs.lib start 
I0115 13:19:48.773921 1910739 Sta.cc:278] read liberty /data/project_share/process_node/dataset_baseline/lib/tcbn28hpcplusbwp30p140lvtssg0p81v125c_ccs.lib start 
I0115 13:19:48.774168 1910734 Sta.cc:278] read liberty /data/project_share/process_node/dataset_baseline/lib/tcbn28hpcplusbwp30p140mbssg0p81v125c_ccs.lib start 
I0115 13:19:48.773962 1910737 Sta.cc:278] read liberty /data/project_share/process_node/dataset_baseline/lib/tcbn28hpcplusbwp30p140opplvtssg0p81v125c_ccs.lib start 
I0115 13:19:48.774230 1910739 LibParserRustC.cc:1274] load liberty file /data/project_share/process_node/dataset_baseline/lib/tcbn28hpcplusbwp30p140lvtssg0p81v125c_ccs.lib
I0115 13:19:48.774155 1910736 Sta.cc:278] read liberty /data/project_share/process_node/dataset_baseline/lib/tcbn28hpcplusbwp30p140mblvtssg0p81v125c_ccs.lib start 
I0115 13:19:48.774181 1910733 LibParserRustC.cc:1274] load liberty file /data/project_share/process_node/dataset_baseline/lib/tcbn28hpcplusbwp30p140ssg0p81v125c_ccs.lib
I0115 13:19:48.774160 1910743 Sta.cc:278] read liberty /data/project_share/process_node/dataset_baseline/lib/tcbn28hpcplusbwp35p140ssg0p81v125c_ccs.lib start 
I0115 13:19:48.774271 1910734 LibParserRustC.cc:1274] load liberty file /data/project_share/process_node/dataset_baseline/lib/tcbn28hpcplusbwp30p140mbssg0p81v125c_ccs.lib
I0115 13:19:48.773931 1910747 Sta.cc:278] read liberty /data/project_share/process_node/dataset_baseline/lib/tcbn28hpcplusbwp35p140mblvtssg0p81v125c_ccs.lib start 
I0115 13:19:48.774155 1910742 Sta.cc:278] read liberty /data/project_share/process_node/dataset_baseline/lib/tcbn28hpcplusbwp30p140opphvtssg0p81v125c_ccs.lib start 
I0115 13:19:48.774183 1910735 Sta.cc:278] read liberty /data/project_share/process_node/dataset_baseline/lib/tcbn28hpcplusbwp30p140oppssg0p81v125c_ccs.lib start 
I0115 13:19:48.774183 1910738 LibParserRustC.cc:1274] load liberty file /data/project_share/process_node/dataset_baseline/lib/tcbn28hpcplusbwp30p140hvtssg0p81v125c_ccs.lib
I0115 13:19:48.774251 1910737 LibParserRustC.cc:1274] load liberty file /data/project_share/process_node/dataset_baseline/lib/tcbn28hpcplusbwp30p140opplvtssg0p81v125c_ccs.lib
I0115 13:19:48.774204 1910744 Sta.cc:278] read liberty /data/project_share/process_node/dataset_baseline/lib/tcbn28hpcplusbwp30p140oppuhvtssg0p81v125c_ccs.lib start 
I0115 13:19:48.774282 1910736 LibParserRustC.cc:1274] load liberty file /data/project_share/process_node/dataset_baseline/lib/tcbn28hpcplusbwp30p140mblvtssg0p81v125c_ccs.lib
I0115 13:19:48.774732 1910762 Sta.cc:278] read liberty /data/project_share/process_node/dataset_baseline/lib/tcbn28hpcplusbwp40p140lvtssg0p81v125c_ccs.lib start 
I0115 13:19:48.774392 1910742 LibParserRustC.cc:1274] load liberty file /data/project_share/process_node/dataset_baseline/lib/tcbn28hpcplusbwp30p140opphvtssg0p81v125c_ccs.lib
I0115 13:19:48.774993 1910746 Sta.cc:278] read liberty /data/project_share/process_node/dataset_baseline/lib/tcbn28hpcplusbwp35p140hvtssg0p81v125c_ccs.lib start 
I0115 13:19:48.775157 1910750 Sta.cc:278] read liberty /data/project_share/process_node/dataset_baseline/lib/tcbn28hpcplusbwp35p140oppulvtssg0p81v125c_ccs.lib start 
I0115 13:19:48.774508 1910755 Sta.cc:278] read liberty /data/project_share/process_node/dataset_baseline/lib/tcbn28hpcplusbwp35p140oppuhvtssg0p81v125c_ccs.lib start 
I0115 13:19:48.775192 1910740 Sta.cc:278] read liberty /data/project_share/process_node/dataset_baseline/lib/tcbn28hpcplusbwp40p140uhvtssg0p81v125c_ccs.lib start 
I0115 13:19:48.775221 1910750 LibParserRustC.cc:1274] load liberty file /data/project_share/process_node/dataset_baseline/lib/tcbn28hpcplusbwp35p140oppulvtssg0p81v125c_ccs.lib
I0115 13:19:48.774729 1910743 LibParserRustC.cc:1274] load liberty file /data/project_share/process_node/dataset_baseline/lib/tcbn28hpcplusbwp35p140ssg0p81v125c_ccs.lib
I0115 13:19:48.774565 1910754 Sta.cc:278] read liberty /data/project_share/process_node/dataset_baseline/lib/tcbn28hpcplusbwp35p140opphvtssg0p81v125c_ccs.lib start 
I0115 13:19:48.774734 1910763 Sta.cc:278] read liberty /data/project_share/process_node/dataset_baseline/lib/tcbn28hpcplusbwp30p140oppulvtssg0p81v125c_ccs.lib start 
I0115 13:19:48.775301 1910740 LibParserRustC.cc:1274] load liberty file /data/project_share/process_node/dataset_baseline/lib/tcbn28hpcplusbwp40p140uhvtssg0p81v125c_ccs.lib
I0115 13:19:48.774735 1910747 LibParserRustC.cc:1274] load liberty file /data/project_share/process_node/dataset_baseline/lib/tcbn28hpcplusbwp35p140mblvtssg0p81v125c_ccs.lib
I0115 13:19:48.774736 1910745 Sta.cc:278] read liberty /data/project_share/process_node/dataset_baseline/lib/tcbn28hpcplusbwp35p140lvtssg0p81v125c_ccs.lib start 
I0115 13:19:48.774737 1910751 Sta.cc:278] read liberty /data/project_share/process_node/dataset_baseline/lib/tcbn28hpcplusbwp35p140mbssg0p81v125c_ccs.lib start 
I0115 13:19:48.774382 1910735 LibParserRustC.cc:1274] load liberty file /data/project_share/process_node/dataset_baseline/lib/tcbn28hpcplusbwp30p140oppssg0p81v125c_ccs.lib
I0115 13:19:48.774756 1910744 LibParserRustC.cc:1274] load liberty file /data/project_share/process_node/dataset_baseline/lib/tcbn28hpcplusbwp30p140oppuhvtssg0p81v125c_ccs.lib
I0115 13:19:48.774766 1910764 Sta.cc:278] read liberty /data/project_share/process_node/dataset_baseline/lib/tcbn28hpcplusbwp30p140uhvtssg0p81v125c_ccs.lib start 
I0115 13:19:48.774861 1910759 Sta.cc:278] read liberty /data/project_share/process_node/dataset_baseline/lib/tcbn28hpcplusbwp40p140mbssg0p81v125c_ccs.lib start 
I0115 13:19:48.775413 1910764 LibParserRustC.cc:1274] load liberty file /data/project_share/process_node/dataset_baseline/lib/tcbn28hpcplusbwp30p140uhvtssg0p81v125c_ccs.lib
I0115 13:19:48.774431 1910749 Sta.cc:278] read liberty /data/project_share/process_node/dataset_baseline/lib/tcbn28hpcplusbwp35p140opplvtssg0p81v125c_ccs.lib start 
I0115 13:19:48.775002 1910761 Sta.cc:278] read liberty /data/project_share/process_node/dataset_baseline/lib/tcbn28hpcplusbwp40p140oppuhvtssg0p81v125c_ccs.lib start 
I0115 13:19:48.775005 1910757 Sta.cc:278] read liberty /data/project_share/process_node/dataset_baseline/lib/tcbn28hpcplusbwp40p140mbhvtssg0p81v125c_ccs.lib start 
I0115 13:19:48.775535 1910761 LibParserRustC.cc:1274] load liberty file /data/project_share/process_node/dataset_baseline/lib/tcbn28hpcplusbwp40p140oppuhvtssg0p81v125c_ccs.lib
I0115 13:19:48.775008 1910758 Sta.cc:278] read liberty /data/project_share/process_node/dataset_baseline/lib/tcbn28hpcplusbwp35p140uhvtssg0p81v125c_ccs.lib start 
I0115 13:19:48.775159 1910760 Sta.cc:278] read liberty /data/project_share/process_node/dataset_baseline/lib/tcbn28hpcplusbwp40p140opphvtssg0p81v125c_ccs.lib start 
I0115 13:19:48.775153 1910756 Sta.cc:278] read liberty /data/project_share/process_node/dataset_baseline/lib/tcbn28hpcplusbwp40p140oppssg0p81v125c_ccs.lib start 
I0115 13:19:48.775118 1910741 Sta.cc:278] read liberty /data/project_share/process_node/dataset_baseline/lib/tcbn28hpcplusbwp40p140opplvtssg0p81v125c_ccs.lib start 
I0115 13:19:48.774507 1910752 Sta.cc:278] read liberty /data/project_share/process_node/dataset_baseline/lib/tcbn28hpcplusbwp40p140ssg0p81v125c_ccs.lib start 
I0115 13:19:48.775161 1910748 Sta.cc:278] read liberty /data/project_share/process_node/dataset_baseline/lib/tcbn28hpcplusbwp35p140oppssg0p81v125c_ccs.lib start 
I0115 13:19:48.775204 1910746 LibParserRustC.cc:1274] load liberty file /data/project_share/process_node/dataset_baseline/lib/tcbn28hpcplusbwp35p140hvtssg0p81v125c_ccs.lib
I0115 13:19:48.775664 1910752 LibParserRustC.cc:1274] load liberty file /data/project_share/process_node/dataset_baseline/lib/tcbn28hpcplusbwp40p140ssg0p81v125c_ccs.lib
I0115 13:19:48.775167 1910762 LibParserRustC.cc:1274] load liberty file /data/project_share/process_node/dataset_baseline/lib/tcbn28hpcplusbwp40p140lvtssg0p81v125c_ccs.lib
I0115 13:19:48.775161 1910753 Sta.cc:278] read liberty /data/project_share/process_node/dataset_baseline/lib/tcbn28hpcplusbwp40p140hvtssg0p81v125c_ccs.lib start 
I0115 13:19:48.775233 1910755 LibParserRustC.cc:1274] load liberty file /data/project_share/process_node/dataset_baseline/lib/tcbn28hpcplusbwp35p140oppuhvtssg0p81v125c_ccs.lib
I0115 13:19:48.775450 1910749 LibParserRustC.cc:1274] load liberty file /data/project_share/process_node/dataset_baseline/lib/tcbn28hpcplusbwp35p140opplvtssg0p81v125c_ccs.lib
I0115 13:19:48.775336 1910763 LibParserRustC.cc:1274] load liberty file /data/project_share/process_node/dataset_baseline/lib/tcbn28hpcplusbwp30p140oppulvtssg0p81v125c_ccs.lib
I0115 13:19:48.775599 1910757 LibParserRustC.cc:1274] load liberty file /data/project_share/process_node/dataset_baseline/lib/tcbn28hpcplusbwp40p140mbhvtssg0p81v125c_ccs.lib
I0115 13:19:48.775638 1910758 LibParserRustC.cc:1274] load liberty file /data/project_share/process_node/dataset_baseline/lib/tcbn28hpcplusbwp35p140uhvtssg0p81v125c_ccs.lib
I0115 13:19:48.775684 1910748 LibParserRustC.cc:1274] load liberty file /data/project_share/process_node/dataset_baseline/lib/tcbn28hpcplusbwp35p140oppssg0p81v125c_ccs.lib
I0115 13:19:48.775311 1910754 LibParserRustC.cc:1274] load liberty file /data/project_share/process_node/dataset_baseline/lib/tcbn28hpcplusbwp35p140opphvtssg0p81v125c_ccs.lib
I0115 13:19:48.775607 1910760 LibParserRustC.cc:1274] load liberty file /data/project_share/process_node/dataset_baseline/lib/tcbn28hpcplusbwp40p140opphvtssg0p81v125c_ccs.lib
I0115 13:19:48.775682 1910741 LibParserRustC.cc:1274] load liberty file /data/project_share/process_node/dataset_baseline/lib/tcbn28hpcplusbwp40p140opplvtssg0p81v125c_ccs.lib
I0115 13:19:48.775622 1910756 LibParserRustC.cc:1274] load liberty file /data/project_share/process_node/dataset_baseline/lib/tcbn28hpcplusbwp40p140oppssg0p81v125c_ccs.lib
I0115 13:19:48.775377 1910751 LibParserRustC.cc:1274] load liberty file /data/project_share/process_node/dataset_baseline/lib/tcbn28hpcplusbwp35p140mbssg0p81v125c_ccs.lib
I0115 13:19:48.775367 1910745 LibParserRustC.cc:1274] load liberty file /data/project_share/process_node/dataset_baseline/lib/tcbn28hpcplusbwp35p140lvtssg0p81v125c_ccs.lib
I0115 13:19:48.775494 1910759 LibParserRustC.cc:1274] load liberty file /data/project_share/process_node/dataset_baseline/lib/tcbn28hpcplusbwp40p140mbssg0p81v125c_ccs.lib
I0115 13:19:48.775894 1910753 LibParserRustC.cc:1274] load liberty file /data/project_share/process_node/dataset_baseline/lib/tcbn28hpcplusbwp40p140hvtssg0p81v125c_ccs.lib
I0115 13:19:52.119131 1910749 LibParserRustC.cc:1283] load liberty file /data/project_share/process_node/dataset_baseline/lib/tcbn28hpcplusbwp35p140opplvtssg0p81v125c_ccs.lib success.
I0115 13:19:52.119630 1910749 Sta.cc:288] read liberty /data/project_share/process_node/dataset_baseline/lib/tcbn28hpcplusbwp35p140opplvtssg0p81v125c_ccs.lib end 
I0115 13:19:52.119736 1910749 Sta.cc:278] read liberty /data/project_share/process_node/dataset_baseline/lib/tcbn28hpcplusbwp35p140mbhvtssg0p81v125c_ccs.lib start 
I0115 13:19:52.119776 1910749 LibParserRustC.cc:1274] load liberty file /data/project_share/process_node/dataset_baseline/lib/tcbn28hpcplusbwp35p140mbhvtssg0p81v125c_ccs.lib
I0115 13:19:52.584944 1910763 LibParserRustC.cc:1283] load liberty file /data/project_share/process_node/dataset_baseline/lib/tcbn28hpcplusbwp30p140oppulvtssg0p81v125c_ccs.lib success.
I0115 13:19:52.585029 1910763 Sta.cc:288] read liberty /data/project_share/process_node/dataset_baseline/lib/tcbn28hpcplusbwp30p140oppulvtssg0p81v125c_ccs.lib end 
I0115 13:19:52.603586 1910763 Sta.cc:278] read liberty /data/project_share/process_node/dataset_baseline/lib/tcbn28hpcplusbwp30p140ulvtssg0p81v125c_ccs.lib start 
I0115 13:19:52.603641 1910763 LibParserRustC.cc:1274] load liberty file /data/project_share/process_node/dataset_baseline/lib/tcbn28hpcplusbwp30p140ulvtssg0p81v125c_ccs.lib
I0115 13:19:52.710897 1910761 LibParserRustC.cc:1283] load liberty file /data/project_share/process_node/dataset_baseline/lib/tcbn28hpcplusbwp40p140oppuhvtssg0p81v125c_ccs.lib success.
I0115 13:19:52.710975 1910761 Sta.cc:288] read liberty /data/project_share/process_node/dataset_baseline/lib/tcbn28hpcplusbwp40p140oppuhvtssg0p81v125c_ccs.lib end 
I0115 13:19:52.711082 1910761 Sta.cc:278] read liberty /data/project_share/process_node/dataset_baseline/lib/tcbn28hpcplusbwp35p140ulvtssg0p81v125c_ccs.lib start 
I0115 13:19:52.711125 1910761 LibParserRustC.cc:1274] load liberty file /data/project_share/process_node/dataset_baseline/lib/tcbn28hpcplusbwp35p140ulvtssg0p81v125c_ccs.lib
I0115 13:19:52.733503 1910735 LibParserRustC.cc:1283] load liberty file /data/project_share/process_node/dataset_baseline/lib/tcbn28hpcplusbwp30p140oppssg0p81v125c_ccs.lib success.
I0115 13:19:52.733551 1910735 Sta.cc:288] read liberty /data/project_share/process_node/dataset_baseline/lib/tcbn28hpcplusbwp30p140oppssg0p81v125c_ccs.lib end 
I0115 13:19:52.734148 1910735 Sta.cc:278] read liberty /data/project_share/process_node/dataset_baseline/lib/ts5n28hpcplvta64x128m2f_130a_ssg0p81v125c.lib start 
I0115 13:19:52.734182 1910735 LibParserRustC.cc:1274] load liberty file /data/project_share/process_node/dataset_baseline/lib/ts5n28hpcplvta64x128m2f_130a_ssg0p81v125c.lib
I0115 13:19:52.737093 1910735 LibParserRustC.cc:1283] load liberty file /data/project_share/process_node/dataset_baseline/lib/ts5n28hpcplvta64x128m2f_130a_ssg0p81v125c.lib success.
I0115 13:19:52.737119 1910735 Sta.cc:288] read liberty /data/project_share/process_node/dataset_baseline/lib/ts5n28hpcplvta64x128m2f_130a_ssg0p81v125c.lib end 
I0115 13:19:52.737154 1910735 Sta.cc:278] read liberty /data/project_share/process_node/dataset_baseline/lib/ts5n28hpcplvta64x128m2fw_130a_ssg0p81v125c.lib start 
I0115 13:19:52.737169 1910735 LibParserRustC.cc:1274] load liberty file /data/project_share/process_node/dataset_baseline/lib/ts5n28hpcplvta64x128m2fw_130a_ssg0p81v125c.lib
I0115 13:19:52.739426 1910735 LibParserRustC.cc:1283] load liberty file /data/project_share/process_node/dataset_baseline/lib/ts5n28hpcplvta64x128m2fw_130a_ssg0p81v125c.lib success.
I0115 13:19:52.739435 1910735 Sta.cc:288] read liberty /data/project_share/process_node/dataset_baseline/lib/ts5n28hpcplvta64x128m2fw_130a_ssg0p81v125c.lib end 
I0115 13:19:52.739603 1910735 Sta.cc:278] read liberty /data/project_share/process_node/dataset_baseline/lib/ts5n28hpcplvta256x32m4fw_130a_ssg0p81v125c.lib start 
I0115 13:19:52.739616 1910735 LibParserRustC.cc:1274] load liberty file /data/project_share/process_node/dataset_baseline/lib/ts5n28hpcplvta256x32m4fw_130a_ssg0p81v125c.lib
I0115 13:19:52.742481 1910735 LibParserRustC.cc:1283] load liberty file /data/project_share/process_node/dataset_baseline/lib/ts5n28hpcplvta256x32m4fw_130a_ssg0p81v125c.lib success.
I0115 13:19:52.742492 1910735 Sta.cc:288] read liberty /data/project_share/process_node/dataset_baseline/lib/ts5n28hpcplvta256x32m4fw_130a_ssg0p81v125c.lib end 
I0115 13:19:52.742538 1910735 Sta.cc:278] read liberty /data/project_share/process_node/dataset_baseline/lib/ts5n28hpcplvta128x32m2f_130a_ssg0p81v125c.lib start 
I0115 13:19:52.742550 1910735 LibParserRustC.cc:1274] load liberty file /data/project_share/process_node/dataset_baseline/lib/ts5n28hpcplvta128x32m2f_130a_ssg0p81v125c.lib
I0115 13:19:52.745314 1910735 LibParserRustC.cc:1283] load liberty file /data/project_share/process_node/dataset_baseline/lib/ts5n28hpcplvta128x32m2f_130a_ssg0p81v125c.lib success.
I0115 13:19:52.745324 1910735 Sta.cc:288] read liberty /data/project_share/process_node/dataset_baseline/lib/ts5n28hpcplvta128x32m2f_130a_ssg0p81v125c.lib end 
I0115 13:19:52.745335 1910735 Sta.cc:278] read liberty /data/project_share/process_node/dataset_baseline/lib/ts5n28hpcplvta128x64m2f_130a_ssg0p81v125c.lib start 
I0115 13:19:52.745371 1910735 LibParserRustC.cc:1274] load liberty file /data/project_share/process_node/dataset_baseline/lib/ts5n28hpcplvta128x64m2f_130a_ssg0p81v125c.lib
I0115 13:19:52.747315 1910735 LibParserRustC.cc:1283] load liberty file /data/project_share/process_node/dataset_baseline/lib/ts5n28hpcplvta128x64m2f_130a_ssg0p81v125c.lib success.
I0115 13:19:52.747327 1910735 Sta.cc:288] read liberty /data/project_share/process_node/dataset_baseline/lib/ts5n28hpcplvta128x64m2f_130a_ssg0p81v125c.lib end 
I0115 13:19:52.747398 1910735 Sta.cc:278] read liberty /data/project_share/process_node/dataset_baseline/lib/ts5n28hpcplvta128x80m2f_130a_ssg0p81v125c.lib start 
I0115 13:19:52.747408 1910735 LibParserRustC.cc:1274] load liberty file /data/project_share/process_node/dataset_baseline/lib/ts5n28hpcplvta128x80m2f_130a_ssg0p81v125c.lib
I0115 13:19:52.750007 1910735 LibParserRustC.cc:1283] load liberty file /data/project_share/process_node/dataset_baseline/lib/ts5n28hpcplvta128x80m2f_130a_ssg0p81v125c.lib success.
I0115 13:19:52.750017 1910735 Sta.cc:288] read liberty /data/project_share/process_node/dataset_baseline/lib/ts5n28hpcplvta128x80m2f_130a_ssg0p81v125c.lib end 
I0115 13:19:52.750057 1910735 Sta.cc:278] read liberty /data/project_share/process_node/dataset_baseline/lib/ts5n28hpcplvta128x8m2f_130a_ssg0p81v125c.lib start 
I0115 13:19:52.750089 1910735 LibParserRustC.cc:1274] load liberty file /data/project_share/process_node/dataset_baseline/lib/ts5n28hpcplvta128x8m2f_130a_ssg0p81v125c.lib
I0115 13:19:52.752386 1910735 LibParserRustC.cc:1283] load liberty file /data/project_share/process_node/dataset_baseline/lib/ts5n28hpcplvta128x8m2f_130a_ssg0p81v125c.lib success.
I0115 13:19:52.752395 1910735 Sta.cc:288] read liberty /data/project_share/process_node/dataset_baseline/lib/ts5n28hpcplvta128x8m2f_130a_ssg0p81v125c.lib end 
I0115 13:19:52.752406 1910735 Sta.cc:278] read liberty /data/project_share/process_node/dataset_baseline/lib/ts5n28hpcplvta512x64m4f_130a_ssg0p81v125c.lib start 
I0115 13:19:52.752416 1910735 LibParserRustC.cc:1274] load liberty file /data/project_share/process_node/dataset_baseline/lib/ts5n28hpcplvta512x64m4f_130a_ssg0p81v125c.lib
I0115 13:19:52.755055 1910735 LibParserRustC.cc:1283] load liberty file /data/project_share/process_node/dataset_baseline/lib/ts5n28hpcplvta512x64m4f_130a_ssg0p81v125c.lib success.
I0115 13:19:52.755064 1910735 Sta.cc:288] read liberty /data/project_share/process_node/dataset_baseline/lib/ts5n28hpcplvta512x64m4f_130a_ssg0p81v125c.lib end 
I0115 13:19:52.755122 1910735 Sta.cc:278] read liberty /data/project_share/process_node/dataset_baseline/lib/ts5n28hpcplvta512x64m4fw_130a_ssg0p81v125c.lib start 
I0115 13:19:52.755157 1910735 LibParserRustC.cc:1274] load liberty file /data/project_share/process_node/dataset_baseline/lib/ts5n28hpcplvta512x64m4fw_130a_ssg0p81v125c.lib
I0115 13:19:52.757720 1910735 LibParserRustC.cc:1283] load liberty file /data/project_share/process_node/dataset_baseline/lib/ts5n28hpcplvta512x64m4fw_130a_ssg0p81v125c.lib success.
I0115 13:19:52.757730 1910735 Sta.cc:288] read liberty /data/project_share/process_node/dataset_baseline/lib/ts5n28hpcplvta512x64m4fw_130a_ssg0p81v125c.lib end 
I0115 13:19:52.757743 1910735 Sta.cc:278] read liberty /data/project_share/process_node/dataset_baseline/lib/ts5n28hpcplvta64x32m2f_130a_ssg0p81v125c.lib start 
I0115 13:19:52.757755 1910735 LibParserRustC.cc:1274] load liberty file /data/project_share/process_node/dataset_baseline/lib/ts5n28hpcplvta64x32m2f_130a_ssg0p81v125c.lib
I0115 13:19:52.759881 1910735 LibParserRustC.cc:1283] load liberty file /data/project_share/process_node/dataset_baseline/lib/ts5n28hpcplvta64x32m2f_130a_ssg0p81v125c.lib success.
I0115 13:19:52.759889 1910735 Sta.cc:288] read liberty /data/project_share/process_node/dataset_baseline/lib/ts5n28hpcplvta64x32m2f_130a_ssg0p81v125c.lib end 
I0115 13:19:52.759900 1910735 Sta.cc:278] read liberty /data/project_share/process_node/dataset_baseline/lib/ts5n28hpcplvta64x8m2f_130a_ssg0p81v125c.lib start 
I0115 13:19:52.759918 1910735 LibParserRustC.cc:1274] load liberty file /data/project_share/process_node/dataset_baseline/lib/ts5n28hpcplvta64x8m2f_130a_ssg0p81v125c.lib
I0115 13:19:52.762177 1910735 LibParserRustC.cc:1283] load liberty file /data/project_share/process_node/dataset_baseline/lib/ts5n28hpcplvta64x8m2f_130a_ssg0p81v125c.lib success.
I0115 13:19:52.762187 1910735 Sta.cc:288] read liberty /data/project_share/process_node/dataset_baseline/lib/ts5n28hpcplvta64x8m2f_130a_ssg0p81v125c.lib end 
I0115 13:19:52.762198 1910735 Sta.cc:278] read liberty /data/project_share/process_node/dataset_baseline/lib/ts5n28hpcplvta32x32m2f_130a_ssg0p81v125c.lib start 
I0115 13:19:52.762238 1910735 LibParserRustC.cc:1274] load liberty file /data/project_share/process_node/dataset_baseline/lib/ts5n28hpcplvta32x32m2f_130a_ssg0p81v125c.lib
I0115 13:19:52.764305 1910735 LibParserRustC.cc:1283] load liberty file /data/project_share/process_node/dataset_baseline/lib/ts5n28hpcplvta32x32m2f_130a_ssg0p81v125c.lib success.
I0115 13:19:52.764314 1910735 Sta.cc:288] read liberty /data/project_share/process_node/dataset_baseline/lib/ts5n28hpcplvta32x32m2f_130a_ssg0p81v125c.lib end 
I0115 13:19:52.764329 1910735 Sta.cc:278] read liberty /data/project_share/process_node/dataset_baseline/lib/ts5n28hpcplvta32x128m2f_130a_ssg0p81v125c.lib start 
I0115 13:19:52.764361 1910735 LibParserRustC.cc:1274] load liberty file /data/project_share/process_node/dataset_baseline/lib/ts5n28hpcplvta32x128m2f_130a_ssg0p81v125c.lib
I0115 13:19:52.766325 1910735 LibParserRustC.cc:1283] load liberty file /data/project_share/process_node/dataset_baseline/lib/ts5n28hpcplvta32x128m2f_130a_ssg0p81v125c.lib success.
I0115 13:19:52.766338 1910735 Sta.cc:288] read liberty /data/project_share/process_node/dataset_baseline/lib/ts5n28hpcplvta32x128m2f_130a_ssg0p81v125c.lib end 
I0115 13:19:52.766379 1910735 Sta.cc:278] read liberty /data/project_share/process_node/dataset_baseline/lib/ts5n28hpcplvta64x80m2f_130a_ssg0p81v125c.lib start 
I0115 13:19:52.766389 1910735 LibParserRustC.cc:1274] load liberty file /data/project_share/process_node/dataset_baseline/lib/ts5n28hpcplvta64x80m2f_130a_ssg0p81v125c.lib
I0115 13:19:52.768438 1910735 LibParserRustC.cc:1283] load liberty file /data/project_share/process_node/dataset_baseline/lib/ts5n28hpcplvta64x80m2f_130a_ssg0p81v125c.lib success.
I0115 13:19:52.768447 1910735 Sta.cc:288] read liberty /data/project_share/process_node/dataset_baseline/lib/ts5n28hpcplvta64x80m2f_130a_ssg0p81v125c.lib end 
I0115 13:19:52.768458 1910735 Sta.cc:278] read liberty /data/project_share/process_node/dataset_baseline/lib/ts5n28hpcplvta256x16m2f_130a_ssg0p81v125c.lib start 
I0115 13:19:52.768499 1910735 LibParserRustC.cc:1274] load liberty file /data/project_share/process_node/dataset_baseline/lib/ts5n28hpcplvta256x16m2f_130a_ssg0p81v125c.lib
I0115 13:19:52.770808 1910735 LibParserRustC.cc:1283] load liberty file /data/project_share/process_node/dataset_baseline/lib/ts5n28hpcplvta256x16m2f_130a_ssg0p81v125c.lib success.
I0115 13:19:52.770817 1910735 Sta.cc:288] read liberty /data/project_share/process_node/dataset_baseline/lib/ts5n28hpcplvta256x16m2f_130a_ssg0p81v125c.lib end 
I0115 13:19:52.770828 1910735 Sta.cc:278] read liberty /data/project_share/process_node/dataset_baseline/lib/ts6n28hpcplvta512x2m8f_130a_ssg0p81v125c.lib start 
I0115 13:19:52.770862 1910735 LibParserRustC.cc:1274] load liberty file /data/project_share/process_node/dataset_baseline/lib/ts6n28hpcplvta512x2m8f_130a_ssg0p81v125c.lib
I0115 13:19:52.773378 1910735 LibParserRustC.cc:1283] load liberty file /data/project_share/process_node/dataset_baseline/lib/ts6n28hpcplvta512x2m8f_130a_ssg0p81v125c.lib success.
I0115 13:19:52.773389 1910735 Sta.cc:288] read liberty /data/project_share/process_node/dataset_baseline/lib/ts6n28hpcplvta512x2m8f_130a_ssg0p81v125c.lib end 
I0115 13:19:52.773403 1910735 Sta.cc:278] read liberty /data/project_share/process_node/dataset_baseline/lib/ts5n28hpcplvta8x144m2f_130a_ssg0p81v125c.lib start 
I0115 13:19:52.773438 1910735 LibParserRustC.cc:1274] load liberty file /data/project_share/process_node/dataset_baseline/lib/ts5n28hpcplvta8x144m2f_130a_ssg0p81v125c.lib
I0115 13:19:52.775507 1910735 LibParserRustC.cc:1283] load liberty file /data/project_share/process_node/dataset_baseline/lib/ts5n28hpcplvta8x144m2f_130a_ssg0p81v125c.lib success.
I0115 13:19:52.775516 1910735 Sta.cc:288] read liberty /data/project_share/process_node/dataset_baseline/lib/ts5n28hpcplvta8x144m2f_130a_ssg0p81v125c.lib end 
I0115 13:19:52.775557 1910735 Sta.cc:278] read liberty /data/project_share/process_node/dataset_baseline/lib/ts6n28hpcplvta16x128m2f_130a_ssg0p81v125c.lib start 
I0115 13:19:52.775590 1910735 LibParserRustC.cc:1274] load liberty file /data/project_share/process_node/dataset_baseline/lib/ts6n28hpcplvta16x128m2f_130a_ssg0p81v125c.lib
I0115 13:19:52.778077 1910735 LibParserRustC.cc:1283] load liberty file /data/project_share/process_node/dataset_baseline/lib/ts6n28hpcplvta16x128m2f_130a_ssg0p81v125c.lib success.
I0115 13:19:52.778088 1910735 Sta.cc:288] read liberty /data/project_share/process_node/dataset_baseline/lib/ts6n28hpcplvta16x128m2f_130a_ssg0p81v125c.lib end 
I0115 13:19:52.778131 1910735 Sta.cc:278] read liberty /data/project_share/process_node/dataset_baseline/lib/ts5n28hpcplvta8x128m2f_130a_ssg0p81v125c.lib start 
I0115 13:19:52.778164 1910735 LibParserRustC.cc:1274] load liberty file /data/project_share/process_node/dataset_baseline/lib/ts5n28hpcplvta8x128m2f_130a_ssg0p81v125c.lib
I0115 13:19:52.781424 1910735 LibParserRustC.cc:1283] load liberty file /data/project_share/process_node/dataset_baseline/lib/ts5n28hpcplvta8x128m2f_130a_ssg0p81v125c.lib success.
I0115 13:19:52.781433 1910735 Sta.cc:288] read liberty /data/project_share/process_node/dataset_baseline/lib/ts5n28hpcplvta8x128m2f_130a_ssg0p81v125c.lib end 
I0115 13:19:52.781445 1910735 Sta.cc:278] read liberty /data/project_share/process_node/dataset_baseline/lib/ts5n28hpcplvta64x64m2f_130a_ssg0p81v125c.lib start 
I0115 13:19:52.781479 1910735 LibParserRustC.cc:1274] load liberty file /data/project_share/process_node/dataset_baseline/lib/ts5n28hpcplvta64x64m2f_130a_ssg0p81v125c.lib
I0115 13:19:52.783587 1910735 LibParserRustC.cc:1283] load liberty file /data/project_share/process_node/dataset_baseline/lib/ts5n28hpcplvta64x64m2f_130a_ssg0p81v125c.lib success.
I0115 13:19:52.783597 1910735 Sta.cc:288] read liberty /data/project_share/process_node/dataset_baseline/lib/ts5n28hpcplvta64x64m2f_130a_ssg0p81v125c.lib end 
I0115 13:19:52.783643 1910735 Sta.cc:278] read liberty /data/project_share/process_node/dataset_baseline/lib/ts5n28hpcplvta1024x32m8fw_130a_ssg0p81v125c.lib start 
I0115 13:19:52.783676 1910735 LibParserRustC.cc:1274] load liberty file /data/project_share/process_node/dataset_baseline/lib/ts5n28hpcplvta1024x32m8fw_130a_ssg0p81v125c.lib
I0115 13:19:52.785941 1910735 LibParserRustC.cc:1283] load liberty file /data/project_share/process_node/dataset_baseline/lib/ts5n28hpcplvta1024x32m8fw_130a_ssg0p81v125c.lib success.
I0115 13:19:52.785951 1910735 Sta.cc:288] read liberty /data/project_share/process_node/dataset_baseline/lib/ts5n28hpcplvta1024x32m8fw_130a_ssg0p81v125c.lib end 
I0115 13:19:52.785993 1910735 Sta.cc:278] read liberty /data/project_share/process_node/dataset_baseline/lib/ts5n28hpcplvta256x144m2fw_130a_ssg0p81v125c.lib start 
I0115 13:19:52.786003 1910735 LibParserRustC.cc:1274] load liberty file /data/project_share/process_node/dataset_baseline/lib/ts5n28hpcplvta256x144m2fw_130a_ssg0p81v125c.lib
I0115 13:19:52.788321 1910735 LibParserRustC.cc:1283] load liberty file /data/project_share/process_node/dataset_baseline/lib/ts5n28hpcplvta256x144m2fw_130a_ssg0p81v125c.lib success.
I0115 13:19:52.788331 1910735 Sta.cc:288] read liberty /data/project_share/process_node/dataset_baseline/lib/ts5n28hpcplvta256x144m2fw_130a_ssg0p81v125c.lib end 
I0115 13:19:52.788344 1910735 Sta.cc:278] read liberty /data/project_share/process_node/dataset_baseline/lib/ts5n28hpcplvta128x144m2fw_130a_ssg0p81v125c.lib start 
I0115 13:19:52.788379 1910735 LibParserRustC.cc:1274] load liberty file /data/project_share/process_node/dataset_baseline/lib/ts5n28hpcplvta128x144m2fw_130a_ssg0p81v125c.lib
I0115 13:19:52.790993 1910735 LibParserRustC.cc:1283] load liberty file /data/project_share/process_node/dataset_baseline/lib/ts5n28hpcplvta128x144m2fw_130a_ssg0p81v125c.lib success.
I0115 13:19:52.791002 1910735 Sta.cc:288] read liberty /data/project_share/process_node/dataset_baseline/lib/ts5n28hpcplvta128x144m2fw_130a_ssg0p81v125c.lib end 
I0115 13:19:52.791059 1910735 Sta.cc:278] read liberty /data/project_share/process_node/dataset_baseline/lib/tphn28hpcpgv18ssg0p81v1p62v125c.lib start 
I0115 13:19:52.791097 1910735 LibParserRustC.cc:1274] load liberty file /data/project_share/process_node/dataset_baseline/lib/tphn28hpcpgv18ssg0p81v1p62v125c.lib
I0115 13:19:52.938861 1910735 LibParserRustC.cc:1283] load liberty file /data/project_share/process_node/dataset_baseline/lib/tphn28hpcpgv18ssg0p81v1p62v125c.lib success.
I0115 13:19:52.938917 1910735 Sta.cc:288] read liberty /data/project_share/process_node/dataset_baseline/lib/tphn28hpcpgv18ssg0p81v1p62v125c.lib end 
I0115 13:19:52.938963 1910735 Sta.cc:278] read liberty /data/project_share/process_node/dataset_baseline/lib/PLLTS28HPMLAINT_SS_0P81_125C.lib start 
I0115 13:19:52.938995 1910735 LibParserRustC.cc:1274] load liberty file /data/project_share/process_node/dataset_baseline/lib/PLLTS28HPMLAINT_SS_0P81_125C.lib
I0115 13:19:52.948040 1910735 LibParserRustC.cc:1283] load liberty file /data/project_share/process_node/dataset_baseline/lib/PLLTS28HPMLAINT_SS_0P81_125C.lib success.
I0115 13:19:52.948087 1910735 Sta.cc:288] read liberty /data/project_share/process_node/dataset_baseline/lib/PLLTS28HPMLAINT_SS_0P81_125C.lib end 
I0115 13:19:53.159461 1910750 LibParserRustC.cc:1283] load liberty file /data/project_share/process_node/dataset_baseline/lib/tcbn28hpcplusbwp35p140oppulvtssg0p81v125c_ccs.lib success.
I0115 13:19:53.159518 1910750 Sta.cc:288] read liberty /data/project_share/process_node/dataset_baseline/lib/tcbn28hpcplusbwp35p140oppulvtssg0p81v125c_ccs.lib end 
I0115 13:19:53.326838 1910756 LibParserRustC.cc:1283] load liberty file /data/project_share/process_node/dataset_baseline/lib/tcbn28hpcplusbwp40p140oppssg0p81v125c_ccs.lib success.
I0115 13:19:53.326902 1910756 Sta.cc:288] read liberty /data/project_share/process_node/dataset_baseline/lib/tcbn28hpcplusbwp40p140oppssg0p81v125c_ccs.lib end 
I0115 13:19:53.527603 1910748 LibParserRustC.cc:1283] load liberty file /data/project_share/process_node/dataset_baseline/lib/tcbn28hpcplusbwp35p140oppssg0p81v125c_ccs.lib success.
I0115 13:19:53.527680 1910748 Sta.cc:288] read liberty /data/project_share/process_node/dataset_baseline/lib/tcbn28hpcplusbwp35p140oppssg0p81v125c_ccs.lib end 
I0115 13:19:53.551169 1910737 LibParserRustC.cc:1283] load liberty file /data/project_share/process_node/dataset_baseline/lib/tcbn28hpcplusbwp30p140opplvtssg0p81v125c_ccs.lib success.
I0115 13:19:53.551275 1910737 Sta.cc:288] read liberty /data/project_share/process_node/dataset_baseline/lib/tcbn28hpcplusbwp30p140opplvtssg0p81v125c_ccs.lib end 
I0115 13:19:53.908843 1910760 LibParserRustC.cc:1283] load liberty file /data/project_share/process_node/dataset_baseline/lib/tcbn28hpcplusbwp40p140opphvtssg0p81v125c_ccs.lib success.
I0115 13:19:53.908905 1910760 Sta.cc:288] read liberty /data/project_share/process_node/dataset_baseline/lib/tcbn28hpcplusbwp40p140opphvtssg0p81v125c_ccs.lib end 
I0115 13:19:54.079955 1910754 LibParserRustC.cc:1283] load liberty file /data/project_share/process_node/dataset_baseline/lib/tcbn28hpcplusbwp35p140opphvtssg0p81v125c_ccs.lib success.
I0115 13:19:54.080030 1910754 Sta.cc:288] read liberty /data/project_share/process_node/dataset_baseline/lib/tcbn28hpcplusbwp35p140opphvtssg0p81v125c_ccs.lib end 
I0115 13:19:54.098402 1910744 LibParserRustC.cc:1283] load liberty file /data/project_share/process_node/dataset_baseline/lib/tcbn28hpcplusbwp30p140oppuhvtssg0p81v125c_ccs.lib success.
I0115 13:19:54.098471 1910744 Sta.cc:288] read liberty /data/project_share/process_node/dataset_baseline/lib/tcbn28hpcplusbwp30p140oppuhvtssg0p81v125c_ccs.lib end 
I0115 13:19:54.145675 1910755 LibParserRustC.cc:1283] load liberty file /data/project_share/process_node/dataset_baseline/lib/tcbn28hpcplusbwp35p140oppuhvtssg0p81v125c_ccs.lib success.
I0115 13:19:54.145735 1910755 Sta.cc:288] read liberty /data/project_share/process_node/dataset_baseline/lib/tcbn28hpcplusbwp35p140oppuhvtssg0p81v125c_ccs.lib end 
I0115 13:19:54.172647 1910741 LibParserRustC.cc:1283] load liberty file /data/project_share/process_node/dataset_baseline/lib/tcbn28hpcplusbwp40p140opplvtssg0p81v125c_ccs.lib success.
I0115 13:19:54.172712 1910741 Sta.cc:288] read liberty /data/project_share/process_node/dataset_baseline/lib/tcbn28hpcplusbwp40p140opplvtssg0p81v125c_ccs.lib end 
I0115 13:19:54.263661 1910742 LibParserRustC.cc:1283] load liberty file /data/project_share/process_node/dataset_baseline/lib/tcbn28hpcplusbwp30p140opphvtssg0p81v125c_ccs.lib success.
I0115 13:19:54.263728 1910742 Sta.cc:288] read liberty /data/project_share/process_node/dataset_baseline/lib/tcbn28hpcplusbwp30p140opphvtssg0p81v125c_ccs.lib end 
I0115 13:19:56.507740 1910736 LibParserRustC.cc:1283] load liberty file /data/project_share/process_node/dataset_baseline/lib/tcbn28hpcplusbwp30p140mblvtssg0p81v125c_ccs.lib success.
I0115 13:19:56.507938 1910736 Sta.cc:288] read liberty /data/project_share/process_node/dataset_baseline/lib/tcbn28hpcplusbwp30p140mblvtssg0p81v125c_ccs.lib end 
I0115 13:19:57.386384 1910759 LibParserRustC.cc:1283] load liberty file /data/project_share/process_node/dataset_baseline/lib/tcbn28hpcplusbwp40p140mbssg0p81v125c_ccs.lib success.
I0115 13:19:57.386497 1910759 Sta.cc:288] read liberty /data/project_share/process_node/dataset_baseline/lib/tcbn28hpcplusbwp40p140mbssg0p81v125c_ccs.lib end 
I0115 13:19:57.554088 1910747 LibParserRustC.cc:1283] load liberty file /data/project_share/process_node/dataset_baseline/lib/tcbn28hpcplusbwp35p140mblvtssg0p81v125c_ccs.lib success.
I0115 13:19:57.554219 1910747 Sta.cc:288] read liberty /data/project_share/process_node/dataset_baseline/lib/tcbn28hpcplusbwp35p140mblvtssg0p81v125c_ccs.lib end 
I0115 13:19:57.589603 1910757 LibParserRustC.cc:1283] load liberty file /data/project_share/process_node/dataset_baseline/lib/tcbn28hpcplusbwp40p140mbhvtssg0p81v125c_ccs.lib success.
I0115 13:19:57.589731 1910757 Sta.cc:288] read liberty /data/project_share/process_node/dataset_baseline/lib/tcbn28hpcplusbwp40p140mbhvtssg0p81v125c_ccs.lib end 
I0115 13:19:57.747745 1910734 LibParserRustC.cc:1283] load liberty file /data/project_share/process_node/dataset_baseline/lib/tcbn28hpcplusbwp30p140mbssg0p81v125c_ccs.lib success.
I0115 13:19:57.747846 1910734 Sta.cc:288] read liberty /data/project_share/process_node/dataset_baseline/lib/tcbn28hpcplusbwp30p140mbssg0p81v125c_ccs.lib end 
I0115 13:19:57.892493 1910751 LibParserRustC.cc:1283] load liberty file /data/project_share/process_node/dataset_baseline/lib/tcbn28hpcplusbwp35p140mbssg0p81v125c_ccs.lib success.
I0115 13:19:57.892582 1910751 Sta.cc:288] read liberty /data/project_share/process_node/dataset_baseline/lib/tcbn28hpcplusbwp35p140mbssg0p81v125c_ccs.lib end 
I0115 13:19:59.906441 1910749 LibParserRustC.cc:1283] load liberty file /data/project_share/process_node/dataset_baseline/lib/tcbn28hpcplusbwp35p140mbhvtssg0p81v125c_ccs.lib success.
I0115 13:19:59.906507 1910749 Sta.cc:288] read liberty /data/project_share/process_node/dataset_baseline/lib/tcbn28hpcplusbwp35p140mbhvtssg0p81v125c_ccs.lib end 
I0115 13:23:17.857421 1910746 LibParserRustC.cc:1283] load liberty file /data/project_share/process_node/dataset_baseline/lib/tcbn28hpcplusbwp35p140hvtssg0p81v125c_ccs.lib success.
I0115 13:23:17.857810 1910746 Sta.cc:288] read liberty /data/project_share/process_node/dataset_baseline/lib/tcbn28hpcplusbwp35p140hvtssg0p81v125c_ccs.lib end 
I0115 13:23:22.453426 1910733 LibParserRustC.cc:1283] load liberty file /data/project_share/process_node/dataset_baseline/lib/tcbn28hpcplusbwp30p140ssg0p81v125c_ccs.lib success.
I0115 13:23:22.453500 1910733 Sta.cc:288] read liberty /data/project_share/process_node/dataset_baseline/lib/tcbn28hpcplusbwp30p140ssg0p81v125c_ccs.lib end 
I0115 13:23:22.527405 1910764 LibParserRustC.cc:1283] load liberty file /data/project_share/process_node/dataset_baseline/lib/tcbn28hpcplusbwp30p140uhvtssg0p81v125c_ccs.lib success.
I0115 13:23:22.527475 1910764 Sta.cc:288] read liberty /data/project_share/process_node/dataset_baseline/lib/tcbn28hpcplusbwp30p140uhvtssg0p81v125c_ccs.lib end 
I0115 13:23:25.000648 1910738 LibParserRustC.cc:1283] load liberty file /data/project_share/process_node/dataset_baseline/lib/tcbn28hpcplusbwp30p140hvtssg0p81v125c_ccs.lib success.
I0115 13:23:25.000865 1910738 Sta.cc:288] read liberty /data/project_share/process_node/dataset_baseline/lib/tcbn28hpcplusbwp30p140hvtssg0p81v125c_ccs.lib end 
I0115 13:23:25.294096 1910753 LibParserRustC.cc:1283] load liberty file /data/project_share/process_node/dataset_baseline/lib/tcbn28hpcplusbwp40p140hvtssg0p81v125c_ccs.lib success.
I0115 13:23:25.294288 1910753 Sta.cc:288] read liberty /data/project_share/process_node/dataset_baseline/lib/tcbn28hpcplusbwp40p140hvtssg0p81v125c_ccs.lib end 
I0115 13:23:35.068091 1910740 LibParserRustC.cc:1283] load liberty file /data/project_share/process_node/dataset_baseline/lib/tcbn28hpcplusbwp40p140uhvtssg0p81v125c_ccs.lib success.
I0115 13:23:35.068157 1910740 Sta.cc:288] read liberty /data/project_share/process_node/dataset_baseline/lib/tcbn28hpcplusbwp40p140uhvtssg0p81v125c_ccs.lib end 
I0115 13:23:36.559176 1910752 LibParserRustC.cc:1283] load liberty file /data/project_share/process_node/dataset_baseline/lib/tcbn28hpcplusbwp40p140ssg0p81v125c_ccs.lib success.
I0115 13:23:36.559324 1910752 Sta.cc:288] read liberty /data/project_share/process_node/dataset_baseline/lib/tcbn28hpcplusbwp40p140ssg0p81v125c_ccs.lib end 
I0115 13:23:36.814952 1910761 LibParserRustC.cc:1283] load liberty file /data/project_share/process_node/dataset_baseline/lib/tcbn28hpcplusbwp35p140ulvtssg0p81v125c_ccs.lib success.
I0115 13:23:36.815053 1910761 Sta.cc:288] read liberty /data/project_share/process_node/dataset_baseline/lib/tcbn28hpcplusbwp35p140ulvtssg0p81v125c_ccs.lib end 
I0115 13:23:38.898808 1910745 LibParserRustC.cc:1283] load liberty file /data/project_share/process_node/dataset_baseline/lib/tcbn28hpcplusbwp35p140lvtssg0p81v125c_ccs.lib success.
I0115 13:23:38.898878 1910745 Sta.cc:288] read liberty /data/project_share/process_node/dataset_baseline/lib/tcbn28hpcplusbwp35p140lvtssg0p81v125c_ccs.lib end 
I0115 13:23:39.478127 1910743 LibParserRustC.cc:1283] load liberty file /data/project_share/process_node/dataset_baseline/lib/tcbn28hpcplusbwp35p140ssg0p81v125c_ccs.lib success.
I0115 13:23:39.478193 1910743 Sta.cc:288] read liberty /data/project_share/process_node/dataset_baseline/lib/tcbn28hpcplusbwp35p140ssg0p81v125c_ccs.lib end 
I0115 13:23:40.107750 1910762 LibParserRustC.cc:1283] load liberty file /data/project_share/process_node/dataset_baseline/lib/tcbn28hpcplusbwp40p140lvtssg0p81v125c_ccs.lib success.
I0115 13:23:40.107820 1910762 Sta.cc:288] read liberty /data/project_share/process_node/dataset_baseline/lib/tcbn28hpcplusbwp40p140lvtssg0p81v125c_ccs.lib end 
I0115 13:23:40.403810 1910758 LibParserRustC.cc:1283] load liberty file /data/project_share/process_node/dataset_baseline/lib/tcbn28hpcplusbwp35p140uhvtssg0p81v125c_ccs.lib success.
I0115 13:23:40.403879 1910758 Sta.cc:288] read liberty /data/project_share/process_node/dataset_baseline/lib/tcbn28hpcplusbwp35p140uhvtssg0p81v125c_ccs.lib end 
I0115 13:23:43.652606 1910763 LibParserRustC.cc:1283] load liberty file /data/project_share/process_node/dataset_baseline/lib/tcbn28hpcplusbwp30p140ulvtssg0p81v125c_ccs.lib success.
I0115 13:23:43.652700 1910763 Sta.cc:288] read liberty /data/project_share/process_node/dataset_baseline/lib/tcbn28hpcplusbwp30p140ulvtssg0p81v125c_ccs.lib end 
I0115 13:23:48.905669 1910739 LibParserRustC.cc:1283] load liberty file /data/project_share/process_node/dataset_baseline/lib/tcbn28hpcplusbwp30p140lvtssg0p81v125c_ccs.lib success.
I0115 13:23:48.906175 1910739 Sta.cc:288] read liberty /data/project_share/process_node/dataset_baseline/lib/tcbn28hpcplusbwp30p140lvtssg0p81v125c_ccs.lib end 
I0115 13:23:48.908149 1910452 Sta.cc:319] load lib end
I0115 13:23:48.914096 1977014 LibParserRustC.cc:1293] link liberty file /data/project_share/process_node/dataset_baseline/lib/tcbn28hpcplusbwp35p140opplvtssg0p81v125c_ccs.lib start.
I0115 13:23:48.914104 1976984 LibParserRustC.cc:1293] link liberty file /data/project_share/process_node/dataset_baseline/lib/tcbn28hpcplusbwp30p140oppulvtssg0p81v125c_ccs.lib start.
I0115 13:23:48.914709 1976986 LibParserRustC.cc:1293] link liberty file /data/project_share/process_node/dataset_baseline/lib/tcbn28hpcplusbwp30p140oppssg0p81v125c_ccs.lib start.
I0115 13:23:48.914984 1977001 LibParserRustC.cc:1293] link liberty file /data/project_share/process_node/dataset_baseline/lib/ts5n28hpcplvta128x32m2f_130a_ssg0p81v125c.lib start.
I0115 13:23:48.914234 1976985 LibParserRustC.cc:1293] link liberty file /data/project_share/process_node/dataset_baseline/lib/tcbn28hpcplusbwp40p140oppuhvtssg0p81v125c_ccs.lib start.
I0115 13:23:48.915947 1977000 LibParserRustC.cc:1293] link liberty file /data/project_share/process_node/dataset_baseline/lib/ts5n28hpcplvta128x8m2f_130a_ssg0p81v125c.lib start.
I0115 13:23:48.916218 1976996 LibParserRustC.cc:1293] link liberty file /data/project_share/process_node/dataset_baseline/lib/ts5n28hpcplvta256x32m4fw_130a_ssg0p81v125c.lib start.
I0115 13:23:48.917219 1976992 LibParserRustC.cc:1293] link liberty file /data/project_share/process_node/dataset_baseline/lib/ts5n28hpcplvta512x64m4f_130a_ssg0p81v125c.lib start.
I0115 13:23:48.917477 1976991 LibParserRustC.cc:1293] link liberty file /data/project_share/process_node/dataset_baseline/lib/ts5n28hpcplvta512x64m4fw_130a_ssg0p81v125c.lib start.
I0115 13:23:48.915205 1976989 LibParserRustC.cc:1293] link liberty file /data/project_share/process_node/dataset_baseline/lib/ts5n28hpcplvta64x128m2fw_130a_ssg0p81v125c.lib start.
I0115 13:23:48.915233 1976999 LibParserRustC.cc:1293] link liberty file /data/project_share/process_node/dataset_baseline/lib/ts5n28hpcplvta128x80m2f_130a_ssg0p81v125c.lib start.
I0115 13:23:48.914719 1976987 LibParserRustC.cc:1293] link liberty file /data/project_share/process_node/dataset_baseline/lib/ts5n28hpcplvta64x128m2f_130a_ssg0p81v125c.lib start.
I0115 13:23:48.919478 1977002 LibParserRustC.cc:1293] link liberty file /data/project_share/process_node/dataset_baseline/lib/ts5n28hpcplvta64x32m2f_130a_ssg0p81v125c.lib start.
I0115 13:23:48.919629 1977001 LibParserRustC.cc:660] unkown attri name: technology in /data/project_share/process_node/dataset_baseline/lib/ts5n28hpcplvta128x32m2f_130a_ssg0p81v125c.lib line no 26
I0115 13:23:48.920017 1977001 LibParserRustC.cc:660] unkown attri name: library_features in /data/project_share/process_node/dataset_baseline/lib/ts5n28hpcplvta128x32m2f_130a_ssg0p81v125c.lib line no 52
I0115 13:23:48.920326 1976993 LibParserRustC.cc:1293] link liberty file /data/project_share/process_node/dataset_baseline/lib/ts5n28hpcplvta32x32m2f_130a_ssg0p81v125c.lib start.
I0115 13:23:48.919427 1976990 LibParserRustC.cc:1293] link liberty file /data/project_share/process_node/dataset_baseline/lib/ts5n28hpcplvta128x64m2f_130a_ssg0p81v125c.lib start.
