I0313 15:42:21.850823 486253 lm_feature_timing.cpp:80] node dpath/a_reg/n7:386649 resistance 0 cap 0.000686926 slew 0.015873 delay 0 power 4.38083e-05
I0313 15:42:21.847826 486305 lm_feature_timing.cpp:80] node dpath/b_reg/out_reg_12_:D resistance 43.228 cap 0.000564376 slew 0.020042 delay 0.0425672 power 7.70951e-05
I0313 15:42:21.850848 486262 lm_feature_timing.cpp:80] node dpath/a_reg_out[10]:484622 resistance 23.968 cap 0.000607275 slew 0.0393864 delay 0.121154 power 0
I0313 15:42:21.850852 486253 lm_feature_timing.cpp:137] net dpath/a_reg/n7 resistance 11.984 cap 0.000686926 slew 0.000436702 delay 0.0037489 power 3.54848e-08
I0313 15:42:21.845598 486391 lm_feature_timing.cpp:80] node dpath/b_mux_out[13]:816337 resistance 2.996 cap 0.000926592 slew 0.017469 delay 0.00287343 power 0.000128237
I0313 15:42:21.847904 486251 lm_feature_timing.cpp:80] node dpath/b_reg/n7:762063 resistance 21.828 cap 0.000564376 slew 0.017663 delay 0.0170438 power 7.27977e-05
I0313 15:42:21.847918 486316 lm_feature_timing.cpp:80] node dpath/b_mux/U8:B1 resistance 51.788 cap 0.000659839 slew 0.0449412 delay 0.173325 power 4.35979e-05
I0313 15:42:21.847934 486264 lm_feature_timing.cpp:80] node dpath/a_mux/n1:801183 resistance 1.712 cap 0.000818555 slew 0.035457 delay 0.00140137 power 4.63023e-05
I0313 15:42:21.845657 486341 lm_feature_timing.cpp:80] node dpath/a_mux/n4:789645 resistance 9.416 cap 0.000725955 slew 0.036398 delay 0.00774134 power 4.10643e-05
I0313 15:42:21.847942 486282 lm_feature_timing.cpp:80] node dpath/a_reg/n11:829969 resistance 7.276 cap 0.000719815 slew 0.01698 delay 0.00577294 power 5.25226e-05
I0313 15:42:21.850972 486316 lm_feature_timing.cpp:80] node dpath/a_reg_out[6]:755319 resistance 51.788 cap 0.000688225 slew 0.0449412 delay 0.173325 power 4.54735e-05
I0313 15:42:21.847970 486361 lm_feature_timing.cpp:80] node ctrl/n1:783621 resistance 26.108 cap 0.000666161 slew 0.029815 delay 0.0236457 power 1.07918e-05
I0313 15:42:21.850996 486264 lm_feature_timing.cpp:80] node dpath/a_mux/n1:799507 resistance 0 cap 0.000838719 slew 0.035457 delay 0 power 4.74429e-05
I0313 15:42:21.847990 486374 lm_feature_timing.cpp:80] node dpath/a_lt_b/n25:486293 resistance 6.848 cap 0.000656458 slew 0.029156 delay 0.00449543 power 1.69865e-05
I0313 15:42:21.851030 486316 lm_feature_timing.cpp:80] node dpath/a_reg_out[6]:752805 resistance 49.22 cap 0.000716612 slew 0.0449412 delay 0.171558 power 4.73491e-05
I0313 15:42:21.851044 486374 lm_feature_timing.cpp:137] net dpath/a_lt_b/n25 resistance 13.696 cap 0.000725955 slew 0.000344529 delay 0.00449543 power 1.52157e-08
I0313 15:42:21.840577 486396 lm_feature_timing.cpp:80] node dpath/a_mux/U19:ZN resistance 0 cap 0.00100904 slew 0.037386 delay 0 power 5.70771e-05
I0313 15:42:21.851065 486361 lm_feature_timing.cpp:80] node ctrl/n1:781107 resistance 23.54 cap 0.000694547 slew 0.029815 delay 0.021935 power 1.12517e-05
I0313 15:42:21.848055 486284 lm_feature_timing.cpp:80] node dpath/a_lt_b/n10:1098071 resistance 8.56 cap 0.000834142 slew 0.022374 delay 0.0143467 power 6.75655e-06
I0313 15:42:21.848053 486325 lm_feature_timing.cpp:80] node dpath/a_mux_out[13]:808791 resistance 3.424 cap 0.000910148 slew 0.016793 delay 0.00324169 power 0.000153056
I0313 15:42:21.848069 486402 lm_feature_timing.cpp:125] build net dpath/b_reg/n8 feature 
I0313 15:42:21.840610 486289 lm_feature_timing.cpp:80] node dpath/a_mux_out[4]:727697 resistance 38.52 cap 0.000712816 slew 0.019269 delay 0.0420507 power 6.98085e-05
I0313 15:42:21.851135 486396 lm_feature_timing.cpp:80] node dpath/a_mux/n9:432652 resistance 1.284 cap 0.000992984 slew 0.037386 delay 0.00127499 power 5.6169e-05
I0313 15:42:21.836958 486394 lm_feature_timing.cpp:80] node dpath/a_reg/out_reg_10_:CN resistance 47.08 cap 0.000562576 slew 0.020481 delay 0.048563 power 4.55687e-06
I0313 15:42:21.851164 486325 lm_feature_timing.cpp:80] node dpath/a_mux_out[13]:456823 resistance 0 cap 0.000983365 slew 0.016793 delay 0 power 0.000165368
I0313 15:42:21.848155 486310 lm_feature_timing.cpp:80] node dpath/b_mux_out[6]:417596 resistance 14.552 cap 0.000582435 slew 0.016905 delay 0.0105581 power 7.17207e-05
I0313 15:42:21.851192 486396 lm_feature_timing.cpp:80] node dpath/a_mux/n9:432652 resistance 1.284 cap 0.000992984 slew 0.037386 delay 0.00127499 power 5.6169e-05
I0313 15:42:21.848168 486397 lm_feature_timing.cpp:80] node dpath/b_reg/n10:462060 resistance 11.984 cap 0.000739979 slew 0.017358 delay 0.0100218 power 9.67238e-05
I0313 15:42:21.845892 486280 lm_feature_timing.cpp:80] node ctrl/n3:437551 resistance 3.424 cap 0.000619817 slew 0.015546 delay 0.0022476 power 1.48254e-05
I0313 15:42:21.848178 486279 lm_feature_timing.cpp:80] node ctrl/state_out[1]:437512 resistance 15.408 cap 0.000603764 slew 0.029421 delay 0.0186562 power 5.51254e-05
I0313 15:42:21.851244 486310 lm_feature_timing.cpp:80] node dpath/b_mux_out[6]:417595 resistance 14.124 cap 0.000590266 slew 0.016905 delay 0.0103088 power 7.2685e-05
I0313 15:42:21.851256 486397 lm_feature_timing.cpp:80] node dpath/b_reg/n10:464574 resistance 9.416 cap 0.000862529 slew 0.017358 delay 0.00812157 power 0.000112743
I0313 15:42:21.848217 486292 lm_feature_timing.cpp:80] node dpath/a_reg/n13:852501 resistance 35.096 cap 0.000781872 slew 0.019329 delay 0.0319474 power 7.17125e-05
I0313 15:42:21.851315 486397 lm_feature_timing.cpp:80] node dpath/b_reg/U10:Z resistance 0 cap 0.000956692 slew 0.017358 delay 0 power 0.000125051
I0313 15:42:21.851323 486402 lm_feature_timing.cpp:80] node dpath/b_reg/n8:416781 resistance 2.568 cap 0.0010442 slew 0.018037 delay 0.0026815 power 0.000135289
I0313 15:42:21.848268 486323 lm_feature_timing.cpp:80] node dpath/b_mux_out[1]:409051 resistance 15.836 cap 0.000586546 slew 0.017 delay 0.0116818 power 6.87706e-05
I0313 15:42:21.846030 486343 lm_feature_timing.cpp:80] node dpath/a_mux/n6:380631 resistance 4.28 cap 0.000631792 slew 0.033624 delay 0.00270407 power 3.57379e-05
I0313 15:42:21.851364 486292 lm_feature_timing.cpp:80] node dpath/a_reg/n13:830713 resistance 12.84 cap 0.000999367 slew 0.019329 delay 0.014546 power 9.1661e-05
I0313 15:42:21.846057 486384 lm_feature_timing.cpp:80] node dpath/b_mux_out[3]:766985 resistance 11.556 cap 0.000758429 slew 0.016915 delay 0.0088151 power 9.07698e-05
I0313 15:42:21.848340 486260 lm_feature_timing.cpp:80] node ctrl_a_mux_sel[1]:439258 resistance 12.84 cap 0.000725014 slew 0.014695 delay 0.00930918 power 2.32142e-05
I0313 15:42:21.848361 486381 lm_feature_timing.cpp:80] node dpath/b_reg/n3:768561 resistance 10.7 cap 0.00065854 slew 0.016325 delay 0.00718789 power 8.33819e-05
I0313 15:42:21.848369 486336 lm_feature_timing.cpp:80] node dpath/a_lt_b/n33:485272 resistance 0 cap 0.000804078 slew 0.016585 delay 0 power 1.12199e-05
I0313 15:42:21.848373 486365 lm_feature_timing.cpp:80] node dpath/a_reg_out[12]:492911 resistance 27.82 cap 0.000482601 slew 0.0441404 delay 0.146065 power 4.54765e-05
I0313 15:42:21.848376 486360 lm_feature_timing.cpp:80] node dpath/a_lt_b/n4:738543 resistance 14.124 cap 0.000624869 slew 0.021374 delay 0.0103951 power 5.06144e-06
I0313 15:42:21.851476 486260 lm_feature_timing.cpp:80] node ctrl/U13:ZN resistance 0 cap 0.000852066 slew 0.014695 delay 0 power 2.72823e-05
I0313 15:42:21.851498 486336 lm_feature_timing.cpp:80] node dpath/a_lt_b/n33:484448 resistance 10.272 cap 0.000701693 slew 0.016585 delay 0.00720779 power 9.79123e-06
I0313 15:42:21.851504 486384 lm_feature_timing.cpp:80] node dpath/b_reg/U15:A2 resistance 14.98 cap 0.000574604 slew 0.016915 delay 0.0109079 power 6.87694e-05
I0313 15:42:21.846252 486307 lm_feature_timing.cpp:80] node dpath/a_reg_out[1]:377209 resistance 44.94 cap 0.00129292 slew 0.0420913 delay 0.183949 power 7.01904e-05
I0313 15:42:21.848438 486295 lm_feature_timing.cpp:80] node dpath/a_mux_out[14]:827159 resistance 19.688 cap 0.00086549 slew 0.0173 delay 0.017208 power 0.000149552
I0313 15:42:21.914489 486307 lm_feature_timing.cpp:80] node dpath/a_reg_out[1]:729169 resistance 44.94 cap 0.000666426 slew 0.0420913 delay 0.183949 power 3.61791e-05
I0313 15:42:21.914587 486307 lm_feature_timing.cpp:80] node dpath/a_reg_out[1]:377193 resistance 38.092 cap 0.00136242 slew 0.0420913 delay 0.175095 power 7.39633e-05
I0313 15:42:21.848488 486285 lm_feature_timing.cpp:80] node dpath/a_lt_b/n3:738381 resistance 4.28 cap 0.000754085 slew 0.018363 delay 0.00496461 power 6.10809e-06
I0313 15:42:21.846277 486376 lm_feature_timing.cpp:80] node dpath/a_lt_b/n6:389033 resistance 10.7 cap 0.000941727 slew 0.01385 delay 0.0100765 power 1.5256e-05
I0313 15:42:21.848510 486371 lm_feature_timing.cpp:80] node dpath/a_reg/U19:Z resistance 0 cap 0.000751921 slew 0.016259 delay 0 power 3.45203e-05
I0313 15:42:21.848512 486328 lm_feature_timing.cpp:80] node dpath/b_reg/out_reg_7_:D resistance 12.84 cap 0.000564376 slew 0.016665 delay 0.00893526 power 7.34463e-05
I0313 15:42:21.914767 486285 lm_feature_timing.cpp:80] node dpath/a_lt_b/n3:733353 resistance 9.416 cap 0.000701032 slew 0.018363 delay 0.00856511 power 5.67836e-06
I0313 15:42:21.843537 486398 lm_feature_timing.cpp:80] node dpath/a_mux/n17:446031 resistance 6.848 cap 0.000610845 slew 0.034452 delay 0.00465898 power 4.94785e-06
I0313 15:42:21.914830 486285 lm_feature_timing.cpp:80] node dpath/a_lt_b/n3:738381 resistance 4.28 cap 0.000754085 slew 0.018363 delay 0.00496461 power 6.10809e-06
I0313 15:42:21.914875 486328 lm_feature_timing.cpp:80] node dpath/b_reg/n9:783841 resistance 12.84 cap 0.000633873 slew 0.016665 delay 0.00893526 power 8.24905e-05
I0313 15:42:21.914933 486285 lm_feature_timing.cpp:80] node dpath/a_lt_b/U14:A1 resistance 3.852 cap 0.000393715 slew 0.018363 delay 0.00463851 power 3.18909e-06
I0313 15:42:21.848567 486383 lm_feature_timing.cpp:80] node dpath/a_mux/U23:ZN resistance 0 cap 0.000734177 slew 0.034274 delay 0 power 4.15294e-05
I0313 15:42:21.914989 486285 lm_feature_timing.cpp:80] node dpath/a_lt_b/n3:386422 resistance 3.852 cap 0.00120418 slew 0.018363 delay 0.00463851 power 9.75387e-06
I0313 15:42:21.914971 486398 lm_feature_timing.cpp:80] node dpath/a_mux/U33:ZN resistance 0 cap 0.00074984 slew 0.034452 delay 0 power 6.0737e-06
I0313 15:42:21.843562 486303 lm_feature_timing.cpp:80] node dpath/a_mux_out[1]:386391 resistance 20.116 cap 0.000574604 slew 0.016524 delay 0.0156 power 4.80173e-05
I0313 15:42:21.848609 486356 lm_feature_timing.cpp:80] node dpath/a_lt_b/n12:740237 resistance 10.7 cap 0.000735271 slew 0.020683 delay 0.0111573 power 5.9557e-06
I0313 15:42:21.915108 486398 lm_feature_timing.cpp:80] node dpath/a_mux/n17:792959 resistance 0 cap 0.00074984 slew 0.034452 delay 0 power 6.0737e-06
I0313 15:42:21.844002 486288 lm_feature_timing.cpp:80] node dpath/a_mux/FE_OFN3_ctrl_a_mux_sel_1:733469 resistance 109.996 cap 0.00376945 slew 0.0264799 delay 0.844147 power 0.000120694
I0313 15:42:21.915148 486383 lm_feature_timing.cpp:80] node dpath/a_mux/n11:455982 resistance 7.276 cap 0.000660569 slew 0.034274 delay 0.0048063 power 3.73657e-05
I0313 15:42:21.915184 486356 lm_feature_timing.cpp:80] node dpath/a_lt_b/n12:740237 resistance 10.7 cap 0.000735271 slew 0.020683 delay 0.0111573 power 5.9557e-06
I0313 15:42:21.915220 486383 lm_feature_timing.cpp:137] net dpath/a_mux/n11 resistance 14.552 cap 0.000734177 slew 0.000361244 delay 0.0048063 power 3.36388e-08
I0313 15:42:21.915275 486356 lm_feature_timing.cpp:80] node dpath/a_lt_b/n12:746941 resistance 3.852 cap 0.000804768 slew 0.020683 delay 0.00612218 power 6.51862e-06
I0313 15:42:21.915300 486383 lm_feature_timing.cpp:125] build net dpath/b_reg_out[14] feature 
I0313 15:42:21.848618 486387 lm_feature_timing.cpp:80] node dpath/a_mux/n2:792943 resistance 0 cap 0.000716951 slew 0.034079 delay 0 power 4.0555e-05
I0313 15:42:21.848680 486272 lm_feature_timing.cpp:80] node dpath/a_lt_b/n13:741109 resistance 9.416 cap 0.000699275 slew 0.031831 delay 0.00750923 power 2.23122e-05
I0313 15:42:21.915359 486356 lm_feature_timing.cpp:80] node dpath/a_lt_b/placeFE_RC_0_0:A1 resistance 12.412 cap 0.000571979 slew 0.020683 delay 0.011754 power 4.63303e-06
I0313 15:42:21.848685 486265 lm_feature_timing.cpp:80] node dpath/a_lt_b/n8:738471 resistance 0.856 cap 0.00152381 slew 0.053906 delay 0.00130439 power 2.45653e-05
I0313 15:42:21.848701 486335 lm_feature_timing.cpp:80] node dpath/b_reg/FE_OFN2_ctrl_b_reg_en_0:1170141 resistance 125.404 cap 0.00170556 slew 0.0278504 delay 0.724888 power 0.000128836
I0313 15:42:21.915431 486356 lm_feature_timing.cpp:80] node dpath/a_lt_b/n12:395001 resistance 12.412 cap 0.00065792 slew 0.020683 delay 0.011754 power 5.32916e-06
I0313 15:42:21.915460 486272 lm_feature_timing.cpp:80] node dpath/a_lt_b/n13:746137 resistance 14.552 cap 0.000646222 slew 0.031831 delay 0.0108282 power 2.06194e-05
I0313 15:42:21.915509 486356 lm_feature_timing.cpp:80] node dpath/a_lt_b/n12:394981 resistance 3.852 cap 0.00158935 slew 0.020683 delay 0.00612218 power 1.28737e-05
I0313 15:42:21.915495 486387 lm_feature_timing.cpp:80] node dpath/a_mux/n2:797971 resistance 5.136 cap 0.000663898 slew 0.034079 delay 0.00340978 power 3.7554e-05
I0313 15:42:21.915530 486265 lm_feature_timing.cpp:80] node dpath/a_lt_b/n8:1090431 resistance 0.856 cap 0.00151187 slew 0.053906 delay 0.00130439 power 2.43727e-05
I0313 15:42:21.915552 486335 lm_feature_timing.cpp:80] node dpath/b_reg/FE_OFN2_ctrl_b_reg_en_0:415937 resistance 113.42 cap 0.000666315 slew 0.0278472 delay 0.524367 power 5.03326e-05
I0313 15:42:21.848773 486401 lm_feature_timing.cpp:80] node dpath/a_mux_out[15]:445025 resistance 0.428 cap 0.00101664 slew 0.016859 delay 0.000435124 power 0.000180352
I0313 15:42:21.848795 486257 lm_feature_timing.cpp:80] node dpath/a_reg/n5:1087939 resistance 7.704 cap 0.00094847 slew 0.018395 delay 0.00791213 power 5.61092e-05
I0313 15:42:21.915656 486265 lm_feature_timing.cpp:80] node dpath/a_lt_b/n8:737633 resistance 0 cap 0.00153576 slew 0.053906 delay 0 power 2.47578e-05
I0313 15:42:21.915715 486257 lm_feature_timing.cpp:80] node dpath/a_reg/n5:729275 resistance 0.856 cap 0.00108746 slew 0.018395 delay 0.000941092 power 6.43318e-05
I0313 15:42:21.848853 486337 lm_feature_timing.cpp:80] node ctrl_a_mux_sel[0]:440110 resistance 50.504 cap 0.00123308 slew 0.0481361 delay 0.0993113 power 3.94818e-05
I0313 15:42:21.915751 486265 lm_feature_timing.cpp:80] node dpath/a_lt_b/n8:738471 resistance 0.856 cap 0.00152381 slew 0.053906 delay 0.00130439 power 2.45653e-05
I0313 15:42:21.848881 486332 lm_feature_timing.cpp:80] node ctrl/n2:440059 resistance 1.712 cap 0.00148124 slew 0.023799 delay 0.00253589 power 1.19981e-05
I0313 15:42:21.836035 486364 lm_feature_timing.cpp:125] build net dpath/a_reg_out[15] feature 
I0313 15:42:21.848904 486266 lm_feature_timing.cpp:80] node dpath/a_reg/U7:A2 resistance 39.804 cap 0.000574604 slew 0.018929 delay 0.0387123 power 9.39211e-05
I0313 15:42:21.848826 486388 lm_feature_timing.cpp:80] node ctrl/state_out[0]:429995 resistance 67.624 cap 0.000598054 slew 0.0498893 delay 0.2292 power 5.32438e-05
I0313 15:42:21.915923 486332 lm_feature_timing.cpp:80] node ctrl/n2:792019 resistance 1.712 cap 0.000849369 slew 0.023799 delay 0.00253589 power 6.87989e-06
I0313 15:42:21.848922 486386 lm_feature_timing.cpp:80] node dpath/a_lt_b/n21:462046 resistance 43.228 cap 0.000401546 slew 0.0440891 delay 0.081044 power 1.42076e-05
I0313 15:42:21.848941 486286 lm_feature_timing.cpp:80] node ctrl_a_reg_en_0_:1089727 resistance 280.34 cap 0.00096525 slew 0.0402399 delay 2.56006 power 7.81852e-06
I0313 15:42:21.848944 486339 lm_feature_timing.cpp:80] node dpath/a_mux/U3:ZN resistance 0 cap 0.000780143 slew 0.020149 delay 0 power 4.99588e-05
I0313 15:42:21.916030 486386 lm_feature_timing.cpp:80] node dpath/a_lt_b/n21:479643 resistance 60.776 cap 0.000712561 slew 0.0440891 delay 0.0968518 power 2.5212e-05
I0313 15:42:21.848969 486290 lm_feature_timing.cpp:80] node dpath/b_zero/U4:A1 resistance 49.648 cap 0.000561993 slew 0.0405594 delay 0.147999 power 6.99803e-05
I0313 15:42:21.849817 486291 lm_feature_timing.cpp:80] node dpath/a_lt_b/U28:B1 resistance 7.704 cap 0.000675957 slew 0.024902 delay 0.00563859 power 1.09505e-05
I0313 15:42:21.916101 486386 lm_feature_timing.cpp:80] node dpath/a_lt_b/n21:831603 resistance 60.776 cap 0.000888946 slew 0.0440891 delay 0.0968518 power 3.14529e-05
I0313 15:42:21.835660 486333 lm_feature_timing.cpp:80] node dpath/a_reg/out_reg_14_:D resistance 15.408 cap 0.000564376 slew 0.022332 delay 0.0110336 power 7.88552e-05
I0313 15:42:21.849825 486340 lm_feature_timing.cpp:80] node dpath/a_reg_out[11]:1167531 resistance 56.068 cap 0.000798833 slew 0.0394354 delay 0.205558 power 7.32682e-05
I0313 15:42:21.849848 486255 lm_feature_timing.cpp:80] node dpath/a_lt_b/n17:774623 resistance 27.392 cap 0.000864153 slew 0.02546 delay 0.0236709 power 3.48897e-05
I0313 15:42:21.916168 486333 lm_feature_timing.cpp:80] node dpath/a_reg/n16:852293 resistance 15.408 cap 0.000716095 slew 0.022332 delay 0.0110336 power 0.000100053
I0313 15:42:21.849918 486297 lm_feature_timing.cpp:80] node dpath/a_reg_out[5]:386598 resistance 58.208 cap 0.000607275 slew 0.0410005 delay 0.228844 power 3.87286e-05
I0313 15:42:21.916175 486339 lm_feature_timing.cpp:80] node dpath/a_mux/n16:439278 resistance 0 cap 0.000780143 slew 0.020149 delay 0 power 4.99588e-05
I0313 15:42:21.916217 486333 lm_feature_timing.cpp:80] node dpath/a_reg/placeFE_RC_1_0:ZN resistance 0 cap 0.000867813 slew 0.022332 delay 0 power 0.000121252
I0313 15:42:21.916208 486291 lm_feature_timing.cpp:80] node dpath/a_lt_b/n23:483807 resistance 5.136 cap 0.000704344 slew 0.024902 delay 0.00390273 power 1.14104e-05
I0313 15:42:21.916260 486255 lm_feature_timing.cpp:80] node dpath/a_lt_b/placeFE_RC_0_0:ZN resistance 0 cap 0.00113098 slew 0.02546 delay 0 power 4.56627e-05
I0313 15:42:21.846889 486252 lm_feature_timing.cpp:80] node dpath/a_lt_b/n18:484659 resistance 8.132 cap 0.000778978 slew 0.021423 delay 0.0110984 power 6.30972e-06
I0313 15:42:21.916286 486364 lm_feature_timing.cpp:80] node dpath/a_reg_out[15]:802881 resistance 27.392 cap 0.000716612 slew 0.027745 delay 0.0468099 power 7.25248e-05
I0313 15:42:21.916414 486364 lm_feature_timing.cpp:80] node dpath/a_reg_out[15]:1154841 resistance 27.392 cap 0.000761443 slew 0.027745 delay 0.0468099 power 7.70619e-05
I0313 15:42:21.916457 486252 lm_feature_timing.cpp:80] node dpath/a_lt_b/n18:484661 resistance 7.276 cap 0.0014337 slew 0.021423 delay 0.0104316 power 1.1613e-05
I0313 15:42:21.916489 486364 lm_feature_timing.cpp:80] node dpath/a_reg_out[15]:1154831 resistance 23.112 cap 0.000806273 slew 0.027745 delay 0.0435509 power 8.1599e-05
I0313 15:42:21.916556 486364 lm_feature_timing.cpp:80] node dpath/a_reg_out[15]:1154841 resistance 27.392 cap 0.000761443 slew 0.027745 delay 0.0468099 power 7.70619e-05
I0313 15:42:21.833760 486378 lm_feature_timing.cpp:125] build net dpath/b_reg/n17 feature 
I0313 15:42:21.846976 486331 lm_feature_timing.cpp:80] node dpath/b_mux_out[15]:446739 resistance 0 cap 0.000935596 slew 0.017135 delay 0 power 0.000131643
I0313 15:42:21.916630 486364 lm_feature_timing.cpp:80] node dpath/a_reg_out[15]:476057 resistance 10.272 cap 0.000672661 slew 0.027745 delay 0.0201222 power 6.80768e-05
I0313 15:42:21.850049 486298 lm_feature_timing.cpp:80] node dpath/b_reg/n4:768621 resistance 12.412 cap 0.000666762 slew 0.01652 delay 0.0085469 power 8.48419e-05
I0313 15:42:21.850064 486373 lm_feature_timing.cpp:80] node dpath/a_lt_b/n36:471057 resistance 17.976 cap 0.00067226 slew 0.045927 delay 0.0152552 power 1.57437e-05
I0313 15:42:21.846997 486277 lm_feature_timing.cpp:80] node dpath/a_lt_b/U24:A2 resistance 8.56 cap 0.000574762 slew 0.024183 delay 0.00569383 power 9.31114e-06
I0313 15:42:21.850082 486390 lm_feature_timing.cpp:80] node dpath/a_lt_b/n29:842337 resistance 15.836 cap 0.000733627 slew 0.020196 delay 0.0131883 power 5.94238e-06
I0313 15:42:21.916750 486298 lm_feature_timing.cpp:80] node dpath/b_reg/U16:Z resistance 0 cap 0.000817698 slew 0.01652 delay 0 power 0.000104048
I0313 15:42:21.850099 486380 lm_feature_timing.cpp:80] node dpath/a_mux_out[7]:1139129 resistance 11.556 cap 0.000868255 slew 0.017289 delay 0.011407 power 9.70121e-05
I0313 15:42:21.847074 486256 lm_feature_timing.cpp:80] node dpath/b_mux/U14:Z resistance 0 cap 0.000753145 slew 0.01617 delay 0 power 0.000103346
I0313 15:42:21.916816 486277 lm_feature_timing.cpp:80] node dpath/a_lt_b/n16:424345 resistance 8.56 cap 0.000611371 slew 0.024183 delay 0.00569383 power 9.9042e-06
I0313 15:42:21.916826 486298 lm_feature_timing.cpp:80] node dpath/b_reg/n4:407436 resistance 0 cap 0.000817698 slew 0.01652 delay 0 power 0.000104048
I0313 15:42:21.844748 486345 lm_feature_timing.cpp:80] node dpath/a_reg/n8:762075 resistance 9.416 cap 0.000731757 slew 0.01695 delay 0.00722537 power 4.83497e-05
I0313 15:42:21.916890 486277 lm_feature_timing.cpp:80] node dpath/a_lt_b/U23:ZN resistance 0 cap 0.000754085 slew 0.024183 delay 0 power 1.22162e-05
I0313 15:42:21.850167 486269 lm_feature_timing.cpp:80] node dpath/b_reg_out[10]:1186873 resistance 11.556 cap 0.00085801 slew 0.0399552 delay 0.0583266 power 7.46565e-05
I0313 15:42:21.850165 486326 lm_feature_timing.cpp:80] node dpath/a_mux/FE_OFN4_n16:729303 resistance 93.732 cap 0.000671455 slew 0.0377072 delay 0.733501 power 4.29987e-05
I0313 15:42:21.916898 486378 lm_feature_timing.cpp:80] node dpath/b_reg/out_reg_15_:D resistance 6.848 cap 0.000564376 slew 0.015991 delay 0.00434713 power 7.80789e-05
I0313 15:42:21.916937 486277 lm_feature_timing.cpp:80] node dpath/a_lt_b/n16:770445 resistance 0 cap 0.000754085 slew 0.024183 delay 0 power 1.22162e-05
I0313 15:42:21.916918 486256 lm_feature_timing.cpp:80] node dpath/b_mux_out[12]:464420 resistance 0 cap 0.000753145 slew 0.01617 delay 0 power 0.000103346
I0313 15:42:21.847222 486347 lm_feature_timing.cpp:80] node dpath/a_mux_out[9]:1177707 resistance 68.052 cap 0.000700874 slew 0.0222031 delay 0.090724 power 8.47518e-05
I0313 15:42:21.917026 486277 lm_feature_timing.cpp:80] node dpath/a_lt_b/n16:424345 resistance 8.56 cap 0.000611371 slew 0.024183 delay 0.00569383 power 9.9042e-06
I0313 15:42:21.847227 486324 lm_feature_timing.cpp:80] node dpath/a_lt_b/n37:831389 resistance 4.708 cap 0.00141014 slew 0.018123 delay 0.00686937 power 1.14222e-05
I0313 15:42:21.850261 486395 lm_feature_timing.cpp:80] node dpath/a_lt_b/n34:821329 resistance 2.996 cap 0.00102512 slew 0.019827 delay 0.00316863 power 8.30349e-06
I0313 15:42:21.850277 486344 lm_feature_timing.cpp:80] node dpath/a_mux/n14:399993 resistance 10.272 cap 0.000774115 slew 0.036474 delay 0.00838272 power 4.37885e-05
I0313 15:42:21.917142 486347 lm_feature_timing.cpp:80] node dpath/a_mux_out[9]:1177699 resistance 64.628 cap 0.000737483 slew 0.0222031 delay 0.0883242 power 8.91786e-05
I0313 15:42:21.917168 486395 lm_feature_timing.cpp:80] node dpath/a_lt_b/n34:838927 resistance 20.972 cap 0.000848737 slew 0.019827 delay 0.0184255 power 6.87477e-06
I0313 15:42:21.917172 486324 lm_feature_timing.cpp:80] node dpath/a_lt_b/n37:479418 resistance 0 cap 0.00150803 slew 0.018123 delay 0 power 1.2215e-05
I0313 15:42:21.850231 486308 lm_feature_timing.cpp:80] node dpath/a_lt_b/n35:486145 resistance 0.856 cap 0.00148509 slew 0.033561 delay 0.00127123 power 3.47732e-05
I0313 15:42:21.850338 486338 lm_feature_timing.cpp:80] node dpath/a_mux_out[0]:387221 resistance 15.836 cap 0.000574604 slew 0.016457 delay 0.011685 power 3.83884e-05
I0313 15:42:21.917236 486344 lm_feature_timing.cpp:80] node dpath/a_mux/U29:ZN resistance 0 cap 0.00092838 slew 0.036474 delay 0 power 5.25146e-05
I0313 15:42:21.917250 486324 lm_feature_timing.cpp:80] node dpath/a_lt_b/n37:479429 resistance 4.708 cap 0.00145908 slew 0.018123 delay 0.00686937 power 1.18186e-05
I0313 15:42:21.847312 486400 lm_feature_timing.cpp:80] node dpath/a_mux/n7:723429 resistance 11.128 cap 0.00078723 slew 0.036128 delay 0.0087603 power 4.45304e-05
I0313 15:42:21.850373 486276 lm_feature_timing.cpp:80] node dpath/b_reg/n16:828929 resistance 16.692 cap 0.000716095 slew 0.01706 delay 0.0121685 power 0.000117509
I0313 15:42:21.917318 486338 lm_feature_timing.cpp:80] node dpath/a_mux_out[0]:739181 resistance 15.836 cap 0.000627657 slew 0.016457 delay 0.011685 power 4.19328e-05
I0313 15:42:21.917330 486308 lm_feature_timing.cpp:80] node dpath/a_lt_b/n35:486147 resistance 0 cap 0.00149703 slew 0.033561 delay 0 power 3.50528e-05
I0313 15:42:21.917387 486338 lm_feature_timing.cpp:80] node dpath/a_mux_out[0]:734153 resistance 10.7 cap 0.00068071 slew 0.016457 delay 0.00846132 power 4.54771e-05
I0313 15:42:21.850339 486379 lm_feature_timing.cpp:80] node dpath/a_reg_out[13]:508787 resistance 0 cap 0.00512795 slew 0.03813 delay 0 power 0.000495299
I0313 15:42:21.917444 486338 lm_feature_timing.cpp:80] node dpath/a_mux_out[0]:739181 resistance 15.836 cap 0.000627657 slew 0.016457 delay 0.011685 power 4.19328e-05
I0313 15:42:21.917498 486338 lm_feature_timing.cpp:80] node dpath/a_mux_out[0]:734153 resistance 10.7 cap 0.00068071 slew 0.016457 delay 0.00846132 power 4.54771e-05
I0313 15:42:21.850404 486366 lm_feature_timing.cpp:80] node dpath/a_reg_out[14]:835581 resistance 26.536 cap 0.00059285 slew 0.0404481 delay 0.0778574 power 8.28336e-05
I0313 15:42:21.917551 486338 lm_feature_timing.cpp:80] node dpath/a_mux_out[0]:1086113 resistance 10.7 cap 0.000750207 slew 0.016457 delay 0.00846132 power 5.01201e-05
I0313 15:42:21.840087 486283 lm_feature_timing.cpp:80] node dpath/a_reg/n1:485242 resistance 10.7 cap 0.000539372 slew 0.011477 delay 0.00693527 power 9.32006e-05
I0313 15:42:21.850437 486377 lm_feature_timing.cpp:80] node dpath/a_reg_out[4]:725243 resistance 2.14 cap 0.0068548 slew 0.0490061 delay 0.0147212 power 0.000421378
I0313 15:42:21.917605 486338 lm_feature_timing.cpp:80] node dpath/a_mux_out[0]:1086097 resistance 3.852 cap 0.000819704 slew 0.016457 delay 0.0033239 power 5.47631e-05
I0313 15:42:21.850472 486362 lm_feature_timing.cpp:80] node dpath/a_lt_b/n30:494591 resistance 38.948 cap 0.000888946 slew 0.0375951 delay 0.0631483 power 1.88008e-05
I0313 15:42:21.917673 486377 lm_feature_timing.cpp:80] node dpath/a_reg_out[4]:727757 resistance 4.708 cap 0.00682642 slew 0.0490062 delay 0.0322515 power 0.000419633
I0313 15:42:21.850463 486315 lm_feature_timing.cpp:80] node dpath/b_mux_out[10]:462820 resistance 5.136 cap 0.000627657 slew 0.01565 delay 0.00322365 power 3.30237e-05
I0313 15:42:21.850489 486309 lm_feature_timing.cpp:80] node dpath/a_reg_out[9]:487167 resistance 51.36 cap 0.000610261 slew 0.0459835 delay 0.214964 power 4.45288e-05
I0313 15:42:21.917735 486377 lm_feature_timing.cpp:80] node dpath/a_reg_out[4]:739447 resistance 36.38 cap 0.00557693 slew 0.0490071 delay 0.229129 power 0.000342825
I0313 15:42:21.850492 486287 lm_feature_timing.cpp:80] node dpath/a_lt_b/n15:778831 resistance 2.14 cap 0.00163439 slew 0.021785 delay 0.00354955 power 1.32386e-05
I0313 15:42:21.917757 486362 lm_feature_timing.cpp:80] node dpath/a_lt_b/n30:492083 resistance 33.812 cap 0.00136782 slew 0.0375951 delay 0.0574258 power 2.89288e-05
I0313 15:42:21.850515 486281 lm_feature_timing.cpp:80] node dpath/a_lt_b/n22:484639 resistance 20.544 cap 0.000612721 slew 0.047613 delay 0.0167785 power 1.5308e-05
I0313 15:42:21.917795 486309 lm_feature_timing.cpp:80] node dpath/a_reg_out[9]:487172 resistance 53.5 cap 0.000585985 slew 0.0459835 delay 0.216218 power 4.27575e-05
I0313 15:42:21.917835 486362 lm_feature_timing.cpp:80] node dpath/a_lt_b/n30:844043 resistance 33.812 cap 0.00136782 slew 0.0375951 delay 0.0574258 power 2.89288e-05
I0313 15:42:21.917860 486309 lm_feature_timing.cpp:80] node dpath/a_reg_out[9]:487167 resistance 51.36 cap 0.000610261 slew 0.0459835 delay 0.214964 power 4.45288e-05
I0313 15:42:21.917850 486315 lm_feature_timing.cpp:80] node dpath/b_mux_out[10]:464488 resistance 0 cap 0.00068071 slew 0.01565 delay 0 power 3.5815e-05
I0313 15:42:21.847581 486312 lm_feature_timing.cpp:80] node dpath/a_lt_b/n1:380570 resistance 12.412 cap 0.00068612 slew 0.017306 delay 0.0100881 power 5.55758e-06
I0313 15:42:21.917919 486309 lm_feature_timing.cpp:80] node dpath/a_reg_out[9]:839127 resistance 51.36 cap 0.00068798 slew 0.0459835 delay 0.214964 power 5.01997e-05
I0313 15:42:21.917914 486281 lm_feature_timing.cpp:80] node dpath/a_lt_b/n22:484637 resistance 19.688 cap 0.000624663 slew 0.047613 delay 0.016254 power 1.56063e-05
I0313 15:42:21.850543 486270 lm_feature_timing.cpp:80] node dpath/b_reg/n1:467901 resistance 18.404 cap 0.000798023 slew 0.041398 delay 0.0294521 power 6.02817e-05
I0313 15:42:21.842137 486367 lm_feature_timing.cpp:80] node ctrl/n5:778589 resistance 35.524 cap 0.00088412 slew 0.021618 delay 0.0336459 power 7.87118e-05
I0313 15:42:21.847569 486317 lm_feature_timing.cpp:80] node dpath/a_lt_b/n19:829093 resistance 20.972 cap 0.000816021 slew 0.017501 delay 0.0179182 power 1.38279e-05
I0313 15:42:21.917996 486312 lm_feature_timing.cpp:80] node dpath/a_lt_b/n1:380570 resistance 12.412 cap 0.00068612 slew 0.017306 delay 0.0100881 power 5.55758e-06
I0313 15:42:21.847662 486254 lm_feature_timing.cpp:80] node dpath/a_lt_b/U29:A1 resistance 11.984 cap 0.000393715 slew 0.01901 delay 0.0110319 power 3.18909e-06
I0313 15:42:21.850662 486349 lm_feature_timing.cpp:80] node dpath/a_reg/n9:440276 resistance 0 cap 0.000728037 slew 0.016117 delay 0 power 4.9777e-05
I0313 15:42:21.847676 486302 lm_feature_timing.cpp:80] node dpath/a_lt_b/U34:B resistance 26.536 cap 0.000627763 slew 0.048638 delay 0.0235908 power 1.42453e-05
I0313 15:42:21.918056 486367 lm_feature_timing.cpp:80] node ctrl/U14:ZN resistance 0 cap 0.00129816 slew 0.021618 delay 0 power 0.000115574
I0313 15:42:21.918076 486312 lm_feature_timing.cpp:80] node dpath/a_lt_b/n1:381408 resistance 11.556 cap 0.000722338 slew 0.017306 delay 0.00950077 power 5.85094e-06
I0313 15:42:21.850697 486314 lm_feature_timing.cpp:80] node dpath/b_mux/n1:1128231 resistance 29.104 cap 0.000704251 slew 0.0427555 delay 0.328655 power 6.84028e-05
I0313 15:42:21.850662 486363 lm_feature_timing.cpp:80] node dpath/a_mux_out[2]:736737 resistance 4.708 cap 0.000741985 slew 0.015615 delay 0.00356088 power 6.57342e-05
I0313 15:42:21.918169 486302 lm_feature_timing.cpp:80] node dpath/a_lt_b/n31:484469 resistance 26.536 cap 0.000795926 slew 0.048638 delay 0.0235908 power 1.80613e-05
I0313 15:42:21.842449 486322 lm_feature_timing.cpp:80] node CTS_1:424225 resistance 73.616 cap 0.000418247 slew 0.000313884 delay 0.326972 power 0.000135512
I0313 15:42:21.850797 486355 lm_feature_timing.cpp:80] node dpath/a_mux_out[10]:1158345 resistance 20.116 cap 0.00113587 slew 0.019133 delay 0.0250121 power 9.20051e-06
I0313 15:42:21.918231 486314 lm_feature_timing.cpp:80] node dpath/b_mux/U10:B2 resistance 13.696 cap 0.000667642 slew 0.0427543 delay 0.191945 power 6.4847e-05
I0313 15:42:21.850803 486403 lm_feature_timing.cpp:80] node dpath/b_reg/n12:1193573 resistance 25.68 cap 0.000891697 slew 0.019979 delay 0.0293287 power 7.75877e-05
I0313 15:42:21.918279 486355 lm_feature_timing.cpp:80] node dpath/a_mux_out[10]:806363 resistance 10.7 cap 0.00131597 slew 0.019133 delay 0.0143167 power 1.06594e-05
I0313 15:42:21.918316 486314 lm_feature_timing.cpp:80] node dpath/b_mux/n1:791351 resistance 13.696 cap 0.000696028 slew 0.0427543 delay 0.191945 power 6.76042e-05
I0313 15:42:21.842579 486392 lm_feature_timing.cpp:80] node dpath/a_reg_out[3]:736863 resistance 28.676 cap 0.00066134 slew 0.042396 delay 0.0534957 power 3.91233e-05
I0313 15:42:21.850859 486353 lm_feature_timing.cpp:80] node dpath/a_reg/U15:Z resistance 0 cap 0.000637593 slew 0.015676 delay 0 power 3.91941e-05
I0313 15:42:21.850852 486352 lm_feature_timing.cpp:80] node dpath/a_lt_b/n9:741901 resistance 2.568 cap 0.00100915 slew 0.031625 delay 0.00259151 power 1.63483e-05
I0313 15:42:21.847914 486370 lm_feature_timing.cpp:80] node dpath/a_mux/n13:377347 resistance 2.568 cap 0.000824621 slew 0.035942 delay 0.00219052 power 4.66454e-05
I0313 15:42:21.918377 486363 lm_feature_timing.cpp:80] node dpath/a_mux_out[2]:381425 resistance 1.284 cap 0.000794646 slew 0.015615 delay 0.00102033 power 7.03996e-05
I0313 15:42:21.850880 486321 lm_feature_timing.cpp:80] node dpath/a_lt_b/n7:386485 resistance 23.54 cap 0.00131692 slew 0.021289 delay 0.0366016 power 2.40009e-05
I0313 15:42:21.918462 486370 lm_feature_timing.cpp:80] node dpath/a_mux/n13:729307 resistance 2.568 cap 0.000853007 slew 0.035942 delay 0.00219052 power 4.82511e-05
I0313 15:42:21.918468 486352 lm_feature_timing.cpp:80] node dpath/a_lt_b/n9:1093861 resistance 2.568 cap 0.000980768 slew 0.031625 delay 0.00259151 power 1.58884e-05
I0313 15:42:21.918479 486363 lm_feature_timing.cpp:80] node dpath/a_mux_out[2]:733385 resistance 1.284 cap 0.000778593 slew 0.015615 delay 0.00102033 power 6.89774e-05
I0313 15:42:21.850899 486305 lm_feature_timing.cpp:80] node dpath/b_reg/n14:852445 resistance 43.228 cap 0.000905204 slew 0.020042 delay 0.0425672 power 0.000123653
I0313 15:42:21.918533 486352 lm_feature_timing.cpp:80] node dpath/a_lt_b/n9:739387 resistance 0 cap 0.00103754 slew 0.031625 delay 0 power 1.68082e-05
I0313 15:42:21.918545 486363 lm_feature_timing.cpp:80] node dpath/a_mux_out[2]:381422 resistance 0 cap 0.0008107 slew 0.015615 delay 0 power 7.18218e-05
I0313 15:42:21.850943 486251 lm_feature_timing.cpp:80] node dpath/b_reg/n7:1114023 resistance 21.828 cap 0.000691428 slew 0.017663 delay 0.0170438 power 8.91859e-05
I0313 15:42:21.847949 486268 lm_feature_timing.cpp:80] node ctrl/n4:779437 resistance 17.976 cap 0.000752895 slew 0.029179 delay 0.0168448 power 5.48321e-05
I0313 15:42:21.918610 486363 lm_feature_timing.cpp:80] node dpath/a_mux_out[2]:381425 resistance 1.284 cap 0.000794646 slew 0.015615 delay 0.00102033 power 7.03996e-05
I0313 15:42:21.851001 486341 lm_feature_timing.cpp:80] node dpath/a_mux/n4:1141605 resistance 9.416 cap 0.000795452 slew 0.036398 delay 0.00774134 power 4.49955e-05
I0313 15:42:21.847993 486382 lm_feature_timing.cpp:80] node dpath/b_reg/n5:777033 resistance 10.7 cap 0.000625651 slew 0.016388 delay 0.00721337 power 7.99793e-05
I0313 15:42:21.847999 486274 lm_feature_timing.cpp:80] node dpath/a_mux/U26:B resistance 5.992 cap 0.000586961 slew 0.034079 delay 0.00392244 power 3.3202e-05
I0313 15:42:21.851058 486264 lm_feature_timing.cpp:80] node dpath/a_mux/n1:801183 resistance 1.712 cap 0.000818555 slew 0.035457 delay 0.00140137 power 4.63023e-05
I0313 15:42:21.918694 486305 lm_feature_timing.cpp:80] node dpath/b_reg/U6:Z resistance 0 cap 0.00140969 slew 0.020042 delay 0 power 0.000192567
I0313 15:42:21.918756 486382 lm_feature_timing.cpp:80] node dpath/b_reg/n5:419207 resistance 4.708 cap 0.000735868 slew 0.016388 delay 0.00346447 power 9.40687e-05
I0313 15:42:21.851078 486374 lm_feature_timing.cpp:125] build net dpath/b_reg_out[13] feature 
I0313 15:42:21.842828 486329 lm_feature_timing.cpp:80] node ctrl/next_state__0[0]:786917 resistance 20.972 cap 0.000573041 slew 0.029224 delay 0.0164478 power 5.10169e-05
I0313 15:42:21.851133 486361 lm_feature_timing.cpp:80] node ctrl/n1:783621 resistance 26.108 cap 0.000666161 slew 0.029815 delay 0.0236457 power 1.07918e-05
I0313 15:42:21.918814 486382 lm_feature_timing.cpp:80] node dpath/b_reg/n5:771167 resistance 4.708 cap 0.000686926 slew 0.016388 delay 0.00346447 power 8.78123e-05
I0313 15:42:21.851143 486284 lm_feature_timing.cpp:80] node dpath/a_lt_b/n10:1098083 resistance 13.696 cap 0.000781089 slew 0.022374 delay 0.0183584 power 6.32682e-06
I0313 15:42:21.848109 486406 lm_feature_timing.cpp:80] node dpath/a_reg/n19:508966 resistance 0 cap 0.00103035 slew 0 delay 0 power 0
I0313 15:42:21.845844 486348 lm_feature_timing.cpp:80] node dpath/a_lt_b/n11:745281 resistance 7.704 cap 0.000636518 slew 0.030248 delay 0.00927981 power 1.03116e-05
I0313 15:42:21.918866 486329 lm_feature_timing.cpp:80] node ctrl/next_state__0[0]:1138877 resistance 20.972 cap 0.000683648 slew 0.029224 delay 0.0164478 power 6.08642e-05
I0313 15:42:21.851233 486396 lm_feature_timing.cpp:80] node dpath/a_mux/n9:433490 resistance 2.14 cap 0.000964989 slew 0.037386 delay 0.00210102 power 5.45854e-05
I0313 15:42:21.918922 486406 lm_feature_timing.cpp:80] node dpath/a_reg/n19:508973 resistance 2.996 cap 0.000997854 slew 9.02853e-06 delay 0.00298957 power 0
I0313 15:42:21.918946 486329 lm_feature_timing.cpp:80] node ctrl/next_state__0[0]:785241 resistance 22.684 cap 0.000552876 slew 0.029224 delay 0.0173944 power 4.92217e-05
I0313 15:42:21.851229 486325 lm_feature_timing.cpp:80] node dpath/a_mux_out[13]:456831 resistance 3.424 cap 0.000946756 slew 0.016793 delay 0.00324169 power 0.000159212
I0313 15:42:21.848209 486320 lm_feature_timing.cpp:137] net dpath/a_lt_b/n5 resistance 3.424 cap 0.000639636 slew 3.72857e-05 delay 0.00106053 power 6.55726e-09
I0313 15:42:21.918998 486406 lm_feature_timing.cpp:80] node dpath/a_reg/n19:854229 resistance 9.844 cap 0.00089586 slew 1.44834e-05 delay 0.00912442 power 0
I0313 15:42:21.851274 486280 lm_feature_timing.cpp:80] node ctrl/U12:ZN resistance 0 cap 0.00139018 slew 0.015546 delay 0 power 3.32518e-05
I0313 15:42:21.851222 486289 lm_feature_timing.cpp:80] node dpath/a_mux_out[4]:1079657 resistance 38.52 cap 0.000930312 slew 0.019269 delay 0.0420507 power 9.11085e-05
I0313 15:42:21.919080 486325 lm_feature_timing.cpp:80] node dpath/a_reg/U6:A2 resistance 20.116 cap 0.000574604 slew 0.016793 delay 0.0156541 power 9.66288e-05
I0313 15:42:21.845959 486319 lm_feature_timing.cpp:137] net dpath/a_lt_b/n20 resistance 7.704 cap 0.000761231 slew 0.000294216 delay 0.00275312 power 9.98888e-09
I0313 15:42:21.851311 486279 lm_feature_timing.cpp:80] node ctrl/state_out[1]:437511 resistance 14.98 cap 0.000611595 slew 0.029421 delay 0.0183977 power 5.58404e-05
I0313 15:42:21.851362 486397 lm_feature_timing.cpp:80] node dpath/b_reg/n10:464552 resistance 0 cap 0.000956692 slew 0.017358 delay 0 power 0.000125051
I0313 15:42:21.919163 486325 lm_feature_timing.cpp:80] node dpath/a_mux_out[13]:469392 resistance 20.116 cap 0.000631768 slew 0.016793 delay 0.0156541 power 0.000106242
I0313 15:42:21.848294 486369 lm_feature_timing.cpp:80] node dpath/a_mux/U7:ZN resistance 0 cap 0.000676622 slew 0.033624 delay 0 power 3.82737e-05
I0313 15:42:21.919226 486279 lm_feature_timing.cpp:80] node ctrl/state_out[1]:437512 resistance 15.408 cap 0.000603764 slew 0.029421 delay 0.0186562 power 5.51254e-05
I0313 15:42:21.919219 486397 lm_feature_timing.cpp:137] net dpath/b_reg/n10 resistance 38.52 cap 0.000956692 slew 0.00477526 delay 0.0146638 power 1.01291e-07
I0313 15:42:21.919240 486325 lm_feature_timing.cpp:80] node dpath/a_mux/U24:ZN resistance 0 cap 0.000983365 slew 0.016793 delay 0 power 0.000165368
I0313 15:42:21.851425 486292 lm_feature_timing.cpp:80] node dpath/a_reg/n13:1182673 resistance 12.84 cap 0.00106886 slew 0.019329 delay 0.014546 power 9.80352e-05
I0313 15:42:21.851459 486343 lm_feature_timing.cpp:80] node dpath/a_mux/U13:ZN resistance 0 cap 0.000676622 slew 0.033624 delay 0 power 3.82737e-05
I0313 15:42:21.851475 486381 lm_feature_timing.cpp:80] node dpath/b_reg/U17:Z resistance 0 cap 0.00078481 slew 0.016325 delay 0 power 9.93698e-05
I0313 15:42:21.919307 486369 lm_feature_timing.cpp:80] node dpath/a_mux/n3:380547 resistance 4.28 cap 0.000631792 slew 0.033624 delay 0.00270407 power 3.57379e-05
I0313 15:42:21.848448 486393 lm_feature_timing.cpp:80] node dpath/a_reg/n14:477025 resistance 0.428 cap 0.00120453 slew 0.018996 delay 0.000515539 power 0.000113505
I0313 15:42:21.919368 486381 lm_feature_timing.cpp:80] node dpath/b_reg/n3:409906 resistance 0 cap 0.00078481 slew 0.016325 delay 0 power 9.93698e-05
I0313 15:42:21.919363 486369 lm_feature_timing.cpp:137] net dpath/a_mux/n3 resistance 8.56 cap 0.000676622 slew 0.000125327 delay 0.00270407 power 3.10017e-08
I0313 15:42:21.851550 486336 lm_feature_timing.cpp:80] node dpath/a_lt_b/n33:485272 resistance 0 cap 0.000804078 slew 0.016585 delay 0 power 1.12199e-05
I0313 15:42:21.919413 486381 lm_feature_timing.cpp:80] node dpath/b_reg/n3:409903 resistance 1.284 cap 0.000768756 slew 0.016325 delay 0.000987083 power 9.73372e-05
I0313 15:42:21.851543 486365 lm_feature_timing.cpp:80] node dpath/a_reg_out[12]:492903 resistance 24.396 cap 0.000519209 slew 0.0441404 delay 0.144413 power 4.89262e-05
I0313 15:42:21.851557 486260 lm_feature_timing.cpp:80] node ctrl_a_mux_sel[1]:439228 resistance 0 cap 0.000852066 slew 0.014695 delay 0 power 2.72823e-05
I0313 15:42:21.851580 486384 lm_feature_timing.cpp:80] node dpath/b_mux_out[3]:417537 resistance 14.98 cap 0.000611213 slew 0.016915 delay 0.0109079 power 7.31508e-05
I0313 15:42:21.914611 486295 lm_feature_timing.cpp:80] node dpath/a_mux_out[14]:456763 resistance 0.856 cap 0.00106204 slew 0.0173 delay 0.000909106 power 0.000183515
I0313 15:42:21.919489 486260 lm_feature_timing.cpp:137] net ctrl_a_mux_sel[1] resistance 25.68 cap 0.000852066 slew 0.00204804 delay 0.00930918 power 2.20987e-08
I0313 15:42:21.914803 486376 lm_feature_timing.cpp:80] node dpath/a_lt_b/n6:388218 resistance 0 cap 0.00104822 slew 0.01385 delay 0 power 1.69812e-05
I0313 15:42:21.848546 486259 lm_feature_timing.cpp:80] node dpath/b_mux_out[0]:394828 resistance 0 cap 0.000942254 slew 0.017178 delay 0 power 0.000106529
I0313 15:42:21.914837 486371 lm_feature_timing.cpp:80] node dpath/a_reg/n2:386366 resistance 0 cap 0.000751921 slew 0.016259 delay 0 power 3.45203e-05
I0313 15:42:21.914933 486328 lm_feature_timing.cpp:80] node dpath/b_reg/n9:777137 resistance 5.992 cap 0.00070337 slew 0.016665 delay 0.00459449 power 9.15346e-05
I0313 15:42:21.919596 486295 lm_feature_timing.cpp:80] node dpath/a_mux_out[14]:808723 resistance 0.856 cap 0.0010501 slew 0.0173 delay 0.000909106 power 0.000181451
I0313 15:42:21.915069 486285 lm_feature_timing.cpp:80] node dpath/a_lt_b/n3:386421 resistance 4.28 cap 0.000761916 slew 0.018363 delay 0.00496461 power 6.17152e-06
I0313 15:42:21.919637 486259 lm_feature_timing.cpp:80] node dpath/b_mux_out[0]:394825 resistance 1.284 cap 0.000926201 slew 0.017178 delay 0.00118924 power 0.000104714
I0313 15:42:21.843570 486385 lm_feature_timing.cpp:80] node ctrl/state/n1:776021 resistance 16.692 cap 0.00151375 slew 2.72699e-05 delay 0.0259137 power 1.22614e-05
I0313 15:42:21.846364 486275 lm_feature_timing.cpp:80] node dpath/a_lt_b/U20:B1 resistance 17.976 cap 0.000575533 slew 0.020585 delay 0.0139284 power 4.66182e-06
I0313 15:42:21.919706 486328 lm_feature_timing.cpp:80] node dpath/b_reg/n9:783841 resistance 12.84 cap 0.000633873 slew 0.016665 delay 0.00893526 power 8.24905e-05
I0313 15:42:21.919725 486385 lm_feature_timing.cpp:80] node ctrl/state/n1:763451 resistance 3.852 cap 0.0016408 slew 1.67535e-05 delay 0.00647722 power 1.32905e-05
I0313 15:42:21.846441 486311 lm_feature_timing.cpp:80] node clk:417383 resistance 84.744 cap 0.00109572 slew 0.000474482 delay 0.398156 power 0.000355013
I0313 15:42:21.915287 486288 lm_feature_timing.cpp:80] node dpath/a_mux/FE_OFN3_ctrl_a_mux_sel_1:734307 resistance 110.852 cap 0.0037575 slew 0.0264799 delay 0.847364 power 0.000120312
I0313 15:42:21.848631 486300 lm_feature_timing.cpp:80] node dpath/a_mux/n5:385523 resistance 9.844 cap 0.000586961 slew 0.035087 delay 0.00681233 power 3.3202e-05
I0313 15:42:21.919801 486275 lm_feature_timing.cpp:80] node dpath/a_lt_b/n14:401708 resistance 17.976 cap 0.000599808 slew 0.020585 delay 0.0139284 power 4.85845e-06
I0313 15:42:21.915551 486272 lm_feature_timing.cpp:80] node dpath/a_lt_b/U18:ZN resistance 0 cap 0.000902482 slew 0.031831 delay 0 power 2.8796e-05
I0313 15:42:21.919838 486311 lm_feature_timing.cpp:80] node clk:1457341 resistance 68.48 cap 0.005291 slew 0.000474042 delay 0.377734 power 0.00171428
I0313 15:42:21.915593 486356 lm_feature_timing.cpp:80] node dpath/a_lt_b/n12:395001 resistance 12.412 cap 0.00065792 slew 0.020683 delay 0.011754 power 5.32916e-06
I0313 15:42:21.919876 486275 lm_feature_timing.cpp:80] node dpath/a_lt_b/n14:400033 resistance 15.836 cap 0.000624084 slew 0.020585 delay 0.0126448 power 5.05508e-06
I0313 15:42:21.848718 486318 lm_feature_timing.cpp:80] node dpath/a_mux_out[6]:1107273 resistance 8.132 cap 0.000884699 slew 0.017149 delay 0.007863 power 9.47834e-05
I0313 15:42:21.848798 486408 lm_feature_timing.cpp:80] node dpath/a_mux_out[3]:377280 resistance 0 cap 0.000762931 slew 0.015352 delay 0 power 7.1185e-05
I0313 15:42:21.915673 486335 lm_feature_timing.cpp:80] node dpath/b_reg/FE_OFN2_ctrl_b_reg_en_0:767897 resistance 113.42 cap 0.00157479 slew 0.0278472 delay 0.524367 power 0.000118958
I0313 15:42:21.919958 486356 lm_feature_timing.cpp:80] node dpath/a_lt_b/U10:B2 resistance 13.696 cap 0.000600779 slew 0.020683 delay 0.0130546 power 4.86631e-06
I0313 15:42:21.915735 486401 lm_feature_timing.cpp:80] node dpath/a_mux_out[15]:796985 resistance 0.428 cap 0.00100881 slew 0.016859 delay 0.000435124 power 0.000178963
I0313 15:42:21.915766 486257 lm_feature_timing.cpp:80] node dpath/a_reg/n5:735979 resistance 7.704 cap 0.00101797 slew 0.018395 delay 0.00791213 power 6.02205e-05
I0313 15:42:21.919984 486408 lm_feature_timing.cpp:137] net dpath/a_mux_out[3] resistance 18.832 cap 0.000762931 slew 0.00117847 delay 0.00629712 power 5.63157e-08
I0313 15:42:21.920020 486335 lm_feature_timing.cpp:80] node dpath/b_reg/FE_OFN2_ctrl_b_reg_en_0:763707 resistance 109.14 cap 0.00161962 slew 0.0278472 delay 0.517627 power 0.000122344
I0313 15:42:21.846621 486372 lm_feature_timing.cpp:80] node dpath/a_mux/n10:445968 resistance 3.852 cap 0.000945216 slew 0.037124 delay 0.00364097 power 5.3467e-05
I0313 15:42:21.920037 486356 lm_feature_timing.cpp:80] node dpath/a_lt_b/n12:387434 resistance 13.696 cap 0.000633276 slew 0.020683 delay 0.0130546 power 5.12954e-06
I0313 15:42:21.915998 486266 lm_feature_timing.cpp:80] node dpath/a_mux_out[12]:477845 resistance 39.804 cap 0.000574604 slew 0.018929 delay 0.0387123 power 9.39211e-05
I0313 15:42:21.920066 486401 lm_feature_timing.cpp:80] node dpath/a_mux_out[15]:445024 resistance 0 cap 0.00102448 slew 0.016859 delay 0 power 0.000181742
I0313 15:42:21.916070 486388 lm_feature_timing.cpp:80] node ctrl/state_out[0]:781955 resistance 67.624 cap 0.00167486 slew 0.0498893 delay 0.2292 power 0.00014911
I0313 15:42:21.848917 486405 lm_feature_timing.cpp:137] net dpath/a_mux/n8 resistance 8.56 cap 0.000676622 slew 0.000126086 delay 0.00270407 power 3.10017e-08
I0313 15:42:21.916114 486286 lm_feature_timing.cpp:80] node dpath/a_reg/U13:A1 resistance 269.212 cap 0.000625986 slew 0.0402399 delay 2.53901 power 5.07049e-06
I0313 15:42:21.916183 486386 lm_feature_timing.cpp:80] node dpath/a_lt_b/U27:A1 resistance 63.344 cap 0.000684174 slew 0.0440891 delay 0.0986088 power 2.42076e-05
I0313 15:42:21.849908 486304 lm_feature_timing.cpp:80] node dpath/a_reg_out[7]:424364 resistance 27.392 cap 0.000615497 slew 0.0402571 delay 0.0866866 power 4.20825e-05
I0313 15:42:21.849959 486342 lm_feature_timing.cpp:80] node dpath/a_reg/n18:388329 resistance 85.6 cap 0.00629408 slew 0.0502106 delay 0.773999 power 5.0982e-05
I0313 15:42:21.916218 486290 lm_feature_timing.cpp:80] node dpath/b_reg_out[0]:409131 resistance 49.648 cap 0.000664379 slew 0.0405594 delay 0.147999 power 8.27296e-05
I0313 15:42:21.916256 486333 lm_feature_timing.cpp:80] node dpath/a_reg/n16:838045 resistance 0 cap 0.000867813 slew 0.022332 delay 0 power 0.000121252
I0313 15:42:21.849843 486120 lm_feature_timing.cpp:80] node dpath/CTS_1:469620 resistance 68.052 cap 0.000418247 slew 0.000816304 delay 0.630229 power 0.000135512
I0313 15:42:21.916275 486340 lm_feature_timing.cpp:80] node dpath/a_reg_out[11]:456933 resistance 44.084 cap 0.00318191 slew 0.0394354 delay 0.183542 power 0.000291842
I0313 15:42:21.920306 486333 lm_feature_timing.cpp:80] node dpath/a_reg/n16:852293 resistance 15.408 cap 0.000716095 slew 0.022332 delay 0.0110336 power 0.000100053
I0313 15:42:21.916302 486297 lm_feature_timing.cpp:80] node dpath/a_reg_out[5]:386597 resistance 57.78 cap 0.000615106 slew 0.0410005 delay 0.228584 power 3.92281e-05
I0313 15:42:21.920324 486304 lm_feature_timing.cpp:80] node dpath/a_reg_out[7]:438607 resistance 28.676 cap 0.00210431 slew 0.0402571 delay 0.100493 power 0.000143875
I0313 15:42:21.916334 486255 lm_feature_timing.cpp:80] node dpath/a_lt_b/n17:748645 resistance 0 cap 0.00113098 slew 0.02546 delay 0 power 4.56627e-05
I0313 15:42:21.849990 486271 lm_feature_timing.cpp:80] node ctrl/next_state__0[1]:778593 resistance 0.856 cap 0.000921308 slew 0.030897 delay 0.00078864 power 8.41181e-05
I0313 15:42:21.920399 486297 lm_feature_timing.cpp:80] node dpath/a_reg_out[5]:386598 resistance 58.208 cap 0.000607275 slew 0.0410005 delay 0.228844 power 3.87286e-05
I0313 15:42:21.844621 486296 lm_feature_timing.cpp:80] node dpath/b_reg/n6:768675 resistance 15.836 cap 0.000691428 slew 0.016914 delay 0.0114275 power 8.87879e-05
I0313 15:42:21.850050 486399 lm_feature_timing.cpp:80] node dpath/b_mux_out[9]:816485 resistance 2.996 cap 0.000704594 slew 0.016298 delay 0.00220833 power 8.91918e-05
I0313 15:42:21.916699 486331 lm_feature_timing.cpp:80] node dpath/b_reg/U3:A2 resistance 18.404 cap 0.000574604 slew 0.017135 delay 0.0138969 power 8.08498e-05
I0313 15:42:21.916703 486364 lm_feature_timing.cpp:80] node dpath/a_reg_out[15]:828017 resistance 10.272 cap 0.00145341 slew 0.027745 delay 0.0201222 power 0.000147093
I0313 15:42:21.920488 486297 lm_feature_timing.cpp:80] node dpath/b_mux/U7:B1 resistance 69.764 cap 0.00070467 slew 0.0410005 delay 0.238043 power 4.49399e-05
I0313 15:42:21.916752 486373 lm_feature_timing.cpp:80] node dpath/a_lt_b/n36:823017 resistance 17.976 cap 0.000848645 slew 0.045927 delay 0.0152552 power 1.98745e-05
I0313 15:42:21.836212 486350 lm_feature_timing.cpp:125] build net dpath/a_lt_b/n32 feature 
I0313 15:42:21.916824 486390 lm_feature_timing.cpp:80] node dpath/a_lt_b/n29:837307 resistance 9.844 cap 0.000794902 slew 0.020196 delay 0.00879243 power 6.43871e-06
I0313 15:42:21.920545 486331 lm_feature_timing.cpp:80] node dpath/b_mux_out[15]:447610 resistance 18.404 cap 0.0007551 slew 0.017135 delay 0.0138969 power 0.000106246
I0313 15:42:21.920564 486373 lm_feature_timing.cpp:80] node dpath/a_lt_b/n36:838095 resistance 0 cap 0.00102503 slew 0.045927 delay 0 power 2.40052e-05
