I0313 15:42:21.928937 486257 lm_feature_timing.cpp:80] node dpath/a_reg/n5:747697 resistance 25.68 cap 0.00058826 slew 0.018395 delay 0.0217466 power 3.48001e-05
I0313 15:42:21.916559 486252 lm_feature_timing.cpp:80] node dpath/a_lt_b/U5:ZN resistance 0 cap 0.00150731 slew 0.021423 delay 0 power 1.22092e-05
I0313 15:42:21.928947 486333 lm_feature_timing.cpp:137] net dpath/a_reg/n16 resistance 30.816 cap 0.000867813 slew 0.002577 delay 0.0110336 power 9.82139e-08
I0313 15:42:21.926574 486339 lm_feature_timing.cpp:80] node dpath/a_mux/n16:439278 resistance 0 cap 0.000780143 slew 0.020149 delay 0 power 4.99588e-05
I0313 15:42:21.928985 486342 lm_feature_timing.cpp:80] node dpath/a_reg/n18:809001 resistance 3.424 cap 0.019883 slew 0.050203 delay 0.0682048 power 0.000161052
I0313 15:42:21.920490 486399 lm_feature_timing.cpp:80] node dpath/b_mux_out[9]:821513 resistance 8.132 cap 0.000651541 slew 0.016298 delay 0.00555464 power 8.2476e-05
I0313 15:42:21.850087 486330 lm_feature_timing.cpp:80] node dpath/a_mux_out[11]:477033 resistance 37.236 cap 0.000590266 slew 0.018599 delay 0.0354897 power 9.35143e-05
I0313 15:42:21.926640 486408 lm_feature_timing.cpp:80] node dpath/b_reg_out[5]:1092211 resistance 29.104 cap 0.000718895 slew 0.041096 delay 0.0530902 power 9.27288e-05
I0313 15:42:21.920526 486271 lm_feature_timing.cpp:80] node ctrl/next_state__0[1]:778555 resistance 17.12 cap 0.000589485 slew 0.030897 delay 0.0129773 power 5.38217e-05
I0313 15:42:21.850123 486404 lm_feature_timing.cpp:80] node dpath/b_mux_out[11]:464440 resistance 0 cap 0.000705376 slew 0.015792 delay 0 power 9.59044e-05
I0313 15:42:21.929085 486330 lm_feature_timing.cpp:80] node dpath/a_mux/U6:ZN resistance 0 cap 0.00132047 slew 0.018599 delay 0 power 0.000209199
I0313 15:42:21.929092 486408 lm_feature_timing.cpp:80] node dpath/b_reg_out[5]:1092201 resistance 24.824 cap 0.000763726 slew 0.041096 delay 0.0500134 power 9.85114e-05
I0313 15:42:21.916860 486380 lm_feature_timing.cpp:80] node dpath/a_mux_out[7]:782141 resistance 6.42 cap 0.00097436 slew 0.017289 delay 0.00667517 power 0.000108868
I0313 15:42:21.929108 486404 lm_feature_timing.cpp:137] net dpath/b_mux_out[11] resistance 12.84 cap 0.000705376 slew 0.000497375 delay 0.00410874 power 7.57239e-08
I0313 15:42:21.920605 486390 lm_feature_timing.cpp:80] node dpath/a_lt_b/n29:485347 resistance 9.844 cap 0.000893177 slew 0.020196 delay 0.00879243 power 7.23473e-06
I0313 15:42:21.920636 486297 lm_feature_timing.cpp:80] node dpath/a_reg_out[5]:388263 resistance 65.484 cap 0.000761443 slew 0.0410005 delay 0.235027 power 4.85606e-05
I0313 15:42:21.929174 486404 lm_feature_timing.cpp:125] build net dpath/sub/n19 feature 
I0313 15:42:21.926748 486373 lm_feature_timing.cpp:125] build net dpath/b_zero/n3 feature 
I0313 15:42:21.926767 486296 lm_feature_timing.cpp:80] node dpath/b_reg/n6:404152 resistance 0 cap 0.000883475 slew 0.016914 delay 0 power 0.000113449
I0313 15:42:21.929195 486380 lm_feature_timing.cpp:80] node dpath/a_mux_out[7]:787169 resistance 11.556 cap 0.000921308 slew 0.017289 delay 0.011407 power 0.00010294
I0313 15:42:21.926774 486120 lm_feature_timing.cpp:80] node dpath/CTS_1:439452 resistance 37.236 cap 0.000418247 slew 0.000676973 delay 0.376887 power 0.000135512
I0313 15:42:21.920737 486378 lm_feature_timing.cpp:80] node dpath/b_reg/n17:801261 resistance 0.856 cap 0.000686926 slew 0.015991 delay 0.000598231 power 9.50332e-05
I0313 15:42:21.929250 486296 lm_feature_timing.cpp:80] node dpath/b_reg/n6:404145 resistance 2.996 cap 0.000850978 slew 0.016914 delay 0.00254953 power 0.000109276
I0313 15:42:21.929279 486380 lm_feature_timing.cpp:80] node dpath/a_mux_out[7]:430181 resistance 6.42 cap 0.00103975 slew 0.017289 delay 0.00667517 power 0.000116173
I0313 15:42:21.926865 486331 lm_feature_timing.cpp:125] build net dpath/b_zero/n4 feature 
I0313 15:42:21.926885 486269 lm_feature_timing.cpp:80] node dpath/b_reg_out[10]:845807 resistance 0.428 cap 0.00537881 slew 0.039955 delay 0.00230548 power 0.000468017
I0313 15:42:21.926903 486347 lm_feature_timing.cpp:80] node dpath/a_mux_out[9]:1496139 resistance 30.388 cap 0.00140269 slew 0.0222031 delay 0.0516844 power 0.000169618
I0313 15:42:21.929342 486296 lm_feature_timing.cpp:80] node dpath/b_reg/n6:404152 resistance 0 cap 0.000883475 slew 0.016914 delay 0 power 0.000113449
I0313 15:42:21.917405 486276 lm_feature_timing.cpp:80] node dpath/b_reg/n16:813845 resistance 1.284 cap 0.000867813 slew 0.01706 delay 0.00113488 power 0.000142406
I0313 15:42:21.929375 486269 lm_feature_timing.cpp:80] node dpath/b_reg_out[10]:493846 resistance 0 cap 0.00539447 slew 0.039955 delay 0 power 0.00046938
I0313 15:42:21.926934 486395 lm_feature_timing.cpp:80] node dpath/a_lt_b/n34:469376 resistance 0 cap 0.00109012 slew 0.019827 delay 0 power 8.82995e-06
I0313 15:42:21.929404 486347 lm_feature_timing.cpp:80] node dpath/a_mux_out[9]:1529659 resistance 64.628 cap 0.00107009 slew 0.0222031 delay 0.0883242 power 0.000129398
I0313 15:42:21.926983 486326 lm_feature_timing.cpp:80] node dpath/a_mux/U15:B1 resistance 100.58 cap 0.000647571 slew 0.0377073 delay 0.763049 power 4.14692e-05
I0313 15:42:21.929435 486276 lm_feature_timing.cpp:80] node dpath/b_reg/n16:828929 resistance 16.692 cap 0.000716095 slew 0.01706 delay 0.0121685 power 0.000117509
I0313 15:42:21.929450 486404 lm_feature_timing.cpp:80] node dpath/sub/n19:806427 resistance 4.28 cap 0.0014634 slew 0.015164 delay 0.00645522 power 0.000276907
I0313 15:42:21.929469 486395 lm_feature_timing.cpp:80] node dpath/a_lt_b/n34:469369 resistance 2.996 cap 0.00105762 slew 0.019827 delay 0.00316863 power 8.56672e-06
I0313 15:42:21.917904 486362 lm_feature_timing.cpp:80] node dpath/a_lt_b/n30:492077 resistance 36.38 cap 0.00133943 slew 0.0375951 delay 0.0608655 power 2.83284e-05
I0313 15:42:21.927078 486364 lm_feature_timing.cpp:80] node dpath/a_reg_out[15]:803709 resistance 22.256 cap 0.00172315 slew 0.027745 delay 0.0428505 power 0.000174392
I0313 15:42:21.927115 486283 lm_feature_timing.cpp:80] node dpath/a_reg/n1:479387 resistance 0 cap 0.000759415 slew 0.011477 delay 0 power 0.000131223
I0313 15:42:21.929520 486326 lm_feature_timing.cpp:80] node dpath/a_mux/FE_OFN4_n16:730127 resistance 100.58 cap 0.000659513 slew 0.0377073 delay 0.763049 power 4.22339e-05
I0313 15:42:21.929544 486395 lm_feature_timing.cpp:80] node dpath/a_lt_b/n34:469376 resistance 0 cap 0.00109012 slew 0.019827 delay 0 power 8.82995e-06
I0313 15:42:21.921120 486338 lm_feature_timing.cpp:80] node dpath/a_mux_out[0]:384691 resistance 1.284 cap 0.00089253 slew 0.016457 delay 0.00114601 power 5.96285e-05
I0313 15:42:21.929574 486283 lm_feature_timing.cpp:80] node dpath/a_reg/n1:479377 resistance 4.28 cap 0.000714584 slew 0.011477 delay 0.00305842 power 0.000123476
I0313 15:42:21.927137 486308 lm_feature_timing.cpp:80] node dpath/a_lt_b/n35:485284 resistance 14.124 cap 0.000409768 slew 0.033561 delay 0.0179447 power 9.59469e-06
I0313 15:42:21.927158 486315 lm_feature_timing.cpp:125] build net dpath/sub/n13 feature 
I0313 15:42:21.927135 486366 lm_feature_timing.cpp:80] node dpath/a_reg_out[14]:1185865 resistance 24.824 cap 0.0017609 slew 0.0404481 delay 0.0768424 power 0.000246034
I0313 15:42:21.929612 486395 lm_feature_timing.cpp:80] node dpath/a_lt_b/n34:469369 resistance 2.996 cap 0.00105762 slew 0.019827 delay 0.00316863 power 8.56672e-06
I0313 15:42:21.929625 486338 lm_feature_timing.cpp:80] node dpath/a_mux_out[0]:736651 resistance 1.284 cap 0.000876477 slew 0.016457 delay 0.00114601 power 5.8556e-05
I0313 15:42:21.927210 486400 lm_feature_timing.cpp:80] node dpath/a_mux/n7:732643 resistance 0 cap 0.000897838 slew 0.036128 delay 0 power 5.0787e-05
I0313 15:42:21.850701 486299 lm_feature_timing.cpp:80] node dpath/b_reg/n13:844085 resistance 29.532 cap 0.000847649 slew 0.018543 delay 0.0251574 power 0.000115258
I0313 15:42:21.927227 486298 lm_feature_timing.cpp:80] node dpath/a_lt_b/U23:B2 resistance 35.096 cap 0.000718455 slew 0.0405131 delay 0.0937418 power 9.34978e-05
I0313 15:42:21.994947 486400 lm_feature_timing.cpp:137] net dpath/a_mux/n7 resistance 30.816 cap 0.000897838 slew 0.00185727 delay 0.0114644 power 4.11375e-08
I0313 15:42:21.921803 486309 lm_feature_timing.cpp:80] node dpath/a_reg_out[9]:839127 resistance 51.36 cap 0.00068798 slew 0.0459835 delay 0.214964 power 5.01997e-05
I0313 15:42:21.995074 486400 lm_feature_timing.cpp:125] build net dpath/sub/n20 feature 
I0313 15:42:21.995076 486299 lm_feature_timing.cpp:80] node dpath/b_reg/n13:816429 resistance 0.428 cap 0.00113092 slew 0.018543 delay 0.000487386 power 0.000153776
I0313 15:42:21.995141 486309 lm_feature_timing.cpp:80] node dpath/a_lt_b/U25:A1 resistance 51.36 cap 0.00046758 slew 0.0459835 delay 0.220303 power 3.41178e-05
I0313 15:42:21.995146 486298 lm_feature_timing.cpp:80] node dpath/b_reg_out[7]:426010 resistance 21.4 cap 0.00269977 slew 0.0405131 delay 0.0797734 power 0.000351341
I0313 15:42:21.995211 486309 lm_feature_timing.cpp:80] node dpath/a_reg_out[9]:477105 resistance 51.36 cap 0.000483633 slew 0.0459835 delay 0.220303 power 3.52892e-05
I0313 15:42:21.995260 486309 lm_feature_timing.cpp:80] node dpath/a_reg_out[9]:477102 resistance 50.076 cap 0.00156046 slew 0.0459835 delay 0.219682 power 0.000113861
I0313 15:42:21.927273 486293 lm_feature_timing.cpp:80] node dpath/a_reg/out_reg_13_:D resistance 63.772 cap 0.000576318 slew 0.0226471 delay 0.0765404 power 5.56656e-05
I0313 15:42:21.995309 486309 lm_feature_timing.cpp:80] node dpath/a_reg_out[9]:477105 resistance 51.36 cap 0.000483633 slew 0.0459835 delay 0.220303 power 3.52892e-05
I0313 15:42:21.927306 486377 lm_feature_timing.cpp:80] node dpath/a_reg_out[4]:742781 resistance 47.508 cap 0.00526605 slew 0.0490072 delay 0.28861 power 0.000323715
I0313 15:42:21.995360 486309 lm_feature_timing.cpp:80] node dpath/a_reg_out[9]:477097 resistance 52.216 cap 0.000971107 slew 0.0459835 delay 0.22176 power 7.08586e-05
I0313 15:42:21.921849 486349 lm_feature_timing.cpp:125] build net dpath/b_reg_out[8] feature 
I0313 15:42:21.995407 486309 lm_feature_timing.cpp:80] node dpath/a_reg_out[9]:829057 resistance 52.216 cap 0.000946832 slew 0.0459835 delay 0.22176 power 6.90873e-05
I0313 15:42:21.995424 486400 lm_feature_timing.cpp:80] node dpath/sub/U12:B resistance 12.84 cap 0.00190425 slew 0.024344 delay 0.0260883 power 1.54244e-05
I0313 15:42:21.995452 486309 lm_feature_timing.cpp:80] node dpath/a_reg_out[9]:477097 resistance 52.216 cap 0.000971107 slew 0.0459835 delay 0.22176 power 7.08586e-05
I0313 15:42:21.927278 486375 lm_feature_timing.cpp:80] node dpath/a_lt_b/n2:731687 resistance 0 cap 0.000709511 slew 0.023105 delay 0 power 1.14941e-05
I0313 15:42:21.927390 486389 lm_feature_timing.cpp:80] node dpath/b_mux_out[8]:462021 resistance 29.532 cap 0.000627657 slew 0.018669 delay 0.0256791 power 7.87315e-05
I0313 15:42:21.995637 486375 lm_feature_timing.cpp:80] node dpath/a_lt_b/n2:737553 resistance 5.992 cap 0.000648236 slew 0.023105 delay 0.00388423 power 1.05014e-05
I0313 15:42:21.850798 486294 lm_feature_timing.cpp:80] node dpath/b_reg/n2:759379 resistance 0.856 cap 0.000917146 slew 0.017303 delay 0.000795299 power 0.000114205
I0313 15:42:21.995733 486349 lm_feature_timing.cpp:80] node dpath/b_reg_out[8]:808151 resistance 37.664 cap 0.00374295 slew 0.0374575 delay 0.163842 power 0.000489247
I0313 15:42:21.927430 486302 lm_feature_timing.cpp:80] node dpath/a_lt_b/n31:834789 resistance 9.416 cap 0.00105825 slew 0.048638 delay 0.0099645 power 2.4014e-05
I0313 15:42:21.927464 486301 lm_feature_timing.cpp:80] node dpath/a_reg_out[0]:372971 resistance 28.248 cap 0.000644485 slew 0.0390441 delay 0.0784118 power 2.9588e-05
I0313 15:42:21.927471 486407 lm_feature_timing.cpp:80] node dpath/b_mux_out[5]:409196 resistance 25.68 cap 0.000582435 slew 0.018108 delay 0.0214086 power 7.10512e-05
I0313 15:42:21.927487 486270 lm_feature_timing.cpp:80] node dpath/b_reg/n1:762017 resistance 204.156 cap 0.00260511 slew 0.0414223 delay 1.70175 power 0.000196787
I0313 15:42:21.995910 486302 lm_feature_timing.cpp:80] node dpath/a_lt_b/n31:482829 resistance 9.416 cap 0.000964089 slew 0.048638 delay 0.0099645 power 2.18772e-05
I0313 15:42:21.995961 486301 lm_feature_timing.cpp:80] node dpath/a_reg_out[0]:724931 resistance 28.248 cap 0.00196766 slew 0.0390441 delay 0.0784118 power 9.03342e-05
I0313 15:42:21.995997 486270 lm_feature_timing.cpp:80] node dpath/b_reg/n1:1113977 resistance 204.156 cap 0.00283905 slew 0.0414223 delay 1.70175 power 0.000214458
I0313 15:42:21.927523 486403 lm_feature_timing.cpp:80] node dpath/b_reg/n12:841613 resistance 25.68 cap 0.00114208 slew 0.019979 delay 0.0293287 power 9.9374e-05
I0313 15:42:21.927529 486322 lm_feature_timing.cpp:80] node CTS_1:776185 resistance 73.616 cap 0.000430189 slew 0.000313884 delay 0.326972 power 0.000139381
I0313 15:42:21.922204 486392 lm_feature_timing.cpp:80] node dpath/a_reg_out[3]:1087985 resistance 27.82 cap 0.00078389 slew 0.042396 delay 0.0529296 power 4.6373e-05
I0313 15:42:21.996136 486322 lm_feature_timing.cpp:80] node dpath/a_reg/out_reg_3_:CP resistance 100.152 cap 0.000418247 slew 0.00031565 delay 0.361178 power 0.000135512
I0313 15:42:21.996170 486403 lm_feature_timing.cpp:80] node dpath/b_reg/U8:Z resistance 0 cap 0.00139247 slew 0.019979 delay 0 power 0.00012116
I0313 15:42:21.996197 486322 lm_feature_timing.cpp:80] node CTS_1:394051 resistance 100.152 cap 0.000418247 slew 0.00031565 delay 0.361178 power 0.000135512
I0313 15:42:21.996197 486392 lm_feature_timing.cpp:80] node dpath/a_reg_out[3]:1087959 resistance 16.692 cap 0.000894498 slew 0.042396 delay 0.0442065 power 5.29163e-05
I0313 15:42:21.996249 486403 lm_feature_timing.cpp:80] node dpath/b_reg/n12:464513 resistance 0 cap 0.00139247 slew 0.019979 delay 0 power 0.00012116
I0313 15:42:21.996263 486322 lm_feature_timing.cpp:80] node dpath/a_reg/out_reg_2_:CP resistance 98.44 cap 0.000418247 slew 0.00031564 delay 0.360269 power 0.000135512
I0313 15:42:21.922224 486370 lm_feature_timing.cpp:80] node dpath/a_mux/n13:380713 resistance 14.552 cap 0.000705791 slew 0.035942 delay 0.0106487 power 3.99237e-05
I0313 15:42:21.922200 486358 lm_feature_timing.cpp:80] node dpath/b_reg_out[11]:440152 resistance 82.176 cap 0.000580429 slew 0.0414827 delay 0.274642 power 7.89233e-05
I0313 15:42:21.996328 486322 lm_feature_timing.cpp:80] node CTS_1:402419 resistance 98.44 cap 0.000418247 slew 0.00031564 delay 0.360269 power 0.000135512
I0313 15:42:21.996354 486370 lm_feature_timing.cpp:80] node dpath/a_mux/n13:730981 resistance 0 cap 0.000881394 slew 0.035942 delay 0 power 4.98568e-05
I0313 15:42:21.996387 486322 lm_feature_timing.cpp:80] node CTS_1:402419 resistance 98.44 cap 0.000418247 slew 0.00031564 delay 0.360269 power 0.000135512
I0313 15:42:21.996412 486370 lm_feature_timing.cpp:80] node dpath/a_mux/n13:729307 resistance 2.568 cap 0.000853007 slew 0.035942 delay 0.00219052 power 4.82511e-05
I0313 15:42:21.925168 486352 lm_feature_timing.cpp:80] node dpath/a_lt_b/U18:B1 resistance 17.976 cap 0.000663624 slew 0.031625 delay 0.0152954 power 1.07507e-05
I0313 15:42:21.996438 486358 lm_feature_timing.cpp:80] node dpath/b_reg_out[11]:440151 resistance 81.748 cap 0.00058826 slew 0.0414827 delay 0.274394 power 7.99881e-05
I0313 15:42:21.996469 486370 lm_feature_timing.cpp:80] node dpath/a_mux/n13:377347 resistance 2.568 cap 0.000824621 slew 0.035942 delay 0.00219052 power 4.66454e-05
I0313 15:42:21.996503 486358 lm_feature_timing.cpp:80] node dpath/b_reg_out[11]:440152 resistance 82.176 cap 0.000580429 slew 0.0414827 delay 0.274642 power 7.89233e-05
I0313 15:42:21.996524 486370 lm_feature_timing.cpp:80] node dpath/a_mux/n13:380713 resistance 14.552 cap 0.000705791 slew 0.035942 delay 0.0106487 power 3.99237e-05
I0313 15:42:21.996551 486370 lm_feature_timing.cpp:137] net dpath/a_mux/n13 resistance 29.104 cap 0.000881394 slew 0.00161051 delay 0.0106487 power 4.0384e-08
I0313 15:42:21.927618 486254 lm_feature_timing.cpp:80] node dpath/a_lt_b/n27:484601 resistance 8.132 cap 0.00115082 slew 0.01901 delay 0.00935851 power 9.32168e-06
I0313 15:42:21.927636 486314 lm_feature_timing.cpp:80] node dpath/b_mux/n1:1518731 resistance 39.376 cap 0.00738779 slew 0.0427562 delay 0.413983 power 0.000717565
I0313 15:42:21.927652 486391 lm_feature_timing.cpp:80] node dpath/b_mux_out[13]:464377 resistance 2.996 cap 0.000959089 slew 0.017469 delay 0.00287343 power 0.000132735
I0313 15:42:21.927654 486262 lm_feature_timing.cpp:80] node dpath/b_mux/U12:B1 resistance 56.068 cap 0.000671781 slew 0.0393865 delay 0.218376 power 0
I0313 15:42:21.996716 486314 lm_feature_timing.cpp:80] node dpath/b_mux/n1:1492753 resistance 12.84 cap 0.0162083 slew 0.0427546 delay 0.217941 power 0.00157429
I0313 15:42:21.927670 486253 lm_feature_timing.cpp:80] node dpath/b_reg_out[12]:1175047 resistance 37.236 cap 0.00251857 slew 0.0348662 delay 0.125234 power 0.000344043
I0313 15:42:21.918849 486305 lm_feature_timing.cpp:80] node dpath/b_reg/n14:467784 resistance 0 cap 0.00140969 slew 0.020042 delay 0 power 0.000192567
I0313 15:42:21.996788 486314 lm_feature_timing.cpp:80] node dpath/b_mux/n1:1518731 resistance 39.376 cap 0.00738779 slew 0.0427562 delay 0.413983 power 0.000717565
I0313 15:42:21.925308 486282 lm_feature_timing.cpp:80] node dpath/a_reg/n11:477156 resistance 0 cap 0.000867031 slew 0.01698 delay 0 power 6.32645e-05
I0313 15:42:21.918891 486361 lm_feature_timing.cpp:80] node ctrl/n1:431657 resistance 27.82 cap 0.00061761 slew 0.029815 delay 0.024703 power 1.00053e-05
I0313 15:42:21.927779 486346 lm_feature_timing.cpp:80] node dpath/b_mux_out[4]:753581 resistance 16.692 cap 0.000734545 slew 0.017183 delay 0.0123328 power 8.87614e-05
I0313 15:42:21.927806 486321 lm_feature_timing.cpp:80] node dpath/a_lt_b/n7:736769 resistance 21.828 cap 0.00135725 slew 0.021289 delay 0.0343125 power 2.47359e-05
I0313 15:42:21.927816 486341 lm_feature_timing.cpp:80] node dpath/a_mux/U9:ZN resistance 0 cap 0.000921722 slew 0.036398 delay 0 power 5.2138e-05
I0313 15:42:21.845922 486409 lm_feature_timing.cpp:80] node dpath/a_mux/FE_OFN5_n18:394953 resistance 89.452 cap 0.000450488 slew 0.0317656 delay 0.683171 power 2.88483e-05
I0313 15:42:21.927840 486316 lm_feature_timing.cpp:80] node dpath/a_reg_out[6]:1104779 resistance 43.228 cap 0.00167566 slew 0.0449412 delay 0.166897 power 0.000110717
I0313 15:42:21.996963 486361 lm_feature_timing.cpp:80] node ctrl/n1:431661 resistance 26.108 cap 0.000637775 slew 0.029815 delay 0.0236457 power 1.03319e-05
I0313 15:42:21.996951 486305 lm_feature_timing.cpp:80] node dpath/b_reg/n14:852445 resistance 43.228 cap 0.000905204 slew 0.020042 delay 0.0425672 power 0.000123653
I0313 15:42:21.996997 486321 lm_feature_timing.cpp:80] node dpath/a_lt_b/n7:1088729 resistance 21.828 cap 0.00153364 slew 0.021289 delay 0.0343125 power 2.79505e-05
I0313 15:42:21.925501 486251 lm_feature_timing.cpp:80] node dpath/b_reg/n7:410052 resistance 0 cap 0.000998585 slew 0.017663 delay 0 power 0.000128805
I0313 15:42:21.997058 486321 lm_feature_timing.cpp:80] node dpath/a_lt_b/n7:1088687 resistance 3.852 cap 0.00171002 slew 0.021289 delay 0.00674386 power 3.11651e-05
I0313 15:42:21.927927 486382 lm_feature_timing.cpp:80] node dpath/b_reg/n5:419196 resistance 0 cap 0.00078481 slew 0.016388 delay 0 power 0.000100325
I0313 15:42:21.997076 486361 lm_feature_timing.cpp:80] node ctrl/n1:1133067 resistance 23.54 cap 0.000714712 slew 0.029815 delay 0.021935 power 1.15783e-05
I0313 15:42:21.997092 486305 lm_feature_timing.cpp:80] node dpath/b_reg/n14:819763 resistance 8.132 cap 0.00124603 slew 0.020042 delay 0.0107982 power 0.000170211
I0313 15:42:21.997120 486382 lm_feature_timing.cpp:137] net dpath/b_reg/n5 resistance 21.4 cap 0.00078481 slew 0.00140831 delay 0.00721337 power 8.12634e-08
I0313 15:42:21.927985 486396 lm_feature_timing.cpp:80] node dpath/a_mux/n9:433504 resistance 8.132 cap 0.000891772 slew 0.037386 delay 0.00744452 power 5.04439e-05
I0313 15:42:21.997164 486361 lm_feature_timing.cpp:80] node ctrl/n1:1133071 resistance 21.828 cap 0.000734876 slew 0.029815 delay 0.0207114 power 1.1905e-05
I0313 15:42:21.851531 486360 lm_feature_timing.cpp:80] node dpath/a_lt_b/n4:735191 resistance 10.7 cap 0.000661477 slew 0.021374 delay 0.00825553 power 5.35797e-06
I0313 15:42:21.928043 486406 lm_feature_timing.cpp:80] node dpath/a_reg/n19:498930 resistance 18.832 cap 0.000675426 slew 1.68076e-05 delay 0.0157169 power 0
I0313 15:42:21.997269 486396 lm_feature_timing.cpp:80] node dpath/a_mux/n9:433504 resistance 8.132 cap 0.000891772 slew 0.037386 delay 0.00744452 power 5.04439e-05
I0313 15:42:21.997292 486360 lm_feature_timing.cpp:80] node dpath/a_lt_b/n4:738543 resistance 14.124 cap 0.000624869 slew 0.021374 delay 0.0103951 power 5.06144e-06
I0313 15:42:21.997345 486360 lm_feature_timing.cpp:80] node dpath/a_lt_b/n4:735191 resistance 10.7 cap 0.000661477 slew 0.021374 delay 0.00825553 power 5.35797e-06
I0313 15:42:21.928164 486274 lm_feature_timing.cpp:80] node dpath/sub/n14:384737 resistance 0.856 cap 0.00233172 slew 0.024598 delay 0.00199595 power 1.88869e-05
I0313 15:42:21.997400 486360 lm_feature_timing.cpp:80] node dpath/a_lt_b/n4:1087151 resistance 10.7 cap 0.000730974 slew 0.021374 delay 0.00825553 power 5.92089e-06
I0313 15:42:21.928131 486284 lm_feature_timing.cpp:80] node dpath/a_lt_b/n10:1098071 resistance 8.56 cap 0.000834142 slew 0.022374 delay 0.0143467 power 6.75655e-06
I0313 15:42:21.997504 486274 lm_feature_timing.cpp:80] node dpath/sub/n14:736697 resistance 0.856 cap 0.00231978 slew 0.024598 delay 0.00199595 power 1.87902e-05
I0313 15:42:21.928179 486289 lm_feature_timing.cpp:80] node dpath/a_mux_out[4]:721783 resistance 10.272 cap 0.00127036 slew 0.019269 delay 0.0141008 power 0.00012441
I0313 15:42:21.997582 486274 lm_feature_timing.cpp:80] node dpath/sub/n14:384735 resistance 0 cap 0.00234366 slew 0.024598 delay 0 power 1.89836e-05
I0313 15:42:21.928186 486279 lm_feature_timing.cpp:80] node ctrl/state_out[1]:777739 resistance 2.996 cap 0.000849255 slew 0.029421 delay 0.00964433 power 7.75394e-05
I0313 15:42:21.925850 486368 lm_feature_timing.cpp:80] node dpath/a_mux/U2:ZN resistance 0 cap 0.00064193 slew 0.018175 delay 0 power 4.11079e-05
I0313 15:42:21.928237 486325 lm_feature_timing.cpp:137] net dpath/a_mux_out[13] resistance 40.232 cap 0.000983365 slew 0.00527709 delay 0.0156541 power 1.31526e-07
I0313 15:42:21.928246 486320 lm_feature_timing.cpp:80] node dpath/b_reg_out[15]:448489 resistance 8.56 cap 0.000472907 slew 0.0432431 delay 0.0228523 power 6.54246e-05
I0313 15:42:21.997709 486368 lm_feature_timing.cpp:80] node dpath/a_mux/n18:439289 resistance 0 cap 0.00064193 slew 0.018175 delay 0 power 4.11079e-05
I0313 15:42:21.919584 486376 lm_feature_timing.cpp:137] net dpath/a_lt_b/n6 resistance 36.808 cap 0.00104822 slew 0.00663111 delay 0.0158869 power 1.37548e-08
I0313 15:42:21.997738 486368 lm_feature_timing.cpp:137] net dpath/a_mux/n18 resistance 2.568 cap 0.00064193 slew 1.77579e-05 delay 0.000803626 power 3.32974e-08
I0313 15:42:21.925972 486307 lm_feature_timing.cpp:80] node dpath/a_reg_out[1]:377193 resistance 38.092 cap 0.00136242 slew 0.0420913 delay 0.175095 power 7.39633e-05
I0313 15:42:21.997771 486368 lm_feature_timing.cpp:125] build net dpath/sub/n25 feature 
I0313 15:42:21.997777 486376 lm_feature_timing.cpp:125] build net dpath/sub/n24 feature 
I0313 15:42:21.926028 486384 lm_feature_timing.cpp:80] node dpath/b_mux_out[3]:404132 resistance 0 cap 0.000884699 slew 0.016915 delay 0 power 0.000105882
I0313 15:42:21.997781 486289 lm_feature_timing.cpp:80] node dpath/a_mux_out[4]:727649 resistance 16.264 cap 0.00120908 slew 0.019269 delay 0.0213456 power 0.000118409
I0313 15:42:21.997817 486320 lm_feature_timing.cpp:80] node dpath/b_reg_out[15]:448487 resistance 7.704 cap 0.000484849 slew 0.0432431 delay 0.0224475 power 6.70768e-05
I0313 15:42:21.928314 486310 lm_feature_timing.cpp:80] node dpath/b_mux_out[6]:756147 resistance 0.428 cap 0.000860815 slew 0.016905 delay 0.00037178 power 0.000106
I0313 15:42:21.919693 486285 lm_feature_timing.cpp:80] node dpath/a_lt_b/n3:386422 resistance 3.852 cap 0.00120418 slew 0.018363 delay 0.00463851 power 9.75387e-06
I0313 15:42:21.919795 486385 lm_feature_timing.cpp:80] node ctrl/state/n1:776021 resistance 16.692 cap 0.00151375 slew 2.72699e-05 delay 0.0259137 power 1.22614e-05
I0313 15:42:21.997941 486310 lm_feature_timing.cpp:137] net dpath/b_mux_out[6] resistance 29.104 cap 0.000876477 slew 0.0028348 delay 0.0105581 power 8.56484e-08
I0313 15:42:21.926141 486397 lm_feature_timing.cpp:80] node dpath/b_reg_out[2]:414956 resistance 0 cap 0.0047109 slew 0.035629 delay 0 power 0.000599437
I0313 15:42:21.928472 486357 lm_feature_timing.cpp:80] node dpath/a_reg/n3:388922 resistance 0 cap 0.00127814 slew 0.019387 delay 0 power 6.9388e-05
I0313 15:42:21.928488 486393 lm_feature_timing.cpp:125] build net dpath/sub/n16 feature 
I0313 15:42:21.928395 486278 lm_feature_timing.cpp:80] node ctrl_b_mux_sel_0_:1097833 resistance 306.448 cap 0.0011223 slew 0.0310982 delay 2.97641 power 0.000109008
I0313 15:42:21.926211 486288 lm_feature_timing.cpp:80] node dpath/a_mux/U5:A1 resistance 24.824 cap 0.0106929 slew 0.0264742 delay 0.28075 power 0.000342374
I0313 15:42:21.928498 486259 lm_feature_timing.cpp:80] node dpath/b_mux_out[0]:409076 resistance 17.976 cap 0.000615324 slew 0.017178 delay 0.0136144 power 6.95669e-05
I0313 15:42:21.998127 486357 lm_feature_timing.cpp:80] node dpath/a_reg/n3:388903 resistance 8.132 cap 0.00119631 slew 0.019387 delay 0.00972837 power 6.49455e-05
I0313 15:42:21.998134 486397 lm_feature_timing.cpp:80] node dpath/b_reg_out[2]:414963 resistance 2.996 cap 0.0046784 slew 0.035629 delay 0.0140165 power 0.000595302
I0313 15:42:21.919938 486275 lm_feature_timing.cpp:80] node dpath/a_lt_b/n14:751993 resistance 15.836 cap 0.000775802 slew 0.020585 delay 0.0126448 power 6.284e-06
I0313 15:42:21.928474 486363 lm_feature_timing.cpp:80] node dpath/sub/U24:I resistance 80.892 cap 0.000599444 slew 0.043787 delay 0.301554 power 7.86986e-05
I0313 15:42:21.998231 486397 lm_feature_timing.cpp:80] node dpath/a_mux/U17:A2 resistance 41.944 cap 0.000572598 slew 0.0356292 delay 0.122835 power 7.28601e-05
I0313 15:42:21.998243 486259 lm_feature_timing.cpp:80] node dpath/b_mux_out[0]:394825 resistance 1.284 cap 0.000926201 slew 0.017178 delay 0.00118924 power 0.000104714
I0313 15:42:21.928622 486303 lm_feature_timing.cpp:80] node dpath/a_mux/U8:ZN resistance 0 cap 0.000975925 slew 0.016524 delay 0 power 8.15541e-05
I0313 15:42:21.928622 486328 lm_feature_timing.cpp:80] node dpath/b_reg/n9:774615 resistance 0 cap 0.00083336 slew 0.016665 delay 0 power 0.000108451
I0313 15:42:21.998297 486275 lm_feature_timing.cpp:80] node dpath/a_lt_b/n14:751993 resistance 15.836 cap 0.000775802 slew 0.020585 delay 0.0126448 power 6.284e-06
I0313 15:42:21.926275 486300 lm_feature_timing.cpp:80] node dpath/a_mux/n5:737483 resistance 9.844 cap 0.000631792 slew 0.035087 delay 0.00681233 power 3.57379e-05
I0313 15:42:21.928632 486292 lm_feature_timing.cpp:80] node dpath/a_reg/n13:830697 resistance 5.992 cap 0.0011503 slew 0.019329 delay 0.00722643 power 0.000105505
I0313 15:42:21.998384 486275 lm_feature_timing.cpp:80] node dpath/a_lt_b/n14:767077 resistance 0.428 cap 0.000927521 slew 0.020585 delay 0.000691258 power 7.51292e-06
I0313 15:42:21.928671 486383 lm_feature_timing.cpp:80] node dpath/b_reg_out[14]:798776 resistance 53.928 cap 0.000674635 slew 0.0401761 delay 0.076858 power 0.000109291
I0313 15:42:21.926333 486265 lm_feature_timing.cpp:80] node dpath/a_lt_b/n8:738571 resistance 47.08 cap 0.000616441 slew 0.053906 delay 0.050494 power 9.93759e-06
I0313 15:42:21.998410 486363 lm_feature_timing.cpp:80] node dpath/b_reg_out[9]:440253 resistance 80.892 cap 0.000611386 slew 0.043787 delay 0.301554 power 8.02665e-05
I0313 15:42:21.928705 486369 lm_feature_timing.cpp:80] node dpath/b_reg_out[3]:1100537 resistance 38.092 cap 0.000848264 slew 0.0411981 delay 0.0743595 power 0.000108437
I0313 15:42:21.998467 486300 lm_feature_timing.cpp:80] node dpath/a_mux/n5:733293 resistance 5.564 cap 0.000676622 slew 0.035087 delay 0.00410826 power 3.82737e-05
I0313 15:42:21.928750 486295 lm_feature_timing.cpp:80] node dpath/a_mux_out[14]:456761 resistance 0 cap 0.00107398 slew 0.0173 delay 0 power 0.000185578
I0313 15:42:21.928761 486354 lm_feature_timing.cpp:80] node dpath/b_reg/n11:470421 resistance 4.708 cap 0.00122685 slew 0.019352 delay 0.00577601 power 0.000161068
I0313 15:42:21.928764 486311 lm_feature_timing.cpp:80] node clk:1412927 resistance 23.112 cap 0.00573049 slew 0.000328255 delay 0.137692 power 0.00185668
I0313 15:42:21.928771 486337 lm_feature_timing.cpp:80] node ctrl_a_mux_sel[0]:787035 resistance 42.372 cap 0.00137168 slew 0.0481361 delay 0.0888446 power 4.39198e-05
I0313 15:42:21.916306 486291 lm_feature_timing.cpp:80] node dpath/a_lt_b/n23:486323 resistance 1.712 cap 0.000797725 slew 0.024902 delay 0.00136571 power 1.29231e-05
I0313 15:42:21.998627 486295 lm_feature_timing.cpp:80] node dpath/a_mux_out[14]:476870 resistance 23.54 cap 0.000640164 slew 0.0173 delay 0.0196739 power 0.000110617
I0313 15:42:21.928833 486356 lm_feature_timing.cpp:80] node dpath/a_lt_b/n12:396652 resistance 0 cap 0.00163007 slew 0.020683 delay 0 power 1.32036e-05
I0313 15:42:21.998667 486311 lm_feature_timing.cpp:80] node clk:1764887 resistance 23.112 cap 0.00593154 slew 0.000328255 delay 0.137692 power 0.00192182
I0313 15:42:21.926486 486318 lm_feature_timing.cpp:80] node dpath/a_mux_out[6]:396647 resistance 0.428 cap 0.00104797 slew 0.017149 delay 0.000448531 power 0.000112276
I0313 15:42:21.998703 486295 lm_feature_timing.cpp:80] node dpath/a_mux_out[14]:475199 resistance 19.688 cap 0.000680883 slew 0.0173 delay 0.017208 power 0.000117653
I0313 15:42:21.998709 486291 lm_feature_timing.cpp:80] node dpath/a_lt_b/n23:838283 resistance 1.712 cap 0.000777561 slew 0.024902 delay 0.00136571 power 1.25965e-05
I0313 15:42:21.928922 486260 lm_feature_timing.cpp:80] node dpath/b_reg_out[4]:379051 resistance 66.768 cap 0.00062783 slew 0.0371373 delay 0.175067 power 8.06212e-05
I0313 15:42:21.998744 486311 lm_feature_timing.cpp:80] node clk:1764839 resistance 2.568 cap 0.00613259 slew 0.000117663 delay 0.0158341 power 0.00198696
I0313 15:42:21.920423 486304 lm_feature_timing.cpp:80] node dpath/a_reg_out[7]:790567 resistance 28.676 cap 0.00219025 slew 0.0402571 delay 0.100493 power 0.000149751
I0313 15:42:21.998787 486291 lm_feature_timing.cpp:80] node dpath/a_lt_b/n23:486323 resistance 1.712 cap 0.000797725 slew 0.024902 delay 0.00136571 power 1.29231e-05
I0313 15:42:21.998790 486356 lm_feature_timing.cpp:80] node dpath/a_lt_b/n12:394981 resistance 3.852 cap 0.00158935 slew 0.020683 delay 0.00612218 power 1.28737e-05
I0313 15:42:21.998816 486311 lm_feature_timing.cpp:80] node clk:1764887 resistance 23.112 cap 0.00593154 slew 0.000328255 delay 0.137692 power 0.00192182
I0313 15:42:21.928987 486257 lm_feature_timing.cpp:80] node dpath/a_reg/n5:1099657 resistance 25.68 cap 0.000649535 slew 0.018395 delay 0.0217466 power 3.8425e-05
I0313 15:42:21.998831 486260 lm_feature_timing.cpp:80] node dpath/b_reg_out[4]:392451 resistance 49.648 cap 0.00177581 slew 0.0371373 delay 0.161818 power 0.000228036
I0313 15:42:21.929008 486333 lm_feature_timing.cpp:125] build net dpath/sub/n18 feature 
I0313 15:42:21.998870 486311 lm_feature_timing.cpp:80] node clk:1412879 resistance 2.568 cap 0.00614454 slew 0.000117663 delay 0.0158341 power 0.00199083
I0313 15:42:21.998881 486356 lm_feature_timing.cpp:80] node dpath/a_lt_b/n12:396652 resistance 0 cap 0.00163007 slew 0.020683 delay 0 power 1.32036e-05
I0313 15:42:21.998888 486304 lm_feature_timing.cpp:80] node dpath/a_reg_out[7]:782187 resistance 20.116 cap 0.00303029 slew 0.0402571 delay 0.0817449 power 0.000207186
I0313 15:42:21.998904 486257 lm_feature_timing.cpp:80] node dpath/a_reg/n5:746859 resistance 26.536 cap 0.000576318 slew 0.018395 delay 0.0222399 power 3.40936e-05
I0313 15:42:21.998930 486311 lm_feature_timing.cpp:80] node clk:1764839 resistance 2.568 cap 0.00613259 slew 0.000117663 delay 0.0158341 power 0.00198696
I0313 15:42:21.926674 486290 lm_feature_timing.cpp:80] node dpath/b_reg_out[0]:763587 resistance 39.376 cap 0.000803373 slew 0.0405594 delay 0.141174 power 0.000100037
I0313 15:42:21.929134 486408 lm_feature_timing.cpp:80] node dpath/b_reg_out[5]:1092211 resistance 29.104 cap 0.000718895 slew 0.041096 delay 0.0530902 power 9.27288e-05
I0313 15:42:21.929134 486330 lm_feature_timing.cpp:80] node dpath/a_mux_out[11]:445178 resistance 0 cap 0.00132047 slew 0.018599 delay 0 power 0.000209199
I0313 15:42:21.999046 486290 lm_feature_timing.cpp:80] node dpath/b_reg_out[0]:760209 resistance 24.824 cap 0.000659839 slew 0.0405594 delay 0.127845 power 8.21643e-05
I0313 15:42:21.850203 486306 lm_feature_timing.cpp:80] node dpath/a_mux_out[8]:821549 resistance 62.916 cap 0.000598488 slew 0.0212991 delay 0.0763435 power 6.96208e-05
I0313 15:42:21.926776 486405 lm_feature_timing.cpp:80] node dpath/b_reg_out[6]:402589 resistance 28.676 cap 0.000664439 slew 0.0373512 delay 0.0732992 power 8.60865e-05
I0313 15:42:21.999127 486408 lm_feature_timing.cpp:80] node dpath/a_lt_b/U20:A1 resistance 10.272 cap 0.000566143 slew 0.041096 delay 0.0227359 power 7.30256e-05
I0313 15:42:21.929221 486297 lm_feature_timing.cpp:80] node dpath/a_reg_out[5]:389101 resistance 64.628 cap 0.000818215 slew 0.0410005 delay 0.234375 power 5.21813e-05
I0313 15:42:21.999164 486306 lm_feature_timing.cpp:80] node dpath/a_mux_out[8]:1173509 resistance 62.916 cap 0.000758429 slew 0.0212991 delay 0.0763435 power 8.82264e-05
I0313 15:42:21.999164 486290 lm_feature_timing.cpp:80] node dpath/b_reg_out[0]:1112169 resistance 24.824 cap 0.00496919 slew 0.0405594 delay 0.127845 power 0.000618772
I0313 15:42:21.999197 486333 lm_feature_timing.cpp:80] node dpath/sub/n18:490421 resistance 2.568 cap 0.00228238 slew 0.024076 delay 0.00586116 power 1.84873e-05
I0313 15:42:21.929316 486378 lm_feature_timing.cpp:80] node dpath/b_reg/n17:807127 resistance 6.848 cap 0.000625651 slew 0.015991 delay 0.00434713 power 8.65561e-05
I0313 15:42:21.999228 486405 lm_feature_timing.cpp:80] node dpath/b_reg_out[6]:402596 resistance 31.672 cap 0.000631941 slew 0.0373512 delay 0.0751925 power 8.1876e-05
I0313 15:42:21.999248 486306 lm_feature_timing.cpp:80] node dpath/a_mux_out[8]:1173471 resistance 46.652 cap 0.00091837 slew 0.0212991 delay 0.0640084 power 0.000106832
I0313 15:42:21.929355 486380 lm_feature_timing.cpp:80] node dpath/a_mux_out[7]:782141 resistance 6.42 cap 0.00097436 slew 0.017289 delay 0.00667517 power 0.000108868
I0313 15:42:21.999265 486290 lm_feature_timing.cpp:80] node dpath/b_reg_out[0]:1112153 resistance 17.976 cap 0.00503869 slew 0.0405593 delay 0.0938162 power 0.000627426
I0313 15:42:21.926973 486277 lm_feature_timing.cpp:80] node dpath/a_lt_b/n16:770445 resistance 0 cap 0.000754085 slew 0.024183 delay 0 power 1.22162e-05
I0313 15:42:21.929433 486269 lm_feature_timing.cpp:80] node dpath/b_reg_out[10]:493847 resistance 0.428 cap 0.00538664 slew 0.039955 delay 0.00230548 power 0.000468698
I0313 15:42:21.999321 486378 lm_feature_timing.cpp:80] node dpath/b_reg/U3:Z resistance 0 cap 0.00071081 slew 0.015991 delay 0 power 9.83375e-05
I0313 15:42:21.999341 486290 lm_feature_timing.cpp:80] node dpath/b_reg_out[0]:1112169 resistance 24.824 cap 0.00496919 slew 0.0405594 delay 0.127845 power 0.000618772
I0313 15:42:21.999333 486405 lm_feature_timing.cpp:80] node dpath/a_lt_b/U19:I resistance 32.956 cap 0.000599444 slew 0.0373513 delay 0.129794 power 7.76656e-05
I0313 15:42:21.999334 486277 lm_feature_timing.cpp:137] net dpath/a_lt_b/n16 resistance 17.12 cap 0.000754085 slew 0.000622428 delay 0.00569383 power 9.8951e-09
I0313 15:42:21.999368 486380 lm_feature_timing.cpp:80] node dpath/a_mux_out[7]:430166 resistance 0 cap 0.00110513 slew 0.017289 delay 0 power 0.000123479
I0313 15:42:21.927112 486351 lm_feature_timing.cpp:80] node dpath/a_reg_out[2]:1090391 resistance 22.684 cap 0.00486132 slew 0.0429063 delay 0.127336 power 0.00027613
I0313 15:42:21.999430 486277 lm_feature_timing.cpp:125] build net dpath/sub/n27 feature 
I0313 15:42:21.929536 486404 lm_feature_timing.cpp:80] node dpath/sub/n19:1158387 resistance 4.28 cap 0.0014634 slew 0.015164 delay 0.00645522 power 0.000276907
I0313 15:42:21.929529 486276 lm_feature_timing.cpp:80] node dpath/b_reg/n16:461885 resistance 1.284 cap 0.000883866 slew 0.01706 delay 0.00113488 power 0.00014504
I0313 15:42:21.929549 486362 lm_feature_timing.cpp:80] node dpath/a_lt_b/n30:492083 resistance 33.812 cap 0.00136782 slew 0.0375951 delay 0.0574258 power 2.89288e-05
I0313 15:42:21.999526 486404 lm_feature_timing.cpp:80] node dpath/sub/n19:1158369 resistance 11.984 cap 0.00138568 slew 0.015164 delay 0.0171305 power 0.000262201
I0313 15:42:21.929576 486364 lm_feature_timing.cpp:80] node dpath/a_reg_out[15]:805385 resistance 23.968 cap 0.000680003 slew 0.027745 delay 0.0440147 power 6.88198e-05
I0313 15:42:21.929603 486283 lm_feature_timing.cpp:80] node dpath/a_reg/n1:479387 resistance 0 cap 0.000759415 slew 0.011477 delay 0 power 0.000131223
I0313 15:42:21.929606 486326 lm_feature_timing.cpp:80] node dpath/a_mux/FE_OFN4_n16:729289 resistance 99.724 cap 0.000671455 slew 0.0377073 delay 0.762485 power 4.29987e-05
I0313 15:42:21.999596 486276 lm_feature_timing.cpp:80] node dpath/b_reg/n16:813845 resistance 1.284 cap 0.000867813 slew 0.01706 delay 0.00113488 power 0.000142406
I0313 15:42:21.927212 486359 lm_feature_timing.cpp:80] node dpath/b_mux/U10:B1 resistance 68.908 cap 0.000680003 slew 0.0475416 delay 0.258044 power 4.80553e-05
I0313 15:42:21.999639 486364 lm_feature_timing.cpp:80] node dpath/a_reg_out[15]:802871 resistance 23.112 cap 0.000818215 slew 0.027745 delay 0.0435509 power 8.28076e-05
I0313 15:42:21.929627 486331 lm_feature_timing.cpp:80] node dpath/b_zero/n4:785403 resistance 23.112 cap 0.000951918 slew 0.016176 delay 0.0273194 power 3.08421e-05
I0313 15:42:21.999668 486277 lm_feature_timing.cpp:80] node dpath/sub/U32:CI resistance 17.12 cap 0.00138207 slew 0.01595 delay 0.0266546 power 0.000408108
I0313 15:42:21.929678 486366 lm_feature_timing.cpp:80] node dpath/a_reg_out[14]:1185845 resistance 16.264 cap 0.00184684 slew 0.040448 delay 0.0617691 power 0.000258042
I0313 15:42:21.999701 486276 lm_feature_timing.cpp:80] node dpath/b_reg/n16:461882 resistance 0 cap 0.00089992 slew 0.01706 delay 0 power 0.000147674
I0313 15:42:21.999727 486277 lm_feature_timing.cpp:80] node dpath/sub/n27:806353 resistance 17.12 cap 0.00140223 slew 0.01595 delay 0.0266546 power 0.000414063
I0313 15:42:21.999720 486359 lm_feature_timing.cpp:80] node dpath/a_reg_out[8]:438557 resistance 67.196 cap 0.00071211 slew 0.0475416 delay 0.25688 power 5.03242e-05
I0313 15:42:21.921830 486281 lm_feature_timing.cpp:80] node dpath/a_lt_b/n22:833245 resistance 16.264 cap 0.00069788 slew 0.047613 delay 0.0139898 power 1.74355e-05
I0313 15:42:21.999775 486277 lm_feature_timing.cpp:80] node dpath/sub/n27:804677 resistance 15.408 cap 0.0014224 slew 0.01595 delay 0.024254 power 0.000420017
I0313 15:42:21.999781 486276 lm_feature_timing.cpp:80] node dpath/b_reg/n16:461885 resistance 1.284 cap 0.000883866 slew 0.01706 delay 0.00113488 power 0.00014504
I0313 15:42:21.927271 486287 lm_feature_timing.cpp:80] node dpath/a_lt_b/n15:1130791 resistance 2.14 cap 0.000854871 slew 0.021785 delay 0.00354955 power 6.92446e-06
I0313 15:42:21.999820 486277 lm_feature_timing.cpp:80] node dpath/sub/n27:806353 resistance 17.12 cap 0.00140223 slew 0.01595 delay 0.0266546 power 0.000414063
I0313 15:42:21.995450 486293 lm_feature_timing.cpp:80] node dpath/a_reg/n15:507915 resistance 62.916 cap 0.00058826 slew 0.0226471 delay 0.0760471 power 5.6819e-05
I0313 15:42:21.995465 486377 lm_feature_timing.cpp:80] node dpath/a_reg_out[4]:1094741 resistance 47.508 cap 0.00458085 slew 0.0490072 delay 0.28861 power 0.000281594
I0313 15:42:21.995520 486400 lm_feature_timing.cpp:80] node dpath/sub/n20:808929 resistance 12.84 cap 0.00202308 slew 0.024344 delay 0.0260883 power 1.63869e-05
I0313 15:42:21.999857 486281 lm_feature_timing.cpp:80] node dpath/a_lt_b/n22:836597 resistance 19.688 cap 0.000661272 slew 0.047613 delay 0.016254 power 1.65209e-05
I0313 15:42:21.995529 486309 lm_feature_timing.cpp:80] node dpath/a_reg_out[9]:477102 resistance 50.076 cap 0.00156046 slew 0.0459835 delay 0.219682 power 0.000113861
I0313 15:42:21.995687 486389 lm_feature_timing.cpp:80] node dpath/b_mux/U10:Z resistance 0 cap 0.00116425 slew 0.018669 delay 0 power 0.000146041
I0313 15:42:21.995735 486375 lm_feature_timing.cpp:80] node dpath/a_lt_b/U13:ZN resistance 0 cap 0.000709511 slew 0.023105 delay 0 power 1.14941e-05
I0313 15:42:21.999933 486281 lm_feature_timing.cpp:80] node dpath/a_lt_b/n22:1185205 resistance 16.264 cap 0.000808488 slew 0.047613 delay 0.0139898 power 2.01989e-05
I0313 15:42:21.921988 486312 lm_feature_timing.cpp:80] node dpath/a_lt_b/n1:381413 resistance 9.416 cap 0.000746613 slew 0.017306 delay 0.00795497 power 6.04757e-06
I0313 15:42:21.999955 486309 lm_feature_timing.cpp:80] node dpath/a_reg_out[9]:479625 resistance 43.656 cap 0.00162584 slew 0.0459835 delay 0.209664 power 0.000118632
I0313 15:42:21.995986 486302 lm_feature_timing.cpp:80] node dpath/a_lt_b/n31:484469 resistance 26.536 cap 0.000795926 slew 0.048638 delay 0.0235908 power 1.80613e-05
I0313 15:42:21.999981 486389 lm_feature_timing.cpp:80] node dpath/b_mux_out[8]:440234 resistance 0 cap 0.00116425 slew 0.018669 delay 0 power 0.000146041
I0313 15:42:21.999994 486281 lm_feature_timing.cpp:80] node dpath/a_lt_b/n22:1185231 resistance 5.136 cap 0.000919096 slew 0.047613 delay 0.00499296 power 2.29623e-05
I0313 15:42:22.000006 486302 lm_feature_timing.cpp:137] net dpath/a_lt_b/n31 resistance 53.072 cap 0.00115242 slew 0.00720821 delay 0.0235908 power 2.11821e-08
I0313 15:42:21.996062 486301 lm_feature_timing.cpp:80] node dpath/a_reg_out[0]:723255 resistance 29.96 cap 0.00117595 slew 0.0390441 delay 0.080425 power 5.39875e-05
I0313 15:42:21.996062 486270 lm_feature_timing.cpp:80] node dpath/b_reg/n1:769483 resistance 160.5 cap 0.000667642 slew 0.041422 delay 1.55215 power 5.04329e-05
I0313 15:42:22.000047 486389 lm_feature_timing.cpp:80] node dpath/b_mux_out[8]:441901 resistance 5.564 cap 0.00110709 slew 0.018669 delay 0.00615984 power 0.00013887
I0313 15:42:21.996311 486403 lm_feature_timing.cpp:80] node dpath/b_reg/n12:842483 resistance 40.232 cap 0.000604705 slew 0.019979 delay 0.0402165 power 5.26161e-05
I0313 15:42:21.996444 486322 lm_feature_timing.cpp:80] node CTS_1:754379 resistance 98.44 cap 0.000430189 slew 0.00031564 delay 0.360269 power 0.000139381
I0313 15:42:21.996552 486358 lm_feature_timing.cpp:80] node dpath/b_reg_out[11]:799653 resistance 74.044 cap 0.00177275 slew 0.0414827 delay 0.269263 power 0.000241048
I0313 15:42:22.000113 486389 lm_feature_timing.cpp:80] node dpath/b_mux_out[8]:793861 resistance 5.564 cap 0.00104992 slew 0.018669 delay 0.00615984 power 0.0001317
I0313 15:42:21.996580 486352 lm_feature_timing.cpp:80] node dpath/a_lt_b/n9:388294 resistance 16.692 cap 0.00069162 slew 0.031625 delay 0.0144434 power 1.12042e-05
I0313 15:42:21.927618 486267 lm_feature_timing.cpp:80] node dpath/b_reg/n15:470255 resistance 0 cap 0.00116381 slew 0.018748 delay 0 power 0.000159665
I0313 15:42:21.996640 486370 lm_feature_timing.cpp:125] build net dpath/sub/n21 feature 
I0313 15:42:22.000180 486358 lm_feature_timing.cpp:80] node dpath/b_reg_out[11]:1151613 resistance 74.044 cap 0.00189158 slew 0.0414827 delay 0.269263 power 0.000257206
I0313 15:42:21.925275 486313 lm_feature_timing.cpp:80] node dpath/b_mux_out[2]:1113851 resistance 34.24 cap 0.00068443 slew 0.019314 delay 0.0323978 power 8.11072e-05
I0313 15:42:22.000208 486352 lm_feature_timing.cpp:80] node dpath/a_lt_b/n9:741091 resistance 15.408 cap 0.000731166 slew 0.031625 delay 0.0135469 power 1.18449e-05
I0313 15:42:21.996781 486391 lm_feature_timing.cpp:80] node dpath/b_mux_out[13]:816337 resistance 2.996 cap 0.000926592 slew 0.017469 delay 0.00287343 power 0.000128237
I0313 15:42:21.851214 486394 lm_feature_timing.cpp:80] node dpath/a_reg/n12:851715 resistance 47.08 cap 0.000590962 slew 0.020481 delay 0.048563 power 4.7868e-06
I0313 15:42:21.996834 486262 lm_feature_timing.cpp:80] node dpath/a_reg_out[10]:463647 resistance 55.212 cap 0.000683723 slew 0.0393865 delay 0.217801 power 0
I0313 15:42:22.000283 486352 lm_feature_timing.cpp:80] node dpath/a_lt_b/n9:741929 resistance 14.552 cap 0.000743108 slew 0.031625 delay 0.012921 power 1.20384e-05
I0313 15:42:21.996891 486282 lm_feature_timing.cpp:80] node dpath/a_reg/n11:478009 resistance 7.276 cap 0.000793423 slew 0.01698 delay 0.00577294 power 5.78936e-05
I0313 15:42:22.000352 486352 lm_feature_timing.cpp:80] node dpath/a_lt_b/n9:388294 resistance 16.692 cap 0.00069162 slew 0.031625 delay 0.0144434 power 1.12042e-05
I0313 15:42:21.927863 486268 lm_feature_timing.cpp:80] node ctrl/n4:779445 resistance 14.552 cap 0.000928497 slew 0.029179 delay 0.0141416 power 6.7621e-05
I0313 15:42:21.919008 486329 lm_feature_timing.cpp:80] node ctrl/next_state__0[0]:786917 resistance 20.972 cap 0.000573041 slew 0.029224 delay 0.0164478 power 5.10169e-05
I0313 15:42:21.997013 486316 lm_feature_timing.cpp:80] node dpath/a_reg_out[6]:1104765 resistance 49.22 cap 0.000777887 slew 0.0449412 delay 0.171558 power 5.13977e-05
I0313 15:42:22.000419 486352 lm_feature_timing.cpp:80] node dpath/a_lt_b/n9:389132 resistance 15.836 cap 0.000711393 slew 0.031625 delay 0.0138513 power 1.15246e-05
I0313 15:42:21.997011 486409 lm_feature_timing.cpp:80] node dpath/a_mux/FE_OFN5_n18:394959 resistance 92.02 cap 0.000422101 slew 0.0317656 delay 0.684255 power 2.70305e-05
I0313 15:42:21.997014 486346 lm_feature_timing.cpp:80] node dpath/b_mux/U6:Z resistance 0 cap 0.000910148 slew 0.017183 delay 0 power 0.000109981
I0313 15:42:22.000459 486268 lm_feature_timing.cpp:80] node ctrl/n4:789501 resistance 4.28 cap 0.00103088 slew 0.029179 delay 0.00460406 power 7.50776e-05
I0313 15:42:21.997028 486341 lm_feature_timing.cpp:80] node dpath/a_mux/n4:792143 resistance 0 cap 0.000921722 slew 0.036398 delay 0 power 5.2138e-05
I0313 15:42:21.919108 486280 lm_feature_timing.cpp:80] node ctrl/n3:434199 resistance 0 cap 0.00139018 slew 0.015546 delay 0 power 3.32518e-05
I0313 15:42:22.000499 486352 lm_feature_timing.cpp:80] node dpath/a_lt_b/U10:ZN resistance 0 cap 0.00103754 slew 0.031625 delay 0 power 1.68082e-05
I0313 15:42:21.927927 486264 lm_feature_timing.cpp:80] node dpath/a_mux/n1:807881 resistance 11.128 cap 0.00067212 slew 0.035457 delay 0.00798141 power 3.80191e-05
I0313 15:42:21.997100 486321 lm_feature_timing.cpp:80] node dpath/a_lt_b/n7:1088729 resistance 21.828 cap 0.00153364 slew 0.021289 delay 0.0343125 power 2.79505e-05
I0313 15:42:21.851377 486402 lm_feature_timing.cpp:80] node dpath/b_reg/n8:768741 resistance 2.568 cap 0.00101581 slew 0.018037 delay 0.0026815 power 0.000131611
I0313 15:42:22.000558 486341 lm_feature_timing.cpp:80] node dpath/a_mux/n4:789629 resistance 2.568 cap 0.000893336 slew 0.036398 delay 0.00229409 power 5.05323e-05
I0313 15:42:21.851397 486323 lm_feature_timing.cpp:80] node dpath/b_mux_out[1]:409049 resistance 14.98 cap 0.000598488 slew 0.017 delay 0.0111797 power 7.01708e-05
I0313 15:42:22.000593 486264 lm_feature_timing.cpp:80] node dpath/a_mux/n1:455920 resistance 11.556 cap 0.000594792 slew 0.035457 delay 0.00823599 power 3.36449e-05
I0313 15:42:21.997159 486305 lm_feature_timing.cpp:137] net dpath/b_reg/n14 resistance 86.456 cap 0.00140969 slew 0.0246264 delay 0.0425672 power 1.5598e-07
I0313 15:42:22.000628 486341 lm_feature_timing.cpp:80] node dpath/a_mux/n4:792143 resistance 0 cap 0.000921722 slew 0.036398 delay 0 power 5.2138e-05
I0313 15:42:21.997189 486382 lm_feature_timing.cpp:125] build net dpath/sub/n22 feature 
I0313 15:42:21.997177 486251 lm_feature_timing.cpp:80] node dpath/b_reg/n7:410073 resistance 8.988 cap 0.000908533 slew 0.017663 delay 0.00816589 power 0.00011719
I0313 15:42:22.000669 486264 lm_feature_timing.cpp:80] node dpath/a_mux/n1:455921 resistance 11.128 cap 0.000602623 slew 0.035457 delay 0.00798141 power 3.40879e-05
I0313 15:42:21.997279 486361 lm_feature_timing.cpp:80] node ctrl/n1:761001 resistance 0.428 cap 0.00116086 slew 0.029815 delay 0.000500201 power 1.8806e-05
I0313 15:42:22.000680 486323 lm_feature_timing.cpp:80] node dpath/b_mux_out[1]:761009 resistance 14.98 cap 0.000741985 slew 0.017 delay 0.0111797 power 8.69953e-05
I0313 15:42:21.997347 486396 lm_feature_timing.cpp:80] node dpath/a_mux/n9:434342 resistance 8.988 cap 0.000818555 slew 0.037386 delay 0.0081452 power 4.63023e-05
I0313 15:42:21.997450 486360 lm_feature_timing.cpp:80] node dpath/a_lt_b/n4:1087135 resistance 3.852 cap 0.000800472 slew 0.021374 delay 0.00324982 power 6.48382e-06
I0313 15:42:22.000751 486251 lm_feature_timing.cpp:80] node dpath/b_reg/U13:Z resistance 0 cap 0.000998585 slew 0.017663 delay 0 power 0.000128805
I0313 15:42:22.000758 486361 lm_feature_timing.cpp:80] node ctrl/n1:1112961 resistance 0.428 cap 0.00116086 slew 0.029815 delay 0.000500201 power 1.8806e-05
I0313 15:42:22.000769 486396 lm_feature_timing.cpp:80] node dpath/a_mux/n9:434342 resistance 8.988 cap 0.000818555 slew 0.037386 delay 0.0081452 power 4.63023e-05
I0313 15:42:21.928190 486343 lm_feature_timing.cpp:125] build net dpath/sub/n15 feature 
I0313 15:42:21.997759 486325 lm_feature_timing.cpp:125] build net dpath/sub/n23 feature 
I0313 15:42:21.928326 486381 lm_feature_timing.cpp:80] node dpath/b_reg/n3:761863 resistance 1.284 cap 0.000752703 slew 0.016325 delay 0.000987083 power 9.53046e-05
I0313 15:42:22.000831 486361 lm_feature_timing.cpp:80] node ctrl/n1:1112959 resistance 1.284 cap 0.00114892 slew 0.029815 delay 0.00148368 power 1.86125e-05
I0313 15:42:21.928349 486319 lm_feature_timing.cpp:80] node dpath/b_reg_out[1]:770267 resistance 0.856 cap 0.00483142 slew 0.036533 delay 0.00414592 power 0.000611737
I0313 15:42:21.997895 486320 lm_feature_timing.cpp:80] node dpath/b_reg_out[15]:448489 resistance 8.56 cap 0.000472907 slew 0.0432431 delay 0.0228523 power 6.54246e-05
