I0212 16:31:05.766579 3304493 lm_feature_timing.cpp:80] node dpath/a_mux/FE_OFN3_ctrl_a_mux_sel_1:1086267 resistance 110.852 cap 0.00374556 slew 0.0264799 delay 0.847364 power 0.000121083
I0212 16:31:05.762914 3304570 lm_feature_timing.cpp:80] node dpath/a_mux_out[10]:477051 resistance 43.228 cap 0.000590266 slew 0.019133 delay 0.0438711 power 4.78116e-06
I0212 16:31:05.766625 3304502 lm_feature_timing.cpp:80] node dpath/a_reg/n6:371571 resistance 0 cap 0.000637593 slew 0.015676 delay 0 power 3.93905e-05
I0212 16:31:05.766623 3304494 lm_feature_timing.cpp:80] node dpath/a_reg_out[12]:1190993 resistance 45.796 cap 0.00299887 slew 0.0441404 delay 0.21681 power 0.000189768
I0212 16:31:05.764830 3304523 lm_feature_timing.cpp:80] node dpath/a_lt_b/n19:477128 resistance 23.112 cap 0.000623582 slew 0.017501 delay 0.0192527 power 1.0567e-05
I0212 16:31:05.764850 3304512 lm_feature_timing.cpp:80] node dpath/a_mux_out[2]:381425 resistance 1.284 cap 0.000794646 slew 0.015615 delay 0.00102033 power 7.08893e-05
I0212 16:31:05.764858 3304483 lm_feature_timing.cpp:80] node dpath/a_reg_out[0]:745103 resistance 26.536 cap 0.000688225 slew 0.039044 delay 0.0558907 power 3.17797e-05
I0212 16:31:05.764868 3304582 lm_feature_timing.cpp:80] node ctrl_a_reg_en_0_:1101453 resistance 265.788 cap 0.00258487 slew 0.0402399 delay 2.53674 power 2.09375e-05
I0212 16:31:05.761013 3304546 lm_feature_timing.cpp:80] node ctrl/n2:446763 resistance 8.56 cap 0.000710375 slew 0.023799 delay 0.00787645 power 5.75404e-06
I0212 16:31:05.766676 3304494 lm_feature_timing.cpp:80] node dpath/a_reg_out[12]:1190957 resistance 30.388 cap 0.00315059 slew 0.0441404 delay 0.170603 power 0.000199368
I0212 16:31:05.764936 3304533 lm_feature_timing.cpp:80] node dpath/a_reg/n14:477025 resistance 0.428 cap 0.00120453 slew 0.018996 delay 0.000515539 power 7.62223e-05
I0212 16:31:05.764964 3304516 lm_feature_timing.cpp:80] node dpath/a_lt_b/n24:485485 resistance 11.984 cap 0.000601135 slew 0.019989 delay 0.00922655 power 0
I0212 16:31:05.764964 3304536 lm_feature_timing.cpp:80] node dpath/a_reg/n15:507915 resistance 62.916 cap 0.00058826 slew 0.0226471 delay 0.0760471 power 3.84954e-05
I0212 16:31:05.764987 3304530 lm_feature_timing.cpp:80] node dpath/a_mux_out[5]:387465 resistance 30.388 cap 0.000623155 slew 0.017957 delay 0.0281072 power 6.42812e-05
I0212 16:31:05.764986 3304472 lm_feature_timing.cpp:80] node dpath/b_mux/U12:B1 resistance 56.068 cap 0.000671781 slew 0.0393865 delay 0.218376 power 0
I0212 16:31:05.764986 3304551 lm_feature_timing.cpp:80] node ctrl/state_out[1]:424132 resistance 19.688 cap 0.00159106 slew 0.029421 delay 0.0519176 power 8.10135e-05
I0212 16:31:05.766816 3304536 lm_feature_timing.cpp:80] node dpath/a_reg/n15:859875 resistance 62.916 cap 0.000600202 slew 0.0226471 delay 0.0760471 power 3.92769e-05
I0212 16:31:05.765002 3304564 lm_feature_timing.cpp:80] node dpath/a_lt_b/n17:422663 resistance 27.392 cap 0.000597325 slew 0.02546 delay 0.0236709 power 2.41166e-05
I0212 16:31:05.765053 3304496 lm_feature_timing.cpp:80] node dpath/b_mux/U13:Z resistance 0 cap 0.000705376 slew 0.015792 delay 0 power 3.4634e-05
I0212 16:31:05.765089 3304473 lm_feature_timing.cpp:80] node dpath/a_mux/U30:A1 resistance 92.02 cap 0.000393715 slew 0.0317656 delay 0.684255 power 2.54554e-05
I0212 16:31:05.766857 3304472 lm_feature_timing.cpp:80] node dpath/a_reg_out[10]:463647 resistance 55.212 cap 0.000683723 slew 0.0393865 delay 0.217801 power 0
I0212 16:31:05.766875 3304536 lm_feature_timing.cpp:80] node dpath/a_reg/out_reg_13_:D resistance 63.772 cap 0.000576318 slew 0.0226471 delay 0.0765404 power 3.7714e-05
I0212 16:31:05.758244 3304499 lm_feature_timing.cpp:80] node dpath/a_lt_b/n33:484448 resistance 10.272 cap 0.000701693 slew 0.016585 delay 0.00720779 power 9.97748e-06
I0212 16:31:05.765166 3304590 lm_feature_timing.cpp:80] node dpath/a_lt_b/n29:837307 resistance 9.844 cap 0.000794902 slew 0.020196 delay 0.00879243 power 6.43871e-06
I0212 16:31:05.766916 3304473 lm_feature_timing.cpp:80] node dpath/a_mux/FE_OFN5_n18:394959 resistance 92.02 cap 0.000422101 slew 0.0317656 delay 0.684255 power 2.72907e-05
I0212 16:31:05.766924 3304536 lm_feature_timing.cpp:80] node dpath/a_reg/n15:507915 resistance 62.916 cap 0.00058826 slew 0.0226471 delay 0.0760471 power 3.84954e-05
I0212 16:31:05.765179 3304568 lm_feature_timing.cpp:80] node dpath/a_reg/out_reg_3_:CP resistance 100.152 cap 0.000418247 slew 0.00031565 delay 0.361178 power 0.000135512
I0212 16:31:05.766924 3304472 lm_feature_timing.cpp:80] node dpath/a_reg_out[10]:818121 resistance 52.644 cap 0.000740496 slew 0.0393865 delay 0.215972 power 0
I0212 16:31:05.765218 3304504 lm_feature_timing.cpp:80] node dpath/a_lt_b/U28:B2 resistance 20.544 cap 0.000600779 slew 0.047613 delay 0.0167785 power 1.50096e-05
I0212 16:31:05.763451 3304586 lm_feature_timing.cpp:80] node dpath/a_lt_b/n11:747795 resistance 5.136 cap 0.00148856 slew 0.030248 delay 0.00764523 power 2.41146e-05
I0212 16:31:05.761379 3304487 lm_feature_timing.cpp:80] node dpath/a_reg_out[1]:377209 resistance 44.94 cap 0.00129292 slew 0.0420913 delay 0.183949 power 7.05887e-05
I0212 16:31:05.763469 3304588 lm_feature_timing.cpp:80] node ctrl/state_out[0]:754301 resistance 39.376 cap 0.00194991 slew 0.0498893 delay 0.181889 power 1.57943e-05
I0212 16:31:05.765247 3304558 lm_feature_timing.cpp:80] node dpath/a_reg_out[2]:1087921 resistance 67.196 cap 0.000698955 slew 0.0429064 delay 0.239885 power 3.9917e-05
I0212 16:31:05.769158 3304586 lm_feature_timing.cpp:80] node dpath/a_lt_b/U20:ZN resistance 0 cap 0.00154161 slew 0.030248 delay 0 power 2.49741e-05
I0212 16:31:05.765261 3304554 lm_feature_timing.cpp:80] node dpath/b_mux_out[12]:819729 resistance 4.708 cap 0.00068443 slew 0.01617 delay 0.00328991 power 3.42506e-05
I0212 16:31:05.769174 3304487 lm_feature_timing.cpp:80] node dpath/a_reg_out[1]:729169 resistance 44.94 cap 0.000666426 slew 0.0420913 delay 0.183949 power 3.63844e-05
I0212 16:31:05.765290 3304476 lm_feature_timing.cpp:80] node dpath/a_mux/n7:371469 resistance 11.128 cap 0.000676622 slew 0.036128 delay 0.0087603 power 3.85864e-05
I0212 16:31:05.759239 3304478 lm_feature_timing.cpp:80] node dpath/a_mux/n16:786209 resistance 5.564 cap 0.000711428 slew 0.020149 delay 0.00398444 power 4.59969e-05
I0212 16:31:05.769248 3304487 lm_feature_timing.cpp:80] node dpath/a_reg_out[1]:377193 resistance 38.092 cap 0.00136242 slew 0.0420913 delay 0.175095 power 7.4383e-05
I0212 16:31:05.763571 3304573 lm_feature_timing.cpp:80] node dpath/a_mux/n5:737483 resistance 9.844 cap 0.000631792 slew 0.035087 delay 0.00681233 power 3.60298e-05
I0212 16:31:05.763593 3304522 lm_feature_timing.cpp:80] node dpath/a_mux/FE_OFN4_n16:1486855 resistance 38.948 cap 0.00728469 slew 0.0377047 delay 0.38083 power 0.000470987
I0212 16:31:05.769279 3304476 lm_feature_timing.cpp:80] node dpath/a_mux/n7:723429 resistance 11.128 cap 0.00078723 slew 0.036128 delay 0.0087603 power 4.48941e-05
I0212 16:31:05.765379 3304501 lm_feature_timing.cpp:80] node ctrl/n4:1131397 resistance 17.976 cap 0.000789503 slew 0.029179 delay 0.0168448 power 5.76236e-05
I0212 16:31:05.769306 3304478 lm_feature_timing.cpp:80] node dpath/a_mux/n16:791237 resistance 0.428 cap 0.00076448 slew 0.020149 delay 0.000330549 power 4.9427e-05
I0212 16:31:05.769320 3304522 lm_feature_timing.cpp:80] node dpath/a_mux/FE_OFN4_n16:1134881 resistance 32.956 cap 0.00740724 slew 0.0377042 delay 0.336813 power 0.00047891
I0212 16:31:05.769330 3304476 lm_feature_timing.cpp:80] node dpath/a_mux/n7:732643 resistance 0 cap 0.000897838 slew 0.036128 delay 0 power 5.12018e-05
I0212 16:31:05.765416 3304549 lm_feature_timing.cpp:80] node dpath/a_lt_b/n15:1130767 resistance 12.412 cap 0.000752485 slew 0.021785 delay 0.0112791 power 6.09513e-06
I0212 16:31:05.769357 3304476 lm_feature_timing.cpp:137] net dpath/a_mux/n7 resistance 30.816 cap 0.000897838 slew 0.00185727 delay 0.0114644 power 4.14735e-08
I0212 16:31:05.769369 3304478 lm_feature_timing.cpp:80] node dpath/a_mux/U3:ZN resistance 0 cap 0.000780143 slew 0.020149 delay 0 power 5.04396e-05
I0212 16:31:05.765471 3304488 lm_feature_timing.cpp:80] node dpath/a_lt_b/n14:751993 resistance 15.836 cap 0.000775802 slew 0.020585 delay 0.0126448 power 6.284e-06
I0212 16:31:05.769395 3304549 lm_feature_timing.cpp:80] node dpath/a_lt_b/n15:777131 resistance 14.124 cap 0.000629935 slew 0.021785 delay 0.0123575 power 5.10248e-06
I0212 16:31:05.765486 3304565 lm_feature_timing.cpp:80] node dpath/b_mux_out[14]:814653 resistance 9.844 cap 0.000696372 slew 0.01702 delay 0.00785434 power 4.78614e-05
I0212 16:31:05.765509 3304517 lm_feature_timing.cpp:80] node dpath/a_mux/n15:790477 resistance 13.696 cap 0.000705009 slew 0.036668 delay 0.0109773 power 4.02052e-05
I0212 16:31:05.765545 3304518 lm_feature_timing.cpp:80] node dpath/a_mux_out[4]:372385 resistance 41.944 cap 0.000639599 slew 0.019269 delay 0.044366 power 6.30322e-05
I0212 16:31:05.769443 3304488 lm_feature_timing.cpp:80] node dpath/a_lt_b/n14:751993 resistance 15.836 cap 0.000775802 slew 0.020585 delay 0.0126448 power 6.284e-06
I0212 16:31:05.769460 3304565 lm_feature_timing.cpp:80] node dpath/b_mux_out[14]:1166613 resistance 9.844 cap 0.000765869 slew 0.01702 delay 0.00785434 power 5.26379e-05
I0212 16:31:05.761797 3304583 lm_feature_timing.cpp:80] node dpath/a_lt_b/n2:385593 resistance 5.992 cap 0.000586961 slew 0.023105 delay 0.00388423 power 9.50877e-06
I0212 16:31:05.765575 3304465 lm_feature_timing.cpp:80] node dpath/a_lt_b/n18:830753 resistance 14.124 cap 0.00070576 slew 0.021423 delay 0.0153273 power 5.71666e-06
I0212 16:31:05.769500 3304565 lm_feature_timing.cpp:80] node dpath/b_mux_out[14]:1166597 resistance 2.996 cap 0.000835366 slew 0.01702 delay 0.00260967 power 5.74144e-05
I0212 16:31:05.765596 3304521 lm_feature_timing.cpp:80] node dpath/a_lt_b/U20:B2 resistance 44.084 cap 0.000718455 slew 0.0449412 delay 0.167522 power 4.76921e-05
I0212 16:31:05.765596 3304535 lm_feature_timing.cpp:80] node dpath/a_reg/placeFE_RC_1_0:ZN resistance 0 cap 0.000867813 slew 0.022332 delay 0 power 8.06279e-05
I0212 16:31:05.769539 3304465 lm_feature_timing.cpp:80] node dpath/a_lt_b/n18:836619 resistance 8.132 cap 0.000767035 slew 0.021423 delay 0.0110984 power 6.21299e-06
I0212 16:31:05.765666 3304468 lm_feature_timing.cpp:80] node dpath/a_reg_out[11]:1167515 resistance 62.916 cap 0.000729336 slew 0.0394354 delay 0.210553 power 4.47775e-05
I0212 16:31:05.765687 3304538 lm_feature_timing.cpp:80] node dpath/a_mux_out[13]:808791 resistance 3.424 cap 0.000910148 slew 0.016793 delay 0.00324169 power 9.63559e-05
I0212 16:31:05.755949 3304574 lm_feature_timing.cpp:80] node dpath/b_mux/U1:I resistance 151.084 cap 0.00106438 slew 0.0310884 delay 2.06795 power 1.7243e-05
I0212 16:31:05.765681 3304482 lm_feature_timing.cpp:80] node dpath/a_mux/U14:ZN resistance 0 cap 0.000762931 slew 0.015352 delay 0 power 7.16551e-05
I0212 16:31:05.769608 3304468 lm_feature_timing.cpp:80] node dpath/a_reg_out[11]:1167531 resistance 56.068 cap 0.000798833 slew 0.0394354 delay 0.205558 power 4.90442e-05
I0212 16:31:05.765748 3304589 lm_feature_timing.cpp:80] node dpath/a_reg/n19:860933 resistance 2.996 cap 0.000965357 slew 9.02853e-06 delay 0.00298957 power 0
I0212 16:31:05.769635 3304538 lm_feature_timing.cpp:80] node dpath/a_mux_out[13]:456823 resistance 0 cap 0.000983365 slew 0.016793 delay 0 power 0.000104107
I0212 16:31:05.769651 3304482 lm_feature_timing.cpp:80] node dpath/a_mux_out[3]:377280 resistance 0 cap 0.000762931 slew 0.015352 delay 0 power 7.16551e-05
I0212 16:31:05.769656 3304468 lm_feature_timing.cpp:80] node dpath/a_reg_out[11]:456933 resistance 44.084 cap 0.00318191 slew 0.0394354 delay 0.183542 power 0.000195353
I0212 16:31:05.765802 3304470 lm_feature_timing.cpp:80] node dpath/a_mux_out[12]:823101 resistance 32.956 cap 0.000713598 slew 0.018929 delay 0.0343015 power 7.24651e-05
I0212 16:31:05.765811 3304571 lm_feature_timing.cpp:80] node dpath/a_mux_out[6]:1107303 resistance 20.972 cap 0.000757647 slew 0.017149 delay 0.0175912 power 8.16383e-05
I0212 16:31:05.769688 3304589 lm_feature_timing.cpp:80] node dpath/a_reg/n19:508966 resistance 0 cap 0.00103035 slew 0 delay 0 power 0
I0212 16:31:05.769701 3304468 lm_feature_timing.cpp:80] node dpath/a_reg_out[11]:808893 resistance 44.084 cap 0.00339941 slew 0.0394354 delay 0.183542 power 0.000208706
I0212 16:31:05.765838 3304527 lm_feature_timing.cpp:80] node dpath/a_mux/n13:730981 resistance 0 cap 0.000881394 slew 0.035942 delay 0 power 5.02641e-05
I0212 16:31:05.765875 3300491 lm_feature_timing.cpp:80] node dpath/a_lt_b/n4:738543 resistance 14.124 cap 0.000624869 slew 0.021374 delay 0.0103951 power 5.06144e-06
I0212 16:31:05.769726 3304571 lm_feature_timing.cpp:80] node dpath/a_mux_out[6]:1107273 resistance 8.132 cap 0.000884699 slew 0.017149 delay 0.007863 power 9.53285e-05
I0212 16:31:05.762101 3304491 lm_feature_timing.cpp:80] node ctrl/U14:ZN resistance 0 cap 0.00129816 slew 0.021618 delay 0 power 1.05151e-05
I0212 16:31:05.765892 3304587 lm_feature_timing.cpp:80] node dpath/a_reg_out[3]:736863 resistance 28.676 cap 0.00066134 slew 0.042396 delay 0.0534957 power 3.9327e-05
I0212 16:31:05.769752 3304527 lm_feature_timing.cpp:80] node dpath/a_mux/n13:729307 resistance 2.568 cap 0.000853007 slew 0.035942 delay 0.00219052 power 4.86452e-05
I0212 16:31:05.765919 3304553 lm_feature_timing.cpp:80] node ctrl/n3:786159 resistance 0 cap 0.000693034 slew 0.015546 delay 0 power 1.67903e-05
I0212 16:31:05.764182 3304532 lm_feature_timing.cpp:80] node dpath/a_reg/n5:1439899 resistance 7.704 cap 0.00094847 slew 0.018395 delay 0.00791213 power 5.64014e-05
I0212 16:31:05.769785 3304587 lm_feature_timing.cpp:80] node dpath/a_reg_out[3]:736025 resistance 27.82 cap 0.000673282 slew 0.042396 delay 0.0529296 power 4.00372e-05
I0212 16:31:05.765964 3304537 lm_feature_timing.cpp:80] node ctrl/U16:ZN resistance 0 cap 0.000933251 slew 0.030897 delay 0 power 4.75191e-05
I0212 16:31:05.769798 3304527 lm_feature_timing.cpp:80] node dpath/a_mux/n13:377347 resistance 2.568 cap 0.000824621 slew 0.035942 delay 0.00219052 power 4.70264e-05
I0212 16:31:05.769807 3304553 lm_feature_timing.cpp:80] node ctrl/n3:789511 resistance 3.424 cap 0.000656426 slew 0.015546 delay 0.0022476 power 1.59033e-05
I0212 16:31:05.769824 3304587 lm_feature_timing.cpp:80] node dpath/a_reg_out[3]:1087985 resistance 27.82 cap 0.00078389 slew 0.042396 delay 0.0529296 power 4.66145e-05
I0212 16:31:05.762189 3304572 lm_feature_timing.cpp:80] node dpath/a_reg/n11:837511 resistance 14.98 cap 0.000642095 slew 0.01698 delay 0.0107196 power 4.70494e-05
I0212 16:31:05.766021 3304474 lm_feature_timing.cpp:80] node dpath/a_lt_b/n36:838095 resistance 0 cap 0.00102503 slew 0.045927 delay 0 power 2.46322e-05
I0212 16:31:05.769845 3304527 lm_feature_timing.cpp:80] node dpath/a_mux/n13:380713 resistance 14.552 cap 0.000705791 slew 0.035942 delay 0.0106487 power 4.02498e-05
I0212 16:31:05.766031 3304545 lm_feature_timing.cpp:80] node dpath/a_reg_out[14]:835581 resistance 26.536 cap 0.00059285 slew 0.0404481 delay 0.0778574 power 5.50812e-05
I0212 16:31:05.766116 3304531 lm_feature_timing.cpp:80] node dpath/a_reg/n13:830713 resistance 12.84 cap 0.000999367 slew 0.019329 delay 0.014546 power 6.1356e-05
I0212 16:31:05.769882 3304474 lm_feature_timing.cpp:137] net dpath/a_lt_b/n36 resistance 41.088 cap 0.00102503 slew 0.00447228 delay 0.0169087 power 1.99521e-08
I0212 16:31:05.769883 3304527 lm_feature_timing.cpp:137] net dpath/a_mux/n13 resistance 29.104 cap 0.000881394 slew 0.00161051 delay 0.0106487 power 4.07139e-08
I0212 16:31:05.766155 3304520 lm_feature_timing.cpp:137] net dpath/a_lt_b/n23 resistance 15.408 cap 0.00081789 slew 0.000591406 delay 0.00563859 power 1.07323e-08
I0212 16:31:05.764348 3304567 lm_feature_timing.cpp:80] node dpath/a_reg/n17:454247 resistance 4.28 cap 0.000945532 slew 0.017676 delay 0.00404688 power 6.61682e-05
I0212 16:31:05.769935 3304474 lm_feature_timing.cpp:125] build net dpath/b_mux_out[5] feature 
I0212 16:31:05.762374 3304576 lm_feature_timing.cpp:80] node dpath/b_mux/U12:Z resistance 0 cap 0.00068071 slew 0.01565 delay 0 power 8.27062e-06
I0212 16:31:05.762501 3304492 lm_feature_timing.cpp:80] node dpath/b_mux/n1:441917 resistance 0.856 cap 0.0171972 slew 0.0427522 delay 0.0147208 power 0.000278594
I0212 16:31:05.766218 3304544 lm_feature_timing.cpp:80] node dpath/a_mux_out[15]:804527 resistance 8.132 cap 0.000931094 slew 0.016859 delay 0.00760827 power 0.000107028
I0212 16:31:05.766217 3304486 lm_feature_timing.cpp:80] node dpath/a_reg/n12:851715 resistance 47.08 cap 0.000590962 slew 0.020481 delay 0.048563 power 1.91472e-07
I0212 16:31:05.769995 3304492 lm_feature_timing.cpp:80] node dpath/b_mux/n1:793877 resistance 0.856 cap 0.0171852 slew 0.0427522 delay 0.0147208 power 0.000278401
I0212 16:31:05.769995 3304576 lm_feature_timing.cpp:80] node dpath/b_mux_out[10]:464488 resistance 0 cap 0.00068071 slew 0.01565 delay 0 power 8.27062e-06
I0212 16:31:05.766251 3304506 lm_feature_timing.cpp:80] node dpath/a_lt_b/n35:838081 resistance 12.84 cap 0.00122804 slew 0.033561 delay 0.0174185 power 3.00583e-05
I0212 16:31:05.766278 3304561 lm_feature_timing.cpp:80] node dpath/a_mux/U7:ZN resistance 0 cap 0.000676622 slew 0.033624 delay 0 power 3.85864e-05
I0212 16:31:05.770044 3304576 lm_feature_timing.cpp:80] node dpath/b_mux_out[10]:462820 resistance 5.136 cap 0.000627657 slew 0.01565 delay 0.00322365 power 7.62603e-06
I0212 16:31:05.766299 3304497 lm_feature_timing.cpp:80] node dpath/a_reg/U18:Z resistance 0 cap 0.00127814 slew 0.019387 delay 0 power 6.97817e-05
I0212 16:31:05.762603 3304539 lm_feature_timing.cpp:80] node dpath/a_mux/n17:446031 resistance 6.848 cap 0.000610845 slew 0.034452 delay 0.00465898 power 4.94785e-06
I0212 16:31:05.766325 3304477 lm_feature_timing.cpp:80] node dpath/a_reg_out[7]:438607 resistance 28.676 cap 0.00210431 slew 0.0402571 delay 0.100493 power 0.000144523
I0212 16:31:05.764537 3304550 lm_feature_timing.cpp:80] node CTS_ccl_a_buf_00004:I resistance 84.744 cap 0.00109572 slew 0.000474482 delay 0.398156 power 0.000355013
I0212 16:31:05.766368 3304469 lm_feature_timing.cpp:80] node dpath/b_mux_out[0]:746785 resistance 1.284 cap 0.000910148 slew 0.017178 delay 0.00118924 power 3.77627e-05
I0212 16:31:05.760583 3304509 lm_feature_timing.cpp:80] node ctrl_b_reg_en_0_:432526 resistance 3.424 cap 0.000634571 slew 0.027947 delay 0.00217277 power 1.60297e-05
I0212 16:31:05.766384 3304575 lm_feature_timing.cpp:80] node dpath/a_mux_out[11]:799663 resistance 7.276 cap 0.00117326 slew 0.018599 delay 0.00907218 power 0.00011472
I0212 16:31:05.764626 3304508 lm_feature_timing.cpp:80] node dpath/a_mux_out[0]:1086113 resistance 10.7 cap 0.000750207 slew 0.016457 delay 0.00846132 power 5.05205e-05
I0212 16:31:05.766419 3304580 lm_feature_timing.cpp:80] node dpath/a_mux/n12:792793 resistance 0 cap 0.000716951 slew 0.034079 delay 0 power 4.08862e-05
I0212 16:31:05.760682 3304500 lm_feature_timing.cpp:80] node dpath/a_mux/n14:751953 resistance 10.272 cap 0.000708729 slew 0.036474 delay 0.00838272 power 4.04173e-05
I0212 16:31:05.770234 3304580 lm_feature_timing.cpp:137] net dpath/a_mux/n12 resistance 11.984 cap 0.000716951 slew 0.000243115 delay 0.00392244 power 3.31178e-08
I0212 16:31:05.766441 3304556 lm_feature_timing.cpp:137] net dpath/a_lt_b/n20 resistance 7.704 cap 0.000761231 slew 0.000294216 delay 0.00275312 power 9.98888e-09
I0212 16:31:05.764652 3304515 lm_feature_timing.cpp:80] node dpath/a_lt_b/n34:821329 resistance 2.996 cap 0.00102512 slew 0.019827 delay 0.00316863 power 8.30349e-06
I0212 16:31:05.770275 3304556 lm_feature_timing.cpp:125] build net dpath/b_mux_out[9] feature 
I0212 16:31:05.766495 3304566 lm_feature_timing.cpp:80] node dpath/a_lt_b/n12:740237 resistance 10.7 cap 0.000735271 slew 0.020683 delay 0.0111573 power 5.9557e-06
I0212 16:31:05.764695 3304591 lm_feature_timing.cpp:80] node dpath/a_mux_out[7]:1139129 resistance 11.556 cap 0.000868255 slew 0.017289 delay 0.011407 power 9.75471e-05
I0212 16:31:05.766516 3304514 lm_feature_timing.cpp:80] node dpath/a_lt_b/n1:381408 resistance 11.556 cap 0.000722338 slew 0.017306 delay 0.00950077 power 5.85094e-06
I0212 16:31:05.766528 3304467 lm_feature_timing.cpp:80] node dpath/a_lt_b/n9:388294 resistance 16.692 cap 0.00069162 slew 0.031625 delay 0.0144434 power 1.12042e-05
I0212 16:31:05.770328 3304515 lm_feature_timing.cpp:80] node dpath/a_lt_b/n34:838927 resistance 20.972 cap 0.000848737 slew 0.019827 delay 0.0184255 power 6.87477e-06
I0212 16:31:05.764755 3304495 lm_feature_timing.cpp:80] node dpath/a_lt_b/U23:ZN resistance 0 cap 0.000754085 slew 0.024183 delay 0 power 1.22162e-05
I0212 16:31:05.766557 3304559 lm_feature_timing.cpp:80] node dpath/a_reg_out[4]:725243 resistance 2.14 cap 0.0068548 slew 0.0490061 delay 0.0147212 power 0.00042349
I0212 16:31:05.770383 3304467 lm_feature_timing.cpp:80] node dpath/a_lt_b/n9:741091 resistance 15.408 cap 0.000731166 slew 0.031625 delay 0.0135469 power 1.18449e-05
I0212 16:31:05.764781 3304563 lm_feature_timing.cpp:80] node dpath/a_lt_b/n37:479429 resistance 4.708 cap 0.00145908 slew 0.018123 delay 0.00686937 power 1.18186e-05
I0212 16:31:05.756016 3304489 lm_feature_timing.cpp:80] node dpath/a_lt_b/U26:A1 resistance 43.228 cap 0.000393715 slew 0.0440891 delay 0.081044 power 1.39305e-05
I0212 16:31:05.770421 3304495 lm_feature_timing.cpp:80] node dpath/a_lt_b/n16:770445 resistance 0 cap 0.000754085 slew 0.024183 delay 0 power 1.22162e-05
I0212 16:31:05.766597 3304525 lm_feature_timing.cpp:80] node dpath/a_lt_b/n7:738445 resistance 23.54 cap 0.00133709 slew 0.021289 delay 0.0366016 power 2.43684e-05
I0212 16:31:05.760957 3304543 lm_feature_timing.cpp:80] node dpath/a_mux_out[14]:827159 resistance 19.688 cap 0.00086549 slew 0.0173 delay 0.017208 power 9.5532e-05
I0212 16:31:05.766647 3304502 lm_feature_timing.cpp:137] net dpath/a_reg/n6 resistance 6.848 cap 0.000637593 slew 0.000134484 delay 0.00205777 power 3.19063e-08
I0212 16:31:05.766642 3304493 lm_feature_timing.cpp:80] node dpath/a_mux/FE_OFN3_ctrl_a_mux_sel_1:733469 resistance 109.996 cap 0.00376945 slew 0.0264799 delay 0.844147 power 0.000121856
I0212 16:31:05.770498 3304502 lm_feature_timing.cpp:125] build net dpath/b_reg/FE_OFN2_ctrl_b_reg_en_0 feature 
I0212 16:31:05.770493 3304525 lm_feature_timing.cpp:80] node dpath/a_lt_b/n7:736769 resistance 21.828 cap 0.00135725 slew 0.021289 delay 0.0343125 power 2.47359e-05
I0212 16:31:05.770524 3304493 lm_feature_timing.cpp:80] node dpath/a_mux/FE_OFN3_ctrl_a_mux_sel_1:734307 resistance 110.852 cap 0.0037575 slew 0.0264799 delay 0.847364 power 0.000121469
I0212 16:31:05.764927 3304479 lm_feature_timing.cpp:125] build net dpath/b_mux_out[1] feature 
I0212 16:31:05.766695 3304570 lm_feature_timing.cpp:80] node dpath/a_mux_out[10]:829011 resistance 43.228 cap 0.000815984 slew 0.019133 delay 0.0438711 power 6.60947e-06
I0212 16:31:05.770571 3304493 lm_feature_timing.cpp:80] node dpath/a_mux/FE_OFN3_ctrl_a_mux_sel_1:441803 resistance 16.692 cap 0.0107747 slew 0.0264728 delay 0.193796 power 0.000348315
I0212 16:31:05.766705 3304582 lm_feature_timing.cpp:80] node ctrl_a_reg_en_0_:1101447 resistance 263.22 cap 0.00261326 slew 0.0402399 delay 2.53011 power 2.11674e-05
I0212 16:31:05.766721 3304546 lm_feature_timing.cpp:80] node ctrl/n2:798723 resistance 8.56 cap 0.000779872 slew 0.023799 delay 0.00787645 power 6.31696e-06
I0212 16:31:05.766721 3304494 lm_feature_timing.cpp:80] node dpath/a_reg_out[12]:1190993 resistance 45.796 cap 0.00299887 slew 0.0441404 delay 0.21681 power 0.000189768
I0212 16:31:05.770617 3304570 lm_feature_timing.cpp:80] node dpath/a_mux_out[10]:806385 resistance 20.116 cap 0.0010417 slew 0.019133 delay 0.0250121 power 8.43778e-06
I0212 16:31:05.766820 3304530 lm_feature_timing.cpp:80] node dpath/a_mux_out[5]:387470 resistance 32.528 cap 0.000598879 slew 0.017957 delay 0.0293888 power 6.17771e-05
I0212 16:31:05.766813 3304533 lm_feature_timing.cpp:80] node dpath/a_reg/U7:Z resistance 0 cap 0.00121236 slew 0.018996 delay 0 power 7.67178e-05
I0212 16:31:05.770668 3304546 lm_feature_timing.cpp:80] node ctrl/n2:792019 resistance 1.712 cap 0.000849369 slew 0.023799 delay 0.00253589 power 6.87989e-06
I0212 16:31:05.770684 3304570 lm_feature_timing.cpp:80] node dpath/a_mux_out[10]:829011 resistance 43.228 cap 0.000815984 slew 0.019133 delay 0.0438711 power 6.60947e-06
I0212 16:31:05.766863 3304564 lm_feature_timing.cpp:80] node dpath/a_lt_b/n17:774623 resistance 27.392 cap 0.000864153 slew 0.02546 delay 0.0236709 power 3.48897e-05
I0212 16:31:05.766863 3304551 lm_feature_timing.cpp:80] node ctrl/state_out[1]:431673 resistance 26.964 cap 0.00062133 slew 0.029421 delay 0.0559544 power 3.16368e-05
I0212 16:31:05.770725 3304546 lm_feature_timing.cpp:80] node ctrl/n2:798723 resistance 8.56 cap 0.000779872 slew 0.023799 delay 0.00787645 power 6.31696e-06
I0212 16:31:05.770737 3304479 lm_feature_timing.cpp:80] node dpath/b_reg/U17:A2 resistance 15.836 cap 0.000574604 slew 0.017 delay 0.0116818 power 2.62599e-05
I0212 16:31:05.765172 3304510 lm_feature_timing.cpp:80] node dpath/a_reg_out[5]:740281 resistance 30.388 cap 0.00070467 slew 0.0410004 delay 0.14303 power 4.5157e-05
I0212 16:31:05.765218 3304511 lm_feature_timing.cpp:80] node dpath/a_lt_b/n31:843171 resistance 0 cap 0.00115242 slew 0.048638 delay 0 power 2.84837e-05
I0212 16:31:05.766975 3304536 lm_feature_timing.cpp:80] node dpath/a_reg/n15:860713 resistance 62.06 cap 0.000612145 slew 0.0226471 delay 0.0755333 power 4.00584e-05
I0212 16:31:05.766981 3304568 lm_feature_timing.cpp:80] node CTS_1:394051 resistance 100.152 cap 0.000418247 slew 0.00031565 delay 0.361178 power 0.000135512
I0212 16:31:05.766984 3304473 lm_feature_timing.cpp:80] node dpath/a_mux/FE_OFN5_n18:394953 resistance 89.452 cap 0.000450488 slew 0.0317656 delay 0.683171 power 2.9126e-05
I0212 16:31:05.766969 3304590 lm_feature_timing.cpp:80] node dpath/a_lt_b/n29:485347 resistance 9.844 cap 0.000893177 slew 0.020196 delay 0.00879243 power 7.23473e-06
I0212 16:31:05.822322 3304536 lm_feature_timing.cpp:80] node dpath/a_reg/n15:1212673 resistance 62.06 cap 0.000804974 slew 0.0226471 delay 0.0755333 power 5.26771e-05
I0212 16:31:05.822324 3304511 lm_feature_timing.cpp:80] node dpath/a_lt_b/n31:834789 resistance 9.416 cap 0.00105825 slew 0.048638 delay 0.0099645 power 2.61563e-05
I0212 16:31:05.822355 3304568 lm_feature_timing.cpp:80] node dpath/a_reg/out_reg_2_:CP resistance 98.44 cap 0.000418247 slew 0.00031564 delay 0.360269 power 0.000135512
I0212 16:31:05.822403 3304536 lm_feature_timing.cpp:80] node dpath/a_reg/n15:859875 resistance 62.916 cap 0.000600202 slew 0.0226471 delay 0.0760471 power 3.92769e-05
I0212 16:31:05.769155 3304504 lm_feature_timing.cpp:80] node dpath/a_lt_b/n22:484639 resistance 20.544 cap 0.000612721 slew 0.047613 delay 0.0167785 power 1.5308e-05
I0212 16:31:05.822415 3304473 lm_feature_timing.cpp:80] node dpath/a_mux/FE_OFN5_n18:394959 resistance 92.02 cap 0.000422101 slew 0.0317656 delay 0.684255 power 2.72907e-05
I0212 16:31:05.822448 3304568 lm_feature_timing.cpp:80] node CTS_1:402419 resistance 98.44 cap 0.000418247 slew 0.00031564 delay 0.360269 power 0.000135512
I0212 16:31:05.761462 3304555 lm_feature_timing.cpp:80] node dpath/a_lt_b/n32:486999 resistance 17.976 cap 0.000635035 slew 0.020978 delay 0.0187062 power 5.14378e-06
I0212 16:31:05.769194 3304586 lm_feature_timing.cpp:80] node dpath/a_lt_b/n11:752823 resistance 0 cap 0.00154161 slew 0.030248 delay 0 power 2.49741e-05
I0212 16:31:05.822494 3304568 lm_feature_timing.cpp:80] node CTS_1:402419 resistance 98.44 cap 0.000418247 slew 0.00031564 delay 0.360269 power 0.000135512
I0212 16:31:05.822505 3304473 lm_feature_timing.cpp:80] node dpath/a_mux/FE_OFN5_n18:790491 resistance 45.796 cap 0.0014979 slew 0.0317631 delay 0.418086 power 9.68456e-05
I0212 16:31:05.765282 3304542 lm_feature_timing.cpp:80] node dpath/b_mux_out[13]:819689 resistance 6.42 cap 0.000889983 slew 0.017469 delay 0.00592073 power 4.5498e-05
I0212 16:31:05.822548 3304586 lm_feature_timing.cpp:80] node dpath/a_lt_b/n11:747795 resistance 5.136 cap 0.00148856 slew 0.030248 delay 0.00764523 power 2.41146e-05
I0212 16:31:05.822566 3304473 lm_feature_timing.cpp:80] node dpath/a_mux/FE_OFN5_n18:791329 resistance 46.652 cap 0.00148596 slew 0.0317631 delay 0.419358 power 9.60735e-05
I0212 16:31:05.822588 3304586 lm_feature_timing.cpp:80] node dpath/a_lt_b/n11:752823 resistance 0 cap 0.00154161 slew 0.030248 delay 0 power 2.49741e-05
I0212 16:31:05.822624 3304586 lm_feature_timing.cpp:80] node dpath/a_lt_b/placeFE_RC_0_0:B2 resistance 12.84 cap 0.000615161 slew 0.030248 delay 0.0129832 power 9.96561e-06
I0212 16:31:05.765368 3304534 lm_feature_timing.cpp:80] node dpath/a_mux_out[8]:821549 resistance 62.916 cap 0.000598488 slew 0.0212991 delay 0.0763435 power 6.99895e-05
I0212 16:31:05.822646 3304542 lm_feature_timing.cpp:80] node dpath/b_mux_out[13]:816337 resistance 2.996 cap 0.000926592 slew 0.017469 delay 0.00287343 power 4.73696e-05
I0212 16:31:05.769292 3304573 lm_feature_timing.cpp:80] node dpath/a_mux/n5:733293 resistance 5.564 cap 0.000676622 slew 0.035087 delay 0.00410826 power 3.85864e-05
I0212 16:31:05.822712 3304542 lm_feature_timing.cpp:80] node dpath/b_mux_out[13]:819689 resistance 6.42 cap 0.000889983 slew 0.017469 delay 0.00592073 power 4.5498e-05
I0212 16:31:05.765317 3304557 lm_feature_timing.cpp:80] node dpath/a_reg/n18:809839 resistance 4.28 cap 0.0198711 slew 0.0502032 delay 0.0852144 power 0.000160956
I0212 16:31:05.822759 3304573 lm_feature_timing.cpp:80] node dpath/a_mux/n5:737483 resistance 9.844 cap 0.000631792 slew 0.035087 delay 0.00681233 power 3.60298e-05
I0212 16:31:05.765424 3304569 lm_feature_timing.cpp:80] node dpath/a_mux/n2:446011 resistance 5.136 cap 0.000610845 slew 0.034079 delay 0.00340978 power 3.48352e-05
I0212 16:31:05.822832 3304569 lm_feature_timing.cpp:80] node dpath/a_mux/n2:797971 resistance 5.136 cap 0.000663898 slew 0.034079 delay 0.00340978 power 3.78607e-05
I0212 16:31:05.822842 3304573 lm_feature_timing.cpp:80] node dpath/a_mux/n5:381333 resistance 5.564 cap 0.000713231 slew 0.035087 delay 0.00410826 power 4.06741e-05
I0212 16:31:05.822858 3304569 lm_feature_timing.cpp:80] node dpath/a_mux/n2:792943 resistance 0 cap 0.000716951 slew 0.034079 delay 0 power 4.08862e-05
I0212 16:31:05.763604 3304541 lm_feature_timing.cpp:80] node dpath/a_reg_out[9]:487167 resistance 51.36 cap 0.000610261 slew 0.0460205 delay 0.214964 power 4.47167e-05
I0212 16:31:05.822896 3304573 lm_feature_timing.cpp:80] node dpath/a_mux/n5:381341 resistance 2.14 cap 0.000761782 slew 0.035087 delay 0.00166616 power 4.34428e-05
I0212 16:31:05.765450 3304507 lm_feature_timing.cpp:80] node dpath/a_lt_b/n30:492077 resistance 36.38 cap 0.00133943 slew 0.0375951 delay 0.0608655 power 3.33398e-05
I0212 16:31:05.769346 3304501 lm_feature_timing.cpp:80] node ctrl/n4:775247 resistance 22.256 cap 0.000708064 slew 0.029179 delay 0.0198754 power 5.16796e-05
I0212 16:31:05.823014 3304507 lm_feature_timing.cpp:80] node dpath/a_lt_b/n30:494591 resistance 38.948 cap 0.000888946 slew 0.0375951 delay 0.0631483 power 2.21268e-05
I0212 16:31:05.823112 3304507 lm_feature_timing.cpp:80] node dpath/a_lt_b/U33:A1 resistance 49.22 cap 0.000758174 slew 0.0375951 delay 0.0709363 power 1.88717e-05
I0212 16:31:05.823168 3304507 lm_feature_timing.cpp:80] node dpath/a_lt_b/n30:494591 resistance 38.948 cap 0.000888946 slew 0.0375951 delay 0.0631483 power 2.21268e-05
I0212 16:31:05.823158 3304501 lm_feature_timing.cpp:80] node ctrl/n4:779437 resistance 17.976 cap 0.000752895 slew 0.029179 delay 0.0168448 power 5.49517e-05
I0212 16:31:05.765475 3304481 lm_feature_timing.cpp:80] node dpath/a_lt_b/n10:401693 resistance 16.264 cap 0.000597516 slew 0.022374 delay 0.0195487 power 4.83988e-06
I0212 16:31:05.769413 3304478 lm_feature_timing.cpp:80] node dpath/a_mux/n16:439278 resistance 0 cap 0.000780143 slew 0.020149 delay 0 power 5.04396e-05
I0212 16:31:05.763821 3304581 lm_feature_timing.cpp:80] node dpath/a_mux/n1:801183 resistance 1.712 cap 0.000818555 slew 0.035457 delay 0.00140137 power 4.66805e-05
I0212 16:31:05.823320 3304481 lm_feature_timing.cpp:80] node dpath/a_lt_b/n10:401694 resistance 16.692 cap 0.000589685 slew 0.022374 delay 0.0198011 power 4.77645e-06
I0212 16:31:05.823338 3304478 lm_feature_timing.cpp:80] node dpath/a_mux/n16:439277 resistance 0.428 cap 0.000772311 slew 0.020149 delay 0.000330549 power 4.99333e-05
I0212 16:31:05.823392 3304478 lm_feature_timing.cpp:80] node dpath/a_mux/n16:439278 resistance 0 cap 0.000780143 slew 0.020149 delay 0 power 5.04396e-05
I0212 16:31:05.823385 3304581 lm_feature_timing.cpp:80] node dpath/a_mux/n1:799507 resistance 0 cap 0.000838719 slew 0.035457 delay 0 power 4.78304e-05
I0212 16:31:05.763875 3304584 lm_feature_timing.cpp:80] node dpath/a_lt_b/U14:A1 resistance 3.852 cap 0.000393715 slew 0.018363 delay 0.00463851 power 3.18909e-06
I0212 16:31:05.769443 3304549 lm_feature_timing.cpp:80] node dpath/a_lt_b/n15:778807 resistance 12.412 cap 0.0006501 slew 0.021785 delay 0.0112791 power 5.26581e-06
I0212 16:31:05.823465 3304581 lm_feature_timing.cpp:80] node dpath/a_mux/n1:801183 resistance 1.712 cap 0.000818555 slew 0.035457 delay 0.00140137 power 4.66805e-05
I0212 16:31:05.823523 3304581 lm_feature_timing.cpp:80] node dpath/a_mux/n1:455921 resistance 11.128 cap 0.000602623 slew 0.035457 delay 0.00798141 power 3.43663e-05
I0212 16:31:05.823529 3304584 lm_feature_timing.cpp:80] node dpath/a_lt_b/n3:386422 resistance 3.852 cap 0.00120418 slew 0.018363 delay 0.00463851 power 9.75387e-06
I0212 16:31:05.823565 3304549 lm_feature_timing.cpp:80] node dpath/a_lt_b/n15:778831 resistance 2.14 cap 0.00163439 slew 0.021785 delay 0.00354955 power 1.32386e-05
I0212 16:31:05.769500 3304488 lm_feature_timing.cpp:80] node dpath/a_lt_b/n14:767077 resistance 0.428 cap 0.000927521 slew 0.020585 delay 0.000691258 power 7.51292e-06
I0212 16:31:05.769476 3304517 lm_feature_timing.cpp:80] node dpath/a_mux/n15:434327 resistance 9.416 cap 0.000827559 slew 0.036668 delay 0.00795987 power 4.7194e-05
I0212 16:31:05.769526 3304583 lm_feature_timing.cpp:80] node dpath/a_lt_b/n2:737553 resistance 5.992 cap 0.000648236 slew 0.023105 delay 0.00388423 power 1.05014e-05
I0212 16:31:05.769534 3304565 lm_feature_timing.cpp:80] node dpath/b_mux_out[14]:1166613 resistance 9.844 cap 0.000765869 slew 0.01702 delay 0.00785434 power 5.26379e-05
I0212 16:31:05.823709 3304488 lm_feature_timing.cpp:80] node dpath/a_lt_b/U23:A2 resistance 5.136 cap 0.000581854 slew 0.020585 delay 0.00366104 power 4.71302e-06
I0212 16:31:05.763918 3304526 lm_feature_timing.cpp:80] node dpath/a_reg/n8:756209 resistance 3.424 cap 0.000793032 slew 0.01695 delay 0.00284069 power 5.26426e-05
I0212 16:31:05.823808 3304583 lm_feature_timing.cpp:80] node dpath/a_lt_b/n2:731687 resistance 0 cap 0.000709511 slew 0.023105 delay 0 power 1.14941e-05
I0212 16:31:05.823863 3304526 lm_feature_timing.cpp:80] node dpath/a_reg/n8:762075 resistance 9.416 cap 0.000731757 slew 0.01695 delay 0.00722537 power 4.85751e-05
I0212 16:31:05.823894 3304583 lm_feature_timing.cpp:80] node dpath/a_lt_b/n2:737553 resistance 5.992 cap 0.000648236 slew 0.023105 delay 0.00388423 power 1.05014e-05
I0212 16:31:05.823930 3304526 lm_feature_timing.cpp:80] node dpath/a_reg/n8:404249 resistance 3.424 cap 0.00082964 slew 0.01695 delay 0.00284069 power 5.50728e-05
I0212 16:31:05.769593 3304465 lm_feature_timing.cpp:80] node dpath/a_lt_b/U6:A2 resistance 7.276 cap 0.000569173 slew 0.021423 delay 0.0104316 power 4.6103e-06
I0212 16:31:05.765720 3304475 lm_feature_timing.cpp:80] node dpath/a_reg_out[8]:477117 resistance 86.028 cap 0.000556241 slew 0.0475417 delay 0.302122 power 3.94804e-05
I0212 16:31:05.824062 3304465 lm_feature_timing.cpp:80] node dpath/a_lt_b/n18:484661 resistance 7.276 cap 0.0014337 slew 0.021423 delay 0.0104316 power 1.1613e-05
I0212 16:31:05.824084 3304475 lm_feature_timing.cpp:80] node dpath/a_reg_out[8]:829077 resistance 86.028 cap 0.000625738 slew 0.0475417 delay 0.302122 power 4.44131e-05
I0212 16:31:05.769629 3304574 lm_feature_timing.cpp:80] node ctrl_b_mux_sel_0_:439398 resistance 151.084 cap 0.00106438 slew 0.0310884 delay 2.06795 power 1.7243e-05
I0212 16:31:05.824155 3304475 lm_feature_timing.cpp:80] node dpath/a_reg_out[8]:437719 resistance 66.34 cap 0.000764771 slew 0.0475416 delay 0.256271 power 5.42813e-05
I0212 16:31:05.764025 3304579 lm_feature_timing.cpp:80] node dpath/a_reg_out[13]:508787 resistance 0 cap 0.00512795 slew 0.03813 delay 0 power 0.00033557
I0212 16:31:05.765813 3304513 lm_feature_timing.cpp:80] node dpath/b_mux_out[15]:447610 resistance 18.404 cap 0.0007551 slew 0.017135 delay 0.0138969 power 4.03167e-05
I0212 16:31:05.824216 3304475 lm_feature_timing.cpp:80] node dpath/a_reg_out[8]:438557 resistance 67.196 cap 0.00071211 slew 0.0475416 delay 0.25688 power 5.05435e-05
I0212 16:31:05.824234 3304574 lm_feature_timing.cpp:80] node ctrl_b_mux_sel_0_:439398 resistance 151.084 cap 0.00106438 slew 0.0310884 delay 2.06795 power 1.7243e-05
I0212 16:31:05.824265 3304513 lm_feature_timing.cpp:80] node dpath/b_mux_out[15]:446739 resistance 0 cap 0.000935596 slew 0.017135 delay 0 power 4.99538e-05
I0212 16:31:05.824268 3304579 lm_feature_timing.cpp:80] node dpath/a_reg_out[13]:508789 resistance 0.856 cap 0.005116 slew 0.03813 delay 0.0043793 power 0.000334789
I0212 16:31:05.769721 3304470 lm_feature_timing.cpp:80] node dpath/a_mux_out[12]:829805 resistance 39.804 cap 0.000644101 slew 0.018929 delay 0.0387123 power 6.54078e-05
I0212 16:31:05.824353 3304579 lm_feature_timing.cpp:80] node dpath/a_reg_out[13]:820525 resistance 52.216 cap 0.000659839 slew 0.0381302 delay 0.162192 power 4.31795e-05
I0212 16:31:05.824415 3304579 lm_feature_timing.cpp:80] node dpath/a_reg_out[13]:1172485 resistance 52.216 cap 0.000712892 slew 0.0381302 delay 0.162192 power 4.66513e-05
I0212 16:31:05.769737 3304589 lm_feature_timing.cpp:80] node dpath/a_reg/n19:508973 resistance 2.996 cap 0.000997854 slew 9.02853e-06 delay 0.00298957 power 0
I0212 16:31:05.769694 3304482 lm_feature_timing.cpp:80] node dpath/a_mux_out[3]:379810 resistance 9.416 cap 0.000668768 slew 0.015352 delay 0.00629712 power 6.28112e-05
I0212 16:31:05.824479 3304579 lm_feature_timing.cpp:80] node dpath/a_reg_out[13]:1172473 resistance 47.08 cap 0.000765945 slew 0.0381302 delay 0.15853 power 5.0123e-05
I0212 16:31:05.765909 3304498 lm_feature_timing.cpp:80] node dpath/a_mux_out[9]:477977 resistance 72.332 cap 0.000574604 slew 0.0222031 delay 0.0933752 power 6.98368e-05
I0212 16:31:05.764171 3304578 lm_feature_timing.cpp:80] node dpath/a_lt_b/n13:741109 resistance 9.416 cap 0.000699275 slew 0.031831 delay 0.00750923 power 2.23122e-05
I0212 16:31:05.769773 3304491 lm_feature_timing.cpp:80] node ctrl/n5:399824 resistance 0 cap 0.00129816 slew 0.021618 delay 0 power 1.05151e-05
I0212 16:31:05.769767 3300491 lm_feature_timing.cpp:80] node dpath/a_lt_b/n4:735191 resistance 10.7 cap 0.000661477 slew 0.021374 delay 0.00825553 power 5.35797e-06
I0212 16:31:05.824644 3304491 lm_feature_timing.cpp:80] node ctrl/n5:400649 resistance 6.42 cap 0.00123278 slew 0.021618 delay 0.00791444 power 9.98551e-06
I0212 16:31:05.824659 3300491 lm_feature_timing.cpp:80] node dpath/a_lt_b/n4:1087151 resistance 10.7 cap 0.000730974 slew 0.021374 delay 0.00825553 power 5.92089e-06
I0212 16:31:05.824687 3304491 lm_feature_timing.cpp:80] node ctrl/n5:752609 resistance 6.42 cap 0.00116739 slew 0.021618 delay 0.00791444 power 9.45588e-06
I0212 16:31:05.824699 3300491 lm_feature_timing.cpp:80] node dpath/a_lt_b/n4:1087135 resistance 3.852 cap 0.000800472 slew 0.021374 delay 0.00324982 power 6.48382e-06
I0212 16:31:05.824721 3304491 lm_feature_timing.cpp:80] node ctrl/n5:778589 resistance 35.524 cap 0.00088412 slew 0.021618 delay 0.0336459 power 7.16137e-06
I0212 16:31:05.764222 3304485 lm_feature_timing.cpp:80] node ctrl_a_mux_sel[0]:440103 resistance 47.508 cap 0.00126557 slew 0.0481361 delay 0.095617 power 4.09124e-05
I0212 16:31:05.824760 3304491 lm_feature_timing.cpp:80] node ctrl/n5:752609 resistance 6.42 cap 0.00116739 slew 0.021618 delay 0.00791444 power 9.45588e-06
I0212 16:31:05.766007 3304548 lm_feature_timing.cpp:80] node dpath/a_mux/n10:445968 resistance 3.852 cap 0.000945216 slew 0.037124 delay 0.00364097 power 5.39037e-05
I0212 16:31:05.769819 3304532 lm_feature_timing.cpp:80] node dpath/a_reg/n5:1451631 resistance 19.688 cap 0.00082964 slew 0.018395 delay 0.0178545 power 4.93351e-05
I0212 16:31:05.766021 3304585 lm_feature_timing.cpp:80] node ctrl/n1:783621 resistance 26.108 cap 0.000666161 slew 0.02561 delay 0.0236457 power 1.07918e-05
I0212 16:31:05.824826 3304548 lm_feature_timing.cpp:80] node dpath/a_mux/n10:445130 resistance 4.708 cap 0.000892554 slew 0.037124 delay 0.004405 power 5.09005e-05
I0212 16:31:05.769845 3304537 lm_feature_timing.cpp:80] node ctrl/next_state__0[1]:777755 resistance 0 cap 0.000933251 slew 0.030897 delay 0 power 4.75191e-05
I0212 16:31:05.769867 3304587 lm_feature_timing.cpp:80] node dpath/a_reg_out[3]:1087959 resistance 16.692 cap 0.000894498 slew 0.042396 delay 0.0442065 power 5.31919e-05
I0212 16:31:05.824870 3304537 lm_feature_timing.cpp:137] net ctrl/next_state__0[1] resistance 39.376 cap 0.000933251 slew 0.00300296 delay 0.0144182 power 3.84905e-08
I0212 16:31:05.824855 3304485 lm_feature_timing.cpp:80] node ctrl_a_mux_sel[0]:440110 resistance 50.504 cap 0.00123308 slew 0.0481361 delay 0.0993113 power 3.98618e-05
I0212 16:31:05.769883 3304572 lm_feature_timing.cpp:80] node dpath/a_reg/n11:478009 resistance 7.276 cap 0.000793423 slew 0.01698 delay 0.00577294 power 5.81379e-05
I0212 16:31:05.766126 3304466 lm_feature_timing.cpp:80] node ctrl/state/n1:776021 resistance 16.692 cap 0.00151375 slew 0.014531 delay 0.0259137 power 1.22614e-05
I0212 16:31:05.769927 3304531 lm_feature_timing.cpp:80] node dpath/a_reg/n13:852501 resistance 35.096 cap 0.000781872 slew 0.019329 delay 0.0319474 power 4.80029e-05
I0212 16:31:05.824941 3304485 lm_feature_timing.cpp:80] node ctrl_a_mux_sel[0]:440103 resistance 47.508 cap 0.00126557 slew 0.0481361 delay 0.095617 power 4.09124e-05
I0212 16:31:05.766182 3304471 lm_feature_timing.cpp:80] node dpath/a_lt_b/n6:740993 resistance 10.7 cap 0.000835231 slew 0.01385 delay 0.0100765 power 1.35307e-05
I0212 16:31:05.769932 3304545 lm_feature_timing.cpp:80] node dpath/a_reg_out[14]:833905 resistance 24.824 cap 0.00167496 slew 0.0404481 delay 0.0768424 power 0.000155619
I0212 16:31:05.769937 3304527 lm_feature_timing.cpp:125] build net dpath/b_mux_out[6] feature 
I0212 16:31:05.769861 3304553 lm_feature_timing.cpp:80] node ctrl/n3:434199 resistance 0 cap 0.00139018 slew 0.015546 delay 0 power 3.36802e-05
I0212 16:31:05.757989 3304505 lm_feature_timing.cpp:80] node dpath/a_mux/n11:455982 resistance 7.276 cap 0.000660569 slew 0.034274 delay 0.0048063 power 3.76709e-05
I0212 16:31:05.770021 3304492 lm_feature_timing.cpp:80] node dpath/b_mux/n1:441915 resistance 0 cap 0.0172091 slew 0.042752 delay 0 power 0.000278788
I0212 16:31:05.770016 3304544 lm_feature_timing.cpp:80] node dpath/a_mux_out[15]:445025 resistance 0.428 cap 0.00101664 slew 0.016859 delay 0.000435124 power 0.000116862
I0212 16:31:05.825131 3304553 lm_feature_timing.cpp:80] node ctrl/n3:786159 resistance 0 cap 0.000693034 slew 0.015546 delay 0 power 1.67903e-05
I0212 16:31:05.758855 3304560 lm_feature_timing.cpp:80] node dpath/a_lt_b/n8:1090531 resistance 47.08 cap 0.00106416 slew 0.053906 delay 0.050494 power 1.71552e-05
I0212 16:31:05.770079 3304506 lm_feature_timing.cpp:80] node dpath/a_lt_b/U34:ZN resistance 0 cap 0.00149703 slew 0.033561 delay 0 power 3.66422e-05
I0212 16:31:05.825186 3304505 lm_feature_timing.cpp:80] node dpath/a_mux/U23:ZN resistance 0 cap 0.000734177 slew 0.034274 delay 0 power 4.18686e-05
I0212 16:31:05.770094 3304576 lm_feature_timing.cpp:80] node dpath/b_mux_out[10]:464488 resistance 0 cap 0.00068071 slew 0.01565 delay 0 power 8.27062e-06
I0212 16:31:05.825230 3304506 lm_feature_timing.cpp:80] node dpath/a_lt_b/n35:486147 resistance 0 cap 0.00149703 slew 0.033561 delay 0 power 3.66422e-05
I0212 16:31:05.825237 3304560 lm_feature_timing.cpp:80] node dpath/a_lt_b/n8:738471 resistance 0.856 cap 0.00152381 slew 0.053906 delay 0.00130439 power 2.45653e-05
I0212 16:31:05.770144 3304474 lm_feature_timing.cpp:80] node dpath/b_mux_out[5]:409197 resistance 25.252 cap 0.000590266 slew 0.018108 delay 0.0211593 power 2.97753e-05
I0212 16:31:05.825274 3304506 lm_feature_timing.cpp:80] node dpath/a_lt_b/n35:486145 resistance 0.856 cap 0.00148509 slew 0.033561 delay 0.00127123 power 3.63499e-05
I0212 16:31:05.825263 3304544 lm_feature_timing.cpp:80] node dpath/a_mux_out[15]:796985 resistance 0.428 cap 0.00100881 slew 0.016859 delay 0.000435124 power 0.000115962
I0212 16:31:05.770211 3304509 lm_feature_timing.cpp:80] node ctrl_b_reg_en_0_:432518 resistance 0 cap 0.000671179 slew 0.027947 delay 0 power 1.69544e-05
I0212 16:31:05.770208 3304469 lm_feature_timing.cpp:80] node dpath/b_mux_out[0]:759355 resistance 14.124 cap 0.000783095 slew 0.017178 delay 0.0112442 power 3.24912e-05
I0212 16:31:05.770229 3304575 lm_feature_timing.cpp:80] node dpath/a_mux_out[11]:828993 resistance 37.236 cap 0.000881761 slew 0.018599 delay 0.0354897 power 8.62178e-05
I0212 16:31:05.825368 3304509 lm_feature_timing.cpp:80] node ctrl_b_reg_en_0_:432526 resistance 3.424 cap 0.000634571 slew 0.027947 delay 0.00217277 power 1.60297e-05
I0212 16:31:05.825394 3304469 lm_feature_timing.cpp:80] node dpath/b_mux/U2:Z resistance 0 cap 0.000942254 slew 0.017178 delay 0 power 3.90948e-05
I0212 16:31:05.825433 3304509 lm_feature_timing.cpp:80] node ctrl/U3:ZN resistance 0 cap 0.000671179 slew 0.027947 delay 0 power 1.69544e-05
I0212 16:31:05.825453 3304469 lm_feature_timing.cpp:80] node dpath/b_mux_out[0]:394828 resistance 0 cap 0.000942254 slew 0.017178 delay 0 power 3.90948e-05
I0212 16:31:05.825448 3304527 lm_feature_timing.cpp:80] node dpath/b_reg/U12:A2 resistance 14.552 cap 0.000574604 slew 0.016905 delay 0.0105581 power 2.96458e-05
I0212 16:31:05.770267 3304580 lm_feature_timing.cpp:125] build net dpath/b_mux_out[8] feature 
I0212 16:31:05.825511 3304469 lm_feature_timing.cpp:80] node dpath/b_mux_out[0]:394825 resistance 1.284 cap 0.000926201 slew 0.017178 delay 0.00118924 power 3.84288e-05
I0212 16:31:05.764686 3304577 lm_feature_timing.cpp:80] node ctrl/next_state__0[0]:786943 resistance 9.844 cap 0.000822643 slew 0.029224 delay 0.00884021 power 7.33692e-05
I0212 16:31:05.825536 3304527 lm_feature_timing.cpp:80] node dpath/b_mux_out[6]:417596 resistance 14.552 cap 0.000582435 slew 0.016905 delay 0.0105581 power 3.00498e-05
I0212 16:31:05.766522 3304562 lm_feature_timing.cpp:80] node dpath/b_mux_out[3]:415025 resistance 11.556 cap 0.000647821 slew 0.016915 delay 0.0088151 power 3.11832e-05
I0212 16:31:05.770359 3304514 lm_feature_timing.cpp:80] node dpath/a_lt_b/n1:381408 resistance 11.556 cap 0.000722338 slew 0.017306 delay 0.00950077 power 5.85094e-06
I0212 16:31:05.770354 3304591 lm_feature_timing.cpp:80] node dpath/a_mux_out[7]:782141 resistance 6.42 cap 0.00097436 slew 0.017289 delay 0.00667517 power 0.000109468
I0212 16:31:05.770408 3304515 lm_feature_timing.cpp:80] node dpath/a_lt_b/U35:ZN resistance 0 cap 0.00109012 slew 0.019827 delay 0 power 8.82995e-06
I0212 16:31:05.825665 3304562 lm_feature_timing.cpp:80] node dpath/b_mux_out[3]:766985 resistance 11.556 cap 0.000758429 slew 0.016915 delay 0.0088151 power 3.65073e-05
I0212 16:31:05.770426 3304467 lm_feature_timing.cpp:80] node dpath/a_lt_b/n9:741929 resistance 14.552 cap 0.000743108 slew 0.031625 delay 0.012921 power 1.20384e-05
I0212 16:31:05.825696 3304514 lm_feature_timing.cpp:80] node dpath/a_lt_b/n1:381413 resistance 9.416 cap 0.000746613 slew 0.017306 delay 0.00795497 power 6.04757e-06
I0212 16:31:05.825721 3304515 lm_feature_timing.cpp:80] node dpath/a_lt_b/n34:469376 resistance 0 cap 0.00109012 slew 0.019827 delay 0 power 8.82995e-06
I0212 16:31:05.770485 3304495 lm_feature_timing.cpp:80] node dpath/a_lt_b/n16:424345 resistance 8.56 cap 0.000611371 slew 0.024183 delay 0.00569383 power 9.9042e-06
I0212 16:31:05.825742 3304562 lm_feature_timing.cpp:80] node dpath/b_mux_out[3]:756091 resistance 0.428 cap 0.000869037 slew 0.016915 delay 0.000375299 power 4.18315e-05
I0212 16:31:05.825739 3304591 lm_feature_timing.cpp:80] node dpath/a_mux_out[7]:787169 resistance 11.556 cap 0.000921308 slew 0.017289 delay 0.011407 power 0.000103507
I0212 16:31:05.766672 3304523 lm_feature_timing.cpp:80] node dpath/a_lt_b/n19:477133 resistance 20.972 cap 0.000647858 slew 0.017501 delay 0.0179182 power 1.09783e-05
I0212 16:31:05.766680 3304512 lm_feature_timing.cpp:80] node dpath/a_mux_out[2]:733385 resistance 1.284 cap 0.000778593 slew 0.015615 delay 0.00102033 power 6.94572e-05
I0212 16:31:05.825802 3304562 lm_feature_timing.cpp:80] node dpath/b_mux_out[3]:766985 resistance 11.556 cap 0.000758429 slew 0.016915 delay 0.0088151 power 3.65073e-05
I0212 16:31:05.770557 3304525 lm_feature_timing.cpp:80] node dpath/a_lt_b/n7:738445 resistance 23.54 cap 0.00133709 slew 0.021289 delay 0.0366016 power 2.43684e-05
I0212 16:31:05.825837 3304523 lm_feature_timing.cpp:80] node dpath/a_lt_b/U26:ZN resistance 0 cap 0.00106562 slew 0.017501 delay 0 power 1.80576e-05
I0212 16:31:05.825845 3304591 lm_feature_timing.cpp:80] node dpath/a_mux_out[7]:430181 resistance 6.42 cap 0.00103975 slew 0.017289 delay 0.00667517 power 0.000116814
I0212 16:31:05.825875 3304523 lm_feature_timing.cpp:80] node dpath/a_lt_b/n19:460382 resistance 0 cap 0.00106562 slew 0.017501 delay 0 power 1.80576e-05
I0212 16:31:05.770620 3304493 lm_feature_timing.cpp:80] node dpath/a_mux/U5:A1 resistance 24.824 cap 0.0106929 slew 0.0264742 delay 0.28075 power 0.00034567
I0212 16:31:05.770630 3304582 lm_feature_timing.cpp:80] node ctrl_a_reg_en_0_:1101453 resistance 265.788 cap 0.00258487 slew 0.0402399 delay 2.53674 power 2.09375e-05
I0212 16:31:05.825901 3304525 lm_feature_timing.cpp:80] node dpath/a_lt_b/n7:736769 resistance 21.828 cap 0.00135725 slew 0.021289 delay 0.0343125 power 2.47359e-05
