Log file created at: 2025/04/06 21:31:57
Running on machine: f4fe40bd74a1
Log line format: [IWEF]mmdd hh:mm:ss.uuuuuu threadid file:line] msg
I0406 21:31:57.867130 2254685 lm_layout_init.cpp:65] Via number : 465
I0406 21:31:57.868017 2254685 lm_layout_init.cpp:134] Layer number : 20
I0406 21:31:57.868070 2254685 lm_layout_init.cpp:155] LM init tracks start...
I0406 21:31:57.868084 2254685 lm_layout_init.cpp:193] LM layer order : 19, row = 420, col = 419
I0406 21:31:57.868093 2254685 lm_layout_init.cpp:193] LM layer order : 18, row = 420, col = 419
I0406 21:31:57.868100 2254685 lm_layout_init.cpp:193] LM layer order : 17, row = 420, col = 419
I0406 21:31:57.868108 2254685 lm_layout_init.cpp:193] LM layer order : 16, row = 420, col = 419
I0406 21:31:57.868116 2254685 lm_layout_init.cpp:193] LM layer order : 15, row = 420, col = 419
I0406 21:31:57.868124 2254685 lm_layout_init.cpp:193] LM layer order : 14, row = 420, col = 419
I0406 21:31:57.868131 2254685 lm_layout_init.cpp:193] LM layer order : 13, row = 420, col = 419
I0406 21:31:57.868139 2254685 lm_layout_init.cpp:193] LM layer order : 0, row = 420, col = 419
I0406 21:31:57.868147 2254685 lm_layout_init.cpp:193] LM layer order : 1, row = 420, col = 419
I0406 21:31:57.868155 2254685 lm_layout_init.cpp:193] LM layer order : 2, row = 420, col = 419
I0406 21:31:57.868163 2254685 lm_layout_init.cpp:193] LM layer order : 3, row = 420, col = 419
I0406 21:31:57.868171 2254685 lm_layout_init.cpp:193] LM layer order : 4, row = 420, col = 419
I0406 21:31:57.868180 2254685 lm_layout_init.cpp:193] LM layer order : 5, row = 420, col = 419
I0406 21:31:57.868187 2254685 lm_layout_init.cpp:193] LM layer order : 6, row = 420, col = 419
I0406 21:31:57.868196 2254685 lm_layout_init.cpp:193] LM layer order : 7, row = 420, col = 419
I0406 21:31:57.868203 2254685 lm_layout_init.cpp:193] LM layer order : 8, row = 420, col = 419
I0406 21:31:57.868211 2254685 lm_layout_init.cpp:193] LM layer order : 9, row = 420, col = 419
I0406 21:31:57.868219 2254685 lm_layout_init.cpp:193] LM layer order : 10, row = 420, col = 419
I0406 21:31:57.868227 2254685 lm_layout_init.cpp:193] LM layer order : 11, row = 420, col = 419
I0406 21:31:57.868235 2254685 lm_layout_init.cpp:193] LM layer order : 12, row = 420, col = 419
I0406 21:31:57.868242 2254685 lm_layout_init.cpp:172] LM memory usage 0 MB
I0406 21:31:57.868273 2254685 lm_layout_init.cpp:173] LM elapsed time 0.000206 s
I0406 21:31:57.868286 2254685 lm_layout_init.cpp:175] LM init tracks end...
I0406 21:31:57.868310 2254685 lm_layout_init.cpp:633] LM init nets start...
I0406 21:31:58.079071 2255211 lm_layout_init.cpp:761] Read nets : 0 / 270
I0406 21:31:58.132897 2254685 lm_layout_init.cpp:766] Read nets : 270 / 270
I0406 21:31:58.132938 2254685 lm_layout_init.cpp:767] LM memory usage 11801.9 MB
I0406 21:31:58.133020 2254685 lm_layout_init.cpp:768] LM elapsed time 0.264713 s
I0406 21:31:58.133034 2254685 lm_layout_init.cpp:770] LM init nets end...
I0406 21:31:58.134573 2254685 lm_net_graph_gen.cc:58] Layer number : 19
I0406 21:31:58.185355 2255211 lm_graph_dm.cpp:187] Read nets : 0 / 270
I0406 21:31:58.208439 2254685 lm_graph_dm.cpp:198] Read nets : 270 / 270
I0406 21:31:58.208467 2254685 lm_graph_dm.cpp:201] LM memory usage 0 MB
I0406 21:31:58.208513 2254685 lm_graph_dm.cpp:202] LM elapsed time 0.074015 s
I0406 21:31:58.208525 2254685 lm_graph_dm.cpp:203] LM save json net end...
I0406 21:31:58.208707 2254685 lm_patch_init.cpp:87] LM patch grid init start...
I0406 21:31:58.208837 2254685 lm_patch_init.cpp:107] Init patch : 0
I0406 21:31:58.209205 2254685 lm_patch_init.cpp:112] Init patch : 16
I0406 21:31:58.209216 2254685 lm_patch_init.cpp:114] LM memory usage 0 MB
I0406 21:31:58.209244 2254685 lm_patch_init.cpp:115] LM elapsed time 0.000539 s
I0406 21:31:58.209255 2254685 lm_patch_init.cpp:116] LM patch grid init end...
I0406 21:31:58.209276 2254685 lm_patch_init.cpp:123] LM patch init subnet start...
I0406 21:31:58.262596 2255118 lm_patch_init.cpp:189] Init net : 0 / 270
I0406 21:31:58.288867 2254685 lm_patch_init.cpp:192] Init net : 270 / 270
I0406 21:31:58.288885 2254685 lm_patch_init.cpp:196] LM memory usage 0 MB
I0406 21:31:58.288928 2254685 lm_patch_init.cpp:197] LM elapsed time 0.079654 s
I0406 21:31:58.288937 2254685 lm_patch_init.cpp:198] LM patch init subnet end...
I0406 21:31:58.352535 2254685 lm_graph_check.cc:459] Net connected succuss ratio : 270 / 270
I0406 21:31:58.354275 2254685 Sta.cc:298] load lib start
I0406 21:31:58.355159 2255218 Sta.cc:276] read liberty /data/project_share/process_node/dataset_baseline/lib/tcbn28hpcplusbwp30p140hvtssg0p81v125c_ccs.lib start 
I0406 21:31:58.355166 2255233 Sta.cc:276] read liberty /data/project_share/process_node/dataset_baseline/lib/tcbn28hpcplusbwp30p140mblvtssg0p81v125c_ccs.lib start 
I0406 21:31:58.355173 2255228 Sta.cc:276] read liberty /data/project_share/process_node/dataset_baseline/lib/tcbn28hpcplusbwp30p140lvtssg0p81v125c_ccs.lib start 
I0406 21:31:58.355209 2255245 Sta.cc:276] read liberty /data/project_share/process_node/dataset_baseline/lib/tcbn28hpcplusbwp30p140oppssg0p81v125c_ccs.lib start 
I0406 21:31:58.355271 2255228 LibParserRustC.cc:1277] load liberty file /data/project_share/process_node/dataset_baseline/lib/tcbn28hpcplusbwp30p140lvtssg0p81v125c_ccs.lib
I0406 21:31:58.355259 2255233 LibParserRustC.cc:1277] load liberty file /data/project_share/process_node/dataset_baseline/lib/tcbn28hpcplusbwp30p140mblvtssg0p81v125c_ccs.lib
I0406 21:31:58.355166 2255231 Sta.cc:276] read liberty /data/project_share/process_node/dataset_baseline/lib/tcbn28hpcplusbwp30p140mbssg0p81v125c_ccs.lib start 
I0406 21:31:58.355259 2255218 LibParserRustC.cc:1277] load liberty file /data/project_share/process_node/dataset_baseline/lib/tcbn28hpcplusbwp30p140hvtssg0p81v125c_ccs.lib
I0406 21:31:58.355357 2255231 LibParserRustC.cc:1277] load liberty file /data/project_share/process_node/dataset_baseline/lib/tcbn28hpcplusbwp30p140mbssg0p81v125c_ccs.lib
I0406 21:31:58.355341 2255245 LibParserRustC.cc:1277] load liberty file /data/project_share/process_node/dataset_baseline/lib/tcbn28hpcplusbwp30p140oppssg0p81v125c_ccs.lib
I0406 21:31:58.355484 2255216 Sta.cc:276] read liberty /data/project_share/process_node/dataset_baseline/lib/tcbn28hpcplusbwp30p140ssg0p81v125c_ccs.lib start 
I0406 21:31:58.355497 2255234 Sta.cc:276] read liberty /data/project_share/process_node/dataset_baseline/lib/tcbn28hpcplusbwp30p140opphvtssg0p81v125c_ccs.lib start 
I0406 21:31:58.355547 2255234 LibParserRustC.cc:1277] load liberty file /data/project_share/process_node/dataset_baseline/lib/tcbn28hpcplusbwp30p140opphvtssg0p81v125c_ccs.lib
I0406 21:31:58.355563 2255216 LibParserRustC.cc:1277] load liberty file /data/project_share/process_node/dataset_baseline/lib/tcbn28hpcplusbwp30p140ssg0p81v125c_ccs.lib
I0406 21:31:58.362490 2255217 Sta.cc:276] read liberty /data/project_share/process_node/dataset_baseline/lib/tcbn28hpcplusbwp30p140opplvtssg0p81v125c_ccs.lib start 
I0406 21:31:58.362495 2255220 Sta.cc:276] read liberty /data/project_share/process_node/dataset_baseline/lib/tcbn28hpcplusbwp30p140oppulvtssg0p81v125c_ccs.lib start 
I0406 21:31:58.362550 2255217 LibParserRustC.cc:1277] load liberty file /data/project_share/process_node/dataset_baseline/lib/tcbn28hpcplusbwp30p140opplvtssg0p81v125c_ccs.lib
I0406 21:31:58.362560 2255220 LibParserRustC.cc:1277] load liberty file /data/project_share/process_node/dataset_baseline/lib/tcbn28hpcplusbwp30p140oppulvtssg0p81v125c_ccs.lib
I0406 21:31:58.362600 2255222 Sta.cc:276] read liberty /data/project_share/process_node/dataset_baseline/lib/tcbn28hpcplusbwp35p140ssg0p81v125c_ccs.lib start 
I0406 21:31:58.362609 2255223 Sta.cc:276] read liberty /data/project_share/process_node/dataset_baseline/lib/tcbn28hpcplusbwp35p140hvtssg0p81v125c_ccs.lib start 
I0406 21:31:58.362520 2255221 Sta.cc:276] read liberty /data/project_share/process_node/dataset_baseline/lib/tcbn28hpcplusbwp30p140uhvtssg0p81v125c_ccs.lib start 
I0406 21:31:58.362637 2255224 Sta.cc:276] read liberty /data/project_share/process_node/dataset_baseline/lib/tcbn28hpcplusbwp35p140lvtssg0p81v125c_ccs.lib start 
I0406 21:31:58.362675 2255222 LibParserRustC.cc:1277] load liberty file /data/project_share/process_node/dataset_baseline/lib/tcbn28hpcplusbwp35p140ssg0p81v125c_ccs.lib
I0406 21:31:58.362691 2255221 LibParserRustC.cc:1277] load liberty file /data/project_share/process_node/dataset_baseline/lib/tcbn28hpcplusbwp30p140uhvtssg0p81v125c_ccs.lib
I0406 21:31:58.362671 2255223 LibParserRustC.cc:1277] load liberty file /data/project_share/process_node/dataset_baseline/lib/tcbn28hpcplusbwp35p140hvtssg0p81v125c_ccs.lib
I0406 21:31:58.362701 2255224 LibParserRustC.cc:1277] load liberty file /data/project_share/process_node/dataset_baseline/lib/tcbn28hpcplusbwp35p140lvtssg0p81v125c_ccs.lib
I0406 21:31:58.362699 2255230 Sta.cc:276] read liberty /data/project_share/process_node/dataset_baseline/lib/tcbn28hpcplusbwp35p140opplvtssg0p81v125c_ccs.lib start 
I0406 21:31:58.362638 2255225 Sta.cc:276] read liberty /data/project_share/process_node/dataset_baseline/lib/tcbn28hpcplusbwp35p140mbssg0p81v125c_ccs.lib start 
I0406 21:31:58.362645 2255226 Sta.cc:276] read liberty /data/project_share/process_node/dataset_baseline/lib/tcbn28hpcplusbwp35p140mblvtssg0p81v125c_ccs.lib start 
I0406 21:31:58.362826 2255230 LibParserRustC.cc:1277] load liberty file /data/project_share/process_node/dataset_baseline/lib/tcbn28hpcplusbwp35p140opplvtssg0p81v125c_ccs.lib
I0406 21:31:58.362694 2255227 Sta.cc:276] read liberty /data/project_share/process_node/dataset_baseline/lib/tcbn28hpcplusbwp35p140oppssg0p81v125c_ccs.lib start 
I0406 21:31:58.362697 2255229 Sta.cc:276] read liberty /data/project_share/process_node/dataset_baseline/lib/tcbn28hpcplusbwp35p140opphvtssg0p81v125c_ccs.lib start 
I0406 21:31:58.362761 2255232 Sta.cc:276] read liberty /data/project_share/process_node/dataset_baseline/lib/tcbn28hpcplusbwp35p140oppuhvtssg0p81v125c_ccs.lib start 
I0406 21:31:58.362875 2255227 LibParserRustC.cc:1277] load liberty file /data/project_share/process_node/dataset_baseline/lib/tcbn28hpcplusbwp35p140oppssg0p81v125c_ccs.lib
I0406 21:31:58.362884 2255235 Sta.cc:276] read liberty /data/project_share/process_node/dataset_baseline/lib/tcbn28hpcplusbwp35p140oppulvtssg0p81v125c_ccs.lib start 
I0406 21:31:58.362839 2255226 LibParserRustC.cc:1277] load liberty file /data/project_share/process_node/dataset_baseline/lib/tcbn28hpcplusbwp35p140mblvtssg0p81v125c_ccs.lib
I0406 21:31:58.362906 2255232 LibParserRustC.cc:1277] load liberty file /data/project_share/process_node/dataset_baseline/lib/tcbn28hpcplusbwp35p140oppuhvtssg0p81v125c_ccs.lib
I0406 21:31:58.362946 2255235 LibParserRustC.cc:1277] load liberty file /data/project_share/process_node/dataset_baseline/lib/tcbn28hpcplusbwp35p140oppulvtssg0p81v125c_ccs.lib
I0406 21:31:58.362953 2255238 Sta.cc:276] read liberty /data/project_share/process_node/dataset_baseline/lib/tcbn28hpcplusbwp40p140hvtssg0p81v125c_ccs.lib start 
I0406 21:31:58.362901 2255237 Sta.cc:276] read liberty /data/project_share/process_node/dataset_baseline/lib/tcbn28hpcplusbwp40p140ssg0p81v125c_ccs.lib start 
I0406 21:31:58.362890 2255229 LibParserRustC.cc:1277] load liberty file /data/project_share/process_node/dataset_baseline/lib/tcbn28hpcplusbwp35p140opphvtssg0p81v125c_ccs.lib
I0406 21:31:58.362833 2255225 LibParserRustC.cc:1277] load liberty file /data/project_share/process_node/dataset_baseline/lib/tcbn28hpcplusbwp35p140mbssg0p81v125c_ccs.lib
I0406 21:31:58.363185 2255237 LibParserRustC.cc:1277] load liberty file /data/project_share/process_node/dataset_baseline/lib/tcbn28hpcplusbwp40p140ssg0p81v125c_ccs.lib
I0406 21:31:58.362965 2255239 Sta.cc:276] read liberty /data/project_share/process_node/dataset_baseline/lib/tcbn28hpcplusbwp40p140lvtssg0p81v125c_ccs.lib start 
I0406 21:31:58.362965 2255240 Sta.cc:276] read liberty /data/project_share/process_node/dataset_baseline/lib/tcbn28hpcplusbwp40p140mbssg0p81v125c_ccs.lib start 
I0406 21:31:58.363147 2255241 Sta.cc:276] read liberty /data/project_share/process_node/dataset_baseline/lib/tcbn28hpcplusbwp40p140mbhvtssg0p81v125c_ccs.lib start 
I0406 21:31:58.363171 2255238 LibParserRustC.cc:1277] load liberty file /data/project_share/process_node/dataset_baseline/lib/tcbn28hpcplusbwp40p140hvtssg0p81v125c_ccs.lib
I0406 21:31:58.363694 2255241 LibParserRustC.cc:1277] load liberty file /data/project_share/process_node/dataset_baseline/lib/tcbn28hpcplusbwp40p140mbhvtssg0p81v125c_ccs.lib
I0406 21:31:58.363658 2255239 LibParserRustC.cc:1277] load liberty file /data/project_share/process_node/dataset_baseline/lib/tcbn28hpcplusbwp40p140lvtssg0p81v125c_ccs.lib
I0406 21:31:58.363183 2255244 Sta.cc:276] read liberty /data/project_share/process_node/dataset_baseline/lib/tcbn28hpcplusbwp40p140opplvtssg0p81v125c_ccs.lib start 
I0406 21:31:58.363597 2255246 Sta.cc:276] read liberty /data/project_share/process_node/dataset_baseline/lib/tcbn28hpcplusbwp40p140oppuhvtssg0p81v125c_ccs.lib start 
I0406 21:31:58.363674 2255240 LibParserRustC.cc:1277] load liberty file /data/project_share/process_node/dataset_baseline/lib/tcbn28hpcplusbwp40p140mbssg0p81v125c_ccs.lib
I0406 21:31:58.364337 2255246 LibParserRustC.cc:1277] load liberty file /data/project_share/process_node/dataset_baseline/lib/tcbn28hpcplusbwp40p140oppuhvtssg0p81v125c_ccs.lib
I0406 21:31:58.362888 2255236 Sta.cc:276] read liberty /data/project_share/process_node/dataset_baseline/lib/tcbn28hpcplusbwp35p140uhvtssg0p81v125c_ccs.lib start 
I0406 21:31:58.363641 2255243 Sta.cc:276] read liberty /data/project_share/process_node/dataset_baseline/lib/tcbn28hpcplusbwp40p140opphvtssg0p81v125c_ccs.lib start 
I0406 21:31:58.363636 2255242 Sta.cc:276] read liberty /data/project_share/process_node/dataset_baseline/lib/tcbn28hpcplusbwp40p140oppssg0p81v125c_ccs.lib start 
I0406 21:31:58.364398 2255236 LibParserRustC.cc:1277] load liberty file /data/project_share/process_node/dataset_baseline/lib/tcbn28hpcplusbwp35p140uhvtssg0p81v125c_ccs.lib
I0406 21:31:58.363670 2255247 Sta.cc:276] read liberty /data/project_share/process_node/dataset_baseline/lib/tcbn28hpcplusbwp40p140uhvtssg0p81v125c_ccs.lib start 
I0406 21:31:58.364419 2255247 LibParserRustC.cc:1277] load liberty file /data/project_share/process_node/dataset_baseline/lib/tcbn28hpcplusbwp40p140uhvtssg0p81v125c_ccs.lib
I0406 21:31:58.364423 2255242 LibParserRustC.cc:1277] load liberty file /data/project_share/process_node/dataset_baseline/lib/tcbn28hpcplusbwp40p140oppssg0p81v125c_ccs.lib
I0406 21:31:58.364398 2255243 LibParserRustC.cc:1277] load liberty file /data/project_share/process_node/dataset_baseline/lib/tcbn28hpcplusbwp40p140opphvtssg0p81v125c_ccs.lib
I0406 21:31:58.364326 2255244 LibParserRustC.cc:1277] load liberty file /data/project_share/process_node/dataset_baseline/lib/tcbn28hpcplusbwp40p140opplvtssg0p81v125c_ccs.lib
I0406 21:31:58.376639 2255219 Sta.cc:276] read liberty /data/project_share/process_node/dataset_baseline/lib/tcbn28hpcplusbwp30p140oppuhvtssg0p81v125c_ccs.lib start 
I0406 21:31:58.395630 2255219 LibParserRustC.cc:1277] load liberty file /data/project_share/process_node/dataset_baseline/lib/tcbn28hpcplusbwp30p140oppuhvtssg0p81v125c_ccs.lib
I0406 21:32:06.153672 2255220 LibParserRustC.cc:1286] load liberty file /data/project_share/process_node/dataset_baseline/lib/tcbn28hpcplusbwp30p140oppulvtssg0p81v125c_ccs.lib success.
I0406 21:32:06.153741 2255220 Sta.cc:286] read liberty /data/project_share/process_node/dataset_baseline/lib/tcbn28hpcplusbwp30p140oppulvtssg0p81v125c_ccs.lib end 
I0406 21:32:06.153779 2255220 Sta.cc:276] read liberty /data/project_share/process_node/dataset_baseline/lib/tcbn28hpcplusbwp35p140mbhvtssg0p81v125c_ccs.lib start 
I0406 21:32:06.153818 2255220 LibParserRustC.cc:1277] load liberty file /data/project_share/process_node/dataset_baseline/lib/tcbn28hpcplusbwp35p140mbhvtssg0p81v125c_ccs.lib
I0406 21:32:06.599541 2255217 LibParserRustC.cc:1286] load liberty file /data/project_share/process_node/dataset_baseline/lib/tcbn28hpcplusbwp30p140opplvtssg0p81v125c_ccs.lib success.
I0406 21:32:06.599797 2255217 Sta.cc:286] read liberty /data/project_share/process_node/dataset_baseline/lib/tcbn28hpcplusbwp30p140opplvtssg0p81v125c_ccs.lib end 
I0406 21:32:06.610651 2255217 Sta.cc:276] read liberty /data/project_share/process_node/dataset_baseline/lib/tcbn28hpcplusbwp30p140ulvtssg0p81v125c_ccs.lib start 
I0406 21:32:06.610730 2255217 LibParserRustC.cc:1277] load liberty file /data/project_share/process_node/dataset_baseline/lib/tcbn28hpcplusbwp30p140ulvtssg0p81v125c_ccs.lib
I0406 21:32:06.619236 2255245 LibParserRustC.cc:1286] load liberty file /data/project_share/process_node/dataset_baseline/lib/tcbn28hpcplusbwp30p140oppssg0p81v125c_ccs.lib success.
I0406 21:32:06.619333 2255245 Sta.cc:286] read liberty /data/project_share/process_node/dataset_baseline/lib/tcbn28hpcplusbwp30p140oppssg0p81v125c_ccs.lib end 
I0406 21:32:06.620570 2255245 Sta.cc:276] read liberty /data/project_share/process_node/dataset_baseline/lib/tcbn28hpcplusbwp35p140ulvtssg0p81v125c_ccs.lib start 
I0406 21:32:06.621063 2255245 LibParserRustC.cc:1277] load liberty file /data/project_share/process_node/dataset_baseline/lib/tcbn28hpcplusbwp35p140ulvtssg0p81v125c_ccs.lib
I0406 21:32:06.693365 2255219 LibParserRustC.cc:1286] load liberty file /data/project_share/process_node/dataset_baseline/lib/tcbn28hpcplusbwp30p140oppuhvtssg0p81v125c_ccs.lib success.
I0406 21:32:06.693511 2255219 Sta.cc:286] read liberty /data/project_share/process_node/dataset_baseline/lib/tcbn28hpcplusbwp30p140oppuhvtssg0p81v125c_ccs.lib end 
I0406 21:32:06.694247 2255219 Sta.cc:276] read liberty /data/project_share/process_node/dataset_baseline/lib/ts5n28hpcplvta64x128m2f_130a_ssg0p81v125c.lib start 
I0406 21:32:06.694288 2255219 LibParserRustC.cc:1277] load liberty file /data/project_share/process_node/dataset_baseline/lib/ts5n28hpcplvta64x128m2f_130a_ssg0p81v125c.lib
I0406 21:32:06.698623 2255219 LibParserRustC.cc:1286] load liberty file /data/project_share/process_node/dataset_baseline/lib/ts5n28hpcplvta64x128m2f_130a_ssg0p81v125c.lib success.
I0406 21:32:06.698643 2255219 Sta.cc:286] read liberty /data/project_share/process_node/dataset_baseline/lib/ts5n28hpcplvta64x128m2f_130a_ssg0p81v125c.lib end 
I0406 21:32:06.698660 2255219 Sta.cc:276] read liberty /data/project_share/process_node/dataset_baseline/lib/ts5n28hpcplvta64x128m2fw_130a_ssg0p81v125c.lib start 
I0406 21:32:06.698680 2255219 LibParserRustC.cc:1277] load liberty file /data/project_share/process_node/dataset_baseline/lib/ts5n28hpcplvta64x128m2fw_130a_ssg0p81v125c.lib
I0406 21:32:06.701165 2255219 LibParserRustC.cc:1286] load liberty file /data/project_share/process_node/dataset_baseline/lib/ts5n28hpcplvta64x128m2fw_130a_ssg0p81v125c.lib success.
I0406 21:32:06.701180 2255219 Sta.cc:286] read liberty /data/project_share/process_node/dataset_baseline/lib/ts5n28hpcplvta64x128m2fw_130a_ssg0p81v125c.lib end 
I0406 21:32:06.701555 2255219 Sta.cc:276] read liberty /data/project_share/process_node/dataset_baseline/lib/ts5n28hpcplvta256x32m4fw_130a_ssg0p81v125c.lib start 
I0406 21:32:06.701622 2255219 LibParserRustC.cc:1277] load liberty file /data/project_share/process_node/dataset_baseline/lib/ts5n28hpcplvta256x32m4fw_130a_ssg0p81v125c.lib
I0406 21:32:06.960289 2255219 LibParserRustC.cc:1286] load liberty file /data/project_share/process_node/dataset_baseline/lib/ts5n28hpcplvta256x32m4fw_130a_ssg0p81v125c.lib success.
I0406 21:32:06.960343 2255219 Sta.cc:286] read liberty /data/project_share/process_node/dataset_baseline/lib/ts5n28hpcplvta256x32m4fw_130a_ssg0p81v125c.lib end 
I0406 21:32:06.960372 2255219 Sta.cc:276] read liberty /data/project_share/process_node/dataset_baseline/lib/ts5n28hpcplvta128x32m2f_130a_ssg0p81v125c.lib start 
I0406 21:32:06.960414 2255219 LibParserRustC.cc:1277] load liberty file /data/project_share/process_node/dataset_baseline/lib/ts5n28hpcplvta128x32m2f_130a_ssg0p81v125c.lib
I0406 21:32:07.003224 2255232 LibParserRustC.cc:1286] load liberty file /data/project_share/process_node/dataset_baseline/lib/tcbn28hpcplusbwp35p140oppuhvtssg0p81v125c_ccs.lib success.
I0406 21:32:07.003275 2255232 Sta.cc:286] read liberty /data/project_share/process_node/dataset_baseline/lib/tcbn28hpcplusbwp35p140oppuhvtssg0p81v125c_ccs.lib end 
I0406 21:32:07.003307 2255232 Sta.cc:276] read liberty /data/project_share/process_node/dataset_baseline/lib/ts5n28hpcplvta128x64m2f_130a_ssg0p81v125c.lib start 
I0406 21:32:07.003351 2255232 LibParserRustC.cc:1277] load liberty file /data/project_share/process_node/dataset_baseline/lib/ts5n28hpcplvta128x64m2f_130a_ssg0p81v125c.lib
I0406 21:32:07.005602 2255232 LibParserRustC.cc:1286] load liberty file /data/project_share/process_node/dataset_baseline/lib/ts5n28hpcplvta128x64m2f_130a_ssg0p81v125c.lib success.
I0406 21:32:07.005648 2255232 Sta.cc:286] read liberty /data/project_share/process_node/dataset_baseline/lib/ts5n28hpcplvta128x64m2f_130a_ssg0p81v125c.lib end 
I0406 21:32:07.005661 2255232 Sta.cc:276] read liberty /data/project_share/process_node/dataset_baseline/lib/ts5n28hpcplvta128x80m2f_130a_ssg0p81v125c.lib start 
I0406 21:32:07.005676 2255232 LibParserRustC.cc:1277] load liberty file /data/project_share/process_node/dataset_baseline/lib/ts5n28hpcplvta128x80m2f_130a_ssg0p81v125c.lib
I0406 21:32:07.012629 2255232 LibParserRustC.cc:1286] load liberty file /data/project_share/process_node/dataset_baseline/lib/ts5n28hpcplvta128x80m2f_130a_ssg0p81v125c.lib success.
I0406 21:32:07.012643 2255232 Sta.cc:286] read liberty /data/project_share/process_node/dataset_baseline/lib/ts5n28hpcplvta128x80m2f_130a_ssg0p81v125c.lib end 
I0406 21:32:07.012660 2255232 Sta.cc:276] read liberty /data/project_share/process_node/dataset_baseline/lib/ts5n28hpcplvta128x8m2f_130a_ssg0p81v125c.lib start 
I0406 21:32:07.012677 2255232 LibParserRustC.cc:1277] load liberty file /data/project_share/process_node/dataset_baseline/lib/ts5n28hpcplvta128x8m2f_130a_ssg0p81v125c.lib
I0406 21:32:07.014853 2255232 LibParserRustC.cc:1286] load liberty file /data/project_share/process_node/dataset_baseline/lib/ts5n28hpcplvta128x8m2f_130a_ssg0p81v125c.lib success.
I0406 21:32:07.014863 2255232 Sta.cc:286] read liberty /data/project_share/process_node/dataset_baseline/lib/ts5n28hpcplvta128x8m2f_130a_ssg0p81v125c.lib end 
I0406 21:32:07.014874 2255232 Sta.cc:276] read liberty /data/project_share/process_node/dataset_baseline/lib/ts5n28hpcplvta512x64m4f_130a_ssg0p81v125c.lib start 
I0406 21:32:07.014887 2255232 LibParserRustC.cc:1277] load liberty file /data/project_share/process_node/dataset_baseline/lib/ts5n28hpcplvta512x64m4f_130a_ssg0p81v125c.lib
I0406 21:32:07.019057 2255219 LibParserRustC.cc:1286] load liberty file /data/project_share/process_node/dataset_baseline/lib/ts5n28hpcplvta128x32m2f_130a_ssg0p81v125c.lib success.
I0406 21:32:07.019080 2255219 Sta.cc:286] read liberty /data/project_share/process_node/dataset_baseline/lib/ts5n28hpcplvta128x32m2f_130a_ssg0p81v125c.lib end 
I0406 21:32:07.019098 2255219 Sta.cc:276] read liberty /data/project_share/process_node/dataset_baseline/lib/ts5n28hpcplvta512x64m4fw_130a_ssg0p81v125c.lib start 
I0406 21:32:07.019124 2255219 LibParserRustC.cc:1277] load liberty file /data/project_share/process_node/dataset_baseline/lib/ts5n28hpcplvta512x64m4fw_130a_ssg0p81v125c.lib
I0406 21:32:07.020622 2255232 LibParserRustC.cc:1286] load liberty file /data/project_share/process_node/dataset_baseline/lib/ts5n28hpcplvta512x64m4f_130a_ssg0p81v125c.lib success.
I0406 21:32:07.020720 2255232 Sta.cc:286] read liberty /data/project_share/process_node/dataset_baseline/lib/ts5n28hpcplvta512x64m4f_130a_ssg0p81v125c.lib end 
I0406 21:32:07.020776 2255232 Sta.cc:276] read liberty /data/project_share/process_node/dataset_baseline/lib/ts5n28hpcplvta64x32m2f_130a_ssg0p81v125c.lib start 
I0406 21:32:07.020829 2255232 LibParserRustC.cc:1277] load liberty file /data/project_share/process_node/dataset_baseline/lib/ts5n28hpcplvta64x32m2f_130a_ssg0p81v125c.lib
I0406 21:32:07.022418 2255219 LibParserRustC.cc:1286] load liberty file /data/project_share/process_node/dataset_baseline/lib/ts5n28hpcplvta512x64m4fw_130a_ssg0p81v125c.lib success.
I0406 21:32:07.022433 2255219 Sta.cc:286] read liberty /data/project_share/process_node/dataset_baseline/lib/ts5n28hpcplvta512x64m4fw_130a_ssg0p81v125c.lib end 
I0406 21:32:07.022449 2255219 Sta.cc:276] read liberty /data/project_share/process_node/dataset_baseline/lib/ts5n28hpcplvta64x8m2f_130a_ssg0p81v125c.lib start 
I0406 21:32:07.022467 2255219 LibParserRustC.cc:1277] load liberty file /data/project_share/process_node/dataset_baseline/lib/ts5n28hpcplvta64x8m2f_130a_ssg0p81v125c.lib
I0406 21:32:07.023823 2255232 LibParserRustC.cc:1286] load liberty file /data/project_share/process_node/dataset_baseline/lib/ts5n28hpcplvta64x32m2f_130a_ssg0p81v125c.lib success.
I0406 21:32:07.023905 2255232 Sta.cc:286] read liberty /data/project_share/process_node/dataset_baseline/lib/ts5n28hpcplvta64x32m2f_130a_ssg0p81v125c.lib end 
I0406 21:32:07.023957 2255232 Sta.cc:276] read liberty /data/project_share/process_node/dataset_baseline/lib/ts5n28hpcplvta32x32m2f_130a_ssg0p81v125c.lib start 
I0406 21:32:07.024010 2255232 LibParserRustC.cc:1277] load liberty file /data/project_share/process_node/dataset_baseline/lib/ts5n28hpcplvta32x32m2f_130a_ssg0p81v125c.lib
I0406 21:32:07.024912 2255219 LibParserRustC.cc:1286] load liberty file /data/project_share/process_node/dataset_baseline/lib/ts5n28hpcplvta64x8m2f_130a_ssg0p81v125c.lib success.
I0406 21:32:07.024930 2255219 Sta.cc:286] read liberty /data/project_share/process_node/dataset_baseline/lib/ts5n28hpcplvta64x8m2f_130a_ssg0p81v125c.lib end 
I0406 21:32:07.024948 2255219 Sta.cc:276] read liberty /data/project_share/process_node/dataset_baseline/lib/ts5n28hpcplvta32x128m2f_130a_ssg0p81v125c.lib start 
I0406 21:32:07.024967 2255219 LibParserRustC.cc:1277] load liberty file /data/project_share/process_node/dataset_baseline/lib/ts5n28hpcplvta32x128m2f_130a_ssg0p81v125c.lib
I0406 21:32:07.028203 2255219 LibParserRustC.cc:1286] load liberty file /data/project_share/process_node/dataset_baseline/lib/ts5n28hpcplvta32x128m2f_130a_ssg0p81v125c.lib success.
I0406 21:32:07.028381 2255219 Sta.cc:286] read liberty /data/project_share/process_node/dataset_baseline/lib/ts5n28hpcplvta32x128m2f_130a_ssg0p81v125c.lib end 
I0406 21:32:07.028452 2255219 Sta.cc:276] read liberty /data/project_share/process_node/dataset_baseline/lib/ts5n28hpcplvta64x80m2f_130a_ssg0p81v125c.lib start 
I0406 21:32:07.028508 2255219 LibParserRustC.cc:1277] load liberty file /data/project_share/process_node/dataset_baseline/lib/ts5n28hpcplvta64x80m2f_130a_ssg0p81v125c.lib
I0406 21:32:07.120579 2255219 LibParserRustC.cc:1286] load liberty file /data/project_share/process_node/dataset_baseline/lib/ts5n28hpcplvta64x80m2f_130a_ssg0p81v125c.lib success.
I0406 21:32:07.120621 2255219 Sta.cc:286] read liberty /data/project_share/process_node/dataset_baseline/lib/ts5n28hpcplvta64x80m2f_130a_ssg0p81v125c.lib end 
I0406 21:32:07.120649 2255219 Sta.cc:276] read liberty /data/project_share/process_node/dataset_baseline/lib/ts5n28hpcplvta256x16m2f_130a_ssg0p81v125c.lib start 
I0406 21:32:07.120683 2255219 LibParserRustC.cc:1277] load liberty file /data/project_share/process_node/dataset_baseline/lib/ts5n28hpcplvta256x16m2f_130a_ssg0p81v125c.lib
I0406 21:32:07.122884 2255219 LibParserRustC.cc:1286] load liberty file /data/project_share/process_node/dataset_baseline/lib/ts5n28hpcplvta256x16m2f_130a_ssg0p81v125c.lib success.
I0406 21:32:07.122895 2255219 Sta.cc:286] read liberty /data/project_share/process_node/dataset_baseline/lib/ts5n28hpcplvta256x16m2f_130a_ssg0p81v125c.lib end 
I0406 21:32:07.122908 2255219 Sta.cc:276] read liberty /data/project_share/process_node/dataset_baseline/lib/ts6n28hpcplvta512x2m8f_130a_ssg0p81v125c.lib start 
I0406 21:32:07.122922 2255219 LibParserRustC.cc:1277] load liberty file /data/project_share/process_node/dataset_baseline/lib/ts6n28hpcplvta512x2m8f_130a_ssg0p81v125c.lib
I0406 21:32:07.125641 2255219 LibParserRustC.cc:1286] load liberty file /data/project_share/process_node/dataset_baseline/lib/ts6n28hpcplvta512x2m8f_130a_ssg0p81v125c.lib success.
I0406 21:32:07.125651 2255219 Sta.cc:286] read liberty /data/project_share/process_node/dataset_baseline/lib/ts6n28hpcplvta512x2m8f_130a_ssg0p81v125c.lib end 
I0406 21:32:07.125665 2255219 Sta.cc:276] read liberty /data/project_share/process_node/dataset_baseline/lib/ts5n28hpcplvta8x144m2f_130a_ssg0p81v125c.lib start 
I0406 21:32:07.125681 2255219 LibParserRustC.cc:1277] load liberty file /data/project_share/process_node/dataset_baseline/lib/ts5n28hpcplvta8x144m2f_130a_ssg0p81v125c.lib
I0406 21:32:07.132037 2255232 LibParserRustC.cc:1286] load liberty file /data/project_share/process_node/dataset_baseline/lib/ts5n28hpcplvta32x32m2f_130a_ssg0p81v125c.lib success.
I0406 21:32:07.132087 2255232 Sta.cc:286] read liberty /data/project_share/process_node/dataset_baseline/lib/ts5n28hpcplvta32x32m2f_130a_ssg0p81v125c.lib end 
I0406 21:32:07.132109 2255232 Sta.cc:276] read liberty /data/project_share/process_node/dataset_baseline/lib/ts6n28hpcplvta16x128m2f_130a_ssg0p81v125c.lib start 
I0406 21:32:07.132134 2255232 LibParserRustC.cc:1277] load liberty file /data/project_share/process_node/dataset_baseline/lib/ts6n28hpcplvta16x128m2f_130a_ssg0p81v125c.lib
I0406 21:32:07.134860 2255232 LibParserRustC.cc:1286] load liberty file /data/project_share/process_node/dataset_baseline/lib/ts6n28hpcplvta16x128m2f_130a_ssg0p81v125c.lib success.
I0406 21:32:07.134876 2255232 Sta.cc:286] read liberty /data/project_share/process_node/dataset_baseline/lib/ts6n28hpcplvta16x128m2f_130a_ssg0p81v125c.lib end 
I0406 21:32:07.134893 2255232 Sta.cc:276] read liberty /data/project_share/process_node/dataset_baseline/lib/ts5n28hpcplvta8x128m2f_130a_ssg0p81v125c.lib start 
I0406 21:32:07.134914 2255232 LibParserRustC.cc:1277] load liberty file /data/project_share/process_node/dataset_baseline/lib/ts5n28hpcplvta8x128m2f_130a_ssg0p81v125c.lib
I0406 21:32:07.137491 2255232 LibParserRustC.cc:1286] load liberty file /data/project_share/process_node/dataset_baseline/lib/ts5n28hpcplvta8x128m2f_130a_ssg0p81v125c.lib success.
I0406 21:32:07.137509 2255232 Sta.cc:286] read liberty /data/project_share/process_node/dataset_baseline/lib/ts5n28hpcplvta8x128m2f_130a_ssg0p81v125c.lib end 
I0406 21:32:07.137529 2255232 Sta.cc:276] read liberty /data/project_share/process_node/dataset_baseline/lib/ts5n28hpcplvta64x64m2f_130a_ssg0p81v125c.lib start 
I0406 21:32:07.137552 2255232 LibParserRustC.cc:1277] load liberty file /data/project_share/process_node/dataset_baseline/lib/ts5n28hpcplvta64x64m2f_130a_ssg0p81v125c.lib
I0406 21:32:07.140167 2255232 LibParserRustC.cc:1286] load liberty file /data/project_share/process_node/dataset_baseline/lib/ts5n28hpcplvta64x64m2f_130a_ssg0p81v125c.lib success.
I0406 21:32:07.140192 2255232 Sta.cc:286] read liberty /data/project_share/process_node/dataset_baseline/lib/ts5n28hpcplvta64x64m2f_130a_ssg0p81v125c.lib end 
I0406 21:32:07.140210 2255232 Sta.cc:276] read liberty /data/project_share/process_node/dataset_baseline/lib/ts5n28hpcplvta1024x32m8fw_130a_ssg0p81v125c.lib start 
I0406 21:32:07.140235 2255232 LibParserRustC.cc:1277] load liberty file /data/project_share/process_node/dataset_baseline/lib/ts5n28hpcplvta1024x32m8fw_130a_ssg0p81v125c.lib
I0406 21:32:07.142699 2255232 LibParserRustC.cc:1286] load liberty file /data/project_share/process_node/dataset_baseline/lib/ts5n28hpcplvta1024x32m8fw_130a_ssg0p81v125c.lib success.
I0406 21:32:07.142721 2255232 Sta.cc:286] read liberty /data/project_share/process_node/dataset_baseline/lib/ts5n28hpcplvta1024x32m8fw_130a_ssg0p81v125c.lib end 
I0406 21:32:07.142738 2255232 Sta.cc:276] read liberty /data/project_share/process_node/dataset_baseline/lib/ts5n28hpcplvta256x144m2fw_130a_ssg0p81v125c.lib start 
I0406 21:32:07.142757 2255232 LibParserRustC.cc:1277] load liberty file /data/project_share/process_node/dataset_baseline/lib/ts5n28hpcplvta256x144m2fw_130a_ssg0p81v125c.lib
I0406 21:32:07.146301 2255219 LibParserRustC.cc:1286] load liberty file /data/project_share/process_node/dataset_baseline/lib/ts5n28hpcplvta8x144m2f_130a_ssg0p81v125c.lib success.
I0406 21:32:07.146327 2255219 Sta.cc:286] read liberty /data/project_share/process_node/dataset_baseline/lib/ts5n28hpcplvta8x144m2f_130a_ssg0p81v125c.lib end 
I0406 21:32:07.146346 2255219 Sta.cc:276] read liberty /data/project_share/process_node/dataset_baseline/lib/ts5n28hpcplvta128x144m2fw_130a_ssg0p81v125c.lib start 
I0406 21:32:07.146369 2255219 LibParserRustC.cc:1277] load liberty file /data/project_share/process_node/dataset_baseline/lib/ts5n28hpcplvta128x144m2fw_130a_ssg0p81v125c.lib
I0406 21:32:07.148845 2255219 LibParserRustC.cc:1286] load liberty file /data/project_share/process_node/dataset_baseline/lib/ts5n28hpcplvta128x144m2fw_130a_ssg0p81v125c.lib success.
I0406 21:32:07.148880 2255219 Sta.cc:286] read liberty /data/project_share/process_node/dataset_baseline/lib/ts5n28hpcplvta128x144m2fw_130a_ssg0p81v125c.lib end 
I0406 21:32:07.148897 2255219 Sta.cc:276] read liberty /data/project_share/process_node/dataset_baseline/lib/tphn28hpcpgv18ssg0p81v1p62v125c.lib start 
I0406 21:32:07.148922 2255219 LibParserRustC.cc:1277] load liberty file /data/project_share/process_node/dataset_baseline/lib/tphn28hpcpgv18ssg0p81v1p62v125c.lib
I0406 21:32:07.153195 2255232 LibParserRustC.cc:1286] load liberty file /data/project_share/process_node/dataset_baseline/lib/ts5n28hpcplvta256x144m2fw_130a_ssg0p81v125c.lib success.
I0406 21:32:07.163045 2255232 Sta.cc:286] read liberty /data/project_share/process_node/dataset_baseline/lib/ts5n28hpcplvta256x144m2fw_130a_ssg0p81v125c.lib end 
I0406 21:32:07.163069 2255232 Sta.cc:276] read liberty /data/project_share/process_node/dataset_baseline/lib/PLLTS28HPMLAINT_SS_0P81_125C.lib start 
I0406 21:32:07.163098 2255232 LibParserRustC.cc:1277] load liberty file /data/project_share/process_node/dataset_baseline/lib/PLLTS28HPMLAINT_SS_0P81_125C.lib
I0406 21:32:07.165966 2255232 LibParserRustC.cc:1286] load liberty file /data/project_share/process_node/dataset_baseline/lib/PLLTS28HPMLAINT_SS_0P81_125C.lib success.
I0406 21:32:07.165988 2255232 Sta.cc:286] read liberty /data/project_share/process_node/dataset_baseline/lib/PLLTS28HPMLAINT_SS_0P81_125C.lib end 
I0406 21:32:07.166013 2255232 Sta.cc:276] read liberty /data/project_share/process_node/T28_lib/ccslib/RocketTile_postroute_func_ssg0p81vm40c_cworst_T_setup.lib start 
I0406 21:32:07.166038 2255232 LibParserRustC.cc:1277] load liberty file /data/project_share/process_node/T28_lib/ccslib/RocketTile_postroute_func_ssg0p81vm40c_cworst_T_setup.lib
I0406 21:32:08.405380 2255219 LibParserRustC.cc:1286] load liberty file /data/project_share/process_node/dataset_baseline/lib/tphn28hpcpgv18ssg0p81v1p62v125c.lib success.
I0406 21:32:08.405436 2255219 Sta.cc:286] read liberty /data/project_share/process_node/dataset_baseline/lib/tphn28hpcpgv18ssg0p81v1p62v125c.lib end 
I0406 21:32:08.405468 2255219 Sta.cc:276] read liberty /data/project_share/process_node/T28_lib/ccslib/ts6n28hpcplvta2048x32m8sw_130a_ssg0p81vm40c.lib start 
I0406 21:32:08.405510 2255219 LibParserRustC.cc:1277] load liberty file /data/project_share/process_node/T28_lib/ccslib/ts6n28hpcplvta2048x32m8sw_130a_ssg0p81vm40c.lib
I0406 21:32:08.409077 2255219 LibParserRustC.cc:1286] load liberty file /data/project_share/process_node/T28_lib/ccslib/ts6n28hpcplvta2048x32m8sw_130a_ssg0p81vm40c.lib success.
I0406 21:32:08.409094 2255219 Sta.cc:286] read liberty /data/project_share/process_node/T28_lib/ccslib/ts6n28hpcplvta2048x32m8sw_130a_ssg0p81vm40c.lib end 
I0406 21:32:08.409109 2255219 Sta.cc:276] read liberty /data/project_share/process_node/T28_lib/ccslib/ts1n28hpcplvtb2048x48m8sw_180a_ssg0p81vm40c.lib start 
I0406 21:32:08.409129 2255219 LibParserRustC.cc:1277] load liberty file /data/project_share/process_node/T28_lib/ccslib/ts1n28hpcplvtb2048x48m8sw_180a_ssg0p81vm40c.lib
I0406 21:32:08.411993 2255219 LibParserRustC.cc:1286] load liberty file /data/project_share/process_node/T28_lib/ccslib/ts1n28hpcplvtb2048x48m8sw_180a_ssg0p81vm40c.lib success.
I0406 21:32:08.412011 2255219 Sta.cc:286] read liberty /data/project_share/process_node/T28_lib/ccslib/ts1n28hpcplvtb2048x48m8sw_180a_ssg0p81vm40c.lib end 
I0406 21:32:08.412029 2255219 Sta.cc:276] read liberty /data/project_share/process_node/T28_lib/ccslib/ts1n28hpcplvtb8192x64m8sw_180a_ssg0p81vm40c.lib start 
I0406 21:32:08.412048 2255219 LibParserRustC.cc:1277] load liberty file /data/project_share/process_node/T28_lib/ccslib/ts1n28hpcplvtb8192x64m8sw_180a_ssg0p81vm40c.lib
I0406 21:32:08.414747 2255219 LibParserRustC.cc:1286] load liberty file /data/project_share/process_node/T28_lib/ccslib/ts1n28hpcplvtb8192x64m8sw_180a_ssg0p81vm40c.lib success.
I0406 21:32:08.414777 2255219 Sta.cc:286] read liberty /data/project_share/process_node/T28_lib/ccslib/ts1n28hpcplvtb8192x64m8sw_180a_ssg0p81vm40c.lib end 
I0406 21:32:08.414793 2255219 Sta.cc:276] read liberty /data/project_share/process_node/T28_lib/mem/ts5n28hpcplvta256x64m2fw_130a_ssg0p81v125c.lib start 
I0406 21:32:08.414844 2255219 LibParserRustC.cc:1277] load liberty file /data/project_share/process_node/T28_lib/mem/ts5n28hpcplvta256x64m2fw_130a_ssg0p81v125c.lib
I0406 21:32:08.432819 2255219 LibParserRustC.cc:1286] load liberty file /data/project_share/process_node/T28_lib/mem/ts5n28hpcplvta256x64m2fw_130a_ssg0p81v125c.lib success.
I0406 21:32:08.432925 2255219 Sta.cc:286] read liberty /data/project_share/process_node/T28_lib/mem/ts5n28hpcplvta256x64m2fw_130a_ssg0p81v125c.lib end 
I0406 21:32:08.970759 2255234 LibParserRustC.cc:1286] load liberty file /data/project_share/process_node/dataset_baseline/lib/tcbn28hpcplusbwp30p140opphvtssg0p81v125c_ccs.lib success.
I0406 21:32:08.970978 2255234 Sta.cc:286] read liberty /data/project_share/process_node/dataset_baseline/lib/tcbn28hpcplusbwp30p140opphvtssg0p81v125c_ccs.lib end 
I0406 21:32:09.017668 2255246 LibParserRustC.cc:1286] load liberty file /data/project_share/process_node/dataset_baseline/lib/tcbn28hpcplusbwp40p140oppuhvtssg0p81v125c_ccs.lib success.
I0406 21:32:09.035250 2255246 Sta.cc:286] read liberty /data/project_share/process_node/dataset_baseline/lib/tcbn28hpcplusbwp40p140oppuhvtssg0p81v125c_ccs.lib end 
I0406 21:32:09.399696 2255243 LibParserRustC.cc:1286] load liberty file /data/project_share/process_node/dataset_baseline/lib/tcbn28hpcplusbwp40p140opphvtssg0p81v125c_ccs.lib success.
I0406 21:32:09.399964 2255243 Sta.cc:286] read liberty /data/project_share/process_node/dataset_baseline/lib/tcbn28hpcplusbwp40p140opphvtssg0p81v125c_ccs.lib end 
I0406 21:32:10.007108 2255227 LibParserRustC.cc:1286] load liberty file /data/project_share/process_node/dataset_baseline/lib/tcbn28hpcplusbwp35p140oppssg0p81v125c_ccs.lib success.
I0406 21:32:10.007433 2255227 Sta.cc:286] read liberty /data/project_share/process_node/dataset_baseline/lib/tcbn28hpcplusbwp35p140oppssg0p81v125c_ccs.lib end 
I0406 21:32:10.925581 2255235 LibParserRustC.cc:1286] load liberty file /data/project_share/process_node/dataset_baseline/lib/tcbn28hpcplusbwp35p140oppulvtssg0p81v125c_ccs.lib success.
I0406 21:32:10.925630 2255235 Sta.cc:286] read liberty /data/project_share/process_node/dataset_baseline/lib/tcbn28hpcplusbwp35p140oppulvtssg0p81v125c_ccs.lib end 
I0406 21:32:10.996168 2255230 LibParserRustC.cc:1286] load liberty file /data/project_share/process_node/dataset_baseline/lib/tcbn28hpcplusbwp35p140opplvtssg0p81v125c_ccs.lib success.
I0406 21:32:10.996340 2255230 Sta.cc:286] read liberty /data/project_share/process_node/dataset_baseline/lib/tcbn28hpcplusbwp35p140opplvtssg0p81v125c_ccs.lib end 
I0406 21:32:11.816006 2255232 LibParserRustC.cc:1286] load liberty file /data/project_share/process_node/T28_lib/ccslib/RocketTile_postroute_func_ssg0p81vm40c_cworst_T_setup.lib success.
I0406 21:32:11.816062 2255232 Sta.cc:286] read liberty /data/project_share/process_node/T28_lib/ccslib/RocketTile_postroute_func_ssg0p81vm40c_cworst_T_setup.lib end 
I0406 21:32:11.938059 2255244 LibParserRustC.cc:1286] load liberty file /data/project_share/process_node/dataset_baseline/lib/tcbn28hpcplusbwp40p140opplvtssg0p81v125c_ccs.lib success.
I0406 21:32:11.938110 2255244 Sta.cc:286] read liberty /data/project_share/process_node/dataset_baseline/lib/tcbn28hpcplusbwp40p140opplvtssg0p81v125c_ccs.lib end 
I0406 21:32:12.271435 2255229 LibParserRustC.cc:1286] load liberty file /data/project_share/process_node/dataset_baseline/lib/tcbn28hpcplusbwp35p140opphvtssg0p81v125c_ccs.lib success.
I0406 21:32:12.271736 2255229 Sta.cc:286] read liberty /data/project_share/process_node/dataset_baseline/lib/tcbn28hpcplusbwp35p140opphvtssg0p81v125c_ccs.lib end 
I0406 21:32:12.877187 2255242 LibParserRustC.cc:1286] load liberty file /data/project_share/process_node/dataset_baseline/lib/tcbn28hpcplusbwp40p140oppssg0p81v125c_ccs.lib success.
I0406 21:32:12.877244 2255242 Sta.cc:286] read liberty /data/project_share/process_node/dataset_baseline/lib/tcbn28hpcplusbwp40p140oppssg0p81v125c_ccs.lib end 
I0406 21:32:19.243723 2255233 LibParserRustC.cc:1286] load liberty file /data/project_share/process_node/dataset_baseline/lib/tcbn28hpcplusbwp30p140mblvtssg0p81v125c_ccs.lib success.
I0406 21:32:19.244119 2255233 Sta.cc:286] read liberty /data/project_share/process_node/dataset_baseline/lib/tcbn28hpcplusbwp30p140mblvtssg0p81v125c_ccs.lib end 
I0406 21:32:19.770889 2255225 LibParserRustC.cc:1286] load liberty file /data/project_share/process_node/dataset_baseline/lib/tcbn28hpcplusbwp35p140mbssg0p81v125c_ccs.lib success.
I0406 21:32:19.770967 2255225 Sta.cc:286] read liberty /data/project_share/process_node/dataset_baseline/lib/tcbn28hpcplusbwp35p140mbssg0p81v125c_ccs.lib end 
I0406 21:32:20.066358 2255241 LibParserRustC.cc:1286] load liberty file /data/project_share/process_node/dataset_baseline/lib/tcbn28hpcplusbwp40p140mbhvtssg0p81v125c_ccs.lib success.
I0406 21:32:20.066435 2255241 Sta.cc:286] read liberty /data/project_share/process_node/dataset_baseline/lib/tcbn28hpcplusbwp40p140mbhvtssg0p81v125c_ccs.lib end 
I0406 21:32:21.973706 2255226 LibParserRustC.cc:1286] load liberty file /data/project_share/process_node/dataset_baseline/lib/tcbn28hpcplusbwp35p140mblvtssg0p81v125c_ccs.lib success.
I0406 21:32:21.973771 2255226 Sta.cc:286] read liberty /data/project_share/process_node/dataset_baseline/lib/tcbn28hpcplusbwp35p140mblvtssg0p81v125c_ccs.lib end 
I0406 21:32:22.792223 2255240 LibParserRustC.cc:1286] load liberty file /data/project_share/process_node/dataset_baseline/lib/tcbn28hpcplusbwp40p140mbssg0p81v125c_ccs.lib success.
I0406 21:32:22.793102 2255240 Sta.cc:286] read liberty /data/project_share/process_node/dataset_baseline/lib/tcbn28hpcplusbwp40p140mbssg0p81v125c_ccs.lib end 
I0406 21:32:27.399335 2255231 LibParserRustC.cc:1286] load liberty file /data/project_share/process_node/dataset_baseline/lib/tcbn28hpcplusbwp30p140mbssg0p81v125c_ccs.lib success.
I0406 21:32:27.415051 2255231 Sta.cc:286] read liberty /data/project_share/process_node/dataset_baseline/lib/tcbn28hpcplusbwp30p140mbssg0p81v125c_ccs.lib end 
I0406 21:32:50.655886 2255220 LibParserRustC.cc:1286] load liberty file /data/project_share/process_node/dataset_baseline/lib/tcbn28hpcplusbwp35p140mbhvtssg0p81v125c_ccs.lib success.
I0406 21:32:50.655982 2255220 Sta.cc:286] read liberty /data/project_share/process_node/dataset_baseline/lib/tcbn28hpcplusbwp35p140mbhvtssg0p81v125c_ccs.lib end 
I0406 21:37:30.871201 2255239 LibParserRustC.cc:1286] load liberty file /data/project_share/process_node/dataset_baseline/lib/tcbn28hpcplusbwp40p140lvtssg0p81v125c_ccs.lib success.
I0406 21:37:30.871592 2255239 Sta.cc:286] read liberty /data/project_share/process_node/dataset_baseline/lib/tcbn28hpcplusbwp40p140lvtssg0p81v125c_ccs.lib end 
I0406 21:37:32.403123 2255247 LibParserRustC.cc:1286] load liberty file /data/project_share/process_node/dataset_baseline/lib/tcbn28hpcplusbwp40p140uhvtssg0p81v125c_ccs.lib success.
I0406 21:37:32.403177 2255247 Sta.cc:286] read liberty /data/project_share/process_node/dataset_baseline/lib/tcbn28hpcplusbwp40p140uhvtssg0p81v125c_ccs.lib end 
I0406 21:37:33.748356 2255217 LibParserRustC.cc:1286] load liberty file /data/project_share/process_node/dataset_baseline/lib/tcbn28hpcplusbwp30p140ulvtssg0p81v125c_ccs.lib success.
I0406 21:37:33.752950 2255217 Sta.cc:286] read liberty /data/project_share/process_node/dataset_baseline/lib/tcbn28hpcplusbwp30p140ulvtssg0p81v125c_ccs.lib end 
I0406 21:37:38.226528 2255222 LibParserRustC.cc:1286] load liberty file /data/project_share/process_node/dataset_baseline/lib/tcbn28hpcplusbwp35p140ssg0p81v125c_ccs.lib success.
I0406 21:37:38.226591 2255222 Sta.cc:286] read liberty /data/project_share/process_node/dataset_baseline/lib/tcbn28hpcplusbwp35p140ssg0p81v125c_ccs.lib end 
I0406 21:37:42.061486 2255216 LibParserRustC.cc:1286] load liberty file /data/project_share/process_node/dataset_baseline/lib/tcbn28hpcplusbwp30p140ssg0p81v125c_ccs.lib success.
I0406 21:37:42.259716 2255216 Sta.cc:286] read liberty /data/project_share/process_node/dataset_baseline/lib/tcbn28hpcplusbwp30p140ssg0p81v125c_ccs.lib end 
I0406 21:37:42.328910 2255221 LibParserRustC.cc:1286] load liberty file /data/project_share/process_node/dataset_baseline/lib/tcbn28hpcplusbwp30p140uhvtssg0p81v125c_ccs.lib success.
I0406 21:37:42.328962 2255221 Sta.cc:286] read liberty /data/project_share/process_node/dataset_baseline/lib/tcbn28hpcplusbwp30p140uhvtssg0p81v125c_ccs.lib end 
I0406 21:37:49.279652 2255223 LibParserRustC.cc:1286] load liberty file /data/project_share/process_node/dataset_baseline/lib/tcbn28hpcplusbwp35p140hvtssg0p81v125c_ccs.lib success.
I0406 21:37:49.279765 2255223 Sta.cc:286] read liberty /data/project_share/process_node/dataset_baseline/lib/tcbn28hpcplusbwp35p140hvtssg0p81v125c_ccs.lib end 
I0406 21:37:54.447475 2255237 LibParserRustC.cc:1286] load liberty file /data/project_share/process_node/dataset_baseline/lib/tcbn28hpcplusbwp40p140ssg0p81v125c_ccs.lib success.
I0406 21:37:54.447539 2255237 Sta.cc:286] read liberty /data/project_share/process_node/dataset_baseline/lib/tcbn28hpcplusbwp40p140ssg0p81v125c_ccs.lib end 
I0406 21:38:00.681914 2255218 LibParserRustC.cc:1286] load liberty file /data/project_share/process_node/dataset_baseline/lib/tcbn28hpcplusbwp30p140hvtssg0p81v125c_ccs.lib success.
I0406 21:38:00.691097 2255218 Sta.cc:286] read liberty /data/project_share/process_node/dataset_baseline/lib/tcbn28hpcplusbwp30p140hvtssg0p81v125c_ccs.lib end 
I0406 21:38:02.271096 2255228 LibParserRustC.cc:1286] load liberty file /data/project_share/process_node/dataset_baseline/lib/tcbn28hpcplusbwp30p140lvtssg0p81v125c_ccs.lib success.
I0406 21:38:02.299067 2255228 Sta.cc:286] read liberty /data/project_share/process_node/dataset_baseline/lib/tcbn28hpcplusbwp30p140lvtssg0p81v125c_ccs.lib end 
I0406 21:38:05.339036 2255224 LibParserRustC.cc:1286] load liberty file /data/project_share/process_node/dataset_baseline/lib/tcbn28hpcplusbwp35p140lvtssg0p81v125c_ccs.lib success.
I0406 21:38:05.339097 2255224 Sta.cc:286] read liberty /data/project_share/process_node/dataset_baseline/lib/tcbn28hpcplusbwp35p140lvtssg0p81v125c_ccs.lib end 
I0406 21:38:06.251039 2255238 LibParserRustC.cc:1286] load liberty file /data/project_share/process_node/dataset_baseline/lib/tcbn28hpcplusbwp40p140hvtssg0p81v125c_ccs.lib success.
I0406 21:38:06.251099 2255238 Sta.cc:286] read liberty /data/project_share/process_node/dataset_baseline/lib/tcbn28hpcplusbwp40p140hvtssg0p81v125c_ccs.lib end 
I0406 21:38:14.227306 2255245 LibParserRustC.cc:1286] load liberty file /data/project_share/process_node/dataset_baseline/lib/tcbn28hpcplusbwp35p140ulvtssg0p81v125c_ccs.lib success.
I0406 21:38:14.227361 2255245 Sta.cc:286] read liberty /data/project_share/process_node/dataset_baseline/lib/tcbn28hpcplusbwp35p140ulvtssg0p81v125c_ccs.lib end 
I0406 21:38:15.705180 2255236 LibParserRustC.cc:1286] load liberty file /data/project_share/process_node/dataset_baseline/lib/tcbn28hpcplusbwp35p140uhvtssg0p81v125c_ccs.lib success.
I0406 21:38:15.705265 2255236 Sta.cc:286] read liberty /data/project_share/process_node/dataset_baseline/lib/tcbn28hpcplusbwp35p140uhvtssg0p81v125c_ccs.lib end 
I0406 21:38:15.705570 2254685 Sta.cc:317] load lib end
I0406 21:38:15.711189 2258425 LibParserRustC.cc:1296] link liberty file /data/project_share/process_node/dataset_baseline/lib/tcbn28hpcplusbwp30p140oppulvtssg0p81v125c_ccs.lib start.
I0406 21:38:15.711212 2258426 LibParserRustC.cc:1296] link liberty file /data/project_share/process_node/dataset_baseline/lib/tcbn28hpcplusbwp30p140opplvtssg0p81v125c_ccs.lib start.
I0406 21:38:15.711237 2258427 LibParserRustC.cc:1296] link liberty file /data/project_share/process_node/dataset_baseline/lib/tcbn28hpcplusbwp30p140oppssg0p81v125c_ccs.lib start.
I0406 21:38:15.711248 2258428 LibParserRustC.cc:1296] link liberty file /data/project_share/process_node/dataset_baseline/lib/tcbn28hpcplusbwp30p140oppuhvtssg0p81v125c_ccs.lib start.
I0406 21:38:15.711262 2258429 LibParserRustC.cc:1296] link liberty file /data/project_share/process_node/dataset_baseline/lib/ts5n28hpcplvta64x128m2f_130a_ssg0p81v125c.lib start.
I0406 21:38:15.711304 2258436 LibParserRustC.cc:1296] link liberty file /data/project_share/process_node/dataset_baseline/lib/ts5n28hpcplvta128x32m2f_130a_ssg0p81v125c.lib start.
I0406 21:38:15.711287 2258435 LibParserRustC.cc:1296] link liberty file /data/project_share/process_node/dataset_baseline/lib/ts5n28hpcplvta128x8m2f_130a_ssg0p81v125c.lib start.
I0406 21:38:15.711311 2258438 LibParserRustC.cc:1296] link liberty file /data/project_share/process_node/dataset_baseline/lib/ts5n28hpcplvta512x64m4fw_130a_ssg0p81v125c.lib start.
