I0212 13:22:42.751663 962322 LibParserRustC.cc:1293] link liberty file /data/project_share/process_node/dataset_baseline/lib/ts5n28hpcplvta8x128m2f_130a_ssg0p81v125c.lib start.
I0212 13:22:42.751669 962321 LibParserRustC.cc:1293] link liberty file /data/project_share/process_node/dataset_baseline/lib/ts6n28hpcplvta16x128m2f_130a_ssg0p81v125c.lib start.
I0212 13:22:42.751912 962320 LibParserRustC.cc:1293] link liberty file /data/project_share/process_node/dataset_baseline/lib/ts5n28hpcplvta64x64m2f_130a_ssg0p81v125c.lib start.
I0212 13:22:42.751936 962326 LibParserRustC.cc:1293] link liberty file /data/project_share/process_node/dataset_baseline/lib/PLLTS28HPMLAINT_SS_0P81_125C.lib start.
I0212 13:22:42.752043 962316 LibParserRustC.cc:1293] link liberty file /data/project_share/process_node/dataset_baseline/lib/ts5n28hpcplvta32x32m2f_130a_ssg0p81v125c.lib start.
I0212 13:22:42.752058 962324 LibParserRustC.cc:1293] link liberty file /data/project_share/process_node/dataset_baseline/lib/ts5n28hpcplvta128x144m2fw_130a_ssg0p81v125c.lib start.
I0212 13:22:42.752107 962312 LibParserRustC.cc:1293] link liberty file /data/project_share/process_node/dataset_baseline/lib/tcbn28hpcplusbwp30p140oppulvtssg0p81v125c_ccs.lib start.
I0212 13:22:42.752133 962325 LibParserRustC.cc:1293] link liberty file /data/project_share/process_node/dataset_baseline/lib/tcbn28hpcplusbwp40p140opplvtssg0p81v125c_ccs.lib start.
I0212 13:22:42.752637 962314 LibParserRustC.cc:1293] link liberty file /data/project_share/process_node/dataset_baseline/lib/ts5n28hpcplvta256x144m2fw_130a_ssg0p81v125c.lib start.
I0212 13:22:42.753540 962319 LibParserRustC.cc:660] unkown attri name: technology in /data/project_share/process_node/dataset_baseline/lib/ts5n28hpcplvta8x144m2f_130a_ssg0p81v125c.lib line no 26
I0212 13:22:42.753618 962319 LibParserRustC.cc:660] unkown attri name: define_cell_area in /data/project_share/process_node/dataset_baseline/lib/ts5n28hpcplvta8x144m2f_130a_ssg0p81v125c.lib line no 53
I0212 13:22:42.753811 962327 LibParserRustC.cc:660] unkown attri name: technology in /data/project_share/process_node/dataset_baseline/lib/tphn28hpcpgv18ssg0p81v1p62v125c.lib line no 35
I0212 13:22:42.753963 962297 LibParserRustC.cc:660] unkown attri name: voltage_map in /data/project_share/process_node/dataset_baseline/lib/tcbn28hpcplusbwp40p140oppssg0p81v125c_ccs.lib line no 54
I0212 13:22:42.754130 962324 LibParserRustC.cc:660] unkown attri name: define_cell_area in /data/project_share/process_node/dataset_baseline/lib/ts5n28hpcplvta128x144m2fw_130a_ssg0p81v125c.lib line no 54
I0212 13:22:42.754319 962310 LibParserRustC.cc:660] unkown attri name: library_features in /data/project_share/process_node/dataset_baseline/lib/ts5n28hpcplvta512x64m4f_130a_ssg0p81v125c.lib line no 51
I0212 13:22:42.754438 962328 LibParserRustC.cc:660] unkown attri name: library_features in /data/project_share/process_node/dataset_baseline/lib/ts5n28hpcplvta32x128m2f_130a_ssg0p81v125c.lib line no 52
I0212 13:22:42.754493 962318 LibParserRustC.cc:660] unkown attri name: voltage_map in /data/project_share/process_node/dataset_baseline/lib/ts6n28hpcplvta512x2m8f_130a_ssg0p81v125c.lib line no 38
I0212 13:22:42.754585 962302 LibParserRustC.cc:660] unkown attri name: define_cell_area in /data/project_share/process_node/dataset_baseline/lib/ts5n28hpcplvta64x128m2f_130a_ssg0p81v125c.lib line no 54
I0212 13:22:42.754724 962304 LibParserRustC.cc:660] unkown attri name: library_features in /data/project_share/process_node/dataset_baseline/lib/ts5n28hpcplvta128x80m2f_130a_ssg0p81v125c.lib line no 52
I0212 13:22:42.754830 962303 LibParserRustC.cc:660] unkown attri name: voltage_map in /data/project_share/process_node/dataset_baseline/lib/ts5n28hpcplvta64x128m2fw_130a_ssg0p81v125c.lib line no 32
I0212 13:22:42.754881 962322 LibParserRustC.cc:660] unkown attri name: define_cell_area in /data/project_share/process_node/dataset_baseline/lib/ts5n28hpcplvta8x128m2f_130a_ssg0p81v125c.lib line no 54
I0212 13:22:42.754976 962325 LibParserRustC.cc:660] unkown attri name: technology in /data/project_share/process_node/dataset_baseline/lib/tcbn28hpcplusbwp40p140opplvtssg0p81v125c_ccs.lib line no 44
I0212 13:22:42.755086 962306 LibParserRustC.cc:660] unkown attri name: voltage_map in /data/project_share/process_node/dataset_baseline/lib/ts5n28hpcplvta64x80m2f_130a_ssg0p81v125c.lib line no 32
I0212 13:22:42.755257 962315 LibParserRustC.cc:660] unkown attri name: voltage_map in /data/project_share/process_node/dataset_baseline/lib/ts5n28hpcplvta64x32m2f_130a_ssg0p81v125c.lib line no 32
I0212 13:22:42.755409 962320 LibParserRustC.cc:660] unkown attri name: library_features in /data/project_share/process_node/dataset_baseline/lib/ts5n28hpcplvta64x64m2f_130a_ssg0p81v125c.lib line no 52
I0212 13:22:42.755613 962319 LibParserRustC.cc:1299] link liberty file /data/project_share/process_node/dataset_baseline/lib/ts5n28hpcplvta8x144m2f_130a_ssg0p81v125c.lib success.
I0212 13:22:42.755642 962323 LibParserRustC.cc:1299] link liberty file /data/project_share/process_node/dataset_baseline/lib/ts5n28hpcplvta1024x32m8fw_130a_ssg0p81v125c.lib success.
I0212 13:22:42.755656 962319 LibParserRustC.cc:1293] link liberty file /data/project_share/process_node/dataset_baseline/lib/tcbn28hpcplusbwp40p140oppuhvtssg0p81v125c_ccs.lib start.
I0212 13:22:42.755687 962323 LibParserRustC.cc:1293] link liberty file /data/project_share/process_node/dataset_baseline/lib/tcbn28hpcplusbwp35p140oppulvtssg0p81v125c_ccs.lib start.
I0212 13:22:42.755818 962305 LibParserRustC.cc:660] unkown attri name: technology in /data/project_share/process_node/dataset_baseline/lib/ts5n28hpcplvta128x32m2f_130a_ssg0p81v125c.lib line no 26
I0212 13:22:42.755982 962324 LibParserRustC.cc:1299] link liberty file /data/project_share/process_node/dataset_baseline/lib/ts5n28hpcplvta128x144m2fw_130a_ssg0p81v125c.lib success.
I0212 13:22:42.755993 962308 LibParserRustC.cc:660] unkown attri name: library_features in /data/project_share/process_node/dataset_baseline/lib/ts5n28hpcplvta128x64m2f_130a_ssg0p81v125c.lib line no 51
I0212 13:22:42.756022 962324 LibParserRustC.cc:1293] link liberty file /data/project_share/process_node/dataset_baseline/lib/tcbn28hpcplusbwp35p140opphvtssg0p81v125c_ccs.lib start.
I0212 13:22:42.756212 962299 LibParserRustC.cc:660] unkown attri name: library_features in /data/project_share/process_node/dataset_baseline/lib/ts5n28hpcplvta256x32m4fw_130a_ssg0p81v125c.lib line no 51
I0212 13:22:42.756278 962316 LibParserRustC.cc:660] unkown attri name: voltage_map in /data/project_share/process_node/dataset_baseline/lib/ts5n28hpcplvta32x32m2f_130a_ssg0p81v125c.lib line no 33
I0212 13:22:42.756528 962321 LibParserRustC.cc:660] unkown attri name: voltage_map in /data/project_share/process_node/dataset_baseline/lib/ts6n28hpcplvta16x128m2f_130a_ssg0p81v125c.lib line no 38
I0212 13:22:42.756700 962310 LibParserRustC.cc:1299] link liberty file /data/project_share/process_node/dataset_baseline/lib/ts5n28hpcplvta512x64m4f_130a_ssg0p81v125c.lib success.
I0212 13:22:42.756711 962326 LibParserRustC.cc:1299] link liberty file /data/project_share/process_node/dataset_baseline/lib/PLLTS28HPMLAINT_SS_0P81_125C.lib success.
I0212 13:22:42.756748 962310 LibParserRustC.cc:1293] link liberty file /data/project_share/process_node/dataset_baseline/lib/tcbn28hpcplusbwp40p140opphvtssg0p81v125c_ccs.lib start.
I0212 13:22:42.756765 962326 LibParserRustC.cc:1293] link liberty file /data/project_share/process_node/dataset_baseline/lib/tcbn28hpcplusbwp35p140opplvtssg0p81v125c_ccs.lib start.
I0212 13:22:42.756819 962328 LibParserRustC.cc:1299] link liberty file /data/project_share/process_node/dataset_baseline/lib/ts5n28hpcplvta32x128m2f_130a_ssg0p81v125c.lib success.
I0212 13:22:42.756867 962328 LibParserRustC.cc:1293] link liberty file /data/project_share/process_node/dataset_baseline/lib/tcbn28hpcplusbwp35p140oppssg0p81v125c_ccs.lib start.
I0212 13:22:42.757462 962319 LibParserRustC.cc:660] unkown attri name: voltage_map in /data/project_share/process_node/dataset_baseline/lib/tcbn28hpcplusbwp40p140oppuhvtssg0p81v125c_ccs.lib line no 54
I0212 13:22:42.757745 962309 LibParserRustC.cc:1299] link liberty file /data/project_share/process_node/dataset_baseline/lib/ts5n28hpcplvta128x8m2f_130a_ssg0p81v125c.lib success.
I0212 13:22:42.757782 962302 LibParserRustC.cc:1299] link liberty file /data/project_share/process_node/dataset_baseline/lib/ts5n28hpcplvta64x128m2f_130a_ssg0p81v125c.lib success.
I0212 13:22:42.757798 962309 LibParserRustC.cc:1293] link liberty file /data/project_share/process_node/dataset_baseline/lib/tcbn28hpcplusbwp30p140opphvtssg0p81v125c_ccs.lib start.
I0212 13:22:42.757823 962302 LibParserRustC.cc:1293] link liberty file /data/project_share/process_node/dataset_baseline/lib/tcbn28hpcplusbwp40p140mbhvtssg0p81v125c_ccs.lib start.
I0212 13:22:42.757836 962322 LibParserRustC.cc:1299] link liberty file /data/project_share/process_node/dataset_baseline/lib/ts5n28hpcplvta8x128m2f_130a_ssg0p81v125c.lib success.
I0212 13:22:42.757889 962322 LibParserRustC.cc:1293] link liberty file /data/project_share/process_node/dataset_baseline/lib/tcbn28hpcplusbwp40p140mbssg0p81v125c_ccs.lib start.
I0212 13:22:42.757956 962304 LibParserRustC.cc:1299] link liberty file /data/project_share/process_node/dataset_baseline/lib/ts5n28hpcplvta128x80m2f_130a_ssg0p81v125c.lib success.
I0212 13:22:42.757985 962323 LibParserRustC.cc:660] unkown attri name: technology in /data/project_share/process_node/dataset_baseline/lib/tcbn28hpcplusbwp35p140oppulvtssg0p81v125c_ccs.lib line no 44
I0212 13:22:42.758026 962304 LibParserRustC.cc:1293] link liberty file /data/project_share/process_node/dataset_baseline/lib/tcbn28hpcplusbwp30p140mblvtssg0p81v125c_ccs.lib start.
I0212 13:22:42.758044 962311 LibParserRustC.cc:1299] link liberty file /data/project_share/process_node/dataset_baseline/lib/ts5n28hpcplvta64x8m2f_130a_ssg0p81v125c.lib success.
I0212 13:22:42.758085 962311 LibParserRustC.cc:1293] link liberty file /data/project_share/process_node/dataset_baseline/lib/tcbn28hpcplusbwp35p140mbssg0p81v125c_ccs.lib start.
I0212 13:22:42.758111 962303 LibParserRustC.cc:1299] link liberty file /data/project_share/process_node/dataset_baseline/lib/ts5n28hpcplvta64x128m2fw_130a_ssg0p81v125c.lib success.
I0212 13:22:42.758142 962306 LibParserRustC.cc:1299] link liberty file /data/project_share/process_node/dataset_baseline/lib/ts5n28hpcplvta64x80m2f_130a_ssg0p81v125c.lib success.
I0212 13:22:42.758184 962306 LibParserRustC.cc:1293] link liberty file /data/project_share/process_node/dataset_baseline/lib/tcbn28hpcplusbwp35p140mblvtssg0p81v125c_ccs.lib start.
I0212 13:22:42.758186 962303 LibParserRustC.cc:1293] link liberty file /data/project_share/process_node/dataset_baseline/lib/tcbn28hpcplusbwp30p140mbssg0p81v125c_ccs.lib start.
I0212 13:22:42.758360 962312 LibParserRustC.cc:660] unkown attri name: define_cell_area in /data/project_share/process_node/dataset_baseline/lib/tcbn28hpcplusbwp30p140oppulvtssg0p81v125c_ccs.lib line no 68
I0212 13:22:42.758394 962305 LibParserRustC.cc:1299] link liberty file /data/project_share/process_node/dataset_baseline/lib/ts5n28hpcplvta128x32m2f_130a_ssg0p81v125c.lib success.
I0212 13:22:42.758442 962305 LibParserRustC.cc:1293] link liberty file /data/project_share/process_node/dataset_baseline/lib/tcbn28hpcplusbwp35p140mbhvtssg0p81v125c_ccs.lib start.
I0212 13:22:42.758549 962318 LibParserRustC.cc:1299] link liberty file /data/project_share/process_node/dataset_baseline/lib/ts6n28hpcplvta512x2m8f_130a_ssg0p81v125c.lib success.
I0212 13:22:42.758605 962318 LibParserRustC.cc:1293] link liberty file /data/project_share/process_node/dataset_baseline/lib/tcbn28hpcplusbwp35p140uhvtssg0p81v125c_ccs.lib start.
I0212 13:22:42.758644 962320 LibParserRustC.cc:1299] link liberty file /data/project_share/process_node/dataset_baseline/lib/ts5n28hpcplvta64x64m2f_130a_ssg0p81v125c.lib success.
I0212 13:22:42.758702 962320 LibParserRustC.cc:1293] link liberty file /data/project_share/process_node/dataset_baseline/lib/tcbn28hpcplusbwp30p140ssg0p81v125c_ccs.lib start.
I0212 13:22:42.758733 962315 LibParserRustC.cc:1299] link liberty file /data/project_share/process_node/dataset_baseline/lib/ts5n28hpcplvta64x32m2f_130a_ssg0p81v125c.lib success.
I0212 13:22:42.758736 962316 LibParserRustC.cc:1299] link liberty file /data/project_share/process_node/dataset_baseline/lib/ts5n28hpcplvta32x32m2f_130a_ssg0p81v125c.lib success.
I0212 13:22:42.758797 962315 LibParserRustC.cc:1293] link liberty file /data/project_share/process_node/dataset_baseline/lib/tcbn28hpcplusbwp35p140hvtssg0p81v125c_ccs.lib start.
I0212 13:22:42.758800 962316 LibParserRustC.cc:1293] link liberty file /data/project_share/process_node/dataset_baseline/lib/tcbn28hpcplusbwp40p140ssg0p81v125c_ccs.lib start.
I0212 13:22:42.759168 962328 LibParserRustC.cc:660] unkown attri name: voltage_map in /data/project_share/process_node/dataset_baseline/lib/tcbn28hpcplusbwp35p140oppssg0p81v125c_ccs.lib line no 54
I0212 13:22:42.759470 962308 LibParserRustC.cc:1299] link liberty file /data/project_share/process_node/dataset_baseline/lib/ts5n28hpcplvta128x64m2f_130a_ssg0p81v125c.lib success.
I0212 13:22:42.759521 962308 LibParserRustC.cc:1293] link liberty file /data/project_share/process_node/dataset_baseline/lib/tcbn28hpcplusbwp35p140lvtssg0p81v125c_ccs.lib start.
I0212 13:22:42.759728 962313 LibParserRustC.cc:1299] link liberty file /data/project_share/process_node/dataset_baseline/lib/ts5n28hpcplvta512x64m4fw_130a_ssg0p81v125c.lib success.
I0212 13:22:42.759841 962313 LibParserRustC.cc:1293] link liberty file /data/project_share/process_node/dataset_baseline/lib/tcbn28hpcplusbwp35p140ssg0p81v125c_ccs.lib start.
I0212 13:22:42.760243 962299 LibParserRustC.cc:1299] link liberty file /data/project_share/process_node/dataset_baseline/lib/ts5n28hpcplvta256x32m4fw_130a_ssg0p81v125c.lib success.
I0212 13:22:42.760262 962307 LibParserRustC.cc:1299] link liberty file /data/project_share/process_node/dataset_baseline/lib/ts5n28hpcplvta256x16m2f_130a_ssg0p81v125c.lib success.
I0212 13:22:42.760318 962307 LibParserRustC.cc:1293] link liberty file /data/project_share/process_node/dataset_baseline/lib/tcbn28hpcplusbwp40p140lvtssg0p81v125c_ccs.lib start.
I0212 13:22:42.760319 962299 LibParserRustC.cc:1293] link liberty file /data/project_share/process_node/dataset_baseline/lib/tcbn28hpcplusbwp40p140uhvtssg0p81v125c_ccs.lib start.
I0212 13:22:42.760511 962306 LibParserRustC.cc:660] unkown attri name: technology in /data/project_share/process_node/dataset_baseline/lib/tcbn28hpcplusbwp35p140mblvtssg0p81v125c_ccs.lib line no 44
I0212 13:22:42.760673 962314 LibParserRustC.cc:1299] link liberty file /data/project_share/process_node/dataset_baseline/lib/ts5n28hpcplvta256x144m2fw_130a_ssg0p81v125c.lib success.
I0212 13:22:42.760754 962314 LibParserRustC.cc:1293] link liberty file /data/project_share/process_node/dataset_baseline/lib/tcbn28hpcplusbwp30p140hvtssg0p81v125c_ccs.lib start.
I0212 13:22:42.760792 962322 LibParserRustC.cc:660] unkown attri name: define_cell_area in /data/project_share/process_node/dataset_baseline/lib/tcbn28hpcplusbwp40p140mbssg0p81v125c_ccs.lib line no 68
I0212 13:22:42.761067 962303 LibParserRustC.cc:660] unkown attri name: voltage_map in /data/project_share/process_node/dataset_baseline/lib/tcbn28hpcplusbwp30p140mbssg0p81v125c_ccs.lib line no 54
I0212 13:22:42.761278 962304 LibParserRustC.cc:660] unkown attri name: define_cell_area in /data/project_share/process_node/dataset_baseline/lib/tcbn28hpcplusbwp30p140mblvtssg0p81v125c_ccs.lib line no 67
I0212 13:22:42.761509 962318 LibParserRustC.cc:660] unkown attri name: voltage_map in /data/project_share/process_node/dataset_baseline/lib/tcbn28hpcplusbwp35p140uhvtssg0p81v125c_ccs.lib line no 53
I0212 13:22:42.761828 962302 LibParserRustC.cc:660] unkown attri name: voltage_map in /data/project_share/process_node/dataset_baseline/lib/tcbn28hpcplusbwp40p140mbhvtssg0p81v125c_ccs.lib line no 53
I0212 13:22:42.762389 962321 LibParserRustC.cc:1299] link liberty file /data/project_share/process_node/dataset_baseline/lib/ts6n28hpcplvta16x128m2f_130a_ssg0p81v125c.lib success.
I0212 13:22:42.762454 962321 LibParserRustC.cc:1293] link liberty file /data/project_share/process_node/dataset_baseline/lib/tcbn28hpcplusbwp30p140uhvtssg0p81v125c_ccs.lib start.
I0212 13:22:42.762509 962308 LibParserRustC.cc:660] unkown attri name: technology in /data/project_share/process_node/dataset_baseline/lib/tcbn28hpcplusbwp35p140lvtssg0p81v125c_ccs.lib line no 44
I0212 13:22:42.762642 962308 LibParserRustC.cc:660] unkown attri name: library_features in /data/project_share/process_node/dataset_baseline/lib/tcbn28hpcplusbwp35p140lvtssg0p81v125c_ccs.lib line no 69
I0212 13:22:42.762869 962320 LibParserRustC.cc:660] unkown attri name: library_features in /data/project_share/process_node/dataset_baseline/lib/tcbn28hpcplusbwp30p140ssg0p81v125c_ccs.lib line no 69
I0212 13:22:42.764698 962314 LibParserRustC.cc:660] unkown attri name: voltage_map in /data/project_share/process_node/dataset_baseline/lib/tcbn28hpcplusbwp30p140hvtssg0p81v125c_ccs.lib line no 53
I0212 13:22:42.764778 962314 LibParserRustC.cc:660] unkown attri name: define_cell_area in /data/project_share/process_node/dataset_baseline/lib/tcbn28hpcplusbwp30p140hvtssg0p81v125c_ccs.lib line no 67
I0212 13:22:42.765918 962321 LibParserRustC.cc:660] unkown attri name: define_cell_area in /data/project_share/process_node/dataset_baseline/lib/tcbn28hpcplusbwp30p140uhvtssg0p81v125c_ccs.lib line no 68
I0212 13:22:42.774642 962327 LibParserRustC.cc:1299] link liberty file /data/project_share/process_node/dataset_baseline/lib/tphn28hpcpgv18ssg0p81v1p62v125c.lib success.
I0212 13:22:42.774760 962327 LibParserRustC.cc:1293] link liberty file /data/project_share/process_node/dataset_baseline/lib/tcbn28hpcplusbwp30p140lvtssg0p81v125c_ccs.lib start.
I0212 13:22:42.871276 962301 LibParserRustC.cc:1299] link liberty file /data/project_share/process_node/dataset_baseline/lib/tcbn28hpcplusbwp30p140oppuhvtssg0p81v125c_ccs.lib success.
I0212 13:22:42.871433 962301 LibParserRustC.cc:1293] link liberty file /data/project_share/process_node/dataset_baseline/lib/tcbn28hpcplusbwp35p140ulvtssg0p81v125c_ccs.lib start.
I0212 13:22:42.875456 962301 LibParserRustC.cc:660] unkown attri name: technology in /data/project_share/process_node/dataset_baseline/lib/tcbn28hpcplusbwp35p140ulvtssg0p81v125c_ccs.lib line no 44
I0212 13:22:42.901897 962309 LibParserRustC.cc:1299] link liberty file /data/project_share/process_node/dataset_baseline/lib/tcbn28hpcplusbwp30p140opphvtssg0p81v125c_ccs.lib success.
I0212 13:22:42.902024 962309 LibParserRustC.cc:1293] link liberty file /data/project_share/process_node/dataset_baseline/lib/tcbn28hpcplusbwp30p140ulvtssg0p81v125c_ccs.lib start.
I0212 13:22:42.904563 962309 LibParserRustC.cc:660] unkown attri name: define_cell_area in /data/project_share/process_node/dataset_baseline/lib/tcbn28hpcplusbwp30p140ulvtssg0p81v125c_ccs.lib line no 68
I0212 13:22:42.932348 962300 LibParserRustC.cc:1299] link liberty file /data/project_share/process_node/dataset_baseline/lib/tcbn28hpcplusbwp35p140oppuhvtssg0p81v125c_ccs.lib success.
I0212 13:22:42.932469 962300 LibParserRustC.cc:1293] link liberty file /data/project_share/process_node/dataset_baseline/lib/tcbn28hpcplusbwp40p140hvtssg0p81v125c_ccs.lib start.
I0212 13:22:42.937062 962328 LibParserRustC.cc:1299] link liberty file /data/project_share/process_node/dataset_baseline/lib/tcbn28hpcplusbwp35p140oppssg0p81v125c_ccs.lib success.
I0212 13:22:42.949162 962298 LibParserRustC.cc:1299] link liberty file /data/project_share/process_node/dataset_baseline/lib/tcbn28hpcplusbwp30p140opplvtssg0p81v125c_ccs.lib success.
I0212 13:22:42.955587 962325 LibParserRustC.cc:1299] link liberty file /data/project_share/process_node/dataset_baseline/lib/tcbn28hpcplusbwp40p140opplvtssg0p81v125c_ccs.lib success.
I0212 13:22:42.981648 962324 LibParserRustC.cc:1299] link liberty file /data/project_share/process_node/dataset_baseline/lib/tcbn28hpcplusbwp35p140opphvtssg0p81v125c_ccs.lib success.
I0212 13:22:42.989894 962317 LibParserRustC.cc:1299] link liberty file /data/project_share/process_node/dataset_baseline/lib/tcbn28hpcplusbwp30p140oppssg0p81v125c_ccs.lib success.
I0212 13:22:43.007968 962310 LibParserRustC.cc:1299] link liberty file /data/project_share/process_node/dataset_baseline/lib/tcbn28hpcplusbwp40p140opphvtssg0p81v125c_ccs.lib success.
I0212 13:22:43.010759 962304 LibParserRustC.cc:1299] link liberty file /data/project_share/process_node/dataset_baseline/lib/tcbn28hpcplusbwp30p140mblvtssg0p81v125c_ccs.lib success.
I0212 13:22:43.032209 962302 LibParserRustC.cc:1299] link liberty file /data/project_share/process_node/dataset_baseline/lib/tcbn28hpcplusbwp40p140mbhvtssg0p81v125c_ccs.lib success.
I0212 13:22:43.038666 962312 LibParserRustC.cc:1299] link liberty file /data/project_share/process_node/dataset_baseline/lib/tcbn28hpcplusbwp30p140oppulvtssg0p81v125c_ccs.lib success.
I0212 13:22:43.040904 962326 LibParserRustC.cc:1299] link liberty file /data/project_share/process_node/dataset_baseline/lib/tcbn28hpcplusbwp35p140opplvtssg0p81v125c_ccs.lib success.
I0212 13:22:43.053854 962323 LibParserRustC.cc:1299] link liberty file /data/project_share/process_node/dataset_baseline/lib/tcbn28hpcplusbwp35p140oppulvtssg0p81v125c_ccs.lib success.
I0212 13:22:43.057765 962306 LibParserRustC.cc:1299] link liberty file /data/project_share/process_node/dataset_baseline/lib/tcbn28hpcplusbwp35p140mblvtssg0p81v125c_ccs.lib success.
I0212 13:22:43.090308 962322 LibParserRustC.cc:1299] link liberty file /data/project_share/process_node/dataset_baseline/lib/tcbn28hpcplusbwp40p140mbssg0p81v125c_ccs.lib success.
I0212 13:22:43.100507 962319 LibParserRustC.cc:1299] link liberty file /data/project_share/process_node/dataset_baseline/lib/tcbn28hpcplusbwp40p140oppuhvtssg0p81v125c_ccs.lib success.
I0212 13:22:43.293794 962311 LibParserRustC.cc:1299] link liberty file /data/project_share/process_node/dataset_baseline/lib/tcbn28hpcplusbwp35p140mbssg0p81v125c_ccs.lib success.
I0212 13:22:43.344380 962303 LibParserRustC.cc:1299] link liberty file /data/project_share/process_node/dataset_baseline/lib/tcbn28hpcplusbwp30p140mbssg0p81v125c_ccs.lib success.
I0212 13:22:43.482350 962305 LibParserRustC.cc:1299] link liberty file /data/project_share/process_node/dataset_baseline/lib/tcbn28hpcplusbwp35p140mbhvtssg0p81v125c_ccs.lib success.
I0212 13:22:43.878496 962297 LibParserRustC.cc:1299] link liberty file /data/project_share/process_node/dataset_baseline/lib/tcbn28hpcplusbwp40p140oppssg0p81v125c_ccs.lib success.
I0212 13:22:45.005906 962314 LibParserRustC.cc:1299] link liberty file /data/project_share/process_node/dataset_baseline/lib/tcbn28hpcplusbwp30p140hvtssg0p81v125c_ccs.lib success.
I0212 13:22:45.279578 962315 LibParserRustC.cc:1299] link liberty file /data/project_share/process_node/dataset_baseline/lib/tcbn28hpcplusbwp35p140hvtssg0p81v125c_ccs.lib success.
I0212 13:22:45.877300 962327 LibParserRustC.cc:1299] link liberty file /data/project_share/process_node/dataset_baseline/lib/tcbn28hpcplusbwp30p140lvtssg0p81v125c_ccs.lib success.
I0212 13:22:46.292161 962309 LibParserRustC.cc:1299] link liberty file /data/project_share/process_node/dataset_baseline/lib/tcbn28hpcplusbwp30p140ulvtssg0p81v125c_ccs.lib success.
I0212 13:22:46.720520 962300 LibParserRustC.cc:1299] link liberty file /data/project_share/process_node/dataset_baseline/lib/tcbn28hpcplusbwp40p140hvtssg0p81v125c_ccs.lib success.
I0212 13:22:47.307102 962320 LibParserRustC.cc:1299] link liberty file /data/project_share/process_node/dataset_baseline/lib/tcbn28hpcplusbwp30p140ssg0p81v125c_ccs.lib success.
I0212 13:22:47.328604 962321 LibParserRustC.cc:1299] link liberty file /data/project_share/process_node/dataset_baseline/lib/tcbn28hpcplusbwp30p140uhvtssg0p81v125c_ccs.lib success.
I0212 13:22:47.396348 962318 LibParserRustC.cc:1299] link liberty file /data/project_share/process_node/dataset_baseline/lib/tcbn28hpcplusbwp35p140uhvtssg0p81v125c_ccs.lib success.
I0212 13:22:47.540992 962307 LibParserRustC.cc:1299] link liberty file /data/project_share/process_node/dataset_baseline/lib/tcbn28hpcplusbwp40p140lvtssg0p81v125c_ccs.lib success.
I0212 13:22:49.114746 962308 LibParserRustC.cc:1299] link liberty file /data/project_share/process_node/dataset_baseline/lib/tcbn28hpcplusbwp35p140lvtssg0p81v125c_ccs.lib success.
I0212 13:22:49.354476 962316 LibParserRustC.cc:1299] link liberty file /data/project_share/process_node/dataset_baseline/lib/tcbn28hpcplusbwp40p140ssg0p81v125c_ccs.lib success.
I0212 13:22:49.878636 962301 LibParserRustC.cc:1299] link liberty file /data/project_share/process_node/dataset_baseline/lib/tcbn28hpcplusbwp35p140ulvtssg0p81v125c_ccs.lib success.
I0212 13:22:50.865914 962299 LibParserRustC.cc:1299] link liberty file /data/project_share/process_node/dataset_baseline/lib/tcbn28hpcplusbwp40p140uhvtssg0p81v125c_ccs.lib success.
I0212 13:22:50.929131 962313 LibParserRustC.cc:1299] link liberty file /data/project_share/process_node/dataset_baseline/lib/tcbn28hpcplusbwp35p140ssg0p81v125c_ccs.lib success.
I0212 13:22:50.929509 833806 TimingIDBAdapter.cc:738] core area width 21um height 21um
I0212 13:22:50.930008 833806 TimingIDBAdapter.cc:821] build inst num: 1
I0212 13:22:50.990054 833806 TimingIDBAdapter.cc:896] build net num: 1
I0212 13:22:51.001603 833806 TimingIDBAdapter.cc:904] build instance num: 297
I0212 13:22:51.001621 833806 TimingIDBAdapter.cc:905] build port num: 56
I0212 13:22:51.001628 833806 TimingIDBAdapter.cc:906] build net num: 270
I0212 13:22:51.001647 833806 Sta.cc:172] read sdc /data2/project_share/dataset_baseline/gcd/syn_netlist/gcd.sdc start 
I0212 13:22:51.020720 833806 CmdCreateClock.cc:119] create clock core_clock for pin/port: clk
I0212 13:22:51.020757 833806 Sta.cc:189] read sdc /data2/project_share/dataset_baseline/gcd/syn_netlist/gcd.sdc end 
I0212 13:22:51.020797 833806 StaBuildGraph.cc:310] build graph start
I0212 13:22:51.064872 833806 StaBuildGraph.cc:327] build graph end
I0212 13:22:51.067149 833806 init_sta.cc:576] Net clk has 3 pins
I0212 13:22:51.067515 833806 init_sta.cc:576] Net req_msg[31] has 2 pins
I0212 13:22:51.067831 833806 init_sta.cc:576] Net req_msg[30] has 2 pins
I0212 13:22:51.068120 833806 init_sta.cc:576] Net req_msg[29] has 2 pins
I0212 13:22:51.068405 833806 init_sta.cc:576] Net req_msg[28] has 2 pins
I0212 13:22:51.068743 833806 init_sta.cc:576] Net req_msg[27] has 2 pins
I0212 13:22:51.069043 833806 init_sta.cc:576] Net req_msg[26] has 2 pins
I0212 13:22:51.069286 833806 init_sta.cc:576] Net req_msg[25] has 2 pins
I0212 13:22:51.069620 833806 init_sta.cc:576] Net req_msg[24] has 2 pins
I0212 13:22:51.070015 833806 init_sta.cc:576] Net req_msg[23] has 2 pins
I0212 13:22:51.070371 833806 init_sta.cc:576] Net req_msg[22] has 2 pins
I0212 13:22:51.070631 833806 init_sta.cc:576] Net req_msg[21] has 2 pins
I0212 13:22:51.070863 833806 init_sta.cc:576] Net req_msg[20] has 2 pins
I0212 13:22:51.071090 833806 init_sta.cc:576] Net req_msg[19] has 2 pins
I0212 13:22:51.071360 833806 init_sta.cc:576] Net req_msg[18] has 2 pins
I0212 13:22:51.071590 833806 init_sta.cc:576] Net req_msg[17] has 2 pins
I0212 13:22:51.071789 833806 init_sta.cc:576] Net req_msg[16] has 2 pins
I0212 13:22:51.072067 833806 init_sta.cc:576] Net req_msg[15] has 2 pins
I0212 13:22:51.072386 833806 init_sta.cc:576] Net req_msg[14] has 2 pins
I0212 13:22:51.072691 833806 init_sta.cc:576] Net req_msg[13] has 2 pins
I0212 13:22:51.072995 833806 init_sta.cc:576] Net req_msg[12] has 2 pins
I0212 13:22:51.073271 833806 init_sta.cc:576] Net req_msg[11] has 2 pins
I0212 13:22:51.073576 833806 init_sta.cc:576] Net req_msg[10] has 2 pins
I0212 13:22:51.073928 833806 init_sta.cc:576] Net req_msg[9] has 2 pins
I0212 13:22:51.074312 833806 init_sta.cc:576] Net req_msg[8] has 2 pins
I0212 13:22:51.074599 833806 init_sta.cc:576] Net req_msg[7] has 2 pins
I0212 13:22:51.074911 833806 init_sta.cc:576] Net req_msg[6] has 2 pins
I0212 13:22:51.075222 833806 init_sta.cc:576] Net req_msg[5] has 2 pins
I0212 13:22:51.075570 833806 init_sta.cc:576] Net req_msg[4] has 2 pins
I0212 13:22:51.075846 833806 init_sta.cc:576] Net req_msg[3] has 2 pins
I0212 13:22:51.076119 833806 init_sta.cc:576] Net req_msg[2] has 2 pins
I0212 13:22:51.076445 833806 init_sta.cc:576] Net req_msg[1] has 2 pins
I0212 13:22:51.076768 833806 init_sta.cc:576] Net req_msg[0] has 2 pins
I0212 13:22:51.077006 833806 init_sta.cc:576] Net req_rdy has 2 pins
I0212 13:22:51.077324 833806 init_sta.cc:576] Net req_val has 2 pins
I0212 13:22:51.077553 833806 init_sta.cc:576] Net reset has 2 pins
I0212 13:22:51.077811 833806 init_sta.cc:576] Net resp_msg[15] has 3 pins
I0212 13:22:51.078105 833806 init_sta.cc:576] Net resp_msg[14] has 3 pins
I0212 13:22:51.078537 833806 init_sta.cc:576] Net resp_msg[13] has 3 pins
I0212 13:22:51.078949 833806 init_sta.cc:576] Net resp_msg[12] has 3 pins
I0212 13:22:51.079409 833806 init_sta.cc:576] Net resp_msg[11] has 3 pins
I0212 13:22:51.079850 833806 init_sta.cc:576] Net resp_msg[10] has 3 pins
I0212 13:22:51.080300 833806 init_sta.cc:576] Net resp_msg[9] has 3 pins
I0212 13:22:51.080700 833806 init_sta.cc:576] Net resp_msg[8] has 3 pins
I0212 13:22:51.081184 833806 init_sta.cc:576] Net resp_msg[7] has 3 pins
I0212 13:22:51.081574 833806 init_sta.cc:576] Net resp_msg[6] has 3 pins
I0212 13:22:51.081920 833806 init_sta.cc:576] Net resp_msg[5] has 3 pins
I0212 13:22:51.082309 833806 init_sta.cc:576] Net resp_msg[4] has 3 pins
I0212 13:22:51.082682 833806 init_sta.cc:576] Net resp_msg[3] has 3 pins
I0212 13:22:51.083063 833806 init_sta.cc:576] Net resp_msg[2] has 3 pins
I0212 13:22:51.083475 833806 init_sta.cc:576] Net resp_msg[1] has 3 pins
I0212 13:22:51.083842 833806 init_sta.cc:576] Net resp_msg[0] has 6 pins
I0212 13:22:51.084147 833806 init_sta.cc:576] Net resp_rdy has 2 pins
I0212 13:22:51.084372 833806 init_sta.cc:576] Net resp_val has 2 pins
I0212 13:22:51.085920 833806 init_sta.cc:576] Net CTS_1 has 17 pins
I0212 13:22:51.087481 833806 init_sta.cc:576] Net ctrl_b_mux_sel_0_ has 22 pins
I0212 13:22:51.087922 833806 init_sta.cc:576] Net ctrl_b_reg_en_0_ has 2 pins
I0212 13:22:51.089655 833806 init_sta.cc:576] Net ctrl_a_reg_en_0_ has 24 pins
I0212 13:22:51.090366 833806 init_sta.cc:576] Net dpath_is_b_zero_0_ has 3 pins
I0212 13:22:51.090685 833806 init_sta.cc:576] Net dpath_is_a_lt_b_0_ has 3 pins
I0212 13:22:51.090857 833806 init_sta.cc:576] Net ctrl_a_mux_sel[1] has 2 pins
I0212 13:22:51.091291 833806 init_sta.cc:576] Net ctrl_a_mux_sel[0] has 5 pins
I0212 13:22:51.091526 833806 init_sta.cc:576] Net ctrl/FE_OFN1_ctrl_b_mux_sel_0 has 2 pins
I0212 13:22:51.091720 833806 init_sta.cc:576] Net ctrl/n1 has 2 pins
I0212 13:22:51.091902 833806 init_sta.cc:576] Net ctrl/n2 has 3 pins
I0212 13:22:51.092059 833806 init_sta.cc:576] Net ctrl/n3 has 3 pins
I0212 13:22:51.092255 833806 init_sta.cc:576] Net ctrl/n4 has 2 pins
I0212 13:22:51.092425 833806 init_sta.cc:576] Net ctrl/n5 has 2 pins
I0212 13:22:51.092660 833806 init_sta.cc:576] Net ctrl/state_out[1] has 4 pins
I0212 13:22:51.093026 833806 init_sta.cc:576] Net ctrl/state_out[0] has 12 pins
I0212 13:22:51.093233 833806 init_sta.cc:576] Net ctrl/next_state__0[1] has 2 pins
I0212 13:22:51.093396 833806 init_sta.cc:576] Net ctrl/next_state__0[0] has 2 pins
I0212 13:22:51.093560 833806 init_sta.cc:576] Net ctrl/state/n1 has 3 pins
I0212 13:22:51.094552 833806 init_sta.cc:576] Net dpath/CTS_1 has 19 pins
I0212 13:22:51.095001 833806 init_sta.cc:576] Net dpath/a_reg_out[15] has 5 pins
I0212 13:22:51.095372 833806 init_sta.cc:576] Net dpath/a_reg_out[14] has 12 pins
I0212 13:22:51.095674 833806 init_sta.cc:576] Net dpath/a_reg_out[13] has 5 pins
I0212 13:22:51.096030 833806 init_sta.cc:576] Net dpath/a_reg_out[12] has 6 pins
I0212 13:22:51.096359 833806 init_sta.cc:576] Net dpath/a_reg_out[11] has 8 pins
I0212 13:22:51.096657 833806 init_sta.cc:576] Net dpath/a_reg_out[10] has 5 pins
I0212 13:22:51.097029 833806 init_sta.cc:576] Net dpath/a_reg_out[9] has 9 pins
I0212 13:22:51.097517 833806 init_sta.cc:576] Net dpath/a_reg_out[8] has 9 pins
I0212 13:22:51.097903 833806 init_sta.cc:576] Net dpath/a_reg_out[7] has 11 pins
I0212 13:22:51.098327 833806 init_sta.cc:576] Net dpath/a_reg_out[6] has 8 pins
I0212 13:22:51.098678 833806 init_sta.cc:576] Net dpath/a_reg_out[5] has 8 pins
I0212 13:22:51.099105 833806 init_sta.cc:576] Net dpath/a_reg_out[4] has 6 pins
I0212 13:22:51.099490 833806 init_sta.cc:576] Net dpath/a_reg_out[3] has 6 pins
I0212 13:22:51.100018 833806 init_sta.cc:576] Net dpath/a_reg_out[2] has 9 pins
I0212 13:22:51.100423 833806 init_sta.cc:576] Net dpath/a_reg_out[1] has 6 pins
I0212 13:22:51.100852 833806 init_sta.cc:576] Net dpath/a_reg_out[0] has 6 pins
I0212 13:22:51.101080 833806 init_sta.cc:576] Net dpath/a_mux_out[15] has 2 pins
I0212 13:22:51.101266 833806 init_sta.cc:576] Net dpath/a_mux_out[14] has 2 pins
I0212 13:22:51.101451 833806 init_sta.cc:576] Net dpath/a_mux_out[13] has 2 pins
I0212 13:22:51.101662 833806 init_sta.cc:576] Net dpath/a_mux_out[12] has 2 pins
I0212 13:22:51.101852 833806 init_sta.cc:576] Net dpath/a_mux_out[11] has 2 pins
I0212 13:22:51.102097 833806 init_sta.cc:576] Net dpath/a_mux_out[10] has 2 pins
I0212 13:22:51.102388 833806 init_sta.cc:576] Net dpath/a_mux_out[9] has 2 pins
I0212 13:22:51.102672 833806 init_sta.cc:576] Net dpath/a_mux_out[8] has 2 pins
I0212 13:22:51.102921 833806 init_sta.cc:576] Net dpath/a_mux_out[7] has 2 pins
I0212 13:22:51.103178 833806 init_sta.cc:576] Net dpath/a_mux_out[6] has 2 pins
I0212 13:22:51.103417 833806 init_sta.cc:576] Net dpath/a_mux_out[5] has 2 pins
I0212 13:22:51.103650 833806 init_sta.cc:576] Net dpath/a_mux_out[4] has 2 pins
I0212 13:22:51.103799 833806 init_sta.cc:576] Net dpath/a_mux_out[3] has 2 pins
I0212 13:22:51.103961 833806 init_sta.cc:576] Net dpath/a_mux_out[2] has 2 pins
I0212 13:22:51.104128 833806 init_sta.cc:576] Net dpath/a_mux_out[1] has 2 pins
I0212 13:22:51.104331 833806 init_sta.cc:576] Net dpath/a_mux_out[0] has 2 pins
I0212 13:22:51.104477 833806 init_sta.cc:576] Net dpath/b_mux_out[15] has 2 pins
I0212 13:22:51.104682 833806 init_sta.cc:576] Net dpath/b_mux_out[14] has 2 pins
I0212 13:22:51.104875 833806 init_sta.cc:576] Net dpath/b_mux_out[13] has 2 pins
I0212 13:22:51.105051 833806 init_sta.cc:576] Net dpath/b_mux_out[12] has 2 pins
I0212 13:22:51.105187 833806 init_sta.cc:576] Net dpath/b_mux_out[11] has 2 pins
I0212 13:22:51.105316 833806 init_sta.cc:576] Net dpath/b_mux_out[10] has 2 pins
I0212 13:22:51.105479 833806 init_sta.cc:576] Net dpath/b_mux_out[9] has 2 pins
I0212 13:22:51.105665 833806 init_sta.cc:576] Net dpath/b_mux_out[8] has 2 pins
I0212 13:22:51.105801 833806 init_sta.cc:576] Net dpath/b_mux_out[7] has 2 pins
I0212 13:22:51.105963 833806 init_sta.cc:576] Net dpath/b_mux_out[6] has 2 pins
I0212 13:22:51.106145 833806 init_sta.cc:576] Net dpath/b_mux_out[5] has 2 pins
I0212 13:22:51.106320 833806 init_sta.cc:576] Net dpath/b_mux_out[4] has 2 pins
I0212 13:22:51.106498 833806 init_sta.cc:576] Net dpath/b_mux_out[3] has 2 pins
I0212 13:22:51.106703 833806 init_sta.cc:576] Net dpath/b_mux_out[2] has 2 pins
I0212 13:22:51.106886 833806 init_sta.cc:576] Net dpath/b_mux_out[1] has 2 pins
I0212 13:22:51.107074 833806 init_sta.cc:576] Net dpath/b_mux_out[0] has 2 pins
I0212 13:22:51.107647 833806 init_sta.cc:576] Net dpath/b_reg_out[15] has 7 pins
I0212 13:22:51.108156 833806 init_sta.cc:576] Net dpath/b_reg_out[14] has 6 pins
I0212 13:22:51.108793 833806 init_sta.cc:576] Net dpath/b_reg_out[13] has 7 pins
I0212 13:22:51.109233 833806 init_sta.cc:576] Net dpath/b_reg_out[12] has 6 pins
I0212 13:22:51.109723 833806 init_sta.cc:576] Net dpath/b_reg_out[11] has 7 pins
I0212 13:22:51.110195 833806 init_sta.cc:576] Net dpath/b_reg_out[10] has 7 pins
I0212 13:22:51.110734 833806 init_sta.cc:576] Net dpath/b_reg_out[9] has 6 pins
I0212 13:22:51.111258 833806 init_sta.cc:576] Net dpath/b_reg_out[8] has 6 pins
I0212 13:22:51.111706 833806 init_sta.cc:576] Net dpath/b_reg_out[7] has 12 pins
I0212 13:22:51.112089 833806 init_sta.cc:576] Net dpath/b_reg_out[6] has 6 pins
I0212 13:22:51.112550 833806 init_sta.cc:576] Net dpath/b_reg_out[5] has 10 pins
I0212 13:22:51.112941 833806 init_sta.cc:576] Net dpath/b_reg_out[4] has 6 pins
I0212 13:22:51.113377 833806 init_sta.cc:576] Net dpath/b_reg_out[3] has 6 pins
I0212 13:22:51.113780 833806 init_sta.cc:576] Net dpath/b_reg_out[2] has 9 pins
I0212 13:22:51.114164 833806 init_sta.cc:576] Net dpath/b_reg_out[1] has 6 pins
I0212 13:22:51.114611 833806 init_sta.cc:576] Net dpath/b_reg_out[0] has 6 pins
I0212 13:22:51.114804 833806 init_sta.cc:576] Net dpath/a_reg/n2 has 2 pins
I0212 13:22:51.114930 833806 init_sta.cc:576] Net dpath/a_reg/n3 has 2 pins
I0212 13:22:51.115062 833806 init_sta.cc:576] Net dpath/a_reg/n4 has 2 pins
I0212 13:22:51.115259 833806 init_sta.cc:576] Net dpath/a_reg/n5 has 2 pins
I0212 13:22:51.115374 833806 init_sta.cc:576] Net dpath/a_reg/n6 has 2 pins
I0212 13:22:51.115468 833806 init_sta.cc:576] Net dpath/a_reg/n7 has 2 pins
I0212 13:22:51.115588 833806 init_sta.cc:576] Net dpath/a_reg/n8 has 2 pins
I0212 13:22:51.115680 833806 init_sta.cc:576] Net dpath/a_reg/n9 has 2 pins
I0212 13:22:51.115767 833806 init_sta.cc:576] Net dpath/a_reg/n10 has 2 pins
I0212 13:22:51.115886 833806 init_sta.cc:576] Net dpath/a_reg/n11 has 2 pins
I0212 13:22:51.116053 833806 init_sta.cc:576] Net dpath/a_reg/n12 has 2 pins
I0212 13:22:51.116218 833806 init_sta.cc:576] Net dpath/a_reg/n13 has 2 pins
I0212 13:22:51.116343 833806 init_sta.cc:576] Net dpath/a_reg/n14 has 2 pins
I0212 13:22:51.116516 833806 init_sta.cc:576] Net dpath/a_reg/n15 has 2 pins
I0212 13:22:51.116665 833806 init_sta.cc:576] Net dpath/a_reg/n16 has 2 pins
I0212 13:22:51.116796 833806 init_sta.cc:576] Net dpath/a_reg/n17 has 2 pins
I0212 13:22:51.116925 833806 init_sta.cc:576] Net dpath/a_reg/n1 has 2 pins
I0212 13:22:51.117750 833806 init_sta.cc:576] Net dpath/a_reg/n18 has 18 pins
I0212 13:22:51.118052 833806 init_sta.cc:576] Net dpath/a_reg/n19 has 2 pins
I0212 13:22:51.118206 833806 init_sta.cc:576] Net dpath/a_lt_b/n1 has 2 pins
I0212 13:22:51.118325 833806 init_sta.cc:576] Net dpath/a_lt_b/n2 has 2 pins
I0212 13:22:51.118474 833806 init_sta.cc:576] Net dpath/a_lt_b/n3 has 3 pins
I0212 13:22:51.118662 833806 init_sta.cc:576] Net dpath/a_lt_b/n4 has 3 pins
I0212 13:22:51.118784 833806 init_sta.cc:576] Net dpath/a_lt_b/n5 has 2 pins
I0212 13:22:51.118909 833806 init_sta.cc:576] Net dpath/a_lt_b/n6 has 2 pins
I0212 13:22:51.122305 833806 init_sta.cc:576] Net dpath/a_lt_b/n7 has 3 pins
I0212 13:22:51.122509 833806 init_sta.cc:576] Net dpath/a_lt_b/n8 has 2 pins
I0212 13:22:51.122668 833806 init_sta.cc:576] Net dpath/a_lt_b/n9 has 2 pins
I0212 13:22:51.122867 833806 init_sta.cc:576] Net dpath/a_lt_b/n10 has 3 pins
I0212 13:22:51.123041 833806 init_sta.cc:576] Net dpath/a_lt_b/n11 has 3 pins
I0212 13:22:51.123201 833806 init_sta.cc:576] Net dpath/a_lt_b/n12 has 3 pins
I0212 13:22:51.123339 833806 init_sta.cc:576] Net dpath/a_lt_b/n13 has 2 pins
I0212 13:22:51.123502 833806 init_sta.cc:576] Net dpath/a_lt_b/n14 has 3 pins
I0212 13:22:51.123708 833806 init_sta.cc:576] Net dpath/a_lt_b/n15 has 3 pins
I0212 13:22:51.123836 833806 init_sta.cc:576] Net dpath/a_lt_b/n16 has 2 pins
I0212 13:22:51.123952 833806 init_sta.cc:576] Net dpath/a_lt_b/n17 has 2 pins
I0212 13:22:51.124099 833806 init_sta.cc:576] Net dpath/a_lt_b/n18 has 3 pins
I0212 13:22:51.124246 833806 init_sta.cc:576] Net dpath/a_lt_b/n19 has 2 pins
I0212 13:22:51.124373 833806 init_sta.cc:576] Net dpath/a_lt_b/n20 has 2 pins
I0212 13:22:51.124521 833806 init_sta.cc:576] Net dpath/a_lt_b/n21 has 3 pins
I0212 13:22:51.124680 833806 init_sta.cc:576] Net dpath/a_lt_b/n22 has 2 pins
I0212 13:22:51.124799 833806 init_sta.cc:576] Net dpath/a_lt_b/n23 has 2 pins
I0212 13:22:51.124951 833806 init_sta.cc:576] Net dpath/a_lt_b/n24 has 3 pins
I0212 13:22:51.125046 833806 init_sta.cc:576] Net dpath/a_lt_b/n25 has 2 pins
I0212 13:22:51.125135 833806 init_sta.cc:576] Net dpath/a_lt_b/n26 has 2 pins
I0212 13:22:51.125243 833806 init_sta.cc:576] Net dpath/a_lt_b/n27 has 3 pins
I0212 13:22:51.125337 833806 init_sta.cc:576] Net dpath/a_lt_b/n28 has 2 pins
I0212 13:22:51.125443 833806 init_sta.cc:576] Net dpath/a_lt_b/n29 has 2 pins
I0212 13:22:51.125609 833806 init_sta.cc:576] Net dpath/a_lt_b/n30 has 3 pins
I0212 13:22:51.125734 833806 init_sta.cc:576] Net dpath/a_lt_b/n31 has 2 pins
I0212 13:22:51.125896 833806 init_sta.cc:576] Net dpath/a_lt_b/n32 has 3 pins
I0212 13:22:51.126013 833806 init_sta.cc:576] Net dpath/a_lt_b/n33 has 2 pins
I0212 13:22:51.126118 833806 init_sta.cc:576] Net dpath/a_lt_b/n34 has 2 pins
I0212 13:22:51.126304 833806 init_sta.cc:576] Net dpath/a_lt_b/n35 has 3 pins
I0212 13:22:51.126433 833806 init_sta.cc:576] Net dpath/a_lt_b/n36 has 2 pins
I0212 13:22:51.126571 833806 init_sta.cc:576] Net dpath/a_lt_b/n37 has 3 pins
I0212 13:22:51.126690 833806 init_sta.cc:576] Net dpath/b_zero/n1 has 2 pins
I0212 13:22:51.126827 833806 init_sta.cc:576] Net dpath/b_zero/n2 has 2 pins
I0212 13:22:51.126988 833806 init_sta.cc:576] Net dpath/b_zero/n3 has 2 pins
I0212 13:22:51.127154 833806 init_sta.cc:576] Net dpath/b_zero/n4 has 2 pins
I0212 13:22:51.128083 833806 init_sta.cc:576] Net dpath/a_mux/FE_OFN5_n18 has 17 pins
I0212 13:22:51.128980 833806 init_sta.cc:576] Net dpath/a_mux/FE_OFN4_n16 has 35 pins
I0212 13:22:51.129873 833806 init_sta.cc:576] Net dpath/a_mux/FE_OFN3_ctrl_a_mux_sel_1 has 49 pins
I0212 13:22:51.130175 833806 init_sta.cc:576] Net dpath/a_mux/n1 has 2 pins
I0212 13:22:51.130299 833806 init_sta.cc:576] Net dpath/a_mux/n2 has 2 pins
I0212 13:22:51.130398 833806 init_sta.cc:576] Net dpath/a_mux/n3 has 2 pins
I0212 13:22:51.130537 833806 init_sta.cc:576] Net dpath/a_mux/n4 has 2 pins
I0212 13:22:51.130669 833806 init_sta.cc:576] Net dpath/a_mux/n5 has 2 pins
I0212 13:22:51.130759 833806 init_sta.cc:576] Net dpath/a_mux/n6 has 2 pins
I0212 13:22:51.130861 833806 init_sta.cc:576] Net dpath/a_mux/n7 has 2 pins
I0212 13:22:51.130946 833806 init_sta.cc:576] Net dpath/a_mux/n8 has 2 pins
I0212 13:22:51.131074 833806 init_sta.cc:576] Net dpath/a_mux/n9 has 2 pins
I0212 13:22:51.131206 833806 init_sta.cc:576] Net dpath/a_mux/n10 has 2 pins
I0212 13:22:51.131307 833806 init_sta.cc:576] Net dpath/a_mux/n11 has 2 pins
I0212 13:22:51.131410 833806 init_sta.cc:576] Net dpath/a_mux/n12 has 2 pins
I0212 13:22:51.131516 833806 init_sta.cc:576] Net dpath/a_mux/n13 has 2 pins
I0212 13:22:51.131647 833806 init_sta.cc:576] Net dpath/a_mux/n14 has 2 pins
I0212 13:22:51.131795 833806 init_sta.cc:576] Net dpath/a_mux/n15 has 2 pins
I0212 13:22:51.131927 833806 init_sta.cc:576] Net dpath/a_mux/n16 has 2 pins
I0212 13:22:51.132038 833806 init_sta.cc:576] Net dpath/a_mux/n17 has 2 pins
I0212 13:22:51.132131 833806 init_sta.cc:576] Net dpath/a_mux/n18 has 2 pins
I0212 13:22:51.132966 833806 init_sta.cc:576] Net dpath/b_mux/n1 has 22 pins
I0212 13:22:51.133253 833806 init_sta.cc:576] Net dpath/sub/n13 has 2 pins
I0212 13:22:51.133383 833806 init_sta.cc:576] Net dpath/sub/n14 has 2 pins
I0212 13:22:51.133527 833806 init_sta.cc:576] Net dpath/sub/n15 has 2 pins
I0212 13:22:51.133680 833806 init_sta.cc:576] Net dpath/sub/n16 has 2 pins
I0212 13:22:51.133827 833806 init_sta.cc:576] Net dpath/sub/n17 has 4 pins
I0212 13:22:51.133941 833806 init_sta.cc:576] Net dpath/sub/n18 has 2 pins
I0212 13:22:51.134057 833806 init_sta.cc:576] Net dpath/sub/n19 has 2 pins
I0212 13:22:51.134166 833806 init_sta.cc:576] Net dpath/sub/n20 has 2 pins
I0212 13:22:51.134260 833806 init_sta.cc:576] Net dpath/sub/n21 has 2 pins
I0212 13:22:51.134390 833806 init_sta.cc:576] Net dpath/sub/n22 has 2 pins
I0212 13:22:51.134511 833806 init_sta.cc:576] Net dpath/sub/n23 has 2 pins
I0212 13:22:51.134624 833806 init_sta.cc:576] Net dpath/sub/n24 has 2 pins
I0212 13:22:51.134743 833806 init_sta.cc:576] Net dpath/sub/n25 has 2 pins
I0212 13:22:51.134856 833806 init_sta.cc:576] Net dpath/sub/n26 has 2 pins
I0212 13:22:51.134982 833806 init_sta.cc:576] Net dpath/sub/n27 has 4 pins
I0212 13:22:51.135115 833806 init_sta.cc:576] Net dpath/sub/n28 has 2 pins
I0212 13:22:51.135234 833806 init_sta.cc:576] Net dpath/sub/n29 has 2 pins
I0212 13:22:51.135352 833806 init_sta.cc:576] Net dpath/sub/n30 has 2 pins
I0212 13:22:51.135450 833806 init_sta.cc:576] Net dpath/sub/n31 has 2 pins
I0212 13:22:51.135557 833806 init_sta.cc:576] Net dpath/sub/n32 has 2 pins
I0212 13:22:51.135649 833806 init_sta.cc:576] Net dpath/sub/n33 has 2 pins
I0212 13:22:51.135742 833806 init_sta.cc:576] Net dpath/sub/n34 has 2 pins
I0212 13:22:51.135866 833806 init_sta.cc:576] Net dpath/sub/n35 has 2 pins
I0212 13:22:51.135984 833806 init_sta.cc:576] Net dpath/sub/n36 has 2 pins
I0212 13:22:51.136117 833806 init_sta.cc:576] Net dpath/sub/n37 has 2 pins
I0212 13:22:51.136231 833806 init_sta.cc:576] Net dpath/sub/n38 has 2 pins
I0212 13:22:51.136322 833806 init_sta.cc:576] Net dpath/sub/n39 has 2 pins
I0212 13:22:51.136443 833806 init_sta.cc:576] Net dpath/sub/n40 has 2 pins
I0212 13:22:51.136556 833806 init_sta.cc:576] Net dpath/sub/n41 has 2 pins
I0212 13:22:51.136658 833806 init_sta.cc:576] Net dpath/sub/n42 has 2 pins
I0212 13:22:51.136776 833806 init_sta.cc:576] Net dpath/sub/n43 has 2 pins
I0212 13:22:51.136958 833806 init_sta.cc:576] Net dpath/sub/n44 has 3 pins
I0212 13:22:51.137847 833806 init_sta.cc:576] Net dpath/b_reg/FE_OFN2_ctrl_b_reg_en_0 has 18 pins
I0212 13:22:51.138134 833806 init_sta.cc:576] Net dpath/b_reg/n2 has 2 pins
I0212 13:22:51.138252 833806 init_sta.cc:576] Net dpath/b_reg/n3 has 2 pins
I0212 13:22:51.138365 833806 init_sta.cc:576] Net dpath/b_reg/n4 has 2 pins
I0212 13:22:51.138473 833806 init_sta.cc:576] Net dpath/b_reg/n5 has 2 pins
I0212 13:22:51.138593 833806 init_sta.cc:576] Net dpath/b_reg/n6 has 2 pins
I0212 13:22:51.138721 833806 init_sta.cc:576] Net dpath/b_reg/n7 has 2 pins
I0212 13:22:51.138864 833806 init_sta.cc:576] Net dpath/b_reg/n8 has 2 pins
I0212 13:22:51.139016 833806 init_sta.cc:576] Net dpath/b_reg/n9 has 2 pins
I0212 13:22:51.139133 833806 init_sta.cc:576] Net dpath/b_reg/n10 has 2 pins
I0212 13:22:51.139266 833806 init_sta.cc:576] Net dpath/b_reg/n11 has 2 pins
I0212 13:22:51.139407 833806 init_sta.cc:576] Net dpath/b_reg/n12 has 2 pins
I0212 13:22:51.139526 833806 init_sta.cc:576] Net dpath/b_reg/n13 has 2 pins
I0212 13:22:51.139642 833806 init_sta.cc:576] Net dpath/b_reg/n14 has 2 pins
I0212 13:22:51.139755 833806 init_sta.cc:576] Net dpath/b_reg/n15 has 2 pins
I0212 13:22:51.139876 833806 init_sta.cc:576] Net dpath/b_reg/n16 has 2 pins
I0212 13:22:51.139988 833806 init_sta.cc:576] Net dpath/b_reg/n17 has 2 pins
I0212 13:22:51.140717 833806 init_sta.cc:576] Net dpath/b_reg/n1 has 20 pins
I0212 13:22:51.140885 833806 Sta.cc:2321] update timing start
I0212 13:22:51.141381 833806 StaApplySdc.cc:694] apply sdc start
I0212 13:22:51.141489 833806 StaApplySdc.cc:725] apply sdc end
I0212 13:22:51.141517 833806 StaClockPropagation.cc:320] ideal clock propagation start
I0212 13:22:51.141628 833806 StaClockPropagation.cc:203] clock propagate end to vertex dpath/b_reg/out_reg_5_:CP
I0212 13:22:51.142176 833806 StaClockPropagation.cc:416] ideal clock propagation end
I0212 13:22:51.142186 833806 StaCheck.cc:129] found loop fwd start
I0212 13:22:51.142560 833806 StaCheck.cc:148] found loop fwd end
I0212 13:22:51.142565 833806 StaCheck.cc:150] found loop bwd start
I0212 13:22:51.142855 833806 StaCheck.cc:172] found loop bwd end
I0212 13:22:51.142863 833806 StaSlewPropagation.cc:267] slew propagation start
E0212 13:22:51.143726 968548 Lib.cc:174] Warning: val outside table ranges:  val = 0; min_val = 0.0025; max_val = 0.671
E0212 13:22:51.143859 968560 Lib.cc:174] Warning: val outside table ranges:  val = 0; min_val = 0.0025; max_val = 0.671
E0212 13:22:51.143874 968562 Lib.cc:174] Warning: val outside table ranges:  val = 0; min_val = 0.0025; max_val = 0.671
E0212 13:22:51.143878 968563 Lib.cc:174] Warning: val outside table ranges:  val = 0; min_val = 0.0025; max_val = 0.671
E0212 13:22:51.143895 968555 Lib.cc:174] Warning: val outside table ranges:  val = 0; min_val = 0.0025; max_val = 0.671
E0212 13:22:51.144168 968562 Lib.cc:174] Warning: val outside table ranges:  val = 0; min_val = 0.0025; max_val = 0.671
E0212 13:22:51.144166 968548 Lib.cc:174] Warning: val outside table ranges:  val = 0; min_val = 0.0025; max_val = 0.671
E0212 13:22:51.144207 968560 Lib.cc:174] Warning: val outside table ranges:  val = 0; min_val = 0.0025; max_val = 0.671
E0212 13:22:51.144260 968565 Lib.cc:174] Warning: val outside table ranges:  val = 0; min_val = 0.0025; max_val = 0.671
E0212 13:22:51.144260 968568 Lib.cc:174] Warning: val outside table ranges:  val = 0; min_val = 0.0025; max_val = 0.671
I0212 13:22:51.216621 833806 StaSlewPropagation.cc:306] slew propagation end
I0212 13:22:51.216678 833806 StaDelayPropagation.cc:268] delay propagation start
I0212 13:22:51.224113 833806 StaDelayPropagation.cc:309] delay propagation end
I0212 13:22:51.224149 833806 StaClockPropagation.cc:322] propagated(kNormal) clock propagation start
I0212 13:22:51.224179 833806 StaClockPropagation.cc:418] propagated(kNormal) clock propagation end
I0212 13:22:51.224192 833806 StaApplySdc.cc:694] apply sdc start
I0212 13:22:51.224202 833806 StaApplySdc.cc:725] apply sdc end
I0212 13:22:51.224213 833806 StaClockPropagation.cc:324] propagated(kGenerated) clock propagation start
I0212 13:22:51.224221 833806 StaClockPropagation.cc:420] propagated(kGenerated) clock propagation end
I0212 13:22:51.224231 833806 StaApplySdc.cc:694] apply sdc start
I0212 13:22:51.224241 833806 StaApplySdc.cc:725] apply sdc end
I0212 13:22:51.224742 833806 StaBuildPropTag.cc:325] build propagation tag start
I0212 13:22:51.224768 833806 StaDataPropagation.cc:589] data fwd propagation start
