I0406 21:42:58.917904 2255213 lm_feature_timing.cpp:80] node dpath/b_reg_out[7]:1135787 resistance 11.556 cap 0.00374214 slew 0.0405131 delay 0.0483415 power 0.000486992
I0406 21:42:58.917933 2255213 lm_feature_timing.cpp:80] node dpath/b_zero/U3:A4 resistance 23.112 cap 0.000460965 slew 0.040513 delay 0.0385726 power 5.99887e-05
I0406 21:42:58.917984 2255213 lm_feature_timing.cpp:80] node dpath/b_reg_out[7]:423446 resistance 23.112 cap 0.000477018 slew 0.040513 delay 0.0385726 power 6.20778e-05
I0406 21:42:58.918012 2255213 lm_feature_timing.cpp:80] node dpath/b_reg_out[7]:423443 resistance 21.828 cap 0.000493071 slew 0.040513 delay 0.0379601 power 6.41669e-05
I0406 21:42:58.918040 2255213 lm_feature_timing.cpp:80] node dpath/b_reg_out[7]:423446 resistance 23.112 cap 0.000477018 slew 0.040513 delay 0.0385726 power 6.20778e-05
I0406 21:42:58.918071 2255213 lm_feature_timing.cpp:80] node dpath/b_reg_out[7]:431821 resistance 18.404 cap 0.000637593 slew 0.040513 delay 0.0363824 power 8.29746e-05
I0406 21:42:58.918098 2255213 lm_feature_timing.cpp:80] node dpath/b_reg_out[7]:783781 resistance 18.404 cap 0.00067009 slew 0.040513 delay 0.0363824 power 8.72037e-05
I0406 21:42:58.918128 2255213 lm_feature_timing.cpp:80] node dpath/b_reg_out[7]:431814 resistance 21.4 cap 0.000605095 slew 0.040513 delay 0.0381953 power 7.87454e-05
I0406 21:42:58.918155 2255213 lm_feature_timing.cpp:80] node dpath/b_reg_out[7]:431821 resistance 18.404 cap 0.000637593 slew 0.040513 delay 0.0363824 power 8.29746e-05
I0406 21:42:58.918184 2255213 lm_feature_timing.cpp:80] node dpath/b_reg_out[7]:775403 resistance 21.828 cap 0.000558457 slew 0.040513 delay 0.0379601 power 7.26761e-05
I0406 21:42:58.918213 2255213 lm_feature_timing.cpp:80] node dpath/b_reg_out[7]:781688 resistance 15.408 cap 0.00135071 slew 0.040513 delay 0.0343748 power 0.000175777
I0406 21:42:58.918251 2255213 lm_feature_timing.cpp:80] node dpath/b_reg_out[7]:783783 resistance 13.268 cap 0.00137498 slew 0.040513 delay 0.0314843 power 0.000178936
I0406 21:42:58.918279 2255213 lm_feature_timing.cpp:80] node dpath/b_reg_out[7]:1135743 resistance 13.268 cap 0.00147737 slew 0.040513 delay 0.0314843 power 0.000192261
I0406 21:42:58.918308 2255213 lm_feature_timing.cpp:80] node dpath/b_reg_out[7]:781688 resistance 15.408 cap 0.00135071 slew 0.040513 delay 0.0343748 power 0.000175777
I0406 21:42:58.918336 2255213 lm_feature_timing.cpp:80] node dpath/b_reg_out[7]:783783 resistance 13.268 cap 0.00137498 slew 0.040513 delay 0.0314843 power 0.000178936
I0406 21:42:58.918365 2255213 lm_feature_timing.cpp:80] node dpath/b_reg_out[7]:783807 resistance 2.996 cap 0.005428 slew 0.040513 delay 0.0163088 power 0.000706385
I0406 21:42:58.918392 2255213 lm_feature_timing.cpp:80] node dpath/b_reg_out[7]:1135767 resistance 2.996 cap 0.00540784 slew 0.040513 delay 0.0163088 power 0.000703761
I0406 21:42:58.918419 2255213 lm_feature_timing.cpp:80] node dpath/b_reg_out[7]:1135743 resistance 13.268 cap 0.00147737 slew 0.040513 delay 0.0314843 power 0.000192261
I0406 21:42:58.918447 2255213 lm_feature_timing.cpp:80] node dpath/b_reg_out[7]:1135767 resistance 2.996 cap 0.00540784 slew 0.040513 delay 0.0163088 power 0.000703761
I0406 21:42:58.918475 2255213 lm_feature_timing.cpp:80] node dpath/b_reg_out[7]:433523 resistance 1.284 cap 0.00546422 slew 0.040513 delay 0.00701606 power 0.000711098
I0406 21:42:58.918502 2255213 lm_feature_timing.cpp:80] node dpath/b_reg_out[7]:785483 resistance 1.284 cap 0.00544817 slew 0.040513 delay 0.00701606 power 0.000709009
I0406 21:42:58.918530 2255213 lm_feature_timing.cpp:80] node dpath/b_reg_out[7]:783807 resistance 2.996 cap 0.005428 slew 0.040513 delay 0.0163088 power 0.000706385
I0406 21:42:58.918558 2255213 lm_feature_timing.cpp:80] node dpath/b_reg_out[7]:785483 resistance 1.284 cap 0.00544817 slew 0.040513 delay 0.00701606 power 0.000709009
I0406 21:42:58.918587 2255213 lm_feature_timing.cpp:80] node dpath/b_reg/out_reg_7_:Q resistance 0 cap 0.00548027 slew 0.040513 delay 0 power 0.000713187
I0406 21:42:58.918615 2255213 lm_feature_timing.cpp:80] node dpath/b_reg_out[7]:433526 resistance 0 cap 0.00548027 slew 0.040513 delay 0 power 0.000713187
I0406 21:42:58.918642 2255213 lm_feature_timing.cpp:80] node dpath/b_reg_out[7]:433523 resistance 1.284 cap 0.00546422 slew 0.040513 delay 0.00701606 power 0.000711098
I0406 21:42:58.925537 2255213 lm_feature_timing.cpp:80] node dpath/b_reg_out[7]:433526 resistance 0 cap 0.00548027 slew 0.040513 delay 0 power 0.000713187
I0406 21:42:58.925580 2255213 lm_feature_timing.cpp:80] node dpath/b_reg_out[7]:778799 resistance 16.692 cap 0.00360315 slew 0.0405131 delay 0.0668473 power 0.000468904
I0406 21:42:58.925611 2255213 lm_feature_timing.cpp:80] node dpath/b_reg_out[7]:783827 resistance 11.556 cap 0.0036562 slew 0.0405131 delay 0.0483415 power 0.000475808
I0406 21:42:58.925640 2255213 lm_feature_timing.cpp:80] node dpath/b_reg_out[7]:426010 resistance 21.4 cap 0.00269977 slew 0.0405131 delay 0.0797734 power 0.000351341
I0406 21:42:58.925669 2255213 lm_feature_timing.cpp:80] node dpath/b_reg_out[7]:426848 resistance 20.544 cap 0.00273599 slew 0.0405131 delay 0.0774624 power 0.000356054
I0406 21:42:58.925697 2255213 lm_feature_timing.cpp:80] node dpath/b_reg_out[7]:426859 resistance 23.112 cap 0.00192027 slew 0.0405131 delay 0.0837077 power 0.000249899
I0406 21:42:58.925726 2255213 lm_feature_timing.cpp:80] node dpath/b_reg_out[7]:778819 resistance 23.112 cap 0.000956115 slew 0.0405131 delay 0.0837077 power 0.000124426
I0406 21:42:58.925757 2255213 lm_feature_timing.cpp:80] node dpath/a_lt_b/U24:B1 resistance 22.256 cap 0.00267589 slew 0.0405131 delay 0.082064 power 0.000348233
I0406 21:42:58.925786 2255213 lm_feature_timing.cpp:80] node dpath/b_reg_out[7]:426859 resistance 23.112 cap 0.00192027 slew 0.0405131 delay 0.0837077 power 0.000249899
I0406 21:42:58.925825 2255213 lm_feature_timing.cpp:80] node dpath/b_reg_out[7]:767087 resistance 35.096 cap 0.000837285 slew 0.0405131 delay 0.0937418 power 0.000108962
I0406 21:42:58.925850 2255213 lm_feature_timing.cpp:80] node dpath/b_reg_out[7]:778819 resistance 23.112 cap 0.000956115 slew 0.0405131 delay 0.0837077 power 0.000124426
I0406 21:42:58.925880 2255213 lm_feature_timing.cpp:80] node dpath/sub/U23:I resistance 41.088 cap 0.000599444 slew 0.0405131 delay 0.097654 power 7.801e-05
I0406 21:42:58.925910 2255213 lm_feature_timing.cpp:80] node dpath/b_reg_out[7]:424373 resistance 41.088 cap 0.000775829 slew 0.0405131 delay 0.097654 power 0.000100964
I0406 21:42:58.925941 2255213 lm_feature_timing.cpp:80] node dpath/a_mux/U19:A2 resistance 21.4 cap 0.000572598 slew 0.040513 delay 0.0381953 power 7.45163e-05
I0406 21:42:58.925971 2255213 lm_feature_timing.cpp:80] node dpath/b_reg_out[7]:431814 resistance 21.4 cap 0.000605095 slew 0.040513 delay 0.0381953 power 7.87454e-05
I0406 21:42:58.925999 2255213 lm_feature_timing.cpp:80] node dpath/b_reg_out[7]:423443 resistance 21.828 cap 0.000493071 slew 0.040513 delay 0.0379601 power 6.41669e-05
I0406 21:42:58.926028 2255213 lm_feature_timing.cpp:80] node dpath/b_reg_out[7]:775403 resistance 21.828 cap 0.000558457 slew 0.040513 delay 0.0379601 power 7.26761e-05
I0406 21:42:58.926056 2255213 lm_feature_timing.cpp:80] node dpath/b_reg/U11:B1 resistance 20.972 cap 0.000659839 slew 0.0405131 delay 0.0698633 power 8.58696e-05
I0406 21:42:58.926085 2255213 lm_feature_timing.cpp:80] node dpath/b_reg_out[7]:775445 resistance 20.972 cap 0.00070467 slew 0.0405131 delay 0.0698633 power 9.17037e-05
I0406 21:42:58.926113 2255213 lm_feature_timing.cpp:80] node dpath/a_lt_b/U23:B2 resistance 35.096 cap 0.000718455 slew 0.0405131 delay 0.0937418 power 9.34978e-05
I0406 21:42:58.926141 2255213 lm_feature_timing.cpp:80] node dpath/b_reg_out[7]:767087 resistance 35.096 cap 0.000837285 slew 0.0405131 delay 0.0937418 power 0.000108962
I0406 21:42:58.914574 2254685 lm_feature_timing.cpp:80] node dpath/b_reg/U17:Z resistance 0 cap 0.00078481 slew 0.016325 delay 0 power 9.93698e-05
I0406 21:42:58.847345 2255113 lm_feature_timing.cpp:80] node dpath/a_reg_out[8]:798137 resistance 24.396 cap 0.00418777 slew 0.0475415 delay 0.156357 power 0.000295946
I0406 21:42:58.914605 2255207 lm_feature_timing.cpp:80] node dpath/a_lt_b/U36:ZN resistance 0 cap 0.000804078 slew 0.016585 delay 0 power 1.12199e-05
I0406 21:42:58.914623 2255083 lm_feature_timing.cpp:80] node dpath/a_reg/n2:386367 resistance 0.428 cap 0.00074409 slew 0.016259 delay 0.00031847 power 3.41608e-05
I0406 21:42:58.844566 2255121 lm_feature_timing.cpp:80] node dpath/a_mux_out[10]:477052 resistance 43.656 cap 0.000582435 slew 0.019133 delay 0.0441204 power 4.71772e-06
I0406 21:42:58.928529 2255207 lm_feature_timing.cpp:80] node dpath/a_lt_b/n33:485272 resistance 0 cap 0.000804078 slew 0.016585 delay 0 power 1.12199e-05
I0406 21:42:58.928537 2255083 lm_feature_timing.cpp:80] node dpath/a_reg/n2:738327 resistance 0.428 cap 0.000736259 slew 0.016259 delay 0.00031847 power 3.38013e-05
I0406 21:42:58.914687 2255179 lm_feature_timing.cpp:80] node dpath/a_lt_b/U17:B resistance 18.404 cap 0.000708961 slew 0.01385 delay 0.0158869 power 1.14852e-05
I0406 21:42:58.914737 2255097 lm_feature_timing.cpp:80] node dpath/a_mux_out[5]:387465 resistance 30.388 cap 0.000623155 slew 0.017957 delay 0.0281072 power 6.38972e-05
I0406 21:42:58.928570 2255083 lm_feature_timing.cpp:80] node dpath/a_reg/n2:386366 resistance 0 cap 0.000751921 slew 0.016259 delay 0 power 3.45203e-05
I0406 21:42:58.928583 2255179 lm_feature_timing.cpp:80] node dpath/a_lt_b/n6:384843 resistance 14.98 cap 0.000745569 slew 0.01385 delay 0.0134594 power 1.20782e-05
I0406 21:42:58.928593 2255097 lm_feature_timing.cpp:80] node dpath/a_mux_out[5]:739425 resistance 30.388 cap 0.000700874 slew 0.017957 delay 0.0281072 power 7.18664e-05
I0406 21:42:58.914770 2255084 lm_feature_timing.cpp:80] node dpath/a_reg_out[13]:860749 resistance 0.856 cap 0.00510406 slew 0.03813 delay 0.0043793 power 0.000492992
I0406 21:42:58.928625 2255097 lm_feature_timing.cpp:80] node dpath/a_mux_out[5]:731883 resistance 22.684 cap 0.000778593 slew 0.017957 delay 0.0227076 power 7.98356e-05
I0406 21:42:58.914799 2255143 lm_feature_timing.cpp:80] node ctrl_a_reg_en_0_:1089721 resistance 277.772 cap 0.000993636 slew 0.0402399 delay 2.55758 power 8.04845e-06
I0406 21:42:58.928650 2255084 lm_feature_timing.cpp:80] node dpath/a_reg_out[13]:508787 resistance 0 cap 0.00512795 slew 0.03813 delay 0 power 0.000495299
I0406 21:42:58.840641 2255150 lm_feature_timing.cpp:80] node dpath/a_lt_b/n13:394177 resistance 14.552 cap 0.000593169 slew 0.031831 delay 0.0108282 power 1.89266e-05
I0406 21:42:58.836241 2255161 lm_feature_timing.cpp:125] build net dpath/a_lt_b/n21 feature 
I0406 21:42:58.838250 2255174 lm_feature_timing.cpp:80] node dpath/a_mux/n15:438517 resistance 13.696 cap 0.000660178 slew 0.036668 delay 0.0109773 power 3.73436e-05
I0406 21:42:58.914878 2255154 lm_feature_timing.cpp:80] node dpath/a_lt_b/U18:B1 resistance 17.976 cap 0.000663624 slew 0.031625 delay 0.0152954 power 1.07507e-05
I0406 21:42:58.914888 2255157 lm_feature_timing.cpp:80] node dpath/a_mux/U2:ZN resistance 0 cap 0.00064193 slew 0.018175 delay 0 power 4.11079e-05
I0406 21:42:58.928722 2255174 lm_feature_timing.cpp:80] node dpath/a_mux/n15:790477 resistance 13.696 cap 0.000705009 slew 0.036668 delay 0.0109773 power 3.98794e-05
I0406 21:42:58.847524 2255108 lm_feature_timing.cpp:80] node dpath/a_mux_out[4]:727697 resistance 38.52 cap 0.000712816 slew 0.019269 delay 0.0420507 power 6.98085e-05
I0406 21:42:58.928736 2255154 lm_feature_timing.cpp:80] node dpath/a_lt_b/n9:388294 resistance 16.692 cap 0.00069162 slew 0.031625 delay 0.0144434 power 1.12042e-05
I0406 21:42:58.914961 2255190 lm_feature_timing.cpp:80] node dpath/a_lt_b/placeFE_RC_0_0:ZN resistance 0 cap 0.00113098 slew 0.02546 delay 0 power 4.56627e-05
I0406 21:42:58.928752 2255174 lm_feature_timing.cpp:80] node dpath/a_mux/n15:786287 resistance 9.416 cap 0.00074984 slew 0.036668 delay 0.00795987 power 4.24153e-05
I0406 21:42:58.847699 2255129 lm_feature_timing.cpp:80] node dpath/b_reg_out[14]:485263 resistance 32.956 cap 0.00133284 slew 0.0401761 delay 0.0908165 power 0.00021592
I0406 21:42:58.928769 2255154 lm_feature_timing.cpp:80] node dpath/a_lt_b/n9:741091 resistance 15.408 cap 0.000731166 slew 0.031625 delay 0.0135469 power 1.18449e-05
I0406 21:42:58.928776 2255174 lm_feature_timing.cpp:80] node dpath/a_mux/n15:790477 resistance 13.696 cap 0.000705009 slew 0.036668 delay 0.0109773 power 3.98794e-05
I0406 21:42:58.844913 2255151 lm_feature_timing.cpp:80] node dpath/a_reg_out[5]:386598 resistance 58.208 cap 0.000607275 slew 0.0410005 delay 0.228844 power 3.87286e-05
I0406 21:42:58.915086 2255166 lm_feature_timing.cpp:80] node dpath/a_mux/n4:789629 resistance 2.568 cap 0.000893336 slew 0.036398 delay 0.00229409 power 5.05323e-05
I0406 21:42:58.928799 2255129 lm_feature_timing.cpp:80] node dpath/b_reg_out[14]:837223 resistance 32.956 cap 0.00141056 slew 0.0401761 delay 0.0908165 power 0.00022851
I0406 21:42:58.928795 2255161 lm_feature_timing.cpp:80] node dpath/a_lt_b/U26:A1 resistance 43.228 cap 0.000393715 slew 0.0440891 delay 0.081044 power 1.39305e-05
I0406 21:42:58.928817 2255151 lm_feature_timing.cpp:80] node dpath/a_reg_out[5]:386597 resistance 57.78 cap 0.000615106 slew 0.0410005 delay 0.228584 power 3.92281e-05
I0406 21:42:58.928830 2255166 lm_feature_timing.cpp:80] node dpath/a_mux/n4:792143 resistance 0 cap 0.000921722 slew 0.036398 delay 0 power 5.2138e-05
I0406 21:42:58.841041 2255152 lm_feature_timing.cpp:80] node dpath/a_lt_b/n24:485479 resistance 9.416 cap 0.000629522 slew 0.019989 delay 0.00768284 power 0
I0406 21:42:58.928850 2255151 lm_feature_timing.cpp:80] node dpath/a_reg_out[5]:386598 resistance 58.208 cap 0.000607275 slew 0.0410005 delay 0.228844 power 3.87286e-05
I0406 21:42:58.915306 2255191 lm_feature_timing.cpp:80] node dpath/a_mux/FE_OFN4_n16:1134881 resistance 32.956 cap 0.00740724 slew 0.0377042 delay 0.336813 power 0.000474345
I0406 21:42:58.928889 2255151 lm_feature_timing.cpp:80] node dpath/b_mux/U7:B1 resistance 69.764 cap 0.00070467 slew 0.0410005 delay 0.238043 power 4.49399e-05
I0406 21:42:58.915334 2255177 lm_feature_timing.cpp:80] node dpath/b_reg/n9:777137 resistance 5.992 cap 0.00070337 slew 0.016665 delay 0.00459449 power 9.15346e-05
I0406 21:42:58.928928 2255151 lm_feature_timing.cpp:80] node dpath/a_reg_out[5]:388263 resistance 65.484 cap 0.000761443 slew 0.0410005 delay 0.235027 power 4.85606e-05
I0406 21:42:58.915349 2255114 lm_feature_timing.cpp:80] node dpath/b_mux_out[14]:1166613 resistance 9.844 cap 0.000765869 slew 0.01702 delay 0.00785434 power 0.000140292
I0406 21:42:58.928953 2255151 lm_feature_timing.cpp:80] node dpath/a_reg_out[5]:388263 resistance 65.484 cap 0.000761443 slew 0.0410005 delay 0.235027 power 4.85606e-05
I0406 21:42:58.928969 2255114 lm_feature_timing.cpp:80] node dpath/b_mux_out[14]:1166597 resistance 2.996 cap 0.000835366 slew 0.01702 delay 0.00260967 power 0.000153022
I0406 21:42:58.928990 2255151 lm_feature_timing.cpp:80] node dpath/a_reg_out[5]:389101 resistance 64.628 cap 0.000818215 slew 0.0410005 delay 0.234375 power 5.21813e-05
I0406 21:42:58.929000 2255114 lm_feature_timing.cpp:80] node dpath/b_mux_out[14]:1166613 resistance 9.844 cap 0.000765869 slew 0.01702 delay 0.00785434 power 0.000140292
I0406 21:42:58.915364 2255178 lm_feature_timing.cpp:80] node dpath/b_mux_out[12]:464420 resistance 0 cap 0.000753145 slew 0.01617 delay 0 power 0.000103346
I0406 21:42:58.929023 2255114 lm_feature_timing.cpp:80] node dpath/b_mux_out[14]:464353 resistance 1.284 cap 0.000891748 slew 0.01702 delay 0.001145 power 0.00016335
I0406 21:42:58.929050 2255178 lm_feature_timing.cpp:80] node dpath/b_mux_out[12]:464417 resistance 1.284 cap 0.000737091 slew 0.01617 delay 0.000946425 power 0.000101143
I0406 21:42:58.929023 2255151 lm_feature_timing.cpp:80] node dpath/a_reg_out[5]:389111 resistance 60.348 cap 0.000863046 slew 0.0410005 delay 0.230873 power 5.50403e-05
I0406 21:42:58.850618 2255206 lm_feature_timing.cpp:80] node dpath/a_mux/U33:ZN resistance 0 cap 0.00074984 slew 0.034452 delay 0 power 6.0737e-06
I0406 21:42:58.929098 2255151 lm_feature_timing.cpp:80] node dpath/a_reg_out[5]:741071 resistance 60.348 cap 0.000891433 slew 0.0410005 delay 0.230873 power 5.68506e-05
I0406 21:42:58.929111 2255206 lm_feature_timing.cpp:80] node dpath/a_mux/n17:792959 resistance 0 cap 0.00074984 slew 0.034452 delay 0 power 6.0737e-06
I0406 21:42:58.929131 2255151 lm_feature_timing.cpp:80] node dpath/a_reg_out[5]:389101 resistance 64.628 cap 0.000818215 slew 0.0410005 delay 0.234375 power 5.21813e-05
I0406 21:42:58.929147 2255191 lm_feature_timing.cpp:80] node dpath/a_mux/FE_OFN4_n16:1134895 resistance 38.948 cap 0.00734596 slew 0.0377047 delay 0.38083 power 0.000470421
I0406 21:42:58.929167 2255151 lm_feature_timing.cpp:80] node dpath/a_reg_out[5]:389111 resistance 60.348 cap 0.000863046 slew 0.0410005 delay 0.230873 power 5.50403e-05
I0406 21:42:58.850633 2255171 lm_feature_timing.cpp:80] node dpath/a_lt_b/n1:733373 resistance 9.416 cap 0.000791444 slew 0.017306 delay 0.00795497 power 6.4107e-06
I0406 21:42:58.929200 2255151 lm_feature_timing.cpp:80] node dpath/a_reg_out[5]:377375 resistance 46.652 cap 0.00182564 slew 0.0410005 delay 0.210272 power 0.000116429
I0406 21:42:58.850661 2255077 lm_feature_timing.cpp:80] node dpath/b_mux_out[2]:409931 resistance 34.24 cap 0.00060671 slew 0.019314 delay 0.0323978 power 7.18972e-05
I0406 21:42:58.929225 2255151 lm_feature_timing.cpp:80] node dpath/sub/U16:A resistance 39.804 cap 0.00407847 slew 0.0410005 delay 0.19777 power 0.000260102
I0406 21:42:58.929239 2255077 lm_feature_timing.cpp:80] node dpath/b_mux_out[2]:409934 resistance 35.524 cap 0.000590657 slew 0.019314 delay 0.0331562 power 6.99949e-05
I0406 21:42:58.929258 2255151 lm_feature_timing.cpp:80] node dpath/a_reg_out[5]:386597 resistance 57.78 cap 0.000615106 slew 0.0410005 delay 0.228584 power 3.92281e-05
I0406 21:42:58.929275 2255171 lm_feature_timing.cpp:80] node dpath/a_lt_b/U13:B1 resistance 13.268 cap 0.000662236 slew 0.017306 delay 0.010655 power 5.36411e-06
I0406 21:42:58.929293 2255151 lm_feature_timing.cpp:80] node dpath/a_reg_out[5]:738557 resistance 57.78 cap 0.00164553 slew 0.0410005 delay 0.228584 power 0.000104943
I0406 21:42:58.929317 2255178 lm_feature_timing.cpp:80] node dpath/b_mux_out[12]:464420 resistance 0 cap 0.000753145 slew 0.01617 delay 0 power 0.000103346
I0406 21:42:58.929332 2255151 lm_feature_timing.cpp:80] node dpath/a_reg_out[5]:738557 resistance 57.78 cap 0.00164553 slew 0.0410005 delay 0.228584 power 0.000104943
I0406 21:42:58.838543 2255164 lm_feature_timing.cpp:80] node dpath/a_reg/U18:A2 resistance 20.116 cap 0.000574604 slew 0.016524 delay 0.0156 power 4.80173e-05
I0406 21:42:58.929358 2255151 lm_feature_timing.cpp:80] node dpath/a_reg_out[5]:741071 resistance 60.348 cap 0.000891433 slew 0.0410005 delay 0.230873 power 5.68506e-05
I0406 21:42:58.850736 2255194 lm_feature_timing.cpp:80] node dpath/b_reg_out[2]:414963 resistance 2.996 cap 0.0046784 slew 0.035629 delay 0.0140165 power 0.000595302
I0406 21:42:58.929383 2255151 lm_feature_timing.cpp:80] node dpath/a_reg_out[5]:736077 resistance 32.1 cap 0.00423391 slew 0.0410004 delay 0.165751 power 0.000270015
I0406 21:42:58.929395 2255194 lm_feature_timing.cpp:80] node dpath/b_reg_out[2]:766923 resistance 2.996 cap 0.00464591 slew 0.035629 delay 0.0140165 power 0.000591167
I0406 21:42:58.929415 2255151 lm_feature_timing.cpp:80] node dpath/a_reg_out[5]:1088037 resistance 32.1 cap 0.00429518 slew 0.0410004 delay 0.165751 power 0.000273923
I0406 21:42:58.929432 2255164 lm_feature_timing.cpp:80] node dpath/a_mux_out[1]:386391 resistance 20.116 cap 0.000574604 slew 0.016524 delay 0.0156 power 4.80173e-05
I0406 21:42:58.929450 2255151 lm_feature_timing.cpp:80] node dpath/a_reg_out[5]:736091 resistance 26.108 cap 0.0007495 slew 0.0410004 delay 0.140014 power 4.7799e-05
I0406 21:42:58.929469 2255178 lm_feature_timing.cpp:80] node dpath/b_mux_out[12]:464417 resistance 1.284 cap 0.000737091 slew 0.01617 delay 0.000946425 power 0.000101143
I0406 21:42:58.929482 2255151 lm_feature_timing.cpp:80] node dpath/a_reg_out[5]:1088051 resistance 26.108 cap 0.00529879 slew 0.0410004 delay 0.140014 power 0.000337927
I0406 21:42:58.850790 2255080 lm_feature_timing.cpp:80] node dpath/a_reg_out[6]:755319 resistance 51.788 cap 0.000688225 slew 0.0449412 delay 0.173325 power 4.54735e-05
I0406 21:42:58.929507 2255151 lm_feature_timing.cpp:80] node dpath/a_reg_out[5]:1088037 resistance 32.1 cap 0.00429518 slew 0.0410004 delay 0.165751 power 0.000273923
I0406 21:42:58.850790 2255215 lm_feature_timing.cpp:80] node dpath/a_reg/n13:852501 resistance 35.096 cap 0.000781872 slew 0.019329 delay 0.0319474 power 7.17125e-05
I0406 21:42:58.929531 2255151 lm_feature_timing.cpp:80] node dpath/a_reg_out[5]:1088051 resistance 26.108 cap 0.00529879 slew 0.0410004 delay 0.140014 power 0.000337927
I0406 21:42:58.929544 2255215 lm_feature_timing.cpp:80] node dpath/a_reg/n13:830713 resistance 12.84 cap 0.000999367 slew 0.019329 delay 0.014546 power 9.1661e-05
I0406 21:42:58.929563 2255151 lm_feature_timing.cpp:80] node dpath/a_reg_out[5]:736137 resistance 6.42 cap 0.00553645 slew 0.0410001 delay 0.0356919 power 0.000353084
I0406 21:42:58.929580 2255080 lm_feature_timing.cpp:80] node dpath/a_reg_out[6]:752805 resistance 49.22 cap 0.000716612 slew 0.0449412 delay 0.171558 power 4.73491e-05
I0406 21:42:58.929598 2255151 lm_feature_timing.cpp:80] node dpath/a_reg_out[5]:1088097 resistance 6.42 cap 0.00549162 slew 0.0410001 delay 0.0356919 power 0.000350225
I0406 21:42:58.929621 2255178 lm_feature_timing.cpp:80] node dpath/b_mux_out[12]:816377 resistance 1.284 cap 0.000721038 slew 0.01617 delay 0.000946425 power 9.89399e-05
I0406 21:42:58.929630 2255151 lm_feature_timing.cpp:80] node dpath/a_reg_out[5]:1088051 resistance 26.108 cap 0.00529879 slew 0.0410004 delay 0.140014 power 0.000337927
I0406 21:42:58.850999 2255192 lm_feature_timing.cpp:80] node dpath/a_lt_b/n37:479418 resistance 0 cap 0.00150803 slew 0.018123 delay 0 power 1.2215e-05
I0406 21:42:58.929654 2255151 lm_feature_timing.cpp:80] node dpath/a_reg_out[5]:1088097 resistance 6.42 cap 0.00549162 slew 0.0410001 delay 0.0356919 power 0.000350225
I0406 21:42:58.851043 2255167 lm_feature_timing.cpp:80] node dpath/a_mux/n2:446011 resistance 5.136 cap 0.000610845 slew 0.034079 delay 0.00340978 power 3.4553e-05
I0406 21:42:58.841615 2255212 lm_feature_timing.cpp:80] node dpath/a_mux_out[9]:829937 resistance 72.332 cap 0.000619435 slew 0.0222031 delay 0.0933752 power 7.49039e-05
I0406 21:42:58.851063 2255123 lm_feature_timing.cpp:80] node dpath/a_mux_out[8]:1173471 resistance 46.652 cap 0.00091837 slew 0.0212991 delay 0.0640084 power 0.000106832
I0406 21:42:58.851066 2255208 lm_feature_timing.cpp:80] node dpath/a_reg/n19:502269 resistance 9.844 cap 0.000826363 slew 1.44834e-05 delay 0.00912442 power 0
I0406 21:42:58.838671 2255107 lm_feature_timing.cpp:80] node CTS_1:424225 resistance 73.616 cap 0.000418247 slew 0.000313884 delay 0.326972 power 0.000135512
I0406 21:42:58.845535 2255082 lm_feature_timing.cpp:80] node dpath/a_mux/U23:ZN resistance 0 cap 0.000734177 slew 0.034274 delay 0 power 4.15294e-05
I0406 21:42:58.845571 2255103 lm_feature_timing.cpp:80] node dpath/b_reg/FE_OFN2_ctrl_b_reg_en_0:818181 resistance 125.404 cap 0.00152096 slew 0.0278504 delay 0.724888 power 0.000114891
I0406 21:42:58.851104 2255210 lm_feature_timing.cpp:80] node dpath/a_lt_b/n30:844043 resistance 33.812 cap 0.00136782 slew 0.0375951 delay 0.0574258 power 2.89288e-05
I0406 21:42:58.845600 2255076 lm_feature_timing.cpp:80] node dpath/b_mux_out[7]:425152 resistance 3.852 cap 0.000615324 slew 0.015518 delay 0.00237023 power 7.64776e-05
I0406 21:42:58.836617 2255140 lm_feature_timing.cpp:80] node dpath/b_mux/U2:B1 resistance 26.536 cap 0.000659839 slew 0.039044 delay 0.0558907 power 3.02929e-05
I0406 21:42:58.851123 2255100 lm_feature_timing.cpp:80] node ctrl/n5:752609 resistance 6.42 cap 0.00116739 slew 0.021618 delay 0.00791444 power 0.000103931
I0406 21:42:58.851155 2255070 lm_feature_timing.cpp:80] node dpath/a_lt_b/n4:386583 resistance 14.124 cap 0.00058826 slew 0.021374 delay 0.0103951 power 4.76491e-06
I0406 21:42:58.851209 2255115 lm_feature_timing.cpp:80] node dpath/a_reg_out[1]:387265 resistance 55.212 cap 0.000461654 slew 0.0420913 delay 0.189743 power 2.50624e-05
I0406 21:42:58.851209 2255096 lm_feature_timing.cpp:80] node dpath/a_mux/FE_OFN3_ctrl_a_mux_sel_1:441785 resistance 0.428 cap 0.0123004 slew 0.0264691 delay 0.00526457 power 0.000393846
I0406 21:42:58.837153 2255199 lm_feature_timing.cpp:80] node dpath/a_reg/out_reg_9_:CP resistance 84.316 cap 0.000418247 slew 0.000853081 delay 0.737868 power 0.000135512
I0406 21:42:58.851261 2255183 lm_feature_timing.cpp:80] node dpath/b_reg_out[0]:763587 resistance 39.376 cap 0.000803373 slew 0.0405594 delay 0.141174 power 0.000100037
I0406 21:42:58.843416 2255117 lm_feature_timing.cpp:80] node dpath/b_reg/n10:464574 resistance 9.416 cap 0.000862529 slew 0.017358 delay 0.00812157 power 0.000112743
I0406 21:42:58.851373 2255102 lm_feature_timing.cpp:80] node dpath/a_mux/n13:729307 resistance 2.568 cap 0.000853007 slew 0.035942 delay 0.00219052 power 4.82511e-05
I0406 21:42:58.851380 2255196 lm_feature_timing.cpp:80] node dpath/a_lt_b/U33:ZN resistance 0 cap 0.00115242 slew 0.048638 delay 0 power 2.61508e-05
I0406 21:42:58.851410 2255131 lm_feature_timing.cpp:80] node dpath/b_mux/U10:Z resistance 0 cap 0.00116425 slew 0.018669 delay 0 power 0.000146041
I0406 21:42:58.843286 2255127 lm_feature_timing.cpp:80] node dpath/a_mux/FE_OFN5_n18:798001 resistance 24.396 cap 0.000449706 slew 0.031761 delay 0.249501 power 2.87983e-05
I0406 21:42:58.843528 2255137 lm_feature_timing.cpp:80] node dpath/a_lt_b/n3:738381 resistance 4.28 cap 0.000754085 slew 0.018363 delay 0.00496461 power 6.10809e-06
I0406 21:42:58.843559 2255091 lm_feature_timing.cpp:80] node ctrl/n1:409041 resistance 0.428 cap 0.00116869 slew 0.029815 delay 0.000500201 power 1.89328e-05
I0406 21:42:58.851456 2255094 lm_feature_timing.cpp:125] build net dpath/b_reg_out[3] feature 
I0406 21:42:58.851472 2255160 lm_feature_timing.cpp:80] node dpath/b_reg/n11:491388 resistance 33.384 cap 0.000669308 slew 0.019352 delay 0.0315071 power 8.78709e-05
I0406 21:42:58.851480 2255063 lm_feature_timing.cpp:80] node ctrl/U13:ZN resistance 0 cap 0.000852066 slew 0.014695 delay 0 power 2.72823e-05
I0406 21:42:58.851344 2255090 lm_feature_timing.cpp:80] node dpath/b_mux_out[13]:819689 resistance 6.42 cap 0.000889983 slew 0.017469 delay 0.00592073 power 0.000123171
I0406 21:42:58.851492 2255126 lm_feature_timing.cpp:80] node dpath/b_reg_out[10]:1186893 resistance 20.116 cap 0.000772068 slew 0.0399552 delay 0.0649355 power 6.71786e-05
I0406 21:42:58.851507 2255172 lm_feature_timing.cpp:80] node dpath/b_reg_out[11]:448583 resistance 64.628 cap 0.000530462 slew 0.0414827 delay 0.238763 power 7.21291e-05
I0406 21:42:58.851349 2255175 lm_feature_timing.cpp:80] node dpath/a_lt_b/n32:486999 resistance 17.976 cap 0.000635035 slew 0.020978 delay 0.0187062 power 5.14378e-06
I0406 21:42:58.851523 2255124 lm_feature_timing.cpp:137] net dpath/a_reg/n6 resistance 6.848 cap 0.000637593 slew 0.000134484 delay 0.00205777 power 3.17472e-08
I0406 21:42:58.837580 2255092 lm_feature_timing.cpp:80] node dpath/a_mux_out[7]:791381 resistance 25.252 cap 0.000635097 slew 0.017289 delay 0.0214141 power 7.09609e-05
I0406 21:42:58.851315 2255109 lm_feature_timing.cpp:80] node dpath/b_mux_out[6]:769555 resistance 14.124 cap 0.00072554 slew 0.016905 delay 0.0103088 power 8.93426e-05
I0406 21:42:58.845849 2255074 lm_feature_timing.cpp:80] node dpath/b_reg/n12:841613 resistance 25.68 cap 0.00114208 slew 0.019979 delay 0.0293287 power 9.9374e-05
I0406 21:42:58.845897 2255081 lm_feature_timing.cpp:80] node dpath/a_reg_out[7]:1142483 resistance 45.796 cap 0.00117921 slew 0.0402571 delay 0.12516 power 8.06242e-05
I0406 21:42:58.917333 2255104 lm_feature_timing.cpp:80] node dpath/a_lt_b/n14:751993 resistance 15.836 cap 0.000775802 slew 0.020585 delay 0.0126448 power 6.284e-06
I0406 21:42:58.851660 2255078 lm_feature_timing.cpp:80] node dpath/b_mux_out[9]:816485 resistance 2.996 cap 0.000704594 slew 0.016298 delay 0.00220833 power 8.91918e-05
I0406 21:42:58.929668 2255192 lm_feature_timing.cpp:80] node dpath/a_lt_b/n37:479429 resistance 4.708 cap 0.00145908 slew 0.018123 delay 0.00686937 power 1.18186e-05
I0406 21:42:58.930748 2255078 lm_feature_timing.cpp:80] node dpath/b_mux_out[9]:821513 resistance 8.132 cap 0.000651541 slew 0.016298 delay 0.00555464 power 8.2476e-05
I0406 21:42:58.930745 2255104 lm_feature_timing.cpp:80] node dpath/a_lt_b/n14:751993 resistance 15.836 cap 0.000775802 slew 0.020585 delay 0.0126448 power 6.284e-06
I0406 21:42:58.917549 2255057 lm_feature_timing.cpp:80] node ctrl/next_state__0[1]:776041 resistance 19.688 cap 0.000561098 slew 0.030897 delay 0.0144182 power 5.12299e-05
I0406 21:42:58.930780 2255078 lm_feature_timing.cpp:80] node dpath/b_mux/U11:Z resistance 0 cap 0.000769589 slew 0.016298 delay 0 power 9.74192e-05
I0406 21:42:58.929828 2255082 lm_feature_timing.cpp:80] node dpath/a_mux/n11:455982 resistance 7.276 cap 0.000660569 slew 0.034274 delay 0.0048063 power 3.73657e-05
I0406 21:42:58.851702 2255182 lm_feature_timing.cpp:80] node dpath/a_reg_out[10]:818131 resistance 48.364 cap 0.00325565 slew 0.0393865 delay 0.212611 power 0
I0406 21:42:58.929858 2255103 lm_feature_timing.cpp:80] node dpath/b_reg/FE_OFN2_ctrl_b_reg_en_0:1170141 resistance 125.404 cap 0.00170556 slew 0.0278504 delay 0.724888 power 0.000128836
I0406 21:42:58.930975 2255103 lm_feature_timing.cpp:80] node dpath/b_reg/FE_OFN2_ctrl_b_reg_en_0:415937 resistance 113.42 cap 0.000666315 slew 0.0278472 delay 0.524367 power 5.03326e-05
I0406 21:42:58.931031 2255103 lm_feature_timing.cpp:80] node dpath/b_reg/FE_OFN2_ctrl_b_reg_en_0:767897 resistance 113.42 cap 0.00157479 slew 0.0278472 delay 0.524367 power 0.000118958
I0406 21:42:58.931062 2255103 lm_feature_timing.cpp:80] node dpath/b_reg/FE_OFN2_ctrl_b_reg_en_0:763707 resistance 109.14 cap 0.00161962 slew 0.0278472 delay 0.517627 power 0.000122344
I0406 21:42:58.931110 2255103 lm_feature_timing.cpp:80] node dpath/b_reg/FE_OFN2_ctrl_b_reg_en_0:767897 resistance 113.42 cap 0.00157479 slew 0.0278472 delay 0.524367 power 0.000118958
I0406 21:42:58.931229 2255103 lm_feature_timing.cpp:80] node dpath/b_reg/FE_OFN2_ctrl_b_reg_en_0:411725 resistance 99.724 cap 0.00250559 slew 0.0278472 delay 0.500893 power 0.000189269
I0406 21:42:58.931268 2255103 lm_feature_timing.cpp:80] node dpath/b_reg/FE_OFN2_ctrl_b_reg_en_0:411727 resistance 100.58 cap 0.00249365 slew 0.0278472 delay 0.503027 power 0.000188367
I0406 21:42:58.931298 2255103 lm_feature_timing.cpp:80] node dpath/b_reg/FE_OFN2_ctrl_b_reg_en_0:411725 resistance 99.724 cap 0.00250559 slew 0.0278472 delay 0.500893 power 0.000189269
I0406 21:42:58.931327 2255103 lm_feature_timing.cpp:80] node dpath/b_reg/FE_OFN2_ctrl_b_reg_en_0:763685 resistance 99.724 cap 0.00259975 slew 0.0278472 delay 0.500893 power 0.000196382
I0406 21:42:58.931358 2255103 lm_feature_timing.cpp:80] node dpath/b_reg/FE_OFN2_ctrl_b_reg_en_0:754467 resistance 90.308 cap 0.00269392 slew 0.0278472 delay 0.476414 power 0.000203495
I0406 21:42:58.931387 2255103 lm_feature_timing.cpp:80] node dpath/b_reg/FE_OFN2_ctrl_b_reg_en_0:763685 resistance 99.724 cap 0.00259975 slew 0.0278472 delay 0.500893 power 0.000196382
I0406 21:42:58.931417 2255103 lm_feature_timing.cpp:80] node dpath/b_reg/FE_OFN2_ctrl_b_reg_en_0:469533 resistance 103.148 cap 0.00402591 slew 0.0278504 delay 0.683665 power 0.000304112
I0406 21:42:58.931447 2255103 lm_feature_timing.cpp:80] node dpath/b_reg/FE_OFN2_ctrl_b_reg_en_0:821493 resistance 103.148 cap 0.00269548 slew 0.0278504 delay 0.683665 power 0.000203613
I0406 21:42:58.931476 2255103 lm_feature_timing.cpp:80] node dpath/b_reg/FE_OFN2_ctrl_b_reg_en_0:469487 resistance 83.46 cap 0.00421874 slew 0.0278502 delay 0.604403 power 0.000318678
I0406 21:42:58.931524 2255103 lm_feature_timing.cpp:80] node dpath/b_reg/FE_OFN2_ctrl_b_reg_en_0:469533 resistance 103.148 cap 0.00402591 slew 0.0278504 delay 0.683665 power 0.000304112
I0406 21:42:58.931555 2255103 lm_feature_timing.cpp:80] node dpath/b_reg/FE_OFN2_ctrl_b_reg_en_0:754435 resistance 76.612 cap 0.000706643 slew 0.0278471 delay 0.437665 power 5.3379e-05
I0406 21:42:58.931586 2255103 lm_feature_timing.cpp:80] node dpath/b_reg/FE_OFN2_ctrl_b_reg_en_0:1106395 resistance 76.612 cap 0.00379816 slew 0.0278471 delay 0.437665 power 0.000286909
I0406 21:42:58.931614 2255103 lm_feature_timing.cpp:80] node dpath/b_reg/FE_OFN2_ctrl_b_reg_en_0:1106365 resistance 63.772 cap 0.00392521 slew 0.027847 delay 0.388897 power 0.000296506
I0406 21:42:58.931644 2255103 lm_feature_timing.cpp:80] node dpath/b_reg/FE_OFN2_ctrl_b_reg_en_0:1106395 resistance 76.612 cap 0.00379816 slew 0.0278471 delay 0.437665 power 0.000286909
I0406 21:42:58.931680 2255103 lm_feature_timing.cpp:80] node dpath/b_reg/U15:A1 resistance 58.636 cap 0.000625986 slew 0.0278468 delay 0.353921 power 4.72863e-05
I0406 21:42:58.931710 2255103 lm_feature_timing.cpp:80] node dpath/b_reg/FE_OFN2_ctrl_b_reg_en_0:767813 resistance 58.636 cap 0.000670817 slew 0.0278468 delay 0.353921 power 5.06727e-05
I0406 21:42:58.931740 2255103 lm_feature_timing.cpp:80] node dpath/b_reg/FE_OFN2_ctrl_b_reg_en_0:763623 resistance 54.356 cap 0.00482919 slew 0.0278468 delay 0.35105 power 0.000364791
I0406 21:42:58.931768 2255103 lm_feature_timing.cpp:80] node dpath/b_reg/FE_OFN2_ctrl_b_reg_en_0:767813 resistance 58.636 cap 0.000670817 slew 0.0278468 delay 0.353921 power 5.06727e-05
I0406 21:42:58.931798 2255103 lm_feature_timing.cpp:80] node dpath/b_reg/FE_OFN2_ctrl_b_reg_en_0:824767 resistance 66.34 cap 0.000666315 slew 0.0278498 delay 0.515256 power 5.03326e-05
I0406 21:42:58.931828 2255103 lm_feature_timing.cpp:80] node dpath/b_reg/FE_OFN2_ctrl_b_reg_en_0:1176727 resistance 66.34 cap 0.00619485 slew 0.0278498 delay 0.515256 power 0.000467952
I0406 21:42:58.931857 2255103 lm_feature_timing.cpp:80] node dpath/b_reg/FE_OFN2_ctrl_b_reg_en_0:1176691 resistance 50.932 cap 0.00634657 slew 0.0278492 delay 0.419806 power 0.000479412
I0406 21:42:58.931887 2255103 lm_feature_timing.cpp:80] node dpath/b_reg/FE_OFN2_ctrl_b_reg_en_0:1176727 resistance 66.34 cap 0.00619485 slew 0.0278498 delay 0.515256 power 0.000467952
I0406 21:42:58.931916 2255103 lm_feature_timing.cpp:80] node dpath/b_reg/FE_OFN2_ctrl_b_reg_en_0:471095 resistance 49.22 cap 0.000666315 slew 0.0278491 delay 0.408906 power 5.03326e-05
I0406 21:42:58.931953 2255103 lm_feature_timing.cpp:80] node dpath/b_reg/U5:A1 resistance 50.932 cap 0.00064615 slew 0.0278491 delay 0.410013 power 4.88095e-05
I0406 21:42:58.931982 2255103 lm_feature_timing.cpp:80] node dpath/b_reg/FE_OFN2_ctrl_b_reg_en_0:763559 resistance 26.964 cap 0.00064987 slew 0.027846 delay 0.206396 power 4.90905e-05
I0406 21:42:58.936693 2255103 lm_feature_timing.cpp:80] node dpath/b_reg/FE_OFN2_ctrl_b_reg_en_0:1115519 resistance 26.964 cap 0.0067313 slew 0.027846 delay 0.206396 power 0.000508475
I0406 21:42:58.936738 2255103 lm_feature_timing.cpp:80] node dpath/b_reg/FE_OFN2_ctrl_b_reg_en_0:1115505 resistance 20.972 cap 0.00679257 slew 0.0278457 delay 0.166062 power 0.000513103
I0406 21:42:58.936766 2255103 lm_feature_timing.cpp:80] node dpath/b_reg/FE_OFN2_ctrl_b_reg_en_0:1115519 resistance 26.964 cap 0.0067313 slew 0.027846 delay 0.206396 power 0.000508475
I0406 21:42:58.936798 2255103 lm_feature_timing.cpp:80] node dpath/b_reg/U4:A1 resistance 38.948 cap 0.000625986 slew 0.0278485 delay 0.335404 power 4.72863e-05
I0406 21:42:58.936829 2255103 lm_feature_timing.cpp:80] node dpath/b_reg/FE_OFN2_ctrl_b_reg_en_0:812999 resistance 38.948 cap 0.00798635 slew 0.0278485 delay 0.335404 power 0.00060328
I0406 21:42:58.936858 2255103 lm_feature_timing.cpp:80] node dpath/b_reg/FE_OFN2_ctrl_b_reg_en_0:802943 resistance 28.676 cap 0.00808874 slew 0.0278477 delay 0.253368 power 0.000611014
I0406 21:42:58.936887 2255103 lm_feature_timing.cpp:80] node dpath/b_reg/FE_OFN2_ctrl_b_reg_en_0:812999 resistance 38.948 cap 0.00798635 slew 0.0278485 delay 0.335404 power 0.00060328
I0406 21:42:58.936915 2255103 lm_feature_timing.cpp:80] node dpath/b_reg/FE_OFN2_ctrl_b_reg_en_0:802943 resistance 28.676 cap 0.00808874 slew 0.0278477 delay 0.253368 power 0.000611014
I0406 21:42:58.936944 2255103 lm_feature_timing.cpp:80] node dpath/b_reg/FE_OFN2_ctrl_b_reg_en_0:1154903 resistance 28.676 cap 0.00815001 slew 0.0278477 delay 0.253368 power 0.000615643
I0406 21:42:58.936975 2255103 lm_feature_timing.cpp:80] node dpath/b_reg/FE_OFN2_ctrl_b_reg_en_0:1154889 resistance 22.684 cap 0.00821129 slew 0.0278471 delay 0.204533 power 0.000620271
I0406 21:42:58.937002 2255103 lm_feature_timing.cpp:80] node dpath/b_reg/FE_OFN2_ctrl_b_reg_en_0:1154903 resistance 28.676 cap 0.00815001 slew 0.0278477 delay 0.253368 power 0.000615643
I0406 21:42:58.937032 2255103 lm_feature_timing.cpp:80] node dpath/b_reg/FE_OFN2_ctrl_b_reg_en_0:782821 resistance 0.428 cap 0.0172288 slew 0.0278441 delay 0.00737728 power 0.00130144
I0406 21:42:58.937062 2255103 lm_feature_timing.cpp:80] node dpath/b_reg/FE_OFN2_ctrl_b_reg_en_0:797067 resistance 14.98 cap 0.00916009 slew 0.0278462 delay 0.140675 power 0.000691943
I0406 21:42:58.937091 2255103 lm_feature_timing.cpp:80] node dpath/b_reg/FE_OFN2_ctrl_b_reg_en_0:802929 resistance 22.684 cap 0.00828901 slew 0.0278471 delay 0.204533 power 0.000626142
I0406 21:42:58.937121 2255103 lm_feature_timing.cpp:80] node dpath/b_reg/FE_OFN2_ctrl_b_reg_en_0:1154889 resistance 22.684 cap 0.00821129 slew 0.0278471 delay 0.204533 power 0.000620271
I0406 21:42:58.937151 2255103 lm_feature_timing.cpp:80] node dpath/b_reg/U17:A1 resistance 25.252 cap 0.000650261 slew 0.0278457 delay 0.168959 power 4.912e-05
I0406 21:42:58.939877 2255103 lm_feature_timing.cpp:80] node dpath/b_reg/FE_OFN2_ctrl_b_reg_en_0:410744 resistance 23.112 cap 0.000686479 slew 0.0278457 delay 0.167567 power 5.18558e-05
I0406 21:42:58.939917 2255103 lm_feature_timing.cpp:80] node dpath/b_reg/FE_OFN2_ctrl_b_reg_en_0:410744 resistance 23.112 cap 0.000686479 slew 0.0278457 delay 0.167567 power 5.18558e-05
I0406 21:42:58.939947 2255103 lm_feature_timing.cpp:80] node dpath/b_reg/FE_OFN2_ctrl_b_reg_en_0:411582 resistance 22.256 cap 0.000714474 slew 0.0278457 delay 0.16698 power 5.39706e-05
I0406 21:42:58.939976 2255103 lm_feature_timing.cpp:80] node dpath/b_reg/FE_OFN2_ctrl_b_reg_en_0:411585 resistance 20.972 cap 0.000730527 slew 0.0278457 delay 0.166062 power 5.51832e-05
I0406 21:42:58.940006 2255103 lm_feature_timing.cpp:80] node dpath/b_reg/FE_OFN2_ctrl_b_reg_en_0:763545 resistance 20.972 cap 0.00772415 slew 0.0278457 delay 0.166062 power 0.000583474
I0406 21:42:58.940049 2255103 lm_feature_timing.cpp:80] node dpath/b_reg/FE_OFN2_ctrl_b_reg_en_0:411582 resistance 22.256 cap 0.000714474 slew 0.0278457 delay 0.16698 power 5.39706e-05
I0406 21:42:58.940078 2255103 lm_feature_timing.cpp:80] node dpath/b_reg/FE_OFN2_ctrl_b_reg_en_0:411585 resistance 20.972 cap 0.000730527 slew 0.0278457 delay 0.166062 power 5.51832e-05
I0406 21:42:58.940107 2255103 lm_feature_timing.cpp:80] node dpath/b_reg/FE_OFN2_ctrl_b_reg_en_0:430861 resistance 0.428 cap 0.0172366 slew 0.0278441 delay 0.00737728 power 0.00130203
I0406 21:42:58.940137 2255103 lm_feature_timing.cpp:80] node dpath/b_reg/FE_OFN2_ctrl_b_reg_en_0:782821 resistance 0.428 cap 0.0172288 slew 0.0278441 delay 0.00737728 power 0.00130144
I0406 21:42:58.940169 2255103 lm_feature_timing.cpp:80] node dpath/b_reg/placeFE_OFC2_ctrl_b_reg_en_0:Z resistance 0 cap 0.0172445 slew 0.027844 delay 0 power 0.00130263
I0406 21:42:58.940198 2255103 lm_feature_timing.cpp:80] node dpath/b_reg/FE_OFN2_ctrl_b_reg_en_0:430862 resistance 0 cap 0.0172445 slew 0.027844 delay 0 power 0.00130263
I0406 21:42:58.940227 2255103 lm_feature_timing.cpp:80] node dpath/b_reg/FE_OFN2_ctrl_b_reg_en_0:430861 resistance 0.428 cap 0.0172366 slew 0.0278441 delay 0.00737728 power 0.00130203
I0406 21:42:58.940255 2255103 lm_feature_timing.cpp:80] node dpath/b_reg/FE_OFN2_ctrl_b_reg_en_0:430862 resistance 0 cap 0.0172445 slew 0.027844 delay 0 power 0.00130263
I0406 21:42:58.926189 2254685 lm_feature_timing.cpp:80] node dpath/b_reg/n3:409906 resistance 0 cap 0.00078481 slew 0.016325 delay 0 power 9.93698e-05
I0406 21:42:58.926213 2255113 lm_feature_timing.cpp:80] node dpath/a_reg_out[8]:477117 resistance 86.028 cap 0.000556241 slew 0.0475417 delay 0.302122 power 3.93091e-05
I0406 21:42:58.914664 2255173 lm_feature_timing.cpp:80] node dpath/a_lt_b/n20:475438 resistance 0.856 cap 0.000749289 slew 0.012461 delay 0.000641392 power 1.21385e-05
I0406 21:42:58.940297 2254685 lm_feature_timing.cpp:80] node dpath/b_reg/n3:409903 resistance 1.284 cap 0.000768756 slew 0.016325 delay 0.000987083 power 9.73372e-05
I0406 21:42:58.844620 2255181 lm_feature_timing.cpp:80] node dpath/b_reg/U15:A2 resistance 14.98 cap 0.000574604 slew 0.016915 delay 0.0109079 power 6.87694e-05
I0406 21:42:58.928563 2255207 lm_feature_timing.cpp:80] node dpath/a_lt_b/n33:484448 resistance 10.272 cap 0.000701693 slew 0.016585 delay 0.00720779 power 9.79123e-06
I0406 21:42:58.928594 2255083 lm_feature_timing.cpp:80] node dpath/a_reg/n2:386367 resistance 0.428 cap 0.00074409 slew 0.016259 delay 0.00031847 power 3.41608e-05
I0406 21:42:58.928611 2255179 lm_feature_timing.cpp:80] node dpath/a_lt_b/n6:389033 resistance 10.7 cap 0.000941727 slew 0.01385 delay 0.0100765 power 1.5256e-05
I0406 21:42:58.914799 2255187 lm_feature_timing.cpp:125] build net dpath/b_reg_out[5] feature 
I0406 21:42:58.914830 2255110 lm_feature_timing.cpp:80] node dpath/a_reg_out[4]:725243 resistance 2.14 cap 0.0068548 slew 0.0490061 delay 0.0147212 power 0.000421378
I0406 21:42:58.940936 2255179 lm_feature_timing.cpp:80] node dpath/a_lt_b/n6:740993 resistance 10.7 cap 0.000835231 slew 0.01385 delay 0.0100765 power 1.35307e-05
I0406 21:42:58.928655 2255097 lm_feature_timing.cpp:80] node dpath/a_mux_out[5]:739425 resistance 30.388 cap 0.000700874 slew 0.017957 delay 0.0281072 power 7.18664e-05
I0406 21:42:58.928678 2255143 lm_feature_timing.cpp:80] node ctrl_a_reg_en_0_:1089727 resistance 280.34 cap 0.00096525 slew 0.0402399 delay 2.56006 power 7.81852e-06
I0406 21:42:58.940964 2255179 lm_feature_timing.cpp:80] node dpath/a_lt_b/n6:736803 resistance 14.98 cap 0.0007904 slew 0.01385 delay 0.0134594 power 1.28045e-05
I0406 21:42:58.940972 2255097 lm_feature_timing.cpp:80] node dpath/a_mux_out[5]:381555 resistance 0.428 cap 0.00122886 slew 0.017957 delay 0.00052595 power 0.000126005
I0406 21:42:58.940994 2255179 lm_feature_timing.cpp:80] node dpath/a_lt_b/n6:740993 resistance 10.7 cap 0.000835231 slew 0.01385 delay 0.0100765 power 1.35307e-05
I0406 21:42:58.914943 2255214 lm_feature_timing.cpp:80] node dpath/b_reg_out[13]:498777 resistance 0.428 cap 0.00652095 slew 0.046944 delay 0.00279097 power 0.000894618
I0406 21:42:58.928750 2255157 lm_feature_timing.cpp:80] node dpath/a_mux/n18:439289 resistance 0 cap 0.00064193 slew 0.018175 delay 0 power 4.11079e-05
I0406 21:42:58.928691 2255150 lm_feature_timing.cpp:80] node dpath/a_lt_b/n13:746137 resistance 14.552 cap 0.000646222 slew 0.031831 delay 0.0108282 power 2.06194e-05
I0406 21:42:58.928766 2255108 lm_feature_timing.cpp:80] node dpath/a_mux_out[4]:1079657 resistance 38.52 cap 0.000930312 slew 0.019269 delay 0.0420507 power 9.11085e-05
I0406 21:42:58.915046 2255197 lm_feature_timing.cpp:80] node dpath/a_reg/n8:404241 resistance 0 cap 0.000866249 slew 0.01695 delay 0 power 5.72361e-05
I0406 21:42:58.941061 2255187 lm_feature_timing.cpp:80] node dpath/b_reg_out[5]:740251 resistance 29.104 cap 0.000674064 slew 0.041096 delay 0.0530902 power 8.69461e-05
I0406 21:42:58.941076 2255197 lm_feature_timing.cpp:137] net dpath/a_reg/n8 resistance 29.104 cap 0.000866249 slew 0.00263309 delay 0.0103965 power 4.63612e-08
I0406 21:42:58.928805 2255174 lm_feature_timing.cpp:80] node dpath/a_mux/n15:434327 resistance 9.416 cap 0.000827559 slew 0.036668 delay 0.00795987 power 4.68116e-05
I0406 21:42:58.915166 2255185 lm_feature_timing.cpp:80] node dpath/a_reg_out[2]:386515 resistance 69.764 cap 0.000556241 slew 0.0429064 delay 0.241386 power 3.15953e-05
I0406 21:42:58.928799 2255154 lm_feature_timing.cpp:80] node dpath/a_lt_b/n9:741929 resistance 14.552 cap 0.000743108 slew 0.031625 delay 0.012921 power 1.20384e-05
I0406 21:42:58.941116 2255174 lm_feature_timing.cpp:80] node dpath/a_mux/n15:786287 resistance 9.416 cap 0.00074984 slew 0.036668 delay 0.00795987 power 4.24153e-05
I0406 21:42:58.941128 2255185 lm_feature_timing.cpp:80] node dpath/a_reg_out[2]:738475 resistance 69.764 cap 0.000584628 slew 0.0429064 delay 0.241386 power 3.32077e-05
I0406 21:42:58.941139 2255154 lm_feature_timing.cpp:80] node dpath/a_lt_b/n9:388294 resistance 16.692 cap 0.00069162 slew 0.031625 delay 0.0144434 power 1.12042e-05
I0406 21:42:58.915220 2255064 lm_feature_timing.cpp:137] net dpath/a_lt_b/n25 resistance 13.696 cap 0.000725955 slew 0.000344529 delay 0.00449543 power 1.52157e-08
I0406 21:42:58.845093 2255180 lm_feature_timing.cpp:137] net dpath/b_mux_out[10] resistance 10.272 cap 0.00068071 slew 0.000310383 delay 0.00322365 power 2.82522e-08
I0406 21:42:58.928834 2255129 lm_feature_timing.cpp:80] node dpath/b_reg_out[14]:829681 resistance 25.252 cap 0.00273353 slew 0.0401761 delay 0.0799496 power 0.000442831
I0406 21:42:58.941171 2255064 lm_feature_timing.cpp:125] build net dpath/b_zero/n1 feature 
I0406 21:42:58.941188 2255129 lm_feature_timing.cpp:80] node dpath/b_reg_out[14]:837223 resistance 32.956 cap 0.00141056 slew 0.0401761 delay 0.0908165 power 0.00022851
I0406 21:42:58.941212 2255129 lm_feature_timing.cpp:80] node dpath/b_reg_out[14]:446717 resistance 57.78 cap 0.000612927 slew 0.0401761 delay 0.110171 power 9.92941e-05
I0406 21:42:58.941236 2255129 lm_feature_timing.cpp:80] node dpath/b_reg_out[14]:798677 resistance 57.78 cap 0.000929088 slew 0.0401761 delay 0.110171 power 0.000150512
I0406 21:42:58.941258 2255129 lm_feature_timing.cpp:80] node dpath/b_reg_out[14]:446713 resistance 59.492 cap 0.000592762 slew 0.0401761 delay 0.111186 power 9.60275e-05
I0406 21:42:58.941267 2255064 lm_feature_timing.cpp:80] node dpath/b_zero/n1:411659 resistance 4.28 cap 0.0015702 slew 0.017815 delay 0.00672046 power 5.08745e-05
I0406 21:42:58.941280 2255129 lm_feature_timing.cpp:80] node dpath/b_reg_out[14]:446717 resistance 57.78 cap 0.000612927 slew 0.0401761 delay 0.110171 power 9.92941e-05
I0406 21:42:58.941293 2255064 lm_feature_timing.cpp:80] node dpath/b_zero/n1:763619 resistance 4.28 cap 0.00152537 slew 0.017815 delay 0.00672046 power 4.9422e-05
I0406 21:42:58.941308 2255129 lm_feature_timing.cpp:80] node dpath/b_reg_out[14]:485261 resistance 33.812 cap 0.000611386 slew 0.0401761 delay 0.0913398 power 9.90446e-05
I0406 21:42:58.928876 2255152 lm_feature_timing.cpp:80] node dpath/a_lt_b/n24:485485 resistance 11.984 cap 0.000601135 slew 0.019989 delay 0.00922655 power 0
I0406 21:42:58.941351 2255129 lm_feature_timing.cpp:80] node dpath/b_reg_out[14]:485263 resistance 32.956 cap 0.00133284 slew 0.0401761 delay 0.0908165 power 0.00021592
I0406 21:42:58.941360 2255152 lm_feature_timing.cpp:80] node dpath/a_lt_b/n24:485479 resistance 9.416 cap 0.000629522 slew 0.019989 delay 0.00768284 power 0
I0406 21:42:58.941375 2255129 lm_feature_timing.cpp:80] node dpath/b_reg_out[14]:829681 resistance 25.252 cap 0.00273353 slew 0.0401761 delay 0.0799496 power 0.000442831
I0406 21:42:58.941382 2255152 lm_feature_timing.cpp:80] node dpath/a_lt_b/n24:837439 resistance 9.416 cap 0.000657908 slew 0.019989 delay 0.00768284 power 0
I0406 21:42:58.941398 2255129 lm_feature_timing.cpp:80] node dpath/b_reg_out[14]:1181641 resistance 25.252 cap 0.00295925 slew 0.0401761 delay 0.0799496 power 0.000479398
I0406 21:42:58.941406 2255152 lm_feature_timing.cpp:80] node dpath/a_lt_b/n24:834925 resistance 6.848 cap 0.000686295 slew 0.019989 delay 0.00599333 power 0
I0406 21:42:58.941422 2255129 lm_feature_timing.cpp:80] node dpath/b_reg_out[14]:829735 resistance 2.14 cap 0.00538296 slew 0.040176 delay 0.0115555 power 0.00087204
I0406 21:42:58.941426 2255152 lm_feature_timing.cpp:80] node dpath/a_lt_b/n24:837439 resistance 9.416 cap 0.000657908 slew 0.019989 delay 0.00768284 power 0
I0406 21:42:58.941445 2255129 lm_feature_timing.cpp:80] node dpath/b_reg_out[14]:1181695 resistance 2.14 cap 0.00318496 slew 0.040176 delay 0.0115555 power 0.000515964
I0406 21:42:58.941449 2255152 lm_feature_timing.cpp:80] node dpath/a_lt_b/n24:482965 resistance 6.848 cap 0.000743459 slew 0.019989 delay 0.00599333 power 0
I0406 21:42:58.941468 2255129 lm_feature_timing.cpp:80] node dpath/b_reg_out[14]:1181641 resistance 25.252 cap 0.00295925 slew 0.0401761 delay 0.0799496 power 0.000479398
I0406 21:42:58.941474 2255152 lm_feature_timing.cpp:80] node dpath/a_lt_b/n24:834925 resistance 6.848 cap 0.000686295 slew 0.019989 delay 0.00599333 power 0
I0406 21:42:58.941491 2255129 lm_feature_timing.cpp:80] node dpath/b_reg_out[14]:1181695 resistance 2.14 cap 0.00318496 slew 0.040176 delay 0.0115555 power 0.000515964
I0406 21:42:58.941497 2255152 lm_feature_timing.cpp:80] node dpath/a_lt_b/n24:482952 resistance 1.284 cap 0.00144605 slew 0.019989 delay 0.00185672 power 0
I0406 21:42:58.941516 2255129 lm_feature_timing.cpp:80] node dpath/a_lt_b/U36:B resistance 38.948 cap 0.000586961 slew 0.0401761 delay 0.0947007 power 9.50877e-05
I0406 21:42:58.915373 2255133 lm_feature_timing.cpp:80] node dpath/a_mux/n16:439277 resistance 0.428 cap 0.000772311 slew 0.020149 delay 0.000330549 power 4.94573e-05
I0406 21:42:58.929065 2255177 lm_feature_timing.cpp:80] node dpath/b_reg/n9:1129097 resistance 5.992 cap 0.000748201 slew 0.016665 delay 0.00459449 power 9.73688e-05
I0406 21:42:58.941543 2255129 lm_feature_timing.cpp:80] node dpath/b_reg_out[14]:486113 resistance 38.948 cap 0.000648236 slew 0.0401761 delay 0.0947007 power 0.000105014
