I0315 02:59:28.444319 2851258 lm_feature_timing.cpp:80] node dpath/a_reg/n17:822127 resistance 21.4 cap 0.000732539 slew 0.017676 delay 0.0165879 power 7.41367e-05
I0315 02:59:06.976289 2851230 lm_feature_timing.cpp:80] node dpath/a_reg_out[1]:387265 resistance 55.212 cap 0.000461654 slew 0.0420913 delay 0.189743 power 2.50624e-05
I0315 02:59:28.447155 2851166 lm_feature_timing.cpp:80] node dpath/b_reg/n4:407436 resistance 0 cap 0.000817698 slew 0.01652 delay 0 power 0.000104048
I0315 02:59:28.447197 2851173 lm_feature_timing.cpp:80] node dpath/a_reg_out[4]:725243 resistance 2.14 cap 0.0068548 slew 0.0490061 delay 0.0147212 power 0.000421378
I0315 02:59:28.447256 2851230 lm_feature_timing.cpp:80] node dpath/a_reg_out[1]:739225 resistance 55.212 cap 0.00056404 slew 0.0420913 delay 0.189743 power 3.06208e-05
I0315 02:59:06.977221 2851234 lm_feature_timing.cpp:80] node dpath/a_mux_out[14]:827159 resistance 19.688 cap 0.00086549 slew 0.0173 delay 0.017208 power 0.000149552
I0315 02:59:06.975633 2851231 lm_feature_timing.cpp:80] node ctrl/state_out[0]:440051 resistance 77.896 cap 0.000596981 slew 0.0498893 delay 0.236384 power 5.31483e-05
I0315 02:59:28.447288 2851230 lm_feature_timing.cpp:80] node dpath/a_reg_out[1]:729169 resistance 44.94 cap 0.000666426 slew 0.0420913 delay 0.183949 power 3.61791e-05
I0315 02:59:28.447283 2851258 lm_feature_timing.cpp:80] node dpath/a_reg/U5:Z resistance 0 cap 0.000990363 slew 0.017676 delay 0 power 0.00010023
I0315 02:59:28.447295 2851166 lm_feature_timing.cpp:80] node dpath/b_reg/n4:407441 resistance 2.14 cap 0.000793423 slew 0.01652 delay 0.00169792 power 0.000100959
I0315 02:59:28.444520 2851277 lm_feature_timing.cpp:80] node dpath/a_mux_out[5]:387470 resistance 32.528 cap 0.000598879 slew 0.017957 delay 0.0293888 power 6.14081e-05
I0315 02:59:28.444536 2851136 lm_feature_timing.cpp:80] node dpath/a_lt_b/U37:ZN resistance 0 cap 0.00102503 slew 0.045927 delay 0 power 2.40052e-05
I0315 02:59:28.447353 2851258 lm_feature_timing.cpp:80] node dpath/a_reg/n17:455093 resistance 0 cap 0.000990363 slew 0.017676 delay 0 power 0.00010023
I0315 02:59:28.444586 2851289 lm_feature_timing.cpp:80] node dpath/a_mux/n13:380713 resistance 14.552 cap 0.000705791 slew 0.035942 delay 0.0106487 power 3.99237e-05
I0315 02:59:28.444636 2851232 lm_feature_timing.cpp:80] node dpath/a_reg/n3:761797 resistance 36.38 cap 0.000839427 slew 0.019387 delay 0.0334405 power 4.55711e-05
I0315 02:59:28.447393 2851166 lm_feature_timing.cpp:80] node dpath/b_reg/out_reg_2_:D resistance 12.412 cap 0.000564376 slew 0.01652 delay 0.0085469 power 7.18138e-05
I0315 02:59:28.447412 2851289 lm_feature_timing.cpp:80] node dpath/a_mux/n13:730981 resistance 0 cap 0.000881394 slew 0.035942 delay 0 power 4.98568e-05
I0315 02:59:28.444648 2851215 lm_feature_timing.cpp:80] node dpath/b_reg/U17:Z resistance 0 cap 0.00078481 slew 0.016325 delay 0 power 9.93698e-05
I0315 02:59:06.976349 2851168 lm_feature_timing.cpp:80] node ctrl/n3:789511 resistance 3.424 cap 0.000656426 slew 0.015546 delay 0.0022476 power 1.57011e-05
I0315 02:59:28.444684 2851268 lm_feature_timing.cpp:80] node dpath/a_reg_out[2]:1087921 resistance 67.196 cap 0.000698955 slew 0.0429064 delay 0.239885 power 3.97017e-05
I0315 02:59:06.976387 2851199 lm_feature_timing.cpp:80] node dpath/a_reg/out_reg_6_:D resistance 14.552 cap 0.000617429 slew 0.01695 delay 0.0103965 power 4.07957e-05
I0315 02:59:28.447459 2851168 lm_feature_timing.cpp:80] node ctrl/n3:434199 resistance 0 cap 0.00139018 slew 0.015546 delay 0 power 3.32518e-05
I0315 02:59:06.977442 2851229 lm_feature_timing.cpp:80] node ctrl/n2:792019 resistance 1.712 cap 0.000849369 slew 0.023799 delay 0.00253589 power 6.87989e-06
I0315 02:59:28.447489 2851168 lm_feature_timing.cpp:80] node ctrl/n3:786159 resistance 0 cap 0.000693034 slew 0.015546 delay 0 power 1.65767e-05
I0315 02:59:28.444821 2851261 lm_feature_timing.cpp:80] node CTS_1:776185 resistance 73.616 cap 0.000430189 slew 0.000313884 delay 0.326972 power 0.000139381
I0315 02:59:28.447516 2851168 lm_feature_timing.cpp:80] node ctrl/n3:437549 resistance 4.28 cap 0.000607875 slew 0.015546 delay 0.00276794 power 1.45398e-05
I0315 02:59:06.976558 2851206 lm_feature_timing.cpp:80] node dpath/b_reg/out_reg_15_:D resistance 6.848 cap 0.000564376 slew 0.015991 delay 0.00434713 power 7.80789e-05
I0315 02:59:28.447544 2851168 lm_feature_timing.cpp:80] node ctrl/n3:437551 resistance 3.424 cap 0.000619817 slew 0.015546 delay 0.0022476 power 1.48254e-05
I0315 02:59:06.973822 2851207 lm_feature_timing.cpp:125] build net dpath/a_reg/n12 feature 
I0315 02:59:28.444829 2851185 lm_feature_timing.cpp:80] node dpath/a_reg/n19:508973 resistance 2.996 cap 0.000997854 slew 9.02853e-06 delay 0.00298957 power 0
I0315 02:59:28.447573 2851168 lm_feature_timing.cpp:80] node ctrl/U12:ZN resistance 0 cap 0.00139018 slew 0.015546 delay 0 power 3.32518e-05
I0315 02:59:28.444873 2851134 lm_feature_timing.cpp:80] node dpath/a_lt_b/n3:386421 resistance 4.28 cap 0.000761916 slew 0.018363 delay 0.00496461 power 6.17152e-06
I0315 02:59:06.975080 2851180 lm_feature_timing.cpp:80] node dpath/a_lt_b/n19:477133 resistance 20.972 cap 0.000647858 slew 0.017501 delay 0.0179182 power 1.09783e-05
I0315 02:59:28.447602 2851185 lm_feature_timing.cpp:80] node dpath/a_reg/n19:860933 resistance 2.996 cap 0.000965357 slew 9.02853e-06 delay 0.00298957 power 0
I0315 02:59:28.447594 2851261 lm_feature_timing.cpp:80] node dpath/a_reg/out_reg_3_:CP resistance 100.152 cap 0.000418247 slew 0.00031565 delay 0.361178 power 0.000135512
I0315 02:59:28.444938 2851160 lm_feature_timing.cpp:80] node dpath/a_lt_b/U28:B2 resistance 20.544 cap 0.000600779 slew 0.047613 delay 0.0167785 power 1.50096e-05
I0315 02:59:28.447636 2851180 lm_feature_timing.cpp:80] node dpath/a_lt_b/n19:829093 resistance 20.972 cap 0.000816021 slew 0.017501 delay 0.0179182 power 1.38279e-05
I0315 02:59:28.447669 2851160 lm_feature_timing.cpp:80] node dpath/a_lt_b/n22:484639 resistance 20.544 cap 0.000612721 slew 0.047613 delay 0.0167785 power 1.5308e-05
I0315 02:59:06.974915 2851151 lm_feature_timing.cpp:80] node ctrl_a_reg_en_0_:454533 resistance 204.156 cap 0.00110099 slew 0.0402393 delay 2.32085 power 8.91801e-06
I0315 02:59:28.447669 2851207 lm_feature_timing.cpp:80] node dpath/a_reg/out_reg_10_:CN resistance 47.08 cap 0.000562576 slew 0.020481 delay 0.048563 power 4.55687e-06
I0315 02:59:06.976730 2851269 lm_feature_timing.cpp:80] node dpath/b_mux_out[15]:446739 resistance 0 cap 0.000935596 slew 0.017135 delay 0 power 0.000131643
I0315 02:59:28.445019 2851284 lm_feature_timing.cpp:80] node dpath/a_reg/n4:753533 resistance 16.264 cap 0.000691428 slew 0.01709 delay 0.0118058 power 3.92742e-05
I0315 02:59:28.447693 2851261 lm_feature_timing.cpp:80] node CTS_1:394051 resistance 100.152 cap 0.000418247 slew 0.00031565 delay 0.361178 power 0.000135512
I0315 02:59:06.975277 2851208 lm_feature_timing.cpp:80] node dpath/b_reg/out_reg_3_:D resistance 10.7 cap 0.000564376 slew 0.016388 delay 0.00721337 power 7.21463e-05
I0315 02:59:28.447758 2851284 lm_feature_timing.cpp:80] node dpath/a_reg/n4:740963 resistance 3.424 cap 0.00081848 slew 0.01709 delay 0.00292782 power 4.64909e-05
I0315 02:59:06.977722 2851182 lm_feature_timing.cpp:80] node dpath/b_reg/U15:A2 resistance 14.98 cap 0.000574604 slew 0.016915 delay 0.0109079 power 6.87694e-05
I0315 02:59:28.447783 2851208 lm_feature_timing.cpp:80] node dpath/b_reg/n5:777033 resistance 10.7 cap 0.000625651 slew 0.016388 delay 0.00721337 power 7.99793e-05
I0315 02:59:28.445214 2851192 lm_feature_timing.cpp:80] node dpath/a_mux/n16:791237 resistance 0.428 cap 0.00076448 slew 0.020149 delay 0.000330549 power 4.89558e-05
I0315 02:59:28.447798 2851261 lm_feature_timing.cpp:80] node dpath/a_reg/out_reg_2_:CP resistance 98.44 cap 0.000418247 slew 0.00031564 delay 0.360269 power 0.000135512
I0315 02:59:28.447816 2851208 lm_feature_timing.cpp:80] node dpath/b_reg/n5:771167 resistance 4.708 cap 0.000686926 slew 0.016388 delay 0.00346447 power 8.78123e-05
I0315 02:59:06.976785 2851195 lm_feature_timing.cpp:80] node dpath/b_reg/U11:A2 resistance 3.852 cap 0.000574604 slew 0.015518 delay 0.00237023 power 7.14166e-05
I0315 02:59:28.447808 2851269 lm_feature_timing.cpp:80] node dpath/b_reg/U3:A2 resistance 18.404 cap 0.000574604 slew 0.017135 delay 0.0138969 power 8.08498e-05
I0315 02:59:28.447844 2851182 lm_feature_timing.cpp:80] node dpath/b_mux_out[3]:417537 resistance 14.98 cap 0.000611213 slew 0.016915 delay 0.0109079 power 7.31508e-05
I0315 02:59:28.447860 2851261 lm_feature_timing.cpp:80] node CTS_1:402419 resistance 98.44 cap 0.000418247 slew 0.00031564 delay 0.360269 power 0.000135512
I0315 02:59:06.976578 2851139 lm_feature_timing.cpp:80] node dpath/a_reg/out_reg_11_:D resistance 35.096 cap 0.000564376 slew 0.019329 delay 0.0319474 power 5.1764e-05
I0315 02:59:28.445278 2851165 lm_feature_timing.cpp:80] node dpath/a_reg_out[8]:798137 resistance 24.396 cap 0.00418777 slew 0.0475415 delay 0.156357 power 0.000295946
I0315 02:59:28.447906 2851269 lm_feature_timing.cpp:80] node dpath/b_mux_out[15]:447610 resistance 18.404 cap 0.0007551 slew 0.017135 delay 0.0138969 power 0.000106246
I0315 02:59:06.977824 2851183 lm_feature_timing.cpp:80] node dpath/a_reg/n2:746707 resistance 8.988 cap 0.000650317 slew 0.016259 delay 0.00588519 power 2.98558e-05
I0315 02:59:28.447944 2851165 lm_feature_timing.cpp:80] node dpath/a_reg_out[8]:477117 resistance 86.028 cap 0.000556241 slew 0.0475417 delay 0.302122 power 3.93091e-05
I0315 02:59:28.445335 2851135 lm_feature_timing.cpp:80] node dpath/a_lt_b/n24:485479 resistance 9.416 cap 0.000629522 slew 0.019989 delay 0.00768284 power 0
I0315 02:59:28.445361 2851274 lm_feature_timing.cpp:80] node dpath/a_reg_out[10]:484622 resistance 23.968 cap 0.000607275 slew 0.0393864 delay 0.121154 power 0
I0315 02:59:28.447975 2851269 lm_feature_timing.cpp:80] node dpath/b_mux_out[15]:446739 resistance 0 cap 0.000935596 slew 0.017135 delay 0 power 0.000131643
I0315 02:59:28.445503 2851212 lm_feature_timing.cpp:80] node dpath/a_mux_out[12]:445167 resistance 1.284 cap 0.00135297 slew 0.018929 delay 0.00173721 power 0.000221148
I0315 02:59:06.977954 2851224 lm_feature_timing.cpp:80] node dpath/a_mux/U26:B resistance 5.992 cap 0.000586961 slew 0.034079 delay 0.00392244 power 3.3202e-05
I0315 02:59:06.977948 2851286 lm_feature_timing.cpp:80] node dpath/a_reg/n9:440276 resistance 0 cap 0.000728037 slew 0.016117 delay 0 power 4.9777e-05
I0315 02:59:28.448052 2851183 lm_feature_timing.cpp:80] node dpath/a_reg/n2:738327 resistance 0.428 cap 0.000736259 slew 0.016259 delay 0.00031847 power 3.38013e-05
I0315 02:59:28.448091 2851224 lm_feature_timing.cpp:80] node dpath/a_mux/n12:445859 resistance 5.992 cap 0.000598903 slew 0.034079 delay 0.00392244 power 3.38775e-05
I0315 02:59:28.448093 2851269 lm_feature_timing.cpp:80] node dpath/b_mux_out[15]:447610 resistance 18.404 cap 0.0007551 slew 0.017135 delay 0.0138969 power 0.000106246
I0315 02:59:06.976984 2851193 lm_feature_timing.cpp:80] node dpath/a_reg/n1:831337 resistance 4.28 cap 0.000669753 slew 0.011477 delay 0.00305842 power 0.00011573
I0315 02:59:28.448951 2851269 lm_feature_timing.cpp:137] net dpath/b_mux_out[15] resistance 36.808 cap 0.000935596 slew 0.00472228 delay 0.0138969 power 1.04604e-07
I0315 02:59:28.445515 2851147 lm_feature_timing.cpp:80] node dpath/a_reg/n18:740289 resistance 85.6 cap 0.00627392 slew 0.0502106 delay 0.773999 power 5.08187e-05
I0315 02:59:06.977998 2851247 lm_feature_timing.cpp:80] node dpath/a_mux/n10:445130 resistance 4.708 cap 0.000892554 slew 0.037124 delay 0.004405 power 5.04881e-05
I0315 02:59:28.445554 2851276 lm_feature_timing.cpp:80] node dpath/a_mux_out[7]:791381 resistance 25.252 cap 0.000635097 slew 0.017289 delay 0.0214141 power 7.09609e-05
I0315 02:59:28.449014 2851193 lm_feature_timing.cpp:80] node dpath/a_reg/n1:837203 resistance 10.272 cap 0.000608478 slew 0.011477 delay 0.00670442 power 0.000105142
I0315 02:59:28.445596 2851255 lm_feature_timing.cpp:80] node dpath/a_mux/n3:380547 resistance 4.28 cap 0.000631792 slew 0.033624 delay 0.00270407 power 3.57379e-05
I0315 02:59:28.449057 2851147 lm_feature_timing.cpp:80] node dpath/a_reg/n18:388325 resistance 83.888 cap 0.00706626 slew 0.0502105 delay 0.763224 power 5.72367e-05
I0315 02:59:28.449076 2851247 lm_feature_timing.cpp:80] node dpath/a_mux/n10:445141 resistance 9.416 cap 0.00083167 slew 0.037124 delay 0.0083205 power 4.70441e-05
I0315 02:59:28.449095 2851193 lm_feature_timing.cpp:80] node dpath/a_reg/n1:485242 resistance 10.7 cap 0.000539372 slew 0.011477 delay 0.00693527 power 9.32006e-05
I0315 02:59:28.445763 2851228 lm_feature_timing.cpp:80] node dpath/b_mux_out[14]:1166613 resistance 9.844 cap 0.000765869 slew 0.01702 delay 0.00785434 power 0.000140292
I0315 02:59:28.445811 2851275 lm_feature_timing.cpp:80] node dpath/a_lt_b/n4:386584 resistance 14.552 cap 0.000580429 slew 0.021374 delay 0.0106435 power 4.70148e-06
I0315 02:59:28.445823 2851243 lm_feature_timing.cpp:125] build net dpath/b_reg/n9 feature 
I0315 02:59:28.449169 2851247 lm_feature_timing.cpp:80] node dpath/a_mux/U21:ZN resistance 0 cap 0.000985935 slew 0.037124 delay 0 power 5.57703e-05
I0315 02:59:28.449179 2851193 lm_feature_timing.cpp:80] node dpath/a_reg/n1:485243 resistance 10.272 cap 0.000547203 slew 0.011477 delay 0.00670442 power 9.45538e-05
I0315 02:59:06.976137 2851189 lm_feature_timing.cpp:80] node dpath/a_mux/U14:B resistance 4.28 cap 0.000586961 slew 0.033624 delay 0.00270407 power 3.3202e-05
I0315 02:59:28.445849 2851226 lm_feature_timing.cpp:80] node dpath/a_lt_b/n18:830753 resistance 14.124 cap 0.00070576 slew 0.021423 delay 0.0153273 power 5.71666e-06
I0315 02:59:28.449223 2851228 lm_feature_timing.cpp:80] node dpath/b_mux_out[14]:464353 resistance 1.284 cap 0.000891748 slew 0.01702 delay 0.001145 power 0.00016335
I0315 02:59:28.449247 2851189 lm_feature_timing.cpp:80] node dpath/a_mux/n6:380631 resistance 4.28 cap 0.000631792 slew 0.033624 delay 0.00270407 power 3.57379e-05
I0315 02:59:28.449247 2851247 lm_feature_timing.cpp:80] node dpath/a_mux/n10:445968 resistance 3.852 cap 0.000945216 slew 0.037124 delay 0.00364097 power 5.3467e-05
I0315 02:59:28.449303 2851226 lm_feature_timing.cpp:80] node dpath/a_lt_b/n18:484659 resistance 8.132 cap 0.000778978 slew 0.021423 delay 0.0110984 power 6.30972e-06
I0315 02:59:28.449309 2851243 lm_feature_timing.cpp:80] node dpath/b_reg/out_reg_7_:D resistance 12.84 cap 0.000564376 slew 0.016665 delay 0.00893526 power 7.34463e-05
I0315 02:59:06.976269 2851190 lm_feature_timing.cpp:80] node ctrl/FE_OFN1_ctrl_b_mux_sel_0:439182 resistance 3.852 cap 0.000638682 slew 0.021054 delay 0.0024602 power 6.20342e-05
I0315 02:59:28.445933 2851188 lm_feature_timing.cpp:80] node dpath/a_lt_b/n13:394177 resistance 14.552 cap 0.000593169 slew 0.031831 delay 0.0108282 power 1.89266e-05
I0315 02:59:28.449379 2851226 lm_feature_timing.cpp:80] node dpath/a_lt_b/n18:836619 resistance 8.132 cap 0.000767035 slew 0.021423 delay 0.0110984 power 6.21299e-06
I0315 02:59:06.977294 2851184 lm_feature_timing.cpp:80] node dpath/a_reg/n15:470248 resistance 0 cap 0.00182668 slew 0.022647 delay 0 power 0.000176435
I0315 02:59:06.977298 2851271 lm_feature_timing.cpp:80] node dpath/a_reg_out[6]:752841 resistance 33.812 cap 0.00164296 slew 0.0449412 delay 0.151119 power 0.000108556
I0315 02:59:28.446043 2851259 lm_feature_timing.cpp:80] node dpath/b_mux_out[6]:417596 resistance 14.552 cap 0.000582435 slew 0.016905 delay 0.0105581 power 7.17207e-05
I0315 02:59:28.449446 2851188 lm_feature_timing.cpp:80] node dpath/a_lt_b/n13:746137 resistance 14.552 cap 0.000646222 slew 0.031831 delay 0.0108282 power 2.06194e-05
I0315 02:59:28.449455 2851190 lm_feature_timing.cpp:80] node ctrl/FE_OFN1_ctrl_b_mux_sel_0:439191 resistance 0 cap 0.000679401 slew 0.021054 delay 0 power 6.59892e-05
I0315 02:59:28.449471 2851226 lm_feature_timing.cpp:80] node dpath/a_lt_b/n18:830753 resistance 14.124 cap 0.00070576 slew 0.021423 delay 0.0153273 power 5.71666e-06
I0315 02:59:28.446126 2851248 lm_feature_timing.cpp:80] node dpath/b_reg/n12:842483 resistance 40.232 cap 0.000604705 slew 0.019979 delay 0.0402165 power 5.26161e-05
I0315 02:59:28.449512 2851188 lm_feature_timing.cpp:80] node dpath/a_lt_b/n13:741109 resistance 9.416 cap 0.000699275 slew 0.031831 delay 0.00750923 power 2.23122e-05
I0315 02:59:06.974637 2851172 lm_feature_timing.cpp:80] node dpath/b_reg/out_reg_14_:D resistance 16.692 cap 0.000564376 slew 0.01706 delay 0.0121685 power 9.26125e-05
I0315 02:59:06.976472 2851200 lm_feature_timing.cpp:80] node dpath/a_mux/placeFE_OFC5_n18:I resistance 1.284 cap 0.000609824 slew 0.018175 delay 0.000803626 power 3.90519e-05
I0315 02:59:28.449558 2851226 lm_feature_timing.cpp:80] node dpath/a_lt_b/n18:836619 resistance 8.132 cap 0.000767035 slew 0.021423 delay 0.0110984 power 6.21299e-06
I0315 02:59:06.977519 2851264 lm_feature_timing.cpp:80] node dpath/a_lt_b/n10:746123 resistance 13.696 cap 0.000728037 slew 0.022374 delay 0.0183584 power 5.8971e-06
I0315 02:59:28.449595 2851200 lm_feature_timing.cpp:80] node dpath/a_mux/n18:439292 resistance 1.284 cap 0.000625877 slew 0.018175 delay 0.000803626 power 4.00799e-05
I0315 02:59:28.449607 2851172 lm_feature_timing.cpp:80] node dpath/b_reg/n16:828929 resistance 16.692 cap 0.000716095 slew 0.01706 delay 0.0121685 power 0.000117509
I0315 02:59:28.449632 2851200 lm_feature_timing.cpp:80] node dpath/a_mux/n18:439289 resistance 0 cap 0.00064193 slew 0.018175 delay 0 power 4.11079e-05
I0315 02:59:06.977644 2842323 lm_feature_timing.cpp:80] node dpath/a_lt_b/n8:737633 resistance 0 cap 0.00153576 slew 0.053906 delay 0 power 2.47578e-05
I0315 02:59:28.446372 2851178 lm_feature_timing.cpp:80] node dpath/a_reg_out[9]:831621 resistance 28.248 cap 0.00270692 slew 0.0459835 delay 0.170477 power 0.000197515
I0315 02:59:28.449663 2851200 lm_feature_timing.cpp:80] node dpath/a_mux/n18:439292 resistance 1.284 cap 0.000625877 slew 0.018175 delay 0.000803626 power 4.00799e-05
I0315 02:59:06.977649 2851197 lm_feature_timing.cpp:80] node dpath/a_reg/n10:470446 resistance 0 cap 0.000711592 slew 0.016096 delay 0 power 5.02877e-05
I0315 02:59:06.977819 2851174 lm_feature_timing.cpp:80] node dpath/a_reg/U19:A2 resistance 15.836 cap 0.000574604 slew 0.016457 delay 0.011685 power 3.83884e-05
I0315 02:59:28.446435 2851133 lm_feature_timing.cpp:80] node dpath/a_reg/out_reg_4_:D resistance 3.424 cap 0.000600985 slew 0.015676 delay 0.00205777 power 3.69437e-05
I0315 02:59:28.446434 2851252 lm_feature_timing.cpp:80] node dpath/a_lt_b/n30:494591 resistance 38.948 cap 0.000888946 slew 0.0375951 delay 0.0631483 power 1.88008e-05
I0315 02:59:28.446470 2851244 lm_feature_timing.cpp:80] node dpath/a_mux_out[11]:477032 resistance 37.664 cap 0.000582435 slew 0.018599 delay 0.035739 power 9.22736e-05
I0315 02:59:28.449786 2851133 lm_feature_timing.cpp:80] node dpath/a_reg/U15:Z resistance 0 cap 0.000637593 slew 0.015676 delay 0 power 3.91941e-05
I0315 02:59:06.976955 2851179 lm_feature_timing.cpp:80] node dpath/b_reg/U16:A2 resistance 35.524 cap 0.000574604 slew 0.019314 delay 0.0331562 power 6.80925e-05
I0315 02:59:28.449812 2851244 lm_feature_timing.cpp:80] node dpath/a_mux_out[11]:477033 resistance 37.236 cap 0.000590266 slew 0.018599 delay 0.0354897 power 9.35143e-05
I0315 02:59:28.446508 2851163 lm_feature_timing.cpp:80] node dpath/a_mux/n14:395806 resistance 15.836 cap 0.000603014 slew 0.036474 delay 0.0119985 power 3.411e-05
I0315 02:59:28.446545 2851279 lm_feature_timing.cpp:125] build net dpath/b_reg_out[0] feature 
I0315 02:59:28.449844 2851244 lm_feature_timing.cpp:80] node dpath/a_mux/U6:ZN resistance 0 cap 0.00132047 slew 0.018599 delay 0 power 0.000209199
I0315 02:59:28.449857 2851163 lm_feature_timing.cpp:80] node dpath/a_mux/n14:395803 resistance 14.552 cap 0.000619067 slew 0.036474 delay 0.0112242 power 3.50181e-05
I0315 02:59:28.446611 2851250 lm_feature_timing.cpp:80] node dpath/b_mux/n1:441917 resistance 0.856 cap 0.0171972 slew 0.0427522 delay 0.0147208 power 0.00167034
I0315 02:59:28.449859 2851252 lm_feature_timing.cpp:80] node dpath/a_lt_b/U33:A1 resistance 49.22 cap 0.000758174 slew 0.0375951 delay 0.0709363 power 1.6035e-05
I0315 02:59:28.449885 2851163 lm_feature_timing.cpp:80] node dpath/a_mux/n14:395806 resistance 15.836 cap 0.000603014 slew 0.036474 delay 0.0119985 power 3.411e-05
I0315 02:59:28.446576 2851181 lm_feature_timing.cpp:80] node dpath/a_lt_b/n6:384843 resistance 14.98 cap 0.000745569 slew 0.01385 delay 0.0134594 power 1.20782e-05
I0315 02:59:28.449901 2851250 lm_feature_timing.cpp:80] node dpath/b_mux/n1:776271 resistance 29.104 cap 0.000667642 slew 0.0427555 delay 0.328655 power 6.4847e-05
I0315 02:59:28.443349 2851137 lm_feature_timing.cpp:80] node ctrl_a_mux_sel[0]:440110 resistance 50.504 cap 0.00123308 slew 0.0481361 delay 0.0993113 power 3.94818e-05
I0315 02:59:28.446623 2851155 lm_feature_timing.cpp:80] node dpath/a_lt_b/n12:740237 resistance 10.7 cap 0.000735271 slew 0.020683 delay 0.0111573 power 5.9557e-06
I0315 02:59:28.449930 2851250 lm_feature_timing.cpp:80] node dpath/b_mux/n1:1128231 resistance 29.104 cap 0.000704251 slew 0.0427555 delay 0.328655 power 6.84028e-05
I0315 02:59:28.446655 2851196 lm_feature_timing.cpp:80] node dpath/a_reg_out[7]:424364 resistance 27.392 cap 0.000615497 slew 0.0402571 delay 0.0866866 power 4.20825e-05
I0315 02:59:28.446656 2851221 lm_feature_timing.cpp:80] node dpath/a_lt_b/n32:486999 resistance 17.976 cap 0.000635035 slew 0.020978 delay 0.0187062 power 5.14378e-06
I0315 02:59:28.443384 2851141 lm_feature_timing.cpp:80] node dpath/a_mux/U24:B resistance 7.276 cap 0.000586961 slew 0.034274 delay 0.0048063 power 3.3202e-05
I0315 02:59:28.446743 2851260 lm_feature_timing.cpp:80] node dpath/b_reg/n10:464552 resistance 0 cap 0.000956692 slew 0.017358 delay 0 power 0.000125051
I0315 02:59:28.449999 2851141 lm_feature_timing.cpp:80] node dpath/a_mux/n11:455982 resistance 7.276 cap 0.000660569 slew 0.034274 delay 0.0048063 power 3.73657e-05
I0315 02:59:28.446755 2851273 lm_feature_timing.cpp:80] node dpath/a_reg_out[15]:1154831 resistance 23.112 cap 0.000806273 slew 0.027745 delay 0.0435509 power 8.1599e-05
I0315 02:59:28.446769 2851257 lm_feature_timing.cpp:80] node dpath/a_reg_out[11]:815571 resistance 56.068 cap 0.00086833 slew 0.0394354 delay 0.205558 power 7.96424e-05
I0315 02:59:28.446780 2851167 lm_feature_timing.cpp:80] node ctrl/n4:423287 resistance 22.256 cap 0.000663233 slew 0.029179 delay 0.0198754 power 4.83022e-05
I0315 02:59:06.975745 2851251 lm_feature_timing.cpp:80] node dpath/a_lt_b/n11:393321 resistance 7.704 cap 0.000608132 slew 0.030248 delay 0.00927981 power 9.85174e-06
I0315 02:59:28.450059 2851260 lm_feature_timing.cpp:80] node dpath/b_reg/n10:464574 resistance 9.416 cap 0.000862529 slew 0.017358 delay 0.00812157 power 0.000112743
I0315 02:59:28.450074 2851257 lm_feature_timing.cpp:80] node dpath/a_reg_out[11]:1167515 resistance 62.916 cap 0.000729336 slew 0.0394354 delay 0.210553 power 6.6894e-05
I0315 02:59:06.975762 2851204 lm_feature_timing.cpp:80] node dpath/b_reg/n11:491388 resistance 33.384 cap 0.000669308 slew 0.019352 delay 0.0315071 power 8.78709e-05
I0315 02:59:28.446803 2851287 lm_feature_timing.cpp:80] node dpath/a_lt_b/n5:387341 resistance 1.712 cap 0.000619471 slew 0.015064 delay 0.00106053 power 7.84018e-06
I0315 02:59:28.450106 2851257 lm_feature_timing.cpp:80] node dpath/a_reg_out[11]:1167531 resistance 56.068 cap 0.000798833 slew 0.0394354 delay 0.205558 power 7.32682e-05
I0315 02:59:28.443759 2851209 lm_feature_timing.cpp:80] node dpath/a_mux_out[8]:469591 resistance 63.772 cap 0.000586546 slew 0.0212991 delay 0.0768456 power 6.82316e-05
I0315 02:59:28.446817 2851146 lm_feature_timing.cpp:80] node dpath/a_mux_out[9]:825747 resistance 68.052 cap 0.000664265 slew 0.0222031 delay 0.090724 power 8.0325e-05
I0315 02:59:28.450135 2851287 lm_feature_timing.cpp:80] node dpath/a_lt_b/U16:ZN resistance 0 cap 0.000639636 slew 0.015064 delay 0 power 8.09539e-06
I0315 02:59:28.446841 2851237 lm_feature_timing.cpp:125] build net dpath/b_reg_out[10] feature 
I0315 02:59:28.446848 2851249 lm_feature_timing.cpp:80] node dpath/a_lt_b/n27:487102 resistance 0 cap 0.00123265 slew 0.01901 delay 0 power 9.98451e-06
I0315 02:59:28.443867 2851186 lm_feature_timing.cpp:80] node dpath/a_mux/n9:432652 resistance 1.284 cap 0.000992984 slew 0.037386 delay 0.00127499 power 5.6169e-05
I0315 02:59:28.450168 2851146 lm_feature_timing.cpp:80] node dpath/a_mux_out[9]:829937 resistance 72.332 cap 0.000619435 slew 0.0222031 delay 0.0933752 power 7.49039e-05
I0315 02:59:28.446885 2851201 lm_feature_timing.cpp:80] node dpath/b_reg/n2:759379 resistance 0.856 cap 0.000917146 slew 0.017303 delay 0.000795299 power 0.000114205
I0315 02:59:28.450187 2851249 lm_feature_timing.cpp:80] node dpath/a_lt_b/n27:484601 resistance 8.132 cap 0.00115082 slew 0.01901 delay 0.00935851 power 9.32168e-06
I0315 02:59:28.446897 2851218 lm_feature_timing.cpp:80] node dpath/a_reg/n11:478009 resistance 7.276 cap 0.000793423 slew 0.01698 delay 0.00577294 power 5.78936e-05
I0315 02:59:28.446921 2851227 lm_feature_timing.cpp:80] node dpath/a_mux_out[4]:372385 resistance 41.944 cap 0.000639599 slew 0.019269 delay 0.044366 power 6.26381e-05
I0315 02:59:28.443980 2851213 lm_feature_timing.cpp:80] node dpath/a_lt_b/n2:385593 resistance 5.992 cap 0.000586961 slew 0.023105 delay 0.00388423 power 9.50877e-06
I0315 02:59:28.447016 2851278 lm_feature_timing.cpp:80] node dpath/a_mux_out[10]:477052 resistance 43.656 cap 0.000582435 slew 0.019133 delay 0.0441204 power 4.71772e-06
I0315 02:59:28.450228 2851218 lm_feature_timing.cpp:80] node dpath/a_reg/n11:477156 resistance 0 cap 0.000867031 slew 0.01698 delay 0 power 6.32645e-05
I0315 02:59:28.450237 2851227 lm_feature_timing.cpp:80] node dpath/a_mux_out[4]:372392 resistance 44.94 cap 0.000607101 slew 0.019269 delay 0.0461849 power 5.94555e-05
I0315 02:59:28.447052 2851156 lm_feature_timing.cpp:80] node dpath/a_lt_b/U32:A2 resistance 27.82 cap 0.000445992 slew 0.0441404 delay 0.146065 power 4.20268e-05
I0315 02:59:28.450266 2851227 lm_feature_timing.cpp:80] node dpath/a_mux_out[4]:727697 resistance 38.52 cap 0.000712816 slew 0.019269 delay 0.0420507 power 6.98085e-05
I0315 02:59:28.447072 2851203 lm_feature_timing.cpp:80] node dpath/a_reg_out[14]:835581 resistance 26.536 cap 0.00059285 slew 0.0404481 delay 0.0778574 power 8.28336e-05
I0315 02:59:28.444329 2851256 lm_feature_timing.cpp:80] node dpath/a_reg/n16:838045 resistance 0 cap 0.000867813 slew 0.022332 delay 0 power 0.000121252
I0315 02:59:28.447131 2851143 lm_feature_timing.cpp:80] node dpath/b_mux_out[4]:401621 resistance 16.692 cap 0.000574604 slew 0.017183 delay 0.0123328 power 6.94343e-05
I0315 02:59:28.450348 2851203 lm_feature_timing.cpp:80] node dpath/a_reg_out[14]:833905 resistance 24.824 cap 0.00167496 slew 0.0404481 delay 0.0768424 power 0.000234027
I0315 02:59:28.450358 2851256 lm_feature_timing.cpp:80] node dpath/a_reg/n16:852293 resistance 15.408 cap 0.000716095 slew 0.022332 delay 0.0110336 power 0.000100053
I0315 02:59:28.447196 2851267 lm_feature_timing.cpp:80] node dpath/a_mux/n1:801183 resistance 1.712 cap 0.000818555 slew 0.035457 delay 0.00140137 power 4.63023e-05
I0315 02:59:28.450359 2851156 lm_feature_timing.cpp:80] node dpath/a_reg_out[12]:492911 resistance 27.82 cap 0.000482601 slew 0.0441404 delay 0.146065 power 4.54765e-05
I0315 02:59:28.447166 2851152 lm_feature_timing.cpp:80] node dpath/a_lt_b/n17:422663 resistance 27.392 cap 0.000597325 slew 0.02546 delay 0.0236709 power 2.41166e-05
I0315 02:59:28.447134 2851169 lm_feature_timing.cpp:80] node dpath/b_mux_out[13]:819689 resistance 6.42 cap 0.000889983 slew 0.017469 delay 0.00592073 power 0.000123171
I0315 02:59:28.444363 2851240 lm_feature_timing.cpp:80] node dpath/a_lt_b/n7:386489 resistance 25.252 cap 0.00129676 slew 0.021289 delay 0.0388217 power 2.36334e-05
I0315 02:59:28.450439 2851152 lm_feature_timing.cpp:80] node dpath/a_lt_b/n17:774623 resistance 27.392 cap 0.000864153 slew 0.02546 delay 0.0236709 power 3.48897e-05
I0315 02:59:28.450438 2851267 lm_feature_timing.cpp:80] node dpath/a_mux/n1:799507 resistance 0 cap 0.000838719 slew 0.035457 delay 0 power 4.74429e-05
I0315 02:59:28.450462 2851240 lm_feature_timing.cpp:80] node dpath/a_lt_b/n7:386485 resistance 23.54 cap 0.00131692 slew 0.021289 delay 0.0366016 power 2.40009e-05
I0315 02:59:28.447280 2851173 lm_feature_timing.cpp:80] node dpath/a_reg_out[4]:727757 resistance 4.708 cap 0.00682642 slew 0.0490062 delay 0.0322515 power 0.000419633
I0315 02:59:28.444445 2851235 lm_feature_timing.cpp:80] node ctrl/U16:A1 resistance 35.524 cap 0.000600847 slew 0.021618 delay 0.0336459 power 5.34925e-05
I0315 02:59:28.450491 2851240 lm_feature_timing.cpp:80] node dpath/a_lt_b/n7:738445 resistance 23.54 cap 0.00133709 slew 0.021289 delay 0.0366016 power 2.43684e-05
I0315 02:59:28.444458 2851288 lm_feature_timing.cpp:80] node dpath/a_mux/FE_OFN4_n16:1134881 resistance 32.956 cap 0.00740724 slew 0.0377042 delay 0.336813 power 0.000474345
I0315 02:59:28.450511 2851267 lm_feature_timing.cpp:80] node dpath/a_mux/n1:801183 resistance 1.712 cap 0.000818555 slew 0.035457 delay 0.00140137 power 4.63023e-05
I0315 02:59:28.447322 2851231 lm_feature_timing.cpp:80] node ctrl/state_out[0]:429995 resistance 67.624 cap 0.000598054 slew 0.0498893 delay 0.2292 power 5.32438e-05
I0315 02:59:28.447366 2851277 lm_feature_timing.cpp:80] node dpath/a_mux_out[5]:387465 resistance 30.388 cap 0.000623155 slew 0.017957 delay 0.0281072 power 6.38972e-05
I0315 02:59:28.444522 2851217 lm_feature_timing.cpp:80] node dpath/b_mux_out[9]:469555 resistance 8.988 cap 0.000586546 slew 0.016298 delay 0.00605672 power 7.42485e-05
I0315 02:59:28.450582 2851277 lm_feature_timing.cpp:80] node dpath/a_mux_out[5]:387470 resistance 32.528 cap 0.000598879 slew 0.017957 delay 0.0293888 power 6.14081e-05
I0315 02:59:28.447417 2851136 lm_feature_timing.cpp:80] node dpath/a_lt_b/n36:838095 resistance 0 cap 0.00102503 slew 0.045927 delay 0 power 2.40052e-05
I0315 02:59:28.447423 2851258 lm_feature_timing.cpp:80] node dpath/a_reg/n17:454247 resistance 4.28 cap 0.000945532 slew 0.017676 delay 0.00404688 power 9.56927e-05
I0315 02:59:28.450608 2851288 lm_feature_timing.cpp:80] node dpath/a_mux/FE_OFN4_n16:1134895 resistance 38.948 cap 0.00734596 slew 0.0377047 delay 0.38083 power 0.000470421
I0315 02:59:28.447434 2851232 lm_feature_timing.cpp:80] node dpath/a_reg/U18:Z resistance 0 cap 0.00127814 slew 0.019387 delay 0 power 6.9388e-05
I0315 02:59:28.444728 2851245 lm_feature_timing.cpp:80] node dpath/a_lt_b/U36:ZN resistance 0 cap 0.000804078 slew 0.016585 delay 0 power 1.12199e-05
I0315 02:59:28.447449 2851215 lm_feature_timing.cpp:80] node dpath/b_reg/n3:409906 resistance 0 cap 0.00078481 slew 0.016325 delay 0 power 9.93698e-05
I0315 02:59:28.450675 2851258 lm_feature_timing.cpp:80] node dpath/a_reg/n17:806207 resistance 4.28 cap 0.000900702 slew 0.017676 delay 0.00404688 power 9.11556e-05
I0315 02:59:28.450698 2851245 lm_feature_timing.cpp:80] node dpath/a_lt_b/n33:485272 resistance 0 cap 0.000804078 slew 0.016585 delay 0 power 1.12199e-05
I0315 02:59:28.450706 2851215 lm_feature_timing.cpp:80] node dpath/b_reg/n3:409903 resistance 1.284 cap 0.000768756 slew 0.016325 delay 0.000987083 power 9.73372e-05
I0315 02:59:28.444761 2851157 lm_feature_timing.cpp:80] node dpath/a_mux/FE_OFN3_ctrl_a_mux_sel_1:733469 resistance 109.996 cap 0.00376945 slew 0.0264799 delay 0.844147 power 0.000120694
I0315 02:59:28.450732 2851245 lm_feature_timing.cpp:80] node dpath/a_lt_b/n33:484448 resistance 10.272 cap 0.000701693 slew 0.016585 delay 0.00720779 power 9.79123e-06
I0315 02:59:06.976521 2851177 lm_feature_timing.cpp:80] node dpath/a_lt_b/U25:Z resistance 0 cap 0.000761231 slew 0.012461 delay 0 power 1.23319e-05
I0315 02:59:28.450760 2851245 lm_feature_timing.cpp:80] node dpath/a_lt_b/n33:485272 resistance 0 cap 0.000804078 slew 0.016585 delay 0 power 1.12199e-05
I0315 02:59:28.447602 2851168 lm_feature_timing.cpp:80] node ctrl/n3:434199 resistance 0 cap 0.00139018 slew 0.015546 delay 0 power 3.32518e-05
I0315 02:59:28.450778 2851245 lm_feature_timing.cpp:137] net dpath/a_lt_b/n33 resistance 20.544 cap 0.000804078 slew 0.00149854 delay 0.00720779 power 9.08811e-09
I0315 02:59:28.444916 2851223 lm_feature_timing.cpp:80] node dpath/a_reg/out_reg_9_:CP resistance 84.316 cap 0.000418247 slew 0.000853081 delay 0.737868 power 0.000135512
I0315 02:59:28.450783 2851157 lm_feature_timing.cpp:80] node dpath/a_mux/FE_OFN3_ctrl_a_mux_sel_1:734307 resistance 110.852 cap 0.0037575 slew 0.0264799 delay 0.847364 power 0.000120312
I0315 02:59:28.450800 2851245 lm_feature_timing.cpp:125] build net dpath/b_reg_out[12] feature 
I0315 02:59:06.977579 2851211 lm_feature_timing.cpp:80] node dpath/a_mux/n17:797991 resistance 6.848 cap 0.000680342 slew 0.034452 delay 0.00465898 power 5.51077e-06
I0315 02:59:28.447635 2851185 lm_feature_timing.cpp:80] node dpath/a_reg/n19:508966 resistance 0 cap 0.00103035 slew 0 delay 0 power 0
I0315 02:59:28.450836 2851211 lm_feature_timing.cpp:80] node dpath/a_mux/n17:446029 resistance 7.704 cap 0.000598903 slew 0.034452 delay 0.00517165 power 4.85112e-06
I0315 02:59:28.450839 2851157 lm_feature_timing.cpp:80] node dpath/a_mux/FE_OFN3_ctrl_a_mux_sel_1:441803 resistance 16.692 cap 0.0107747 slew 0.0264728 delay 0.193796 power 0.000344995
I0315 02:59:28.447693 2851180 lm_feature_timing.cpp:80] node dpath/a_lt_b/n19:812333 resistance 3.852 cap 0.000984183 slew 0.017501 delay 0.00394793 power 1.66775e-05
I0315 02:59:28.450865 2851211 lm_feature_timing.cpp:80] node dpath/a_mux/n17:446031 resistance 6.848 cap 0.000610845 slew 0.034452 delay 0.00465898 power 4.94785e-06
I0315 02:59:28.445003 2851154 lm_feature_timing.cpp:80] node dpath/a_lt_b/U26:A1 resistance 43.228 cap 0.000393715 slew 0.0440891 delay 0.081044 power 1.39305e-05
I0315 02:59:28.447724 2851207 lm_feature_timing.cpp:80] node dpath/a_reg/n12:851715 resistance 47.08 cap 0.000590962 slew 0.020481 delay 0.048563 power 4.7868e-06
I0315 02:59:28.450896 2851211 lm_feature_timing.cpp:80] node dpath/a_mux/U33:ZN resistance 0 cap 0.00074984 slew 0.034452 delay 0 power 6.0737e-06
I0315 02:59:28.450896 2851157 lm_feature_timing.cpp:80] node dpath/a_mux/U5:A1 resistance 24.824 cap 0.0106929 slew 0.0264742 delay 0.28075 power 0.000342374
I0315 02:59:28.445133 2851194 lm_feature_timing.cpp:80] node ctrl/state/n1:411500 resistance 0 cap 0.00172224 slew 0 delay 0 power 1.39501e-05
I0315 02:59:28.450911 2851154 lm_feature_timing.cpp:80] node dpath/a_lt_b/n21:462046 resistance 43.228 cap 0.000401546 slew 0.0440891 delay 0.081044 power 1.42076e-05
I0315 02:59:28.450942 2851194 lm_feature_timing.cpp:80] node ctrl/state/out_reg_0_:CN resistance 25.252 cap 0.000562576 slew 2.77717e-05 delay 0.0314651 power 4.55687e-06
I0315 02:59:28.445209 2851176 lm_feature_timing.cpp:80] node dpath/a_mux/U14:ZN resistance 0 cap 0.000762931 slew 0.015352 delay 0 power 7.1185e-05
I0315 02:59:28.450963 2851154 lm_feature_timing.cpp:80] node dpath/a_lt_b/n21:462045 resistance 42.8 cap 0.000409377 slew 0.0440891 delay 0.0808721 power 1.44847e-05
I0315 02:59:28.450970 2851194 lm_feature_timing.cpp:80] node ctrl/state/n1:784401 resistance 25.252 cap 0.000648517 slew 2.77717e-05 delay 0.0314651 power 5.25299e-06
I0315 02:59:28.445210 2851171 lm_feature_timing.cpp:80] node dpath/b_reg/n7:1113993 resistance 8.988 cap 0.00081848 slew 0.017663 delay 0.00816589 power 0.000105574
I0315 02:59:28.445231 2851290 lm_feature_timing.cpp:80] node dpath/a_mux_out[1]:738351 resistance 20.116 cap 0.000668768 slew 0.016524 delay 0.0156 power 5.58862e-05
I0315 02:59:28.450997 2851194 lm_feature_timing.cpp:80] node ctrl/state/n1:776021 resistance 16.692 cap 0.00151375 slew 2.72699e-05 delay 0.0259137 power 1.22614e-05
I0315 02:59:06.976732 2851225 lm_feature_timing.cpp:80] node dpath/a_lt_b/U10:A1 resistance 30.816 cap 0.000625122 slew 0.042396 delay 0.0548335 power 3.69807e-05
I0315 02:59:28.447892 2851182 lm_feature_timing.cpp:80] node dpath/b_mux/U5:Z resistance 0 cap 0.000884699 slew 0.016915 delay 0 power 0.000105882
I0315 02:59:28.451030 2851194 lm_feature_timing.cpp:80] node ctrl/state/n1:784401 resistance 25.252 cap 0.000648517 slew 2.77717e-05 delay 0.0314651 power 5.25299e-06
I0315 02:59:28.447913 2851195 lm_feature_timing.cpp:80] node dpath/b_mux_out[7]:425152 resistance 3.852 cap 0.000615324 slew 0.015518 delay 0.00237023 power 7.64776e-05
I0315 02:59:28.451058 2851194 lm_feature_timing.cpp:80] node ctrl/state/n1:411491 resistance 3.852 cap 0.00168152 slew 1.67535e-05 delay 0.00647722 power 1.36203e-05
I0315 02:59:28.447964 2851139 lm_feature_timing.cpp:80] node dpath/a_reg/n13:852501 resistance 35.096 cap 0.000781872 slew 0.019329 delay 0.0319474 power 7.17125e-05
I0315 02:59:06.976928 2851239 lm_feature_timing.cpp:80] node dpath/b_reg/n15:852383 resistance 30.816 cap 0.000864093 slew 0.018748 delay 0.0266279 power 0.000118546
I0315 02:59:28.448009 2851274 lm_feature_timing.cpp:80] node dpath/a_reg_out[10]:484621 resistance 23.54 cap 0.000615106 slew 0.0393864 delay 0.120894 power 0
I0315 02:59:28.448019 2851135 lm_feature_timing.cpp:80] node dpath/a_lt_b/n24:485485 resistance 11.984 cap 0.000601135 slew 0.019989 delay 0.00922655 power 0
I0315 02:59:28.445693 2851272 lm_feature_timing.cpp:80] node ctrl_a_mux_sel[1]:439228 resistance 0 cap 0.000852066 slew 0.014695 delay 0 power 2.72823e-05
I0315 02:59:28.451128 2851195 lm_feature_timing.cpp:80] node dpath/b_mux/U9:Z resistance 0 cap 0.000656043 slew 0.015518 delay 0 power 8.15385e-05
I0315 02:59:28.445700 2851138 lm_feature_timing.cpp:80] node dpath/a_lt_b/n23:483807 resistance 5.136 cap 0.000704344 slew 0.024902 delay 0.00390273 power 1.14104e-05
I0315 02:59:28.445705 2851233 lm_feature_timing.cpp:80] node dpath/b_mux_out[12]:816377 resistance 1.284 cap 0.000721038 slew 0.01617 delay 0.000946425 power 9.89399e-05
I0315 02:59:28.448107 2851286 lm_feature_timing.cpp:80] node dpath/a_reg/out_reg_7_:D resistance 8.132 cap 0.000646206 slew 0.016117 delay 0.00525495 power 4.41821e-05
I0315 02:59:28.448125 2851224 lm_feature_timing.cpp:80] node dpath/a_mux/U25:ZN resistance 0 cap 0.000716951 slew 0.034079 delay 0 power 4.0555e-05
I0315 02:59:28.451205 2851195 lm_feature_timing.cpp:80] node dpath/b_mux_out[7]:422635 resistance 0 cap 0.000656043 slew 0.015518 delay 0 power 8.15385e-05
I0315 02:59:28.451223 2851286 lm_feature_timing.cpp:80] node dpath/a_reg/U12:Z resistance 0 cap 0.000728037 slew 0.016117 delay 0 power 4.9777e-05
I0315 02:59:28.445539 2851198 lm_feature_timing.cpp:80] node clk:754529 resistance 188.32 cap 0.00113977 slew 0.000546331 delay 0.651054 power 0.000369285
I0315 02:59:28.451275 2851195 lm_feature_timing.cpp:80] node dpath/b_mux_out[7]:425152 resistance 3.852 cap 0.000615324 slew 0.015518 delay 0.00237023 power 7.64776e-05
I0315 02:59:06.977047 2851191 lm_feature_timing.cpp:80] node ctrl/next_state__0[1]:777755 resistance 0 cap 0.000933251 slew 0.030897 delay 0 power 8.52084e-05
I0315 02:59:28.449081 2851269 lm_feature_timing.cpp:125] build net dpath/b_reg_out[11] feature 
I0315 02:59:28.449093 2851255 lm_feature_timing.cpp:80] node dpath/a_mux/U7:ZN resistance 0 cap 0.000676622 slew 0.033624 delay 0 power 3.82737e-05
I0315 02:59:06.977052 2851153 lm_feature_timing.cpp:80] node ctrl/state_out[1]:424129 resistance 18.404 cap 0.0025636 slew 0.029421 delay 0.0498747 power 0.000234064
I0315 02:59:28.451344 2851191 lm_feature_timing.cpp:80] node ctrl/next_state__0[1]:778593 resistance 0.856 cap 0.000921308 slew 0.030897 delay 0.00078864 power 8.41181e-05
I0315 02:59:28.445766 2851262 lm_feature_timing.cpp:80] node dpath/a_lt_b/n15:778807 resistance 12.412 cap 0.0006501 slew 0.021785 delay 0.0112791 power 5.26581e-06
I0315 02:59:28.451359 2851255 lm_feature_timing.cpp:80] node dpath/a_mux/n3:380547 resistance 4.28 cap 0.000631792 slew 0.033624 delay 0.00270407 power 3.57379e-05
I0315 02:59:06.978060 2851282 lm_feature_timing.cpp:80] node dpath/a_reg_out[13]:508789 resistance 0.856 cap 0.005116 slew 0.03813 delay 0.0043793 power 0.000494146
I0315 02:59:28.451387 2851255 lm_feature_timing.cpp:137] net dpath/a_mux/n3 resistance 8.56 cap 0.000676622 slew 0.000125327 delay 0.00270407 power 3.10017e-08
I0315 02:59:28.449229 2851275 lm_feature_timing.cpp:80] node dpath/a_lt_b/n4:386583 resistance 14.124 cap 0.00058826 slew 0.021374 delay 0.0103951 power 4.76491e-06
I0315 02:59:28.451412 2851255 lm_feature_timing.cpp:125] build net dpath/b_reg_out[13] feature 
I0315 02:59:28.445894 2851270 lm_feature_timing.cpp:80] node dpath/a_reg/n14:477025 resistance 0.428 cap 0.00120453 slew 0.018996 delay 0.000515539 power 0.000113505
I0315 02:59:28.449265 2851193 lm_feature_timing.cpp:80] node dpath/a_reg/U3:ZN resistance 0 cap 0.000759415 slew 0.011477 delay 0 power 0.000131223
I0315 02:59:28.445905 2851175 lm_feature_timing.cpp:80] node dpath/a_lt_b/n29:842337 resistance 15.836 cap 0.000733627 slew 0.020196 delay 0.0131883 power 5.94238e-06
I0315 02:59:28.449308 2851228 lm_feature_timing.cpp:80] node dpath/b_mux_out[14]:816313 resistance 1.284 cap 0.000875695 slew 0.01702 delay 0.001145 power 0.00016041
I0315 02:59:06.977283 2851149 lm_feature_timing.cpp:80] node dpath/a_reg/U13:A2 resistance 23.112 cap 0.000574604 slew 0.017149 delay 0.0188792 power 6.1561e-05
I0315 02:59:28.451462 2851275 lm_feature_timing.cpp:80] node dpath/a_lt_b/n4:738543 resistance 14.124 cap 0.000624869 slew 0.021374 delay 0.0103951 power 5.06144e-06
I0315 02:59:28.449369 2851247 lm_feature_timing.cpp:80] node dpath/a_mux/n10:445130 resistance 4.708 cap 0.000892554 slew 0.037124 delay 0.004405 power 5.04881e-05
I0315 02:59:28.445950 2851170 lm_feature_timing.cpp:80] node dpath/b_mux_out[11]:462775 resistance 6.42 cap 0.00063999 slew 0.015792 delay 0.00410874 power 8.70144e-05
I0315 02:59:28.449450 2851184 lm_feature_timing.cpp:80] node dpath/a_reg/n15:470249 resistance 0.428 cap 0.00181884 slew 0.022647 delay 0.000778465 power 0.000175679
I0315 02:59:28.451530 2851193 lm_feature_timing.cpp:80] node dpath/a_reg/n1:479387 resistance 0 cap 0.000759415 slew 0.011477 delay 0 power 0.000131223
I0315 02:59:28.451565 2851255 lm_feature_timing.cpp:80] node dpath/b_reg_out[13]:498777 resistance 0.428 cap 0.00652095 slew 0.046944 delay 0.00279097 power 0.000894618
I0315 02:59:28.451576 2851184 lm_feature_timing.cpp:80] node dpath/a_reg/n15:507915 resistance 62.916 cap 0.00058826 slew 0.0226471 delay 0.0760471 power 5.6819e-05
I0315 02:59:28.446062 2851265 lm_feature_timing.cpp:80] node dpath/a_mux/n15:790477 resistance 13.696 cap 0.000705009 slew 0.036668 delay 0.0109773 power 3.98794e-05
I0315 02:59:28.451603 2851184 lm_feature_timing.cpp:80] node dpath/a_reg/n15:859875 resistance 62.916 cap 0.000600202 slew 0.0226471 delay 0.0760471 power 5.79725e-05
I0315 02:59:28.451604 2851247 lm_feature_timing.cpp:80] node dpath/a_mux/n10:445968 resistance 3.852 cap 0.000945216 slew 0.037124 delay 0.00364097 power 5.3467e-05
I0315 02:59:28.451635 2851193 lm_feature_timing.cpp:80] node dpath/a_reg/n1:479377 resistance 4.28 cap 0.000714584 slew 0.011477 delay 0.00305842 power 0.000123476
I0315 02:59:28.449558 2851190 lm_feature_timing.cpp:80] node ctrl/placeFE_OFC1_ctrl_b_mux_sel_0:I resistance 3.852 cap 0.000597962 slew 0.021054 delay 0.0024602 power 5.80791e-05
I0315 02:59:28.446139 2851158 lm_feature_timing.cpp:80] node ctrl/n1:1133071 resistance 21.828 cap 0.000734876 slew 0.029815 delay 0.0207114 power 1.1905e-05
I0315 02:59:28.449573 2851188 lm_feature_timing.cpp:80] node dpath/a_lt_b/n13:746137 resistance 14.552 cap 0.000646222 slew 0.031831 delay 0.0108282 power 2.06194e-05
I0315 02:59:28.451690 2851190 lm_feature_timing.cpp:80] node ctrl/FE_OFN1_ctrl_b_mux_sel_0:439182 resistance 3.852 cap 0.000638682 slew 0.021054 delay 0.0024602 power 6.20342e-05
I0315 02:59:28.451679 2851265 lm_feature_timing.cpp:80] node dpath/a_mux/n15:434327 resistance 9.416 cap 0.000827559 slew 0.036668 delay 0.00795987 power 4.68116e-05
I0315 02:59:28.451706 2851190 lm_feature_timing.cpp:137] net ctrl/FE_OFN1_ctrl_b_mux_sel_0 resistance 7.704 cap 0.000679401 slew 0.000143252 delay 0.0024602 power 5.34513e-08
I0315 02:59:28.449602 2851226 lm_feature_timing.cpp:80] node dpath/a_lt_b/U6:A2 resistance 7.276 cap 0.000569173 slew 0.021423 delay 0.0104316 power 4.6103e-06
I0315 02:59:28.446341 2851280 lm_feature_timing.cpp:80] node dpath/a_lt_b/n31:484469 resistance 26.536 cap 0.000795926 slew 0.048638 delay 0.0235908 power 1.80613e-05
I0315 02:59:28.451715 2851247 lm_feature_timing.cpp:80] node dpath/a_mux/n10:445141 resistance 9.416 cap 0.00083167 slew 0.037124 delay 0.0083205 power 4.70441e-05
I0315 02:59:28.446439 2851285 lm_feature_timing.cpp:80] node dpath/a_mux_out[2]:381425 resistance 1.284 cap 0.000794646 slew 0.015615 delay 0.00102033 power 7.03996e-05
I0315 02:59:28.449680 2842323 lm_feature_timing.cpp:80] node dpath/a_lt_b/n8:738471 resistance 0.856 cap 0.00152381 slew 0.053906 delay 0.00130439 power 2.45653e-05
I0315 02:59:28.451769 2851188 lm_feature_timing.cpp:80] node dpath/a_lt_b/U18:ZN resistance 0 cap 0.000902482 slew 0.031831 delay 0 power 2.8796e-05
I0315 02:59:28.451783 2851265 lm_feature_timing.cpp:80] node dpath/a_mux/n15:786287 resistance 9.416 cap 0.00074984 slew 0.036668 delay 0.00795987 power 4.24153e-05
I0315 02:59:28.449699 2851178 lm_feature_timing.cpp:80] node dpath/a_lt_b/U6:A1 resistance 53.5 cap 0.00056171 slew 0.0459835 delay 0.216218 power 4.09862e-05
I0315 02:59:28.449769 2851174 lm_feature_timing.cpp:80] node dpath/a_mux_out[0]:387221 resistance 15.836 cap 0.000574604 slew 0.016457 delay 0.011685 power 3.83884e-05
I0315 02:59:28.449753 2851197 lm_feature_timing.cpp:137] net dpath/a_reg/n10 resistance 14.552 cap 0.000711592 slew 0.000655989 delay 0.00464197 power 4.0733e-08
I0315 02:59:28.446503 2851214 lm_feature_timing.cpp:80] node dpath/a_lt_b/n14:767077 resistance 0.428 cap 0.000927521 slew 0.020585 delay 0.000691258 power 7.51292e-06
I0315 02:59:28.449815 2851133 lm_feature_timing.cpp:80] node dpath/a_reg/n6:371571 resistance 0 cap 0.000637593 slew 0.015676 delay 0 power 3.91941e-05
I0315 02:59:28.451870 2851197 lm_feature_timing.cpp:125] build net dpath/b_reg_out[15] feature 
I0315 02:59:28.443220 2851162 lm_feature_timing.cpp:80] node dpath/a_mux/n4:430981 resistance 16.264 cap 0.000586961 slew 0.036398 delay 0.0122368 power 3.3202e-05
I0315 02:59:28.451903 2851133 lm_feature_timing.cpp:137] net dpath/a_reg/n6 resistance 6.848 cap 0.000637593 slew 0.000134484 delay 0.00205777 power 3.17472e-08
I0315 02:59:28.449872 2851244 lm_feature_timing.cpp:80] node dpath/a_mux_out[11]:445178 resistance 0 cap 0.00132047 slew 0.018599 delay 0 power 0.000209199
I0315 02:59:28.451929 2851133 lm_feature_timing.cpp:125] build net dpath/b_reg_out[1] feature 
I0315 02:59:28.451934 2851162 lm_feature_timing.cpp:80] node dpath/a_mux/n4:789645 resistance 9.416 cap 0.000725955 slew 0.036398 delay 0.00774134 power 4.10643e-05
I0315 02:59:28.449868 2851179 lm_feature_timing.cpp:80] node dpath/b_mux_out[2]:409934 resistance 35.524 cap 0.000590657 slew 0.019314 delay 0.0331562 power 6.99949e-05
I0315 02:59:28.451977 2851162 lm_feature_timing.cpp:80] node dpath/a_mux/n4:1141605 resistance 9.416 cap 0.000795452 slew 0.036398 delay 0.00774134 power 4.49955e-05
I0315 02:59:28.449913 2851163 lm_feature_timing.cpp:80] node dpath/a_mux/n14:399993 resistance 10.272 cap 0.000774115 slew 0.036474 delay 0.00838272 power 4.37885e-05
I0315 02:59:28.451987 2851244 lm_feature_timing.cpp:80] node dpath/a_reg/U8:A2 resistance 37.664 cap 0.000574604 slew 0.018599 delay 0.035739 power 9.1033e-05
I0315 02:59:28.452009 2851162 lm_feature_timing.cpp:80] node dpath/a_mux/n4:1141589 resistance 2.568 cap 0.00086495 slew 0.036398 delay 0.00229409 power 4.89266e-05
I0315 02:59:28.449947 2851137 lm_feature_timing.cpp:80] node ctrl_a_mux_sel[0]:440103 resistance 47.508 cap 0.00126557 slew 0.0481361 delay 0.095617 power 4.05224e-05
I0315 02:59:28.449939 2851252 lm_feature_timing.cpp:80] node dpath/a_lt_b/n30:494591 resistance 38.948 cap 0.000888946 slew 0.0375951 delay 0.0631483 power 1.88008e-05
I0315 02:59:28.452049 2851197 lm_feature_timing.cpp:80] node dpath/b_zero/U1:A4 resistance 8.56 cap 0.000460965 slew 0.0432431 delay 0.0228523 power 6.37725e-05
I0315 02:59:28.449960 2851155 lm_feature_timing.cpp:80] node dpath/a_lt_b/n12:740237 resistance 10.7 cap 0.000735271 slew 0.020683 delay 0.0111573 power 5.9557e-06
I0315 02:59:28.452059 2851244 lm_feature_timing.cpp:80] node dpath/a_mux_out[11]:477032 resistance 37.664 cap 0.000582435 slew 0.018599 delay 0.035739 power 9.22736e-05
I0315 02:59:28.452078 2851197 lm_feature_timing.cpp:80] node dpath/b_reg_out[15]:448489 resistance 8.56 cap 0.000472907 slew 0.0432431 delay 0.0228523 power 6.54246e-05
I0315 02:59:28.449990 2851221 lm_feature_timing.cpp:80] node dpath/a_lt_b/n32:827213 resistance 0 cap 0.00164057 slew 0.020978 delay 0 power 1.32886e-05
I0315 02:59:28.452095 2851155 lm_feature_timing.cpp:80] node dpath/a_lt_b/n12:746941 resistance 3.852 cap 0.000804768 slew 0.020683 delay 0.00612218 power 6.51862e-06
I0315 02:59:28.452102 2851133 lm_feature_timing.cpp:80] node dpath/b_reg_out[1]:418307 resistance 0.856 cap 0.00484337 slew 0.036533 delay 0.00414592 power 0.000613249
I0315 02:59:28.446784 2851142 lm_feature_timing.cpp:80] node dpath/a_reg/n5:1451631 resistance 19.688 cap 0.00082964 slew 0.018395 delay 0.0178545 power 4.90795e-05
I0315 02:59:28.452103 2851252 lm_feature_timing.cpp:80] node dpath/a_lt_b/n30:492083 resistance 33.812 cap 0.00136782 slew 0.0375951 delay 0.0574258 power 2.89288e-05
I0315 02:59:28.446794 2851219 lm_feature_timing.cpp:80] node dpath/a_reg/U19:B1 resistance 19.688 cap 0.000659839 slew 0.0390441 delay 0.056163 power 3.02929e-05
I0315 02:59:28.452138 2851221 lm_feature_timing.cpp:80] node dpath/a_lt_b/n32:833917 resistance 6.848 cap 0.00157108 slew 0.020978 delay 0.0107587 power 1.27257e-05
