I0115 18:20:50.842438 3874247 LibParserRustC.cc:1293] link liberty file /data/project_share/process_node/dataset_baseline/lib/ts5n28hpcplvta64x80m2f_130a_ssg0p81v125c.lib start.
I0115 18:20:50.842489 3874252 LibParserRustC.cc:1293] link liberty file /data/project_share/process_node/dataset_baseline/lib/ts5n28hpcplvta8x144m2f_130a_ssg0p81v125c.lib start.
I0115 18:20:50.842577 3874261 LibParserRustC.cc:1293] link liberty file /data/project_share/process_node/dataset_baseline/lib/tcbn28hpcplusbwp40p140opplvtssg0p81v125c_ccs.lib start.
I0115 18:20:50.842579 3874262 LibParserRustC.cc:1293] link liberty file /data/project_share/process_node/dataset_baseline/lib/ts5n28hpcplvta32x32m2f_130a_ssg0p81v125c.lib start.
I0115 18:20:50.842725 3874253 LibParserRustC.cc:1293] link liberty file /data/project_share/process_node/dataset_baseline/lib/ts6n28hpcplvta512x2m8f_130a_ssg0p81v125c.lib start.
I0115 18:20:50.842733 3874258 LibParserRustC.cc:1293] link liberty file /data/project_share/process_node/dataset_baseline/lib/ts5n28hpcplvta256x144m2fw_130a_ssg0p81v125c.lib start.
I0115 18:20:50.842790 3874255 LibParserRustC.cc:1293] link liberty file /data/project_share/process_node/dataset_baseline/lib/ts5n28hpcplvta8x128m2f_130a_ssg0p81v125c.lib start.
I0115 18:20:50.842868 3874254 LibParserRustC.cc:1293] link liberty file /data/project_share/process_node/dataset_baseline/lib/ts5n28hpcplvta64x64m2f_130a_ssg0p81v125c.lib start.
I0115 18:20:50.842999 3874257 LibParserRustC.cc:1293] link liberty file /data/project_share/process_node/dataset_baseline/lib/ts5n28hpcplvta1024x32m8fw_130a_ssg0p81v125c.lib start.
I0115 18:20:50.843106 3874256 LibParserRustC.cc:1293] link liberty file /data/project_share/process_node/dataset_baseline/lib/ts6n28hpcplvta16x128m2f_130a_ssg0p81v125c.lib start.
I0115 18:20:50.843130 3874246 LibParserRustC.cc:1293] link liberty file /data/project_share/process_node/dataset_baseline/lib/ts5n28hpcplvta64x32m2f_130a_ssg0p81v125c.lib start.
I0115 18:20:50.843219 3874259 LibParserRustC.cc:1293] link liberty file /data/project_share/process_node/dataset_baseline/lib/PLLTS28HPMLAINT_SS_0P81_125C.lib start.
I0115 18:20:50.843287 3874249 LibParserRustC.cc:1293] link liberty file /data/project_share/process_node/dataset_baseline/lib/tcbn28hpcplusbwp35p140opphvtssg0p81v125c_ccs.lib start.
I0115 18:20:50.843345 3874263 LibParserRustC.cc:1293] link liberty file /data/project_share/process_node/dataset_baseline/lib/tphn28hpcpgv18ssg0p81v1p62v125c.lib start.
I0115 18:20:50.844329 3874235 LibParserRustC.cc:660] unkown attri name: technology in /data/project_share/process_node/dataset_baseline/lib/tcbn28hpcplusbwp35p140oppulvtssg0p81v125c_ccs.lib line no 44
I0115 18:20:50.844784 3874251 LibParserRustC.cc:1293] link liberty file /data/project_share/process_node/dataset_baseline/lib/ts5n28hpcplvta256x16m2f_130a_ssg0p81v125c.lib start.
I0115 18:20:50.845618 3874233 LibParserRustC.cc:660] unkown attri name: define_cell_area in /data/project_share/process_node/dataset_baseline/lib/tcbn28hpcplusbwp35p140oppssg0p81v125c_ccs.lib line no 68
I0115 18:20:50.846457 3874260 LibParserRustC.cc:660] unkown attri name: voltage_map in /data/project_share/process_node/dataset_baseline/lib/ts5n28hpcplvta128x144m2fw_130a_ssg0p81v125c.lib line no 33
I0115 18:20:50.847147 3874234 LibParserRustC.cc:660] unkown attri name: library_features in /data/project_share/process_node/dataset_baseline/lib/tcbn28hpcplusbwp35p140opplvtssg0p81v125c_ccs.lib line no 69
I0115 18:20:50.847636 3874236 LibParserRustC.cc:660] unkown attri name: define_cell_area in /data/project_share/process_node/dataset_baseline/lib/tcbn28hpcplusbwp30p140opphvtssg0p81v125c_ccs.lib line no 67
I0115 18:20:50.847818 3874263 LibParserRustC.cc:660] unkown attri name: voltage_map in /data/project_share/process_node/dataset_baseline/lib/tphn28hpcpgv18ssg0p81v1p62v125c.lib line no 42
I0115 18:20:50.847857 3874240 LibParserRustC.cc:660] unkown attri name: voltage_map in /data/project_share/process_node/dataset_baseline/lib/ts5n28hpcplvta128x64m2f_130a_ssg0p81v125c.lib line no 33
I0115 18:20:50.847970 3874248 LibParserRustC.cc:660] unkown attri name: voltage_map in /data/project_share/process_node/dataset_baseline/lib/ts5n28hpcplvta64x8m2f_130a_ssg0p81v125c.lib line no 32
I0115 18:20:50.848014 3874243 LibParserRustC.cc:660] unkown attri name: library_features in /data/project_share/process_node/dataset_baseline/lib/ts5n28hpcplvta128x8m2f_130a_ssg0p81v125c.lib line no 52
I0115 18:20:50.848055 3874244 LibParserRustC.cc:660] unkown attri name: library_features in /data/project_share/process_node/dataset_baseline/lib/ts5n28hpcplvta512x64m4f_130a_ssg0p81v125c.lib line no 52
I0115 18:20:50.848100 3874238 LibParserRustC.cc:660] unkown attri name: voltage_map in /data/project_share/process_node/dataset_baseline/lib/ts5n28hpcplvta64x128m2fw_130a_ssg0p81v125c.lib line no 32
I0115 18:20:50.848403 3874238 LibParserRustC.cc:660] unkown attri name: library_features in /data/project_share/process_node/dataset_baseline/lib/ts5n28hpcplvta64x128m2fw_130a_ssg0p81v125c.lib line no 51
I0115 18:20:50.848723 3874256 LibParserRustC.cc:660] unkown attri name: voltage_map in /data/project_share/process_node/dataset_baseline/lib/ts6n28hpcplvta16x128m2f_130a_ssg0p81v125c.lib line no 37
I0115 18:20:50.848874 3874253 LibParserRustC.cc:660] unkown attri name: library_features in /data/project_share/process_node/dataset_baseline/lib/ts6n28hpcplvta512x2m8f_130a_ssg0p81v125c.lib line no 76
I0115 18:20:50.848981 3874237 LibParserRustC.cc:660] unkown attri name: technology in /data/project_share/process_node/dataset_baseline/lib/ts5n28hpcplvta64x128m2f_130a_ssg0p81v125c.lib line no 26
I0115 18:20:50.849438 3874252 LibParserRustC.cc:660] unkown attri name: technology in /data/project_share/process_node/dataset_baseline/lib/ts5n28hpcplvta8x144m2f_130a_ssg0p81v125c.lib line no 26
I0115 18:20:50.849706 3874252 LibParserRustC.cc:660] unkown attri name: define_cell_area in /data/project_share/process_node/dataset_baseline/lib/ts5n28hpcplvta8x144m2f_130a_ssg0p81v125c.lib line no 53
I0115 18:20:50.849895 3874255 LibParserRustC.cc:660] unkown attri name: library_features in /data/project_share/process_node/dataset_baseline/lib/ts5n28hpcplvta8x128m2f_130a_ssg0p81v125c.lib line no 51
I0115 18:20:50.850059 3874258 LibParserRustC.cc:660] unkown attri name: define_cell_area in /data/project_share/process_node/dataset_baseline/lib/ts5n28hpcplvta256x144m2fw_130a_ssg0p81v125c.lib line no 53
I0115 18:20:50.850586 3874260 LibParserRustC.cc:1299] link liberty file /data/project_share/process_node/dataset_baseline/lib/ts5n28hpcplvta128x144m2fw_130a_ssg0p81v125c.lib success.
I0115 18:20:50.850684 3874260 LibParserRustC.cc:1293] link liberty file /data/project_share/process_node/dataset_baseline/lib/tcbn28hpcplusbwp30p140oppssg0p81v125c_ccs.lib start.
I0115 18:20:50.850960 3874262 LibParserRustC.cc:660] unkown attri name: define_cell_area in /data/project_share/process_node/dataset_baseline/lib/ts5n28hpcplvta32x32m2f_130a_ssg0p81v125c.lib line no 53
I0115 18:20:50.851617 3874251 LibParserRustC.cc:660] unkown attri name: library_features in /data/project_share/process_node/dataset_baseline/lib/ts5n28hpcplvta256x16m2f_130a_ssg0p81v125c.lib line no 52
I0115 18:20:50.852417 3874241 LibParserRustC.cc:1299] link liberty file /data/project_share/process_node/dataset_baseline/lib/ts5n28hpcplvta128x32m2f_130a_ssg0p81v125c.lib success.
I0115 18:20:50.852430 3874242 LibParserRustC.cc:1299] link liberty file /data/project_share/process_node/dataset_baseline/lib/ts5n28hpcplvta128x80m2f_130a_ssg0p81v125c.lib success.
I0115 18:20:50.852458 3874244 LibParserRustC.cc:1299] link liberty file /data/project_share/process_node/dataset_baseline/lib/ts5n28hpcplvta512x64m4f_130a_ssg0p81v125c.lib success.
I0115 18:20:50.852483 3874241 LibParserRustC.cc:1293] link liberty file /data/project_share/process_node/dataset_baseline/lib/tcbn28hpcplusbwp40p140oppssg0p81v125c_ccs.lib start.
I0115 18:20:50.852487 3874242 LibParserRustC.cc:1293] link liberty file /data/project_share/process_node/dataset_baseline/lib/tcbn28hpcplusbwp40p140opphvtssg0p81v125c_ccs.lib start.
I0115 18:20:50.852501 3874244 LibParserRustC.cc:1293] link liberty file /data/project_share/process_node/dataset_baseline/lib/tcbn28hpcplusbwp35p140oppuhvtssg0p81v125c_ccs.lib start.
I0115 18:20:50.852552 3874238 LibParserRustC.cc:1299] link liberty file /data/project_share/process_node/dataset_baseline/lib/ts5n28hpcplvta64x128m2fw_130a_ssg0p81v125c.lib success.
I0115 18:20:50.852595 3874238 LibParserRustC.cc:1293] link liberty file /data/project_share/process_node/dataset_baseline/lib/tcbn28hpcplusbwp40p140oppuhvtssg0p81v125c_ccs.lib start.
I0115 18:20:50.852675 3874250 LibParserRustC.cc:1299] link liberty file /data/project_share/process_node/dataset_baseline/lib/ts5n28hpcplvta32x128m2f_130a_ssg0p81v125c.lib success.
I0115 18:20:50.852718 3874250 LibParserRustC.cc:1293] link liberty file /data/project_share/process_node/dataset_baseline/lib/tcbn28hpcplusbwp30p140oppulvtssg0p81v125c_ccs.lib start.
I0115 18:20:50.852870 3874258 LibParserRustC.cc:1299] link liberty file /data/project_share/process_node/dataset_baseline/lib/ts5n28hpcplvta256x144m2fw_130a_ssg0p81v125c.lib success.
I0115 18:20:50.852913 3874258 LibParserRustC.cc:1293] link liberty file /data/project_share/process_node/dataset_baseline/lib/tcbn28hpcplusbwp30p140oppuhvtssg0p81v125c_ccs.lib start.
I0115 18:20:50.853052 3874249 LibParserRustC.cc:660] unkown attri name: voltage_map in /data/project_share/process_node/dataset_baseline/lib/tcbn28hpcplusbwp35p140opphvtssg0p81v125c_ccs.lib line no 54
I0115 18:20:50.853193 3874255 LibParserRustC.cc:1299] link liberty file /data/project_share/process_node/dataset_baseline/lib/ts5n28hpcplvta8x128m2f_130a_ssg0p81v125c.lib success.
I0115 18:20:50.853242 3874255 LibParserRustC.cc:1293] link liberty file /data/project_share/process_node/dataset_baseline/lib/tcbn28hpcplusbwp35p140mbssg0p81v125c_ccs.lib start.
I0115 18:20:50.853240 3874254 LibParserRustC.cc:1299] link liberty file /data/project_share/process_node/dataset_baseline/lib/ts5n28hpcplvta64x64m2f_130a_ssg0p81v125c.lib success.
I0115 18:20:50.853302 3874254 LibParserRustC.cc:1293] link liberty file /data/project_share/process_node/dataset_baseline/lib/tcbn28hpcplusbwp35p140mblvtssg0p81v125c_ccs.lib start.
I0115 18:20:50.853439 3874240 LibParserRustC.cc:1299] link liberty file /data/project_share/process_node/dataset_baseline/lib/ts5n28hpcplvta128x64m2f_130a_ssg0p81v125c.lib success.
I0115 18:20:50.853468 3874245 LibParserRustC.cc:1299] link liberty file /data/project_share/process_node/dataset_baseline/lib/ts5n28hpcplvta512x64m4fw_130a_ssg0p81v125c.lib success.
I0115 18:20:50.853492 3874240 LibParserRustC.cc:1293] link liberty file /data/project_share/process_node/dataset_baseline/lib/tcbn28hpcplusbwp30p140mblvtssg0p81v125c_ccs.lib start.
I0115 18:20:50.853531 3874245 LibParserRustC.cc:1293] link liberty file /data/project_share/process_node/dataset_baseline/lib/tcbn28hpcplusbwp40p140mbhvtssg0p81v125c_ccs.lib start.
I0115 18:20:50.853561 3874248 LibParserRustC.cc:1299] link liberty file /data/project_share/process_node/dataset_baseline/lib/ts5n28hpcplvta64x8m2f_130a_ssg0p81v125c.lib success.
I0115 18:20:50.853627 3874243 LibParserRustC.cc:1299] link liberty file /data/project_share/process_node/dataset_baseline/lib/ts5n28hpcplvta128x8m2f_130a_ssg0p81v125c.lib success.
I0115 18:20:50.853683 3874243 LibParserRustC.cc:1293] link liberty file /data/project_share/process_node/dataset_baseline/lib/tcbn28hpcplusbwp40p140mbssg0p81v125c_ccs.lib start.
I0115 18:20:50.853688 3874237 LibParserRustC.cc:1299] link liberty file /data/project_share/process_node/dataset_baseline/lib/ts5n28hpcplvta64x128m2f_130a_ssg0p81v125c.lib success.
I0115 18:20:50.853709 3874248 LibParserRustC.cc:1293] link liberty file /data/project_share/process_node/dataset_baseline/lib/tcbn28hpcplusbwp30p140mbssg0p81v125c_ccs.lib start.
I0115 18:20:50.853724 3874239 LibParserRustC.cc:1299] link liberty file /data/project_share/process_node/dataset_baseline/lib/ts5n28hpcplvta256x32m4fw_130a_ssg0p81v125c.lib success.
I0115 18:20:50.853737 3874237 LibParserRustC.cc:1293] link liberty file /data/project_share/process_node/dataset_baseline/lib/tcbn28hpcplusbwp35p140mbhvtssg0p81v125c_ccs.lib start.
I0115 18:20:50.853780 3874239 LibParserRustC.cc:1293] link liberty file /data/project_share/process_node/dataset_baseline/lib/tcbn28hpcplusbwp35p140hvtssg0p81v125c_ccs.lib start.
I0115 18:20:50.854024 3874246 LibParserRustC.cc:1299] link liberty file /data/project_share/process_node/dataset_baseline/lib/ts5n28hpcplvta64x32m2f_130a_ssg0p81v125c.lib success.
I0115 18:20:50.854074 3874244 LibParserRustC.cc:660] unkown attri name: voltage_map in /data/project_share/process_node/dataset_baseline/lib/tcbn28hpcplusbwp35p140oppuhvtssg0p81v125c_ccs.lib line no 53
I0115 18:20:50.854157 3874244 LibParserRustC.cc:660] unkown attri name: define_cell_area in /data/project_share/process_node/dataset_baseline/lib/tcbn28hpcplusbwp35p140oppuhvtssg0p81v125c_ccs.lib line no 68
I0115 18:20:50.854197 3874246 LibParserRustC.cc:1293] link liberty file /data/project_share/process_node/dataset_baseline/lib/tcbn28hpcplusbwp30p140hvtssg0p81v125c_ccs.lib start.
I0115 18:20:50.854326 3874250 LibParserRustC.cc:660] unkown attri name: library_features in /data/project_share/process_node/dataset_baseline/lib/tcbn28hpcplusbwp30p140oppulvtssg0p81v125c_ccs.lib line no 69
I0115 18:20:50.854516 3874258 LibParserRustC.cc:660] unkown attri name: technology in /data/project_share/process_node/dataset_baseline/lib/tcbn28hpcplusbwp30p140oppuhvtssg0p81v125c_ccs.lib line no 44
I0115 18:20:50.854653 3874247 LibParserRustC.cc:1299] link liberty file /data/project_share/process_node/dataset_baseline/lib/ts5n28hpcplvta64x80m2f_130a_ssg0p81v125c.lib success.
I0115 18:20:50.854764 3874247 LibParserRustC.cc:1293] link liberty file /data/project_share/process_node/dataset_baseline/lib/tcbn28hpcplusbwp40p140lvtssg0p81v125c_ccs.lib start.
I0115 18:20:50.855147 3874240 LibParserRustC.cc:660] unkown attri name: define_cell_area in /data/project_share/process_node/dataset_baseline/lib/tcbn28hpcplusbwp30p140mblvtssg0p81v125c_ccs.lib line no 68
I0115 18:20:50.855329 3874259 LibParserRustC.cc:1299] link liberty file /data/project_share/process_node/dataset_baseline/lib/PLLTS28HPMLAINT_SS_0P81_125C.lib success.
I0115 18:20:50.855366 3874255 LibParserRustC.cc:660] unkown attri name: library_features in /data/project_share/process_node/dataset_baseline/lib/tcbn28hpcplusbwp35p140mbssg0p81v125c_ccs.lib line no 69
I0115 18:20:50.855402 3874259 LibParserRustC.cc:1293] link liberty file /data/project_share/process_node/dataset_baseline/lib/tcbn28hpcplusbwp35p140ssg0p81v125c_ccs.lib start.
I0115 18:20:50.855489 3874254 LibParserRustC.cc:660] unkown attri name: define_cell_area in /data/project_share/process_node/dataset_baseline/lib/tcbn28hpcplusbwp35p140mblvtssg0p81v125c_ccs.lib line no 67
I0115 18:20:50.855604 3874257 LibParserRustC.cc:1299] link liberty file /data/project_share/process_node/dataset_baseline/lib/ts5n28hpcplvta1024x32m8fw_130a_ssg0p81v125c.lib success.
I0115 18:20:50.855626 3874262 LibParserRustC.cc:1299] link liberty file /data/project_share/process_node/dataset_baseline/lib/ts5n28hpcplvta32x32m2f_130a_ssg0p81v125c.lib success.
I0115 18:20:50.855683 3874257 LibParserRustC.cc:1293] link liberty file /data/project_share/process_node/dataset_baseline/lib/tcbn28hpcplusbwp40p140uhvtssg0p81v125c_ccs.lib start.
I0115 18:20:50.855687 3874262 LibParserRustC.cc:1293] link liberty file /data/project_share/process_node/dataset_baseline/lib/tcbn28hpcplusbwp40p140hvtssg0p81v125c_ccs.lib start.
I0115 18:20:50.855830 3874248 LibParserRustC.cc:660] unkown attri name: define_cell_area in /data/project_share/process_node/dataset_baseline/lib/tcbn28hpcplusbwp30p140mbssg0p81v125c_ccs.lib line no 68
I0115 18:20:50.855955 3874252 LibParserRustC.cc:1299] link liberty file /data/project_share/process_node/dataset_baseline/lib/ts5n28hpcplvta8x144m2f_130a_ssg0p81v125c.lib success.
I0115 18:20:50.855998 3874252 LibParserRustC.cc:1293] link liberty file /data/project_share/process_node/dataset_baseline/lib/tcbn28hpcplusbwp40p140ssg0p81v125c_ccs.lib start.
I0115 18:20:50.856088 3874256 LibParserRustC.cc:1299] link liberty file /data/project_share/process_node/dataset_baseline/lib/ts6n28hpcplvta16x128m2f_130a_ssg0p81v125c.lib success.
I0115 18:20:50.856103 3874253 LibParserRustC.cc:1299] link liberty file /data/project_share/process_node/dataset_baseline/lib/ts6n28hpcplvta512x2m8f_130a_ssg0p81v125c.lib success.
I0115 18:20:50.856146 3874256 LibParserRustC.cc:1293] link liberty file /data/project_share/process_node/dataset_baseline/lib/tcbn28hpcplusbwp35p140lvtssg0p81v125c_ccs.lib start.
I0115 18:20:50.856153 3874253 LibParserRustC.cc:1293] link liberty file /data/project_share/process_node/dataset_baseline/lib/tcbn28hpcplusbwp35p140uhvtssg0p81v125c_ccs.lib start.
I0115 18:20:50.856577 3874251 LibParserRustC.cc:1299] link liberty file /data/project_share/process_node/dataset_baseline/lib/ts5n28hpcplvta256x16m2f_130a_ssg0p81v125c.lib success.
I0115 18:20:50.856627 3874251 LibParserRustC.cc:1293] link liberty file /data/project_share/process_node/dataset_baseline/lib/tcbn28hpcplusbwp30p140ssg0p81v125c_ccs.lib start.
I0115 18:20:50.856825 3874237 LibParserRustC.cc:660] unkown attri name: voltage_map in /data/project_share/process_node/dataset_baseline/lib/tcbn28hpcplusbwp35p140mbhvtssg0p81v125c_ccs.lib line no 54
I0115 18:20:50.857568 3874252 LibParserRustC.cc:660] unkown attri name: technology in /data/project_share/process_node/dataset_baseline/lib/tcbn28hpcplusbwp40p140ssg0p81v125c_ccs.lib line no 44
I0115 18:20:50.859050 3874256 LibParserRustC.cc:660] unkown attri name: voltage_map in /data/project_share/process_node/dataset_baseline/lib/tcbn28hpcplusbwp35p140lvtssg0p81v125c_ccs.lib line no 54
I0115 18:20:50.859366 3874246 LibParserRustC.cc:660] unkown attri name: voltage_map in /data/project_share/process_node/dataset_baseline/lib/tcbn28hpcplusbwp30p140hvtssg0p81v125c_ccs.lib line no 54
I0115 18:20:50.859580 3874246 LibParserRustC.cc:660] unkown attri name: library_features in /data/project_share/process_node/dataset_baseline/lib/tcbn28hpcplusbwp30p140hvtssg0p81v125c_ccs.lib line no 69
I0115 18:20:50.859997 3874255 LibParserRustC.cc:660] unkown attri name: define in /data/project_share/process_node/dataset_baseline/lib/tcbn28hpcplusbwp35p140mbssg0p81v125c_ccs.lib line no 220
I0115 18:20:50.863247 3874257 LibParserRustC.cc:660] unkown attri name: define_cell_area in /data/project_share/process_node/dataset_baseline/lib/tcbn28hpcplusbwp40p140uhvtssg0p81v125c_ccs.lib line no 67
I0115 18:20:50.942013 3874244 LibParserRustC.cc:1299] link liberty file /data/project_share/process_node/dataset_baseline/lib/tcbn28hpcplusbwp35p140oppuhvtssg0p81v125c_ccs.lib success.
I0115 18:20:50.942157 3874244 LibParserRustC.cc:1293] link liberty file /data/project_share/process_node/dataset_baseline/lib/tcbn28hpcplusbwp30p140uhvtssg0p81v125c_ccs.lib start.
I0115 18:20:50.943902 3874244 LibParserRustC.cc:660] unkown attri name: library_features in /data/project_share/process_node/dataset_baseline/lib/tcbn28hpcplusbwp30p140uhvtssg0p81v125c_ccs.lib line no 69
I0115 18:20:50.949549 3874263 LibParserRustC.cc:1299] link liberty file /data/project_share/process_node/dataset_baseline/lib/tphn28hpcpgv18ssg0p81v1p62v125c.lib success.
I0115 18:20:50.949616 3874232 LibParserRustC.cc:1299] link liberty file /data/project_share/process_node/dataset_baseline/lib/tcbn28hpcplusbwp30p140opplvtssg0p81v125c_ccs.lib success.
I0115 18:20:50.949720 3874232 LibParserRustC.cc:1293] link liberty file /data/project_share/process_node/dataset_baseline/lib/tcbn28hpcplusbwp30p140lvtssg0p81v125c_ccs.lib start.
I0115 18:20:50.949759 3874263 LibParserRustC.cc:1293] link liberty file /data/project_share/process_node/dataset_baseline/lib/tcbn28hpcplusbwp35p140ulvtssg0p81v125c_ccs.lib start.
I0115 18:20:50.951154 3874238 LibParserRustC.cc:1299] link liberty file /data/project_share/process_node/dataset_baseline/lib/tcbn28hpcplusbwp40p140oppuhvtssg0p81v125c_ccs.lib success.
I0115 18:20:50.951254 3874238 LibParserRustC.cc:1293] link liberty file /data/project_share/process_node/dataset_baseline/lib/tcbn28hpcplusbwp30p140ulvtssg0p81v125c_ccs.lib start.
I0115 18:20:50.952363 3874234 LibParserRustC.cc:1299] link liberty file /data/project_share/process_node/dataset_baseline/lib/tcbn28hpcplusbwp35p140opplvtssg0p81v125c_ccs.lib success.
I0115 18:20:50.953450 3874238 LibParserRustC.cc:660] unkown attri name: define_cell_area in /data/project_share/process_node/dataset_baseline/lib/tcbn28hpcplusbwp30p140ulvtssg0p81v125c_ccs.lib line no 67
I0115 18:20:50.990572 3874241 LibParserRustC.cc:1299] link liberty file /data/project_share/process_node/dataset_baseline/lib/tcbn28hpcplusbwp40p140oppssg0p81v125c_ccs.lib success.
I0115 18:20:51.024367 3874242 LibParserRustC.cc:1299] link liberty file /data/project_share/process_node/dataset_baseline/lib/tcbn28hpcplusbwp40p140opphvtssg0p81v125c_ccs.lib success.
I0115 18:20:51.033155 3874258 LibParserRustC.cc:1299] link liberty file /data/project_share/process_node/dataset_baseline/lib/tcbn28hpcplusbwp30p140oppuhvtssg0p81v125c_ccs.lib success.
I0115 18:20:51.046825 3874235 LibParserRustC.cc:1299] link liberty file /data/project_share/process_node/dataset_baseline/lib/tcbn28hpcplusbwp35p140oppulvtssg0p81v125c_ccs.lib success.
I0115 18:20:51.073525 3874260 LibParserRustC.cc:1299] link liberty file /data/project_share/process_node/dataset_baseline/lib/tcbn28hpcplusbwp30p140oppssg0p81v125c_ccs.lib success.
I0115 18:20:51.083180 3874240 LibParserRustC.cc:1299] link liberty file /data/project_share/process_node/dataset_baseline/lib/tcbn28hpcplusbwp30p140mblvtssg0p81v125c_ccs.lib success.
I0115 18:20:51.097259 3874261 LibParserRustC.cc:1299] link liberty file /data/project_share/process_node/dataset_baseline/lib/tcbn28hpcplusbwp40p140opplvtssg0p81v125c_ccs.lib success.
I0115 18:20:51.113237 3874243 LibParserRustC.cc:1299] link liberty file /data/project_share/process_node/dataset_baseline/lib/tcbn28hpcplusbwp40p140mbssg0p81v125c_ccs.lib success.
I0115 18:20:51.134495 3874249 LibParserRustC.cc:1299] link liberty file /data/project_share/process_node/dataset_baseline/lib/tcbn28hpcplusbwp35p140opphvtssg0p81v125c_ccs.lib success.
I0115 18:20:51.193224 3874248 LibParserRustC.cc:1299] link liberty file /data/project_share/process_node/dataset_baseline/lib/tcbn28hpcplusbwp30p140mbssg0p81v125c_ccs.lib success.
I0115 18:20:51.211819 3874250 LibParserRustC.cc:1299] link liberty file /data/project_share/process_node/dataset_baseline/lib/tcbn28hpcplusbwp30p140oppulvtssg0p81v125c_ccs.lib success.
I0115 18:20:51.245808 3874236 LibParserRustC.cc:1299] link liberty file /data/project_share/process_node/dataset_baseline/lib/tcbn28hpcplusbwp30p140opphvtssg0p81v125c_ccs.lib success.
I0115 18:20:51.281869 3874254 LibParserRustC.cc:1299] link liberty file /data/project_share/process_node/dataset_baseline/lib/tcbn28hpcplusbwp35p140mblvtssg0p81v125c_ccs.lib success.
I0115 18:20:51.351410 3874255 LibParserRustC.cc:1299] link liberty file /data/project_share/process_node/dataset_baseline/lib/tcbn28hpcplusbwp35p140mbssg0p81v125c_ccs.lib success.
I0115 18:20:51.417834 3874233 LibParserRustC.cc:1299] link liberty file /data/project_share/process_node/dataset_baseline/lib/tcbn28hpcplusbwp35p140oppssg0p81v125c_ccs.lib success.
I0115 18:20:51.561072 3874245 LibParserRustC.cc:1299] link liberty file /data/project_share/process_node/dataset_baseline/lib/tcbn28hpcplusbwp40p140mbhvtssg0p81v125c_ccs.lib success.
I0115 18:20:52.084923 3874237 LibParserRustC.cc:1299] link liberty file /data/project_share/process_node/dataset_baseline/lib/tcbn28hpcplusbwp35p140mbhvtssg0p81v125c_ccs.lib success.
I0115 18:20:54.124732 3874257 LibParserRustC.cc:1299] link liberty file /data/project_share/process_node/dataset_baseline/lib/tcbn28hpcplusbwp40p140uhvtssg0p81v125c_ccs.lib success.
I0115 18:20:54.214223 3874247 LibParserRustC.cc:1299] link liberty file /data/project_share/process_node/dataset_baseline/lib/tcbn28hpcplusbwp40p140lvtssg0p81v125c_ccs.lib success.
I0115 18:20:54.333155 3874239 LibParserRustC.cc:1299] link liberty file /data/project_share/process_node/dataset_baseline/lib/tcbn28hpcplusbwp35p140hvtssg0p81v125c_ccs.lib success.
I0115 18:20:54.382417 3874259 LibParserRustC.cc:1299] link liberty file /data/project_share/process_node/dataset_baseline/lib/tcbn28hpcplusbwp35p140ssg0p81v125c_ccs.lib success.
I0115 18:20:54.574810 3874263 LibParserRustC.cc:1299] link liberty file /data/project_share/process_node/dataset_baseline/lib/tcbn28hpcplusbwp35p140ulvtssg0p81v125c_ccs.lib success.
I0115 18:20:54.734624 3874238 LibParserRustC.cc:1299] link liberty file /data/project_share/process_node/dataset_baseline/lib/tcbn28hpcplusbwp30p140ulvtssg0p81v125c_ccs.lib success.
I0115 18:20:54.756664 3874251 LibParserRustC.cc:1299] link liberty file /data/project_share/process_node/dataset_baseline/lib/tcbn28hpcplusbwp30p140ssg0p81v125c_ccs.lib success.
I0115 18:20:54.893474 3874253 LibParserRustC.cc:1299] link liberty file /data/project_share/process_node/dataset_baseline/lib/tcbn28hpcplusbwp35p140uhvtssg0p81v125c_ccs.lib success.
I0115 18:20:55.654824 3874262 LibParserRustC.cc:1299] link liberty file /data/project_share/process_node/dataset_baseline/lib/tcbn28hpcplusbwp40p140hvtssg0p81v125c_ccs.lib success.
I0115 18:20:56.085832 3874244 LibParserRustC.cc:1299] link liberty file /data/project_share/process_node/dataset_baseline/lib/tcbn28hpcplusbwp30p140uhvtssg0p81v125c_ccs.lib success.
I0115 18:20:56.585736 3874256 LibParserRustC.cc:1299] link liberty file /data/project_share/process_node/dataset_baseline/lib/tcbn28hpcplusbwp35p140lvtssg0p81v125c_ccs.lib success.
I0115 18:20:56.680965 3874246 LibParserRustC.cc:1299] link liberty file /data/project_share/process_node/dataset_baseline/lib/tcbn28hpcplusbwp30p140hvtssg0p81v125c_ccs.lib success.
I0115 18:20:57.338156 3874232 LibParserRustC.cc:1299] link liberty file /data/project_share/process_node/dataset_baseline/lib/tcbn28hpcplusbwp30p140lvtssg0p81v125c_ccs.lib success.
I0115 18:20:57.636179 3874252 LibParserRustC.cc:1299] link liberty file /data/project_share/process_node/dataset_baseline/lib/tcbn28hpcplusbwp40p140ssg0p81v125c_ccs.lib success.
I0115 18:20:57.636906 3815768 TimingIDBAdapter.cc:738] core area width 21um height 21um
I0115 18:20:57.637756 3815768 TimingIDBAdapter.cc:821] build inst num: 1
I0115 18:20:57.694000 3815768 TimingIDBAdapter.cc:896] build net num: 1
I0115 18:20:57.703588 3815768 TimingIDBAdapter.cc:904] build instance num: 297
I0115 18:20:57.703614 3815768 TimingIDBAdapter.cc:905] build port num: 56
I0115 18:20:57.703621 3815768 TimingIDBAdapter.cc:906] build net num: 270
I0115 18:20:57.703642 3815768 Sta.cc:172] read sdc /data2/project_share/dataset_baseline/gcd/syn_netlist/gcd.sdc start 
I0115 18:20:57.720690 3815768 CmdCreateClock.cc:119] create clock core_clock for pin/port: clk
I0115 18:20:57.720769 3815768 Sta.cc:189] read sdc /data2/project_share/dataset_baseline/gcd/syn_netlist/gcd.sdc end 
I0115 18:20:57.720832 3815768 StaBuildGraph.cc:310] build graph start
I0115 18:20:57.757483 3815768 StaBuildGraph.cc:327] build graph end
I0115 18:20:57.759829 3815768 init_sta.cc:567] Net clk has 3 pins
I0115 18:20:57.760246 3815768 init_sta.cc:567] Net req_msg[31] has 2 pins
I0115 18:20:57.760625 3815768 init_sta.cc:567] Net req_msg[30] has 2 pins
I0115 18:20:57.760960 3815768 init_sta.cc:567] Net req_msg[29] has 2 pins
I0115 18:20:57.761282 3815768 init_sta.cc:567] Net req_msg[28] has 2 pins
I0115 18:20:57.761660 3815768 init_sta.cc:567] Net req_msg[27] has 2 pins
I0115 18:20:57.761973 3815768 init_sta.cc:567] Net req_msg[26] has 2 pins
I0115 18:20:57.762250 3815768 init_sta.cc:567] Net req_msg[25] has 2 pins
I0115 18:20:57.762660 3815768 init_sta.cc:567] Net req_msg[24] has 2 pins
I0115 18:20:57.763125 3815768 init_sta.cc:567] Net req_msg[23] has 2 pins
I0115 18:20:57.763500 3815768 init_sta.cc:567] Net req_msg[22] has 2 pins
I0115 18:20:57.763800 3815768 init_sta.cc:567] Net req_msg[21] has 2 pins
I0115 18:20:57.764066 3815768 init_sta.cc:567] Net req_msg[20] has 2 pins
I0115 18:20:57.764312 3815768 init_sta.cc:567] Net req_msg[19] has 2 pins
I0115 18:20:57.764618 3815768 init_sta.cc:567] Net req_msg[18] has 2 pins
I0115 18:20:57.764879 3815768 init_sta.cc:567] Net req_msg[17] has 2 pins
I0115 18:20:57.765105 3815768 init_sta.cc:567] Net req_msg[16] has 2 pins
I0115 18:20:57.765360 3815768 init_sta.cc:567] Net req_msg[15] has 2 pins
I0115 18:20:57.765699 3815768 init_sta.cc:567] Net req_msg[14] has 2 pins
I0115 18:20:57.766034 3815768 init_sta.cc:567] Net req_msg[13] has 2 pins
I0115 18:20:57.766366 3815768 init_sta.cc:567] Net req_msg[12] has 2 pins
I0115 18:20:57.766610 3815768 init_sta.cc:567] Net req_msg[11] has 2 pins
I0115 18:20:57.766886 3815768 init_sta.cc:567] Net req_msg[10] has 2 pins
I0115 18:20:57.767195 3815768 init_sta.cc:567] Net req_msg[9] has 2 pins
I0115 18:20:57.767539 3815768 init_sta.cc:567] Net req_msg[8] has 2 pins
I0115 18:20:57.767835 3815768 init_sta.cc:567] Net req_msg[7] has 2 pins
I0115 18:20:57.768071 3815768 init_sta.cc:567] Net req_msg[6] has 2 pins
I0115 18:20:57.768337 3815768 init_sta.cc:567] Net req_msg[5] has 2 pins
I0115 18:20:57.768621 3815768 init_sta.cc:567] Net req_msg[4] has 2 pins
I0115 18:20:57.768863 3815768 init_sta.cc:567] Net req_msg[3] has 2 pins
I0115 18:20:57.769086 3815768 init_sta.cc:567] Net req_msg[2] has 2 pins
I0115 18:20:57.769344 3815768 init_sta.cc:567] Net req_msg[1] has 2 pins
I0115 18:20:57.769580 3815768 init_sta.cc:567] Net req_msg[0] has 2 pins
I0115 18:20:57.769786 3815768 init_sta.cc:567] Net req_rdy has 2 pins
I0115 18:20:57.770028 3815768 init_sta.cc:567] Net req_val has 2 pins
I0115 18:20:57.770219 3815768 init_sta.cc:567] Net reset has 2 pins
I0115 18:20:57.770455 3815768 init_sta.cc:567] Net resp_msg[15] has 3 pins
I0115 18:20:57.770718 3815768 init_sta.cc:567] Net resp_msg[14] has 3 pins
I0115 18:20:57.771064 3815768 init_sta.cc:567] Net resp_msg[13] has 3 pins
I0115 18:20:57.771428 3815768 init_sta.cc:567] Net resp_msg[12] has 3 pins
I0115 18:20:57.771804 3815768 init_sta.cc:567] Net resp_msg[11] has 3 pins
I0115 18:20:57.772204 3815768 init_sta.cc:567] Net resp_msg[10] has 3 pins
I0115 18:20:57.772614 3815768 init_sta.cc:567] Net resp_msg[9] has 3 pins
I0115 18:20:57.773001 3815768 init_sta.cc:567] Net resp_msg[8] has 3 pins
I0115 18:20:57.773424 3815768 init_sta.cc:567] Net resp_msg[7] has 3 pins
I0115 18:20:57.773751 3815768 init_sta.cc:567] Net resp_msg[6] has 3 pins
I0115 18:20:57.774060 3815768 init_sta.cc:567] Net resp_msg[5] has 3 pins
I0115 18:20:57.774399 3815768 init_sta.cc:567] Net resp_msg[4] has 3 pins
I0115 18:20:57.774735 3815768 init_sta.cc:567] Net resp_msg[3] has 3 pins
I0115 18:20:57.775013 3815768 init_sta.cc:567] Net resp_msg[2] has 3 pins
I0115 18:20:57.775411 3815768 init_sta.cc:567] Net resp_msg[1] has 3 pins
I0115 18:20:57.775729 3815768 init_sta.cc:567] Net resp_msg[0] has 6 pins
I0115 18:20:57.775981 3815768 init_sta.cc:567] Net resp_rdy has 2 pins
I0115 18:20:57.776187 3815768 init_sta.cc:567] Net resp_val has 2 pins
I0115 18:20:57.777510 3815768 init_sta.cc:567] Net CTS_1 has 17 pins
I0115 18:20:57.778867 3815768 init_sta.cc:567] Net ctrl_b_mux_sel_0_ has 22 pins
I0115 18:20:57.779268 3815768 init_sta.cc:567] Net ctrl_b_reg_en_0_ has 2 pins
I0115 18:20:57.780737 3815768 init_sta.cc:567] Net ctrl_a_reg_en_0_ has 24 pins
I0115 18:20:57.781351 3815768 init_sta.cc:567] Net dpath_is_b_zero_0_ has 3 pins
I0115 18:20:57.781610 3815768 init_sta.cc:567] Net dpath_is_a_lt_b_0_ has 3 pins
I0115 18:20:57.781761 3815768 init_sta.cc:567] Net ctrl_a_mux_sel[1] has 2 pins
I0115 18:20:57.782100 3815768 init_sta.cc:567] Net ctrl_a_mux_sel[0] has 5 pins
I0115 18:20:57.782279 3815768 init_sta.cc:567] Net ctrl/FE_OFN1_ctrl_b_mux_sel_0 has 2 pins
I0115 18:20:57.782517 3815768 init_sta.cc:567] Net ctrl/n1 has 2 pins
I0115 18:20:57.782738 3815768 init_sta.cc:567] Net ctrl/n2 has 3 pins
I0115 18:20:57.782929 3815768 init_sta.cc:567] Net ctrl/n3 has 3 pins
I0115 18:20:57.783146 3815768 init_sta.cc:567] Net ctrl/n4 has 2 pins
I0115 18:20:57.783316 3815768 init_sta.cc:567] Net ctrl/n5 has 2 pins
I0115 18:20:57.783607 3815768 init_sta.cc:567] Net ctrl/state_out[1] has 4 pins
I0115 18:20:57.784085 3815768 init_sta.cc:567] Net ctrl/state_out[0] has 12 pins
I0115 18:20:57.784325 3815768 init_sta.cc:567] Net ctrl/next_state__0[1] has 2 pins
I0115 18:20:57.784520 3815768 init_sta.cc:567] Net ctrl/next_state__0[0] has 2 pins
I0115 18:20:57.784720 3815768 init_sta.cc:567] Net ctrl/state/n1 has 3 pins
I0115 18:20:57.785930 3815768 init_sta.cc:567] Net dpath/CTS_1 has 19 pins
I0115 18:20:57.786509 3815768 init_sta.cc:567] Net dpath/a_reg_out[15] has 5 pins
I0115 18:20:57.786967 3815768 init_sta.cc:567] Net dpath/a_reg_out[14] has 12 pins
I0115 18:20:57.787351 3815768 init_sta.cc:567] Net dpath/a_reg_out[13] has 5 pins
I0115 18:20:57.787801 3815768 init_sta.cc:567] Net dpath/a_reg_out[12] has 6 pins
I0115 18:20:57.788182 3815768 init_sta.cc:567] Net dpath/a_reg_out[11] has 8 pins
I0115 18:20:57.788618 3815768 init_sta.cc:567] Net dpath/a_reg_out[10] has 5 pins
I0115 18:20:57.789098 3815768 init_sta.cc:567] Net dpath/a_reg_out[9] has 9 pins
I0115 18:20:57.789683 3815768 init_sta.cc:567] Net dpath/a_reg_out[8] has 9 pins
I0115 18:20:57.790223 3815768 init_sta.cc:567] Net dpath/a_reg_out[7] has 11 pins
I0115 18:20:57.790669 3815768 init_sta.cc:567] Net dpath/a_reg_out[6] has 8 pins
I0115 18:20:57.791118 3815768 init_sta.cc:567] Net dpath/a_reg_out[5] has 8 pins
I0115 18:20:57.791641 3815768 init_sta.cc:567] Net dpath/a_reg_out[4] has 6 pins
I0115 18:20:57.792124 3815768 init_sta.cc:567] Net dpath/a_reg_out[3] has 6 pins
I0115 18:20:57.792662 3815768 init_sta.cc:567] Net dpath/a_reg_out[2] has 9 pins
I0115 18:20:57.793078 3815768 init_sta.cc:567] Net dpath/a_reg_out[1] has 6 pins
I0115 18:20:57.793527 3815768 init_sta.cc:567] Net dpath/a_reg_out[0] has 6 pins
I0115 18:20:57.793769 3815768 init_sta.cc:567] Net dpath/a_mux_out[15] has 2 pins
I0115 18:20:57.793949 3815768 init_sta.cc:567] Net dpath/a_mux_out[14] has 2 pins
I0115 18:20:57.794126 3815768 init_sta.cc:567] Net dpath/a_mux_out[13] has 2 pins
I0115 18:20:57.794337 3815768 init_sta.cc:567] Net dpath/a_mux_out[12] has 2 pins
I0115 18:20:57.794525 3815768 init_sta.cc:567] Net dpath/a_mux_out[11] has 2 pins
I0115 18:20:57.794749 3815768 init_sta.cc:567] Net dpath/a_mux_out[10] has 2 pins
I0115 18:20:57.795048 3815768 init_sta.cc:567] Net dpath/a_mux_out[9] has 2 pins
I0115 18:20:57.795343 3815768 init_sta.cc:567] Net dpath/a_mux_out[8] has 2 pins
I0115 18:20:57.795599 3815768 init_sta.cc:567] Net dpath/a_mux_out[7] has 2 pins
I0115 18:20:57.795825 3815768 init_sta.cc:567] Net dpath/a_mux_out[6] has 2 pins
I0115 18:20:57.796056 3815768 init_sta.cc:567] Net dpath/a_mux_out[5] has 2 pins
I0115 18:20:57.796289 3815768 init_sta.cc:567] Net dpath/a_mux_out[4] has 2 pins
I0115 18:20:57.796430 3815768 init_sta.cc:567] Net dpath/a_mux_out[3] has 2 pins
I0115 18:20:57.796593 3815768 init_sta.cc:567] Net dpath/a_mux_out[2] has 2 pins
I0115 18:20:57.796762 3815768 init_sta.cc:567] Net dpath/a_mux_out[1] has 2 pins
I0115 18:20:57.796968 3815768 init_sta.cc:567] Net dpath/a_mux_out[0] has 2 pins
I0115 18:20:57.797108 3815768 init_sta.cc:567] Net dpath/b_mux_out[15] has 2 pins
I0115 18:20:57.797317 3815768 init_sta.cc:567] Net dpath/b_mux_out[14] has 2 pins
I0115 18:20:57.797508 3815768 init_sta.cc:567] Net dpath/b_mux_out[13] has 2 pins
I0115 18:20:57.797683 3815768 init_sta.cc:567] Net dpath/b_mux_out[12] has 2 pins
I0115 18:20:57.797817 3815768 init_sta.cc:567] Net dpath/b_mux_out[11] has 2 pins
I0115 18:20:57.797937 3815768 init_sta.cc:567] Net dpath/b_mux_out[10] has 2 pins
I0115 18:20:57.798101 3815768 init_sta.cc:567] Net dpath/b_mux_out[9] has 2 pins
I0115 18:20:57.798280 3815768 init_sta.cc:567] Net dpath/b_mux_out[8] has 2 pins
I0115 18:20:57.798411 3815768 init_sta.cc:567] Net dpath/b_mux_out[7] has 2 pins
I0115 18:20:57.798573 3815768 init_sta.cc:567] Net dpath/b_mux_out[6] has 2 pins
I0115 18:20:57.798749 3815768 init_sta.cc:567] Net dpath/b_mux_out[5] has 2 pins
I0115 18:20:57.798911 3815768 init_sta.cc:567] Net dpath/b_mux_out[4] has 2 pins
I0115 18:20:57.799096 3815768 init_sta.cc:567] Net dpath/b_mux_out[3] has 2 pins
I0115 18:20:57.799305 3815768 init_sta.cc:567] Net dpath/b_mux_out[2] has 2 pins
I0115 18:20:57.799489 3815768 init_sta.cc:567] Net dpath/b_mux_out[1] has 2 pins
I0115 18:20:57.799665 3815768 init_sta.cc:567] Net dpath/b_mux_out[0] has 2 pins
I0115 18:20:57.800221 3815768 init_sta.cc:567] Net dpath/b_reg_out[15] has 7 pins
I0115 18:20:57.800760 3815768 init_sta.cc:567] Net dpath/b_reg_out[14] has 6 pins
I0115 18:20:57.801405 3815768 init_sta.cc:567] Net dpath/b_reg_out[13] has 7 pins
I0115 18:20:57.801862 3815768 init_sta.cc:567] Net dpath/b_reg_out[12] has 6 pins
I0115 18:20:57.802345 3815768 init_sta.cc:567] Net dpath/b_reg_out[11] has 7 pins
I0115 18:20:57.802868 3815768 init_sta.cc:567] Net dpath/b_reg_out[10] has 7 pins
I0115 18:20:57.803454 3815768 init_sta.cc:567] Net dpath/b_reg_out[9] has 6 pins
I0115 18:20:57.803975 3815768 init_sta.cc:567] Net dpath/b_reg_out[8] has 6 pins
I0115 18:20:57.804590 3815768 init_sta.cc:567] Net dpath/b_reg_out[7] has 12 pins
I0115 18:20:57.805114 3815768 init_sta.cc:567] Net dpath/b_reg_out[6] has 6 pins
I0115 18:20:57.805770 3815768 init_sta.cc:567] Net dpath/b_reg_out[5] has 10 pins
I0115 18:20:57.806314 3815768 init_sta.cc:567] Net dpath/b_reg_out[4] has 6 pins
I0115 18:20:57.807060 3815768 init_sta.cc:567] Net dpath/b_reg_out[3] has 6 pins
I0115 18:20:57.807698 3815768 init_sta.cc:567] Net dpath/b_reg_out[2] has 9 pins
I0115 18:20:57.808372 3815768 init_sta.cc:567] Net dpath/b_reg_out[1] has 6 pins
I0115 18:20:57.809176 3815768 init_sta.cc:567] Net dpath/b_reg_out[0] has 6 pins
I0115 18:20:57.809499 3815768 init_sta.cc:567] Net dpath/a_reg/n2 has 2 pins
I0115 18:20:57.809685 3815768 init_sta.cc:567] Net dpath/a_reg/n3 has 2 pins
I0115 18:20:57.809864 3815768 init_sta.cc:567] Net dpath/a_reg/n4 has 2 pins
I0115 18:20:57.810144 3815768 init_sta.cc:567] Net dpath/a_reg/n5 has 2 pins
I0115 18:20:57.810318 3815768 init_sta.cc:567] Net dpath/a_reg/n6 has 2 pins
I0115 18:20:57.810441 3815768 init_sta.cc:567] Net dpath/a_reg/n7 has 2 pins
I0115 18:20:57.810626 3815768 init_sta.cc:567] Net dpath/a_reg/n8 has 2 pins
I0115 18:20:57.810761 3815768 init_sta.cc:567] Net dpath/a_reg/n9 has 2 pins
I0115 18:20:57.810881 3815768 init_sta.cc:567] Net dpath/a_reg/n10 has 2 pins
I0115 18:20:57.811054 3815768 init_sta.cc:567] Net dpath/a_reg/n11 has 2 pins
I0115 18:20:57.811319 3815768 init_sta.cc:567] Net dpath/a_reg/n12 has 2 pins
I0115 18:20:57.811578 3815768 init_sta.cc:567] Net dpath/a_reg/n13 has 2 pins
I0115 18:20:57.811779 3815768 init_sta.cc:567] Net dpath/a_reg/n14 has 2 pins
I0115 18:20:57.812040 3815768 init_sta.cc:567] Net dpath/a_reg/n15 has 2 pins
I0115 18:20:57.812218 3815768 init_sta.cc:567] Net dpath/a_reg/n16 has 2 pins
I0115 18:20:57.812387 3815768 init_sta.cc:567] Net dpath/a_reg/n17 has 2 pins
I0115 18:20:57.812594 3815768 init_sta.cc:567] Net dpath/a_reg/n1 has 2 pins
I0115 18:20:57.814069 3815768 init_sta.cc:567] Net dpath/a_reg/n18 has 18 pins
I0115 18:20:57.814502 3815768 init_sta.cc:567] Net dpath/a_reg/n19 has 2 pins
I0115 18:20:57.814692 3815768 init_sta.cc:567] Net dpath/a_lt_b/n1 has 2 pins
I0115 18:20:57.814841 3815768 init_sta.cc:567] Net dpath/a_lt_b/n2 has 2 pins
I0115 18:20:57.815050 3815768 init_sta.cc:567] Net dpath/a_lt_b/n3 has 3 pins
I0115 18:20:57.815305 3815768 init_sta.cc:567] Net dpath/a_lt_b/n4 has 3 pins
I0115 18:20:57.815456 3815768 init_sta.cc:567] Net dpath/a_lt_b/n5 has 2 pins
I0115 18:20:57.815608 3815768 init_sta.cc:567] Net dpath/a_lt_b/n6 has 2 pins
I0115 18:20:57.815862 3815768 init_sta.cc:567] Net dpath/a_lt_b/n7 has 3 pins
I0115 18:20:57.816080 3815768 init_sta.cc:567] Net dpath/a_lt_b/n8 has 2 pins
I0115 18:20:57.816286 3815768 init_sta.cc:567] Net dpath/a_lt_b/n9 has 2 pins
I0115 18:20:57.816552 3815768 init_sta.cc:567] Net dpath/a_lt_b/n10 has 3 pins
I0115 18:20:57.816764 3815768 init_sta.cc:567] Net dpath/a_lt_b/n11 has 3 pins
I0115 18:20:57.816970 3815768 init_sta.cc:567] Net dpath/a_lt_b/n12 has 3 pins
I0115 18:20:57.817152 3815768 init_sta.cc:567] Net dpath/a_lt_b/n13 has 2 pins
I0115 18:20:57.817360 3815768 init_sta.cc:567] Net dpath/a_lt_b/n14 has 3 pins
I0115 18:20:57.817626 3815768 init_sta.cc:567] Net dpath/a_lt_b/n15 has 3 pins
I0115 18:20:57.817800 3815768 init_sta.cc:567] Net dpath/a_lt_b/n16 has 2 pins
I0115 18:20:57.817952 3815768 init_sta.cc:567] Net dpath/a_lt_b/n17 has 2 pins
I0115 18:20:57.818149 3815768 init_sta.cc:567] Net dpath/a_lt_b/n18 has 3 pins
I0115 18:20:57.818332 3815768 init_sta.cc:567] Net dpath/a_lt_b/n19 has 2 pins
I0115 18:20:57.818463 3815768 init_sta.cc:567] Net dpath/a_lt_b/n20 has 2 pins
I0115 18:20:57.818657 3815768 init_sta.cc:567] Net dpath/a_lt_b/n21 has 3 pins
I0115 18:20:57.818857 3815768 init_sta.cc:567] Net dpath/a_lt_b/n22 has 2 pins
I0115 18:20:57.819018 3815768 init_sta.cc:567] Net dpath/a_lt_b/n23 has 2 pins
I0115 18:20:57.819243 3815768 init_sta.cc:567] Net dpath/a_lt_b/n24 has 3 pins
I0115 18:20:57.819376 3815768 init_sta.cc:567] Net dpath/a_lt_b/n25 has 2 pins
I0115 18:20:57.819542 3815768 init_sta.cc:567] Net dpath/a_lt_b/n26 has 2 pins
I0115 18:20:57.819691 3815768 init_sta.cc:567] Net dpath/a_lt_b/n27 has 3 pins
I0115 18:20:57.819820 3815768 init_sta.cc:567] Net dpath/a_lt_b/n28 has 2 pins
I0115 18:20:57.819969 3815768 init_sta.cc:567] Net dpath/a_lt_b/n29 has 2 pins
I0115 18:20:57.820206 3815768 init_sta.cc:567] Net dpath/a_lt_b/n30 has 3 pins
I0115 18:20:57.820379 3815768 init_sta.cc:567] Net dpath/a_lt_b/n31 has 2 pins
I0115 18:20:57.820611 3815768 init_sta.cc:567] Net dpath/a_lt_b/n32 has 3 pins
I0115 18:20:57.820755 3815768 init_sta.cc:567] Net dpath/a_lt_b/n33 has 2 pins
I0115 18:20:57.820897 3815768 init_sta.cc:567] Net dpath/a_lt_b/n34 has 2 pins
I0115 18:20:57.821146 3815768 init_sta.cc:567] Net dpath/a_lt_b/n35 has 3 pins
I0115 18:20:57.821321 3815768 init_sta.cc:567] Net dpath/a_lt_b/n36 has 2 pins
I0115 18:20:57.821501 3815768 init_sta.cc:567] Net dpath/a_lt_b/n37 has 3 pins
I0115 18:20:57.821661 3815768 init_sta.cc:567] Net dpath/b_zero/n1 has 2 pins
I0115 18:20:57.821832 3815768 init_sta.cc:567] Net dpath/b_zero/n2 has 2 pins
I0115 18:20:57.822049 3815768 init_sta.cc:567] Net dpath/b_zero/n3 has 2 pins
I0115 18:20:57.822255 3815768 init_sta.cc:567] Net dpath/b_zero/n4 has 2 pins
I0115 18:20:57.823527 3815768 init_sta.cc:567] Net dpath/a_mux/FE_OFN5_n18 has 17 pins
I0115 18:20:57.824819 3815768 init_sta.cc:567] Net dpath/a_mux/FE_OFN4_n16 has 35 pins
I0115 18:20:57.826062 3815768 init_sta.cc:567] Net dpath/a_mux/FE_OFN3_ctrl_a_mux_sel_1 has 49 pins
I0115 18:20:57.826460 3815768 init_sta.cc:567] Net dpath/a_mux/n1 has 2 pins
I0115 18:20:57.826618 3815768 init_sta.cc:567] Net dpath/a_mux/n2 has 2 pins
I0115 18:20:57.826738 3815768 init_sta.cc:567] Net dpath/a_mux/n3 has 2 pins
I0115 18:20:57.826910 3815768 init_sta.cc:567] Net dpath/a_mux/n4 has 2 pins
I0115 18:20:57.827091 3815768 init_sta.cc:567] Net dpath/a_mux/n5 has 2 pins
I0115 18:20:57.827212 3815768 init_sta.cc:567] Net dpath/a_mux/n6 has 2 pins
I0115 18:20:57.827354 3815768 init_sta.cc:567] Net dpath/a_mux/n7 has 2 pins
I0115 18:20:57.827467 3815768 init_sta.cc:567] Net dpath/a_mux/n8 has 2 pins
I0115 18:20:57.827638 3815768 init_sta.cc:567] Net dpath/a_mux/n9 has 2 pins
I0115 18:20:57.827802 3815768 init_sta.cc:567] Net dpath/a_mux/n10 has 2 pins
I0115 18:20:57.827916 3815768 init_sta.cc:567] Net dpath/a_mux/n11 has 2 pins
I0115 18:20:57.828054 3815768 init_sta.cc:567] Net dpath/a_mux/n12 has 2 pins
I0115 18:20:57.828195 3815768 init_sta.cc:567] Net dpath/a_mux/n13 has 2 pins
I0115 18:20:57.828378 3815768 init_sta.cc:567] Net dpath/a_mux/n14 has 2 pins
I0115 18:20:57.828575 3815768 init_sta.cc:567] Net dpath/a_mux/n15 has 2 pins
I0115 18:20:57.828754 3815768 init_sta.cc:567] Net dpath/a_mux/n16 has 2 pins
I0115 18:20:57.828909 3815768 init_sta.cc:567] Net dpath/a_mux/n17 has 2 pins
I0115 18:20:57.829037 3815768 init_sta.cc:567] Net dpath/a_mux/n18 has 2 pins
I0115 18:20:57.830132 3815768 init_sta.cc:567] Net dpath/b_mux/n1 has 22 pins
I0115 18:20:57.830519 3815768 init_sta.cc:567] Net dpath/sub/n13 has 2 pins
I0115 18:20:57.830672 3815768 init_sta.cc:567] Net dpath/sub/n14 has 2 pins
I0115 18:20:57.830842 3815768 init_sta.cc:567] Net dpath/sub/n15 has 2 pins
I0115 18:20:57.831055 3815768 init_sta.cc:567] Net dpath/sub/n16 has 2 pins
I0115 18:20:57.831260 3815768 init_sta.cc:567] Net dpath/sub/n17 has 4 pins
I0115 18:20:57.831415 3815768 init_sta.cc:567] Net dpath/sub/n18 has 2 pins
I0115 18:20:57.831571 3815768 init_sta.cc:567] Net dpath/sub/n19 has 2 pins
I0115 18:20:57.831717 3815768 init_sta.cc:567] Net dpath/sub/n20 has 2 pins
I0115 18:20:57.831843 3815768 init_sta.cc:567] Net dpath/sub/n21 has 2 pins
I0115 18:20:57.831984 3815768 init_sta.cc:567] Net dpath/sub/n22 has 2 pins
I0115 18:20:57.832140 3815768 init_sta.cc:567] Net dpath/sub/n23 has 2 pins
I0115 18:20:57.832293 3815768 init_sta.cc:567] Net dpath/sub/n24 has 2 pins
I0115 18:20:57.832456 3815768 init_sta.cc:567] Net dpath/sub/n25 has 2 pins
I0115 18:20:57.832607 3815768 init_sta.cc:567] Net dpath/sub/n26 has 2 pins
I0115 18:20:57.832824 3815768 init_sta.cc:567] Net dpath/sub/n27 has 4 pins
I0115 18:20:57.832984 3815768 init_sta.cc:567] Net dpath/sub/n28 has 2 pins
I0115 18:20:57.833142 3815768 init_sta.cc:567] Net dpath/sub/n29 has 2 pins
I0115 18:20:57.833292 3815768 init_sta.cc:567] Net dpath/sub/n30 has 2 pins
I0115 18:20:57.833418 3815768 init_sta.cc:567] Net dpath/sub/n31 has 2 pins
I0115 18:20:57.833560 3815768 init_sta.cc:567] Net dpath/sub/n32 has 2 pins
I0115 18:20:57.833686 3815768 init_sta.cc:567] Net dpath/sub/n33 has 2 pins
I0115 18:20:57.833813 3815768 init_sta.cc:567] Net dpath/sub/n34 has 2 pins
I0115 18:20:57.833985 3815768 init_sta.cc:567] Net dpath/sub/n35 has 2 pins
I0115 18:20:57.834167 3815768 init_sta.cc:567] Net dpath/sub/n36 has 2 pins
I0115 18:20:57.834350 3815768 init_sta.cc:567] Net dpath/sub/n37 has 2 pins
I0115 18:20:57.834506 3815768 init_sta.cc:567] Net dpath/sub/n38 has 2 pins
I0115 18:20:57.834628 3815768 init_sta.cc:567] Net dpath/sub/n39 has 2 pins
I0115 18:20:57.834777 3815768 init_sta.cc:567] Net dpath/sub/n40 has 2 pins
I0115 18:20:57.834926 3815768 init_sta.cc:567] Net dpath/sub/n41 has 2 pins
I0115 18:20:57.835068 3815768 init_sta.cc:567] Net dpath/sub/n42 has 2 pins
I0115 18:20:57.835218 3815768 init_sta.cc:567] Net dpath/sub/n43 has 2 pins
I0115 18:20:57.835459 3815768 init_sta.cc:567] Net dpath/sub/n44 has 3 pins
I0115 18:20:57.836565 3815768 init_sta.cc:567] Net dpath/b_reg/FE_OFN2_ctrl_b_reg_en_0 has 18 pins
I0115 18:20:57.836966 3815768 init_sta.cc:567] Net dpath/b_reg/n2 has 2 pins
I0115 18:20:57.837122 3815768 init_sta.cc:567] Net dpath/b_reg/n3 has 2 pins
I0115 18:20:57.837268 3815768 init_sta.cc:567] Net dpath/b_reg/n4 has 2 pins
I0115 18:20:57.837415 3815768 init_sta.cc:567] Net dpath/b_reg/n5 has 2 pins
I0115 18:20:57.837560 3815768 init_sta.cc:567] Net dpath/b_reg/n6 has 2 pins
I0115 18:20:57.837731 3815768 init_sta.cc:567] Net dpath/b_reg/n7 has 2 pins
I0115 18:20:57.837908 3815768 init_sta.cc:567] Net dpath/b_reg/n8 has 2 pins
I0115 18:20:57.838096 3815768 init_sta.cc:567] Net dpath/b_reg/n9 has 2 pins
I0115 18:20:57.838243 3815768 init_sta.cc:567] Net dpath/b_reg/n10 has 2 pins
I0115 18:20:57.838418 3815768 init_sta.cc:567] Net dpath/b_reg/n11 has 2 pins
I0115 18:20:57.838610 3815768 init_sta.cc:567] Net dpath/b_reg/n12 has 2 pins
I0115 18:20:57.838768 3815768 init_sta.cc:567] Net dpath/b_reg/n13 has 2 pins
I0115 18:20:57.838922 3815768 init_sta.cc:567] Net dpath/b_reg/n14 has 2 pins
I0115 18:20:57.839071 3815768 init_sta.cc:567] Net dpath/b_reg/n15 has 2 pins
I0115 18:20:57.839216 3815768 init_sta.cc:567] Net dpath/b_reg/n16 has 2 pins
I0115 18:20:57.839358 3815768 init_sta.cc:567] Net dpath/b_reg/n17 has 2 pins
I0115 18:20:57.840302 3815768 init_sta.cc:567] Net dpath/b_reg/n1 has 20 pins
I0115 18:20:57.840549 3815768 Sta.cc:2321] update timing start
I0115 18:20:57.841185 3815768 StaApplySdc.cc:694] apply sdc start
I0115 18:20:57.841315 3815768 StaApplySdc.cc:725] apply sdc end
I0115 18:20:57.841349 3815768 StaClockPropagation.cc:320] ideal clock propagation start
I0115 18:20:57.841472 3815768 StaClockPropagation.cc:203] clock propagate end to vertex dpath/b_reg/out_reg_5_:CP
I0115 18:20:57.842155 3815768 StaClockPropagation.cc:416] ideal clock propagation end
I0115 18:20:57.842168 3815768 StaCheck.cc:129] found loop fwd start
I0115 18:20:57.842648 3815768 StaCheck.cc:148] found loop fwd end
I0115 18:20:57.842653 3815768 StaCheck.cc:150] found loop bwd start
I0115 18:20:57.843111 3815768 StaCheck.cc:172] found loop bwd end
I0115 18:20:57.843120 3815768 StaSlewPropagation.cc:267] slew propagation start
E0115 18:20:57.844398 3874353 Lib.cc:174] Warning: val outside table ranges:  val = 0; min_val = 0.0025; max_val = 0.671
E0115 18:20:57.844480 3874352 Lib.cc:174] Warning: val outside table ranges:  val = 0; min_val = 0.0025; max_val = 0.671
E0115 18:20:57.844528 3874354 Lib.cc:174] Warning: val outside table ranges:  val = 6.1e-05; min_val = 0.0025; max_val = 0.671
E0115 18:20:57.844934 3874377 Lib.cc:174] Warning: val outside table ranges:  val = 0; min_val = 0.0025; max_val = 0.671
E0115 18:20:57.845137 3874377 Lib.cc:174] Warning: val outside table ranges:  val = 0; min_val = 0.0025; max_val = 0.671
E0115 18:20:57.845233 3874353 Lib.cc:174] Warning: val outside table ranges:  val = 0; min_val = 0.0025; max_val = 0.671
