I0313 17:58:17.587558 673000 lm_feature_timing.cpp:80] node dpath/a_reg/n17:806207 resistance 4.28 cap 0.000900702 slew 0.017676 delay 0.00404688 power 6.30309e-05
I0313 17:58:17.585264 673071 lm_feature_timing.cpp:80] node dpath/a_lt_b/n7:386489 resistance 25.252 cap 0.00129676 slew 0.021289 delay 0.0388217 power 2.36334e-05
I0313 17:58:17.587566 673038 lm_feature_timing.cpp:80] node dpath/a_reg_out[6]:755355 resistance 36.38 cap 0.00161458 slew 0.0449412 delay 0.155265 power 0.000107178
I0313 17:58:17.587584 673026 lm_feature_timing.cpp:80] node dpath/a_reg/n15:860713 resistance 62.06 cap 0.000612145 slew 0.0226471 delay 0.0755333 power 4.00584e-05
I0313 17:58:17.587603 673097 lm_feature_timing.cpp:80] node ctrl_b_mux_sel_0_:439398 resistance 151.084 cap 0.00106438 slew 0.0310884 delay 2.06795 power 1.7243e-05
I0313 17:58:17.593482 673013 lm_feature_timing.cpp:80] node dpath/a_lt_b/placeFE_RC_0_0:ZN resistance 0 cap 0.00113098 slew 0.02546 delay 0 power 4.56627e-05
I0313 17:58:17.575711 672976 lm_feature_timing.cpp:125] build net CTS_1 feature 
I0313 17:58:17.587625 672986 lm_feature_timing.cpp:80] node dpath/a_mux_out[5]:731883 resistance 22.684 cap 0.000778593 slew 0.017957 delay 0.0227076 power 8.03154e-05
I0313 17:58:17.587658 673035 lm_feature_timing.cpp:80] node dpath/a_reg/n3:388922 resistance 0 cap 0.00127814 slew 0.019387 delay 0 power 6.97817e-05
I0313 17:58:17.577318 673104 lm_feature_timing.cpp:80] node dpath/a_lt_b/n18:478793 resistance 14.124 cap 0.000644485 slew 0.021423 delay 0.0153273 power 5.22033e-06
I0313 17:58:17.593606 672986 lm_feature_timing.cpp:80] node dpath/a_mux_out[5]:739425 resistance 30.388 cap 0.000700874 slew 0.017957 delay 0.0281072 power 7.22983e-05
I0313 17:58:17.587743 672994 lm_feature_timing.cpp:80] node dpath/b_mux_out[1]:761009 resistance 14.98 cap 0.000741985 slew 0.017 delay 0.0111797 power 3.39093e-05
I0313 17:58:17.585453 672985 lm_feature_timing.cpp:80] node dpath/a_mux_out[6]:402548 resistance 23.112 cap 0.000590657 slew 0.017149 delay 0.0188792 power 6.36448e-05
I0313 17:58:17.587788 673070 lm_feature_timing.cpp:80] node dpath/b_mux_out[4]:386540 resistance 0 cap 0.000910148 slew 0.017183 delay 0 power 4.48636e-05
I0313 17:58:17.593665 673104 lm_feature_timing.cpp:80] node dpath/a_lt_b/n18:830753 resistance 14.124 cap 0.00070576 slew 0.021423 delay 0.0153273 power 5.71666e-06
I0313 17:58:17.593672 673035 lm_feature_timing.cpp:80] node dpath/a_reg/n3:388903 resistance 8.132 cap 0.00119631 slew 0.019387 delay 0.00972837 power 6.53141e-05
I0313 17:58:17.587808 672841 lm_feature_timing.cpp:80] node dpath/a_lt_b/n10:1098071 resistance 8.56 cap 0.000834142 slew 0.022374 delay 0.0143467 power 6.75655e-06
I0313 17:58:17.593709 673104 lm_feature_timing.cpp:80] node dpath/a_lt_b/n18:484659 resistance 8.132 cap 0.000778978 slew 0.021423 delay 0.0110984 power 6.30972e-06
I0313 17:58:17.593706 672994 lm_feature_timing.cpp:80] node dpath/b_mux_out[1]:746763 resistance 0.428 cap 0.000885481 slew 0.017 delay 0.000382338 power 4.04672e-05
I0313 17:58:17.593724 673070 lm_feature_timing.cpp:80] node dpath/b_mux_out[4]:386539 resistance 0.428 cap 0.000902316 slew 0.017183 delay 0.000386191 power 4.44776e-05
I0313 17:58:17.593735 673035 lm_feature_timing.cpp:80] node dpath/a_reg/n3:740863 resistance 8.132 cap 0.00111448 slew 0.019387 delay 0.00972837 power 6.08464e-05
I0313 17:58:17.587836 672990 lm_feature_timing.cpp:80] node dpath/a_lt_b/U37:B resistance 20.972 cap 0.000672352 slew 0.019827 delay 0.0184255 power 5.44605e-06
I0313 17:58:17.587837 673091 lm_feature_timing.cpp:80] node dpath/b_reg/n6:404152 resistance 0 cap 0.000883475 slew 0.016914 delay 0 power 4.42438e-05
I0313 17:58:17.593775 673070 lm_feature_timing.cpp:80] node dpath/b_mux_out[4]:386540 resistance 0 cap 0.000910148 slew 0.017183 delay 0 power 4.48636e-05
I0313 17:58:17.585534 673014 lm_feature_timing.cpp:80] node dpath/a_lt_b/U29:A1 resistance 11.984 cap 0.000393715 slew 0.01901 delay 0.0110319 power 3.18909e-06
I0313 17:58:17.587847 673085 lm_feature_timing.cpp:80] node dpath/b_mux_out[5]:761157 resistance 25.252 cap 0.000791318 slew 0.018108 delay 0.0211593 power 3.99171e-05
I0313 17:58:17.587857 673099 lm_feature_timing.cpp:80] node dpath/a_mux/n12:797821 resistance 5.136 cap 0.000663898 slew 0.034079 delay 0.00340978 power 3.78607e-05
I0313 17:58:17.593819 673070 lm_feature_timing.cpp:80] node dpath/b_mux_out[4]:386539 resistance 0.428 cap 0.000902316 slew 0.017183 delay 0.000386191 power 4.44776e-05
I0313 17:58:17.587875 673059 lm_feature_timing.cpp:80] node ctrl/n5:399824 resistance 0 cap 0.00129816 slew 0.021618 delay 0 power 1.05151e-05
I0313 17:58:17.587904 673067 lm_feature_timing.cpp:80] node dpath/a_lt_b/n20:475438 resistance 0.856 cap 0.000749289 slew 0.012461 delay 0.000641392 power 1.21385e-05
I0313 17:58:17.593868 673099 lm_feature_timing.cpp:80] node dpath/a_mux/n12:445859 resistance 5.992 cap 0.000598903 slew 0.034079 delay 0.00392244 power 3.41542e-05
I0313 17:58:17.593868 673085 lm_feature_timing.cpp:80] node dpath/b_mux_out[5]:409196 resistance 25.68 cap 0.000582435 slew 0.018108 delay 0.0214086 power 2.93803e-05
I0313 17:58:17.593889 673059 lm_feature_timing.cpp:80] node ctrl/n5:400649 resistance 6.42 cap 0.00123278 slew 0.021618 delay 0.00791444 power 9.98551e-06
I0313 17:58:17.585602 673047 lm_feature_timing.cpp:80] node dpath/a_lt_b/n12:388277 resistance 10.7 cap 0.000665774 slew 0.020683 delay 0.0111573 power 5.39277e-06
I0313 17:58:17.587970 673110 lm_feature_timing.cpp:80] node dpath/a_mux/n4:1141605 resistance 9.416 cap 0.000795452 slew 0.036398 delay 0.00774134 power 4.5363e-05
I0313 17:58:17.587968 673068 lm_feature_timing.cpp:137] net dpath/a_mux/n8 resistance 8.56 cap 0.000676622 slew 0.000126086 delay 0.00270407 power 3.1255e-08
I0313 17:58:17.585652 673046 lm_feature_timing.cpp:80] node dpath/b_reg/n7:1113993 resistance 8.988 cap 0.00081848 slew 0.017663 delay 0.00816589 power 4.146e-05
I0313 17:58:17.588025 672996 lm_feature_timing.cpp:80] node dpath/a_reg_out[13]:820525 resistance 52.216 cap 0.000659839 slew 0.0381302 delay 0.162192 power 4.31795e-05
I0313 17:58:17.594020 673068 lm_feature_timing.cpp:125] build net dpath/b_reg_out[13] feature 
I0313 17:58:17.594017 673110 lm_feature_timing.cpp:80] node dpath/a_mux/U9:ZN resistance 0 cap 0.000921722 slew 0.036398 delay 0 power 5.25639e-05
I0313 17:58:17.585713 673086 lm_feature_timing.cpp:80] node dpath/a_reg_out[4]:725243 resistance 2.14 cap 0.0068548 slew 0.0490061 delay 0.0147212 power 0.00042349
I0313 17:58:17.585716 673010 lm_feature_timing.cpp:80] node dpath/a_lt_b/n22:833271 resistance 5.136 cap 0.000972149 slew 0.047613 delay 0.00499296 power 2.42877e-05
I0313 17:58:17.594048 673046 lm_feature_timing.cpp:80] node dpath/b_reg/n7:1114023 resistance 21.828 cap 0.000691428 slew 0.017663 delay 0.0170438 power 3.50242e-05
I0313 17:58:17.588076 672991 lm_feature_timing.cpp:80] node dpath/a_lt_b/U37:A1 resistance 19.688 cap 0.000675952 slew 0.033561 delay 0.0224235 power 1.6545e-05
I0313 17:58:17.594079 673086 lm_feature_timing.cpp:80] node dpath/a_reg_out[4]:727757 resistance 4.708 cap 0.00682642 slew 0.0490062 delay 0.0322515 power 0.000421736
I0313 17:58:17.582187 673048 lm_feature_timing.cpp:80] node dpath/b_mux_out[12]:470281 resistance 8.132 cap 0.000611213 slew 0.01617 delay 0.0053827 power 3.05866e-05
I0313 17:58:17.588093 673040 lm_feature_timing.cpp:80] node dpath/b_reg/n3:409903 resistance 1.284 cap 0.000768756 slew 0.016325 delay 0.000987083 power 3.71181e-05
I0313 17:58:17.588122 673042 lm_feature_timing.cpp:80] node dpath/a_lt_b/U32:A2 resistance 27.82 cap 0.000445992 slew 0.0441404 delay 0.146065 power 2.82222e-05
I0313 17:58:17.588126 673111 lm_feature_timing.cpp:80] node dpath/a_reg_out[3]:1087985 resistance 27.82 cap 0.00078389 slew 0.042396 delay 0.0529296 power 4.66145e-05
I0313 17:58:17.585834 673056 lm_feature_timing.cpp:80] node dpath/a_lt_b/n8:1090431 resistance 0.856 cap 0.00151187 slew 0.053906 delay 0.00130439 power 2.43727e-05
I0313 17:58:17.651636 673111 lm_feature_timing.cpp:80] node dpath/b_mux/U5:B1 resistance 26.108 cap 0.000659839 slew 0.0423961 delay 0.0692912 power 3.92378e-05
I0313 17:58:17.651715 673111 lm_feature_timing.cpp:80] node dpath/a_reg_out[3]:755247 resistance 26.108 cap 0.000795113 slew 0.0423961 delay 0.0692912 power 4.72819e-05
I0313 17:58:17.651737 673056 lm_feature_timing.cpp:80] node dpath/a_lt_b/n8:737633 resistance 0 cap 0.00153576 slew 0.053906 delay 0 power 2.47578e-05
I0313 17:58:17.651791 673111 lm_feature_timing.cpp:80] node dpath/a_reg_out[3]:741839 resistance 12.412 cap 0.00395335 slew 0.0423961 delay 0.0584014 power 0.000235089
I0313 17:58:17.588191 672971 lm_feature_timing.cpp:80] node dpath/a_mux_out[7]:791381 resistance 25.252 cap 0.000635097 slew 0.017289 delay 0.0214141 power 7.13522e-05
I0313 17:58:17.588204 672993 lm_feature_timing.cpp:80] node dpath/a_lt_b/n31:484469 resistance 26.536 cap 0.000795926 slew 0.048638 delay 0.0235908 power 1.96725e-05
I0313 17:58:17.588214 673096 lm_feature_timing.cpp:80] node dpath/a_mux/n17:446029 resistance 7.704 cap 0.000598903 slew 0.034452 delay 0.00517165 power 4.85112e-06
I0313 17:58:17.651929 672993 lm_feature_timing.cpp:137] net dpath/a_lt_b/n31 resistance 53.072 cap 0.00115242 slew 0.00720821 delay 0.0235908 power 2.30718e-08
I0313 17:58:17.652043 672993 lm_feature_timing.cpp:125] build net dpath/b_reg_out[14] feature 
I0313 17:58:17.652034 673096 lm_feature_timing.cpp:80] node dpath/a_mux/n17:792959 resistance 0 cap 0.00074984 slew 0.034452 delay 0 power 6.0737e-06
I0313 17:58:17.588212 673016 lm_feature_timing.cpp:80] node dpath/a_lt_b/U14:A1 resistance 3.852 cap 0.000393715 slew 0.018363 delay 0.00463851 power 3.18909e-06
I0313 17:58:17.652200 673096 lm_feature_timing.cpp:80] node dpath/a_mux/n17:797991 resistance 6.848 cap 0.000680342 slew 0.034452 delay 0.00465898 power 5.51077e-06
I0313 17:58:17.652240 673096 lm_feature_timing.cpp:137] net dpath/a_mux/n17 resistance 15.408 cap 0.00074984 slew 0.000424419 delay 0.00517165 power 4.9197e-09
I0313 17:58:17.652307 673096 lm_feature_timing.cpp:125] build net dpath/b_reg_out[15] feature 
I0313 17:58:17.652303 673016 lm_feature_timing.cpp:80] node dpath/a_lt_b/n3:386422 resistance 3.852 cap 0.00120418 slew 0.018363 delay 0.00463851 power 9.75387e-06
I0313 17:58:17.652375 673016 lm_feature_timing.cpp:80] node dpath/a_lt_b/n3:386421 resistance 4.28 cap 0.000761916 slew 0.018363 delay 0.00496461 power 6.17152e-06
I0313 17:58:17.652428 673016 lm_feature_timing.cpp:80] node dpath/a_lt_b/n3:386422 resistance 3.852 cap 0.00120418 slew 0.018363 delay 0.00463851 power 9.75387e-06
I0313 17:58:17.652484 673016 lm_feature_timing.cpp:80] node dpath/a_lt_b/U11:ZN resistance 0 cap 0.0012449 slew 0.018363 delay 0 power 1.00837e-05
I0313 17:58:17.652499 672993 lm_feature_timing.cpp:80] node dpath/b_reg_out[14]:446816 resistance 53.928 cap 0.00046125 slew 0.0401761 delay 0.076858 power 2.8278e-05
I0313 17:58:17.582466 672973 lm_feature_timing.cpp:80] node ctrl/next_state__0[0]:786943 resistance 9.844 cap 0.000822643 slew 0.029224 delay 0.00884021 power 7.33692e-05
I0313 17:58:17.576769 672956 lm_feature_timing.cpp:125] build net dpath/a_lt_b/n21 feature 
I0313 17:58:17.588325 673041 lm_feature_timing.cpp:80] node dpath/b_mux_out[11]:462775 resistance 6.42 cap 0.00063999 slew 0.015792 delay 0.00410874 power 3.14235e-05
I0313 17:58:17.585994 672980 lm_feature_timing.cpp:80] node dpath/a_lt_b/n1:380570 resistance 12.412 cap 0.00068612 slew 0.017306 delay 0.0100881 power 5.55758e-06
I0313 17:58:17.588361 673084 lm_feature_timing.cpp:80] node dpath/b_mux_out[7]:422635 resistance 0 cap 0.000656043 slew 0.015518 delay 0 power 3.46013e-05
I0313 17:58:17.582515 673082 lm_feature_timing.cpp:80] node dpath/b_mux_out[9]:469555 resistance 8.988 cap 0.000586546 slew 0.016298 delay 0.00605672 power 3.22835e-05
I0313 17:58:17.588392 673077 lm_feature_timing.cpp:80] node ctrl_a_reg_en_0_:1441687 resistance 280.34 cap 0.000936863 slew 0.0402399 delay 2.56006 power 7.58859e-06
I0313 17:58:17.652756 672980 lm_feature_timing.cpp:80] node dpath/a_lt_b/n1:380570 resistance 12.412 cap 0.00068612 slew 0.017306 delay 0.0100881 power 5.55758e-06
I0313 17:58:17.652760 673084 lm_feature_timing.cpp:80] node dpath/b_mux_out[7]:425152 resistance 3.852 cap 0.000615324 slew 0.015518 delay 0.00237023 power 3.24536e-05
I0313 17:58:17.586086 673017 lm_feature_timing.cpp:80] node dpath/b_mux_out[13]:819689 resistance 6.42 cap 0.000889983 slew 0.017469 delay 0.00592073 power 4.5498e-05
I0313 17:58:17.652824 672980 lm_feature_timing.cpp:80] node dpath/a_lt_b/n1:381408 resistance 11.556 cap 0.000722338 slew 0.017306 delay 0.00950077 power 5.85094e-06
I0313 17:58:17.652837 673096 lm_feature_timing.cpp:80] node dpath/b_zero/U1:A4 resistance 8.56 cap 0.000460965 slew 0.0432431 delay 0.0228523 power 2.40297e-05
I0313 17:58:17.582530 673092 lm_feature_timing.cpp:80] node dpath/CTS_1:836665 resistance 83.888 cap 0.000445851 slew 0.000853081 delay 0.737685 power 0.000144456
I0313 17:58:17.652968 673096 lm_feature_timing.cpp:80] node dpath/b_reg_out[15]:448489 resistance 8.56 cap 0.000472907 slew 0.0432431 delay 0.0228523 power 2.46523e-05
I0313 17:58:17.652998 673092 lm_feature_timing.cpp:80] node dpath/CTS_1:836663 resistance 83.032 cap 0.00696114 slew 0.000853081 delay 0.737304 power 0.00225541
I0313 17:58:17.588446 673073 lm_feature_timing.cpp:80] node ctrl/state/U3:ZN resistance 0 cap 0.00172224 slew 0 delay 0 power 1.39501e-05
I0313 17:58:17.588522 673078 lm_feature_timing.cpp:80] node dpath/a_reg/U7:A2 resistance 39.804 cap 0.000574604 slew 0.018929 delay 0.0387123 power 5.83504e-05
I0313 17:58:17.588517 673080 lm_feature_timing.cpp:80] node dpath/a_mux_out[4]:721783 resistance 10.272 cap 0.00127036 slew 0.019269 delay 0.0141008 power 0.000125193
I0313 17:58:17.653200 673073 lm_feature_timing.cpp:80] node ctrl/state/n1:411500 resistance 0 cap 0.00172224 slew 0 delay 0 power 1.39501e-05
I0313 17:58:17.582646 673079 lm_feature_timing.cpp:80] node dpath/a_mux_out[0]:387221 resistance 15.836 cap 0.000574604 slew 0.016457 delay 0.011685 power 3.8695e-05
I0313 17:58:17.588529 673012 lm_feature_timing.cpp:80] node dpath/a_mux/U16:B resistance 15.408 cap 0.000586961 slew 0.036128 delay 0.0114644 power 3.34732e-05
I0313 17:58:17.588537 673074 lm_feature_timing.cpp:80] node ctrl/n3:437551 resistance 3.424 cap 0.000619817 slew 0.015546 delay 0.0022476 power 1.50164e-05
I0313 17:58:17.588541 673100 lm_feature_timing.cpp:80] node clk:1412927 resistance 23.112 cap 0.00573049 slew 0.000328255 delay 0.137692 power 0.00185668
I0313 17:58:17.653383 673074 lm_feature_timing.cpp:80] node ctrl/U12:ZN resistance 0 cap 0.00139018 slew 0.015546 delay 0 power 3.36802e-05
I0313 17:58:17.588567 673005 lm_feature_timing.cpp:80] node dpath/a_mux_out[11]:447703 resistance 7.276 cap 0.00124686 slew 0.018599 delay 0.00907218 power 0.000121917
I0313 17:58:17.589463 672998 lm_feature_timing.cpp:80] node dpath/a_mux/n15:786287 resistance 9.416 cap 0.00074984 slew 0.036668 delay 0.00795987 power 4.27618e-05
I0313 17:58:17.653429 673079 lm_feature_timing.cpp:80] node dpath/a_mux_out[0]:387221 resistance 15.836 cap 0.000574604 slew 0.016457 delay 0.011685 power 3.8695e-05
I0313 17:58:17.589541 673011 lm_feature_timing.cpp:80] node dpath/a_lt_b/n33:485272 resistance 0 cap 0.000804078 slew 0.016585 delay 0 power 1.14333e-05
I0313 17:58:17.586237 673009 lm_feature_timing.cpp:80] node dpath/a_reg_out[2]:1087921 resistance 67.196 cap 0.000698955 slew 0.0429064 delay 0.239885 power 3.9917e-05
I0313 17:58:17.653529 673079 lm_feature_timing.cpp:80] node dpath/a_mux_out[0]:739181 resistance 15.836 cap 0.000627657 slew 0.016457 delay 0.011685 power 4.22677e-05
I0313 17:58:17.653549 673011 lm_feature_timing.cpp:80] node dpath/a_lt_b/n33:484448 resistance 10.272 cap 0.000701693 slew 0.016585 delay 0.00720779 power 9.97748e-06
I0313 17:58:17.589617 673058 lm_feature_timing.cpp:80] node dpath/a_reg_out[1]:729169 resistance 44.94 cap 0.000666426 slew 0.0420913 delay 0.183949 power 3.63844e-05
I0313 17:58:17.653590 673011 lm_feature_timing.cpp:80] node dpath/a_lt_b/n33:485272 resistance 0 cap 0.000804078 slew 0.016585 delay 0 power 1.14333e-05
I0313 17:58:17.653566 673005 lm_feature_timing.cpp:80] node dpath/a_mux_out[11]:799663 resistance 7.276 cap 0.00117326 slew 0.018599 delay 0.00907218 power 0.00011472
I0313 17:58:17.653607 673011 lm_feature_timing.cpp:137] net dpath/a_lt_b/n33 resistance 20.544 cap 0.000804078 slew 0.00149854 delay 0.00720779 power 9.26098e-09
I0313 17:58:17.589644 673031 lm_feature_timing.cpp:80] node dpath/a_reg/n13:479575 resistance 5.136 cap 0.0012153 slew 0.019329 delay 0.00624177 power 7.46131e-05
I0313 17:58:17.586364 673083 lm_feature_timing.cpp:80] node dpath/a_mux/n13:377347 resistance 2.568 cap 0.000824621 slew 0.035942 delay 0.00219052 power 4.70264e-05
I0313 17:58:17.589689 672999 lm_feature_timing.cpp:80] node dpath/a_reg/U7:Z resistance 0 cap 0.00121236 slew 0.018996 delay 0 power 7.67178e-05
I0313 17:58:17.653671 673005 lm_feature_timing.cpp:80] node dpath/a_mux_out[11]:477032 resistance 37.664 cap 0.000582435 slew 0.018599 delay 0.035739 power 5.695e-05
I0313 17:58:17.653690 673083 lm_feature_timing.cpp:80] node dpath/a_mux/n13:729307 resistance 2.568 cap 0.000853007 slew 0.035942 delay 0.00219052 power 4.86452e-05
I0313 17:58:17.589730 673049 lm_feature_timing.cpp:80] node ctrl/state_out[1]:783633 resistance 26.964 cap 0.000674383 slew 0.029421 delay 0.0559544 power 3.43381e-05
I0313 17:58:17.653702 673031 lm_feature_timing.cpp:80] node dpath/a_reg/n13:831535 resistance 5.136 cap 0.00116225 slew 0.019329 delay 0.00624177 power 7.13559e-05
I0313 17:58:17.653751 672999 lm_feature_timing.cpp:80] node dpath/a_reg/n14:477024 resistance 0 cap 0.00121236 slew 0.018996 delay 0 power 7.67178e-05
I0313 17:58:17.589726 673051 lm_feature_timing.cpp:80] node dpath/a_reg/U14:Z resistance 0 cap 0.000686926 slew 0.015873 delay 0 power 4.40199e-05
I0313 17:58:17.586495 673043 lm_feature_timing.cpp:80] node dpath/a_reg/n1:837203 resistance 10.272 cap 0.000608478 slew 0.011477 delay 0.00670442 power 6.71632e-05
I0313 17:58:17.653847 673051 lm_feature_timing.cpp:80] node dpath/a_reg/n7:386649 resistance 0 cap 0.000686926 slew 0.015873 delay 0 power 4.40199e-05
I0313 17:58:17.653869 673051 lm_feature_timing.cpp:137] net dpath/a_reg/n7 resistance 11.984 cap 0.000686926 slew 0.000436702 delay 0.0037489 power 3.56561e-08
I0313 17:58:17.653903 673051 lm_feature_timing.cpp:125] build net dpath/b_reg_out[2] feature 
I0313 17:58:17.653954 673043 lm_feature_timing.cpp:80] node dpath/a_reg/n1:485242 resistance 10.7 cap 0.000539372 slew 0.011477 delay 0.00693527 power 5.95354e-05
I0313 17:58:17.589772 672957 lm_feature_timing.cpp:80] node dpath/a_lt_b/n36:470223 resistance 20.544 cap 0.000643873 slew 0.045927 delay 0.0169087 power 1.54728e-05
I0313 17:58:17.589776 673050 lm_feature_timing.cpp:80] node dpath/b_reg/n2:759379 resistance 0.856 cap 0.000917146 slew 0.017303 delay 0.000795299 power 4.23522e-05
I0313 17:58:17.654037 673043 lm_feature_timing.cpp:80] node dpath/a_reg/n1:485243 resistance 10.272 cap 0.000547203 slew 0.011477 delay 0.00670442 power 6.03998e-05
I0313 17:58:17.589795 673044 lm_feature_timing.cpp:80] node dpath/a_lt_b/n14:415117 resistance 0.428 cap 0.00161509 slew 0.020585 delay 0.000691258 power 1.30822e-05
I0313 17:58:17.654072 673050 lm_feature_timing.cpp:80] node dpath/b_reg/n2:776977 resistance 18.832 cap 0.000740761 slew 0.017303 delay 0.0141112 power 3.42071e-05
I0313 17:58:17.589804 672982 lm_feature_timing.cpp:80] node dpath/a_lt_b/n24:834925 resistance 6.848 cap 0.000686295 slew 0.019989 delay 0.00599333 power 0
I0313 17:58:17.592262 672974 lm_feature_timing.cpp:80] node dpath/a_lt_b/n19:477133 resistance 20.972 cap 0.000647858 slew 0.017501 delay 0.0179182 power 1.09783e-05
I0313 17:58:17.654119 672957 lm_feature_timing.cpp:80] node dpath/a_lt_b/U37:ZN resistance 0 cap 0.00102503 slew 0.045927 delay 0 power 2.46322e-05
I0313 17:58:17.654142 673044 lm_feature_timing.cpp:80] node dpath/a_lt_b/U20:B1 resistance 17.976 cap 0.000575533 slew 0.020585 delay 0.0139284 power 4.66182e-06
I0313 17:58:17.592447 672958 lm_feature_timing.cpp:80] node dpath/a_reg/U10:Z resistance 0 cap 0.000867031 slew 0.01698 delay 0 power 6.35315e-05
I0313 17:58:17.654155 672974 lm_feature_timing.cpp:80] node dpath/a_lt_b/U26:ZN resistance 0 cap 0.00106562 slew 0.017501 delay 0 power 1.80576e-05
I0313 17:58:17.583081 672969 lm_feature_timing.cpp:80] node dpath/b_mux_out[14]:464350 resistance 0 cap 0.000907801 slew 0.01702 delay 0 power 6.23928e-05
I0313 17:58:17.592484 673053 lm_feature_timing.cpp:80] node dpath/a_reg_out[11]:456933 resistance 44.084 cap 0.00318191 slew 0.0394354 delay 0.183542 power 0.000195353
I0313 17:58:17.654203 673044 lm_feature_timing.cpp:80] node dpath/a_lt_b/n14:401708 resistance 17.976 cap 0.000599808 slew 0.020585 delay 0.0139284 power 4.85845e-06
I0313 17:58:17.583102 673033 lm_feature_timing.cpp:80] node dpath/a_lt_b/U29:ZN resistance 0 cap 0.000774979 slew 0.022504 delay 0 power 2.28867e-05
I0313 17:58:17.583007 673052 lm_feature_timing.cpp:80] node dpath/b_reg/out_reg_15_:D resistance 6.848 cap 0.000564376 slew 0.015991 delay 0.00434713 power 2.94205e-05
I0313 17:58:17.654340 673033 lm_feature_timing.cpp:80] node dpath/a_lt_b/n26:483778 resistance 0 cap 0.000774979 slew 0.022504 delay 0 power 2.28867e-05
I0313 17:58:17.654367 673052 lm_feature_timing.cpp:80] node dpath/b_reg/n17:807127 resistance 6.848 cap 0.000625651 slew 0.015991 delay 0.00434713 power 3.26147e-05
I0313 17:58:17.654408 673052 lm_feature_timing.cpp:80] node dpath/b_reg/n17:801261 resistance 0.856 cap 0.000686926 slew 0.015991 delay 0.000598231 power 3.58089e-05
I0313 17:58:17.654464 673052 lm_feature_timing.cpp:80] node dpath/b_reg/n17:807127 resistance 6.848 cap 0.000625651 slew 0.015991 delay 0.00434713 power 3.26147e-05
I0313 17:58:17.654497 673052 lm_feature_timing.cpp:80] node dpath/b_reg/U3:Z resistance 0 cap 0.00071081 slew 0.015991 delay 0 power 3.7054e-05
I0313 17:58:17.654523 673052 lm_feature_timing.cpp:80] node dpath/b_reg/n17:449303 resistance 0 cap 0.00071081 slew 0.015991 delay 0 power 3.7054e-05
I0313 17:58:17.654548 673052 lm_feature_timing.cpp:80] node dpath/b_reg/n17:449301 resistance 0.856 cap 0.000698868 slew 0.015991 delay 0.000598231 power 3.64314e-05
I0313 17:58:17.586728 673039 lm_feature_timing.cpp:80] node dpath/a_mux/n5:385523 resistance 9.844 cap 0.000586961 slew 0.035087 delay 0.00681233 power 3.34732e-05
I0313 17:58:17.654678 673039 lm_feature_timing.cpp:80] node dpath/a_mux/n5:385523 resistance 9.844 cap 0.000586961 slew 0.035087 delay 0.00681233 power 3.34732e-05
I0313 17:58:17.654726 673039 lm_feature_timing.cpp:80] node dpath/a_mux/n5:737483 resistance 9.844 cap 0.000631792 slew 0.035087 delay 0.00681233 power 3.60298e-05
I0313 17:58:17.654759 673039 lm_feature_timing.cpp:80] node dpath/a_mux/n5:733293 resistance 5.564 cap 0.000676622 slew 0.035087 delay 0.00410826 power 3.85864e-05
I0313 17:58:17.592552 673032 lm_feature_timing.cpp:80] node dpath/a_mux/n14:399993 resistance 10.272 cap 0.000774115 slew 0.036474 delay 0.00838272 power 4.41462e-05
I0313 17:58:17.592558 673102 lm_feature_timing.cpp:137] net dpath/a_mux/n6 resistance 8.56 cap 0.000676622 slew 0.000122041 delay 0.00270407 power 3.1255e-08
I0313 17:58:17.586742 673045 lm_feature_timing.cpp:137] net ctrl_a_mux_sel[1] resistance 25.68 cap 0.000852066 slew 0.00204804 delay 0.00930918 power 2.23114e-08
I0313 17:58:17.586768 672995 lm_feature_timing.cpp:80] node dpath/a_mux/n1:801183 resistance 1.712 cap 0.000818555 slew 0.035457 delay 0.00140137 power 4.66805e-05
I0313 17:58:17.592602 673109 lm_feature_timing.cpp:80] node dpath/a_reg_out[7]:438607 resistance 28.676 cap 0.00210431 slew 0.0402571 delay 0.100493 power 0.000144523
I0313 17:58:17.654904 673045 lm_feature_timing.cpp:125] build net dpath/b_reg_out[4] feature 
I0313 17:58:17.592610 672979 lm_feature_timing.cpp:137] net dpath/b_reg/n16 resistance 33.384 cap 0.00089992 slew 0.00378134 delay 0.0121685 power 4.4689e-08
I0313 17:58:17.592615 672965 lm_feature_timing.cpp:80] node dpath/a_mux/U2:ZN resistance 0 cap 0.00064193 slew 0.018175 delay 0 power 4.15036e-05
I0313 17:58:17.654965 672979 lm_feature_timing.cpp:125] build net dpath/b_reg_out[5] feature 
I0313 17:58:17.654954 672995 lm_feature_timing.cpp:80] node dpath/a_mux/n1:455921 resistance 11.128 cap 0.000602623 slew 0.035457 delay 0.00798141 power 3.43663e-05
I0313 17:58:17.654958 673032 lm_feature_timing.cpp:80] node dpath/a_mux/U29:ZN resistance 0 cap 0.00092838 slew 0.036474 delay 0 power 5.29436e-05
I0313 17:58:17.655062 673032 lm_feature_timing.cpp:80] node dpath/a_mux/n14:400816 resistance 2.996 cap 0.000895883 slew 0.036474 delay 0.00268406 power 5.10903e-05
I0313 17:58:17.592715 673093 lm_feature_timing.cpp:80] node dpath/b_mux/n1:441917 resistance 0.856 cap 0.0171972 slew 0.0427522 delay 0.0147208 power 0.000278594
I0313 17:58:17.655078 672965 lm_feature_timing.cpp:80] node dpath/a_mux/n18:439289 resistance 0 cap 0.00064193 slew 0.018175 delay 0 power 4.15036e-05
I0313 17:58:17.586875 673004 lm_feature_timing.cpp:80] node dpath/b_reg/n5:419207 resistance 4.708 cap 0.000735868 slew 0.016388 delay 0.00346447 power 3.64259e-05
I0313 17:58:17.592734 673020 lm_feature_timing.cpp:80] node dpath/a_mux_out[9]:825747 resistance 68.052 cap 0.000664265 slew 0.0222031 delay 0.090724 power 8.07342e-05
I0313 17:58:17.586870 672981 lm_feature_timing.cpp:80] node dpath/b_reg/U18:A2 resistance 17.976 cap 0.000574604 slew 0.017178 delay 0.0136144 power 2.38408e-05
I0313 17:58:17.592803 673027 lm_feature_timing.cpp:80] node dpath/a_mux_out[14]:808723 resistance 0.856 cap 0.0010501 slew 0.0173 delay 0.000909106 power 0.000115909
I0313 17:58:17.655179 673004 lm_feature_timing.cpp:80] node dpath/b_reg/n5:771167 resistance 4.708 cap 0.000686926 slew 0.016388 delay 0.00346447 power 3.40033e-05
I0313 17:58:17.592824 672975 lm_feature_timing.cpp:80] node dpath/a_reg/n18:388325 resistance 83.888 cap 0.00706626 slew 0.0502105 delay 0.763224 power 5.72367e-05
I0313 17:58:17.587064 673024 lm_feature_timing.cpp:80] node ctrl/state_out[0]:781955 resistance 67.624 cap 0.00167486 slew 0.0498893 delay 0.2292 power 1.35663e-05
I0313 17:58:17.592859 672978 lm_feature_timing.cpp:80] node dpath/b_reg/n15:822215 resistance 0 cap 0.00116381 slew 0.018748 delay 0 power 5.93474e-05
I0313 17:58:17.655304 673004 lm_feature_timing.cpp:80] node dpath/b_reg/n5:419196 resistance 0 cap 0.00078481 slew 0.016388 delay 0 power 3.88486e-05
I0313 17:58:17.592885 673089 lm_feature_timing.cpp:80] node dpath/a_lt_b/n28:492058 resistance 5.136 cap 0.00065236 slew 0.015449 delay 0.00335052 power 9.34359e-06
I0313 17:58:17.655320 673045 lm_feature_timing.cpp:80] node dpath/sub/U27:I resistance 66.768 cap 0.000599444 slew 0.0371373 delay 0.175067 power 3.00197e-05
I0313 17:58:17.655336 672978 lm_feature_timing.cpp:137] net dpath/b_reg/n15 resistance 61.632 cap 0.00116381 slew 0.0138178 delay 0.0266279 power 4.80714e-08
I0313 17:58:17.592954 673072 lm_feature_timing.cpp:80] node dpath/a_lt_b/n2:737553 resistance 5.992 cap 0.000648236 slew 0.023105 delay 0.00388423 power 1.05014e-05
I0313 17:58:17.655380 672978 lm_feature_timing.cpp:125] build net dpath/b_reg_out[6] feature 
I0313 17:58:17.655376 673004 lm_feature_timing.cpp:80] node dpath/b_reg/n5:419207 resistance 4.708 cap 0.000735868 slew 0.016388 delay 0.00346447 power 3.64259e-05
I0313 17:58:17.587230 673101 lm_feature_timing.cpp:80] node dpath/a_reg/n12:849201 resistance 44.512 cap 0.000619349 slew 0.020481 delay 0.0470454 power 2.00669e-07
I0313 17:58:17.584970 673061 lm_feature_timing.cpp:80] node dpath/a_reg/n8:762075 resistance 9.416 cap 0.000731757 slew 0.01695 delay 0.00722537 power 4.85751e-05
I0313 17:58:17.655429 673072 lm_feature_timing.cpp:80] node dpath/a_lt_b/n2:731687 resistance 0 cap 0.000709511 slew 0.023105 delay 0 power 1.14941e-05
I0313 17:58:17.593060 673063 lm_feature_timing.cpp:80] node dpath/b_zero/U2:A4 resistance 64.628 cap 0.000460965 slew 0.0414827 delay 0.238763 power 2.30404e-05
I0313 17:58:17.581267 673066 lm_feature_timing.cpp:80] node dpath/b_reg/U3:A2 resistance 18.404 cap 0.000574604 slew 0.017135 delay 0.0138969 power 3.06796e-05
I0313 17:58:17.655464 673101 lm_feature_timing.cpp:80] node dpath/a_reg/n12:851715 resistance 47.08 cap 0.000590962 slew 0.020481 delay 0.048563 power 1.91472e-07
I0313 17:58:17.581296 673018 lm_feature_timing.cpp:125] build net dpath/b_reg/n9 feature 
I0313 17:58:17.655496 673061 lm_feature_timing.cpp:80] node dpath/a_reg/n8:756209 resistance 3.424 cap 0.000793032 slew 0.01695 delay 0.00284069 power 5.26426e-05
I0313 17:58:17.593107 672953 lm_feature_timing.cpp:80] node dpath/a_lt_b/U33:A1 resistance 49.22 cap 0.000758174 slew 0.0375951 delay 0.0709363 power 1.88717e-05
I0313 17:58:17.593163 673087 lm_feature_timing.cpp:80] node dpath/a_mux/n16:439278 resistance 0 cap 0.000780143 slew 0.020149 delay 0 power 5.04396e-05
I0313 17:58:17.593168 672968 lm_feature_timing.cpp:80] node dpath/b_mux_out[8]:440234 resistance 0 cap 0.00116425 slew 0.018669 delay 0 power 6.2743e-05
I0313 17:58:17.593084 673055 lm_feature_timing.cpp:125] build net dpath/b_reg_out[12] feature 
I0313 17:58:17.593170 672992 lm_feature_timing.cpp:80] node dpath/b_reg/n8:416781 resistance 2.568 cap 0.0010442 slew 0.018037 delay 0.0026815 power 5.34938e-05
I0313 17:58:17.585130 673028 lm_feature_timing.cpp:80] node dpath/a_lt_b/n4:386584 resistance 14.552 cap 0.000580429 slew 0.021374 delay 0.0106435 power 4.70148e-06
I0313 17:58:17.593245 672963 lm_feature_timing.cpp:80] node dpath/a_lt_b/n15:1130767 resistance 12.412 cap 0.000752485 slew 0.021785 delay 0.0112791 power 6.09513e-06
I0313 17:58:17.593243 672970 lm_feature_timing.cpp:80] node dpath/b_reg_out[0]:409131 resistance 49.648 cap 0.000664379 slew 0.0405594 delay 0.147999 power 3.06799e-05
I0313 17:58:17.593259 673062 lm_feature_timing.cpp:80] node dpath/b_reg/FE_OFN2_ctrl_b_reg_en_0:415937 resistance 113.42 cap 0.000666315 slew 0.0278472 delay 0.524367 power 1.68315e-05
I0313 17:58:17.655738 673028 lm_feature_timing.cpp:80] node dpath/a_lt_b/n4:386583 resistance 14.124 cap 0.00058826 slew 0.021374 delay 0.0103951 power 4.76491e-06
I0313 17:58:17.593271 673069 lm_feature_timing.cpp:137] net dpath/b_reg/n10 resistance 38.52 cap 0.000956692 slew 0.00477526 delay 0.0146638 power 4.05892e-08
I0313 17:58:17.587437 673008 lm_feature_timing.cpp:80] node dpath/b_reg/U8:A2 resistance 5.136 cap 0.000574604 slew 0.01565 delay 0.00322365 power 6.98144e-06
I0313 17:58:17.655817 673028 lm_feature_timing.cpp:80] node dpath/a_lt_b/n4:738543 resistance 14.124 cap 0.000624869 slew 0.021374 delay 0.0103951 power 5.06144e-06
I0313 17:58:17.587514 672989 lm_feature_timing.cpp:80] node dpath/b_reg/n12:844159 resistance 41.944 cap 0.00058454 slew 0.019979 delay 0.0412172 power 1.69929e-05
I0313 17:58:17.581568 672955 lm_feature_timing.cpp:80] node dpath/a_reg/n4:740963 resistance 3.424 cap 0.00081848 slew 0.01709 delay 0.00292782 power 4.6743e-05
I0313 17:58:17.655861 673055 lm_feature_timing.cpp:80] node dpath/b_reg_out[12]:823087 resistance 37.236 cap 0.00248196 slew 0.0348662 delay 0.125234 power 0.000125225
I0313 17:58:17.593354 673036 lm_feature_timing.cpp:80] node dpath/b_reg/n1:819861 resistance 18.404 cap 0.000773748 slew 0.041398 delay 0.0294521 power 1.95454e-05
I0313 17:58:17.593410 673075 lm_feature_timing.cpp:80] node dpath/a_mux_out[15]:796985 resistance 0.428 cap 0.00100881 slew 0.016859 delay 0.000435124 power 0.000115962
I0313 17:58:17.655915 672955 lm_feature_timing.cpp:80] node dpath/a_reg/n4:388995 resistance 0 cap 0.000891697 slew 0.01709 delay 0 power 5.09244e-05
I0313 17:58:17.655908 673008 lm_feature_timing.cpp:80] node dpath/b_mux_out[10]:462820 resistance 5.136 cap 0.000627657 slew 0.01565 delay 0.00322365 power 7.62603e-06
I0313 17:58:17.593436 672988 lm_feature_timing.cpp:80] node dpath/a_mux_out[13]:819685 resistance 14.552 cap 0.00079954 slew 0.016793 delay 0.012139 power 8.4646e-05
I0313 17:58:17.593461 673081 lm_feature_timing.cpp:80] node dpath/b_reg/out_reg_12_:D resistance 43.228 cap 0.000564376 slew 0.020042 delay 0.0425672 power 2.84751e-05
I0313 17:58:17.587600 673019 lm_feature_timing.cpp:80] node dpath/a_lt_b/U23:ZN resistance 0 cap 0.000754085 slew 0.024183 delay 0 power 1.22162e-05
I0313 17:58:17.655973 673075 lm_feature_timing.cpp:80] node dpath/a_mux_out[15]:804527 resistance 8.132 cap 0.000931094 slew 0.016859 delay 0.00760827 power 0.000107028
I0313 17:58:17.655974 673036 lm_feature_timing.cpp:80] node dpath/b_reg/n1:467896 resistance 16.264 cap 0.00170587 slew 0.041398 delay 0.0277443 power 4.30914e-05
I0313 17:58:17.655993 673008 lm_feature_timing.cpp:80] node dpath/b_mux/U12:Z resistance 0 cap 0.00068071 slew 0.01565 delay 0 power 8.27062e-06
I0313 17:58:17.656003 672988 lm_feature_timing.cpp:80] node dpath/a_mux_out[13]:456831 resistance 3.424 cap 0.000946756 slew 0.016793 delay 0.00324169 power 0.000100232
I0313 17:58:17.656013 673081 lm_feature_timing.cpp:80] node dpath/b_reg/n14:852445 resistance 43.228 cap 0.000905204 slew 0.020042 delay 0.0425672 power 4.56713e-05
I0313 17:58:17.656033 673075 lm_feature_timing.cpp:80] node dpath/a_mux_out[15]:445025 resistance 0.428 cap 0.00101664 slew 0.016859 delay 0.000435124 power 0.000116862
I0313 17:58:17.656046 673008 lm_feature_timing.cpp:80] node dpath/b_mux_out[10]:464488 resistance 0 cap 0.00068071 slew 0.01565 delay 0 power 8.27062e-06
I0313 17:58:17.656061 672988 lm_feature_timing.cpp:80] node dpath/a_mux_out[13]:808791 resistance 3.424 cap 0.000910148 slew 0.016793 delay 0.00324169 power 9.63559e-05
I0313 17:58:17.587801 673107 lm_feature_timing.cpp:80] node ctrl/n2:440059 resistance 1.712 cap 0.00148124 slew 0.023799 delay 0.00253589 power 1.19981e-05
I0313 17:58:17.656086 673081 lm_feature_timing.cpp:80] node dpath/b_reg/U6:Z resistance 0 cap 0.00140969 slew 0.020042 delay 0 power 7.11248e-05
I0313 17:58:17.656095 673075 lm_feature_timing.cpp:80] node dpath/a_mux_out[15]:796985 resistance 0.428 cap 0.00100881 slew 0.016859 delay 0.000435124 power 0.000115962
I0313 17:58:17.593691 672985 lm_feature_timing.cpp:80] node dpath/a_mux_out[6]:755343 resistance 20.972 cap 0.000630595 slew 0.017149 delay 0.0175912 power 6.79481e-05
I0313 17:58:17.656147 673107 lm_feature_timing.cpp:80] node ctrl/n2:792019 resistance 1.712 cap 0.000849369 slew 0.023799 delay 0.00253589 power 6.87989e-06
I0313 17:58:17.579511 672961 lm_feature_timing.cpp:80] node dpath/a_mux_out[2]:736737 resistance 4.708 cap 0.000741985 slew 0.015615 delay 0.00356088 power 6.61914e-05
I0313 17:58:17.656195 672985 lm_feature_timing.cpp:80] node dpath/a_mux_out[6]:1107303 resistance 20.972 cap 0.000757647 slew 0.017149 delay 0.0175912 power 8.16383e-05
I0313 17:58:17.593737 673104 lm_feature_timing.cpp:80] node dpath/a_lt_b/n18:836619 resistance 8.132 cap 0.000767035 slew 0.021423 delay 0.0110984 power 6.21299e-06
I0313 17:58:17.656224 673107 lm_feature_timing.cpp:80] node ctrl/U13:A2 resistance 2.14 cap 0.000596047 slew 0.023799 delay 0.00279435 power 4.82798e-06
I0313 17:58:17.593766 672994 lm_feature_timing.cpp:80] node dpath/b_mux_out[1]:761009 resistance 14.98 cap 0.000741985 slew 0.017 delay 0.0111797 power 3.39093e-05
I0313 17:58:17.593786 673035 lm_feature_timing.cpp:80] node dpath/a_reg/n3:761797 resistance 36.38 cap 0.000839427 slew 0.019387 delay 0.0334405 power 4.58297e-05
I0313 17:58:17.656276 673104 lm_feature_timing.cpp:80] node dpath/a_lt_b/n18:830753 resistance 14.124 cap 0.00070576 slew 0.021423 delay 0.0153273 power 5.71666e-06
I0313 17:58:17.656282 673107 lm_feature_timing.cpp:80] node ctrl/n2:440060 resistance 2.14 cap 0.000603878 slew 0.023799 delay 0.00279435 power 4.89141e-06
I0313 17:58:17.593827 673014 lm_feature_timing.cpp:80] node dpath/a_lt_b/n27:485446 resistance 11.984 cap 0.000434435 slew 0.01901 delay 0.0110319 power 3.51892e-06
I0313 17:58:17.593822 673091 lm_feature_timing.cpp:80] node dpath/b_reg/n6:404145 resistance 2.996 cap 0.000850978 slew 0.016914 delay 0.00254953 power 4.26163e-05
I0313 17:58:17.593869 673070 lm_feature_timing.cpp:80] node dpath/b_mux_out[4]:738499 resistance 0.428 cap 0.000894485 slew 0.017183 delay 0.000386191 power 4.40916e-05
I0313 17:58:17.656334 672994 lm_feature_timing.cpp:80] node dpath/b_mux_out[1]:394803 resistance 0.428 cap 0.000893312 slew 0.017 delay 0.000382338 power 4.08251e-05
I0313 17:58:17.656327 672961 lm_feature_timing.cpp:80] node dpath/a_mux_out[2]:381425 resistance 1.284 cap 0.000794646 slew 0.015615 delay 0.00102033 power 7.08893e-05
I0313 17:58:17.587925 673022 lm_feature_timing.cpp:80] node dpath/a_lt_b/n29:485347 resistance 9.844 cap 0.000893177 slew 0.020196 delay 0.00879243 power 7.23473e-06
I0313 17:58:17.593912 673067 lm_feature_timing.cpp:80] node dpath/a_lt_b/n20:476276 resistance 0 cap 0.000761231 slew 0.012461 delay 0 power 1.23319e-05
I0313 17:58:17.593925 673059 lm_feature_timing.cpp:80] node ctrl/n5:752609 resistance 6.42 cap 0.00116739 slew 0.021618 delay 0.00791444 power 9.45588e-06
I0313 17:58:17.656414 673067 lm_feature_timing.cpp:137] net dpath/a_lt_b/n20 resistance 7.704 cap 0.000761231 slew 0.000294216 delay 0.00275312 power 9.98888e-09
I0313 17:58:17.656419 672961 lm_feature_timing.cpp:80] node dpath/a_mux_out[2]:733385 resistance 1.284 cap 0.000778593 slew 0.015615 delay 0.00102033 power 6.94572e-05
I0313 17:58:17.594002 673047 lm_feature_timing.cpp:80] node dpath/a_lt_b/n12:740237 resistance 10.7 cap 0.000735271 slew 0.020683 delay 0.0111573 power 5.9557e-06
I0313 17:58:17.656458 673067 lm_feature_timing.cpp:125] build net dpath/b_reg_out[8] feature 
I0313 17:58:17.656455 673022 lm_feature_timing.cpp:80] node dpath/a_lt_b/n29:484488 resistance 0 cap 0.000991451 slew 0.020196 delay 0 power 8.03076e-06
I0313 17:58:17.594064 672996 lm_feature_timing.cpp:80] node dpath/a_reg_out[13]:1172485 resistance 52.216 cap 0.000712892 slew 0.0381302 delay 0.162192 power 4.66513e-05
I0313 17:58:17.656487 672961 lm_feature_timing.cpp:80] node dpath/a_mux_out[2]:381422 resistance 0 cap 0.0008107 slew 0.015615 delay 0 power 7.23214e-05
I0313 17:58:17.656536 672996 lm_feature_timing.cpp:80] node dpath/a_reg_out[13]:1172473 resistance 47.08 cap 0.000765945 slew 0.0381302 delay 0.15853 power 5.0123e-05
I0313 17:58:17.588078 672962 lm_feature_timing.cpp:80] node dpath/b_reg_out[10]:493847 resistance 0.428 cap 0.00538664 slew 0.039955 delay 0.00230548 power 0.000156592
I0313 17:58:17.594092 673046 lm_feature_timing.cpp:80] node dpath/b_reg/n7:410073 resistance 8.988 cap 0.000908533 slew 0.017663 delay 0.00816589 power 4.60216e-05
I0313 17:58:17.656599 672962 lm_feature_timing.cpp:80] node dpath/b_reg_out[10]:845807 resistance 0.428 cap 0.00537881 slew 0.039955 delay 0.00230548 power 0.000156365
I0313 17:58:17.656602 672961 lm_feature_timing.cpp:80] node dpath/a_mux_out[2]:381425 resistance 1.284 cap 0.000794646 slew 0.015615 delay 0.00102033 power 7.08893e-05
I0313 17:58:17.594118 673010 lm_feature_timing.cpp:80] node dpath/a_lt_b/U28:B2 resistance 20.544 cap 0.000600779 slew 0.047613 delay 0.0167785 power 1.50096e-05
I0313 17:58:17.594146 673048 lm_feature_timing.cpp:80] node dpath/b_mux/U14:Z resistance 0 cap 0.000753145 slew 0.01617 delay 0 power 3.76892e-05
I0313 17:58:17.594172 672976 lm_feature_timing.cpp:80] node dpath/b_reg/out_reg_3_:CP resistance 73.616 cap 0.000418247 slew 0.000313884 delay 0.326972 power 0.000135512
I0313 17:58:17.594305 673068 lm_feature_timing.cpp:80] node dpath/b_reg_out[13]:498777 resistance 0.428 cap 0.00652095 slew 0.046944 delay 0.00279097 power 0.00033253
I0313 17:58:17.656704 673010 lm_feature_timing.cpp:80] node dpath/a_lt_b/n22:484639 resistance 20.544 cap 0.000612721 slew 0.047613 delay 0.0167785 power 1.5308e-05
I0313 17:58:17.651686 673042 lm_feature_timing.cpp:80] node dpath/a_reg_out[12]:492911 resistance 27.82 cap 0.000482601 slew 0.0441404 delay 0.146065 power 3.05388e-05
I0313 17:58:17.588167 673105 lm_feature_timing.cpp:80] node dpath/b_mux_out[6]:769555 resistance 14.124 cap 0.00072554 slew 0.016905 delay 0.0103088 power 3.74331e-05
I0313 17:58:17.585829 673103 lm_feature_timing.cpp:80] node dpath/a_reg_out[5]:740281 resistance 30.388 cap 0.00070467 slew 0.0410004 delay 0.14303 power 4.5157e-05
I0313 17:58:17.656769 673068 lm_feature_timing.cpp:80] node dpath/b_reg_out[13]:850737 resistance 0.428 cap 0.00651312 slew 0.046944 delay 0.00279097 power 0.000332131
I0313 17:58:17.656785 673042 lm_feature_timing.cpp:80] node dpath/a_reg_out[12]:492903 resistance 24.396 cap 0.000519209 slew 0.0441404 delay 0.144413 power 3.28554e-05
I0313 17:58:17.651847 673111 lm_feature_timing.cpp:80] node dpath/a_reg_out[3]:755247 resistance 26.108 cap 0.000795113 slew 0.0423961 delay 0.0692912 power 4.72819e-05
I0313 17:58:17.585839 672984 lm_feature_timing.cpp:80] node dpath/a_reg/out_reg_14_:D resistance 15.408 cap 0.000564376 slew 0.022332 delay 0.0110336 power 5.24358e-05
I0313 17:58:17.656826 673103 lm_feature_timing.cpp:80] node dpath/a_reg_out[5]:736091 resistance 26.108 cap 0.0007495 slew 0.0410004 delay 0.140014 power 4.80299e-05
I0313 17:58:17.656837 673042 lm_feature_timing.cpp:80] node dpath/a_reg_out[12]:492911 resistance 27.82 cap 0.000482601 slew 0.0441404 delay 0.146065 power 3.05388e-05
I0313 17:58:17.588284 673006 lm_feature_timing.cpp:80] node dpath/b_mux_out[2]:409934 resistance 35.524 cap 0.000590657 slew 0.019314 delay 0.0331562 power 2.77357e-05
I0313 17:58:17.656859 673111 lm_feature_timing.cpp:80] node dpath/a_reg/U16:B1 resistance 24.396 cap 0.000659839 slew 0.0423961 delay 0.0932045 power 3.92378e-05
I0313 17:58:17.652585 672993 lm_feature_timing.cpp:80] node dpath/b_reg_out[14]:798776 resistance 53.928 cap 0.000674635 slew 0.0401761 delay 0.076858 power 4.136e-05
I0313 17:58:17.652663 672973 lm_feature_timing.cpp:80] node ctrl/next_state__0[0]:786917 resistance 20.972 cap 0.000573041 slew 0.029224 delay 0.0164478 power 5.11079e-05
I0313 17:58:17.656901 673006 lm_feature_timing.cpp:80] node dpath/b_mux_out[2]:409931 resistance 34.24 cap 0.00060671 slew 0.019314 delay 0.0323978 power 2.84895e-05
I0313 17:58:17.652760 673041 lm_feature_timing.cpp:80] node dpath/b_mux_out[11]:464440 resistance 0 cap 0.000705376 slew 0.015792 delay 0 power 3.4634e-05
I0313 17:58:17.652851 673077 lm_feature_timing.cpp:80] node ctrl_a_reg_en_0_:1089721 resistance 277.772 cap 0.000993636 slew 0.0402399 delay 2.55758 power 8.04845e-06
I0313 17:58:17.652845 673082 lm_feature_timing.cpp:80] node dpath/b_mux_out[9]:469553 resistance 8.132 cap 0.000598488 slew 0.016298 delay 0.00555464 power 3.29408e-05
I0313 17:58:17.652861 673084 lm_feature_timing.cpp:80] node dpath/b_mux_out[7]:422635 resistance 0 cap 0.000656043 slew 0.015518 delay 0 power 3.46013e-05
I0313 17:58:17.652876 673017 lm_feature_timing.cpp:80] node dpath/b_mux_out[13]:816337 resistance 2.996 cap 0.000926592 slew 0.017469 delay 0.00287343 power 4.73696e-05
I0313 17:58:17.657027 673077 lm_feature_timing.cpp:80] node ctrl_a_reg_en_0_:1089727 resistance 280.34 cap 0.00096525 slew 0.0402399 delay 2.56006 power 7.81852e-06
I0313 17:58:17.652877 672980 lm_feature_timing.cpp:80] node dpath/a_lt_b/n1:381408 resistance 11.556 cap 0.000722338 slew 0.017306 delay 0.00950077 power 5.85094e-06
I0313 17:58:17.657058 673082 lm_feature_timing.cpp:80] node dpath/b_mux_out[9]:469555 resistance 8.988 cap 0.000586546 slew 0.016298 delay 0.00605672 power 3.22835e-05
I0313 17:58:17.653048 673092 lm_feature_timing.cpp:80] node dpath/CTS_1:836665 resistance 83.888 cap 0.000445851 slew 0.000853081 delay 0.737685 power 0.000144456
I0313 17:58:17.653017 672956 lm_feature_timing.cpp:80] node dpath/a_lt_b/U26:A1 resistance 43.228 cap 0.000393715 slew 0.0440891 delay 0.081044 power 1.39305e-05
I0313 17:58:17.653076 673096 lm_feature_timing.cpp:80] node dpath/b_reg_out[15]:448487 resistance 7.704 cap 0.000484849 slew 0.0432431 delay 0.0224475 power 2.52748e-05
I0313 17:58:17.657131 672980 lm_feature_timing.cpp:80] node dpath/a_lt_b/n1:381413 resistance 9.416 cap 0.000746613 slew 0.017306 delay 0.00795497 power 6.04757e-06
I0313 17:58:17.653257 673078 lm_feature_timing.cpp:80] node dpath/a_mux_out[12]:477845 resistance 39.804 cap 0.000574604 slew 0.018929 delay 0.0387123 power 5.83504e-05
I0313 17:58:17.653280 673080 lm_feature_timing.cpp:80] node dpath/a_mux_out[4]:727649 resistance 16.264 cap 0.00120908 slew 0.019269 delay 0.0213456 power 0.000119155
I0313 17:58:17.653298 673073 lm_feature_timing.cpp:80] node ctrl/state/n1:411491 resistance 3.852 cap 0.00168152 slew 1.67535e-05 delay 0.00647722 power 1.36203e-05
I0313 17:58:17.657204 672980 lm_feature_timing.cpp:80] node dpath/a_lt_b/U12:ZN resistance 0 cap 0.00094238 slew 0.017306 delay 0 power 7.63328e-06
I0313 17:58:17.653429 673074 lm_feature_timing.cpp:80] node ctrl/n3:434199 resistance 0 cap 0.00139018 slew 0.015546 delay 0 power 3.36802e-05
I0313 17:58:17.657236 673080 lm_feature_timing.cpp:80] node dpath/a_mux_out[4]:369823 resistance 10.272 cap 0.00137274 slew 0.019269 delay 0.0141008 power 0.000135283
I0313 17:58:17.657238 673096 lm_feature_timing.cpp:80] node dpath/b_reg_out[15]:448489 resistance 8.56 cap 0.000472907 slew 0.0432431 delay 0.0228523 power 2.46523e-05
I0313 17:58:17.653519 672998 lm_feature_timing.cpp:80] node dpath/a_mux/n15:434309 resistance 1.712 cap 0.000905278 slew 0.036668 delay 0.00158436 power 5.16261e-05
I0313 17:58:17.657276 673073 lm_feature_timing.cpp:80] node ctrl/state/n1:411500 resistance 0 cap 0.00172224 slew 0 delay 0 power 1.39501e-05
I0313 17:58:17.657289 673074 lm_feature_timing.cpp:80] node ctrl/U3:A2 resistance 5.564 cap 0.00058282 slew 0.015546 delay 0.00356087 power 1.41201e-05
I0313 17:58:17.653589 673009 lm_feature_timing.cpp:80] node dpath/a_reg_out[2]:724193 resistance 42.372 cap 0.003715 slew 0.0429064 delay 0.204394 power 0.000212162
I0313 17:58:17.589466 673095 lm_feature_timing.cpp:80] node ctrl_a_mux_sel[0]:440103 resistance 47.508 cap 0.00126557 slew 0.0481361 delay 0.095617 power 4.09124e-05
I0313 17:58:17.657330 672998 lm_feature_timing.cpp:80] node dpath/a_mux/n15:434327 resistance 9.416 cap 0.000827559 slew 0.036668 delay 0.00795987 power 4.7194e-05
I0313 17:58:17.657341 673074 lm_feature_timing.cpp:80] node ctrl/n3:433350 resistance 5.564 cap 0.000639984 slew 0.015546 delay 0.00356087 power 1.5505e-05
I0313 17:58:17.657370 673073 lm_feature_timing.cpp:80] node ctrl/state/out_reg_0_:CN resistance 25.252 cap 0.000562576 slew 2.77717e-05 delay 0.0314651 power 4.55687e-06
I0313 17:58:17.653652 673011 lm_feature_timing.cpp:125] build net dpath/b_reg_out[1] feature 
I0313 17:58:17.657421 673074 lm_feature_timing.cpp:80] node ctrl/U13:A1 resistance 4.28 cap 0.000595933 slew 0.015546 delay 0.00276794 power 1.44378e-05
I0313 17:58:17.653685 673058 lm_feature_timing.cpp:80] node dpath/a_reg_out[1]:739225 resistance 55.212 cap 0.00056404 slew 0.0420913 delay 0.189743 power 3.07945e-05
I0313 17:58:17.657444 673073 lm_feature_timing.cpp:80] node ctrl/state/n1:784401 resistance 25.252 cap 0.000648517 slew 2.77717e-05 delay 0.0314651 power 5.25299e-06
I0313 17:58:17.589731 673090 lm_feature_timing.cpp:80] node dpath/a_lt_b/n32:833917 resistance 6.848 cap 0.00157108 slew 0.020978 delay 0.0107587 power 1.27257e-05
I0313 17:58:17.653740 673083 lm_feature_timing.cpp:80] node dpath/a_mux/U28:B resistance 14.552 cap 0.000586961 slew 0.035942 delay 0.0106487 power 3.34732e-05
I0313 17:58:17.653749 673049 lm_feature_timing.cpp:80] node ctrl/state_out[1]:778605 resistance 21.828 cap 0.000727436 slew 0.029421 delay 0.0524907 power 3.70395e-05
I0313 17:58:17.653753 673005 lm_feature_timing.cpp:80] node dpath/a_mux_out[11]:477033 resistance 37.236 cap 0.000590266 slew 0.018599 delay 0.0354897 power 5.77157e-05
I0313 17:58:17.589723 673025 lm_feature_timing.cpp:80] node dpath/a_mux_out[1]:738351 resistance 20.116 cap 0.000668768 slew 0.016524 delay 0.0156 power 5.62983e-05
I0313 17:58:17.657531 673058 lm_feature_timing.cpp:80] node dpath/a_reg_out[1]:377209 resistance 44.94 cap 0.00129292 slew 0.0420913 delay 0.183949 power 7.05887e-05
I0313 17:58:17.653815 672999 lm_feature_timing.cpp:80] node dpath/a_reg/n14:859153 resistance 32.956 cap 0.000880537 slew 0.018996 delay 0.0291577 power 5.57202e-05
I0313 17:58:17.589777 672967 lm_feature_timing.cpp:80] node ctrl/n1:1133071 resistance 21.828 cap 0.000734876 slew 0.029815 delay 0.0207114 power 1.1905e-05
I0313 17:58:17.654110 673050 lm_feature_timing.cpp:80] node dpath/b_reg/n2:407419 resistance 0.856 cap 0.000929088 slew 0.017303 delay 0.000795299 power 4.29037e-05
I0313 17:58:17.657611 673058 lm_feature_timing.cpp:80] node dpath/a_reg_out[1]:729169 resistance 44.94 cap 0.000666426 slew 0.0420913 delay 0.183949 power 3.63844e-05
I0313 17:58:17.654138 673051 lm_feature_timing.cpp:80] node dpath/b_reg_out[2]:414963 resistance 2.996 cap 0.0046784 slew 0.035629 delay 0.0140165 power 0.000228828
I0313 17:58:17.657650 673050 lm_feature_timing.cpp:80] node dpath/b_reg/n2:759379 resistance 0.856 cap 0.000917146 slew 0.017303 delay 0.000795299 power 4.23522e-05
I0313 17:58:17.654155 672982 lm_feature_timing.cpp:80] node dpath/a_lt_b/n24:837439 resistance 9.416 cap 0.000657908 slew 0.019989 delay 0.00768284 power 0
I0313 17:58:17.592455 673060 lm_feature_timing.cpp:80] node dpath/a_reg/n5:1451631 resistance 19.688 cap 0.00082964 slew 0.018395 delay 0.0178545 power 4.93351e-05
I0313 17:58:17.657692 673051 lm_feature_timing.cpp:80] node dpath/b_reg_out[2]:766923 resistance 2.996 cap 0.00464591 slew 0.035629 delay 0.0140165 power 0.000227239
I0313 17:58:17.654192 672957 lm_feature_timing.cpp:80] node dpath/a_lt_b/n36:838095 resistance 0 cap 0.00102503 slew 0.045927 delay 0 power 2.46322e-05
I0313 17:58:17.657713 672982 lm_feature_timing.cpp:80] node dpath/a_lt_b/n24:482965 resistance 6.848 cap 0.000743459 slew 0.019989 delay 0.00599333 power 0
I0313 17:58:17.657729 673051 lm_feature_timing.cpp:80] node dpath/b_reg_out[2]:414956 resistance 0 cap 0.0047109 slew 0.035629 delay 0 power 0.000230418
