I0407 09:39:36.785086 2611367 LibParserRustC.cc:1296] link liberty file /data/project_share/process_node/dataset_baseline/lib/ts5n28hpcplvta512x64m4f_130a_ssg0p81v125c.lib start.
I0407 09:39:36.785111 2611362 LibParserRustC.cc:1296] link liberty file /data/project_share/process_node/dataset_baseline/lib/ts5n28hpcplvta256x32m4fw_130a_ssg0p81v125c.lib start.
I0407 09:39:36.785365 2611373 LibParserRustC.cc:1296] link liberty file /data/project_share/process_node/dataset_baseline/lib/ts5n28hpcplvta32x128m2f_130a_ssg0p81v125c.lib start.
I0407 09:39:36.785425 2611375 LibParserRustC.cc:1296] link liberty file /data/project_share/process_node/dataset_baseline/lib/ts5n28hpcplvta256x16m2f_130a_ssg0p81v125c.lib start.
I0407 09:39:36.785413 2611372 LibParserRustC.cc:1296] link liberty file /data/project_share/process_node/dataset_baseline/lib/ts5n28hpcplvta32x32m2f_130a_ssg0p81v125c.lib start.
I0407 09:39:36.785092 2611364 LibParserRustC.cc:1296] link liberty file /data/project_share/process_node/dataset_baseline/lib/ts5n28hpcplvta128x32m2f_130a_ssg0p81v125c.lib start.
I0407 09:39:36.785522 2611365 LibParserRustC.cc:1296] link liberty file /data/project_share/process_node/dataset_baseline/lib/ts5n28hpcplvta128x8m2f_130a_ssg0p81v125c.lib start.
I0407 09:39:36.785156 2611366 LibParserRustC.cc:1296] link liberty file /data/project_share/process_node/dataset_baseline/lib/ts5n28hpcplvta128x80m2f_130a_ssg0p81v125c.lib start.
I0407 09:39:36.785594 2611376 LibParserRustC.cc:1296] link liberty file /data/project_share/process_node/dataset_baseline/lib/ts6n28hpcplvta512x2m8f_130a_ssg0p81v125c.lib start.
I0407 09:39:36.785619 2611381 LibParserRustC.cc:1296] link liberty file /data/project_share/process_node/dataset_baseline/lib/ts5n28hpcplvta64x64m2f_130a_ssg0p81v125c.lib start.
I0407 09:39:36.785672 2611380 LibParserRustC.cc:1296] link liberty file /data/project_share/process_node/dataset_baseline/lib/ts5n28hpcplvta8x128m2f_130a_ssg0p81v125c.lib start.
I0407 09:39:36.785403 2611371 LibParserRustC.cc:1296] link liberty file /data/project_share/process_node/dataset_baseline/lib/ts5n28hpcplvta512x64m4fw_130a_ssg0p81v125c.lib start.
I0407 09:39:36.785065 2611358 LibParserRustC.cc:1296] link liberty file /data/project_share/process_node/dataset_baseline/lib/tcbn28hpcplusbwp40p140opphvtssg0p81v125c_ccs.lib start.
I0407 09:39:36.785687 2611357 LibParserRustC.cc:660] unkown attri name: technology in /data/project_share/process_node/dataset_baseline/lib/tcbn28hpcplusbwp40p140oppuhvtssg0p81v125c_ccs.lib line no 44
I0407 09:39:36.785706 2611384 LibParserRustC.cc:1296] link liberty file /data/project_share/process_node/dataset_baseline/lib/ts5n28hpcplvta1024x32m8fw_130a_ssg0p81v125c.lib start.
I0407 09:39:36.785812 2611357 LibParserRustC.cc:660] unkown attri name: library_features in /data/project_share/process_node/dataset_baseline/lib/tcbn28hpcplusbwp40p140oppuhvtssg0p81v125c_ccs.lib line no 69
I0407 09:39:36.785835 2611360 LibParserRustC.cc:660] unkown attri name: library_features in /data/project_share/process_node/dataset_baseline/lib/ts5n28hpcplvta64x128m2fw_130a_ssg0p81v125c.lib line no 52
I0407 09:39:36.785917 2611367 LibParserRustC.cc:660] unkown attri name: voltage_map in /data/project_share/process_node/dataset_baseline/lib/ts5n28hpcplvta512x64m4f_130a_ssg0p81v125c.lib line no 32
I0407 09:39:36.785984 2611373 LibParserRustC.cc:660] unkown attri name: library_features in /data/project_share/process_node/dataset_baseline/lib/ts5n28hpcplvta32x128m2f_130a_ssg0p81v125c.lib line no 52
I0407 09:39:36.786083 2611372 LibParserRustC.cc:660] unkown attri name: technology in /data/project_share/process_node/dataset_baseline/lib/ts5n28hpcplvta32x32m2f_130a_ssg0p81v125c.lib line no 26
I0407 09:39:36.786124 2611365 LibParserRustC.cc:660] unkown attri name: voltage_map in /data/project_share/process_node/dataset_baseline/lib/ts5n28hpcplvta128x8m2f_130a_ssg0p81v125c.lib line no 33
I0407 09:39:36.786149 2611366 LibParserRustC.cc:660] unkown attri name: library_features in /data/project_share/process_node/dataset_baseline/lib/ts5n28hpcplvta128x80m2f_130a_ssg0p81v125c.lib line no 52
I0407 09:39:36.786190 2611376 LibParserRustC.cc:660] unkown attri name: voltage_map in /data/project_share/process_node/dataset_baseline/lib/ts6n28hpcplvta512x2m8f_130a_ssg0p81v125c.lib line no 38
I0407 09:39:36.786253 2611380 LibParserRustC.cc:660] unkown attri name: voltage_map in /data/project_share/process_node/dataset_baseline/lib/ts5n28hpcplvta8x128m2f_130a_ssg0p81v125c.lib line no 32
I0407 09:39:36.786275 2611380 LibParserRustC.cc:660] unkown attri name: voltage_map in /data/project_share/process_node/dataset_baseline/lib/ts5n28hpcplvta8x128m2f_130a_ssg0p81v125c.lib line no 33
I0407 09:39:36.786312 2611358 LibParserRustC.cc:660] unkown attri name: library_features in /data/project_share/process_node/dataset_baseline/lib/tcbn28hpcplusbwp40p140opphvtssg0p81v125c_ccs.lib line no 69
I0407 09:39:36.785308 2611370 LibParserRustC.cc:1296] link liberty file /data/project_share/process_node/dataset_baseline/lib/ts5n28hpcplvta64x8m2f_130a_ssg0p81v125c.lib start.
I0407 09:39:36.785765 2611361 LibParserRustC.cc:660] unkown attri name: technology in /data/project_share/process_node/dataset_baseline/lib/ts5n28hpcplvta64x128m2f_130a_ssg0p81v125c.lib line no 26
I0407 09:39:36.785324 2611368 LibParserRustC.cc:1296] link liberty file /data/project_share/process_node/dataset_baseline/lib/tcbn28hpcplusbwp30p140opphvtssg0p81v125c_ccs.lib start.
I0407 09:39:36.786887 2611361 LibParserRustC.cc:660] unkown attri name: library_features in /data/project_share/process_node/dataset_baseline/lib/ts5n28hpcplvta64x128m2f_130a_ssg0p81v125c.lib line no 51
I0407 09:39:36.787086 2611356 LibParserRustC.cc:1296] link liberty file /data/project_share/process_node/dataset_baseline/lib/ts5n28hpcplvta64x80m2f_130a_ssg0p81v125c.lib start.
I0407 09:39:36.787288 2611362 LibParserRustC.cc:660] unkown attri name: define_cell_area in /data/project_share/process_node/dataset_baseline/lib/ts5n28hpcplvta256x32m4fw_130a_ssg0p81v125c.lib line no 54
I0407 09:39:36.787463 2611369 LibParserRustC.cc:660] unkown attri name: technology in /data/project_share/process_node/dataset_baseline/lib/ts5n28hpcplvta64x32m2f_130a_ssg0p81v125c.lib line no 26
I0407 09:39:36.787523 2611369 LibParserRustC.cc:660] unkown attri name: define_cell_area in /data/project_share/process_node/dataset_baseline/lib/ts5n28hpcplvta64x32m2f_130a_ssg0p81v125c.lib line no 54
I0407 09:39:36.788344 2611379 LibParserRustC.cc:1296] link liberty file /data/project_share/process_node/dataset_baseline/lib/ts6n28hpcplvta16x128m2f_130a_ssg0p81v125c.lib start.
I0407 09:39:36.788973 2611379 LibParserRustC.cc:660] unkown attri name: voltage_map in /data/project_share/process_node/dataset_baseline/lib/ts6n28hpcplvta16x128m2f_130a_ssg0p81v125c.lib line no 38
I0407 09:39:36.789675 2611374 LibParserRustC.cc:1296] link liberty file /data/project_share/process_node/dataset_baseline/lib/ts5n28hpcplvta128x144m2fw_130a_ssg0p81v125c.lib start.
I0407 09:39:36.790251 2611374 LibParserRustC.cc:660] unkown attri name: define_cell_area in /data/project_share/process_node/dataset_baseline/lib/ts5n28hpcplvta128x144m2fw_130a_ssg0p81v125c.lib line no 54
I0407 09:39:36.787464 2611377 LibParserRustC.cc:1296] link liberty file /data/project_share/process_node/dataset_baseline/lib/ts5n28hpcplvta256x144m2fw_130a_ssg0p81v125c.lib start.
I0407 09:39:36.790338 2611367 LibParserRustC.cc:1302] link liberty file /data/project_share/process_node/dataset_baseline/lib/ts5n28hpcplvta512x64m4f_130a_ssg0p81v125c.lib success.
I0407 09:39:36.790427 2611378 LibParserRustC.cc:1296] link liberty file /data/project_share/process_node/dataset_baseline/lib/tcbn28hpcplusbwp35p140opphvtssg0p81v125c_ccs.lib start.
I0407 09:39:36.791239 2611364 LibParserRustC.cc:1302] link liberty file /data/project_share/process_node/dataset_baseline/lib/ts5n28hpcplvta128x32m2f_130a_ssg0p81v125c.lib success.
I0407 09:39:36.791276 2611364 LibParserRustC.cc:1296] link liberty file /data/project_share/process_node/T28_lib/ccslib/ts1n28hpcplvtb2048x48m8sw_180a_ssg0p81vm40c.lib start.
I0407 09:39:36.790489 2611382 LibParserRustC.cc:1296] link liberty file /data/project_share/process_node/dataset_baseline/lib/ts5n28hpcplvta8x144m2f_130a_ssg0p81v125c.lib start.
I0407 09:39:36.790696 2611367 LibParserRustC.cc:1296] link liberty file /data/project_share/process_node/T28_lib/ccslib/ts6n28hpcplvta2048x32m8sw_130a_ssg0p81vm40c.lib start.
I0407 09:39:36.791301 2611365 LibParserRustC.cc:1302] link liberty file /data/project_share/process_node/dataset_baseline/lib/ts5n28hpcplvta128x8m2f_130a_ssg0p81v125c.lib success.
I0407 09:39:36.791321 2611383 LibParserRustC.cc:1296] link liberty file /data/project_share/process_node/dataset_baseline/lib/tcbn28hpcplusbwp40p140oppssg0p81v125c_ccs.lib start.
I0407 09:39:36.791334 2611385 LibParserRustC.cc:1296] link liberty file /data/project_share/process_node/dataset_baseline/lib/PLLTS28HPMLAINT_SS_0P81_125C.lib start.
I0407 09:39:36.792309 2611364 LibParserRustC.cc:660] unkown attri name: voltage_map in /data/project_share/process_node/T28_lib/ccslib/ts1n28hpcplvtb2048x48m8sw_180a_ssg0p81vm40c.lib line no 33
I0407 09:39:36.791792 2611365 LibParserRustC.cc:1296] link liberty file /data/project_share/process_node/T28_lib/ccslib/ts1n28hpcplvtb8192x64m8sw_180a_ssg0p81vm40c.lib start.
I0407 09:39:36.792279 2611372 LibParserRustC.cc:1302] link liberty file /data/project_share/process_node/dataset_baseline/lib/ts5n28hpcplvta32x32m2f_130a_ssg0p81v125c.lib success.
I0407 09:39:36.791872 2611378 LibParserRustC.cc:660] unkown attri name: voltage_map in /data/project_share/process_node/dataset_baseline/lib/tcbn28hpcplusbwp35p140opphvtssg0p81v125c_ccs.lib line no 54
I0407 09:39:36.791893 2611363 LibParserRustC.cc:1302] link liberty file /data/project_share/process_node/dataset_baseline/lib/ts5n28hpcplvta128x64m2f_130a_ssg0p81v125c.lib success.
I0407 09:39:36.792251 2611375 LibParserRustC.cc:1302] link liberty file /data/project_share/process_node/dataset_baseline/lib/ts5n28hpcplvta256x16m2f_130a_ssg0p81v125c.lib success.
I0407 09:39:36.792439 2611372 LibParserRustC.cc:1296] link liberty file /data/project_share/process_node/T28_lib/mem/ts5n28hpcplvta256x64m2fw_130a_ssg0p81v125c.lib start.
I0407 09:39:36.792465 2611363 LibParserRustC.cc:1296] link liberty file /data/project_share/process_node/dataset_baseline/lib/tcbn28hpcplusbwp35p140oppulvtssg0p81v125c_ccs.lib start.
I0407 09:39:36.792477 2611375 LibParserRustC.cc:1296] link liberty file /data/project_share/process_node/dataset_baseline/lib/tcbn28hpcplusbwp35p140oppssg0p81v125c_ccs.lib start.
I0407 09:39:36.792970 2611367 LibParserRustC.cc:660] unkown attri name: voltage_map in /data/project_share/process_node/T28_lib/ccslib/ts6n28hpcplvta2048x32m8sw_130a_ssg0p81vm40c.lib line no 38
I0407 09:39:36.793045 2611385 LibParserRustC.cc:660] unkown attri name: technology in /data/project_share/process_node/dataset_baseline/lib/PLLTS28HPMLAINT_SS_0P81_125C.lib line no 9
I0407 09:39:36.793165 2611365 LibParserRustC.cc:660] unkown attri name: define_cell_area in /data/project_share/process_node/T28_lib/ccslib/ts1n28hpcplvtb8192x64m8sw_180a_ssg0p81vm40c.lib line no 53
I0407 09:39:36.793531 2611376 LibParserRustC.cc:1302] link liberty file /data/project_share/process_node/dataset_baseline/lib/ts6n28hpcplvta512x2m8f_130a_ssg0p81v125c.lib success.
I0407 09:39:36.793561 2611376 LibParserRustC.cc:1296] link liberty file /data/project_share/process_node/dataset_baseline/lib/tcbn28hpcplusbwp30p140oppuhvtssg0p81v125c_ccs.lib start.
I0407 09:39:36.793591 2611370 LibParserRustC.cc:1302] link liberty file /data/project_share/process_node/dataset_baseline/lib/ts5n28hpcplvta64x8m2f_130a_ssg0p81v125c.lib success.
I0407 09:39:36.793812 2611370 LibParserRustC.cc:1296] link liberty file /data/project_share/process_node/dataset_baseline/lib/tcbn28hpcplusbwp30p140oppulvtssg0p81v125c_ccs.lib start.
I0407 09:39:36.794646 2611376 LibParserRustC.cc:660] unkown attri name: voltage_map in /data/project_share/process_node/dataset_baseline/lib/tcbn28hpcplusbwp30p140oppuhvtssg0p81v125c_ccs.lib line no 53
I0407 09:39:36.794894 2611361 LibParserRustC.cc:1302] link liberty file /data/project_share/process_node/dataset_baseline/lib/ts5n28hpcplvta64x128m2f_130a_ssg0p81v125c.lib success.
I0407 09:39:36.794932 2611361 LibParserRustC.cc:1296] link liberty file /data/project_share/process_node/dataset_baseline/lib/tcbn28hpcplusbwp40p140opplvtssg0p81v125c_ccs.lib start.
I0407 09:39:36.795260 2611375 LibParserRustC.cc:660] unkown attri name: library_features in /data/project_share/process_node/dataset_baseline/lib/tcbn28hpcplusbwp35p140oppssg0p81v125c_ccs.lib line no 69
I0407 09:39:36.795966 2611370 LibParserRustC.cc:660] unkown attri name: define_cell_area in /data/project_share/process_node/dataset_baseline/lib/tcbn28hpcplusbwp30p140oppulvtssg0p81v125c_ccs.lib line no 67
I0407 09:39:36.796739 2611362 LibParserRustC.cc:1302] link liberty file /data/project_share/process_node/dataset_baseline/lib/ts5n28hpcplvta256x32m4fw_130a_ssg0p81v125c.lib success.
I0407 09:39:36.796787 2611362 LibParserRustC.cc:1296] link liberty file /data/project_share/process_node/dataset_baseline/lib/tphn28hpcpgv18ssg0p81v1p62v125c.lib start.
I0407 09:39:36.796841 2611360 LibParserRustC.cc:1302] link liberty file /data/project_share/process_node/dataset_baseline/lib/ts5n28hpcplvta64x128m2fw_130a_ssg0p81v125c.lib success.
I0407 09:39:36.796878 2611360 LibParserRustC.cc:1296] link liberty file /data/project_share/process_node/dataset_baseline/lib/tcbn28hpcplusbwp35p140oppuhvtssg0p81v125c_ccs.lib start.
I0407 09:39:36.797498 2611366 LibParserRustC.cc:1302] link liberty file /data/project_share/process_node/dataset_baseline/lib/ts5n28hpcplvta128x80m2f_130a_ssg0p81v125c.lib success.
I0407 09:39:36.797533 2611366 LibParserRustC.cc:1296] link liberty file /data/project_share/process_node/T28_lib/ccslib/RocketTile_postroute_func_ssg0p81vm40c_cworst_T_setup.lib start.
I0407 09:39:36.798781 2611356 LibParserRustC.cc:1302] link liberty file /data/project_share/process_node/dataset_baseline/lib/ts5n28hpcplvta64x80m2f_130a_ssg0p81v125c.lib success.
I0407 09:39:36.798832 2611356 LibParserRustC.cc:1296] link liberty file /data/project_share/process_node/dataset_baseline/lib/tcbn28hpcplusbwp30p140mblvtssg0p81v125c_ccs.lib start.
I0407 09:39:36.798923 2611384 LibParserRustC.cc:1302] link liberty file /data/project_share/process_node/dataset_baseline/lib/ts5n28hpcplvta1024x32m8fw_130a_ssg0p81v125c.lib success.
I0407 09:39:36.798944 2611384 LibParserRustC.cc:1296] link liberty file /data/project_share/process_node/dataset_baseline/lib/tcbn28hpcplusbwp40p140mbssg0p81v125c_ccs.lib start.
I0407 09:39:36.799060 2611360 LibParserRustC.cc:660] unkown attri name: voltage_map in /data/project_share/process_node/dataset_baseline/lib/tcbn28hpcplusbwp35p140oppuhvtssg0p81v125c_ccs.lib line no 53
I0407 09:39:36.799234 2611369 LibParserRustC.cc:1302] link liberty file /data/project_share/process_node/dataset_baseline/lib/ts5n28hpcplvta64x32m2f_130a_ssg0p81v125c.lib success.
I0407 09:39:36.799271 2611369 LibParserRustC.cc:1296] link liberty file /data/project_share/process_node/dataset_baseline/lib/tcbn28hpcplusbwp30p140mbssg0p81v125c_ccs.lib start.
I0407 09:39:36.800140 2611356 LibParserRustC.cc:660] unkown attri name: library_features in /data/project_share/process_node/dataset_baseline/lib/tcbn28hpcplusbwp30p140mblvtssg0p81v125c_ccs.lib line no 69
I0407 09:39:36.800655 2611380 LibParserRustC.cc:1302] link liberty file /data/project_share/process_node/dataset_baseline/lib/ts5n28hpcplvta8x128m2f_130a_ssg0p81v125c.lib success.
I0407 09:39:36.800689 2611380 LibParserRustC.cc:1296] link liberty file /data/project_share/process_node/dataset_baseline/lib/tcbn28hpcplusbwp40p140mbhvtssg0p81v125c_ccs.lib start.
I0407 09:39:36.801172 2611380 LibParserRustC.cc:660] unkown attri name: voltage_map in /data/project_share/process_node/dataset_baseline/lib/tcbn28hpcplusbwp40p140mbhvtssg0p81v125c_ccs.lib line no 53
I0407 09:39:36.802778 2611384 LibParserRustC.cc:660] unkown attri name: library_features in /data/project_share/process_node/dataset_baseline/lib/tcbn28hpcplusbwp40p140mbssg0p81v125c_ccs.lib line no 69
I0407 09:39:36.802922 2611382 LibParserRustC.cc:1302] link liberty file /data/project_share/process_node/dataset_baseline/lib/ts5n28hpcplvta8x144m2f_130a_ssg0p81v125c.lib success.
I0407 09:39:36.802959 2611382 LibParserRustC.cc:1296] link liberty file /data/project_share/process_node/dataset_baseline/lib/tcbn28hpcplusbwp35p140mblvtssg0p81v125c_ccs.lib start.
I0407 09:39:36.803215 2611362 LibParserRustC.cc:660] unkown attri name: define_cell_area in /data/project_share/process_node/dataset_baseline/lib/tphn28hpcpgv18ssg0p81v1p62v125c.lib line no 63
I0407 09:39:36.807205 2611381 LibParserRustC.cc:1302] link liberty file /data/project_share/process_node/dataset_baseline/lib/ts5n28hpcplvta64x64m2f_130a_ssg0p81v125c.lib success.
I0407 09:39:36.807267 2611381 LibParserRustC.cc:1296] link liberty file /data/project_share/process_node/dataset_baseline/lib/tcbn28hpcplusbwp35p140mbssg0p81v125c_ccs.lib start.
I0407 09:39:36.809226 2611381 LibParserRustC.cc:660] unkown attri name: technology in /data/project_share/process_node/dataset_baseline/lib/tcbn28hpcplusbwp35p140mbssg0p81v125c_ccs.lib line no 44
I0407 09:39:36.809527 2611364 LibParserRustC.cc:1302] link liberty file /data/project_share/process_node/T28_lib/ccslib/ts1n28hpcplvtb2048x48m8sw_180a_ssg0p81vm40c.lib success.
I0407 09:39:36.809576 2611364 LibParserRustC.cc:1296] link liberty file /data/project_share/process_node/dataset_baseline/lib/tcbn28hpcplusbwp35p140mbhvtssg0p81v125c_ccs.lib start.
I0407 09:39:36.810037 2611374 LibParserRustC.cc:1302] link liberty file /data/project_share/process_node/dataset_baseline/lib/ts5n28hpcplvta128x144m2fw_130a_ssg0p81v125c.lib success.
I0407 09:39:36.810076 2611374 LibParserRustC.cc:1296] link liberty file /data/project_share/process_node/dataset_baseline/lib/tcbn28hpcplusbwp30p140hvtssg0p81v125c_ccs.lib start.
I0407 09:39:36.810797 2611365 LibParserRustC.cc:1302] link liberty file /data/project_share/process_node/T28_lib/ccslib/ts1n28hpcplvtb8192x64m8sw_180a_ssg0p81vm40c.lib success.
I0407 09:39:36.810829 2611365 LibParserRustC.cc:1296] link liberty file /data/project_share/process_node/dataset_baseline/lib/tcbn28hpcplusbwp40p140lvtssg0p81v125c_ccs.lib start.
I0407 09:39:36.811144 2611371 LibParserRustC.cc:1302] link liberty file /data/project_share/process_node/dataset_baseline/lib/ts5n28hpcplvta512x64m4fw_130a_ssg0p81v125c.lib success.
I0407 09:39:36.811199 2611371 LibParserRustC.cc:1296] link liberty file /data/project_share/process_node/dataset_baseline/lib/tcbn28hpcplusbwp35p140lvtssg0p81v125c_ccs.lib start.
I0407 09:39:36.811398 2611373 LibParserRustC.cc:1302] link liberty file /data/project_share/process_node/dataset_baseline/lib/ts5n28hpcplvta32x128m2f_130a_ssg0p81v125c.lib success.
I0407 09:39:36.811448 2611373 LibParserRustC.cc:1296] link liberty file /data/project_share/process_node/dataset_baseline/lib/tcbn28hpcplusbwp35p140ssg0p81v125c_ccs.lib start.
I0407 09:39:36.811491 2611374 LibParserRustC.cc:660] unkown attri name: define_cell_area in /data/project_share/process_node/dataset_baseline/lib/tcbn28hpcplusbwp30p140hvtssg0p81v125c_ccs.lib line no 67
I0407 09:39:36.811786 2611371 LibParserRustC.cc:660] unkown attri name: voltage_map in /data/project_share/process_node/dataset_baseline/lib/tcbn28hpcplusbwp35p140lvtssg0p81v125c_ccs.lib line no 53
I0407 09:39:36.812100 2611373 LibParserRustC.cc:660] unkown attri name: define_cell_area in /data/project_share/process_node/dataset_baseline/lib/tcbn28hpcplusbwp35p140ssg0p81v125c_ccs.lib line no 68
I0407 09:39:36.813386 2611372 LibParserRustC.cc:1302] link liberty file /data/project_share/process_node/T28_lib/mem/ts5n28hpcplvta256x64m2fw_130a_ssg0p81v125c.lib success.
I0407 09:39:36.813422 2611372 LibParserRustC.cc:1296] link liberty file /data/project_share/process_node/dataset_baseline/lib/tcbn28hpcplusbwp35p140uhvtssg0p81v125c_ccs.lib start.
I0407 09:39:36.814133 2611372 LibParserRustC.cc:660] unkown attri name: voltage_map in /data/project_share/process_node/dataset_baseline/lib/tcbn28hpcplusbwp35p140uhvtssg0p81v125c_ccs.lib line no 53
I0407 09:39:36.814141 2611367 LibParserRustC.cc:1302] link liberty file /data/project_share/process_node/T28_lib/ccslib/ts6n28hpcplvta2048x32m8sw_130a_ssg0p81vm40c.lib success.
I0407 09:39:36.814180 2611367 LibParserRustC.cc:1296] link liberty file /data/project_share/process_node/dataset_baseline/lib/tcbn28hpcplusbwp40p140uhvtssg0p81v125c_ccs.lib start.
I0407 09:39:36.814707 2611367 LibParserRustC.cc:660] unkown attri name: define_cell_area in /data/project_share/process_node/dataset_baseline/lib/tcbn28hpcplusbwp40p140uhvtssg0p81v125c_ccs.lib line no 68
I0407 09:39:36.817473 2611377 LibParserRustC.cc:1302] link liberty file /data/project_share/process_node/dataset_baseline/lib/ts5n28hpcplvta256x144m2fw_130a_ssg0p81v125c.lib success.
I0407 09:39:36.817524 2611377 LibParserRustC.cc:1296] link liberty file /data/project_share/process_node/dataset_baseline/lib/tcbn28hpcplusbwp40p140ssg0p81v125c_ccs.lib start.
I0407 09:39:36.820631 2611379 LibParserRustC.cc:1302] link liberty file /data/project_share/process_node/dataset_baseline/lib/ts6n28hpcplvta16x128m2f_130a_ssg0p81v125c.lib success.
I0407 09:39:36.820709 2611379 LibParserRustC.cc:1296] link liberty file /data/project_share/process_node/dataset_baseline/lib/tcbn28hpcplusbwp35p140ulvtssg0p81v125c_ccs.lib start.
I0407 09:39:36.820883 2611384 LibParserRustC.cc:660] unkown attri name: members in /data/project_share/process_node/dataset_baseline/lib/tcbn28hpcplusbwp40p140mbssg0p81v125c_ccs.lib line no 2899
I0407 09:39:36.823959 2611385 LibParserRustC.cc:1302] link liberty file /data/project_share/process_node/dataset_baseline/lib/PLLTS28HPMLAINT_SS_0P81_125C.lib success.
I0407 09:39:36.824031 2611385 LibParserRustC.cc:1296] link liberty file /data/project_share/process_node/dataset_baseline/lib/tcbn28hpcplusbwp40p140hvtssg0p81v125c_ccs.lib start.
I0407 09:39:36.824533 2611385 LibParserRustC.cc:660] unkown attri name: voltage_map in /data/project_share/process_node/dataset_baseline/lib/tcbn28hpcplusbwp40p140hvtssg0p81v125c_ccs.lib line no 54
I0407 09:39:36.834218 2611364 LibParserRustC.cc:660] unkown attri name: members in /data/project_share/process_node/dataset_baseline/lib/tcbn28hpcplusbwp35p140mbhvtssg0p81v125c_ccs.lib line no 4421
I0407 09:39:36.950809 2611384 LibParserRustC.cc:660] unkown attri name: members in /data/project_share/process_node/dataset_baseline/lib/tcbn28hpcplusbwp40p140mbssg0p81v125c_ccs.lib line no 19914
I0407 09:39:37.029223 2611382 LibParserRustC.cc:660] unkown attri name: members in /data/project_share/process_node/dataset_baseline/lib/tcbn28hpcplusbwp35p140mblvtssg0p81v125c_ccs.lib line no 37743
I0407 09:39:37.138407 2611380 LibParserRustC.cc:660] unkown attri name: members in /data/project_share/process_node/dataset_baseline/lib/tcbn28hpcplusbwp40p140mbhvtssg0p81v125c_ccs.lib line no 37747
I0407 09:39:37.181892 2611362 LibParserRustC.cc:1302] link liberty file /data/project_share/process_node/dataset_baseline/lib/tphn28hpcpgv18ssg0p81v1p62v125c.lib success.
I0407 09:39:37.181996 2611362 LibParserRustC.cc:1296] link liberty file /data/project_share/process_node/dataset_baseline/lib/tcbn28hpcplusbwp30p140uhvtssg0p81v125c_ccs.lib start.
I0407 09:39:37.188937 2611382 LibParserRustC.cc:660] unkown attri name: members in /data/project_share/process_node/dataset_baseline/lib/tcbn28hpcplusbwp35p140mblvtssg0p81v125c_ccs.lib line no 61345
I0407 09:39:37.307893 2611369 LibParserRustC.cc:660] unkown attri name: members in /data/project_share/process_node/dataset_baseline/lib/tcbn28hpcplusbwp30p140mbssg0p81v125c_ccs.lib line no 61345
I0407 09:39:37.417163 2611369 LibParserRustC.cc:660] unkown attri name: members in /data/project_share/process_node/dataset_baseline/lib/tcbn28hpcplusbwp30p140mbssg0p81v125c_ccs.lib line no 80588
I0407 09:39:37.489362 2611356 LibParserRustC.cc:660] unkown attri name: members in /data/project_share/process_node/dataset_baseline/lib/tcbn28hpcplusbwp30p140mblvtssg0p81v125c_ccs.lib line no 91971
I0407 09:39:37.543840 2611384 LibParserRustC.cc:660] unkown attri name: members in /data/project_share/process_node/dataset_baseline/lib/tcbn28hpcplusbwp40p140mbssg0p81v125c_ccs.lib line no 103187
I0407 09:39:37.602589 2611369 LibParserRustC.cc:660] unkown attri name: members in /data/project_share/process_node/dataset_baseline/lib/tcbn28hpcplusbwp30p140mbssg0p81v125c_ccs.lib line no 104701
I0407 09:39:37.704849 2611380 LibParserRustC.cc:660] unkown attri name: members in /data/project_share/process_node/dataset_baseline/lib/tcbn28hpcplusbwp40p140mbhvtssg0p81v125c_ccs.lib line no 104709
I0407 09:39:37.826725 2611356 LibParserRustC.cc:660] unkown attri name: members in /data/project_share/process_node/dataset_baseline/lib/tcbn28hpcplusbwp30p140mblvtssg0p81v125c_ccs.lib line no 142197
I0407 09:39:37.961735 2611381 LibParserRustC.cc:660] unkown attri name: members in /data/project_share/process_node/dataset_baseline/lib/tcbn28hpcplusbwp35p140mbssg0p81v125c_ccs.lib line no 142197
I0407 09:39:38.117866 2611384 LibParserRustC.cc:660] unkown attri name: members in /data/project_share/process_node/dataset_baseline/lib/tcbn28hpcplusbwp40p140mbssg0p81v125c_ccs.lib line no 164060
I0407 09:39:38.285563 2611364 LibParserRustC.cc:660] unkown attri name: members in /data/project_share/process_node/dataset_baseline/lib/tcbn28hpcplusbwp35p140mbhvtssg0p81v125c_ccs.lib line no 190853
I0407 09:39:38.458420 2611381 LibParserRustC.cc:660] unkown attri name: members in /data/project_share/process_node/dataset_baseline/lib/tcbn28hpcplusbwp35p140mbssg0p81v125c_ccs.lib line no 190853
I0407 09:39:38.638015 2611384 LibParserRustC.cc:660] unkown attri name: members in /data/project_share/process_node/dataset_baseline/lib/tcbn28hpcplusbwp40p140mbssg0p81v125c_ccs.lib line no 230225
I0407 09:39:38.681126 2611366 LibParserRustC.cc:1302] link liberty file /data/project_share/process_node/T28_lib/ccslib/RocketTile_postroute_func_ssg0p81vm40c_cworst_T_setup.lib success.
I0407 09:39:38.681214 2611366 LibParserRustC.cc:1296] link liberty file /data/project_share/process_node/dataset_baseline/lib/tcbn28hpcplusbwp35p140hvtssg0p81v125c_ccs.lib start.
I0407 09:39:38.708295 2611381 LibParserRustC.cc:660] unkown attri name: members in /data/project_share/process_node/dataset_baseline/lib/tcbn28hpcplusbwp35p140mbssg0p81v125c_ccs.lib line no 226835
I0407 09:39:38.816282 2611382 LibParserRustC.cc:660] unkown attri name: members in /data/project_share/process_node/dataset_baseline/lib/tcbn28hpcplusbwp35p140mblvtssg0p81v125c_ccs.lib line no 279617
I0407 09:39:38.942147 2611381 LibParserRustC.cc:660] unkown attri name: members in /data/project_share/process_node/dataset_baseline/lib/tcbn28hpcplusbwp35p140mbssg0p81v125c_ccs.lib line no 260940
I0407 09:39:39.079490 2611369 LibParserRustC.cc:660] unkown attri name: members in /data/project_share/process_node/dataset_baseline/lib/tcbn28hpcplusbwp30p140mbssg0p81v125c_ccs.lib line no 300533
I0407 09:39:39.160058 2611384 LibParserRustC.cc:660] unkown attri name: members in /data/project_share/process_node/dataset_baseline/lib/tcbn28hpcplusbwp40p140mbssg0p81v125c_ccs.lib line no 300549
I0407 09:39:39.294036 2611356 LibParserRustC.cc:660] unkown attri name: members in /data/project_share/process_node/dataset_baseline/lib/tcbn28hpcplusbwp30p140mblvtssg0p81v125c_ccs.lib line no 327889
I0407 09:39:39.407568 2611364 LibParserRustC.cc:660] unkown attri name: members in /data/project_share/process_node/dataset_baseline/lib/tcbn28hpcplusbwp35p140mbhvtssg0p81v125c_ccs.lib line no 358861
I0407 09:39:39.577410 2611380 LibParserRustC.cc:660] unkown attri name: members in /data/project_share/process_node/dataset_baseline/lib/tcbn28hpcplusbwp40p140mbhvtssg0p81v125c_ccs.lib line no 358877
I0407 09:39:39.820951 2611376 LibParserRustC.cc:1302] link liberty file /data/project_share/process_node/dataset_baseline/lib/tcbn28hpcplusbwp30p140oppuhvtssg0p81v125c_ccs.lib success.
I0407 09:39:39.821095 2611376 LibParserRustC.cc:1296] link liberty file /data/project_share/process_node/dataset_baseline/lib/tcbn28hpcplusbwp30p140ssg0p81v125c_ccs.lib start.
I0407 09:39:39.823246 2611376 LibParserRustC.cc:660] unkown attri name: voltage_map in /data/project_share/process_node/dataset_baseline/lib/tcbn28hpcplusbwp30p140ssg0p81v125c_ccs.lib line no 53
I0407 09:39:39.849992 2611359 LibParserRustC.cc:1302] link liberty file /data/project_share/process_node/dataset_baseline/lib/tcbn28hpcplusbwp30p140opplvtssg0p81v125c_ccs.lib success.
I0407 09:39:39.850155 2611359 LibParserRustC.cc:1296] link liberty file /data/project_share/process_node/dataset_baseline/lib/tcbn28hpcplusbwp30p140lvtssg0p81v125c_ccs.lib start.
I0407 09:39:39.850659 2611359 LibParserRustC.cc:660] unkown attri name: library_features in /data/project_share/process_node/dataset_baseline/lib/tcbn28hpcplusbwp30p140lvtssg0p81v125c_ccs.lib line no 69
I0407 09:39:39.866291 2611378 LibParserRustC.cc:1302] link liberty file /data/project_share/process_node/dataset_baseline/lib/tcbn28hpcplusbwp35p140opphvtssg0p81v125c_ccs.lib success.
I0407 09:39:39.866401 2611378 LibParserRustC.cc:1296] link liberty file /data/project_share/process_node/dataset_baseline/lib/tcbn28hpcplusbwp30p140ulvtssg0p81v125c_ccs.lib start.
I0407 09:39:39.868669 2611354 LibParserRustC.cc:1302] link liberty file /data/project_share/process_node/dataset_baseline/lib/tcbn28hpcplusbwp30p140oppssg0p81v125c_ccs.lib success.
I0407 09:39:39.886524 2611355 LibParserRustC.cc:1302] link liberty file /data/project_share/process_node/dataset_baseline/lib/tcbn28hpcplusbwp35p140opplvtssg0p81v125c_ccs.lib success.
I0407 09:39:39.896507 2611383 LibParserRustC.cc:1302] link liberty file /data/project_share/process_node/dataset_baseline/lib/tcbn28hpcplusbwp40p140oppssg0p81v125c_ccs.lib success.
I0407 09:39:39.905694 2611380 LibParserRustC.cc:660] unkown attri name: members in /data/project_share/process_node/dataset_baseline/lib/tcbn28hpcplusbwp40p140mbhvtssg0p81v125c_ccs.lib line no 402432
I0407 09:39:39.909101 2611375 LibParserRustC.cc:1302] link liberty file /data/project_share/process_node/dataset_baseline/lib/tcbn28hpcplusbwp35p140oppssg0p81v125c_ccs.lib success.
I0407 09:39:39.911803 2611357 LibParserRustC.cc:1302] link liberty file /data/project_share/process_node/dataset_baseline/lib/tcbn28hpcplusbwp40p140oppuhvtssg0p81v125c_ccs.lib success.
I0407 09:39:39.917194 2611363 LibParserRustC.cc:1302] link liberty file /data/project_share/process_node/dataset_baseline/lib/tcbn28hpcplusbwp35p140oppulvtssg0p81v125c_ccs.lib success.
I0407 09:39:39.939329 2611358 LibParserRustC.cc:1302] link liberty file /data/project_share/process_node/dataset_baseline/lib/tcbn28hpcplusbwp40p140opphvtssg0p81v125c_ccs.lib success.
I0407 09:39:39.957060 2611361 LibParserRustC.cc:1302] link liberty file /data/project_share/process_node/dataset_baseline/lib/tcbn28hpcplusbwp40p140opplvtssg0p81v125c_ccs.lib success.
I0407 09:39:39.984500 2611368 LibParserRustC.cc:1302] link liberty file /data/project_share/process_node/dataset_baseline/lib/tcbn28hpcplusbwp30p140opphvtssg0p81v125c_ccs.lib success.
I0407 09:39:39.989079 2611370 LibParserRustC.cc:1302] link liberty file /data/project_share/process_node/dataset_baseline/lib/tcbn28hpcplusbwp30p140oppulvtssg0p81v125c_ccs.lib success.
I0407 09:39:40.016860 2611356 LibParserRustC.cc:660] unkown attri name: members in /data/project_share/process_node/dataset_baseline/lib/tcbn28hpcplusbwp30p140mblvtssg0p81v125c_ccs.lib line no 449071
I0407 09:39:40.235402 2611369 LibParserRustC.cc:660] unkown attri name: members in /data/project_share/process_node/dataset_baseline/lib/tcbn28hpcplusbwp30p140mbssg0p81v125c_ccs.lib line no 510577
I0407 09:39:40.362071 2611360 LibParserRustC.cc:1302] link liberty file /data/project_share/process_node/dataset_baseline/lib/tcbn28hpcplusbwp35p140oppuhvtssg0p81v125c_ccs.lib success.
I0407 09:39:40.447973 2611380 LibParserRustC.cc:660] unkown attri name: members in /data/project_share/process_node/dataset_baseline/lib/tcbn28hpcplusbwp40p140mbhvtssg0p81v125c_ccs.lib line no 510601
I0407 09:39:40.518687 2611364 LibParserRustC.cc:660] unkown attri name: members in /data/project_share/process_node/dataset_baseline/lib/tcbn28hpcplusbwp35p140mbhvtssg0p81v125c_ccs.lib line no 564284
I0407 09:39:40.626042 2611369 LibParserRustC.cc:660] unkown attri name: members in /data/project_share/process_node/dataset_baseline/lib/tcbn28hpcplusbwp30p140mbssg0p81v125c_ccs.lib line no 595185
I0407 09:39:40.728013 2611382 LibParserRustC.cc:660] unkown attri name: members in /data/project_share/process_node/dataset_baseline/lib/tcbn28hpcplusbwp35p140mblvtssg0p81v125c_ccs.lib line no 634837
I0407 09:39:40.832581 2611381 LibParserRustC.cc:660] unkown attri name: members in /data/project_share/process_node/dataset_baseline/lib/tcbn28hpcplusbwp35p140mbssg0p81v125c_ccs.lib line no 681937
I0407 09:39:40.981483 2611369 LibParserRustC.cc:660] unkown attri name: members in /data/project_share/process_node/dataset_baseline/lib/tcbn28hpcplusbwp30p140mbssg0p81v125c_ccs.lib line no 681937
I0407 09:39:41.032887 2611381 LibParserRustC.cc:1302] link liberty file /data/project_share/process_node/dataset_baseline/lib/tcbn28hpcplusbwp35p140mbssg0p81v125c_ccs.lib success.
I0407 09:39:41.113726 2611356 LibParserRustC.cc:1302] link liberty file /data/project_share/process_node/dataset_baseline/lib/tcbn28hpcplusbwp30p140mblvtssg0p81v125c_ccs.lib success.
I0407 09:39:41.261301 2611364 LibParserRustC.cc:1302] link liberty file /data/project_share/process_node/dataset_baseline/lib/tcbn28hpcplusbwp35p140mbhvtssg0p81v125c_ccs.lib success.
I0407 09:39:41.336668 2611382 LibParserRustC.cc:1302] link liberty file /data/project_share/process_node/dataset_baseline/lib/tcbn28hpcplusbwp35p140mblvtssg0p81v125c_ccs.lib success.
I0407 09:39:41.366621 2611384 LibParserRustC.cc:1302] link liberty file /data/project_share/process_node/dataset_baseline/lib/tcbn28hpcplusbwp40p140mbssg0p81v125c_ccs.lib success.
I0407 09:39:41.413087 2611369 LibParserRustC.cc:1302] link liberty file /data/project_share/process_node/dataset_baseline/lib/tcbn28hpcplusbwp30p140mbssg0p81v125c_ccs.lib success.
I0407 09:39:41.610368 2611380 LibParserRustC.cc:1302] link liberty file /data/project_share/process_node/dataset_baseline/lib/tcbn28hpcplusbwp40p140mbhvtssg0p81v125c_ccs.lib success.
I0407 09:41:49.452775 2611385 LibParserRustC.cc:1302] link liberty file /data/project_share/process_node/dataset_baseline/lib/tcbn28hpcplusbwp40p140hvtssg0p81v125c_ccs.lib success.
I0407 09:41:54.024415 2611374 LibParserRustC.cc:1302] link liberty file /data/project_share/process_node/dataset_baseline/lib/tcbn28hpcplusbwp30p140hvtssg0p81v125c_ccs.lib success.
I0407 09:41:54.835589 2611372 LibParserRustC.cc:1302] link liberty file /data/project_share/process_node/dataset_baseline/lib/tcbn28hpcplusbwp35p140uhvtssg0p81v125c_ccs.lib success.
I0407 09:41:54.914328 2611371 LibParserRustC.cc:1302] link liberty file /data/project_share/process_node/dataset_baseline/lib/tcbn28hpcplusbwp35p140lvtssg0p81v125c_ccs.lib success.
I0407 09:41:55.599239 2611362 LibParserRustC.cc:1302] link liberty file /data/project_share/process_node/dataset_baseline/lib/tcbn28hpcplusbwp30p140uhvtssg0p81v125c_ccs.lib success.
I0407 09:41:57.765062 2611359 LibParserRustC.cc:1302] link liberty file /data/project_share/process_node/dataset_baseline/lib/tcbn28hpcplusbwp30p140lvtssg0p81v125c_ccs.lib success.
I0407 09:41:58.458410 2611376 LibParserRustC.cc:1302] link liberty file /data/project_share/process_node/dataset_baseline/lib/tcbn28hpcplusbwp30p140ssg0p81v125c_ccs.lib success.
I0407 09:41:59.046625 2611367 LibParserRustC.cc:1302] link liberty file /data/project_share/process_node/dataset_baseline/lib/tcbn28hpcplusbwp40p140uhvtssg0p81v125c_ccs.lib success.
I0407 09:42:01.409255 2611377 LibParserRustC.cc:1302] link liberty file /data/project_share/process_node/dataset_baseline/lib/tcbn28hpcplusbwp40p140ssg0p81v125c_ccs.lib success.
I0407 09:42:02.764815 2611379 LibParserRustC.cc:1302] link liberty file /data/project_share/process_node/dataset_baseline/lib/tcbn28hpcplusbwp35p140ulvtssg0p81v125c_ccs.lib success.
I0407 09:42:05.312747 2611365 LibParserRustC.cc:1302] link liberty file /data/project_share/process_node/dataset_baseline/lib/tcbn28hpcplusbwp40p140lvtssg0p81v125c_ccs.lib success.
I0407 09:42:06.333415 2611373 LibParserRustC.cc:1302] link liberty file /data/project_share/process_node/dataset_baseline/lib/tcbn28hpcplusbwp35p140ssg0p81v125c_ccs.lib success.
I0407 09:42:07.736819 2611366 LibParserRustC.cc:1302] link liberty file /data/project_share/process_node/dataset_baseline/lib/tcbn28hpcplusbwp35p140hvtssg0p81v125c_ccs.lib success.
I0407 09:42:08.863554 2611378 LibParserRustC.cc:1302] link liberty file /data/project_share/process_node/dataset_baseline/lib/tcbn28hpcplusbwp30p140ulvtssg0p81v125c_ccs.lib success.
I0407 09:42:08.863895 2608561 TimingIDBAdapter.cc:740] core area width 21um height 21um
I0407 09:42:08.864557 2608561 TimingIDBAdapter.cc:825] build inst num: 1
I0407 09:42:08.900744 2608561 TimingIDBAdapter.cc:904] build net num: 1
I0407 09:42:08.906142 2608561 TimingIDBAdapter.cc:913] build instance num: 297
I0407 09:42:08.906153 2608561 TimingIDBAdapter.cc:914] build port num: 56
I0407 09:42:08.906157 2608561 TimingIDBAdapter.cc:915] build net num: 270
I0407 09:42:08.906168 2608561 Sta.cc:170] read sdc /data2/project_share/dataset_baseline/gcd/syn_netlist/gcd.sdc start 
I0407 09:42:08.908771 2608561 CmdCreateClock.cc:119] create clock core_clock for pin/port: clk
I0407 09:42:08.908803 2608561 Sta.cc:187] read sdc /data2/project_share/dataset_baseline/gcd/syn_netlist/gcd.sdc end 
I0407 09:42:08.908847 2608561 StaBuildGraph.cc:314] build graph start
I0407 09:42:08.924983 2608561 StaBuildGraph.cc:331] build graph end
I0407 09:42:08.926174 2608561 init_sta.cc:552] Net clk has 3 pins
I0407 09:42:08.926834 2608561 init_sta.cc:552] Net req_msg[31] has 2 pins
I0407 09:42:08.930181 2608561 init_sta.cc:552] Net req_msg[30] has 2 pins
I0407 09:42:08.930608 2608561 init_sta.cc:552] Net req_msg[29] has 2 pins
I0407 09:42:08.930977 2608561 init_sta.cc:552] Net req_msg[28] has 2 pins
I0407 09:42:08.931392 2608561 init_sta.cc:552] Net req_msg[27] has 2 pins
I0407 09:42:08.931852 2608561 init_sta.cc:552] Net req_msg[26] has 2 pins
I0407 09:42:08.932214 2608561 init_sta.cc:552] Net req_msg[25] has 2 pins
I0407 09:42:08.932608 2608561 init_sta.cc:552] Net req_msg[24] has 2 pins
I0407 09:42:08.933225 2608561 init_sta.cc:552] Net req_msg[23] has 2 pins
I0407 09:42:08.933790 2608561 init_sta.cc:552] Net req_msg[22] has 2 pins
I0407 09:42:08.934221 2608561 init_sta.cc:552] Net req_msg[21] has 2 pins
I0407 09:42:08.934623 2608561 init_sta.cc:552] Net req_msg[20] has 2 pins
I0407 09:42:08.934911 2608561 init_sta.cc:552] Net req_msg[19] has 2 pins
I0407 09:42:08.935290 2608561 init_sta.cc:552] Net req_msg[18] has 2 pins
I0407 09:42:08.935688 2608561 init_sta.cc:552] Net req_msg[17] has 2 pins
I0407 09:42:08.935974 2608561 init_sta.cc:552] Net req_msg[16] has 2 pins
I0407 09:42:08.936265 2608561 init_sta.cc:552] Net req_msg[15] has 2 pins
I0407 09:42:08.936666 2608561 init_sta.cc:552] Net req_msg[14] has 2 pins
I0407 09:42:08.937151 2608561 init_sta.cc:552] Net req_msg[13] has 2 pins
I0407 09:42:08.937595 2608561 init_sta.cc:552] Net req_msg[12] has 2 pins
I0407 09:42:08.938030 2608561 init_sta.cc:552] Net req_msg[11] has 2 pins
I0407 09:42:08.938444 2608561 init_sta.cc:552] Net req_msg[10] has 2 pins
I0407 09:42:08.938957 2608561 init_sta.cc:552] Net req_msg[9] has 2 pins
I0407 09:42:08.939544 2608561 init_sta.cc:552] Net req_msg[8] has 2 pins
I0407 09:42:08.940024 2608561 init_sta.cc:552] Net req_msg[7] has 2 pins
I0407 09:42:08.940349 2608561 init_sta.cc:552] Net req_msg[6] has 2 pins
I0407 09:42:08.940742 2608561 init_sta.cc:552] Net req_msg[5] has 2 pins
I0407 09:42:08.941246 2608561 init_sta.cc:552] Net req_msg[4] has 2 pins
I0407 09:42:08.941713 2608561 init_sta.cc:552] Net req_msg[3] has 2 pins
I0407 09:42:08.942059 2608561 init_sta.cc:552] Net req_msg[2] has 2 pins
I0407 09:42:08.942379 2608561 init_sta.cc:552] Net req_msg[1] has 2 pins
I0407 09:42:08.942749 2608561 init_sta.cc:552] Net req_msg[0] has 2 pins
I0407 09:42:08.943082 2608561 init_sta.cc:552] Net req_rdy has 2 pins
I0407 09:42:08.943401 2608561 init_sta.cc:552] Net req_val has 2 pins
I0407 09:42:08.943711 2608561 init_sta.cc:552] Net reset has 2 pins
I0407 09:42:08.943982 2608561 init_sta.cc:552] Net resp_msg[15] has 3 pins
I0407 09:42:08.944334 2608561 init_sta.cc:552] Net resp_msg[14] has 3 pins
I0407 09:42:08.944764 2608561 init_sta.cc:552] Net resp_msg[13] has 3 pins
I0407 09:42:08.945278 2608561 init_sta.cc:552] Net resp_msg[12] has 3 pins
I0407 09:42:08.945807 2608561 init_sta.cc:552] Net resp_msg[11] has 3 pins
I0407 09:42:08.946389 2608561 init_sta.cc:552] Net resp_msg[10] has 3 pins
I0407 09:42:08.946995 2608561 init_sta.cc:552] Net resp_msg[9] has 3 pins
I0407 09:42:08.947566 2608561 init_sta.cc:552] Net resp_msg[8] has 3 pins
I0407 09:42:08.948128 2608561 init_sta.cc:552] Net resp_msg[7] has 3 pins
I0407 09:42:08.948709 2608561 init_sta.cc:552] Net resp_msg[6] has 3 pins
I0407 09:42:08.949136 2608561 init_sta.cc:552] Net resp_msg[5] has 3 pins
I0407 09:42:08.949625 2608561 init_sta.cc:552] Net resp_msg[4] has 3 pins
I0407 09:42:08.950158 2608561 init_sta.cc:552] Net resp_msg[3] has 3 pins
I0407 09:42:08.950623 2608561 init_sta.cc:552] Net resp_msg[2] has 3 pins
I0407 09:42:08.951105 2608561 init_sta.cc:552] Net resp_msg[1] has 3 pins
I0407 09:42:08.951689 2608561 init_sta.cc:552] Net resp_msg[0] has 6 pins
I0407 09:42:08.952122 2608561 init_sta.cc:552] Net resp_rdy has 2 pins
I0407 09:42:08.952455 2608561 init_sta.cc:552] Net resp_val has 2 pins
I0407 09:42:08.953999 2608561 init_sta.cc:552] Net CTS_1 has 17 pins
I0407 09:42:08.956784 2608561 init_sta.cc:552] Net ctrl_b_mux_sel_0_ has 22 pins
I0407 09:42:08.958134 2608561 init_sta.cc:552] Net ctrl_b_reg_en_0_ has 2 pins
I0407 09:42:08.959800 2608561 init_sta.cc:552] Net ctrl_a_reg_en_0_ has 24 pins
I0407 09:42:08.961946 2608561 init_sta.cc:552] Net dpath_is_b_zero_0_ has 3 pins
I0407 09:42:08.962359 2608561 init_sta.cc:552] Net dpath_is_a_lt_b_0_ has 3 pins
I0407 09:42:08.962637 2608561 init_sta.cc:552] Net ctrl_a_mux_sel[1] has 2 pins
I0407 09:42:08.963068 2608561 init_sta.cc:552] Net ctrl_a_mux_sel[0] has 5 pins
I0407 09:42:08.963516 2608561 init_sta.cc:552] Net ctrl/FE_OFN1_ctrl_b_mux_sel_0 has 2 pins
I0407 09:42:08.963800 2608561 init_sta.cc:552] Net ctrl/n1 has 2 pins
I0407 09:42:08.964215 2608561 init_sta.cc:552] Net ctrl/n2 has 3 pins
I0407 09:42:08.964568 2608561 init_sta.cc:552] Net ctrl/n3 has 3 pins
I0407 09:42:08.964864 2608561 init_sta.cc:552] Net ctrl/n4 has 2 pins
I0407 09:42:08.965181 2608561 init_sta.cc:552] Net ctrl/n5 has 2 pins
I0407 09:42:08.965554 2608561 init_sta.cc:552] Net ctrl/state_out[1] has 4 pins
I0407 09:42:08.966302 2608561 init_sta.cc:552] Net ctrl/state_out[0] has 12 pins
I0407 09:42:08.966922 2608561 init_sta.cc:552] Net ctrl/next_state__0[1] has 2 pins
I0407 09:42:08.967212 2608561 init_sta.cc:552] Net ctrl/next_state__0[0] has 2 pins
I0407 09:42:08.967525 2608561 init_sta.cc:552] Net ctrl/state/n1 has 3 pins
I0407 09:42:08.968911 2608561 init_sta.cc:552] Net dpath/CTS_1 has 19 pins
I0407 09:42:08.970801 2608561 init_sta.cc:552] Net dpath/a_reg_out[15] has 5 pins
I0407 09:42:08.971513 2608561 init_sta.cc:552] Net dpath/a_reg_out[14] has 12 pins
I0407 09:42:08.972234 2608561 init_sta.cc:552] Net dpath/a_reg_out[13] has 5 pins
I0407 09:42:08.972955 2608561 init_sta.cc:552] Net dpath/a_reg_out[12] has 6 pins
I0407 09:42:08.973698 2608561 init_sta.cc:552] Net dpath/a_reg_out[11] has 8 pins
I0407 09:42:08.974321 2608561 init_sta.cc:552] Net dpath/a_reg_out[10] has 5 pins
I0407 09:42:08.975104 2608561 init_sta.cc:552] Net dpath/a_reg_out[9] has 9 pins
I0407 09:42:08.976045 2608561 init_sta.cc:552] Net dpath/a_reg_out[8] has 9 pins
I0407 09:42:08.977015 2608561 init_sta.cc:552] Net dpath/a_reg_out[7] has 11 pins
I0407 09:42:08.977849 2608561 init_sta.cc:552] Net dpath/a_reg_out[6] has 8 pins
I0407 09:42:08.978585 2608561 init_sta.cc:552] Net dpath/a_reg_out[5] has 8 pins
I0407 09:42:08.979377 2608561 init_sta.cc:552] Net dpath/a_reg_out[4] has 6 pins
I0407 09:42:08.980242 2608561 init_sta.cc:552] Net dpath/a_reg_out[3] has 6 pins
I0407 09:42:08.981138 2608561 init_sta.cc:552] Net dpath/a_reg_out[2] has 9 pins
I0407 09:42:08.981983 2608561 init_sta.cc:552] Net dpath/a_reg_out[1] has 6 pins
I0407 09:42:08.982694 2608561 init_sta.cc:552] Net dpath/a_reg_out[0] has 6 pins
I0407 09:42:08.983248 2608561 init_sta.cc:552] Net dpath/a_mux_out[15] has 2 pins
I0407 09:42:08.983520 2608561 init_sta.cc:552] Net dpath/a_mux_out[14] has 2 pins
I0407 09:42:08.983781 2608561 init_sta.cc:552] Net dpath/a_mux_out[13] has 2 pins
I0407 09:42:08.984094 2608561 init_sta.cc:552] Net dpath/a_mux_out[12] has 2 pins
I0407 09:42:08.984412 2608561 init_sta.cc:552] Net dpath/a_mux_out[11] has 2 pins
I0407 09:42:08.984723 2608561 init_sta.cc:552] Net dpath/a_mux_out[10] has 2 pins
I0407 09:42:08.985150 2608561 init_sta.cc:552] Net dpath/a_mux_out[9] has 2 pins
I0407 09:42:08.985641 2608561 init_sta.cc:552] Net dpath/a_mux_out[8] has 2 pins
I0407 09:42:08.986042 2608561 init_sta.cc:552] Net dpath/a_mux_out[7] has 2 pins
I0407 09:42:08.986402 2608561 init_sta.cc:552] Net dpath/a_mux_out[6] has 2 pins
I0407 09:42:08.986742 2608561 init_sta.cc:552] Net dpath/a_mux_out[5] has 2 pins
I0407 09:42:08.987095 2608561 init_sta.cc:552] Net dpath/a_mux_out[4] has 2 pins
I0407 09:42:08.987367 2608561 init_sta.cc:552] Net dpath/a_mux_out[3] has 2 pins
I0407 09:42:08.987542 2608561 init_sta.cc:552] Net dpath/a_mux_out[2] has 2 pins
I0407 09:42:08.987780 2608561 init_sta.cc:552] Net dpath/a_mux_out[1] has 2 pins
I0407 09:42:08.988049 2608561 init_sta.cc:552] Net dpath/a_mux_out[0] has 2 pins
I0407 09:42:08.988306 2608561 init_sta.cc:552] Net dpath/b_mux_out[15] has 2 pins
I0407 09:42:08.988519 2608561 init_sta.cc:552] Net dpath/b_mux_out[14] has 2 pins
I0407 09:42:08.988834 2608561 init_sta.cc:552] Net dpath/b_mux_out[13] has 2 pins
I0407 09:42:08.989081 2608561 init_sta.cc:552] Net dpath/b_mux_out[12] has 2 pins
I0407 09:42:08.989284 2608561 init_sta.cc:552] Net dpath/b_mux_out[11] has 2 pins
I0407 09:42:08.989421 2608561 init_sta.cc:552] Net dpath/b_mux_out[10] has 2 pins
I0407 09:42:08.989600 2608561 init_sta.cc:552] Net dpath/b_mux_out[9] has 2 pins
I0407 09:42:08.989854 2608561 init_sta.cc:552] Net dpath/b_mux_out[8] has 2 pins
I0407 09:42:08.990061 2608561 init_sta.cc:552] Net dpath/b_mux_out[7] has 2 pins
I0407 09:42:08.990247 2608561 init_sta.cc:552] Net dpath/b_mux_out[6] has 2 pins
I0407 09:42:08.990495 2608561 init_sta.cc:552] Net dpath/b_mux_out[5] has 2 pins
I0407 09:42:08.990765 2608561 init_sta.cc:552] Net dpath/b_mux_out[4] has 2 pins
I0407 09:42:08.991000 2608561 init_sta.cc:552] Net dpath/b_mux_out[3] has 2 pins
I0407 09:42:08.991302 2608561 init_sta.cc:552] Net dpath/b_mux_out[2] has 2 pins
I0407 09:42:08.991597 2608561 init_sta.cc:552] Net dpath/b_mux_out[1] has 2 pins
I0407 09:42:08.991850 2608561 init_sta.cc:552] Net dpath/b_mux_out[0] has 2 pins
I0407 09:42:08.992516 2608561 init_sta.cc:552] Net dpath/b_reg_out[15] has 7 pins
I0407 09:42:08.993585 2608561 init_sta.cc:552] Net dpath/b_reg_out[14] has 6 pins
I0407 09:42:08.994659 2608561 init_sta.cc:552] Net dpath/b_reg_out[13] has 7 pins
I0407 09:42:08.995676 2608561 init_sta.cc:552] Net dpath/b_reg_out[12] has 6 pins
I0407 09:42:08.996454 2608561 init_sta.cc:552] Net dpath/b_reg_out[11] has 7 pins
I0407 09:42:08.997359 2608561 init_sta.cc:552] Net dpath/b_reg_out[10] has 7 pins
I0407 09:42:08.998378 2608561 init_sta.cc:552] Net dpath/b_reg_out[9] has 6 pins
I0407 09:42:08.999405 2608561 init_sta.cc:552] Net dpath/b_reg_out[8] has 6 pins
I0407 09:42:09.000420 2608561 init_sta.cc:552] Net dpath/b_reg_out[7] has 12 pins
I0407 09:42:09.001379 2608561 init_sta.cc:552] Net dpath/b_reg_out[6] has 6 pins
I0407 09:42:09.002389 2608561 init_sta.cc:552] Net dpath/b_reg_out[5] has 10 pins
I0407 09:42:09.003465 2608561 init_sta.cc:552] Net dpath/b_reg_out[4] has 6 pins
I0407 09:42:09.004467 2608561 init_sta.cc:552] Net dpath/b_reg_out[3] has 6 pins
I0407 09:42:09.005431 2608561 init_sta.cc:552] Net dpath/b_reg_out[2] has 9 pins
I0407 09:42:09.006297 2608561 init_sta.cc:552] Net dpath/b_reg_out[1] has 6 pins
I0407 09:42:09.007385 2608561 init_sta.cc:552] Net dpath/b_reg_out[0] has 6 pins
I0407 09:42:09.008150 2608561 init_sta.cc:552] Net dpath/a_reg/n2 has 2 pins
I0407 09:42:09.008366 2608561 init_sta.cc:552] Net dpath/a_reg/n3 has 2 pins
I0407 09:42:09.008564 2608561 init_sta.cc:552] Net dpath/a_reg/n4 has 2 pins
I0407 09:42:09.008839 2608561 init_sta.cc:552] Net dpath/a_reg/n5 has 2 pins
I0407 09:42:09.009114 2608561 init_sta.cc:552] Net dpath/a_reg/n6 has 2 pins
I0407 09:42:09.009217 2608561 init_sta.cc:552] Net dpath/a_reg/n7 has 2 pins
I0407 09:42:09.009378 2608561 init_sta.cc:552] Net dpath/a_reg/n8 has 2 pins
I0407 09:42:09.009545 2608561 init_sta.cc:552] Net dpath/a_reg/n9 has 2 pins
I0407 09:42:09.009676 2608561 init_sta.cc:552] Net dpath/a_reg/n10 has 2 pins
I0407 09:42:09.009828 2608561 init_sta.cc:552] Net dpath/a_reg/n11 has 2 pins
I0407 09:42:09.010090 2608561 init_sta.cc:552] Net dpath/a_reg/n12 has 2 pins
I0407 09:42:09.010397 2608561 init_sta.cc:552] Net dpath/a_reg/n13 has 2 pins
I0407 09:42:09.010658 2608561 init_sta.cc:552] Net dpath/a_reg/n14 has 2 pins
I0407 09:42:09.010932 2608561 init_sta.cc:552] Net dpath/a_reg/n15 has 2 pins
I0407 09:42:09.011219 2608561 init_sta.cc:552] Net dpath/a_reg/n16 has 2 pins
I0407 09:42:09.011392 2608561 init_sta.cc:552] Net dpath/a_reg/n17 has 2 pins
