I0313 17:58:17.669261 673092 lm_feature_timing.cpp:80] node dpath/CTS_1:821580 resistance 68.052 cap 0.000426078 slew 0.000816304 delay 0.630229 power 0.000138049
I0313 17:58:17.657269 672980 lm_feature_timing.cpp:80] node dpath/a_lt_b/n1:377235 resistance 0 cap 0.00094238 slew 0.017306 delay 0 power 7.63328e-06
I0313 17:58:17.671876 673094 lm_feature_timing.cpp:80] node dpath/a_lt_b/U25:A1 resistance 51.36 cap 0.00046758 slew 0.0459835 delay 0.220303 power 3.42618e-05
I0313 17:58:17.669299 673078 lm_feature_timing.cpp:80] node dpath/a_mux_out[12]:829805 resistance 39.804 cap 0.000644101 slew 0.018929 delay 0.0387123 power 6.54078e-05
I0313 17:58:17.671890 672993 lm_feature_timing.cpp:80] node dpath/b_reg_out[14]:1169145 resistance 23.54 cap 0.00184601 slew 0.040176 delay 0.053795 power 0.000113174
I0313 17:58:17.657294 673080 lm_feature_timing.cpp:80] node dpath/a_mux_out[4]:721783 resistance 10.272 cap 0.00127036 slew 0.019269 delay 0.0141008 power 0.000125193
I0313 17:58:17.669339 672956 lm_feature_timing.cpp:80] node dpath/a_lt_b/n21:462046 resistance 43.228 cap 0.000401546 slew 0.0440891 delay 0.081044 power 1.42076e-05
I0313 17:58:17.653595 673079 lm_feature_timing.cpp:80] node dpath/a_mux_out[0]:734153 resistance 10.7 cap 0.00068071 slew 0.016457 delay 0.00846132 power 4.58404e-05
I0313 17:58:17.671950 673080 lm_feature_timing.cpp:80] node dpath/a_mux_out[4]:369799 resistance 0 cap 0.00147513 slew 0.019269 delay 0 power 0.000145373
I0313 17:58:17.589624 673007 lm_feature_timing.cpp:80] node dpath/b_reg/out_reg_11_:D resistance 29.532 cap 0.000564376 slew 0.018543 delay 0.0251574 power 2.82092e-05
I0313 17:58:17.671967 673078 lm_feature_timing.cpp:80] node dpath/a_mux_out[12]:823101 resistance 32.956 cap 0.000713598 slew 0.018929 delay 0.0343015 power 7.24651e-05
I0313 17:58:17.669438 673095 lm_feature_timing.cpp:80] node ctrl_a_mux_sel[0]:440103 resistance 47.508 cap 0.00126557 slew 0.0481361 delay 0.095617 power 4.09124e-05
I0313 17:58:17.669443 673096 lm_feature_timing.cpp:80] node dpath/b_reg_out[15]:1168301 resistance 27.392 cap 0.00405232 slew 0.0432434 delay 0.131985 power 0.000211244
I0313 17:58:17.669458 673021 lm_feature_timing.cpp:137] net dpath/a_mux/n11 resistance 14.552 cap 0.000734177 slew 0.000361244 delay 0.0048063 power 3.39136e-08
I0313 17:58:17.672039 673078 lm_feature_timing.cpp:80] node dpath/a_mux_out[12]:829805 resistance 39.804 cap 0.000644101 slew 0.018929 delay 0.0387123 power 6.54078e-05
I0313 17:58:17.589696 673076 lm_feature_timing.cpp:80] node dpath/a_lt_b/n6:384843 resistance 14.98 cap 0.000745569 slew 0.01385 delay 0.0134594 power 1.20782e-05
I0313 17:58:17.672061 673095 lm_feature_timing.cpp:80] node ctrl_a_mux_sel[0]:792063 resistance 47.508 cap 0.00131863 slew 0.0481361 delay 0.095617 power 4.26274e-05
I0313 17:58:17.672084 673021 lm_feature_timing.cpp:125] build net dpath/sub/n15 feature 
I0313 17:58:17.657511 673073 lm_feature_timing.cpp:80] node ctrl/state/n1:776021 resistance 16.692 cap 0.00151375 slew 2.72699e-05 delay 0.0259137 power 1.22614e-05
I0313 17:58:17.672109 673076 lm_feature_timing.cpp:80] node dpath/a_lt_b/n6:389033 resistance 10.7 cap 0.000941727 slew 0.01385 delay 0.0100765 power 1.5256e-05
I0313 17:58:17.669530 672972 lm_feature_timing.cpp:80] node dpath/a_lt_b/n23:486323 resistance 1.712 cap 0.000797725 slew 0.024902 delay 0.00136571 power 1.29231e-05
I0313 17:58:17.653811 673031 lm_feature_timing.cpp:80] node dpath/a_reg/n13:479563 resistance 0 cap 0.00126835 slew 0.019329 delay 0 power 7.78702e-05
I0313 17:58:17.657585 673025 lm_feature_timing.cpp:80] node dpath/a_mux/U8:ZN resistance 0 cap 0.000975925 slew 0.016524 delay 0 power 8.21555e-05
I0313 17:58:17.669566 673041 lm_feature_timing.cpp:80] node dpath/b_zero/n2:786259 resistance 20.116 cap 0.00136603 slew 0.01787 delay 0.0287672 power 4.42592e-05
I0313 17:58:17.669615 673090 lm_feature_timing.cpp:80] node dpath/a_lt_b/U2:ZN resistance 0 cap 0.00164057 slew 0.020978 delay 0 power 1.32886e-05
I0313 17:58:17.669611 673012 lm_feature_timing.cpp:80] node dpath/a_mux/n7:371469 resistance 11.128 cap 0.000676622 slew 0.036128 delay 0.0087603 power 3.85864e-05
I0313 17:58:17.719045 673090 lm_feature_timing.cpp:80] node dpath/a_lt_b/n32:475253 resistance 0 cap 0.00164057 slew 0.020978 delay 0 power 1.32886e-05
I0313 17:58:17.719077 673090 lm_feature_timing.cpp:80] node dpath/a_lt_b/n32:833917 resistance 6.848 cap 0.00157108 slew 0.020978 delay 0.0107587 power 1.27257e-05
I0313 17:58:17.719098 673090 lm_feature_timing.cpp:80] node dpath/a_lt_b/n32:834755 resistance 7.704 cap 0.000662555 slew 0.020978 delay 0.0113259 power 5.3667e-06
I0313 17:58:17.669606 673049 lm_feature_timing.cpp:80] node ctrl/U5:A1 resistance 15.408 cap 0.000595933 slew 0.029421 delay 0.0186562 power 3.03436e-05
I0313 17:58:17.719120 673041 lm_feature_timing.cpp:80] node dpath/b_zero/U3:Z resistance 0 cap 0.00163207 slew 0.01787 delay 0 power 5.28791e-05
I0313 17:58:17.654120 673043 lm_feature_timing.cpp:80] node dpath/a_reg/U3:ZN resistance 0 cap 0.000759415 slew 0.011477 delay 0 power 8.38235e-05
I0313 17:58:17.657683 673050 lm_feature_timing.cpp:80] node dpath/b_reg/n2:407417 resistance 0 cap 0.00094103 slew 0.017303 delay 0 power 4.34552e-05
I0313 17:58:17.669651 672999 lm_feature_timing.cpp:137] net dpath/a_reg/n14 resistance 65.912 cap 0.00121236 slew 0.0156894 delay 0.0291577 power 6.21415e-08
I0313 17:58:17.669665 673074 lm_feature_timing.cpp:137] net ctrl/n3 resistance 19.688 cap 0.00139018 slew 0.000271221 delay 0.00316441 power 2.52165e-08
I0313 17:58:17.719297 673050 lm_feature_timing.cpp:80] node dpath/b_reg/n2:407419 resistance 0.856 cap 0.000929088 slew 0.017303 delay 0.000795299 power 4.29037e-05
I0313 17:58:17.719324 673043 lm_feature_timing.cpp:80] node dpath/a_reg/n1:479387 resistance 0 cap 0.000759415 slew 0.011477 delay 0 power 8.38235e-05
I0313 17:58:17.719357 672999 lm_feature_timing.cpp:125] build net dpath/sub/n16 feature 
I0313 17:58:17.719357 673074 lm_feature_timing.cpp:125] build net dpath/sub/n17 feature 
I0313 17:58:17.719398 673050 lm_feature_timing.cpp:80] node dpath/b_reg/U18:Z resistance 0 cap 0.00094103 slew 0.017303 delay 0 power 4.34552e-05
I0313 17:58:17.719446 673043 lm_feature_timing.cpp:80] node dpath/a_reg/n1:479377 resistance 4.28 cap 0.000714584 slew 0.011477 delay 0.00305842 power 7.88751e-05
I0313 17:58:17.719558 673043 lm_feature_timing.cpp:80] node dpath/a_reg/n1:479387 resistance 0 cap 0.000759415 slew 0.011477 delay 0 power 8.38235e-05
I0313 17:58:17.669757 672967 lm_feature_timing.cpp:80] node ctrl/n1:1464919 resistance 1.284 cap 0.00113698 slew 0.029815 delay 0.00148368 power 1.84191e-05
I0313 17:58:17.657778 672982 lm_feature_timing.cpp:80] node dpath/a_lt_b/n24:482952 resistance 1.284 cap 0.00144605 slew 0.019989 delay 0.00185672 power 0
I0313 17:58:17.669786 673058 lm_feature_timing.cpp:80] node dpath/a_reg_out[1]:377193 resistance 38.092 cap 0.00136242 slew 0.0420913 delay 0.175095 power 7.4383e-05
I0313 17:58:17.669788 672958 lm_feature_timing.cpp:80] node dpath/a_reg/n11:478009 resistance 7.276 cap 0.000793423 slew 0.01698 delay 0.00577294 power 5.81379e-05
I0313 17:58:17.719725 672982 lm_feature_timing.cpp:80] node dpath/a_lt_b/n24:482965 resistance 6.848 cap 0.000743459 slew 0.019989 delay 0.00599333 power 0
I0313 17:58:17.719780 673058 lm_feature_timing.cpp:80] node dpath/a_reg_out[1]:729153 resistance 38.092 cap 0.0013908 slew 0.0420913 delay 0.175095 power 7.59328e-05
I0313 17:58:17.669822 673051 lm_feature_timing.cpp:80] node dpath/a_mux/U17:A2 resistance 41.944 cap 0.000572598 slew 0.0356292 delay 0.122835 power 2.80067e-05
I0313 17:58:17.719825 672982 lm_feature_timing.cpp:80] node dpath/a_lt_b/n24:482949 resistance 0 cap 0.0014621 slew 0.019989 delay 0 power 0
I0313 17:58:17.669899 673060 lm_feature_timing.cpp:80] node dpath/a_reg/n5:1087939 resistance 7.704 cap 0.00094847 slew 0.018395 delay 0.00791213 power 5.64014e-05
I0313 17:58:17.719872 673051 lm_feature_timing.cpp:80] node dpath/b_reg_out[2]:379766 resistance 41.944 cap 0.000580429 slew 0.0356292 delay 0.122835 power 2.83897e-05
I0313 17:58:17.657950 673053 lm_feature_timing.cpp:80] node dpath/a_reg_out[11]:484586 resistance 16.264 cap 0.000607275 slew 0.0394352 delay 0.0821516 power 3.72835e-05
I0313 17:58:17.657958 673039 lm_feature_timing.cpp:80] node dpath/a_mux/n5:381333 resistance 5.564 cap 0.000713231 slew 0.035087 delay 0.00410826 power 4.06741e-05
I0313 17:58:17.719944 673060 lm_feature_timing.cpp:80] node dpath/a_reg/n5:729275 resistance 0.856 cap 0.00108746 slew 0.018395 delay 0.000941092 power 6.46668e-05
I0313 17:58:17.669960 673034 lm_feature_timing.cpp:80] node dpath/a_lt_b/n37:479429 resistance 4.708 cap 0.00145908 slew 0.018123 delay 0.00686937 power 1.18186e-05
I0313 17:58:17.659469 673106 lm_feature_timing.cpp:80] node dpath/b_reg/n11:491388 resistance 33.384 cap 0.000669308 slew 0.019352 delay 0.0315071 power 3.54418e-05
I0313 17:58:17.720002 673039 lm_feature_timing.cpp:80] node dpath/a_mux/n5:381341 resistance 2.14 cap 0.000761782 slew 0.035087 delay 0.00166616 power 4.34428e-05
I0313 17:58:17.720033 673039 lm_feature_timing.cpp:80] node dpath/a_mux/n5:380503 resistance 1.284 cap 0.000789777 slew 0.035087 delay 0.00101407 power 4.50393e-05
I0313 17:58:17.720053 673106 lm_feature_timing.cpp:80] node dpath/b_reg/n11:470421 resistance 4.708 cap 0.00122685 slew 0.019352 delay 0.00577601 power 6.49653e-05
I0313 17:58:17.655143 673093 lm_feature_timing.cpp:80] node dpath/b_mux/n1:776271 resistance 29.104 cap 0.000667642 slew 0.0427555 delay 0.328655 power 1.08158e-05
I0313 17:58:17.720094 673106 lm_feature_timing.cpp:80] node dpath/b_reg/n11:822381 resistance 4.708 cap 0.00117791 slew 0.019352 delay 0.00577601 power 6.23737e-05
I0313 17:58:17.670042 673033 lm_feature_timing.cpp:80] node dpath/a_lt_b/n26:483778 resistance 0 cap 0.000774979 slew 0.022504 delay 0 power 2.28867e-05
I0313 17:58:17.720130 673106 lm_feature_timing.cpp:80] node dpath/b_reg/n11:470410 resistance 0 cap 0.00127579 slew 0.019352 delay 0 power 6.75569e-05
I0313 17:58:17.670090 673044 lm_feature_timing.cpp:80] node dpath/a_lt_b/n14:416800 resistance 5.136 cap 0.000630796 slew 0.020585 delay 0.00366104 power 5.10945e-06
I0313 17:58:17.659551 673109 lm_feature_timing.cpp:80] node dpath/a_reg_out[7]:777943 resistance 62.916 cap 0.000716612 slew 0.0402571 delay 0.140403 power 4.92165e-05
I0313 17:58:17.592880 672959 lm_feature_timing.cpp:80] node dpath/a_mux_out[10]:806385 resistance 20.116 cap 0.0010417 slew 0.019133 delay 0.0250121 power 8.43778e-06
I0313 17:58:17.670164 672975 lm_feature_timing.cpp:80] node dpath/a_reg/n18:809839 resistance 4.28 cap 0.0198711 slew 0.0502032 delay 0.0852144 power 0.000160956
I0313 17:58:17.720206 673093 lm_feature_timing.cpp:80] node dpath/b_mux/n1:1128231 resistance 29.104 cap 0.000704251 slew 0.0427555 delay 0.328655 power 1.14089e-05
I0313 17:58:17.720221 673109 lm_feature_timing.cpp:80] node dpath/a_reg_out[7]:1129903 resistance 62.916 cap 0.000761443 slew 0.0402571 delay 0.140403 power 5.22955e-05
I0313 17:58:17.720256 672975 lm_feature_timing.cpp:80] node dpath/a_reg/n18:1161799 resistance 4.28 cap 0.00993146 slew 0.0502032 delay 0.0852144 power 8.04448e-05
I0313 17:58:17.720266 672959 lm_feature_timing.cpp:80] node dpath/a_mux_out[10]:829011 resistance 43.228 cap 0.000815984 slew 0.019133 delay 0.0438711 power 6.60947e-06
I0313 17:58:17.670203 672997 lm_feature_timing.cpp:80] node dpath/a_reg_out[14]:484439 resistance 13.696 cap 0.000478098 slew 0.040448 delay 0.0569536 power 4.44198e-05
I0313 17:58:17.720301 672975 lm_feature_timing.cpp:80] node dpath/a_reg/n18:809001 resistance 3.424 cap 0.019883 slew 0.050203 delay 0.0682048 power 0.000161052
I0313 17:58:17.670228 672979 lm_feature_timing.cpp:80] node dpath/b_reg_out[5]:1092201 resistance 24.824 cap 0.000763726 slew 0.041096 delay 0.0500134 power 3.86864e-05
I0313 17:58:17.720306 673093 lm_feature_timing.cpp:80] node dpath/b_mux/n1:1128223 resistance 25.68 cap 0.000740859 slew 0.0427555 delay 0.326244 power 1.20019e-05
I0313 17:58:17.670284 673057 lm_feature_timing.cpp:80] node dpath/a_lt_b/n9:1093861 resistance 2.568 cap 0.000980768 slew 0.031625 delay 0.00259151 power 1.58884e-05
I0313 17:58:17.659788 673045 lm_feature_timing.cpp:80] node dpath/b_reg_out[4]:379045 resistance 64.2 cap 0.000656217 slew 0.0371373 delay 0.173455 power 3.28628e-05
I0313 17:58:17.670307 672969 lm_feature_timing.cpp:80] node dpath/b_mux_out[14]:462702 resistance 15.408 cap 0.000623546 slew 0.01702 delay 0.0113759 power 4.28561e-05
I0313 17:58:17.670207 673032 lm_feature_timing.cpp:80] node dpath/a_mux/n14:751953 resistance 10.272 cap 0.000708729 slew 0.036474 delay 0.00838272 power 4.04173e-05
I0313 17:58:17.720532 672969 lm_feature_timing.cpp:80] node dpath/b_mux/U16:Z resistance 0 cap 0.000907801 slew 0.01702 delay 0 power 6.23928e-05
I0313 17:58:17.665757 673066 lm_feature_timing.cpp:80] node dpath/b_mux_out[15]:446739 resistance 0 cap 0.000935596 slew 0.017135 delay 0 power 4.99538e-05
I0313 17:58:17.593160 672977 lm_feature_timing.cpp:80] node dpath/a_lt_b/n11:745281 resistance 7.704 cap 0.000636518 slew 0.030248 delay 0.00927981 power 1.03116e-05
I0313 17:58:17.670435 673024 lm_feature_timing.cpp:80] node ctrl/state_out[0]:771045 resistance 17.976 cap 0.00597172 slew 0.0498892 delay 0.110607 power 4.83709e-05
I0313 17:58:17.720615 673032 lm_feature_timing.cpp:80] node dpath/a_mux/n14:395803 resistance 14.552 cap 0.000619067 slew 0.036474 delay 0.0112242 power 3.53041e-05
I0313 17:58:17.665882 672978 lm_feature_timing.cpp:80] node dpath/b_reg_out[6]:402589 resistance 28.676 cap 0.000664439 slew 0.0373512 delay 0.0732992 power 3.40389e-05
I0313 17:58:17.665861 673029 lm_feature_timing.cpp:80] node dpath/a_mux/n9:431002 resistance 19.26 cap 0.000598903 slew 0.037386 delay 0.0153408 power 3.41542e-05
I0313 17:58:17.720721 673032 lm_feature_timing.cpp:80] node dpath/a_mux/n14:747763 resistance 14.552 cap 0.000663898 slew 0.036474 delay 0.0112242 power 3.78607e-05
I0313 17:58:17.665879 673101 lm_feature_timing.cpp:80] node dpath/a_reg/n12:1201161 resistance 44.512 cap 0.00077929 slew 0.020481 delay 0.0470454 power 2.5249e-07
I0313 17:58:17.720754 673024 lm_feature_timing.cpp:80] node ctrl/state_out[0]:1123005 resistance 17.976 cap 0.00603299 slew 0.0498892 delay 0.110607 power 4.88672e-05
I0313 17:58:17.720780 673032 lm_feature_timing.cpp:137] net dpath/a_mux/n14 resistance 31.672 cap 0.00092838 slew 0.00190883 delay 0.0119985 power 4.28843e-08
I0313 17:58:17.593307 673001 lm_feature_timing.cpp:80] node dpath/b_reg/n4:768621 resistance 12.412 cap 0.000666762 slew 0.01652 delay 0.0085469 power 3.26124e-05
I0313 17:58:17.720837 673024 lm_feature_timing.cpp:80] node ctrl/state_out[0]:1122991 resistance 11.984 cap 0.00609427 slew 0.0498892 delay 0.0744577 power 4.93636e-05
I0313 17:58:17.720860 673032 lm_feature_timing.cpp:125] build net dpath/sub/n18 feature 
I0313 17:58:17.670542 673087 lm_feature_timing.cpp:80] node dpath/a_mux/n16:434249 resistance 5.564 cap 0.000658375 slew 0.020149 delay 0.00398444 power 4.25668e-05
I0313 17:58:17.655920 673055 lm_feature_timing.cpp:80] node dpath/b_reg_out[12]:1175047 resistance 37.236 cap 0.00251857 slew 0.0348662 delay 0.125234 power 0.000127072
I0313 17:58:17.720902 673024 lm_feature_timing.cpp:80] node ctrl/state_out[0]:1123005 resistance 17.976 cap 0.00603299 slew 0.0498892 delay 0.110607 power 4.88672e-05
I0313 17:58:17.720937 673087 lm_feature_timing.cpp:80] node dpath/a_mux/n16:786209 resistance 5.564 cap 0.000711428 slew 0.020149 delay 0.00398444 power 4.59969e-05
I0313 17:58:17.720901 673029 lm_feature_timing.cpp:80] node dpath/a_mux/n9:431004 resistance 18.404 cap 0.000647454 slew 0.037386 delay 0.0148281 power 3.69229e-05
I0313 17:58:17.720968 673055 lm_feature_timing.cpp:80] node dpath/b_reg_out[12]:1175039 resistance 33.812 cap 0.00255518 slew 0.0348662 delay 0.116611 power 0.000128919
I0313 17:58:17.720983 673087 lm_feature_timing.cpp:80] node dpath/a_mux/placeFE_OFC4_n16:I resistance 7.704 cap 0.000609824 slew 0.020149 delay 0.00534141 power 3.94278e-05
I0313 17:58:17.720979 673001 lm_feature_timing.cpp:80] node dpath/b_reg/U16:Z resistance 0 cap 0.000817698 slew 0.01652 delay 0 power 3.99949e-05
I0313 17:58:17.670583 672995 lm_feature_timing.cpp:80] node dpath/a_mux/n1:455920 resistance 11.556 cap 0.000594792 slew 0.035457 delay 0.00823599 power 3.39198e-05
I0313 17:58:17.721035 673029 lm_feature_timing.cpp:80] node dpath/a_mux/n9:431004 resistance 18.404 cap 0.000647454 slew 0.037386 delay 0.0148281 power 3.69229e-05
I0313 17:58:17.670608 673028 lm_feature_timing.cpp:80] node dpath/a_lt_b/n4:738543 resistance 14.124 cap 0.000624869 slew 0.021374 delay 0.0103951 power 5.06144e-06
I0313 17:58:17.721130 672995 lm_feature_timing.cpp:80] node dpath/a_mux/n1:449217 resistance 4.28 cap 0.000770004 slew 0.035457 delay 0.00337874 power 4.39117e-05
I0313 17:58:17.721138 673029 lm_feature_timing.cpp:80] node dpath/a_mux/n9:434356 resistance 14.98 cap 0.000745337 slew 0.037386 delay 0.0126113 power 4.2505e-05
I0313 17:58:17.656020 673019 lm_feature_timing.cpp:80] node dpath/a_lt_b/n16:770445 resistance 0 cap 0.000754085 slew 0.024183 delay 0 power 1.22162e-05
I0313 17:58:17.721207 672995 lm_feature_timing.cpp:80] node dpath/a_mux/n1:801177 resistance 4.28 cap 0.000741617 slew 0.035457 delay 0.00337874 power 4.22929e-05
I0313 17:58:17.667654 673023 lm_feature_timing.cpp:80] node dpath/a_mux_out[8]:1173509 resistance 62.916 cap 0.000758429 slew 0.0212991 delay 0.0763435 power 8.86936e-05
I0313 17:58:17.670713 672989 lm_feature_timing.cpp:80] node dpath/b_reg/n12:841613 resistance 25.68 cap 0.00114208 slew 0.019979 delay 0.0293287 power 3.32009e-05
I0313 17:58:17.670710 673089 lm_feature_timing.cpp:80] node dpath/b_reg_out[9]:440251 resistance 80.036 cap 0.000623328 slew 0.043787 delay 0.30103 power 3.30071e-05
I0313 17:58:17.721277 673028 lm_feature_timing.cpp:80] node dpath/a_lt_b/n4:735191 resistance 10.7 cap 0.000661477 slew 0.021374 delay 0.00825553 power 5.35797e-06
I0313 17:58:17.667668 672955 lm_feature_timing.cpp:80] node dpath/a_reg/U17:Z resistance 0 cap 0.000891697 slew 0.01709 delay 0 power 5.09244e-05
I0313 17:58:17.587798 672964 lm_feature_timing.cpp:80] node dpath/a_mux/n2:792943 resistance 0 cap 0.000716951 slew 0.034079 delay 0 power 4.08862e-05
I0313 17:58:17.670764 673036 lm_feature_timing.cpp:80] node dpath/b_reg/n1:762017 resistance 204.156 cap 0.00260511 slew 0.0414223 delay 1.70175 power 6.58067e-05
I0313 17:58:17.721385 673023 lm_feature_timing.cpp:80] node dpath/a_mux_out[8]:1139113 resistance 9.844 cap 0.00171886 slew 0.021299 delay 0.0170546 power 0.00020101
I0313 17:58:17.670786 673018 lm_feature_timing.cpp:80] node dpath/b_reg/n9:776291 resistance 1.712 cap 0.000813196 slew 0.016665 delay 0.00139219 power 4.21269e-05
I0313 17:58:17.721434 673089 lm_feature_timing.cpp:80] node dpath/b_reg_out[9]:440253 resistance 80.892 cap 0.000611386 slew 0.043787 delay 0.301554 power 3.23747e-05
I0313 17:58:17.670799 673026 lm_feature_timing.cpp:80] node dpath/a_reg/U6:Z resistance 0 cap 0.00182668 slew 0.022647 delay 0 power 0.000119537
I0313 17:58:17.721482 673036 lm_feature_timing.cpp:80] node dpath/b_reg/n1:1113977 resistance 204.156 cap 0.00283905 slew 0.0414223 delay 1.70175 power 7.17161e-05
I0313 17:58:17.670848 673038 lm_feature_timing.cpp:80] node dpath/b_mux/U8:B1 resistance 51.788 cap 0.000659839 slew 0.0449412 delay 0.173325 power 4.38011e-05
I0313 17:58:17.721531 673089 lm_feature_timing.cpp:80] node dpath/b_reg/U9:B1 resistance 65.484 cap 0.000659839 slew 0.0437871 delay 0.304132 power 3.49404e-05
I0313 17:58:17.721541 673018 lm_feature_timing.cpp:80] node dpath/b_reg/n9:1128251 resistance 1.712 cap 0.000793032 slew 0.016665 delay 0.00139219 power 4.10823e-05
I0313 17:58:17.667969 672841 lm_feature_timing.cpp:80] node dpath/a_lt_b/U20:A2 resistance 16.692 cap 0.000581854 slew 0.022374 delay 0.0198011 power 4.71302e-06
I0313 17:58:17.721589 673038 lm_feature_timing.cpp:80] node dpath/a_reg_out[6]:755319 resistance 51.788 cap 0.000688225 slew 0.0449412 delay 0.173325 power 4.56854e-05
I0313 17:58:17.668005 672990 lm_feature_timing.cpp:80] node dpath/a_lt_b/n34:821329 resistance 2.996 cap 0.00102512 slew 0.019827 delay 0.00316863 power 8.30349e-06
I0313 17:58:17.670959 673071 lm_feature_timing.cpp:80] node dpath/a_lt_b/n7:736769 resistance 21.828 cap 0.00135725 slew 0.021289 delay 0.0343125 power 2.47359e-05
I0313 17:58:17.721671 672841 lm_feature_timing.cpp:80] node dpath/a_lt_b/n10:401694 resistance 16.692 cap 0.000589685 slew 0.022374 delay 0.0198011 power 4.77645e-06
I0313 17:58:17.670977 673015 lm_feature_timing.cpp:80] node dpath/a_reg_out[15]:1154841 resistance 27.392 cap 0.000761443 slew 0.027745 delay 0.0468099 power 5.32856e-05
I0313 17:58:17.670960 673000 lm_feature_timing.cpp:80] node dpath/b_zero/n1:411659 resistance 4.28 cap 0.0015702 slew 0.017815 delay 0.00672046 power 5.08745e-05
I0313 17:58:17.721735 673071 lm_feature_timing.cpp:80] node dpath/a_lt_b/n7:1088729 resistance 21.828 cap 0.00153364 slew 0.021289 delay 0.0343125 power 2.79505e-05
I0313 17:58:17.721750 672841 lm_feature_timing.cpp:80] node dpath/a_lt_b/n10:401693 resistance 16.264 cap 0.000597516 slew 0.022374 delay 0.0195487 power 4.83988e-06
I0313 17:58:17.671058 672985 lm_feature_timing.cpp:80] node dpath/a_mux_out[6]:396646 resistance 0 cap 0.0010558 slew 0.017149 delay 0 power 0.000113765
I0313 17:58:17.721778 673015 lm_feature_timing.cpp:80] node dpath/a_reg_out[15]:476057 resistance 10.272 cap 0.000672661 slew 0.027745 delay 0.0201222 power 4.70727e-05
I0313 17:58:17.668423 673104 lm_feature_timing.cpp:80] node dpath/a_lt_b/n18:484661 resistance 7.276 cap 0.0014337 slew 0.021423 delay 0.0104316 power 1.1613e-05
I0313 17:58:17.721819 672841 lm_feature_timing.cpp:80] node dpath/a_lt_b/n10:401694 resistance 16.692 cap 0.000589685 slew 0.022374 delay 0.0198011 power 4.77645e-06
I0313 17:58:17.721824 673000 lm_feature_timing.cpp:80] node dpath/b_zero/n1:763619 resistance 4.28 cap 0.00152537 slew 0.017815 delay 0.00672046 power 4.9422e-05
I0313 17:58:17.656423 672994 lm_feature_timing.cpp:80] node dpath/b_mux_out[1]:746763 resistance 0.428 cap 0.000885481 slew 0.017 delay 0.000382338 power 4.04672e-05
I0313 17:58:17.721850 672985 lm_feature_timing.cpp:80] node dpath/a_mux_out[6]:396647 resistance 0.428 cap 0.00104797 slew 0.017149 delay 0.000448531 power 0.000112921
I0313 17:58:17.668519 673054 lm_feature_timing.cpp:80] node dpath/a_reg_out[0]:372141 resistance 32.528 cap 0.000599655 slew 0.0390441 delay 0.0809783 power 2.76898e-05
I0313 17:58:17.668556 673091 lm_feature_timing.cpp:80] node dpath/b_reg/n6:756105 resistance 2.996 cap 0.00081848 slew 0.016914 delay 0.00254953 power 4.09889e-05
I0313 17:58:17.671233 673070 lm_feature_timing.cpp:137] net dpath/b_mux_out[4] resistance 33.384 cap 0.000910148 slew 0.00375609 delay 0.0123328 power 3.56294e-08
I0313 17:58:17.721940 672985 lm_feature_timing.cpp:80] node dpath/a_mux_out[6]:755313 resistance 8.132 cap 0.000962418 slew 0.017149 delay 0.007863 power 0.000103703
I0313 17:58:17.721958 673054 lm_feature_timing.cpp:80] node dpath/a_reg/U19:B1 resistance 19.688 cap 0.000659839 slew 0.0390441 delay 0.056163 power 3.04689e-05
I0313 17:58:17.721953 673091 lm_feature_timing.cpp:137] net dpath/b_reg/n6 resistance 31.672 cap 0.000883475 slew 0.00328954 delay 0.0114275 power 3.58374e-08
I0313 17:58:17.656641 672962 lm_feature_timing.cpp:80] node dpath/b_reg_out[10]:493846 resistance 0 cap 0.00539447 slew 0.039955 delay 0 power 0.00015682
I0313 17:58:17.722016 672985 lm_feature_timing.cpp:80] node dpath/a_mux_out[6]:1107273 resistance 8.132 cap 0.000884699 slew 0.017149 delay 0.007863 power 9.53285e-05
I0313 17:58:17.722055 673091 lm_feature_timing.cpp:125] build net dpath/sub/n20 feature 
I0313 17:58:17.668694 673110 lm_feature_timing.cpp:80] node dpath/a_mux/n4:792143 resistance 0 cap 0.000921722 slew 0.036398 delay 0 power 5.25639e-05
I0313 17:58:17.668787 673040 lm_feature_timing.cpp:80] node dpath/b_reg/n3:409903 resistance 1.284 cap 0.000768756 slew 0.016325 delay 0.000987083 power 3.71181e-05
I0313 17:58:17.671412 672991 lm_feature_timing.cpp:80] node dpath/a_lt_b/U34:ZN resistance 0 cap 0.00149703 slew 0.033561 delay 0 power 3.66422e-05
I0313 17:58:17.671406 673067 lm_feature_timing.cpp:80] node dpath/b_reg_out[8]:1160111 resistance 37.664 cap 0.00298939 slew 0.0374575 delay 0.163842 power 0.00015658
I0313 17:58:17.671404 673035 lm_feature_timing.cpp:80] node dpath/sub/n13:370479 resistance 3.852 cap 0.00164401 slew 0.017131 delay 0.00633271 power 8.92305e-05
I0313 17:58:17.722219 672991 lm_feature_timing.cpp:80] node dpath/a_lt_b/n35:486147 resistance 0 cap 0.00149703 slew 0.033561 delay 0 power 3.66422e-05
I0313 17:58:17.671453 673048 lm_feature_timing.cpp:80] node dpath/b_mux_out[12]:464417 resistance 1.284 cap 0.000737091 slew 0.01617 delay 0.000946425 power 3.68859e-05
I0313 17:58:17.722258 672991 lm_feature_timing.cpp:80] node dpath/a_lt_b/n35:486145 resistance 0.856 cap 0.00148509 slew 0.033561 delay 0.00127123 power 3.63499e-05
I0313 17:58:17.671471 672996 lm_feature_timing.cpp:80] node dpath/a_reg_out[13]:828893 resistance 38.52 cap 0.00236371 slew 0.0381302 delay 0.144682 power 0.00015468
I0313 17:58:17.656708 672961 lm_feature_timing.cpp:80] node dpath/a_reg/U17:A2 resistance 11.128 cap 0.000574604 slew 0.015615 delay 0.00766962 power 5.12596e-05
I0313 17:58:17.671483 673047 lm_feature_timing.cpp:80] node dpath/a_lt_b/n12:395001 resistance 12.412 cap 0.00065792 slew 0.020683 delay 0.011754 power 5.32916e-06
I0313 17:58:17.668870 673010 lm_feature_timing.cpp:80] node dpath/a_lt_b/n22:484639 resistance 20.544 cap 0.000612721 slew 0.047613 delay 0.0167785 power 1.5308e-05
I0313 17:58:17.668897 673030 lm_feature_timing.cpp:80] node dpath/a_reg_out[10]:463647 resistance 55.212 cap 0.000683723 slew 0.0393865 delay 0.217801 power 0
I0313 17:58:17.671552 672971 lm_feature_timing.cpp:80] node dpath/a_mux_out[7]:1139151 resistance 20.972 cap 0.000774091 slew 0.017289 delay 0.0186959 power 8.69679e-05
I0313 17:58:17.722395 672996 lm_feature_timing.cpp:80] node dpath/a_reg_out[13]:820513 resistance 47.08 cap 0.00161783 slew 0.0381302 delay 0.15853 power 0.00010587
I0313 17:58:17.671623 672976 lm_feature_timing.cpp:80] node CTS_1:776185 resistance 73.616 cap 0.000430189 slew 0.000313884 delay 0.326972 power 0.000139381
I0313 17:58:17.722453 672971 lm_feature_timing.cpp:80] node dpath/a_mux_out[7]:1139129 resistance 11.556 cap 0.000868255 slew 0.017289 delay 0.011407 power 9.75471e-05
I0313 17:58:17.722432 672961 lm_feature_timing.cpp:80] node dpath/a_mux_out[2]:386464 resistance 11.128 cap 0.00063999 slew 0.015615 delay 0.00766962 power 5.70926e-05
I0313 17:58:17.722489 672971 lm_feature_timing.cpp:80] node dpath/a_mux_out[7]:1139151 resistance 20.972 cap 0.000774091 slew 0.017289 delay 0.0186959 power 8.69679e-05
I0313 17:58:17.722491 672996 lm_feature_timing.cpp:80] node dpath/a_reg_out[13]:1172473 resistance 47.08 cap 0.000765945 slew 0.0381302 delay 0.15853 power 5.0123e-05
I0313 17:58:17.722518 672971 lm_feature_timing.cpp:80] node dpath/a_mux_out[7]:787169 resistance 11.556 cap 0.000921308 slew 0.017289 delay 0.011407 power 0.000103507
I0313 17:58:17.671672 673016 lm_feature_timing.cpp:80] node dpath/a_lt_b/U13:A2 resistance 12.84 cap 0.000574762 slew 0.018363 delay 0.0106584 power 4.65557e-06
I0313 17:58:17.722522 673030 lm_feature_timing.cpp:80] node dpath/a_reg_out[10]:818121 resistance 52.644 cap 0.000740496 slew 0.0393865 delay 0.215972 power 0
I0313 17:58:17.671697 673046 lm_feature_timing.cpp:80] node dpath/b_reg/n7:410073 resistance 8.988 cap 0.000908533 slew 0.017663 delay 0.00816589 power 4.60216e-05
I0313 17:58:17.722569 672996 lm_feature_timing.cpp:80] node dpath/a_reg_out[13]:815485 resistance 52.216 cap 0.000712892 slew 0.0381302 delay 0.162192 power 4.66513e-05
I0313 17:58:17.671721 673088 lm_feature_timing.cpp:80] node ctrl/n4:779437 resistance 17.976 cap 0.000752895 slew 0.029179 delay 0.0168448 power 5.49517e-05
I0313 17:58:17.722607 673030 lm_feature_timing.cpp:80] node dpath/a_reg_out[10]:1170081 resistance 52.644 cap 0.000785327 slew 0.0393865 delay 0.215972 power 0
I0313 17:58:17.671729 673105 lm_feature_timing.cpp:80] node dpath/b_mux_out[6]:404187 resistance 0.428 cap 0.000868646 slew 0.016905 delay 0.00037178 power 4.48164e-05
I0313 17:58:17.671753 673042 lm_feature_timing.cpp:80] node dpath/a_reg_out[12]:1170847 resistance 51.788 cap 0.000744998 slew 0.0441404 delay 0.190922 power 4.71433e-05
I0313 17:58:17.671770 673059 lm_feature_timing.cpp:80] node dpath/sub/n14:384737 resistance 0.856 cap 0.00233172 slew 0.024598 delay 0.00199595 power 1.88869e-05
I0313 17:58:17.671775 673077 lm_feature_timing.cpp:80] node ctrl_a_reg_en_0_:752845 resistance 269.212 cap 0.000662595 slew 0.0402399 delay 2.53901 power 5.36702e-06
I0313 17:58:17.671809 673017 lm_feature_timing.cpp:80] node dpath/b_mux_out[13]:816337 resistance 2.996 cap 0.000926592 slew 0.017469 delay 0.00287343 power 4.73696e-05
I0313 17:58:17.722786 673059 lm_feature_timing.cpp:80] node dpath/sub/n14:736697 resistance 0.856 cap 0.00231978 slew 0.024598 delay 0.00199595 power 1.87902e-05
I0313 17:58:17.671861 673100 lm_feature_timing.cpp:80] node clk:1764839 resistance 2.568 cap 0.00613259 slew 0.000117663 delay 0.0158341 power 0.00198696
I0313 17:58:17.722826 673017 lm_feature_timing.cpp:80] node dpath/b_mux_out[13]:464370 resistance 0 cap 0.000991587 slew 0.017469 delay 0 power 5.06923e-05
I0313 17:58:17.671898 673092 lm_feature_timing.cpp:80] node dpath/CTS_1:821579 resistance 67.624 cap 0.00761626 slew 0.000816304 delay 0.630047 power 0.00246767
I0313 17:58:17.671911 673094 lm_feature_timing.cpp:80] node dpath/a_reg_out[9]:477105 resistance 51.36 cap 0.000483633 slew 0.0459835 delay 0.220303 power 3.54381e-05
I0313 17:58:17.669348 673037 lm_feature_timing.cpp:80] node dpath/a_reg/n9:440276 resistance 0 cap 0.000728037 slew 0.016117 delay 0 power 5.00012e-05
I0313 17:58:17.722893 673092 lm_feature_timing.cpp:80] node dpath/CTS_1:821580 resistance 68.052 cap 0.000426078 slew 0.000816304 delay 0.630229 power 0.000138049
I0313 17:58:17.671947 672980 lm_feature_timing.cpp:80] node dpath/a_lt_b/n1:377223 resistance 5.136 cap 0.000889328 slew 0.017306 delay 0.00456759 power 7.20355e-06
I0313 17:58:17.722929 673092 lm_feature_timing.cpp:80] node dpath/CTS_1:439452 resistance 37.236 cap 0.000418247 slew 0.000676973 delay 0.376887 power 0.000135512
I0313 17:58:17.722921 673037 lm_feature_timing.cpp:137] net dpath/a_reg/n9 resistance 16.264 cap 0.000728037 slew 0.000835056 delay 0.00525495 power 4.0501e-08
I0313 17:58:17.671978 672956 lm_feature_timing.cpp:80] node dpath/a_lt_b/n21:479643 resistance 60.776 cap 0.000712561 slew 0.0440891 delay 0.0968518 power 2.5212e-05
I0313 17:58:17.671988 673080 lm_feature_timing.cpp:80] node dpath/a_mux_out[4]:369823 resistance 10.272 cap 0.00137274 slew 0.019269 delay 0.0141008 power 0.000135283
I0313 17:58:17.669433 673002 lm_feature_timing.cpp:80] node dpath/a_reg/n19:854229 resistance 9.844 cap 0.00089586 slew 1.44834e-05 delay 0.00912442 power 0
I0313 17:58:17.672026 673079 lm_feature_timing.cpp:80] node dpath/a_mux_out[0]:739181 resistance 15.836 cap 0.000627657 slew 0.016457 delay 0.011685 power 4.22677e-05
I0313 17:58:17.723017 672956 lm_feature_timing.cpp:80] node dpath/a_lt_b/n21:831603 resistance 60.776 cap 0.000888946 slew 0.0440891 delay 0.0968518 power 3.14529e-05
I0313 17:58:17.669502 672998 lm_feature_timing.cpp:80] node dpath/a_mux/n15:786269 resistance 1.712 cap 0.000925442 slew 0.036668 delay 0.00158436 power 5.27761e-05
I0313 17:58:17.672096 673096 lm_feature_timing.cpp:80] node dpath/b_reg_out[15]:804609 resistance 15.408 cap 0.00503948 slew 0.0432433 delay 0.0819977 power 0.000262704
I0313 17:58:17.672102 673078 lm_feature_timing.cpp:80] node dpath/a_mux_out[12]:823109 resistance 29.532 cap 0.00106187 slew 0.018929 delay 0.0317328 power 0.000107831
I0313 17:58:17.657521 673083 lm_feature_timing.cpp:80] node dpath/a_mux/n13:380713 resistance 14.552 cap 0.000705791 slew 0.035942 delay 0.0106487 power 4.02498e-05
I0313 17:58:17.723125 673002 lm_feature_timing.cpp:80] node dpath/a_reg/n19:860933 resistance 2.996 cap 0.000965357 slew 9.02853e-06 delay 0.00298957 power 0
I0313 17:58:17.723155 672998 lm_feature_timing.cpp:80] node dpath/a_mux/n15:784593 resistance 0 cap 0.000945607 slew 0.036668 delay 0 power 5.3926e-05
I0313 17:58:17.672253 673021 lm_feature_timing.cpp:80] node dpath/sub/n15:727541 resistance 17.976 cap 0.00138118 slew 0.022514 delay 0.0280115 power 9.73402e-05
I0313 17:58:17.723234 673002 lm_feature_timing.cpp:80] node dpath/a_reg/out_reg_10_:D resistance 23.968 cap 0.000585765 slew 1.70747e-05 delay 0.0187254 power 0
I0313 17:58:17.718852 672972 lm_feature_timing.cpp:80] node dpath/a_lt_b/n23:838283 resistance 1.712 cap 0.000777561 slew 0.024902 delay 0.00136571 power 1.25965e-05
I0313 17:58:17.723287 673021 lm_feature_timing.cpp:80] node dpath/sub/n15:1079501 resistance 17.976 cap 0.00154112 slew 0.022514 delay 0.0280115 power 0.000108612
I0313 17:58:17.718979 673025 lm_feature_timing.cpp:80] node dpath/a_mux_out[1]:378034 resistance 0 cap 0.000975925 slew 0.016524 delay 0 power 8.21555e-05
I0313 17:58:17.723311 673002 lm_feature_timing.cpp:80] node dpath/a_reg/n19:498930 resistance 18.832 cap 0.000675426 slew 1.68076e-05 delay 0.0157169 power 0
I0313 17:58:17.719246 673041 lm_feature_timing.cpp:80] node dpath/b_zero/n2:426786 resistance 0 cap 0.00163207 slew 0.01787 delay 0 power 5.28791e-05
I0313 17:58:17.719254 673049 lm_feature_timing.cpp:80] node ctrl/state_out[1]:437512 resistance 15.408 cap 0.000603764 slew 0.029421 delay 0.0186562 power 3.07424e-05
I0313 17:58:17.669728 673011 lm_feature_timing.cpp:80] node dpath/b_reg_out[1]:418307 resistance 0.856 cap 0.00484337 slew 0.036533 delay 0.00414592 power 0.000233854
I0313 17:58:17.723404 673041 lm_feature_timing.cpp:80] node dpath/b_zero/n2:426771 resistance 6.42 cap 0.00156669 slew 0.01787 delay 0.0100581 power 5.07606e-05
I0313 17:58:17.719460 673050 lm_feature_timing.cpp:80] node dpath/b_reg/n2:407417 resistance 0 cap 0.00094103 slew 0.017303 delay 0 power 4.34552e-05
I0313 17:58:17.669751 672974 lm_feature_timing.cpp:80] node dpath/a_lt_b/n19:460373 resistance 3.852 cap 0.0010249 slew 0.017501 delay 0.00394793 power 1.73676e-05
I0313 17:58:17.723457 673050 lm_feature_timing.cpp:137] net dpath/b_reg/n2 resistance 37.664 cap 0.00094103 slew 0.00492822 delay 0.0141112 power 3.51987e-08
I0313 17:58:17.723451 673049 lm_feature_timing.cpp:80] node ctrl/state_out[1]:437511 resistance 14.98 cap 0.000611595 slew 0.029421 delay 0.0183977 power 3.11411e-05
I0313 17:58:17.719727 672967 lm_feature_timing.cpp:80] node ctrl/n1:1485031 resistance 21.828 cap 0.000935927 slew 0.029815 delay 0.0207114 power 1.5162e-05
I0313 17:58:17.723528 673050 lm_feature_timing.cpp:125] build net dpath/sub/n22 feature 
I0313 17:58:17.722504 673091 lm_feature_timing.cpp:80] node dpath/sub/U12:B resistance 12.84 cap 0.00190425 slew 0.024344 delay 0.0260883 power 1.54244e-05
I0313 17:58:17.669842 672960 lm_feature_timing.cpp:80] node dpath/a_mux/n10:445979 resistance 10.272 cap 0.000770786 slew 0.037124 delay 0.00898029 power 4.39563e-05
I0313 17:58:17.723572 673049 lm_feature_timing.cpp:80] node ctrl/state_out[1]:437512 resistance 15.408 cap 0.000603764 slew 0.029421 delay 0.0186562 power 3.07424e-05
I0313 17:58:17.723587 672967 lm_feature_timing.cpp:80] node ctrl/n1:431661 resistance 26.108 cap 0.000637775 slew 0.029815 delay 0.0236457 power 1.03319e-05
I0313 17:58:17.719910 673051 lm_feature_timing.cpp:80] node dpath/b_reg_out[2]:379765 resistance 41.516 cap 0.00058826 slew 0.0356292 delay 0.122586 power 2.87728e-05
I0313 17:58:17.669935 673108 lm_feature_timing.cpp:80] node dpath/a_reg/n2:386366 resistance 0 cap 0.000751921 slew 0.016259 delay 0 power 3.47209e-05
I0313 17:58:17.719986 673060 lm_feature_timing.cpp:80] node dpath/a_reg/n5:735979 resistance 7.704 cap 0.00101797 slew 0.018395 delay 0.00791213 power 6.05341e-05
I0313 17:58:17.723665 672967 lm_feature_timing.cpp:80] node ctrl/n1:783621 resistance 26.108 cap 0.000666161 slew 0.029815 delay 0.0236457 power 1.07918e-05
I0313 17:58:17.720060 673039 lm_feature_timing.cpp:80] node dpath/a_mux/U11:ZN resistance 0 cap 0.00080583 slew 0.035087 delay 0 power 4.59548e-05
I0313 17:58:17.723702 673060 lm_feature_timing.cpp:80] node dpath/a_reg/n5:377315 resistance 0.856 cap 0.00109941 slew 0.018395 delay 0.000941092 power 6.53769e-05
I0313 17:58:17.723704 672960 lm_feature_timing.cpp:80] node dpath/a_mux/U22:B resistance 18.832 cap 0.000586961 slew 0.037124 delay 0.0147403 power 3.34732e-05
I0313 17:58:17.723740 673039 lm_feature_timing.cpp:80] node dpath/a_mux/n5:381333 resistance 5.564 cap 0.000713231 slew 0.035087 delay 0.00410826 power 4.06741e-05
I0313 17:58:17.659533 673065 lm_feature_timing.cpp:80] node dpath/a_mux/FE_OFN5_n18:790491 resistance 45.796 cap 0.0014979 slew 0.0317631 delay 0.418086 power 9.68456e-05
I0313 17:58:17.723778 673039 lm_feature_timing.cpp:80] node dpath/a_mux/n5:733293 resistance 5.564 cap 0.000676622 slew 0.035087 delay 0.00410826 power 3.85864e-05
I0313 17:58:17.720165 673106 lm_feature_timing.cpp:80] node dpath/b_reg/n11:470421 resistance 4.708 cap 0.00122685 slew 0.019352 delay 0.00577601 power 6.49653e-05
I0313 17:58:17.723798 673039 lm_feature_timing.cpp:137] net dpath/a_mux/n5 resistance 19.688 cap 0.00080583 slew 0.000670855 delay 0.00681233 power 3.72234e-08
I0313 17:58:17.720220 673033 lm_feature_timing.cpp:80] node dpath/a_lt_b/n26:483765 resistance 7.276 cap 0.000701371 slew 0.022504 delay 0.00510318 power 2.07129e-05
I0313 17:58:17.723829 673039 lm_feature_timing.cpp:125] build net dpath/sub/n23 feature 
I0313 17:58:17.720223 673044 lm_feature_timing.cpp:80] node dpath/a_lt_b/U19:ZN resistance 0 cap 0.00162292 slew 0.020585 delay 0 power 1.31457e-05
I0313 17:58:17.720301 673109 lm_feature_timing.cpp:80] node dpath/a_reg_out[7]:775429 resistance 65.484 cap 0.000688225 slew 0.0402571 delay 0.142171 power 4.7267e-05
I0313 17:58:17.723858 673106 lm_feature_timing.cpp:80] node dpath/b_reg/n11:491375 resistance 27.82 cap 0.000726472 slew 0.019352 delay 0.027783 power 3.84688e-05
I0313 17:58:17.670217 672981 lm_feature_timing.cpp:80] node dpath/b_mux_out[0]:407395 resistance 14.124 cap 0.000656043 slew 0.017178 delay 0.0112442 power 2.72197e-05
I0313 17:58:17.720314 672959 lm_feature_timing.cpp:80] node dpath/a_mux_out[10]:806385 resistance 20.116 cap 0.0010417 slew 0.019133 delay 0.0250121 power 8.43778e-06
I0313 17:58:17.723907 673044 lm_feature_timing.cpp:80] node dpath/a_lt_b/n14:415116 resistance 0 cap 0.00162292 slew 0.020585 delay 0 power 1.31457e-05
I0313 17:58:17.593025 672987 lm_feature_timing.cpp:80] node dpath/a_mux/FE_OFN3_ctrl_a_mux_sel_1:734307 resistance 110.852 cap 0.0037575 slew 0.0264799 delay 0.847364 power 0.000121469
I0313 17:58:17.723946 672981 lm_feature_timing.cpp:80] node dpath/b_mux_out[0]:409076 resistance 17.976 cap 0.000615324 slew 0.017178 delay 0.0136144 power 2.55303e-05
I0313 17:58:17.720357 672979 lm_feature_timing.cpp:80] node dpath/b_reg_out[5]:1092211 resistance 29.104 cap 0.000718895 slew 0.041096 delay 0.0530902 power 3.64155e-05
I0313 17:58:17.723976 672981 lm_feature_timing.cpp:137] net dpath/b_mux_out[0] resistance 35.952 cap 0.000942254 slew 0.0041871 delay 0.0136144 power 3.10691e-08
I0313 17:58:17.659603 672954 lm_feature_timing.cpp:80] node dpath/a_lt_b/n13:387459 resistance 1.712 cap 0.000882318 slew 0.031831 delay 0.00151053 power 2.81526e-05
I0313 17:58:17.724004 673039 lm_feature_timing.cpp:80] node dpath/sub/U31:CI resistance 32.528 cap 0.00138207 slew 0.0171121 delay 0.0553547 power 0.000180006
I0313 17:58:17.724018 672981 lm_feature_timing.cpp:125] build net dpath/sub/n24 feature 
I0313 17:58:17.720455 673057 lm_feature_timing.cpp:80] node dpath/a_lt_b/n9:739387 resistance 0 cap 0.00103754 slew 0.031625 delay 0 power 1.68082e-05
I0313 17:58:17.724046 673039 lm_feature_timing.cpp:80] node dpath/sub/n23:746177 resistance 32.528 cap 0.00155023 slew 0.0171121 delay 0.0553547 power 0.000201908
I0313 17:58:17.670451 673102 lm_feature_timing.cpp:80] node dpath/b_reg_out[3]:1100537 resistance 38.092 cap 0.000848264 slew 0.0411981 delay 0.0743595 power 4.19896e-05
I0313 17:58:17.724066 672979 lm_feature_timing.cpp:80] node dpath/a_lt_b/U20:A1 resistance 10.272 cap 0.000566143 slew 0.041096 delay 0.0227359 power 2.86779e-05
I0313 17:58:17.724077 672954 lm_feature_timing.cpp:80] node dpath/a_lt_b/n13:387459 resistance 1.712 cap 0.000882318 slew 0.031831 delay 0.00151053 power 2.81526e-05
I0313 17:58:17.720715 672977 lm_feature_timing.cpp:80] node dpath/a_lt_b/n11:747795 resistance 5.136 cap 0.00148856 slew 0.030248 delay 0.00764523 power 2.41146e-05
I0313 17:58:17.724149 672979 lm_feature_timing.cpp:80] node dpath/b_reg_out[5]:404211 resistance 10.272 cap 0.000610974 slew 0.041096 delay 0.0227359 power 3.09488e-05
I0313 17:58:17.665906 672968 lm_feature_timing.cpp:80] node dpath/b_mux_out[8]:793861 resistance 5.564 cap 0.00104992 slew 0.018669 delay 0.00615984 power 5.65817e-05
I0313 17:58:17.724182 672981 lm_feature_timing.cpp:80] node dpath/sub/n24:400087 resistance 0.856 cap 0.00226594 slew 0.024336 delay 0.00193965 power 1.83541e-05
I0313 17:58:17.666026 672992 lm_feature_timing.cpp:80] node dpath/b_reg/n8:1120751 resistance 25.68 cap 0.000790094 slew 0.018037 delay 0.0209421 power 4.04762e-05
I0313 17:58:17.659807 673004 lm_feature_timing.cpp:80] node dpath/b_reg/n5:419196 resistance 0 cap 0.00078481 slew 0.016388 delay 0 power 3.88486e-05
I0313 17:58:17.670527 673003 lm_feature_timing.cpp:80] node ctrl/next_state__0[1]:776041 resistance 19.688 cap 0.000561098 slew 0.030897 delay 0.0144182 power 2.85699e-05
I0313 17:58:17.666093 672970 lm_feature_timing.cpp:80] node dpath/b_reg_out[0]:763587 resistance 39.376 cap 0.000803373 slew 0.0405594 delay 0.141174 power 3.70984e-05
I0313 17:58:17.724259 672968 lm_feature_timing.cpp:80] node dpath/b_mux_out[8]:462021 resistance 29.532 cap 0.000627657 slew 0.018669 delay 0.0256791 power 3.38252e-05
I0313 17:58:17.720989 673024 lm_feature_timing.cpp:80] node ctrl/U5:A2 resistance 10.272 cap 0.000596047 slew 0.049889 delay 0.0071743 power 4.82798e-06
I0313 17:58:17.670578 672965 lm_feature_timing.cpp:80] node dpath/b_zero/n4:1137363 resistance 23.112 cap 0.0010543 slew 0.016176 delay 0.0273194 power 3.41594e-05
I0313 17:58:17.724305 673003 lm_feature_timing.cpp:80] node ctrl/next_state__0[1]:778555 resistance 17.12 cap 0.000589485 slew 0.030897 delay 0.0129773 power 3.00153e-05
I0313 17:58:17.721046 673087 lm_feature_timing.cpp:80] node dpath/a_mux/n16:432574 resistance 7.704 cap 0.000634099 slew 0.020149 delay 0.00534141 power 4.09973e-05
I0313 17:58:17.670600 673063 lm_feature_timing.cpp:80] node dpath/b_reg_out[11]:440151 resistance 81.748 cap 0.00058826 slew 0.0414827 delay 0.274394 power 2.9403e-05
I0313 17:58:17.724336 672968 lm_feature_timing.cpp:80] node dpath/b_mux_out[8]:460337 resistance 24.396 cap 0.00068071 slew 0.018669 delay 0.0224555 power 3.66843e-05
I0313 17:58:17.721091 673001 lm_feature_timing.cpp:80] node dpath/b_reg/n4:407436 resistance 0 cap 0.000817698 slew 0.01652 delay 0 power 3.99949e-05
I0313 17:58:17.724370 673003 lm_feature_timing.cpp:80] node ctrl/next_state__0[1]:1130515 resistance 17.12 cap 0.000749426 slew 0.030897 delay 0.0129773 power 3.81591e-05
I0313 17:58:17.666455 673069 lm_feature_timing.cpp:80] node dpath/a_lt_b/U23:B2 resistance 35.096 cap 0.000718455 slew 0.0405131 delay 0.0937418 power 3.72189e-05
I0313 17:58:17.724397 673063 lm_feature_timing.cpp:80] node dpath/b_reg_out[11]:440152 resistance 82.176 cap 0.000580429 slew 0.0414827 delay 0.274642 power 2.90115e-05
I0313 17:58:17.670672 672963 lm_feature_timing.cpp:80] node dpath/a_lt_b/n15:417652 resistance 11.984 cap 0.000583364 slew 0.021785 delay 0.0102526 power 4.72525e-06
I0313 17:58:17.721271 672995 lm_feature_timing.cpp:80] node dpath/a_mux/U4:ZN resistance 0 cap 0.000838719 slew 0.035457 delay 0 power 4.78304e-05
I0313 17:58:17.721262 673029 lm_feature_timing.cpp:80] node dpath/a_mux/U20:B resistance 19.26 cap 0.000586961 slew 0.037386 delay 0.0153408 power 3.34732e-05
I0313 17:58:17.721311 673019 lm_feature_timing.cpp:80] node dpath/a_lt_b/n16:424345 resistance 8.56 cap 0.000611371 slew 0.024183 delay 0.00569383 power 9.9042e-06
I0313 17:58:17.724462 673001 lm_feature_timing.cpp:80] node dpath/b_reg/n4:768621 resistance 12.412 cap 0.000666762 slew 0.01652 delay 0.0085469 power 3.26124e-05
I0313 17:58:17.724478 672963 lm_feature_timing.cpp:80] node dpath/a_lt_b/n15:417653 resistance 11.556 cap 0.000591195 slew 0.021785 delay 0.0100029 power 4.78868e-06
I0313 17:58:17.724509 673029 lm_feature_timing.cpp:80] node dpath/a_mux/n9:431002 resistance 19.26 cap 0.000598903 slew 0.037386 delay 0.0153408 power 3.41542e-05
I0313 17:58:17.670790 673064 lm_feature_timing.cpp:80] node dpath/b_mux_out[3]:404132 resistance 0 cap 0.000884699 slew 0.016915 delay 0 power 4.25854e-05
I0313 17:58:17.721450 672964 lm_feature_timing.cpp:80] node dpath/a_mux/n2:797971 resistance 5.136 cap 0.000663898 slew 0.034079 delay 0.00340978 power 3.78607e-05
I0313 17:58:17.667790 672983 lm_feature_timing.cpp:80] node ctrl_b_reg_en_0_:432518 resistance 0 cap 0.000671179 slew 0.027947 delay 0 power 1.69544e-05
I0313 17:58:17.724570 672963 lm_feature_timing.cpp:80] node dpath/a_lt_b/n15:426871 resistance 2.14 cap 0.00165867 slew 0.021785 delay 0.00354955 power 1.34352e-05
I0313 17:58:17.721465 672955 lm_feature_timing.cpp:80] node dpath/a_reg/n4:388995 resistance 0 cap 0.000891697 slew 0.01709 delay 0 power 5.09244e-05
I0313 17:58:17.667806 673008 lm_feature_timing.cpp:80] node dpath/b_mux_out[10]:464488 resistance 0 cap 0.00068071 slew 0.01565 delay 0 power 8.27062e-06
I0313 17:58:17.724617 673064 lm_feature_timing.cpp:80] node dpath/b_mux_out[3]:404131 resistance 0.428 cap 0.000876868 slew 0.016915 delay 0.000375299 power 4.22084e-05
I0313 17:58:17.724634 672963 lm_feature_timing.cpp:80] node dpath/a_lt_b/n15:778831 resistance 2.14 cap 0.00163439 slew 0.021785 delay 0.00354955 power 1.32386e-05
I0313 17:58:17.724635 672955 lm_feature_timing.cpp:137] net dpath/a_reg/n4 resistance 32.528 cap 0.000891697 slew 0.00344032 delay 0.0118058 power 4.12488e-08
I0313 17:58:17.721575 673036 lm_feature_timing.cpp:80] node dpath/b_reg/n1:769483 resistance 160.5 cap 0.000667642 slew 0.041422 delay 1.55215 power 1.68651e-05
I0313 17:58:17.721597 673089 lm_feature_timing.cpp:80] node dpath/b_reg_out[9]:820685 resistance 65.484 cap 0.00070467 slew 0.0437871 delay 0.304132 power 3.73143e-05
I0313 17:58:17.724700 672955 lm_feature_timing.cpp:125] build net dpath/sub/n25 feature 
I0313 17:58:17.670964 673081 lm_feature_timing.cpp:80] node dpath/b_reg/n14:819763 resistance 8.132 cap 0.00124603 slew 0.020042 delay 0.0107982 power 6.28675e-05
I0313 17:58:17.670976 673075 lm_feature_timing.cpp:80] node dpath/a_reg/U5:A2 resistance 22.256 cap 0.000574604 slew 0.016859 delay 0.0176927 power 6.60502e-05
I0313 17:58:17.721686 673038 lm_feature_timing.cpp:80] node dpath/a_reg_out[6]:752805 resistance 49.22 cap 0.000716612 slew 0.0449412 delay 0.171558 power 4.75698e-05
I0313 17:58:17.724740 673036 lm_feature_timing.cpp:80] node dpath/b_reg/n1:1121443 resistance 160.5 cap 0.00518997 slew 0.041422 delay 1.55215 power 0.000131102
I0313 17:58:17.668354 673098 lm_feature_timing.cpp:80] node dpath/a_reg_out[8]:798137 resistance 24.396 cap 0.00418777 slew 0.0475415 delay 0.156357 power 0.000297236
I0313 17:58:17.671000 672988 lm_feature_timing.cpp:80] node dpath/a_mux_out[13]:469392 resistance 20.116 cap 0.000631768 slew 0.016793 delay 0.0156541 power 6.68843e-05
I0313 17:58:17.724790 673038 lm_feature_timing.cpp:80] node dpath/a_reg_out[6]:755319 resistance 51.788 cap 0.000688225 slew 0.0449412 delay 0.173325 power 4.56854e-05
I0313 17:58:17.671118 673013 lm_feature_timing.cpp:137] net dpath/a_lt_b/n17 resistance 58.208 cap 0.00113098 slew 0.00791763 delay 0.024659 power 3.66525e-08
I0313 17:58:17.721849 673015 lm_feature_timing.cpp:80] node dpath/a_reg_out[15]:828017 resistance 10.272 cap 0.00145341 slew 0.027745 delay 0.0201222 power 0.000101709
I0313 17:58:17.721866 673104 lm_feature_timing.cpp:80] node dpath/a_lt_b/n18:484659 resistance 8.132 cap 0.000778978 slew 0.021423 delay 0.0110984 power 6.30972e-06
I0313 17:58:17.724856 673038 lm_feature_timing.cpp:80] node dpath/a_reg_out[6]:752819 resistance 43.228 cap 0.00074234 slew 0.0449412 delay 0.166897 power 4.92776e-05
I0313 17:58:17.721896 673000 lm_feature_timing.cpp:80] node dpath/b_zero/n1:411649 resistance 0 cap 0.00161503 slew 0.017815 delay 0 power 5.2327e-05
I0313 17:58:17.724890 673015 lm_feature_timing.cpp:80] node dpath/a_reg_out[15]:820475 resistance 2.568 cap 0.00344711 slew 0.027745 delay 0.00892508 power 0.000241228
I0313 17:58:17.671257 672966 lm_feature_timing.cpp:80] node dpath/a_mux/U27:B1 resistance 94.588 cap 0.000647571 slew 0.0377072 delay 0.734065 power 4.18683e-05
I0313 17:58:17.668617 673085 lm_feature_timing.cpp:80] node dpath/b_mux/U7:Z resistance 0 cap 0.00109025 slew 0.018108 delay 0 power 5.49966e-05
I0313 17:58:17.721988 673070 lm_feature_timing.cpp:125] build net dpath/sub/n19 feature 
I0313 17:58:17.721956 672994 lm_feature_timing.cpp:80] node dpath/b_mux_out[1]:394802 resistance 0 cap 0.000901143 slew 0.017 delay 0 power 4.1183e-05
I0313 17:58:17.671277 673107 lm_feature_timing.cpp:80] node ctrl/U8:ZN resistance 0 cap 0.00150141 slew 0.023799 delay 0 power 1.21614e-05
I0313 17:58:17.725015 672966 lm_feature_timing.cpp:80] node dpath/a_mux/FE_OFN4_n16:730141 resistance 94.588 cap 0.000659513 slew 0.0377072 delay 0.734065 power 4.26404e-05
I0313 17:58:17.671337 673086 lm_feature_timing.cpp:80] node dpath/a_reg_out[4]:1091407 resistance 36.38 cap 0.0054581 slew 0.0490071 delay 0.229129 power 0.000337201
