I0313 15:30:58.095786 469578 lm_feature_timing.cpp:80] node dpath/b_reg/U7:Z resistance 0 cap 0.00114658 slew 0.018543 delay 0 power 0.000147533
I0313 15:30:58.092203 469493 lm_feature_timing.cpp:80] node dpath/b_reg/n12:464513 resistance 0 cap 0.00139247 slew 0.019979 delay 0 power 0.000121473
I0313 15:30:58.095819 469554 lm_feature_timing.cpp:80] node dpath/b_mux_out[0]:394828 resistance 0 cap 0.000942254 slew 0.017178 delay 0 power 0.000106787
I0313 15:30:58.089767 469539 lm_feature_timing.cpp:80] node dpath/a_mux/n1:799507 resistance 0 cap 0.000838719 slew 0.035457 delay 0 power 4.78304e-05
I0313 15:30:58.095851 469578 lm_feature_timing.cpp:80] node dpath/b_reg/n13:464468 resistance 0 cap 0.00114658 slew 0.018543 delay 0 power 0.000147533
I0313 15:30:58.095855 469483 lm_feature_timing.cpp:80] node dpath/b_zero/U2:A4 resistance 64.628 cap 0.000460965 slew 0.0414827 delay 0.238763 power 5.93133e-05
I0313 15:30:58.092233 469531 lm_feature_timing.cpp:80] node dpath/a_lt_b/n36:470223 resistance 20.544 cap 0.000643873 slew 0.045927 delay 0.0169087 power 1.54728e-05
I0313 15:30:58.092252 469528 lm_feature_timing.cpp:80] node dpath/a_mux_out[3]:377280 resistance 0 cap 0.000762931 slew 0.015352 delay 0 power 7.16551e-05
I0313 15:30:58.095896 469578 lm_feature_timing.cpp:80] node dpath/b_reg/n13:844085 resistance 29.532 cap 0.000847649 slew 0.018543 delay 0.0251574 power 0.000109069
I0313 15:30:58.095906 469483 lm_feature_timing.cpp:80] node dpath/b_reg_out[11]:448583 resistance 64.628 cap 0.000530462 slew 0.0414827 delay 0.238763 power 6.82556e-05
I0313 15:30:58.092267 469463 lm_feature_timing.cpp:80] node dpath/a_lt_b/n2:731687 resistance 0 cap 0.000709511 slew 0.023105 delay 0 power 1.14941e-05
I0313 15:30:58.095918 469531 lm_feature_timing.cpp:80] node dpath/a_lt_b/n36:471057 resistance 17.976 cap 0.00067226 slew 0.045927 delay 0.0152552 power 1.61549e-05
I0313 15:30:58.092270 469576 lm_feature_timing.cpp:80] node dpath/a_lt_b/U4:I resistance 23.968 cap 0.000599444 slew 0.0393864 delay 0.121154 power 0
I0313 15:30:58.092300 469558 lm_feature_timing.cpp:80] node dpath/a_reg/n4:389003 resistance 3.424 cap 0.000855089 slew 0.01709 delay 0.00292782 power 4.88337e-05
I0313 15:30:58.095942 469528 lm_feature_timing.cpp:80] node dpath/a_mux_out[3]:379810 resistance 9.416 cap 0.000668768 slew 0.015352 delay 0.00629712 power 6.28112e-05
I0313 15:30:58.089824 469594 lm_feature_timing.cpp:80] node ctrl/n4:423287 resistance 22.256 cap 0.000663233 slew 0.029179 delay 0.0198754 power 4.84075e-05
I0313 15:30:58.095970 469463 lm_feature_timing.cpp:80] node dpath/a_lt_b/n2:737553 resistance 5.992 cap 0.000648236 slew 0.023105 delay 0.00388423 power 1.05014e-05
I0313 15:30:58.089841 469448 lm_feature_timing.cpp:80] node dpath/a_lt_b/n22:484639 resistance 20.544 cap 0.000612721 slew 0.047613 delay 0.0167785 power 1.5308e-05
I0313 15:30:58.092356 469519 lm_feature_timing.cpp:80] node dpath/a_mux/FE_OFN5_n18:790491 resistance 45.796 cap 0.0014979 slew 0.0317631 delay 0.418086 power 9.68456e-05
I0313 15:30:58.089881 469579 lm_feature_timing.cpp:80] node dpath/b_reg/n11:470421 resistance 4.708 cap 0.00122685 slew 0.019352 delay 0.00577601 power 0.000161505
I0313 15:30:58.092391 469552 lm_feature_timing.cpp:80] node dpath/b_reg_out[10]:1186893 resistance 20.116 cap 0.000772068 slew 0.0399552 delay 0.0649355 power 6.73521e-05
I0313 15:30:58.092403 469472 lm_feature_timing.cpp:80] node dpath/a_mux_out[13]:808791 resistance 3.424 cap 0.000910148 slew 0.016793 delay 0.00324169 power 9.63559e-05
I0313 15:30:58.096055 469594 lm_feature_timing.cpp:80] node ctrl/n4:775247 resistance 22.256 cap 0.000708064 slew 0.029179 delay 0.0198754 power 5.16796e-05
I0313 15:30:58.096077 469579 lm_feature_timing.cpp:80] node dpath/b_reg/n11:491375 resistance 27.82 cap 0.000726472 slew 0.019352 delay 0.027783 power 9.56342e-05
I0313 15:30:58.089926 469491 lm_feature_timing.cpp:80] node dpath/a_lt_b/n21:462046 resistance 43.228 cap 0.000401546 slew 0.0440891 delay 0.081044 power 1.42076e-05
I0313 15:30:58.096102 469472 lm_feature_timing.cpp:80] node dpath/a_mux_out[13]:456823 resistance 0 cap 0.000983365 slew 0.016793 delay 0 power 0.000104107
I0313 15:30:58.092480 469592 lm_feature_timing.cpp:80] node dpath/a_lt_b/n32:827213 resistance 0 cap 0.00164057 slew 0.020978 delay 0 power 1.32886e-05
I0313 15:30:58.096138 469552 lm_feature_timing.cpp:80] node dpath/b_reg_out[10]:1186873 resistance 11.556 cap 0.00085801 slew 0.0399552 delay 0.0583266 power 7.48493e-05
I0313 15:30:58.092505 469515 lm_feature_timing.cpp:80] node dpath/a_lt_b/U34:ZN resistance 0 cap 0.00149703 slew 0.033561 delay 0 power 3.66422e-05
I0313 15:30:58.092514 469479 lm_feature_timing.cpp:80] node dpath/b_mux_out[13]:816337 resistance 2.996 cap 0.000926592 slew 0.017469 delay 0.00287343 power 0.000113936
I0313 15:30:58.092545 469454 lm_feature_timing.cpp:80] node dpath/a_reg/n13:830713 resistance 12.84 cap 0.000999367 slew 0.019329 delay 0.014546 power 6.1356e-05
I0313 15:30:58.096202 469592 lm_feature_timing.cpp:80] node dpath/a_lt_b/n32:833917 resistance 6.848 cap 0.00157108 slew 0.020978 delay 0.0107587 power 1.27257e-05
I0313 15:30:58.096215 469552 lm_feature_timing.cpp:80] node dpath/b_reg_out[10]:1186893 resistance 20.116 cap 0.000772068 slew 0.0399552 delay 0.0649355 power 6.73521e-05
I0313 15:30:58.096225 469515 lm_feature_timing.cpp:80] node dpath/a_lt_b/n35:486147 resistance 0 cap 0.00149703 slew 0.033561 delay 0 power 3.66422e-05
I0313 15:30:58.143162 469515 lm_feature_timing.cpp:80] node dpath/a_lt_b/n35:486145 resistance 0.856 cap 0.00148509 slew 0.033561 delay 0.00127123 power 3.63499e-05
I0313 15:30:58.092648 469440 lm_feature_timing.cpp:80] node dpath/a_mux/U8:ZN resistance 0 cap 0.000975925 slew 0.016524 delay 0 power 8.21555e-05
I0313 15:30:58.143229 469515 lm_feature_timing.cpp:80] node dpath/a_lt_b/n35:486147 resistance 0 cap 0.00149703 slew 0.033561 delay 0 power 3.66422e-05
I0313 15:30:58.092669 469523 lm_feature_timing.cpp:80] node dpath/b_mux/n1:1128223 resistance 25.68 cap 0.000740859 slew 0.0427555 delay 0.326244 power 7.20761e-05
I0313 15:30:58.143275 469515 lm_feature_timing.cpp:80] node dpath/a_lt_b/n35:838081 resistance 12.84 cap 0.00122804 slew 0.033561 delay 0.0174185 power 3.00583e-05
I0313 15:30:58.092717 469572 lm_feature_timing.cpp:80] node dpath/a_mux_out[10]:806385 resistance 20.116 cap 0.0010417 slew 0.019133 delay 0.0250121 power 8.43778e-06
I0313 15:30:58.143319 469440 lm_feature_timing.cpp:80] node dpath/a_mux_out[1]:378034 resistance 0 cap 0.000975925 slew 0.016524 delay 0 power 8.21555e-05
I0313 15:30:58.092733 469499 lm_feature_timing.cpp:125] build net dpath/b_reg_out[12] feature 
I0313 15:30:58.143384 469440 lm_feature_timing.cpp:80] node dpath/a_mux_out[1]:377173 resistance 10.7 cap 0.000869428 slew 0.016524 delay 0.00930288 power 7.31904e-05
I0313 15:30:58.143378 469572 lm_feature_timing.cpp:80] node dpath/a_mux_out[10]:829011 resistance 43.228 cap 0.000815984 slew 0.019133 delay 0.0438711 power 6.60947e-06
I0313 15:30:58.143422 469440 lm_feature_timing.cpp:80] node dpath/a_mux_out[1]:729133 resistance 10.7 cap 0.000762931 slew 0.016524 delay 0.00930288 power 6.42252e-05
I0313 15:30:58.143411 469523 lm_feature_timing.cpp:80] node dpath/b_mux/n1:1128231 resistance 29.104 cap 0.000704251 slew 0.0427555 delay 0.328655 power 6.85146e-05
I0313 15:30:58.143456 469440 lm_feature_timing.cpp:80] node dpath/a_mux_out[1]:377173 resistance 10.7 cap 0.000869428 slew 0.016524 delay 0.00930288 power 7.31904e-05
I0313 15:30:58.090214 469443 lm_feature_timing.cpp:80] node dpath/a_lt_b/n24:485479 resistance 9.416 cap 0.000629522 slew 0.019989 delay 0.00768284 power 0
I0313 15:30:58.143491 469440 lm_feature_timing.cpp:80] node dpath/a_mux_out[1]:378034 resistance 0 cap 0.000975925 slew 0.016524 delay 0 power 8.21555e-05
I0313 15:30:58.090256 469487 lm_feature_timing.cpp:80] node dpath/a_reg/U14:B1 resistance 30.388 cap 0.000659839 slew 0.0410004 delay 0.14303 power 4.22841e-05
I0313 15:30:58.143514 469440 lm_feature_timing.cpp:137] net dpath/a_mux_out[1] resistance 40.232 cap 0.000975925 slew 0.00536313 delay 0.0156 power 6.53333e-08
I0313 15:30:58.143525 469523 lm_feature_timing.cpp:80] node dpath/b_mux/U10:B2 resistance 13.696 cap 0.000667642 slew 0.0427543 delay 0.191945 power 6.4953e-05
I0313 15:30:58.143551 469440 lm_feature_timing.cpp:125] build net dpath/b_reg_out[15] feature 
I0313 15:30:58.143589 469487 lm_feature_timing.cpp:80] node dpath/a_reg_out[5]:740281 resistance 30.388 cap 0.00070467 slew 0.0410004 delay 0.14303 power 4.5157e-05
I0313 15:30:58.143597 469523 lm_feature_timing.cpp:80] node dpath/b_mux/n1:791351 resistance 13.696 cap 0.000696028 slew 0.0427543 delay 0.191945 power 6.77146e-05
I0313 15:30:58.092813 469547 lm_feature_timing.cpp:80] node dpath/a_mux_out[9]:825747 resistance 68.052 cap 0.000664265 slew 0.0222031 delay 0.090724 power 8.07342e-05
I0313 15:30:58.143620 469443 lm_feature_timing.cpp:80] node dpath/a_lt_b/n24:837439 resistance 9.416 cap 0.000657908 slew 0.019989 delay 0.00768284 power 0
I0313 15:30:58.143673 469523 lm_feature_timing.cpp:80] node dpath/b_mux/n1:788837 resistance 11.128 cap 0.000724415 slew 0.0427543 delay 0.190158 power 7.04763e-05
I0313 15:30:58.092813 469495 lm_feature_timing.cpp:80] node dpath/a_reg_out[7]:424364 resistance 27.392 cap 0.000615497 slew 0.0402571 delay 0.0866866 power 4.2272e-05
I0313 15:30:58.094300 469562 lm_feature_timing.cpp:80] node dpath/a_reg/n10:470446 resistance 0 cap 0.000711592 slew 0.016096 delay 0 power 5.05068e-05
I0313 15:30:58.094317 469438 lm_feature_timing.cpp:80] node dpath/a_lt_b/n29:842337 resistance 15.836 cap 0.000733627 slew 0.020196 delay 0.0131883 power 5.94238e-06
I0313 15:30:58.143780 469547 lm_feature_timing.cpp:80] node dpath/a_mux_out[9]:829937 resistance 72.332 cap 0.000619435 slew 0.0222031 delay 0.0933752 power 7.52855e-05
I0313 15:30:58.094314 469564 lm_feature_timing.cpp:80] node dpath/a_reg/n3:388922 resistance 0 cap 0.00127814 slew 0.019387 delay 0 power 6.97817e-05
I0313 15:30:58.092851 469532 lm_feature_timing.cpp:80] node dpath/a_reg_out[1]:729169 resistance 44.94 cap 0.000666426 slew 0.0420913 delay 0.183949 power 3.63844e-05
I0313 15:30:58.094341 469460 lm_feature_timing.cpp:80] node dpath/a_lt_b/n9:1093861 resistance 2.568 cap 0.000980768 slew 0.031625 delay 0.00259151 power 1.58884e-05
I0313 15:30:58.094358 469561 lm_feature_timing.cpp:80] node dpath/a_lt_b/n7:738445 resistance 23.54 cap 0.00133709 slew 0.021289 delay 0.0366016 power 2.43684e-05
I0313 15:30:58.143880 469547 lm_feature_timing.cpp:80] node dpath/a_mux_out[9]:825747 resistance 68.052 cap 0.000664265 slew 0.0222031 delay 0.090724 power 8.07342e-05
I0313 15:30:58.083585 469478 lm_feature_timing.cpp:80] node dpath/a_reg_out[3]:736863 resistance 28.676 cap 0.00066134 slew 0.042396 delay 0.0534957 power 3.9327e-05
I0313 15:30:58.094425 469442 lm_feature_timing.cpp:80] node dpath/a_lt_b/n1:733373 resistance 9.416 cap 0.000791444 slew 0.017306 delay 0.00795497 power 6.4107e-06
I0313 15:30:58.090577 469545 lm_feature_timing.cpp:80] node dpath/a_reg/n14:859153 resistance 32.956 cap 0.000880537 slew 0.018996 delay 0.0291577 power 5.57202e-05
I0313 15:30:58.094436 469459 lm_feature_timing.cpp:80] node dpath/a_mux/n16:791237 resistance 0.428 cap 0.00076448 slew 0.020149 delay 0.000330549 power 4.9427e-05
I0313 15:30:58.094448 469544 lm_feature_timing.cpp:80] node dpath/a_mux/U21:ZN resistance 0 cap 0.000985935 slew 0.037124 delay 0 power 5.62258e-05
I0313 15:30:58.144014 469561 lm_feature_timing.cpp:80] node dpath/a_lt_b/n7:736769 resistance 21.828 cap 0.00135725 slew 0.021289 delay 0.0343125 power 2.47359e-05
I0313 15:30:58.090576 469551 lm_feature_timing.cpp:80] node dpath/a_lt_b/n31:482829 resistance 9.416 cap 0.000964089 slew 0.048638 delay 0.0099645 power 2.38289e-05
I0313 15:30:58.094472 469521 lm_feature_timing.cpp:80] node dpath/a_reg/n6:371571 resistance 0 cap 0.000637593 slew 0.015676 delay 0 power 3.93905e-05
I0313 15:30:58.094497 469595 lm_feature_timing.cpp:80] node dpath/b_mux_out[1]:761009 resistance 14.98 cap 0.000741985 slew 0.017 delay 0.0111797 power 8.72138e-05
I0313 15:30:58.144138 469521 lm_feature_timing.cpp:137] net dpath/a_reg/n6 resistance 6.848 cap 0.000637593 slew 0.000134484 delay 0.00205777 power 3.19063e-08
I0313 15:30:58.144222 469521 lm_feature_timing.cpp:125] build net dpath/b_reg_out[1] feature 
I0313 15:30:58.144201 469551 lm_feature_timing.cpp:80] node dpath/a_lt_b/n31:484469 resistance 26.536 cap 0.000795926 slew 0.048638 delay 0.0235908 power 1.96725e-05
I0313 15:30:58.094518 469492 lm_feature_timing.cpp:80] node dpath/a_reg/n7:386649 resistance 0 cap 0.000686926 slew 0.015873 delay 0 power 4.40199e-05
I0313 15:30:58.094549 469550 lm_feature_timing.cpp:80] node dpath/b_reg/n5:777033 resistance 10.7 cap 0.000625651 slew 0.016388 delay 0.00721337 power 8.0202e-05
I0313 15:30:58.144323 469492 lm_feature_timing.cpp:137] net dpath/a_reg/n7 resistance 11.984 cap 0.000686926 slew 0.000436702 delay 0.0037489 power 3.56561e-08
I0313 15:30:58.090685 469541 lm_feature_timing.cpp:80] node dpath/a_mux_out[7]:787191 resistance 20.972 cap 0.000679928 slew 0.017289 delay 0.0186959 power 7.63888e-05
I0313 15:30:58.144368 469492 lm_feature_timing.cpp:125] build net dpath/b_reg_out[2] feature 
I0313 15:30:58.144414 469541 lm_feature_timing.cpp:80] node dpath/a_mux_out[7]:791381 resistance 25.252 cap 0.000635097 slew 0.017289 delay 0.0214141 power 7.13522e-05
I0313 15:30:58.144438 469550 lm_feature_timing.cpp:80] node dpath/b_reg/n5:419207 resistance 4.708 cap 0.000735868 slew 0.016388 delay 0.00346447 power 9.43306e-05
I0313 15:30:58.144482 469541 lm_feature_timing.cpp:80] node dpath/a_mux_out[7]:787191 resistance 20.972 cap 0.000679928 slew 0.017289 delay 0.0186959 power 7.63888e-05
I0313 15:30:58.144505 469550 lm_feature_timing.cpp:80] node dpath/b_reg/n5:771167 resistance 4.708 cap 0.000686926 slew 0.016388 delay 0.00346447 power 8.80568e-05
I0313 15:30:58.094594 469475 lm_feature_timing.cpp:80] node dpath/a_lt_b/n37:479429 resistance 4.708 cap 0.00145908 slew 0.018123 delay 0.00686937 power 1.18186e-05
I0313 15:30:58.094602 469517 lm_feature_timing.cpp:80] node dpath/b_reg/n2:776977 resistance 18.832 cap 0.000740761 slew 0.017303 delay 0.0141112 power 9.24968e-05
I0313 15:30:58.144594 469521 lm_feature_timing.cpp:80] node dpath/b_reg_out[1]:418307 resistance 0.856 cap 0.00484337 slew 0.036533 delay 0.00414592 power 0.000614973
I0313 15:30:58.144618 469517 lm_feature_timing.cpp:80] node dpath/b_reg/n2:407419 resistance 0.856 cap 0.000929088 slew 0.017303 delay 0.000795299 power 0.000116013
I0313 15:30:58.144637 469475 lm_feature_timing.cpp:80] node dpath/a_lt_b/n37:823847 resistance 12.412 cap 0.00133242 slew 0.018123 delay 0.0171344 power 1.07926e-05
I0313 15:30:58.144677 469517 lm_feature_timing.cpp:80] node dpath/b_reg/n2:759379 resistance 0.856 cap 0.000917146 slew 0.017303 delay 0.000795299 power 0.000114522
I0313 15:30:58.090715 469535 lm_feature_timing.cpp:80] node dpath/b_reg/n8:416781 resistance 2.568 cap 0.0010442 slew 0.018037 delay 0.0026815 power 0.000135661
I0313 15:30:58.090844 469530 lm_feature_timing.cpp:80] node dpath/a_reg_out[15]:1154831 resistance 23.112 cap 0.000806273 slew 0.027745 delay 0.0435509 power 5.64228e-05
I0313 15:30:58.144740 469517 lm_feature_timing.cpp:80] node dpath/b_reg/n2:407417 resistance 0 cap 0.00094103 slew 0.017303 delay 0 power 0.000117504
I0313 15:30:58.144791 469530 lm_feature_timing.cpp:80] node dpath/a_reg_out[15]:1154841 resistance 27.392 cap 0.000761443 slew 0.027745 delay 0.0468099 power 5.32856e-05
I0313 15:30:58.094673 469569 lm_feature_timing.cpp:80] node clk:1412927 resistance 23.112 cap 0.00573049 slew 0.000328255 delay 0.137692 power 0.00185668
I0313 15:30:58.144832 469530 lm_feature_timing.cpp:80] node dpath/a_reg_out[15]:476057 resistance 10.272 cap 0.000672661 slew 0.027745 delay 0.0201222 power 4.70727e-05
I0313 15:30:58.090857 469461 lm_feature_timing.cpp:80] node dpath/a_lt_b/n18:484659 resistance 8.132 cap 0.000778978 slew 0.021423 delay 0.0110984 power 6.30972e-06
I0313 15:30:58.094676 469447 lm_feature_timing.cpp:80] node dpath/b_reg/U10:A2 resistance 29.532 cap 0.000574604 slew 0.018669 delay 0.0256791 power 7.22459e-05
I0313 15:30:58.144963 469461 lm_feature_timing.cpp:80] node dpath/a_lt_b/n18:836619 resistance 8.132 cap 0.000767035 slew 0.021423 delay 0.0110984 power 6.21299e-06
I0313 15:30:58.144965 469569 lm_feature_timing.cpp:80] node clk:1764887 resistance 23.112 cap 0.00593154 slew 0.000328255 delay 0.137692 power 0.00192182
I0313 15:30:58.145035 469447 lm_feature_timing.cpp:80] node dpath/b_mux_out[8]:462021 resistance 29.532 cap 0.000627657 slew 0.018669 delay 0.0256791 power 7.89163e-05
I0313 15:30:58.094712 469441 lm_feature_timing.cpp:80] node dpath/a_mux_out[4]:1079657 resistance 38.52 cap 0.000930312 slew 0.019269 delay 0.0420507 power 9.16818e-05
I0313 15:30:58.086956 469589 lm_feature_timing.cpp:80] node dpath/b_mux_out[15]:446739 resistance 0 cap 0.000935596 slew 0.017135 delay 0 power 0.000117167
I0313 15:30:58.145126 469569 lm_feature_timing.cpp:80] node clk:1764839 resistance 2.568 cap 0.00613259 slew 0.000117663 delay 0.0158341 power 0.00198696
I0313 15:30:58.145151 469447 lm_feature_timing.cpp:80] node dpath/b_mux/U10:Z resistance 0 cap 0.00116425 slew 0.018669 delay 0 power 0.000146383
I0313 15:30:58.145174 469441 lm_feature_timing.cpp:80] node dpath/a_mux_out[4]:727649 resistance 16.264 cap 0.00120908 slew 0.019269 delay 0.0213456 power 0.000119155
I0313 15:30:58.145200 469569 lm_feature_timing.cpp:80] node clk:1764887 resistance 23.112 cap 0.00593154 slew 0.000328255 delay 0.137692 power 0.00192182
I0313 15:30:58.145222 469447 lm_feature_timing.cpp:80] node dpath/b_mux_out[8]:440234 resistance 0 cap 0.00116425 slew 0.018669 delay 0 power 0.000146383
I0313 15:30:58.090936 469501 lm_feature_timing.cpp:80] node dpath/b_mux_out[4]:401621 resistance 16.692 cap 0.000574604 slew 0.017183 delay 0.0123328 power 6.96035e-05
I0313 15:30:58.090958 469457 lm_feature_timing.cpp:80] node ctrl/U13:ZN resistance 0 cap 0.000852066 slew 0.014695 delay 0 power 2.75449e-05
I0313 15:30:58.094798 469524 lm_feature_timing.cpp:80] node dpath/b_reg/n15:470255 resistance 0 cap 0.00116381 slew 0.018748 delay 0 power 0.000150927
I0313 15:30:58.094810 469470 lm_feature_timing.cpp:80] node dpath/b_reg/n14:467784 resistance 0 cap 0.00140969 slew 0.020042 delay 0 power 0.000182052
I0313 15:30:58.094826 469542 lm_feature_timing.cpp:125] build net dpath/b_reg_out[13] feature 
I0313 15:30:58.145344 469457 lm_feature_timing.cpp:80] node ctrl_a_mux_sel[1]:439228 resistance 0 cap 0.000852066 slew 0.014695 delay 0 power 2.75449e-05
I0313 15:30:58.145375 469470 lm_feature_timing.cpp:80] node dpath/b_reg/n14:852445 resistance 43.228 cap 0.000905204 slew 0.020042 delay 0.0425672 power 0.000116901
I0313 15:30:58.094887 469468 lm_feature_timing.cpp:80] node dpath/a_lt_b/U20:ZN resistance 0 cap 0.00154161 slew 0.030248 delay 0 power 2.49741e-05
I0313 15:30:58.145399 469457 lm_feature_timing.cpp:137] net ctrl_a_mux_sel[1] resistance 25.68 cap 0.000852066 slew 0.00204804 delay 0.00930918 power 2.23114e-08
I0313 15:30:58.087194 469503 lm_feature_timing.cpp:80] node ctrl/state_out[1]:783633 resistance 26.964 cap 0.000674383 slew 0.029421 delay 0.0559544 power 5.4625e-06
I0313 15:30:58.094909 469538 lm_feature_timing.cpp:80] node dpath/a_reg/n18:1161799 resistance 4.28 cap 0.00993146 slew 0.0502032 delay 0.0852144 power 8.04448e-05
I0313 15:30:58.094907 469593 lm_feature_timing.cpp:80] node dpath/b_mux_out[10]:462820 resistance 5.136 cap 0.000627657 slew 0.01565 delay 0.00322365 power 3.30735e-05
I0313 15:30:58.145490 469468 lm_feature_timing.cpp:80] node dpath/a_lt_b/n11:752823 resistance 0 cap 0.00154161 slew 0.030248 delay 0 power 2.49741e-05
I0313 15:30:58.145570 469468 lm_feature_timing.cpp:80] node dpath/a_lt_b/n11:747795 resistance 5.136 cap 0.00148856 slew 0.030248 delay 0.00764523 power 2.41146e-05
I0313 15:30:58.145577 469593 lm_feature_timing.cpp:80] node dpath/b_mux/U12:Z resistance 0 cap 0.00068071 slew 0.01565 delay 0 power 3.5869e-05
I0313 15:30:58.091138 469450 lm_feature_timing.cpp:80] node dpath/a_mux_out[12]:477845 resistance 39.804 cap 0.000574604 slew 0.018929 delay 0.0387123 power 5.83504e-05
I0313 15:30:58.145596 469538 lm_feature_timing.cpp:80] node dpath/a_reg/n18:809001 resistance 3.424 cap 0.019883 slew 0.050203 delay 0.0682048 power 0.000161052
I0313 15:30:58.145639 469468 lm_feature_timing.cpp:80] node dpath/a_lt_b/n11:752823 resistance 0 cap 0.00154161 slew 0.030248 delay 0 power 2.49741e-05
I0313 15:30:58.145656 469593 lm_feature_timing.cpp:80] node dpath/b_mux_out[10]:464488 resistance 0 cap 0.00068071 slew 0.01565 delay 0 power 3.5869e-05
I0313 15:30:58.145714 469468 lm_feature_timing.cpp:80] node dpath/a_lt_b/placeFE_RC_0_0:B2 resistance 12.84 cap 0.000615161 slew 0.030248 delay 0.0129832 power 9.96561e-06
I0313 15:30:58.145766 469542 lm_feature_timing.cpp:80] node dpath/b_reg_out[13]:498777 resistance 0.428 cap 0.00652095 slew 0.046944 delay 0.00279097 power 0.000845657
I0313 15:30:58.145785 469468 lm_feature_timing.cpp:80] node dpath/a_lt_b/n11:747809 resistance 12.84 cap 0.00069288 slew 0.030248 delay 0.0129832 power 1.12247e-05
I0313 15:30:58.095073 469540 lm_feature_timing.cpp:80] node dpath/a_lt_b/n19:829093 resistance 20.972 cap 0.000816021 slew 0.017501 delay 0.0179182 power 1.38279e-05
I0313 15:30:58.095084 469577 lm_feature_timing.cpp:80] node dpath/a_reg_out[11]:808867 resistance 49.22 cap 0.000937828 slew 0.0394354 delay 0.199612 power 5.75778e-05
I0313 15:30:58.145843 469542 lm_feature_timing.cpp:80] node dpath/b_reg_out[13]:850737 resistance 0.428 cap 0.00651312 slew 0.046944 delay 0.00279097 power 0.000844642
I0313 15:30:58.087518 469582 lm_feature_timing.cpp:80] node dpath/b_reg/n17:801261 resistance 0.856 cap 0.000686926 slew 0.015991 delay 0.000598231 power 8.98624e-05
I0313 15:30:58.091353 469534 lm_feature_timing.cpp:80] node ctrl/n3:789511 resistance 3.424 cap 0.000656426 slew 0.015546 delay 0.0022476 power 1.59033e-05
I0313 15:30:58.081681 469507 lm_feature_timing.cpp:80] node dpath/a_mux/U2:A1 resistance 56.496 cap 0.000481981 slew 0.0481361 delay 0.102567 power 1.55811e-05
I0313 15:30:58.145905 469542 lm_feature_timing.cpp:80] node dpath/b_reg_out[13]:498776 resistance 0 cap 0.00652878 slew 0.046944 delay 0 power 0.000846673
I0313 15:30:58.078707 469439 lm_feature_timing.cpp:125] build net dpath/b_mux_out[2] feature 
I0313 15:30:58.145941 469534 lm_feature_timing.cpp:80] node ctrl/n3:434199 resistance 0 cap 0.00139018 slew 0.015546 delay 0 power 3.36802e-05
I0313 15:30:58.095153 469512 lm_feature_timing.cpp:80] node dpath/a_mux/n13:380713 resistance 14.552 cap 0.000705791 slew 0.035942 delay 0.0106487 power 4.02498e-05
I0313 15:30:58.145953 469507 lm_feature_timing.cpp:80] node ctrl_a_mux_sel[0]:440120 resistance 56.496 cap 0.000543256 slew 0.0481361 delay 0.102567 power 1.75619e-05
I0313 15:30:58.091424 469543 lm_feature_timing.cpp:80] node dpath/a_reg/n17:806207 resistance 4.28 cap 0.000900702 slew 0.017676 delay 0.00404688 power 6.30309e-05
I0313 15:30:58.087657 469573 lm_feature_timing.cpp:80] node dpath/b_reg/FE_OFN2_ctrl_b_reg_en_0:823209 resistance 130.54 cap 0.000735812 slew 0.0278504 delay 0.728667 power 5.57638e-05
I0313 15:30:58.091460 469446 lm_feature_timing.cpp:80] node dpath/b_mux_out[14]:464353 resistance 1.284 cap 0.000891748 slew 0.01702 delay 0.001145 power 0.000142638
I0313 15:30:58.146024 469512 lm_feature_timing.cpp:80] node dpath/a_mux/n13:730981 resistance 0 cap 0.000881394 slew 0.035942 delay 0 power 5.02641e-05
I0313 15:30:58.146054 469543 lm_feature_timing.cpp:80] node dpath/a_reg/n17:454247 resistance 4.28 cap 0.000945532 slew 0.017676 delay 0.00404688 power 6.61682e-05
I0313 15:30:58.095155 469458 lm_feature_timing.cpp:80] node dpath/a_mux_out[2]:736737 resistance 4.708 cap 0.000741985 slew 0.015615 delay 0.00356088 power 6.61914e-05
I0313 15:30:58.095223 469511 lm_feature_timing.cpp:80] node dpath/a_lt_b/n4:738543 resistance 14.124 cap 0.000624869 slew 0.021374 delay 0.0103951 power 5.06144e-06
I0313 15:30:58.146126 469543 lm_feature_timing.cpp:80] node dpath/a_reg/n17:455093 resistance 0 cap 0.000990363 slew 0.017676 delay 0 power 6.93054e-05
I0313 15:30:58.091526 469514 lm_feature_timing.cpp:80] node dpath/a_mux/n7:723429 resistance 11.128 cap 0.00078723 slew 0.036128 delay 0.0087603 power 4.48941e-05
I0313 15:30:58.146167 469543 lm_feature_timing.cpp:137] net dpath/a_reg/n17 resistance 42.8 cap 0.000990363 slew 0.00608817 delay 0.0165879 power 5.61374e-08
I0313 15:30:58.095279 469549 lm_feature_timing.cpp:80] node dpath/a_mux/n18:439289 resistance 0 cap 0.00064193 slew 0.018175 delay 0 power 4.15036e-05
I0313 15:30:58.095315 469456 lm_feature_timing.cpp:80] node dpath/a_mux/U25:ZN resistance 0 cap 0.000716951 slew 0.034079 delay 0 power 4.08862e-05
I0313 15:30:58.095319 469516 lm_feature_timing.cpp:80] node dpath/a_mux_out[5]:733515 resistance 0.428 cap 0.00122102 slew 0.017957 delay 0.00052595 power 0.000125954
I0313 15:30:58.146265 469514 lm_feature_timing.cpp:80] node dpath/a_mux/n7:370639 resistance 15.408 cap 0.000631792 slew 0.036128 delay 0.0114644 power 3.60298e-05
I0313 15:30:58.146296 469456 lm_feature_timing.cpp:80] node dpath/a_mux/n12:792793 resistance 0 cap 0.000716951 slew 0.034079 delay 0 power 4.08862e-05
I0313 15:30:58.095358 469489 lm_feature_timing.cpp:80] node dpath/a_lt_b/n8:737633 resistance 0 cap 0.00153576 slew 0.053906 delay 0 power 2.47578e-05
I0313 15:30:58.146322 469456 lm_feature_timing.cpp:137] net dpath/a_mux/n12 resistance 11.984 cap 0.000716951 slew 0.000243115 delay 0.00392244 power 3.31178e-08
I0313 15:30:58.091667 469583 lm_feature_timing.cpp:80] node dpath/a_mux_out[8]:1173509 resistance 62.916 cap 0.000758429 slew 0.0212991 delay 0.0763435 power 8.86936e-05
I0313 15:30:58.146365 469456 lm_feature_timing.cpp:125] build net dpath/b_reg_out[5] feature 
I0313 15:30:58.091679 469505 lm_feature_timing.cpp:80] node ctrl_b_mux_sel_0_:749383 resistance 233.688 cap 0.0053623 slew 0.0310976 delay 2.76647 power 0.000521683
I0313 15:30:58.146337 469549 lm_feature_timing.cpp:80] node dpath/a_mux/n18:439292 resistance 1.284 cap 0.000625877 slew 0.018175 delay 0.000803626 power 4.04657e-05
I0313 15:30:58.095418 469575 lm_feature_timing.cpp:80] node dpath/a_reg/n9:440276 resistance 0 cap 0.000728037 slew 0.016117 delay 0 power 5.00012e-05
I0313 15:30:58.095429 469317 lm_feature_timing.cpp:137] net ctrl_b_reg_en_0_ resistance 6.848 cap 0.000671179 slew 8.52196e-05 delay 0.00217277 power 4.12012e-08
I0313 15:30:58.146421 469575 lm_feature_timing.cpp:137] net dpath/a_reg/n9 resistance 16.264 cap 0.000728037 slew 0.000835056 delay 0.00525495 power 4.0501e-08
I0313 15:30:58.080863 469498 lm_feature_timing.cpp:80] node dpath/a_lt_b/U29:B resistance 6.848 cap 0.000586961 slew 0.029156 delay 0.00449543 power 1.99426e-05
I0313 15:30:58.146486 469575 lm_feature_timing.cpp:125] build net dpath/b_reg_out[7] feature 
I0313 15:30:58.095476 469510 lm_feature_timing.cpp:80] node dpath/a_reg/n1:485243 resistance 10.272 cap 0.000547203 slew 0.011477 delay 0.00670442 power 6.03998e-05
I0313 15:30:58.146495 469583 lm_feature_timing.cpp:80] node dpath/a_mux_out[8]:1173471 resistance 46.652 cap 0.00091837 slew 0.0212991 delay 0.0640084 power 0.000107398
I0313 15:30:58.095497 469488 lm_feature_timing.cpp:80] node dpath/b_reg_out[0]:763587 resistance 39.376 cap 0.000803373 slew 0.0405594 delay 0.141174 power 0.000100315
I0313 15:30:58.095502 469473 lm_feature_timing.cpp:80] node ctrl/state/n1:776021 resistance 16.692 cap 0.00151375 slew 2.72699e-05 delay 0.0259137 power 1.22614e-05
I0313 15:30:58.091823 469588 lm_feature_timing.cpp:80] node dpath/a_lt_b/n3:733353 resistance 9.416 cap 0.000701032 slew 0.018363 delay 0.00856511 power 5.67836e-06
I0313 15:30:58.095578 469525 lm_feature_timing.cpp:80] node dpath/a_mux/U7:ZN resistance 0 cap 0.000676622 slew 0.033624 delay 0 power 3.85864e-05
I0313 15:30:58.146613 469510 lm_feature_timing.cpp:80] node dpath/a_reg/U3:ZN resistance 0 cap 0.000759415 slew 0.011477 delay 0 power 8.38235e-05
I0313 15:30:58.095585 469508 lm_feature_timing.cpp:80] node dpath/a_mux/FE_OFN3_ctrl_a_mux_sel_1:734307 resistance 110.852 cap 0.0037575 slew 0.0264799 delay 0.847364 power 0.000121469
I0313 15:30:58.146642 469456 lm_feature_timing.cpp:80] node dpath/b_reg_out[5]:740251 resistance 29.104 cap 0.000674064 slew 0.041096 delay 0.0530902 power 8.71861e-05
I0313 15:30:58.091876 469486 lm_feature_timing.cpp:80] node dpath/a_reg/n2:386367 resistance 0.428 cap 0.00074409 slew 0.016259 delay 0.00031847 power 3.43593e-05
I0313 15:30:58.091878 469482 lm_feature_timing.cpp:80] node dpath/a_lt_b/n13:741109 resistance 9.416 cap 0.000699275 slew 0.031831 delay 0.00750923 power 2.23122e-05
I0313 15:30:58.146699 469488 lm_feature_timing.cpp:80] node dpath/b_reg_out[0]:760235 resistance 35.952 cap 0.000839982 slew 0.0405594 delay 0.138423 power 0.000104886
I0313 15:30:58.082301 469513 lm_feature_timing.cpp:80] node dpath/a_reg/n19:502282 resistance 15.408 cap 0.000769199 slew 1.62812e-05 delay 0.0134042 power 0
I0313 15:30:58.095649 469453 lm_feature_timing.cpp:80] node dpath/b_reg/n3:409906 resistance 0 cap 0.00078481 slew 0.016325 delay 0 power 9.96491e-05
I0313 15:30:58.092020 469559 lm_feature_timing.cpp:80] node dpath/a_mux/n9:432652 resistance 1.284 cap 0.000992984 slew 0.037386 delay 0.00127499 power 5.66278e-05
I0313 15:30:58.095667 469494 lm_feature_timing.cpp:80] node dpath/a_reg_out[12]:1190957 resistance 30.388 cap 0.00315059 slew 0.0441404 delay 0.170603 power 0.000199368
I0313 15:30:58.085417 469506 lm_feature_timing.cpp:80] node dpath/a_reg/U4:I resistance 204.156 cap 0.00106438 slew 0.0402393 delay 2.32085 power 8.62148e-06
I0313 15:30:58.146842 469559 lm_feature_timing.cpp:80] node dpath/a_mux/n9:433490 resistance 2.14 cap 0.000964989 slew 0.037386 delay 0.00210102 power 5.50313e-05
I0313 15:30:58.089532 469522 lm_feature_timing.cpp:80] node dpath/a_reg/placeFE_RC_1_0:ZN resistance 0 cap 0.000867813 slew 0.022332 delay 0 power 8.06279e-05
I0313 15:30:58.146855 469453 lm_feature_timing.cpp:80] node dpath/b_reg/n3:409903 resistance 1.284 cap 0.000768756 slew 0.016325 delay 0.000987083 power 9.76108e-05
I0313 15:30:58.089555 469536 lm_feature_timing.cpp:80] node dpath/a_mux_out[11]:799663 resistance 7.276 cap 0.00117326 slew 0.018599 delay 0.00907218 power 0.00011472
I0313 15:30:58.146893 469506 lm_feature_timing.cpp:80] node ctrl_a_reg_en_0_:454533 resistance 204.156 cap 0.00110099 slew 0.0402393 delay 2.32085 power 8.91801e-06
I0313 15:30:58.146912 469522 lm_feature_timing.cpp:80] node dpath/a_reg/n16:838045 resistance 0 cap 0.000867813 slew 0.022332 delay 0 power 8.06279e-05
I0313 15:30:58.095748 469580 lm_feature_timing.cpp:125] build net dpath/b_reg_out[14] feature 
I0313 15:30:58.095760 469452 lm_feature_timing.cpp:80] node dpath/a_lt_b/U2:I resistance 39.804 cap 0.000599444 slew 0.0381302 delay 0.145472 power 3.92273e-05
I0313 15:30:58.146960 469522 lm_feature_timing.cpp:80] node dpath/a_reg/n16:852293 resistance 15.408 cap 0.000716095 slew 0.022332 delay 0.0110336 power 6.65318e-05
I0313 15:30:58.095770 469526 lm_feature_timing.cpp:80] node dpath/a_mux/n14:751953 resistance 10.272 cap 0.000708729 slew 0.036474 delay 0.00838272 power 4.04173e-05
I0313 15:30:58.095796 469497 lm_feature_timing.cpp:80] node dpath/a_reg_out[0]:724931 resistance 28.248 cap 0.00196766 slew 0.0390441 delay 0.0784118 power 9.0859e-05
I0313 15:30:58.147006 469452 lm_feature_timing.cpp:80] node dpath/a_reg_out[13]:477770 resistance 39.804 cap 0.000615497 slew 0.0381302 delay 0.145472 power 4.02778e-05
I0313 15:30:58.089741 469496 lm_feature_timing.cpp:80] node dpath/a_reg/n12:851715 resistance 47.08 cap 0.000590962 slew 0.020481 delay 0.048563 power 1.91472e-07
I0313 15:30:58.092228 469570 lm_feature_timing.cpp:80] node dpath/a_mux/n5:737483 resistance 9.844 cap 0.000631792 slew 0.035087 delay 0.00681233 power 3.60298e-05
I0313 15:30:58.080435 469476 lm_feature_timing.cpp:80] node dpath/a_reg/out_reg_9_:CP resistance 84.316 cap 0.000418247 slew 0.000853081 delay 0.737868 power 0.000135512
I0313 15:30:58.147213 469570 lm_feature_timing.cpp:80] node dpath/a_mux/n5:381333 resistance 5.564 cap 0.000713231 slew 0.035087 delay 0.00410826 power 4.06741e-05
I0313 15:30:58.095871 469493 lm_feature_timing.cpp:80] node dpath/b_reg/n12:842483 resistance 40.232 cap 0.000604705 slew 0.019979 delay 0.0402165 power 5.27519e-05
I0313 15:30:58.092260 469469 lm_feature_timing.cpp:80] node dpath/a_reg_out[6]:755319 resistance 51.788 cap 0.000688225 slew 0.0449412 delay 0.173325 power 4.56854e-05
I0313 15:30:58.147251 469570 lm_feature_timing.cpp:80] node dpath/a_mux/n5:381341 resistance 2.14 cap 0.000761782 slew 0.035087 delay 0.00166616 power 4.34428e-05
I0313 15:30:58.095897 469539 lm_feature_timing.cpp:80] node dpath/a_mux/n1:801183 resistance 1.712 cap 0.000818555 slew 0.035457 delay 0.00140137 power 4.66805e-05
I0313 15:30:58.147300 469493 lm_feature_timing.cpp:80] node dpath/b_reg/n12:1194443 resistance 40.232 cap 0.000748201 slew 0.019979 delay 0.0402165 power 6.527e-05
I0313 15:30:58.095944 469483 lm_feature_timing.cpp:80] node dpath/b_reg_out[11]:448567 resistance 57.78 cap 0.000599959 slew 0.0414827 delay 0.23513 power 7.71979e-05
I0313 15:30:58.095942 469578 lm_feature_timing.cpp:80] node dpath/b_reg/n13:816429 resistance 0.428 cap 0.00113092 slew 0.018543 delay 0.000487386 power 0.000145518
I0313 15:30:58.095959 469531 lm_feature_timing.cpp:80] node dpath/a_lt_b/n36:823017 resistance 17.976 cap 0.000848645 slew 0.045927 delay 0.0152552 power 2.03936e-05
I0313 15:30:58.092352 469477 lm_feature_timing.cpp:137] net dpath/a_lt_b/n33 resistance 20.544 cap 0.000804078 slew 0.00149854 delay 0.00720779 power 9.26098e-09
I0313 15:30:58.095999 469528 lm_feature_timing.cpp:80] node dpath/a_mux_out[3]:377280 resistance 0 cap 0.000762931 slew 0.015352 delay 0 power 7.16551e-05
I0313 15:30:58.095999 469576 lm_feature_timing.cpp:80] node dpath/a_reg_out[10]:484622 resistance 23.968 cap 0.000607275 slew 0.0393864 delay 0.121154 power 0
I0313 15:30:58.147441 469477 lm_feature_timing.cpp:125] build net dpath/b_reg_out[8] feature 
I0313 15:30:58.147435 469483 lm_feature_timing.cpp:80] node dpath/b_reg_out[11]:448583 resistance 64.628 cap 0.000530462 slew 0.0414827 delay 0.238763 power 6.82556e-05
I0313 15:30:58.147450 469531 lm_feature_timing.cpp:80] node dpath/a_lt_b/n36:838095 resistance 0 cap 0.00102503 slew 0.045927 delay 0 power 2.46322e-05
I0313 15:30:58.092422 469490 lm_feature_timing.cpp:80] node dpath/a_reg_out[2]:738475 resistance 69.764 cap 0.000584628 slew 0.0429064 delay 0.241386 power 3.33878e-05
I0313 15:30:58.147485 469531 lm_feature_timing.cpp:137] net dpath/a_lt_b/n36 resistance 41.088 cap 0.00102503 slew 0.00447228 delay 0.0169087 power 1.99521e-08
I0313 15:30:58.147488 469576 lm_feature_timing.cpp:80] node dpath/a_reg_out[10]:484621 resistance 23.54 cap 0.000615106 slew 0.0393864 delay 0.120894 power 0
I0313 15:30:58.096081 469519 lm_feature_timing.cpp:80] node dpath/a_mux/FE_OFN5_n18:791329 resistance 46.652 cap 0.00148596 slew 0.0317631 delay 0.419358 power 9.60735e-05
I0313 15:30:58.147531 469531 lm_feature_timing.cpp:125] build net dpath/b_reg_out[9] feature 
I0313 15:30:58.092447 469574 lm_feature_timing.cpp:80] node ctrl/n1:1485031 resistance 21.828 cap 0.000935927 slew 0.029815 delay 0.0207114 power 1.5162e-05
I0313 15:30:58.096134 469472 lm_feature_timing.cpp:80] node dpath/a_mux_out[13]:456831 resistance 3.424 cap 0.000946756 slew 0.016793 delay 0.00324169 power 0.000100232
I0313 15:30:58.096144 469594 lm_feature_timing.cpp:80] node ctrl/U16:B1 resistance 22.684 cap 0.000655402 slew 0.029179 delay 0.0201559 power 4.7836e-05
I0313 15:30:58.147588 469574 lm_feature_timing.cpp:80] node ctrl/n1:1464919 resistance 1.284 cap 0.00113698 slew 0.029815 delay 0.00148368 power 1.84191e-05
I0313 15:30:58.090019 469451 lm_feature_timing.cpp:80] node dpath/a_lt_b/n23:838283 resistance 1.712 cap 0.000777561 slew 0.024902 delay 0.00136571 power 1.25965e-05
I0313 15:30:58.092571 469581 lm_feature_timing.cpp:80] node dpath/b_reg/n16:828929 resistance 16.692 cap 0.000716095 slew 0.01706 delay 0.0121685 power 0.000109353
I0313 15:30:58.147620 469472 lm_feature_timing.cpp:80] node dpath/a_reg/U6:A2 resistance 20.116 cap 0.000574604 slew 0.016793 delay 0.0156541 power 6.08324e-05
I0313 15:30:58.092622 469481 lm_feature_timing.cpp:80] node dpath/a_reg_out[9]:831621 resistance 28.248 cap 0.00270692 slew 0.0459835 delay 0.170477 power 0.000198349
I0313 15:30:58.092614 469537 lm_feature_timing.cpp:80] node dpath/a_lt_b/n15:778807 resistance 12.412 cap 0.0006501 slew 0.021785 delay 0.0112791 power 5.26581e-06
I0313 15:30:58.096259 469592 lm_feature_timing.cpp:80] node dpath/a_lt_b/n32:482795 resistance 7.704 cap 0.000650613 slew 0.020978 delay 0.0113259 power 5.26996e-06
I0313 15:30:58.096256 469479 lm_feature_timing.cpp:80] node dpath/b_mux_out[13]:464370 resistance 0 cap 0.000991587 slew 0.017469 delay 0 power 0.000121928
I0313 15:30:58.096263 469454 lm_feature_timing.cpp:80] node dpath/a_reg/n13:852501 resistance 35.096 cap 0.000781872 slew 0.019329 delay 0.0319474 power 4.80029e-05
I0313 15:30:58.147765 469531 lm_feature_timing.cpp:80] node dpath/sub/U24:I resistance 80.892 cap 0.000599444 slew 0.043787 delay 0.301554 power 7.8912e-05
I0313 15:30:58.092694 469557 lm_feature_timing.cpp:80] node dpath/a_mux_out[14]:827159 resistance 19.688 cap 0.00086549 slew 0.0173 delay 0.017208 power 9.5532e-05
I0313 15:30:58.143321 469515 lm_feature_timing.cpp:80] node dpath/a_lt_b/n35:1190041 resistance 12.84 cap 0.00133865 slew 0.033561 delay 0.0174185 power 3.27656e-05
I0313 15:30:58.147821 469531 lm_feature_timing.cpp:80] node dpath/b_reg_out[9]:440253 resistance 80.892 cap 0.000611386 slew 0.043787 delay 0.301554 power 8.04841e-05
I0313 15:30:58.092707 469590 lm_feature_timing.cpp:80] node dpath/b_reg/U10:Z resistance 0 cap 0.000956692 slew 0.017358 delay 0 power 0.000125391
I0313 15:30:58.092729 469474 lm_feature_timing.cpp:80] node dpath/a_mux_out[15]:804527 resistance 8.132 cap 0.000931094 slew 0.016859 delay 0.00760827 power 0.000107028
I0313 15:30:58.147848 469479 lm_feature_timing.cpp:80] node dpath/b_mux_out[13]:464377 resistance 2.996 cap 0.000959089 slew 0.017469 delay 0.00287343 power 0.000117932
I0313 15:30:58.092800 469485 lm_feature_timing.cpp:80] node dpath/a_mux/n4:1141605 resistance 9.416 cap 0.000795452 slew 0.036398 delay 0.00774134 power 4.5363e-05
I0313 15:30:58.092845 469504 lm_feature_timing.cpp:80] node dpath/a_lt_b/n10:1098083 resistance 13.696 cap 0.000781089 slew 0.022374 delay 0.0183584 power 6.32682e-06
I0313 15:30:58.143649 469487 lm_feature_timing.cpp:80] node dpath/a_reg_out[5]:736091 resistance 26.108 cap 0.0007495 slew 0.0410004 delay 0.140014 power 4.80299e-05
I0313 15:30:58.092846 469567 lm_feature_timing.cpp:80] node dpath/a_lt_b/n17:422663 resistance 27.392 cap 0.000597325 slew 0.02546 delay 0.0236709 power 2.41166e-05
I0313 15:30:58.143723 469443 lm_feature_timing.cpp:80] node dpath/a_lt_b/n24:834925 resistance 6.848 cap 0.000686295 slew 0.019989 delay 0.00599333 power 0
I0313 15:30:58.143715 469499 lm_feature_timing.cpp:80] node dpath/b_reg_out[12]:823087 resistance 37.236 cap 0.00248196 slew 0.0348662 delay 0.125234 power 0.000320528
I0313 15:30:58.143741 469523 lm_feature_timing.cpp:80] node dpath/b_mux/n1:791351 resistance 13.696 cap 0.000696028 slew 0.0427543 delay 0.191945 power 6.77146e-05
I0313 15:30:58.143793 469440 lm_feature_timing.cpp:80] node dpath/b_zero/U1:A4 resistance 8.56 cap 0.000460965 slew 0.0432431 delay 0.0228523 power 6.03026e-05
I0313 15:30:58.143814 469562 lm_feature_timing.cpp:137] net dpath/a_reg/n10 resistance 14.552 cap 0.000711592 slew 0.000655989 delay 0.00464197 power 4.09105e-08
I0313 15:30:58.147960 469443 lm_feature_timing.cpp:80] node dpath/a_lt_b/n24:837439 resistance 9.416 cap 0.000657908 slew 0.019989 delay 0.00768284 power 0
I0313 15:30:58.147966 469504 lm_feature_timing.cpp:80] node dpath/a_lt_b/U20:A2 resistance 16.692 cap 0.000581854 slew 0.022374 delay 0.0198011 power 4.71302e-06
I0313 15:30:58.094374 469565 lm_feature_timing.cpp:80] node dpath/b_mux_out[5]:409197 resistance 25.252 cap 0.000590266 slew 0.018108 delay 0.0211593 power 7.21803e-05
I0313 15:30:58.094319 469586 lm_feature_timing.cpp:80] node dpath/a_reg/out_reg_2_:CP resistance 98.44 cap 0.000418247 slew 0.00031564 delay 0.360269 power 0.000135512
I0313 15:30:58.143956 469532 lm_feature_timing.cpp:80] node dpath/a_reg_out[1]:377193 resistance 38.092 cap 0.00136242 slew 0.0420913 delay 0.175095 power 7.4383e-05
I0313 15:30:58.148015 469443 lm_feature_timing.cpp:80] node dpath/a_lt_b/n24:482965 resistance 6.848 cap 0.000743459 slew 0.019989 delay 0.00599333 power 0
I0313 15:30:58.143973 469438 lm_feature_timing.cpp:80] node dpath/a_lt_b/U31:ZN resistance 0 cap 0.000991451 slew 0.020196 delay 0 power 8.03076e-06
I0313 15:30:58.143990 469547 lm_feature_timing.cpp:80] node dpath/a_mux_out[9]:1177707 resistance 68.052 cap 0.000700874 slew 0.0222031 delay 0.090724 power 8.51836e-05
I0313 15:30:58.143988 469460 lm_feature_timing.cpp:80] node dpath/a_lt_b/n9:1093889 resistance 14.552 cap 0.000861938 slew 0.031625 delay 0.012921 power 1.39634e-05
I0313 15:30:58.144042 469442 lm_feature_timing.cpp:80] node dpath/a_lt_b/U13:B1 resistance 13.268 cap 0.000662236 slew 0.017306 delay 0.010655 power 5.36411e-06
I0313 15:30:58.148126 469438 lm_feature_timing.cpp:80] node dpath/a_lt_b/n29:484488 resistance 0 cap 0.000991451 slew 0.020196 delay 0 power 8.03076e-06
I0313 15:30:58.144053 469545 lm_feature_timing.cpp:80] node dpath/a_reg/n14:828985 resistance 0.428 cap 0.0011967 slew 0.018996 delay 0.000515539 power 7.57268e-05
I0313 15:30:58.144080 469561 lm_feature_timing.cpp:80] node dpath/a_lt_b/n7:738445 resistance 23.54 cap 0.00133709 slew 0.021289 delay 0.0366016 power 2.43684e-05
I0313 15:30:58.144069 469478 lm_feature_timing.cpp:80] node dpath/a_reg_out[3]:736025 resistance 27.82 cap 0.000673282 slew 0.042396 delay 0.0529296 power 4.00372e-05
I0313 15:30:58.148171 469460 lm_feature_timing.cpp:80] node dpath/a_lt_b/n9:741901 resistance 2.568 cap 0.00100915 slew 0.031625 delay 0.00259151 power 1.63483e-05
I0313 15:30:58.148188 469438 lm_feature_timing.cpp:80] node dpath/a_lt_b/n29:842337 resistance 15.836 cap 0.000733627 slew 0.020196 delay 0.0131883 power 5.94238e-06
I0313 15:30:58.086581 469467 lm_feature_timing.cpp:80] node dpath/a_lt_b/n12:394981 resistance 3.852 cap 0.00158935 slew 0.020683 delay 0.00612218 power 1.28737e-05
I0313 15:30:58.144279 469595 lm_feature_timing.cpp:80] node dpath/b_mux_out[1]:394803 resistance 0.428 cap 0.000893312 slew 0.017 delay 0.000382338 power 0.000105001
I0313 15:30:58.144302 469551 lm_feature_timing.cpp:137] net dpath/a_lt_b/n31 resistance 53.072 cap 0.00115242 slew 0.00720821 delay 0.0235908 power 2.30718e-08
I0313 15:30:58.148237 469438 lm_feature_timing.cpp:80] node dpath/a_lt_b/n29:837307 resistance 9.844 cap 0.000794902 slew 0.020196 delay 0.00879243 power 6.43871e-06
I0313 15:30:58.144548 469541 lm_feature_timing.cpp:80] node dpath/a_mux_out[7]:1139151 resistance 20.972 cap 0.000774091 slew 0.017289 delay 0.0186959 power 8.69679e-05
I0313 15:30:58.148257 469467 lm_feature_timing.cpp:80] node dpath/a_lt_b/n12:746941 resistance 3.852 cap 0.000804768 slew 0.020683 delay 0.00612218 power 6.51862e-06
I0313 15:30:58.148273 469551 lm_feature_timing.cpp:125] build net dpath/b_zero/n2 feature 
I0313 15:30:58.144681 469521 lm_feature_timing.cpp:80] node dpath/b_reg_out[1]:770267 resistance 0.856 cap 0.00483142 slew 0.036533 delay 0.00414592 power 0.000613457
I0313 15:30:58.148289 469438 lm_feature_timing.cpp:80] node dpath/a_lt_b/n29:485347 resistance 9.844 cap 0.000893177 slew 0.020196 delay 0.00879243 power 7.23473e-06
I0313 15:30:58.144697 469475 lm_feature_timing.cpp:80] node dpath/a_lt_b/n37:831389 resistance 4.708 cap 0.00141014 slew 0.018123 delay 0.00686937 power 1.14222e-05
I0313 15:30:58.094619 469466 lm_feature_timing.cpp:80] node dpath/b_reg/n1:467901 resistance 18.404 cap 0.000798023 slew 0.041398 delay 0.0294521 power 6.04785e-05
I0313 15:30:58.148336 469438 lm_feature_timing.cpp:80] node dpath/a_lt_b/n29:484488 resistance 0 cap 0.000991451 slew 0.020196 delay 0 power 8.03076e-06
I0313 15:30:58.144831 469535 lm_feature_timing.cpp:80] node dpath/b_reg/n8:768741 resistance 2.568 cap 0.00101581 slew 0.018037 delay 0.0026815 power 0.000131973
I0313 15:30:58.148365 469438 lm_feature_timing.cpp:137] net dpath/a_lt_b/n29 resistance 31.672 cap 0.000991451 slew 0.00363679 delay 0.0131883 power 6.50491e-09
I0313 15:30:58.148361 469521 lm_feature_timing.cpp:80] node dpath/b_reg_out[1]:418305 resistance 0 cap 0.00485531 slew 0.036533 delay 0 power 0.00061649
I0313 15:30:58.148380 469475 lm_feature_timing.cpp:80] node dpath/a_lt_b/U1:ZN resistance 0 cap 0.00150803 slew 0.018123 delay 0 power 1.2215e-05
I0313 15:30:58.148406 469438 lm_feature_timing.cpp:125] build net dpath/b_zero/n3 feature 
I0313 15:30:58.094702 469462 lm_feature_timing.cpp:80] node dpath/a_mux_out[6]:402548 resistance 23.112 cap 0.000590657 slew 0.017149 delay 0.0188792 power 6.36448e-05
I0313 15:30:58.148434 469466 lm_feature_timing.cpp:80] node dpath/b_reg/n1:819861 resistance 18.404 cap 0.000773748 slew 0.041398 delay 0.0294521 power 5.86388e-05
I0313 15:30:58.094745 469556 lm_feature_timing.cpp:80] node dpath/b_mux_out[6]:756147 resistance 0.428 cap 0.000860815 slew 0.016905 delay 0.00037178 power 0.000106254
I0313 15:30:58.145248 469441 lm_feature_timing.cpp:80] node dpath/a_mux_out[4]:1079609 resistance 16.264 cap 0.00114781 slew 0.019269 delay 0.0213456 power 0.000113116
I0313 15:30:58.148501 469462 lm_feature_timing.cpp:80] node dpath/a_mux_out[6]:755343 resistance 20.972 cap 0.000630595 slew 0.017149 delay 0.0175912 power 6.79481e-05
I0313 15:30:58.145249 469589 lm_feature_timing.cpp:80] node dpath/b_reg/U3:A2 resistance 18.404 cap 0.000574604 slew 0.017135 delay 0.0138969 power 7.19593e-05
I0313 15:30:58.145295 469501 lm_feature_timing.cpp:80] node dpath/b_mux_out[4]:401621 resistance 16.692 cap 0.000574604 slew 0.017183 delay 0.0123328 power 6.96035e-05
I0313 15:30:58.148550 469441 lm_feature_timing.cpp:80] node dpath/a_mux_out[4]:721783 resistance 10.272 cap 0.00127036 slew 0.019269 delay 0.0141008 power 0.000125193
I0313 15:30:58.148559 469462 lm_feature_timing.cpp:80] node dpath/a_mux_out[6]:1107303 resistance 20.972 cap 0.000757647 slew 0.017149 delay 0.0175912 power 8.16383e-05
I0313 15:30:58.148555 469556 lm_feature_timing.cpp:80] node dpath/b_mux_out[6]:769555 resistance 14.124 cap 0.00072554 slew 0.016905 delay 0.0103088 power 8.95562e-05
I0313 15:30:58.148586 469501 lm_feature_timing.cpp:80] node dpath/b_mux_out[4]:753581 resistance 16.692 cap 0.000734545 slew 0.017183 delay 0.0123328 power 8.89776e-05
I0313 15:30:58.148591 469589 lm_feature_timing.cpp:80] node dpath/b_mux_out[15]:447610 resistance 18.404 cap 0.0007551 slew 0.017135 delay 0.0138969 power 9.45634e-05
I0313 15:30:58.148612 469462 lm_feature_timing.cpp:80] node dpath/a_mux_out[6]:1107273 resistance 8.132 cap 0.000884699 slew 0.017149 delay 0.007863 power 9.53285e-05
I0313 15:30:58.091092 469520 lm_feature_timing.cpp:80] node dpath/a_mux/n6:380631 resistance 4.28 cap 0.000631792 slew 0.033624 delay 0.00270407 power 3.60298e-05
I0313 15:30:58.145548 469503 lm_feature_timing.cpp:80] node ctrl/state_out[1]:778605 resistance 21.828 cap 0.000727436 slew 0.029421 delay 0.0524907 power 5.89223e-06
I0313 15:30:58.148653 469556 lm_feature_timing.cpp:80] node dpath/b_mux/U8:Z resistance 0 cap 0.000876477 slew 0.016905 delay 0 power 0.000108187
I0313 15:30:58.091121 469571 lm_feature_timing.cpp:80] node ctrl/n5:778589 resistance 35.524 cap 0.00088412 slew 0.021618 delay 0.0336459 power 7.88522e-05
I0313 15:30:58.095005 469591 lm_feature_timing.cpp:80] node dpath/b_mux_out[12]:819729 resistance 4.708 cap 0.00068443 slew 0.01617 delay 0.00328991 power 8.34203e-05
I0313 15:30:58.145684 469538 lm_feature_timing.cpp:80] node dpath/a_reg/n18:809839 resistance 4.28 cap 0.0198711 slew 0.0502032 delay 0.0852144 power 0.000160956
I0313 15:30:58.148711 469438 lm_feature_timing.cpp:80] node dpath/b_zero/n3:432617 resistance 26.536 cap 0.000901793 slew 0.016811 delay 0.0309579 power 2.92181e-05
I0313 15:30:58.148730 469571 lm_feature_timing.cpp:80] node ctrl/n5:752609 resistance 6.42 cap 0.00116739 slew 0.021618 delay 0.00791444 power 0.000104116
I0313 15:30:58.087396 469480 lm_feature_timing.cpp:80] node dpath/a_reg_out[4]:725243 resistance 2.14 cap 0.0068548 slew 0.0490061 delay 0.0147212 power 0.00042349
I0313 15:30:58.145774 469593 lm_feature_timing.cpp:80] node dpath/b_mux_out[10]:462820 resistance 5.136 cap 0.000627657 slew 0.01565 delay 0.00322365 power 3.30735e-05
I0313 15:30:58.148780 469571 lm_feature_timing.cpp:80] node ctrl/n5:400649 resistance 6.42 cap 0.00123278 slew 0.021618 delay 0.00791444 power 0.000109948
I0313 15:30:58.148789 469438 lm_feature_timing.cpp:80] node dpath/b_zero/n3:784577 resistance 26.536 cap 0.00102062 slew 0.016811 delay 0.0309579 power 3.30682e-05
I0313 15:30:58.095089 469509 lm_feature_timing.cpp:80] node dpath/a_lt_b/n34:469376 resistance 0 cap 0.00109012 slew 0.019827 delay 0 power 8.82995e-06
I0313 15:30:58.145857 469468 lm_feature_timing.cpp:80] node dpath/a_lt_b/n11:393321 resistance 7.704 cap 0.000608132 slew 0.030248 delay 0.00927981 power 9.85174e-06
I0313 15:30:58.148854 469438 lm_feature_timing.cpp:80] node dpath/b_zero/n3:432611 resistance 29.104 cap 0.000873406 slew 0.016811 delay 0.0332008 power 2.82984e-05
I0313 15:30:58.145897 469577 lm_feature_timing.cpp:80] node dpath/a_reg_out[11]:815571 resistance 56.068 cap 0.00086833 slew 0.0394354 delay 0.205558 power 5.3311e-05
I0313 15:30:58.095153 469563 lm_feature_timing.cpp:80] node dpath/a_mux_out[0]:739181 resistance 15.836 cap 0.000627657 slew 0.016457 delay 0.011685 power 4.22677e-05
