I0315 02:59:28.452145 2851142 lm_feature_timing.cpp:80] node dpath/a_reg/n5:1439899 resistance 7.704 cap 0.00094847 slew 0.018395 delay 0.00791213 power 5.61092e-05
I0315 02:59:28.450088 2851273 lm_feature_timing.cpp:80] node dpath/a_reg_out[15]:1154841 resistance 27.392 cap 0.000761443 slew 0.027745 delay 0.0468099 power 7.70619e-05
I0315 02:59:28.452167 2851219 lm_feature_timing.cpp:80] node dpath/a_reg_out[0]:740011 resistance 19.688 cap 0.00070467 slew 0.0390441 delay 0.056163 power 3.23511e-05
I0315 02:59:28.452174 2851221 lm_feature_timing.cpp:80] node dpath/a_lt_b/n32:482795 resistance 7.704 cap 0.000650613 slew 0.020978 delay 0.0113259 power 5.26996e-06
I0315 02:59:06.975817 2851222 lm_feature_timing.cpp:80] node dpath/b_reg/out_reg_4_:D resistance 15.836 cap 0.000564376 slew 0.016914 delay 0.0114275 power 7.24728e-05
I0315 02:59:28.452196 2851219 lm_feature_timing.cpp:80] node dpath/a_reg_out[0]:372971 resistance 28.248 cap 0.000644485 slew 0.0390441 delay 0.0784118 power 2.9588e-05
I0315 02:59:28.450173 2851287 lm_feature_timing.cpp:80] node dpath/a_lt_b/n5:386501 resistance 0 cap 0.000639636 slew 0.015064 delay 0 power 8.09539e-06
I0315 02:59:28.452225 2851222 lm_feature_timing.cpp:80] node dpath/b_reg/n6:768675 resistance 15.836 cap 0.000691428 slew 0.016914 delay 0.0114275 power 8.87879e-05
I0315 02:59:28.443894 2851238 lm_feature_timing.cpp:80] node dpath/a_mux_out[13]:819685 resistance 14.552 cap 0.00079954 slew 0.016793 delay 0.012139 power 0.000134455
I0315 02:59:28.450197 2851186 lm_feature_timing.cpp:80] node dpath/a_mux/n9:432652 resistance 1.284 cap 0.000992984 slew 0.037386 delay 0.00127499 power 5.6169e-05
I0315 02:59:28.452253 2851222 lm_feature_timing.cpp:80] node dpath/b_reg/n6:756105 resistance 2.996 cap 0.00081848 slew 0.016914 delay 0.00254953 power 0.000105103
I0315 02:59:28.450201 2851146 lm_feature_timing.cpp:80] node dpath/a_mux_out[9]:825747 resistance 68.052 cap 0.000664265 slew 0.0222031 delay 0.090724 power 8.0325e-05
I0315 02:59:28.450187 2851279 lm_feature_timing.cpp:80] node dpath/b_zero/U4:A1 resistance 49.648 cap 0.000561993 slew 0.0405594 delay 0.147999 power 6.99803e-05
I0315 02:59:28.450188 2851209 lm_feature_timing.cpp:80] node dpath/a_mux_out[8]:469589 resistance 62.916 cap 0.000598488 slew 0.0212991 delay 0.0763435 power 6.96208e-05
I0315 02:59:28.452286 2851238 lm_feature_timing.cpp:80] node dpath/a_mux_out[13]:456831 resistance 3.424 cap 0.000946756 slew 0.016793 delay 0.00324169 power 0.000159212
I0315 02:59:28.452294 2851146 lm_feature_timing.cpp:80] node dpath/a_mux_out[9]:1177707 resistance 68.052 cap 0.000700874 slew 0.0222031 delay 0.090724 power 8.47518e-05
I0315 02:59:28.447018 2851140 lm_feature_timing.cpp:80] node dpath/a_lt_b/U13:B1 resistance 13.268 cap 0.000662236 slew 0.017306 delay 0.010655 power 5.36411e-06
I0315 02:59:28.450244 2851213 lm_feature_timing.cpp:80] node dpath/a_lt_b/n2:737553 resistance 5.992 cap 0.000648236 slew 0.023105 delay 0.00388423 power 1.05014e-05
I0315 02:59:28.450248 2851218 lm_feature_timing.cpp:137] net dpath/a_reg/n11 resistance 29.96 cap 0.000867031 slew 0.00282752 delay 0.0107196 power 5.12443e-08
I0315 02:59:28.452343 2851140 lm_feature_timing.cpp:80] node dpath/a_lt_b/n1:380570 resistance 12.412 cap 0.00068612 slew 0.017306 delay 0.0100881 power 5.55758e-06
I0315 02:59:28.450294 2851237 lm_feature_timing.cpp:80] node dpath/b_reg_out[10]:834933 resistance 20.116 cap 0.000686127 slew 0.0399552 delay 0.0649355 power 5.97008e-05
I0315 02:59:28.452363 2851218 lm_feature_timing.cpp:125] build net dpath/b_reg_out[2] feature 
I0315 02:59:28.450286 2851278 lm_feature_timing.cpp:80] node dpath/a_mux_out[10]:477051 resistance 43.228 cap 0.000590266 slew 0.019133 delay 0.0438711 power 4.78116e-06
I0315 02:59:28.452373 2851140 lm_feature_timing.cpp:80] node dpath/a_lt_b/n1:380570 resistance 12.412 cap 0.00068612 slew 0.017306 delay 0.0100881 power 5.55758e-06
I0315 02:59:28.447119 2851159 lm_feature_timing.cpp:80] node dpath/b_mux_out[5]:409197 resistance 25.252 cap 0.000590266 slew 0.018108 delay 0.0211593 power 7.20065e-05
I0315 02:59:28.452397 2851140 lm_feature_timing.cpp:80] node dpath/a_lt_b/n1:381408 resistance 11.556 cap 0.000722338 slew 0.017306 delay 0.00950077 power 5.85094e-06
I0315 02:59:28.450371 2851143 lm_feature_timing.cpp:80] node dpath/b_mux_out[4]:753581 resistance 16.692 cap 0.000734545 slew 0.017183 delay 0.0123328 power 8.87614e-05
I0315 02:59:28.450378 2851203 lm_feature_timing.cpp:80] node dpath/a_reg_out[14]:1185865 resistance 24.824 cap 0.0017609 slew 0.0404481 delay 0.0768424 power 0.000246034
I0315 02:59:28.450387 2851256 lm_feature_timing.cpp:80] node dpath/a_reg/n16:838045 resistance 0 cap 0.000867813 slew 0.022332 delay 0 power 0.000121252
I0315 02:59:28.447222 2851145 lm_feature_timing.cpp:80] node dpath/a_mux/U17:ZN resistance 0 cap 0.000676622 slew 0.033624 delay 0 power 3.82737e-05
I0315 02:59:28.452451 2851256 lm_feature_timing.cpp:137] net dpath/a_reg/n16 resistance 30.816 cap 0.000867813 slew 0.002577 delay 0.0110336 power 9.82139e-08
I0315 02:59:28.452456 2851203 lm_feature_timing.cpp:80] node dpath/a_reg_out[14]:1185845 resistance 16.264 cap 0.00184684 slew 0.040448 delay 0.0617691 power 0.000258042
I0315 02:59:28.452466 2851159 lm_feature_timing.cpp:80] node dpath/b_mux/U7:Z resistance 0 cap 0.00109025 slew 0.018108 delay 0 power 0.000133
I0315 02:59:28.452483 2851145 lm_feature_timing.cpp:80] node dpath/a_mux/U18:B resistance 4.28 cap 0.000586961 slew 0.033624 delay 0.00270407 power 3.3202e-05
I0315 02:59:06.976174 2851187 lm_feature_timing.cpp:80] node dpath/a_lt_b/U32:ZN resistance 0 cap 0.000705413 slew 0.015449 delay 0 power 9.44363e-06
I0315 02:59:28.452508 2851218 lm_feature_timing.cpp:80] node dpath/b_reg_out[2]:414963 resistance 2.996 cap 0.0046784 slew 0.035629 delay 0.0140165 power 0.000595302
I0315 02:59:28.450477 2851156 lm_feature_timing.cpp:80] node dpath/a_reg_out[12]:492903 resistance 24.396 cap 0.000519209 slew 0.0441404 delay 0.144413 power 4.89262e-05
I0315 02:59:28.447304 2851234 lm_feature_timing.cpp:80] node dpath/a_mux_out[14]:456763 resistance 0.856 cap 0.00106204 slew 0.0173 delay 0.000909106 power 0.000183515
I0315 02:59:28.450508 2851173 lm_feature_timing.cpp:80] node dpath/a_reg_out[4]:739447 resistance 36.38 cap 0.00557693 slew 0.0490071 delay 0.229129 power 0.000342825
I0315 02:59:28.450523 2851240 lm_feature_timing.cpp:80] node dpath/a_lt_b/n7:736769 resistance 21.828 cap 0.00135725 slew 0.021289 delay 0.0343125 power 2.47359e-05
I0315 02:59:28.450523 2851235 lm_feature_timing.cpp:80] node ctrl/n5:778589 resistance 35.524 cap 0.00088412 slew 0.021618 delay 0.0336459 power 7.87118e-05
I0315 02:59:28.452579 2851173 lm_feature_timing.cpp:80] node dpath/a_reg_out[4]:1091407 resistance 36.38 cap 0.0054581 slew 0.0490071 delay 0.229129 power 0.00033552
I0315 02:59:28.452586 2851240 lm_feature_timing.cpp:80] node dpath/a_lt_b/n7:738445 resistance 23.54 cap 0.00133709 slew 0.021289 delay 0.0366016 power 2.43684e-05
I0315 02:59:28.444648 2851266 lm_feature_timing.cpp:80] node dpath/b_mux_out[1]:409051 resistance 15.836 cap 0.000586546 slew 0.017 delay 0.0116818 power 6.87706e-05
I0315 02:59:28.452605 2851173 lm_feature_timing.cpp:80] node dpath/a_reg_out[4]:727715 resistance 24.396 cap 0.00641237 slew 0.0490068 delay 0.162295 power 0.000394181
I0315 02:59:28.450585 2851267 lm_feature_timing.cpp:80] node dpath/a_mux/n1:455921 resistance 11.128 cap 0.000602623 slew 0.035457 delay 0.00798141 power 3.40879e-05
I0315 02:59:28.450626 2851136 lm_feature_timing.cpp:80] node dpath/a_lt_b/n36:471057 resistance 17.976 cap 0.00067226 slew 0.045927 delay 0.0152552 power 1.57437e-05
I0315 02:59:28.452634 2851266 lm_feature_timing.cpp:80] node dpath/b_mux_out[1]:409049 resistance 14.98 cap 0.000598488 slew 0.017 delay 0.0111797 power 7.01708e-05
I0315 02:59:28.447443 2851289 lm_feature_timing.cpp:80] node dpath/a_mux/n13:729307 resistance 2.568 cap 0.000853007 slew 0.035942 delay 0.00219052 power 4.82511e-05
I0315 02:59:28.450639 2851217 lm_feature_timing.cpp:80] node dpath/b_mux_out[9]:469553 resistance 8.132 cap 0.000598488 slew 0.016298 delay 0.00555464 power 7.57603e-05
I0315 02:59:28.452669 2851267 lm_feature_timing.cpp:80] node dpath/a_mux/n1:807881 resistance 11.128 cap 0.00067212 slew 0.035457 delay 0.00798141 power 3.80191e-05
I0315 02:59:28.450688 2851232 lm_feature_timing.cpp:80] node dpath/a_reg/n3:388922 resistance 0 cap 0.00127814 slew 0.019387 delay 0 power 6.9388e-05
I0315 02:59:28.447465 2851166 lm_feature_timing.cpp:80] node dpath/b_reg/n4:768621 resistance 12.412 cap 0.000666762 slew 0.01652 delay 0.0085469 power 8.48419e-05
I0315 02:59:28.447515 2851229 lm_feature_timing.cpp:80] node ctrl/n2:798723 resistance 8.56 cap 0.000779872 slew 0.023799 delay 0.00787645 power 6.31696e-06
I0315 02:59:28.450702 2851288 lm_feature_timing.cpp:80] node dpath/a_mux/U27:B1 resistance 94.588 cap 0.000647571 slew 0.0377072 delay 0.734065 power 4.14692e-05
I0315 02:59:28.450734 2851215 lm_feature_timing.cpp:80] node dpath/b_reg/n3:409906 resistance 0 cap 0.00078481 slew 0.016325 delay 0 power 9.93698e-05
I0315 02:59:28.447546 2851199 lm_feature_timing.cpp:80] node dpath/a_reg/n8:410115 resistance 9.416 cap 0.000670482 slew 0.01695 delay 0.00722537 power 4.43011e-05
I0315 02:59:28.450747 2851258 lm_feature_timing.cpp:80] node dpath/a_reg/n17:822127 resistance 21.4 cap 0.000732539 slew 0.017676 delay 0.0165879 power 7.41367e-05
I0315 02:59:28.444857 2851210 lm_feature_timing.cpp:80] node dpath/a_mux/n5:385523 resistance 9.844 cap 0.000586961 slew 0.035087 delay 0.00681233 power 3.3202e-05
I0315 02:59:28.447614 2851134 lm_feature_timing.cpp:80] node dpath/a_lt_b/n3:386422 resistance 3.852 cap 0.00120418 slew 0.018363 delay 0.00463851 power 9.75387e-06
I0315 02:59:28.450805 2851168 lm_feature_timing.cpp:80] node ctrl/U3:A2 resistance 5.564 cap 0.00058282 slew 0.015546 delay 0.00356087 power 1.39405e-05
I0315 02:59:28.450819 2851223 lm_feature_timing.cpp:80] node dpath/CTS_1:484706 resistance 84.316 cap 0.000426078 slew 0.000853081 delay 0.737868 power 0.000138049
I0315 02:59:28.452864 2851210 lm_feature_timing.cpp:80] node dpath/a_mux/n5:737483 resistance 9.844 cap 0.000631792 slew 0.035087 delay 0.00681233 power 3.57379e-05
I0315 02:59:28.452879 2851168 lm_feature_timing.cpp:80] node ctrl/n3:433350 resistance 5.564 cap 0.000639984 slew 0.015546 delay 0.00356087 power 1.53078e-05
I0315 02:59:28.452876 2851258 lm_feature_timing.cpp:80] node dpath/a_reg/n17:806207 resistance 4.28 cap 0.000900702 slew 0.017676 delay 0.00404688 power 9.11556e-05
I0315 02:59:06.976534 2851216 lm_feature_timing.cpp:80] node dpath/a_mux_out[15]:804527 resistance 8.132 cap 0.000931094 slew 0.016859 delay 0.00760827 power 0.000165176
I0315 02:59:28.452905 2851210 lm_feature_timing.cpp:80] node dpath/a_mux/n5:733293 resistance 5.564 cap 0.000676622 slew 0.035087 delay 0.00410826 power 3.82737e-05
I0315 02:59:28.450888 2851180 lm_feature_timing.cpp:80] node dpath/a_lt_b/n19:829093 resistance 20.972 cap 0.000816021 slew 0.017501 delay 0.0179182 power 1.38279e-05
I0315 02:59:28.445027 2851263 lm_feature_timing.cpp:80] node dpath/b_mux_out[0]:394828 resistance 0 cap 0.000942254 slew 0.017178 delay 0 power 0.000106529
I0315 02:59:28.452940 2851210 lm_feature_timing.cpp:80] node dpath/a_mux/n5:737483 resistance 9.844 cap 0.000631792 slew 0.035087 delay 0.00681233 power 3.57379e-05
I0315 02:59:28.447767 2851151 lm_feature_timing.cpp:80] node ctrl_a_reg_en_0_:454525 resistance 200.732 cap 0.0011376 slew 0.0402393 delay 2.31708 power 9.21454e-06
I0315 02:59:28.452950 2851258 lm_feature_timing.cpp:80] node dpath/a_reg/n17:454247 resistance 4.28 cap 0.000945532 slew 0.017676 delay 0.00404688 power 9.56927e-05
I0315 02:59:28.452968 2851263 lm_feature_timing.cpp:80] node dpath/b_mux_out[0]:394825 resistance 1.284 cap 0.000926201 slew 0.017178 delay 0.00118924 power 0.000104714
I0315 02:59:28.450923 2851211 lm_feature_timing.cpp:80] node dpath/a_mux/n17:792959 resistance 0 cap 0.00074984 slew 0.034452 delay 0 power 6.0737e-06
I0315 02:59:28.450912 2851185 lm_feature_timing.cpp:80] node dpath/a_reg/n19:508973 resistance 2.996 cap 0.000997854 slew 9.02853e-06 delay 0.00298957 power 0
I0315 02:59:06.977741 2851161 lm_feature_timing.cpp:80] node dpath/b_reg/FE_OFN2_ctrl_b_reg_en_0:823209 resistance 130.54 cap 0.000735812 slew 0.0278504 delay 0.728667 power 5.55824e-05
I0315 02:59:28.450947 2851157 lm_feature_timing.cpp:80] node dpath/a_mux/FE_OFN3_ctrl_a_mux_sel_1:441803 resistance 16.692 cap 0.0107747 slew 0.0264728 delay 0.193796 power 0.000344995
I0315 02:59:28.453032 2851185 lm_feature_timing.cpp:80] node dpath/a_reg/n19:854229 resistance 9.844 cap 0.00089586 slew 1.44834e-05 delay 0.00912442 power 0
I0315 02:59:28.447842 2851208 lm_feature_timing.cpp:80] node dpath/b_reg/n5:777033 resistance 10.7 cap 0.000625651 slew 0.016388 delay 0.00721337 power 7.99793e-05
I0315 02:59:28.450990 2851176 lm_feature_timing.cpp:80] node dpath/a_mux_out[3]:377280 resistance 0 cap 0.000762931 slew 0.015352 delay 0 power 7.1185e-05
I0315 02:59:28.453063 2851157 lm_feature_timing.cpp:80] node dpath/a_mux/FE_OFN3_ctrl_a_mux_sel_1:793763 resistance 16.692 cap 0.0108113 slew 0.0264728 delay 0.193796 power 0.000346167
I0315 02:59:28.453078 2851208 lm_feature_timing.cpp:80] node dpath/b_reg/n5:419207 resistance 4.708 cap 0.000735868 slew 0.016388 delay 0.00346447 power 9.40687e-05
I0315 02:59:28.453094 2851176 lm_feature_timing.cpp:80] node dpath/a_mux_out[3]:379810 resistance 9.416 cap 0.000668768 slew 0.015352 delay 0.00629712 power 6.23991e-05
I0315 02:59:28.451030 2851290 lm_feature_timing.cpp:80] node dpath/a_mux_out[1]:729133 resistance 10.7 cap 0.000762931 slew 0.016524 delay 0.00930288 power 6.37551e-05
I0315 02:59:28.447922 2851261 lm_feature_timing.cpp:80] node CTS_1:402419 resistance 98.44 cap 0.000418247 slew 0.00031564 delay 0.360269 power 0.000135512
I0315 02:59:28.453121 2851176 lm_feature_timing.cpp:80] node dpath/a_mux_out[3]:377280 resistance 0 cap 0.000762931 slew 0.015352 delay 0 power 7.1185e-05
I0315 02:59:28.451061 2851182 lm_feature_timing.cpp:80] node dpath/b_mux_out[3]:404132 resistance 0 cap 0.000884699 slew 0.016915 delay 0 power 0.000105882
I0315 02:59:28.447975 2851165 lm_feature_timing.cpp:80] node dpath/a_reg_out[8]:829077 resistance 86.028 cap 0.000625738 slew 0.0475417 delay 0.302122 power 4.42204e-05
I0315 02:59:28.453136 2851290 lm_feature_timing.cpp:80] node dpath/a_mux_out[1]:738351 resistance 20.116 cap 0.000668768 slew 0.016524 delay 0.0156 power 5.58862e-05
I0315 02:59:28.451081 2851225 lm_feature_timing.cpp:80] node dpath/a_reg_out[3]:384903 resistance 28.676 cap 0.000649398 slew 0.042396 delay 0.0534957 power 3.84168e-05
I0315 02:59:28.448081 2851212 lm_feature_timing.cpp:80] node dpath/a_mux_out[12]:797127 resistance 1.284 cap 0.00133692 slew 0.018929 delay 0.00173721 power 0.000218524
I0315 02:59:28.453167 2851165 lm_feature_timing.cpp:80] node dpath/a_reg_out[8]:437719 resistance 66.34 cap 0.000764771 slew 0.0475416 delay 0.256271 power 5.40458e-05
I0315 02:59:28.451133 2851139 lm_feature_timing.cpp:80] node dpath/a_reg/n13:830713 resistance 12.84 cap 0.000999367 slew 0.019329 delay 0.014546 power 9.1661e-05
I0315 02:59:28.451166 2851272 lm_feature_timing.cpp:80] node ctrl_a_mux_sel[1]:439258 resistance 12.84 cap 0.000725014 slew 0.014695 delay 0.00930918 power 2.32142e-05
I0315 02:59:28.451179 2851135 lm_feature_timing.cpp:80] node dpath/a_lt_b/n24:485479 resistance 9.416 cap 0.000629522 slew 0.019989 delay 0.00768284 power 0
I0315 02:59:28.451211 2851233 lm_feature_timing.cpp:80] node dpath/b_mux_out[12]:819729 resistance 4.708 cap 0.00068443 slew 0.01617 delay 0.00328991 power 9.39165e-05
I0315 03:00:28.450035 2851272 lm_feature_timing.cpp:80] node ctrl/U13:ZN resistance 0 cap 0.000852066 slew 0.014695 delay 0 power 2.72823e-05
I0315 03:00:28.450042 2851139 lm_feature_timing.cpp:80] node dpath/a_reg/n13:852501 resistance 35.096 cap 0.000781872 slew 0.019329 delay 0.0319474 power 7.17125e-05
I0315 02:59:28.451226 2851138 lm_feature_timing.cpp:80] node dpath/a_lt_b/n23:486323 resistance 1.712 cap 0.000797725 slew 0.024902 delay 0.00136571 power 1.29231e-05
I0315 02:59:28.445567 2851205 lm_feature_timing.cpp:80] node dpath/b_mux_out[8]:793861 resistance 5.564 cap 0.00104992 slew 0.018669 delay 0.00615984 power 0.0001317
I0315 02:59:28.451254 2851286 lm_feature_timing.cpp:80] node dpath/a_reg/n9:440276 resistance 0 cap 0.000728037 slew 0.016117 delay 0 power 4.9777e-05
I0315 02:59:28.449054 2851276 lm_feature_timing.cpp:80] node dpath/a_mux_out[7]:787191 resistance 20.972 cap 0.000679928 slew 0.017289 delay 0.0186959 power 7.59699e-05
I0315 02:59:28.448143 2851183 lm_feature_timing.cpp:80] node dpath/a_reg/n2:746707 resistance 8.988 cap 0.000650317 slew 0.016259 delay 0.00588519 power 2.98558e-05
I0315 03:00:28.450197 2851233 lm_feature_timing.cpp:80] node dpath/b_reg/U6:A2 resistance 8.132 cap 0.000574604 slew 0.01617 delay 0.0053827 power 7.88464e-05
I0315 03:00:28.450227 2851286 lm_feature_timing.cpp:137] net dpath/a_reg/n9 resistance 16.264 cap 0.000728037 slew 0.000835056 delay 0.00525495 power 4.03193e-08
I0315 02:59:28.449133 2851147 lm_feature_timing.cpp:80] node dpath/a_reg/n18:388329 resistance 85.6 cap 0.00629408 slew 0.0502106 delay 0.773999 power 5.0982e-05
I0315 02:59:28.451359 2851198 lm_feature_timing.cpp:80] node CTS_ccl_a_buf_00004:I resistance 84.744 cap 0.00109572 slew 0.000474482 delay 0.398156 power 0.000355013
I0315 03:00:28.450289 2851286 lm_feature_timing.cpp:125] build net dpath/b_reg_out[4] feature 
I0315 03:00:28.450269 2851205 lm_feature_timing.cpp:80] node dpath/b_mux_out[8]:812297 resistance 24.396 cap 0.000865317 slew 0.018669 delay 0.0224555 power 0.000108543
I0315 02:59:28.451375 2851153 lm_feature_timing.cpp:80] node ctrl/state_out[1]:424132 resistance 19.688 cap 0.00159106 slew 0.029421 delay 0.0519176 power 0.000145269
I0315 03:00:28.450302 2851233 lm_feature_timing.cpp:80] node dpath/b_mux_out[12]:470281 resistance 8.132 cap 0.000611213 slew 0.01617 delay 0.0053827 power 8.38698e-05
I0315 02:59:28.445863 2851242 lm_feature_timing.cpp:80] node dpath/b_reg/n8:416781 resistance 2.568 cap 0.0010442 slew 0.018037 delay 0.0026815 power 0.000135289
I0315 03:00:28.450340 2851198 lm_feature_timing.cpp:80] node clk:417383 resistance 84.744 cap 0.00109572 slew 0.000474482 delay 0.398156 power 0.000355013
I0315 02:59:28.451390 2851191 lm_feature_timing.cpp:80] node ctrl/next_state__0[1]:778555 resistance 17.12 cap 0.000589485 slew 0.030897 delay 0.0129773 power 5.38217e-05
I0315 03:00:28.450376 2851153 lm_feature_timing.cpp:80] node ctrl/state_out[1]:431673 resistance 26.964 cap 0.00062133 slew 0.029421 delay 0.0559544 power 5.67292e-05
I0315 02:59:06.977279 2851253 lm_feature_timing.cpp:80] node dpath/a_mux/U6:B resistance 5.992 cap 0.000586961 slew 0.034079 delay 0.00392244 power 3.3202e-05
I0315 02:59:28.451428 2851282 lm_feature_timing.cpp:80] node dpath/a_reg_out[13]:860749 resistance 0.856 cap 0.00510406 slew 0.03813 delay 0.0043793 power 0.000492992
I0315 02:59:28.449277 2851189 lm_feature_timing.cpp:80] node dpath/a_mux/U13:ZN resistance 0 cap 0.000676622 slew 0.033624 delay 0 power 3.82737e-05
I0315 02:59:28.449365 2851243 lm_feature_timing.cpp:80] node dpath/b_reg/n9:783841 resistance 12.84 cap 0.000633873 slew 0.016665 delay 0.00893526 power 8.24905e-05
I0315 02:59:28.451486 2851269 lm_feature_timing.cpp:80] node dpath/b_zero/U2:A4 resistance 64.628 cap 0.000460965 slew 0.0414827 delay 0.238763 power 6.26793e-05
I0315 03:00:28.450606 2851286 lm_feature_timing.cpp:80] node dpath/sub/U27:I resistance 66.768 cap 0.000599444 slew 0.0371373 delay 0.175067 power 7.6976e-05
I0315 02:59:28.451460 2851262 lm_feature_timing.cpp:80] node dpath/a_lt_b/n15:1130767 resistance 12.412 cap 0.000752485 slew 0.021785 delay 0.0112791 power 6.09513e-06
I0315 03:00:28.450644 2851253 lm_feature_timing.cpp:80] node dpath/a_mux/n2:446013 resistance 5.992 cap 0.000598903 slew 0.034079 delay 0.00392244 power 3.38775e-05
I0315 02:59:28.451486 2851175 lm_feature_timing.cpp:80] node dpath/a_lt_b/U31:ZN resistance 0 cap 0.000991451 slew 0.020196 delay 0 power 8.03076e-06
I0315 03:00:28.450704 2851253 lm_feature_timing.cpp:80] node dpath/a_mux/n2:446011 resistance 5.136 cap 0.000610845 slew 0.034079 delay 0.00340978 power 3.4553e-05
I0315 02:59:06.977311 2851220 lm_feature_timing.cpp:80] node dpath/a_reg/U14:B1 resistance 30.388 cap 0.000659839 slew 0.0410004 delay 0.14303 power 4.20809e-05
I0315 02:59:28.451556 2851275 lm_feature_timing.cpp:80] node dpath/a_lt_b/n4:735191 resistance 10.7 cap 0.000661477 slew 0.021374 delay 0.00825553 power 5.35797e-06
I0315 02:59:28.451568 2851170 lm_feature_timing.cpp:80] node dpath/b_mux_out[11]:464440 resistance 0 cap 0.000705376 slew 0.015792 delay 0 power 9.59044e-05
I0315 03:00:28.450798 2851175 lm_feature_timing.cpp:80] node dpath/a_lt_b/n29:484488 resistance 0 cap 0.000991451 slew 0.020196 delay 0 power 8.03076e-06
I0315 02:59:28.451598 2851255 lm_feature_timing.cpp:80] node dpath/b_reg_out[13]:850737 resistance 0.428 cap 0.00651312 slew 0.046944 delay 0.00279097 power 0.000893544
I0315 02:59:06.977346 2851246 lm_feature_timing.cpp:80] node dpath/a_lt_b/n9:741929 resistance 14.552 cap 0.000743108 slew 0.031625 delay 0.012921 power 1.20384e-05
I0315 02:59:28.449512 2851259 lm_feature_timing.cpp:80] node dpath/b_mux_out[6]:417595 resistance 14.124 cap 0.000590266 slew 0.016905 delay 0.0103088 power 7.2685e-05
I0315 03:00:28.450877 2851255 lm_feature_timing.cpp:80] node dpath/b_reg_out[13]:498776 resistance 0 cap 0.00652878 slew 0.046944 delay 0 power 0.000895693
I0315 03:00:28.450878 2851175 lm_feature_timing.cpp:80] node dpath/a_lt_b/n29:842337 resistance 15.836 cap 0.000733627 slew 0.020196 delay 0.0131883 power 5.94238e-06
I0315 03:00:28.450903 2851255 lm_feature_timing.cpp:80] node dpath/b_reg_out[13]:498777 resistance 0.428 cap 0.00652095 slew 0.046944 delay 0.00279097 power 0.000894618
I0315 02:59:28.446120 2851144 lm_feature_timing.cpp:80] node dpath/a_mux/FE_OFN5_n18:394959 resistance 92.02 cap 0.000422101 slew 0.0317656 delay 0.684255 power 2.70305e-05
I0315 03:00:28.450917 2851275 lm_feature_timing.cpp:80] node dpath/a_lt_b/n4:738543 resistance 14.124 cap 0.000624869 slew 0.021374 delay 0.0103951 power 5.06144e-06
I0315 02:59:28.446236 2851241 lm_feature_timing.cpp:80] node dpath/b_reg/n13:464469 resistance 0.428 cap 0.00113875 slew 0.018543 delay 0.000487386 power 0.000154841
I0315 02:59:28.449574 2851248 lm_feature_timing.cpp:80] node dpath/b_reg/n12:844159 resistance 41.944 cap 0.00058454 slew 0.019979 delay 0.0412172 power 5.08616e-05
I0315 02:59:28.451706 2851193 lm_feature_timing.cpp:80] node dpath/a_reg/n1:479387 resistance 0 cap 0.000759415 slew 0.011477 delay 0 power 0.000131223
I0315 02:59:06.973309 2851283 lm_feature_timing.cpp:125] build net dpath/a_mux/n7 feature 
I0315 02:59:28.449653 2851264 lm_feature_timing.cpp:80] node dpath/a_lt_b/n10:1098083 resistance 13.696 cap 0.000781089 slew 0.022374 delay 0.0183584 power 6.32682e-06
I0315 03:00:28.451107 2851144 lm_feature_timing.cpp:80] node dpath/a_mux/FE_OFN5_n18:394953 resistance 89.452 cap 0.000450488 slew 0.0317656 delay 0.683171 power 2.88483e-05
I0315 02:59:28.451747 2851190 lm_feature_timing.cpp:125] build net dpath/b_reg_out[14] feature 
I0315 02:59:28.451699 2851158 lm_feature_timing.cpp:80] node ctrl/n1:1485031 resistance 21.828 cap 0.000935927 slew 0.029815 delay 0.0207114 power 1.5162e-05
I0315 02:59:28.451767 2851226 lm_feature_timing.cpp:80] node dpath/a_lt_b/n18:484661 resistance 7.276 cap 0.0014337 slew 0.021423 delay 0.0104316 power 1.1613e-05
I0315 02:59:28.449681 2851172 lm_feature_timing.cpp:80] node dpath/b_reg/n16:813845 resistance 1.284 cap 0.000867813 slew 0.01706 delay 0.00113488 power 0.000142406
I0315 03:00:28.451278 2851264 lm_feature_timing.cpp:80] node dpath/a_lt_b/n10:1098071 resistance 8.56 cap 0.000834142 slew 0.022374 delay 0.0143467 power 6.75655e-06
I0315 03:00:28.451325 2851226 lm_feature_timing.cpp:80] node dpath/a_lt_b/n18:484659 resistance 8.132 cap 0.000778978 slew 0.021423 delay 0.0110984 power 6.30972e-06
I0315 02:59:28.449697 2851200 lm_feature_timing.cpp:80] node dpath/a_mux/U2:ZN resistance 0 cap 0.00064193 slew 0.018175 delay 0 power 4.11079e-05
I0315 02:59:28.451810 2851247 lm_feature_timing.cpp:80] node dpath/a_mux/n10:445979 resistance 10.272 cap 0.000770786 slew 0.037124 delay 0.00898029 power 4.36002e-05
I0315 02:59:28.451824 2842323 lm_feature_timing.cpp:80] node dpath/a_lt_b/n8:386611 resistance 47.08 cap 0.000616441 slew 0.053906 delay 0.050494 power 9.93759e-06
I0315 02:59:28.451846 2851178 lm_feature_timing.cpp:80] node dpath/a_reg_out[9]:487172 resistance 53.5 cap 0.000585985 slew 0.0459835 delay 0.216218 power 4.27575e-05
I0315 02:59:28.451860 2851174 lm_feature_timing.cpp:80] node dpath/a_mux_out[0]:387221 resistance 15.836 cap 0.000574604 slew 0.016457 delay 0.011685 power 3.83884e-05
I0315 03:00:28.451537 2851178 lm_feature_timing.cpp:80] node dpath/a_reg_out[9]:487167 resistance 51.36 cap 0.000610261 slew 0.0459835 delay 0.214964 power 4.45288e-05
I0315 02:59:28.451870 2851265 lm_feature_timing.cpp:80] node dpath/a_mux/n15:434309 resistance 1.712 cap 0.000905278 slew 0.036668 delay 0.00158436 power 5.12079e-05
I0315 03:00:28.451407 2851158 lm_feature_timing.cpp:80] node ctrl/n1:1464919 resistance 1.284 cap 0.00113698 slew 0.029815 delay 0.00148368 power 1.84191e-05
I0315 02:59:28.451965 2851214 lm_feature_timing.cpp:80] node dpath/a_lt_b/n14:415116 resistance 0 cap 0.00162292 slew 0.020585 delay 0 power 1.31457e-05
I0315 03:00:28.451614 2851265 lm_feature_timing.cpp:80] node dpath/a_mux/n15:434327 resistance 9.416 cap 0.000827559 slew 0.036668 delay 0.00795987 power 4.68116e-05
I0315 02:59:28.443351 2851236 lm_feature_timing.cpp:80] node ctrl_b_mux_sel_0_:439398 resistance 151.084 cap 0.00106438 slew 0.0310884 delay 2.06795 power 0.000103382
I0315 02:59:28.449930 2851181 lm_feature_timing.cpp:80] node dpath/a_lt_b/n6:389033 resistance 10.7 cap 0.000941727 slew 0.01385 delay 0.0100765 power 1.5256e-05
I0315 02:59:28.446641 2851164 lm_feature_timing.cpp:80] node dpath/a_lt_b/n34:838927 resistance 20.972 cap 0.000848737 slew 0.019827 delay 0.0184255 power 6.87477e-06
I0315 02:59:28.452023 2851163 lm_feature_timing.cpp:80] node dpath/a_mux/n14:751953 resistance 10.272 cap 0.000708729 slew 0.036474 delay 0.00838272 power 4.00899e-05
I0315 02:59:28.452037 2851162 lm_feature_timing.cpp:80] node dpath/a_mux/n4:1141605 resistance 9.416 cap 0.000795452 slew 0.036398 delay 0.00774134 power 4.49955e-05
I0315 03:00:28.451709 2851164 lm_feature_timing.cpp:80] node dpath/a_lt_b/n34:821329 resistance 2.996 cap 0.00102512 slew 0.019827 delay 0.00316863 power 8.30349e-06
I0315 02:59:28.452031 2851179 lm_feature_timing.cpp:80] node dpath/b_mux_out[2]:409931 resistance 34.24 cap 0.00060671 slew 0.019314 delay 0.0323978 power 7.18972e-05
I0315 02:59:28.449961 2851250 lm_feature_timing.cpp:80] node dpath/b_mux/n1:1128223 resistance 25.68 cap 0.000740859 slew 0.0427555 delay 0.326244 power 7.19585e-05
I0315 03:00:28.451745 2851162 lm_feature_timing.cpp:80] node dpath/a_mux/U9:ZN resistance 0 cap 0.000921722 slew 0.036398 delay 0 power 5.2138e-05
I0315 02:59:28.449982 2851196 lm_feature_timing.cpp:80] node dpath/a_reg_out[7]:424361 resistance 26.108 cap 0.00063155 slew 0.0402571 delay 0.0858963 power 4.31801e-05
I0315 03:00:28.451776 2851162 lm_feature_timing.cpp:80] node dpath/a_mux/n4:792143 resistance 0 cap 0.000921722 slew 0.036398 delay 0 power 5.2138e-05
I0315 03:00:28.451792 2851179 lm_feature_timing.cpp:80] node dpath/b_mux_out[2]:409934 resistance 35.524 cap 0.000590657 slew 0.019314 delay 0.0331562 power 6.99949e-05
I0315 02:59:28.450027 2851141 lm_feature_timing.cpp:80] node dpath/a_mux/U23:ZN resistance 0 cap 0.000734177 slew 0.034274 delay 0 power 4.15294e-05
I0315 03:00:28.451834 2851162 lm_feature_timing.cpp:80] node dpath/a_mux/n4:789629 resistance 2.568 cap 0.000893336 slew 0.036398 delay 0.00229409 power 5.05323e-05
I0315 03:00:28.451864 2851162 lm_feature_timing.cpp:80] node dpath/a_mux/n4:792143 resistance 0 cap 0.000921722 slew 0.036398 delay 0 power 5.2138e-05
I0315 03:00:28.451866 2851179 lm_feature_timing.cpp:80] node dpath/b_mux_out[2]:761891 resistance 34.24 cap 0.00060671 slew 0.019314 delay 0.0323978 power 7.18972e-05
I0315 03:00:28.451889 2851162 lm_feature_timing.cpp:80] node dpath/a_mux/n4:782941 resistance 16.264 cap 0.000656458 slew 0.036398 delay 0.0122368 power 3.71331e-05
I0315 02:59:28.452136 2851155 lm_feature_timing.cpp:80] node dpath/a_lt_b/placeFE_RC_0_0:A1 resistance 12.412 cap 0.000571979 slew 0.020683 delay 0.011754 power 4.63303e-06
I0315 02:59:28.450099 2851251 lm_feature_timing.cpp:80] node dpath/a_lt_b/n11:393327 resistance 10.272 cap 0.000579745 slew 0.030248 delay 0.0107686 power 9.39188e-06
I0315 02:59:28.450114 2851260 lm_feature_timing.cpp:80] node dpath/b_reg/n10:462060 resistance 11.984 cap 0.000739979 slew 0.017358 delay 0.0100218 power 9.67238e-05
I0315 02:59:28.450134 2851257 lm_feature_timing.cpp:80] node dpath/a_reg_out[11]:456933 resistance 44.084 cap 0.00318191 slew 0.0394354 delay 0.183542 power 0.000291842
I0315 03:00:28.451992 2851155 lm_feature_timing.cpp:80] node dpath/a_lt_b/n12:395001 resistance 12.412 cap 0.00065792 slew 0.020683 delay 0.011754 power 5.32916e-06
I0315 03:00:28.452028 2851257 lm_feature_timing.cpp:80] node dpath/a_reg_out[11]:808893 resistance 44.084 cap 0.00339941 slew 0.0394354 delay 0.183542 power 0.00031179
I0315 03:00:28.452036 2851155 lm_feature_timing.cpp:80] node dpath/a_lt_b/n12:394981 resistance 3.852 cap 0.00158935 slew 0.020683 delay 0.00612218 power 1.28737e-05
I0315 03:00:28.452031 2851251 lm_feature_timing.cpp:80] node dpath/a_lt_b/n11:745281 resistance 7.704 cap 0.000636518 slew 0.030248 delay 0.00927981 power 1.03116e-05
I0315 02:59:28.452127 2851244 lm_feature_timing.cpp:80] node dpath/a_mux_out[11]:445178 resistance 0 cap 0.00132047 slew 0.018599 delay 0 power 0.000209199
I0315 02:59:28.452204 2851221 lm_feature_timing.cpp:80] node dpath/a_lt_b/n32:834755 resistance 7.704 cap 0.000662555 slew 0.020978 delay 0.0113259 power 5.3667e-06
I0315 03:00:28.452104 2851251 lm_feature_timing.cpp:80] node dpath/a_lt_b/n11:747795 resistance 5.136 cap 0.00148856 slew 0.030248 delay 0.00764523 power 2.41146e-05
I0315 02:59:28.452235 2851219 lm_feature_timing.cpp:80] node dpath/a_reg_out[0]:724931 resistance 28.248 cap 0.00196766 slew 0.0390441 delay 0.0784118 power 9.03342e-05
I0315 02:59:28.452255 2851287 lm_feature_timing.cpp:80] node dpath/a_lt_b/n5:387341 resistance 1.712 cap 0.000619471 slew 0.015064 delay 0.00106053 power 7.84018e-06
I0315 02:59:28.450212 2851201 lm_feature_timing.cpp:80] node dpath/b_reg/n2:776977 resistance 18.832 cap 0.000740761 slew 0.017303 delay 0.0141112 power 9.22408e-05
I0315 03:00:28.452179 2851219 lm_feature_timing.cpp:80] node dpath/a_reg_out[0]:723255 resistance 29.96 cap 0.00117595 slew 0.0390441 delay 0.080425 power 5.39875e-05
I0315 02:59:28.452283 2851186 lm_feature_timing.cpp:80] node dpath/a_mux/n9:433490 resistance 2.14 cap 0.000964989 slew 0.037386 delay 0.00210102 power 5.45854e-05
I0315 03:00:28.452212 2851219 lm_feature_timing.cpp:80] node dpath/a_reg_out[0]:724931 resistance 28.248 cap 0.00196766 slew 0.0390441 delay 0.0784118 power 9.03342e-05
I0315 02:59:28.444080 2851150 lm_feature_timing.cpp:80] node dpath/b_reg/n1:776287 resistance 228.124 cap 0.000720695 slew 0.0414223 delay 1.73208 power 5.44405e-05
I0315 03:00:28.452247 2851219 lm_feature_timing.cpp:80] node dpath/a_reg_out[0]:724931 resistance 28.248 cap 0.00196766 slew 0.0390441 delay 0.0784118 power 9.03342e-05
I0315 03:00:28.452265 2851186 lm_feature_timing.cpp:80] node dpath/a_mux/n9:433490 resistance 2.14 cap 0.000964989 slew 0.037386 delay 0.00210102 power 5.45854e-05
I0315 02:59:28.452178 2851252 lm_feature_timing.cpp:80] node dpath/a_lt_b/n30:844043 resistance 33.812 cap 0.00136782 slew 0.0375951 delay 0.0574258 power 2.89288e-05
I0315 02:59:28.452328 2851146 lm_feature_timing.cpp:80] node dpath/a_mux_out[9]:1177699 resistance 64.628 cap 0.000737483 slew 0.0222031 delay 0.0883242 power 8.91786e-05
I0315 02:59:28.447073 2851254 lm_feature_timing.cpp:80] node dpath/b_reg/out_reg_12_:D resistance 43.228 cap 0.000564376 slew 0.020042 delay 0.0425672 power 7.70951e-05
I0315 02:59:28.452358 2851213 lm_feature_timing.cpp:80] node dpath/a_lt_b/n2:731687 resistance 0 cap 0.000709511 slew 0.023105 delay 0 power 1.14941e-05
I0315 02:59:28.450297 2851227 lm_feature_timing.cpp:80] node dpath/a_mux_out[4]:1079657 resistance 38.52 cap 0.000930312 slew 0.019269 delay 0.0420507 power 9.11085e-05
I0315 03:00:28.452410 2851146 lm_feature_timing.cpp:80] node dpath/a_mux_out[9]:1177707 resistance 68.052 cap 0.000700874 slew 0.0222031 delay 0.090724 power 8.47518e-05
I0315 02:59:28.452386 2851237 lm_feature_timing.cpp:80] node dpath/b_reg_out[10]:1186893 resistance 20.116 cap 0.000772068 slew 0.0399552 delay 0.0649355 power 6.71786e-05
I0315 02:59:28.447206 2851148 lm_feature_timing.cpp:80] node ctrl/next_state__0[0]:1138903 resistance 9.844 cap 0.000794256 slew 0.029224 delay 0.00884021 power 7.07114e-05
I0315 03:00:28.452451 2851213 lm_feature_timing.cpp:80] node dpath/a_lt_b/n2:737553 resistance 5.992 cap 0.000648236 slew 0.023105 delay 0.00388423 power 1.05014e-05
I0315 02:59:28.452425 2851140 lm_feature_timing.cpp:80] node dpath/a_lt_b/n1:381408 resistance 11.556 cap 0.000722338 slew 0.017306 delay 0.00950077 power 5.85094e-06
I0315 03:00:28.452513 2851213 lm_feature_timing.cpp:80] node dpath/a_lt_b/U13:ZN resistance 0 cap 0.000709511 slew 0.023105 delay 0 power 1.14941e-05
I0315 02:59:28.444355 2851281 lm_feature_timing.cpp:80] node dpath/a_lt_b/U24:A2 resistance 8.56 cap 0.000574762 slew 0.024183 delay 0.00569383 power 9.31114e-06
I0315 03:00:28.452531 2851237 lm_feature_timing.cpp:80] node dpath/b_reg_out[10]:1186873 resistance 11.556 cap 0.00085801 slew 0.0399552 delay 0.0583266 power 7.46565e-05
I0315 02:59:28.452451 2851143 lm_feature_timing.cpp:80] node dpath/b_mux/U6:Z resistance 0 cap 0.000910148 slew 0.017183 delay 0 power 0.000109981
I0315 02:59:28.450454 2851169 lm_feature_timing.cpp:80] node dpath/b_mux_out[13]:464377 resistance 2.996 cap 0.000959089 slew 0.017469 delay 0.00287343 power 0.000132735
I0315 02:59:28.447211 2851202 lm_feature_timing.cpp:80] node dpath/a_lt_b/n37:470216 resistance 16.264 cap 0.000615559 slew 0.018123 delay 0.0195055 power 4.98602e-06
I0315 03:00:28.452615 2851237 lm_feature_timing.cpp:80] node dpath/b_reg_out[10]:1186893 resistance 20.116 cap 0.000772068 slew 0.0399552 delay 0.0649355 power 6.71786e-05
I0315 03:00:28.452620 2851140 lm_feature_timing.cpp:80] node dpath/a_lt_b/n1:381413 resistance 9.416 cap 0.000746613 slew 0.017306 delay 0.00795497 power 6.04757e-06
I0315 02:59:28.450475 2851152 lm_feature_timing.cpp:80] node dpath/a_lt_b/placeFE_RC_0_0:ZN resistance 0 cap 0.00113098 slew 0.02546 delay 0 power 4.56627e-05
I0315 02:59:28.452519 2851145 lm_feature_timing.cpp:80] node dpath/a_mux/n8:380582 resistance 4.28 cap 0.000631792 slew 0.033624 delay 0.00270407 power 3.57379e-05
I0315 03:00:28.452687 2851281 lm_feature_timing.cpp:80] node dpath/a_lt_b/n16:424345 resistance 8.56 cap 0.000611371 slew 0.024183 delay 0.00569383 power 9.9042e-06
I0315 03:00:28.452718 2851202 lm_feature_timing.cpp:80] node dpath/a_lt_b/U35:A1 resistance 12.412 cap 0.000598426 slew 0.018123 delay 0.0171344 power 4.84725e-06
I0315 03:00:28.452728 2851140 lm_feature_timing.cpp:80] node dpath/a_lt_b/U12:ZN resistance 0 cap 0.00094238 slew 0.017306 delay 0 power 7.63328e-06
I0315 02:59:28.452539 2851187 lm_feature_timing.cpp:80] node dpath/a_lt_b/n28:490390 resistance 0 cap 0.000705413 slew 0.015449 delay 0 power 9.44363e-06
I0315 03:00:28.452797 2851202 lm_feature_timing.cpp:80] node dpath/a_lt_b/n37:471887 resistance 12.412 cap 0.0012547 slew 0.018123 delay 0.0171344 power 1.01631e-05
I0315 02:59:28.447321 2851230 lm_feature_timing.cpp:80] node dpath/a_reg_out[1]:739225 resistance 55.212 cap 0.00056404 slew 0.0420913 delay 0.189743 power 3.06208e-05
I0315 02:59:28.450572 2851231 lm_feature_timing.cpp:80] node ctrl/state_out[0]:781955 resistance 67.624 cap 0.00167486 slew 0.0498893 delay 0.2292 power 0.00014911
I0315 02:59:28.452603 2851235 lm_feature_timing.cpp:80] node ctrl/U14:ZN resistance 0 cap 0.00129816 slew 0.021618 delay 0 power 0.000115574
I0315 03:00:28.452898 2851187 lm_feature_timing.cpp:80] node dpath/a_lt_b/U33:C resistance 5.136 cap 0.000599307 slew 0.015449 delay 0.00335052 power 8.02316e-06
I0315 02:59:28.450613 2851277 lm_feature_timing.cpp:80] node dpath/a_mux_out[5]:387465 resistance 30.388 cap 0.000623155 slew 0.017957 delay 0.0281072 power 6.38972e-05
I0315 02:59:28.452569 2851234 lm_feature_timing.cpp:80] node dpath/a_mux_out[14]:808723 resistance 0.856 cap 0.0010501 slew 0.0173 delay 0.000909106 power 0.000181451
I0315 03:00:28.452975 2851277 lm_feature_timing.cpp:80] node dpath/a_mux_out[5]:739425 resistance 30.388 cap 0.000700874 slew 0.017957 delay 0.0281072 power 7.18664e-05
I0315 03:00:28.452979 2851187 lm_feature_timing.cpp:80] node dpath/a_lt_b/n28:492058 resistance 5.136 cap 0.00065236 slew 0.015449 delay 0.00335052 power 8.7334e-06
I0315 02:59:28.452632 2851173 lm_feature_timing.cpp:80] node dpath/a_reg_out[4]:739447 resistance 36.38 cap 0.00557693 slew 0.0490071 delay 0.229129 power 0.000342825
I0315 03:00:28.453011 2851277 lm_feature_timing.cpp:80] node dpath/a_mux_out[5]:731883 resistance 22.684 cap 0.000778593 slew 0.017957 delay 0.0227076 power 7.98356e-05
I0315 02:59:28.452680 2851289 lm_feature_timing.cpp:80] node dpath/a_mux/n13:377347 resistance 2.568 cap 0.000824621 slew 0.035942 delay 0.00219052 power 4.66454e-05
I0315 02:59:28.452721 2851217 lm_feature_timing.cpp:80] node dpath/b_mux_out[9]:469555 resistance 8.988 cap 0.000586546 slew 0.016298 delay 0.00605672 power 7.42485e-05
I0315 02:59:28.452723 2851267 lm_feature_timing.cpp:80] node dpath/a_mux/n1:801177 resistance 4.28 cap 0.000741617 slew 0.035457 delay 0.00337874 power 4.19502e-05
I0315 02:59:28.452724 2851232 lm_feature_timing.cpp:80] node dpath/a_reg/n3:388903 resistance 8.132 cap 0.00119631 slew 0.019387 delay 0.00972837 power 6.49455e-05
I0315 02:59:28.452735 2851166 lm_feature_timing.cpp:80] node dpath/b_reg/U16:Z resistance 0 cap 0.000817698 slew 0.01652 delay 0 power 0.000104048
I0315 02:59:28.452745 2851229 lm_feature_timing.cpp:80] node ctrl/n2:440059 resistance 1.712 cap 0.00148124 slew 0.023799 delay 0.00253589 power 1.19981e-05
I0315 03:00:28.453140 2851267 lm_feature_timing.cpp:80] node dpath/a_mux/n1:807881 resistance 11.128 cap 0.00067212 slew 0.035457 delay 0.00798141 power 3.80191e-05
I0315 03:00:28.453157 2851232 lm_feature_timing.cpp:80] node dpath/a_reg/n3:388922 resistance 0 cap 0.00127814 slew 0.019387 delay 0 power 6.9388e-05
I0315 02:59:28.452781 2851288 lm_feature_timing.cpp:80] node dpath/a_mux/FE_OFN4_n16:730141 resistance 94.588 cap 0.000659513 slew 0.0377072 delay 0.734065 power 4.22339e-05
I0315 03:00:28.453197 2851166 lm_feature_timing.cpp:80] node dpath/b_reg/n4:407436 resistance 0 cap 0.000817698 slew 0.01652 delay 0 power 0.000104048
I0315 03:00:28.453222 2851267 lm_feature_timing.cpp:80] node dpath/a_mux/n1:455920 resistance 11.556 cap 0.000594792 slew 0.035457 delay 0.00823599 power 3.36449e-05
I0315 03:00:28.453225 2851229 lm_feature_timing.cpp:80] node ctrl/n2:792019 resistance 1.712 cap 0.000849369 slew 0.023799 delay 0.00253589 power 6.87989e-06
I0315 02:59:28.450826 2851177 lm_feature_timing.cpp:80] node dpath/a_lt_b/n20:476276 resistance 0 cap 0.000761231 slew 0.012461 delay 0 power 1.23319e-05
I0315 03:00:28.453269 2851166 lm_feature_timing.cpp:80] node dpath/b_reg/n4:768621 resistance 12.412 cap 0.000666762 slew 0.01652 delay 0.0085469 power 8.48419e-05
I0315 03:00:28.453316 2851229 lm_feature_timing.cpp:80] node ctrl/U13:A2 resistance 2.14 cap 0.000596047 slew 0.023799 delay 0.00279435 power 4.82798e-06
I0315 02:59:28.452873 2851134 lm_feature_timing.cpp:80] node dpath/a_lt_b/U11:ZN resistance 0 cap 0.0012449 slew 0.018363 delay 0 power 1.00837e-05
I0315 02:59:28.452905 2851168 lm_feature_timing.cpp:80] node ctrl/U13:A1 resistance 4.28 cap 0.000595933 slew 0.015546 delay 0.00276794 power 1.42541e-05
I0315 02:59:28.447695 2851160 lm_feature_timing.cpp:80] node dpath/a_lt_b/n22:484637 resistance 19.688 cap 0.000624663 slew 0.047613 delay 0.016254 power 1.56063e-05
I0315 02:59:28.452941 2851216 lm_feature_timing.cpp:80] node dpath/a_mux_out[15]:796985 resistance 0.428 cap 0.00100881 slew 0.016859 delay 0.000435124 power 0.000178963
I0315 02:59:28.447788 2851284 lm_feature_timing.cpp:80] node dpath/a_reg/n4:753533 resistance 16.264 cap 0.000691428 slew 0.01709 delay 0.0118058 power 3.92742e-05
I0315 03:00:28.453471 2851168 lm_feature_timing.cpp:80] node ctrl/n3:437549 resistance 4.28 cap 0.000607875 slew 0.015546 delay 0.00276794 power 1.45398e-05
I0315 03:00:28.453490 2851160 lm_feature_timing.cpp:80] node dpath/a_lt_b/n22:484639 resistance 20.544 cap 0.000612721 slew 0.047613 delay 0.0167785 power 1.5308e-05
I0315 03:00:28.453508 2851216 lm_feature_timing.cpp:80] node dpath/a_mux_out[15]:804527 resistance 8.132 cap 0.000931094 slew 0.016859 delay 0.00760827 power 0.000165176
I0315 03:00:28.453500 2851134 lm_feature_timing.cpp:80] node dpath/a_lt_b/n3:388933 resistance 0 cap 0.0012449 slew 0.018363 delay 0 power 1.00837e-05
I0315 02:59:28.452998 2851263 lm_feature_timing.cpp:80] node dpath/b_mux_out[0]:394828 resistance 0 cap 0.000942254 slew 0.017178 delay 0 power 0.000106529
I0315 02:59:28.453011 2851211 lm_feature_timing.cpp:80] node dpath/a_mux/U34:B resistance 7.704 cap 0.000586961 slew 0.034452 delay 0.00517165 power 4.75438e-06
I0315 03:00:28.453569 2851284 lm_feature_timing.cpp:80] node dpath/a_reg/n4:389003 resistance 3.424 cap 0.000855089 slew 0.01709 delay 0.00292782 power 4.85703e-05
I0315 03:00:28.453603 2851134 lm_feature_timing.cpp:80] node dpath/a_lt_b/n3:381393 resistance 9.416 cap 0.000647979 slew 0.018363 delay 0.00856511 power 5.24863e-06
I0315 02:59:28.453063 2851185 lm_feature_timing.cpp:80] node dpath/a_reg/n19:860933 resistance 2.996 cap 0.000965357 slew 9.02853e-06 delay 0.00298957 power 0
I0315 02:59:28.453019 2851258 lm_feature_timing.cpp:80] node dpath/a_reg/n17:455093 resistance 0 cap 0.000990363 slew 0.017676 delay 0 power 0.00010023
I0315 03:00:28.453677 2851134 lm_feature_timing.cpp:80] node dpath/a_lt_b/n3:733353 resistance 9.416 cap 0.000701032 slew 0.018363 delay 0.00856511 power 5.67836e-06
I0315 02:59:28.450994 2851154 lm_feature_timing.cpp:80] node dpath/a_lt_b/n21:462046 resistance 43.228 cap 0.000401546 slew 0.0440891 delay 0.081044 power 1.42076e-05
I0315 02:59:28.451013 2851171 lm_feature_timing.cpp:80] node dpath/b_reg/n7:1114023 resistance 21.828 cap 0.000691428 slew 0.017663 delay 0.0170438 power 8.91859e-05
I0315 02:59:28.453019 2851151 lm_feature_timing.cpp:80] node ctrl_a_reg_en_0_:454533 resistance 204.156 cap 0.00110099 slew 0.0402393 delay 2.32085 power 8.91801e-06
I0315 03:00:28.453727 2851258 lm_feature_timing.cpp:137] net dpath/a_reg/n17 resistance 42.8 cap 0.000990363 slew 0.00608817 delay 0.0165879 power 8.11862e-08
I0315 03:00:28.453774 2851171 lm_feature_timing.cpp:80] node dpath/b_reg/n7:410073 resistance 8.988 cap 0.000908533 slew 0.017663 delay 0.00816589 power 0.00011719
I0315 03:00:28.453768 2851185 lm_feature_timing.cpp:80] node dpath/a_reg/out_reg_10_:D resistance 23.968 cap 0.000585765 slew 1.70747e-05 delay 0.0187254 power 0
I0315 03:00:28.453795 2851151 lm_feature_timing.cpp:80] node ctrl_a_reg_en_0_:1089727 resistance 280.34 cap 0.00096525 slew 0.0402399 delay 2.56006 power 7.81852e-06
I0315 03:00:28.453804 2851171 lm_feature_timing.cpp:80] node dpath/b_reg/n7:762033 resistance 8.988 cap 0.00081848 slew 0.017663 delay 0.00816589 power 0.000105574
I0315 02:59:28.451084 2851194 lm_feature_timing.cpp:80] node ctrl/state/n1:763451 resistance 3.852 cap 0.0016408 slew 1.67535e-05 delay 0.00647722 power 1.32905e-05
I0315 02:59:28.453138 2851176 lm_feature_timing.cpp:137] net dpath/a_mux_out[3] resistance 18.832 cap 0.000762931 slew 0.00117847 delay 0.00629712 power 5.63157e-08
I0315 03:00:28.453907 2851194 lm_feature_timing.cpp:137] net ctrl/state/n1 resistance 59.064 cap 0.00172224 slew 0.0275758 delay 0.0299893 power 1.08459e-08
I0315 02:59:28.451131 2851274 lm_feature_timing.cpp:80] node dpath/a_reg_out[10]:484622 resistance 23.968 cap 0.000607275 slew 0.0393864 delay 0.121154 power 0
I0315 03:00:28.453974 2851194 lm_feature_timing.cpp:125] build net dpath/b_reg_out[6] feature 
I0315 02:59:28.453151 2851261 lm_feature_timing.cpp:80] node CTS_1:754379 resistance 98.44 cap 0.000430189 slew 0.00031564 delay 0.360269 power 0.000139381
I0315 02:59:28.453161 2851182 lm_feature_timing.cpp:80] node dpath/b_mux_out[3]:404131 resistance 0.428 cap 0.000876868 slew 0.016915 delay 0.000375299 power 0.000104945
I0315 03:00:28.454034 2851176 lm_feature_timing.cpp:125] build net dpath/b_reg_out[7] feature 
I0315 02:59:28.453171 2851290 lm_feature_timing.cpp:80] node dpath/a_mux/U8:ZN resistance 0 cap 0.000975925 slew 0.016524 delay 0 power 8.15541e-05
I0315 02:59:28.451138 2851239 lm_feature_timing.cpp:80] node dpath/b_reg/n15:822215 resistance 0 cap 0.00116381 slew 0.018748 delay 0 power 0.000159665
I0315 02:59:28.453184 2851225 lm_feature_timing.cpp:80] node dpath/a_reg_out[3]:736863 resistance 28.676 cap 0.00066134 slew 0.042396 delay 0.0534957 power 3.91233e-05
I0315 03:00:28.454089 2851182 lm_feature_timing.cpp:80] node dpath/b_mux_out[3]:404132 resistance 0 cap 0.000884699 slew 0.016915 delay 0 power 0.000105882
I0315 03:00:28.454105 2851239 lm_feature_timing.cpp:80] node dpath/b_reg/n15:852383 resistance 30.816 cap 0.000864093 slew 0.018748 delay 0.0266279 power 0.000118546
I0315 03:00:28.450031 2851135 lm_feature_timing.cpp:80] node dpath/a_lt_b/n24:837439 resistance 9.416 cap 0.000657908 slew 0.019989 delay 0.00768284 power 0
I0315 03:00:28.454118 2851290 lm_feature_timing.cpp:80] node dpath/a_mux_out[1]:378034 resistance 0 cap 0.000975925 slew 0.016524 delay 0 power 8.15541e-05
I0315 03:00:28.454113 2851261 lm_feature_timing.cpp:80] node CTS_1:753541 resistance 97.584 cap 0.000442131 slew 0.000315639 delay 0.3599 power 0.000143251
I0315 03:00:28.454149 2851135 lm_feature_timing.cpp:80] node dpath/a_lt_b/n24:834925 resistance 6.848 cap 0.000686295 slew 0.019989 delay 0.00599333 power 0
I0315 03:00:28.450124 2851272 lm_feature_timing.cpp:80] node ctrl_a_mux_sel[1]:439228 resistance 0 cap 0.000852066 slew 0.014695 delay 0 power 2.72823e-05
I0315 03:00:28.454159 2851182 lm_feature_timing.cpp:80] node dpath/b_mux_out[3]:404131 resistance 0.428 cap 0.000876868 slew 0.016915 delay 0.000375299 power 0.000104945
I0315 03:00:28.454176 2851272 lm_feature_timing.cpp:137] net ctrl_a_mux_sel[1] resistance 25.68 cap 0.000852066 slew 0.00204804 delay 0.00930918 power 2.20987e-08
I0315 03:00:28.450192 2851138 lm_feature_timing.cpp:80] node dpath/a_lt_b/n23:838283 resistance 1.712 cap 0.000777561 slew 0.024902 delay 0.00136571 power 1.25965e-05
I0315 03:00:28.454181 2851225 lm_feature_timing.cpp:80] node dpath/a_reg_out[3]:736025 resistance 27.82 cap 0.000673282 slew 0.042396 delay 0.0529296 power 3.98298e-05
I0315 03:00:28.450290 2851276 lm_feature_timing.cpp:80] node dpath/a_mux_out[7]:791381 resistance 25.252 cap 0.000635097 slew 0.017289 delay 0.0214141 power 7.09609e-05
I0315 03:00:28.450325 2851147 lm_feature_timing.cpp:80] node dpath/a_reg/n18:809839 resistance 4.28 cap 0.0198711 slew 0.0502032 delay 0.0852144 power 0.000160956
I0315 03:00:28.450376 2851198 lm_feature_timing.cpp:80] node clk:1457341 resistance 68.48 cap 0.005291 slew 0.000474042 delay 0.377734 power 0.00171428
I0315 03:00:28.450371 2851205 lm_feature_timing.cpp:80] node dpath/b_reg/U10:A2 resistance 29.532 cap 0.000574604 slew 0.018669 delay 0.0256791 power 7.20767e-05
I0315 03:00:28.454245 2851276 lm_feature_timing.cpp:80] node dpath/a_mux_out[7]:787191 resistance 20.972 cap 0.000679928 slew 0.017289 delay 0.0186959 power 7.59699e-05
I0315 03:00:28.454272 2851176 lm_feature_timing.cpp:80] node dpath/a_lt_b/U23:B2 resistance 35.096 cap 0.000718455 slew 0.0405131 delay 0.0937418 power 9.34978e-05
I0315 03:00:28.450425 2851153 lm_feature_timing.cpp:80] node ctrl/state_out[1]:783633 resistance 26.964 cap 0.000674383 slew 0.029421 delay 0.0559544 power 6.15731e-05
I0315 02:59:28.451346 2851195 lm_feature_timing.cpp:80] node dpath/b_mux_out[7]:422635 resistance 0 cap 0.000656043 slew 0.015518 delay 0 power 8.15385e-05
I0315 03:00:28.454304 2851276 lm_feature_timing.cpp:80] node dpath/a_mux_out[7]:1139151 resistance 20.972 cap 0.000774091 slew 0.017289 delay 0.0186959 power 8.6491e-05
I0315 03:00:28.450524 2851191 lm_feature_timing.cpp:80] node ctrl/next_state__0[1]:1130515 resistance 17.12 cap 0.000749426 slew 0.030897 delay 0.0129773 power 6.84247e-05
I0315 03:00:28.450556 2851282 lm_feature_timing.cpp:80] node dpath/a_reg_out[13]:508787 resistance 0 cap 0.00512795 slew 0.03813 delay 0 power 0.000495299
I0315 03:00:28.454341 2851276 lm_feature_timing.cpp:80] node dpath/a_mux_out[7]:1139129 resistance 11.556 cap 0.000868255 slew 0.017289 delay 0.011407 power 9.70121e-05
I0315 03:00:28.450634 2851269 lm_feature_timing.cpp:80] node dpath/b_reg_out[11]:448583 resistance 64.628 cap 0.000530462 slew 0.0414827 delay 0.238763 power 7.21291e-05
I0315 03:00:28.450654 2851243 lm_feature_timing.cpp:80] node dpath/b_reg/n9:777137 resistance 5.992 cap 0.00070337 slew 0.016665 delay 0.00459449 power 9.15346e-05
I0315 03:00:28.454373 2851276 lm_feature_timing.cpp:80] node dpath/a_mux_out[7]:1139151 resistance 20.972 cap 0.000774091 slew 0.017289 delay 0.0186959 power 8.6491e-05
I0315 03:00:28.454360 2851205 lm_feature_timing.cpp:80] node dpath/b_mux_out[8]:462021 resistance 29.532 cap 0.000627657 slew 0.018669 delay 0.0256791 power 7.87315e-05
