I0313 17:58:17.592509 672960 lm_feature_timing.cpp:80] node dpath/a_mux/n10:445968 resistance 3.852 cap 0.000945216 slew 0.037124 delay 0.00364097 power 5.39037e-05
I0313 17:58:17.657750 672982 lm_feature_timing.cpp:80] node dpath/a_lt_b/n24:834925 resistance 6.848 cap 0.000686295 slew 0.019989 delay 0.00599333 power 0
I0313 17:58:17.654263 673044 lm_feature_timing.cpp:80] node dpath/a_lt_b/n14:400033 resistance 15.836 cap 0.000624084 slew 0.020585 delay 0.0126448 power 5.05508e-06
I0313 17:58:17.654258 672969 lm_feature_timing.cpp:80] node dpath/b_mux_out[14]:464353 resistance 1.284 cap 0.000891748 slew 0.01702 delay 0.001145 power 6.12895e-05
I0313 17:58:17.654273 673053 lm_feature_timing.cpp:80] node dpath/a_reg_out[11]:484587 resistance 15.836 cap 0.000615106 slew 0.0394352 delay 0.0818917 power 3.77643e-05
I0313 17:58:17.586732 673108 lm_feature_timing.cpp:80] node dpath/a_reg/n2:386367 resistance 0.428 cap 0.00074409 slew 0.016259 delay 0.00031847 power 3.43593e-05
I0313 17:58:17.657850 673044 lm_feature_timing.cpp:80] node dpath/a_lt_b/n14:751993 resistance 15.836 cap 0.000775802 slew 0.020585 delay 0.0126448 power 6.284e-06
I0313 17:58:17.654418 673033 lm_feature_timing.cpp:80] node dpath/a_lt_b/U30:B resistance 7.276 cap 0.000627763 slew 0.022504 delay 0.00510318 power 1.85391e-05
I0313 17:58:17.657895 673053 lm_feature_timing.cpp:80] node dpath/a_reg_out[11]:836547 resistance 15.836 cap 0.00514967 slew 0.0394352 delay 0.0818917 power 0.000316163
I0313 17:58:17.654790 673039 lm_feature_timing.cpp:80] node dpath/a_mux/n5:737483 resistance 9.844 cap 0.000631792 slew 0.035087 delay 0.00681233 power 3.60298e-05
I0313 17:58:17.657918 673044 lm_feature_timing.cpp:80] node dpath/a_lt_b/n14:751993 resistance 15.836 cap 0.000775802 slew 0.020585 delay 0.0126448 power 6.284e-06
I0313 17:58:17.586791 673065 lm_feature_timing.cpp:80] node dpath/a_mux/FE_OFN5_n18:394959 resistance 92.02 cap 0.000422101 slew 0.0317656 delay 0.684255 power 2.72907e-05
I0313 17:58:17.654945 673109 lm_feature_timing.cpp:80] node dpath/a_reg_out[7]:790567 resistance 28.676 cap 0.00219025 slew 0.0402571 delay 0.100493 power 0.000150425
I0313 17:58:17.584546 673106 lm_feature_timing.cpp:80] node dpath/b_reg/n11:491375 resistance 27.82 cap 0.000726472 slew 0.019352 delay 0.027783 power 3.84688e-05
I0313 17:58:17.655053 672995 lm_feature_timing.cpp:80] node dpath/a_mux/n1:807881 resistance 11.128 cap 0.00067212 slew 0.035457 delay 0.00798141 power 3.83296e-05
I0313 17:58:17.659422 673065 lm_feature_timing.cpp:80] node dpath/a_mux/FE_OFN5_n18:790491 resistance 45.796 cap 0.0014979 slew 0.0317631 delay 0.418086 power 9.68456e-05
I0313 17:58:17.655107 673032 lm_feature_timing.cpp:80] node dpath/a_mux/n14:399978 resistance 3.852 cap 0.000851443 slew 0.036474 delay 0.0034129 power 4.8556e-05
I0313 17:58:17.659444 673109 lm_feature_timing.cpp:80] node dpath/a_reg_out[7]:782187 resistance 20.116 cap 0.00303029 slew 0.0402571 delay 0.0817449 power 0.000208119
I0313 17:58:17.592659 672997 lm_feature_timing.cpp:80] node dpath/a_reg_out[14]:1185865 resistance 24.824 cap 0.0017609 slew 0.0404481 delay 0.0768424 power 0.000163604
I0313 17:58:17.659474 673065 lm_feature_timing.cpp:80] node dpath/a_mux/FE_OFN5_n18:791329 resistance 46.652 cap 0.00148596 slew 0.0317631 delay 0.419358 power 9.60735e-05
I0313 17:58:17.659484 672995 lm_feature_timing.cpp:80] node dpath/a_mux/n1:801177 resistance 4.28 cap 0.000741617 slew 0.035457 delay 0.00337874 power 4.22929e-05
I0313 17:58:17.659497 673109 lm_feature_timing.cpp:80] node dpath/a_reg_out[7]:790567 resistance 28.676 cap 0.00219025 slew 0.0402571 delay 0.100493 power 0.000150425
I0313 17:58:17.584723 672954 lm_feature_timing.cpp:80] node dpath/a_lt_b/U18:ZN resistance 0 cap 0.000902482 slew 0.031831 delay 0 power 2.8796e-05
I0313 17:58:17.659538 672995 lm_feature_timing.cpp:80] node dpath/a_mux/n1:807881 resistance 11.128 cap 0.00067212 slew 0.035457 delay 0.00798141 power 3.83296e-05
I0313 17:58:17.659534 672997 lm_feature_timing.cpp:80] node dpath/a_lt_b/U36:A2 resistance 14.98 cap 0.000445992 slew 0.040448 delay 0.0575468 power 4.14368e-05
I0313 17:58:17.655211 672979 lm_feature_timing.cpp:80] node dpath/b_reg_out[5]:740251 resistance 29.104 cap 0.000674064 slew 0.041096 delay 0.0530902 power 3.41446e-05
I0313 17:58:17.655227 673027 lm_feature_timing.cpp:80] node dpath/a_mux_out[14]:827159 resistance 19.688 cap 0.00086549 slew 0.0173 delay 0.017208 power 9.5532e-05
I0313 17:58:17.659591 672995 lm_feature_timing.cpp:80] node dpath/a_mux/n1:455920 resistance 11.556 cap 0.000594792 slew 0.035457 delay 0.00823599 power 3.39198e-05
I0313 17:58:17.659631 673027 lm_feature_timing.cpp:80] node dpath/a_mux_out[14]:456763 resistance 0.856 cap 0.00106204 slew 0.0173 delay 0.000909106 power 0.000117227
I0313 17:58:17.592887 673057 lm_feature_timing.cpp:80] node dpath/a_lt_b/n9:1093889 resistance 14.552 cap 0.000861938 slew 0.031625 delay 0.012921 power 1.39634e-05
I0313 17:58:17.655336 673024 lm_feature_timing.cpp:80] node ctrl/state_out[0]:402341 resistance 39.376 cap 0.00258596 slew 0.0498893 delay 0.181889 power 2.09463e-05
I0313 17:58:17.659664 673027 lm_feature_timing.cpp:80] node dpath/a_mux_out[14]:808723 resistance 0.856 cap 0.0010501 slew 0.0173 delay 0.000909106 power 0.000115909
I0313 17:58:17.655355 673089 lm_feature_timing.cpp:137] net dpath/a_lt_b/n28 resistance 10.272 cap 0.000705413 slew 0.000359149 delay 0.00335052 power 8.18379e-09
I0313 17:58:17.587180 673003 lm_feature_timing.cpp:80] node ctrl/next_state__0[1]:1130553 resistance 0.856 cap 0.000909366 slew 0.030897 delay 0.00078864 power 4.6303e-05
I0313 17:58:17.659703 673024 lm_feature_timing.cpp:80] node ctrl/state_out[0]:754301 resistance 39.376 cap 0.00194991 slew 0.0498893 delay 0.181889 power 1.57943e-05
I0313 17:58:17.655406 673045 lm_feature_timing.cpp:80] node dpath/b_reg_out[4]:379051 resistance 66.768 cap 0.00062783 slew 0.0371373 delay 0.175067 power 3.14413e-05
I0313 17:58:17.655457 673004 lm_feature_timing.cpp:80] node dpath/b_reg/U15:Z resistance 0 cap 0.00078481 slew 0.016388 delay 0 power 3.88486e-05
I0313 17:58:17.659751 673024 lm_feature_timing.cpp:80] node ctrl/state_out[0]:402333 resistance 35.952 cap 0.00262257 slew 0.0498893 delay 0.173035 power 2.12428e-05
I0313 17:58:17.655470 673072 lm_feature_timing.cpp:80] node dpath/a_lt_b/n2:737553 resistance 5.992 cap 0.000648236 slew 0.023105 delay 0.00388423 power 1.05014e-05
I0313 17:58:17.655499 673063 lm_feature_timing.cpp:80] node dpath/b_reg_out[11]:448583 resistance 64.628 cap 0.000530462 slew 0.0414827 delay 0.238763 power 2.65141e-05
I0313 17:58:17.655503 673066 lm_feature_timing.cpp:80] node dpath/b_mux_out[15]:447610 resistance 18.404 cap 0.0007551 slew 0.017135 delay 0.0138969 power 4.03167e-05
I0313 17:58:17.655505 673101 lm_feature_timing.cpp:80] node dpath/a_reg/n12:849201 resistance 44.512 cap 0.000619349 slew 0.020481 delay 0.0470454 power 2.00669e-07
I0313 17:58:17.593128 673029 lm_feature_timing.cpp:80] node dpath/a_mux/n9:434356 resistance 14.98 cap 0.000745337 slew 0.037386 delay 0.0126113 power 4.2505e-05
I0313 17:58:17.665745 673063 lm_feature_timing.cpp:80] node dpath/b_reg_out[11]:448567 resistance 57.78 cap 0.000599959 slew 0.0414827 delay 0.23513 power 2.99877e-05
I0313 17:58:17.655555 672978 lm_feature_timing.cpp:80] node dpath/sub/U25:I resistance 31.672 cap 0.000599444 slew 0.0373512 delay 0.0751925 power 3.07093e-05
I0313 17:58:17.665798 673101 lm_feature_timing.cpp:80] node dpath/a_reg/n12:1201161 resistance 44.512 cap 0.00077929 slew 0.020481 delay 0.0470454 power 2.5249e-07
I0313 17:58:17.665817 673063 lm_feature_timing.cpp:80] node dpath/b_reg_out[11]:448583 resistance 64.628 cap 0.000530462 slew 0.0414827 delay 0.238763 power 2.65141e-05
I0313 17:58:17.655596 673087 lm_feature_timing.cpp:80] node dpath/a_mux/n16:439277 resistance 0.428 cap 0.000772311 slew 0.020149 delay 0.000330549 power 4.99333e-05
I0313 17:58:17.665843 673101 lm_feature_timing.cpp:80] node dpath/a_reg/n12:1201123 resistance 28.248 cap 0.00093923 slew 0.020481 delay 0.0343711 power 3.04311e-07
I0313 17:58:17.665848 672978 lm_feature_timing.cpp:80] node dpath/b_reg_out[6]:402596 resistance 31.672 cap 0.000631941 slew 0.0373512 delay 0.0751925 power 3.23741e-05
I0313 17:58:17.655684 672968 lm_feature_timing.cpp:80] node dpath/b_mux_out[8]:441901 resistance 5.564 cap 0.00110709 slew 0.018669 delay 0.00615984 power 5.96623e-05
I0313 17:58:17.655711 672992 lm_feature_timing.cpp:80] node dpath/b_reg/n8:768791 resistance 25.68 cap 0.000564376 slew 0.018037 delay 0.0209421 power 2.89128e-05
I0313 17:58:17.655767 672963 lm_feature_timing.cpp:80] node dpath/a_lt_b/n15:1130791 resistance 2.14 cap 0.000854871 slew 0.021785 delay 0.00354955 power 6.92446e-06
I0313 17:58:17.655802 673062 lm_feature_timing.cpp:80] node dpath/b_reg/FE_OFN2_ctrl_b_reg_en_0:767897 resistance 113.42 cap 0.00157479 slew 0.0278472 delay 0.524367 power 3.97802e-05
I0313 17:58:17.655787 673018 lm_feature_timing.cpp:80] node dpath/b_reg/out_reg_7_:D resistance 12.84 cap 0.000564376 slew 0.016665 delay 0.00893526 power 2.9237e-05
I0313 17:58:17.655798 672970 lm_feature_timing.cpp:80] node dpath/b_reg_out[0]:411627 resistance 39.376 cap 0.000766764 slew 0.0405594 delay 0.141174 power 3.54079e-05
I0313 17:58:17.666043 673062 lm_feature_timing.cpp:80] node dpath/b_reg/FE_OFN2_ctrl_b_reg_en_0:763707 resistance 109.14 cap 0.00161962 slew 0.0278472 delay 0.517627 power 4.09127e-05
I0313 17:58:17.655841 673069 lm_feature_timing.cpp:125] build net dpath/b_reg_out[7] feature 
I0313 17:58:17.666064 672963 lm_feature_timing.cpp:80] node dpath/a_lt_b/n15:417653 resistance 11.556 cap 0.000591195 slew 0.021785 delay 0.0100029 power 4.78868e-06
I0313 17:58:17.593400 673064 lm_feature_timing.cpp:80] node dpath/b_reg/U15:A2 resistance 14.98 cap 0.000574604 slew 0.016915 delay 0.0109079 power 2.76588e-05
I0313 17:58:17.666100 673018 lm_feature_timing.cpp:80] node dpath/b_reg/n9:783841 resistance 12.84 cap 0.000633873 slew 0.016665 delay 0.00893526 power 3.28372e-05
I0313 17:58:17.655912 672989 lm_feature_timing.cpp:80] node dpath/b_reg/n12:842483 resistance 40.232 cap 0.000604705 slew 0.019979 delay 0.0402165 power 1.75791e-05
I0313 17:58:17.593446 673023 lm_feature_timing.cpp:80] node dpath/a_mux_out[8]:1173471 resistance 46.652 cap 0.00091837 slew 0.0212991 delay 0.0640084 power 0.000107398
I0313 17:58:17.593461 673000 lm_feature_timing.cpp:80] node dpath/a_reg/n17:454247 resistance 4.28 cap 0.000945532 slew 0.017676 delay 0.00404688 power 6.61682e-05
I0313 17:58:17.655964 672955 lm_feature_timing.cpp:80] node dpath/a_reg/n4:389003 resistance 3.424 cap 0.000855089 slew 0.01709 delay 0.00292782 power 4.88337e-05
I0313 17:58:17.593493 673071 lm_feature_timing.cpp:80] node dpath/a_lt_b/n7:386485 resistance 23.54 cap 0.00131692 slew 0.021289 delay 0.0366016 power 2.40009e-05
I0313 17:58:17.593526 673026 lm_feature_timing.cpp:80] node dpath/a_reg/n15:860759 resistance 42.372 cap 0.00140441 slew 0.0226471 delay 0.059685 power 9.19037e-05
I0313 17:58:17.667605 673000 lm_feature_timing.cpp:80] node dpath/a_reg/n17:455093 resistance 0 cap 0.000990363 slew 0.017676 delay 0 power 6.93054e-05
I0313 17:58:17.593533 673097 lm_feature_timing.cpp:80] node ctrl_b_mux_sel_0_:791358 resistance 151.084 cap 0.00113799 slew 0.0310884 delay 2.06795 power 1.84354e-05
I0313 17:58:17.667639 673000 lm_feature_timing.cpp:137] net dpath/a_reg/n17 resistance 42.8 cap 0.000990363 slew 0.00608817 delay 0.0165879 power 5.61374e-08
I0313 17:58:17.593537 673038 lm_feature_timing.cpp:80] node dpath/a_lt_b/U20:B2 resistance 44.084 cap 0.000718455 slew 0.0449412 delay 0.167522 power 4.76921e-05
I0313 17:58:17.667666 673026 lm_feature_timing.cpp:80] node dpath/a_reg/n15:1212719 resistance 42.372 cap 0.000997803 slew 0.0226471 delay 0.059685 power 6.52957e-05
I0313 17:58:17.593556 673013 lm_feature_timing.cpp:80] node dpath/a_lt_b/n17:748645 resistance 0 cap 0.00113098 slew 0.02546 delay 0 power 4.56627e-05
I0313 17:58:17.667668 673071 lm_feature_timing.cpp:80] node dpath/a_lt_b/n7:738445 resistance 23.54 cap 0.00133709 slew 0.021289 delay 0.0366016 power 2.43684e-05
I0313 17:58:17.585412 672983 lm_feature_timing.cpp:80] node ctrl/U3:ZN resistance 0 cap 0.000671179 slew 0.027947 delay 0 power 1.69544e-05
I0313 17:58:17.667723 673026 lm_feature_timing.cpp:80] node dpath/a_reg/n15:1212673 resistance 62.06 cap 0.000804974 slew 0.0226471 delay 0.0755333 power 5.26771e-05
I0313 17:58:17.656095 673008 lm_feature_timing.cpp:80] node dpath/b_mux_out[10]:462820 resistance 5.136 cap 0.000627657 slew 0.01565 delay 0.00322365 power 7.62603e-06
I0313 17:58:17.667757 673071 lm_feature_timing.cpp:80] node dpath/a_lt_b/n7:736769 resistance 21.828 cap 0.00135725 slew 0.021289 delay 0.0343125 power 2.47359e-05
I0313 17:58:17.656116 672988 lm_feature_timing.cpp:80] node dpath/a_mux_out[13]:456823 resistance 0 cap 0.000983365 slew 0.016793 delay 0 power 0.000104107
I0313 17:58:17.656141 673081 lm_feature_timing.cpp:80] node dpath/b_reg/n14:467784 resistance 0 cap 0.00140969 slew 0.020042 delay 0 power 7.11248e-05
I0313 17:58:17.581925 673098 lm_feature_timing.cpp:80] node dpath/a_reg_out[8]:1150097 resistance 24.396 cap 0.00417582 slew 0.0475415 delay 0.156357 power 0.000296388
I0313 17:58:17.656178 673075 lm_feature_timing.cpp:80] node dpath/a_mux_out[15]:445024 resistance 0 cap 0.00102448 slew 0.016859 delay 0 power 0.000117763
I0313 17:58:17.593750 672841 lm_feature_timing.cpp:80] node dpath/a_lt_b/n10:1098083 resistance 13.696 cap 0.000781089 slew 0.022374 delay 0.0183584 power 6.32682e-06
I0313 17:58:17.656235 672985 lm_feature_timing.cpp:80] node dpath/a_mux_out[6]:1107273 resistance 8.132 cap 0.000884699 slew 0.017149 delay 0.007863 power 9.53285e-05
I0313 17:58:17.593813 672990 lm_feature_timing.cpp:80] node dpath/a_lt_b/n34:838927 resistance 20.972 cap 0.000848737 slew 0.019827 delay 0.0184255 power 6.87477e-06
I0313 17:58:17.667948 673098 lm_feature_timing.cpp:80] node dpath/a_reg_out[8]:797299 resistance 23.54 cap 0.00419971 slew 0.0475415 delay 0.152772 power 0.000298083
I0313 17:58:17.656316 673104 lm_feature_timing.cpp:80] node dpath/a_lt_b/n18:836619 resistance 8.132 cap 0.000767035 slew 0.021423 delay 0.0110984 power 6.21299e-06
I0313 17:58:17.656348 673014 lm_feature_timing.cpp:80] node dpath/a_lt_b/U3:ZN resistance 0 cap 0.00123265 slew 0.01901 delay 0 power 9.98451e-06
I0313 17:58:17.656327 673035 lm_feature_timing.cpp:80] node dpath/a_reg/n3:740863 resistance 8.132 cap 0.00111448 slew 0.019387 delay 0.00972837 power 6.08464e-05
I0313 17:58:17.587903 673054 lm_feature_timing.cpp:80] node dpath/a_reg_out[0]:745103 resistance 26.536 cap 0.000688225 slew 0.039044 delay 0.0558907 power 3.17797e-05
I0313 17:58:17.668385 673104 lm_feature_timing.cpp:80] node dpath/a_lt_b/U6:A2 resistance 7.276 cap 0.000569173 slew 0.021423 delay 0.0104316 power 4.6103e-06
I0313 17:58:17.656340 673107 lm_feature_timing.cpp:80] node ctrl/n2:440059 resistance 1.712 cap 0.00148124 slew 0.023799 delay 0.00253589 power 1.19981e-05
I0313 17:58:17.593920 673099 lm_feature_timing.cpp:80] node dpath/a_mux/n12:445861 resistance 5.136 cap 0.000610845 slew 0.034079 delay 0.00340978 power 3.48352e-05
I0313 17:58:17.656400 673091 lm_feature_timing.cpp:80] node dpath/b_reg/n6:404152 resistance 0 cap 0.000883475 slew 0.016914 delay 0 power 4.42438e-05
I0313 17:58:17.668452 673054 lm_feature_timing.cpp:80] node dpath/sub/U20:A2 resistance 32.528 cap 0.000554824 slew 0.0390441 delay 0.0809783 power 2.56197e-05
I0313 17:58:17.668462 673107 lm_feature_timing.cpp:80] node ctrl/n2:440060 resistance 2.14 cap 0.000603878 slew 0.023799 delay 0.00279435 power 4.89141e-06
I0313 17:58:17.593925 673085 lm_feature_timing.cpp:80] node dpath/b_mux_out[5]:409197 resistance 25.252 cap 0.000590266 slew 0.018108 delay 0.0211593 power 2.97753e-05
I0313 17:58:17.668494 673099 lm_feature_timing.cpp:80] node dpath/a_mux/U26:B resistance 5.992 cap 0.000586961 slew 0.034079 delay 0.00392244 power 3.34732e-05
I0313 17:58:17.668500 673091 lm_feature_timing.cpp:80] node dpath/b_reg/n6:404145 resistance 2.996 cap 0.000850978 slew 0.016914 delay 0.00254953 power 4.26163e-05
I0313 17:58:17.582109 673030 lm_feature_timing.cpp:80] node dpath/a_reg_out[10]:484622 resistance 23.968 cap 0.000607275 slew 0.0393864 delay 0.121154 power 0
I0313 17:58:17.656472 673059 lm_feature_timing.cpp:80] node ctrl/n5:778589 resistance 35.524 cap 0.00088412 slew 0.021618 delay 0.0336459 power 7.16137e-06
I0313 17:58:17.668551 673099 lm_feature_timing.cpp:80] node dpath/a_mux/n12:445859 resistance 5.992 cap 0.000598903 slew 0.034079 delay 0.00392244 power 3.41542e-05
I0313 17:58:17.594070 673110 lm_feature_timing.cpp:80] node dpath/a_mux/n4:792143 resistance 0 cap 0.000921722 slew 0.036398 delay 0 power 5.25639e-05
I0313 17:58:17.668607 673099 lm_feature_timing.cpp:80] node dpath/a_mux/U25:ZN resistance 0 cap 0.000716951 slew 0.034079 delay 0 power 4.08862e-05
I0313 17:58:17.668612 673030 lm_feature_timing.cpp:80] node dpath/a_reg_out[10]:484621 resistance 23.54 cap 0.000615106 slew 0.0393864 delay 0.120894 power 0
I0313 17:58:17.668622 673059 lm_feature_timing.cpp:80] node ctrl/n5:752609 resistance 6.42 cap 0.00116739 slew 0.021618 delay 0.00791444 power 9.45588e-06
I0313 17:58:17.668653 673110 lm_feature_timing.cpp:80] node dpath/a_mux/n4:789629 resistance 2.568 cap 0.000893336 slew 0.036398 delay 0.00229409 power 5.09451e-05
I0313 17:58:17.668660 673099 lm_feature_timing.cpp:80] node dpath/a_mux/n12:792793 resistance 0 cap 0.000716951 slew 0.034079 delay 0 power 4.08862e-05
I0313 17:58:17.668676 673030 lm_feature_timing.cpp:80] node dpath/a_reg_out[10]:484622 resistance 23.968 cap 0.000607275 slew 0.0393864 delay 0.121154 power 0
I0313 17:58:17.656706 673048 lm_feature_timing.cpp:80] node dpath/b_mux_out[12]:464420 resistance 0 cap 0.000753145 slew 0.01617 delay 0 power 3.76892e-05
I0313 17:58:17.668692 673059 lm_feature_timing.cpp:80] node ctrl/n5:400649 resistance 6.42 cap 0.00123278 slew 0.021618 delay 0.00791444 power 9.98551e-06
I0313 17:58:17.651625 673040 lm_feature_timing.cpp:80] node dpath/b_reg/n3:409906 resistance 0 cap 0.00078481 slew 0.016325 delay 0 power 3.78932e-05
I0313 17:58:17.668732 673030 lm_feature_timing.cpp:80] node dpath/a_reg_out[10]:463647 resistance 55.212 cap 0.000683723 slew 0.0393865 delay 0.217801 power 0
I0313 17:58:17.668740 673048 lm_feature_timing.cpp:80] node dpath/b_mux_out[12]:464417 resistance 1.284 cap 0.000737091 slew 0.01617 delay 0.000946425 power 3.68859e-05
I0313 17:58:17.668758 673059 lm_feature_timing.cpp:80] node ctrl/n5:399824 resistance 0 cap 0.00129816 slew 0.021618 delay 0 power 1.05151e-05
I0313 17:58:17.668781 673030 lm_feature_timing.cpp:80] node dpath/a_reg_out[10]:815607 resistance 55.212 cap 0.00071211 slew 0.0393865 delay 0.217801 power 0
I0313 17:58:17.651826 673056 lm_feature_timing.cpp:80] node dpath/a_lt_b/n8:738471 resistance 0.856 cap 0.00152381 slew 0.053906 delay 0.00130439 power 2.45653e-05
I0313 17:58:17.656773 673010 lm_feature_timing.cpp:80] node dpath/a_lt_b/n22:484637 resistance 19.688 cap 0.000624663 slew 0.047613 delay 0.016254 power 1.56063e-05
I0313 17:58:17.656774 672976 lm_feature_timing.cpp:80] node CTS_1:424225 resistance 73.616 cap 0.000418247 slew 0.000313884 delay 0.326972 power 0.000135512
I0313 17:58:17.668844 673030 lm_feature_timing.cpp:80] node dpath/b_mux/U12:B1 resistance 56.068 cap 0.000671781 slew 0.0393865 delay 0.218376 power 0
I0313 17:58:17.656706 673046 lm_feature_timing.cpp:80] node dpath/b_reg/n7:762033 resistance 8.988 cap 0.00081848 slew 0.017663 delay 0.00816589 power 4.146e-05
I0313 17:58:17.656832 673068 lm_feature_timing.cpp:80] node dpath/b_reg_out[13]:498776 resistance 0 cap 0.00652878 slew 0.046944 delay 0 power 0.000332929
I0313 17:58:17.588222 673088 lm_feature_timing.cpp:80] node ctrl/n4:779437 resistance 17.976 cap 0.000752895 slew 0.029179 delay 0.0168448 power 5.49517e-05
I0313 17:58:17.652529 673016 lm_feature_timing.cpp:80] node dpath/a_lt_b/n3:388933 resistance 0 cap 0.0012449 slew 0.018363 delay 0 power 1.00837e-05
I0313 17:58:17.656888 672984 lm_feature_timing.cpp:80] node dpath/a_reg/n16:852293 resistance 15.408 cap 0.000716095 slew 0.022332 delay 0.0110336 power 6.65318e-05
I0313 17:58:17.668951 673068 lm_feature_timing.cpp:80] node dpath/b_reg_out[13]:498777 resistance 0.428 cap 0.00652095 slew 0.046944 delay 0.00279097 power 0.00033253
I0313 17:58:17.656893 673042 lm_feature_timing.cpp:80] node dpath/a_reg_out[12]:818887 resistance 51.788 cap 0.000733056 slew 0.0441404 delay 0.190922 power 4.63876e-05
I0313 17:58:17.656934 673006 lm_feature_timing.cpp:80] node dpath/b_mux_out[2]:409934 resistance 35.524 cap 0.000590657 slew 0.019314 delay 0.0331562 power 2.77357e-05
I0313 17:58:17.656893 673103 lm_feature_timing.cpp:80] node dpath/a_reg_out[5]:740281 resistance 30.388 cap 0.00070467 slew 0.0410004 delay 0.14303 power 4.5157e-05
I0313 17:58:17.669031 673006 lm_feature_timing.cpp:80] node dpath/b_mux_out[2]:761891 resistance 34.24 cap 0.00060671 slew 0.019314 delay 0.0323978 power 2.84895e-05
I0313 17:58:17.669040 673042 lm_feature_timing.cpp:80] node dpath/a_reg_out[12]:1170847 resistance 51.788 cap 0.000744998 slew 0.0441404 delay 0.190922 power 4.71433e-05
I0313 17:58:17.656958 672993 lm_feature_timing.cpp:80] node dpath/b_reg_out[14]:817185 resistance 23.54 cap 0.000700168 slew 0.040176 delay 0.053795 power 4.29254e-05
I0313 17:58:17.669081 673006 lm_feature_timing.cpp:80] node dpath/b_mux_out[2]:1113851 resistance 34.24 cap 0.00068443 slew 0.019314 delay 0.0323978 power 3.2139e-05
I0313 17:58:17.656961 673041 lm_feature_timing.cpp:137] net dpath/b_mux_out[11] resistance 12.84 cap 0.000705376 slew 0.000497375 delay 0.00410874 power 2.73462e-08
I0313 17:58:17.657034 673084 lm_feature_timing.cpp:137] net dpath/b_mux_out[7] resistance 7.704 cap 0.000656043 slew 0.000169773 delay 0.00237023 power 2.72672e-08
I0313 17:58:17.588469 673094 lm_feature_timing.cpp:80] node dpath/a_reg_out[9]:487167 resistance 51.36 cap 0.000610261 slew 0.0459835 delay 0.214964 power 4.47167e-05
I0313 17:58:17.669152 673041 lm_feature_timing.cpp:125] build net dpath/b_zero/n2 feature 
I0313 17:58:17.657078 673017 lm_feature_timing.cpp:80] node dpath/b_mux_out[13]:819689 resistance 6.42 cap 0.000889983 slew 0.017469 delay 0.00592073 power 4.5498e-05
I0313 17:58:17.657125 673082 lm_feature_timing.cpp:80] node dpath/b_mux_out[9]:469553 resistance 8.132 cap 0.000598488 slew 0.016298 delay 0.00555464 power 3.29408e-05
I0313 17:58:17.669186 673094 lm_feature_timing.cpp:80] node dpath/a_reg_out[9]:839127 resistance 51.36 cap 0.00068798 slew 0.0459835 delay 0.214964 power 5.04116e-05
I0313 17:58:17.657148 673092 lm_feature_timing.cpp:80] node dpath/CTS_1:469620 resistance 68.052 cap 0.000418247 slew 0.000816304 delay 0.630229 power 0.000135512
I0313 17:58:17.657178 672956 lm_feature_timing.cpp:80] node dpath/a_lt_b/n21:462046 resistance 43.228 cap 0.000401546 slew 0.0440891 delay 0.081044 power 1.42076e-05
I0313 17:58:17.669222 673094 lm_feature_timing.cpp:80] node dpath/a_reg_out[9]:831585 resistance 43.656 cap 0.00239154 slew 0.0459835 delay 0.209664 power 0.00017524
I0313 17:58:17.653385 673012 lm_feature_timing.cpp:80] node dpath/a_mux/n7:370639 resistance 15.408 cap 0.000631792 slew 0.036128 delay 0.0114644 power 3.60298e-05
I0313 17:58:17.657240 673078 lm_feature_timing.cpp:80] node dpath/a_mux_out[12]:477845 resistance 39.804 cap 0.000574604 slew 0.018929 delay 0.0387123 power 5.83504e-05
I0313 17:58:17.589514 673037 lm_feature_timing.cpp:80] node dpath/a_reg/U12:Z resistance 0 cap 0.000728037 slew 0.016117 delay 0 power 5.00012e-05
I0313 17:58:17.669273 672956 lm_feature_timing.cpp:80] node dpath/a_lt_b/n21:462045 resistance 42.8 cap 0.000409377 slew 0.0440891 delay 0.0808721 power 1.44847e-05
I0313 17:58:17.589568 673021 lm_feature_timing.cpp:80] node dpath/a_mux/n11:455982 resistance 7.276 cap 0.000660569 slew 0.034274 delay 0.0048063 power 3.76709e-05
I0313 17:58:17.669312 673012 lm_feature_timing.cpp:80] node dpath/a_mux/U15:ZN resistance 0 cap 0.000897838 slew 0.036128 delay 0 power 5.12018e-05
I0313 17:58:17.589591 673002 lm_feature_timing.cpp:80] node dpath/a_reg/n19:508973 resistance 2.996 cap 0.000997854 slew 9.02853e-06 delay 0.00298957 power 0
I0313 17:58:17.657317 673096 lm_feature_timing.cpp:80] node dpath/b_reg_out[15]:816341 resistance 27.392 cap 0.00417115 slew 0.0432434 delay 0.131985 power 0.000217439
I0313 17:58:17.669368 673021 lm_feature_timing.cpp:80] node dpath/a_mux/U23:ZN resistance 0 cap 0.000734177 slew 0.034274 delay 0 power 4.18686e-05
I0313 17:58:17.669378 673012 lm_feature_timing.cpp:80] node dpath/a_mux/n7:732643 resistance 0 cap 0.000897838 slew 0.036128 delay 0 power 5.12018e-05
I0313 17:58:17.657367 673095 lm_feature_timing.cpp:80] node ctrl_a_mux_sel[0]:440110 resistance 50.504 cap 0.00123308 slew 0.0481361 delay 0.0993113 power 3.98618e-05
I0313 17:58:17.669410 673021 lm_feature_timing.cpp:80] node dpath/a_mux/n11:455982 resistance 7.276 cap 0.000660569 slew 0.034274 delay 0.0048063 power 3.76709e-05
I0313 17:58:17.657383 672998 lm_feature_timing.cpp:80] node dpath/a_mux/n15:434309 resistance 1.712 cap 0.000905278 slew 0.036668 delay 0.00158436 power 5.16261e-05
I0313 17:58:17.669447 673012 lm_feature_timing.cpp:80] node dpath/a_mux/n7:371469 resistance 11.128 cap 0.000676622 slew 0.036128 delay 0.0087603 power 3.85864e-05
I0313 17:58:17.589645 672972 lm_feature_timing.cpp:80] node dpath/a_lt_b/n23:483807 resistance 5.136 cap 0.000704344 slew 0.024902 delay 0.00390273 power 1.14104e-05
I0313 17:58:17.657469 673074 lm_feature_timing.cpp:80] node ctrl/n3:437549 resistance 4.28 cap 0.000607875 slew 0.015546 delay 0.00276794 power 1.47271e-05
I0313 17:58:17.669493 673041 lm_feature_timing.cpp:80] node dpath/b_zero/n2:434299 resistance 20.116 cap 0.00123075 slew 0.01787 delay 0.0287672 power 3.98764e-05
I0313 17:58:17.669512 673012 lm_feature_timing.cpp:80] node dpath/a_mux/n7:723429 resistance 11.128 cap 0.00078723 slew 0.036128 delay 0.0087603 power 4.48941e-05
I0313 17:58:17.657518 673090 lm_feature_timing.cpp:80] node dpath/a_lt_b/n32:482795 resistance 7.704 cap 0.000650613 slew 0.020978 delay 0.0113259 power 5.26996e-06
I0313 17:58:17.657544 673049 lm_feature_timing.cpp:80] node ctrl/state_out[1]:783633 resistance 26.964 cap 0.000674383 slew 0.029421 delay 0.0559544 power 3.43381e-05
I0313 17:58:17.669551 673074 lm_feature_timing.cpp:80] node ctrl/n3:434199 resistance 0 cap 0.00139018 slew 0.015546 delay 0 power 3.36802e-05
I0313 17:58:17.669562 673012 lm_feature_timing.cpp:80] node dpath/a_mux/n7:370639 resistance 15.408 cap 0.000631792 slew 0.036128 delay 0.0114644 power 3.60298e-05
I0313 17:58:17.669579 673090 lm_feature_timing.cpp:80] node dpath/a_lt_b/n32:834755 resistance 7.704 cap 0.000662555 slew 0.020978 delay 0.0113259 power 5.3667e-06
I0313 17:58:17.657618 673011 lm_feature_timing.cpp:80] node dpath/b_reg_out[1]:418307 resistance 0.856 cap 0.00484337 slew 0.036533 delay 0.00414592 power 0.000233854
I0313 17:58:17.657624 672999 lm_feature_timing.cpp:80] node dpath/a_reg/n14:828985 resistance 0.428 cap 0.0011967 slew 0.018996 delay 0.000515539 power 7.57268e-05
I0313 17:58:17.669606 673074 lm_feature_timing.cpp:80] node ctrl/n3:433350 resistance 5.564 cap 0.000639984 slew 0.015546 delay 0.00356087 power 1.5505e-05
I0313 17:58:17.657635 673005 lm_feature_timing.cpp:80] node dpath/a_mux/U6:ZN resistance 0 cap 0.00132047 slew 0.018599 delay 0 power 0.000129115
I0313 17:58:17.669651 673011 lm_feature_timing.cpp:80] node dpath/b_reg_out[1]:770267 resistance 0.856 cap 0.00483142 slew 0.036533 delay 0.00414592 power 0.000233277
I0313 17:58:17.657680 673058 lm_feature_timing.cpp:80] node dpath/a_reg_out[1]:377193 resistance 38.092 cap 0.00136242 slew 0.0420913 delay 0.175095 power 7.4383e-05
I0313 17:58:17.654202 672974 lm_feature_timing.cpp:80] node dpath/a_lt_b/n19:460382 resistance 0 cap 0.00106562 slew 0.017501 delay 0 power 1.80576e-05
I0313 17:58:17.669698 673011 lm_feature_timing.cpp:80] node dpath/b_reg_out[1]:418305 resistance 0 cap 0.00485531 slew 0.036533 delay 0 power 0.00023443
I0313 17:58:17.657701 672967 lm_feature_timing.cpp:80] node ctrl/n1:1485031 resistance 21.828 cap 0.000935927 slew 0.029815 delay 0.0207114 power 1.5162e-05
I0313 17:58:17.654203 672958 lm_feature_timing.cpp:80] node dpath/a_reg/n11:477156 resistance 0 cap 0.000867031 slew 0.01698 delay 0 power 6.35315e-05
I0313 17:58:17.669728 673058 lm_feature_timing.cpp:80] node dpath/a_reg_out[1]:377209 resistance 44.94 cap 0.00129292 slew 0.0420913 delay 0.183949 power 7.05887e-05
I0313 17:58:17.657754 672957 lm_feature_timing.cpp:80] node dpath/a_lt_b/n36:471057 resistance 17.976 cap 0.00067226 slew 0.045927 delay 0.0152552 power 1.61549e-05
I0313 17:58:17.657761 673051 lm_feature_timing.cpp:80] node dpath/b_reg_out[2]:414963 resistance 2.996 cap 0.0046784 slew 0.035629 delay 0.0140165 power 0.000228828
I0313 17:58:17.657786 672960 lm_feature_timing.cpp:80] node dpath/a_mux/n10:445141 resistance 9.416 cap 0.00083167 slew 0.037124 delay 0.0083205 power 4.74284e-05
I0313 17:58:17.657809 673060 lm_feature_timing.cpp:80] node dpath/a_reg/n5:735979 resistance 7.704 cap 0.00101797 slew 0.018395 delay 0.00791213 power 6.05341e-05
I0313 17:58:17.592545 673034 lm_feature_timing.cpp:80] node dpath/a_lt_b/n37:831389 resistance 4.708 cap 0.00141014 slew 0.018123 delay 0.00686937 power 1.14222e-05
I0313 17:58:17.654574 673052 lm_feature_timing.cpp:80] node dpath/b_reg/n17:449303 resistance 0 cap 0.00071081 slew 0.015991 delay 0 power 3.7054e-05
I0313 17:58:17.657902 673108 lm_feature_timing.cpp:80] node dpath/a_reg/n2:738327 resistance 0.428 cap 0.000736259 slew 0.016259 delay 0.00031847 power 3.39977e-05
I0313 17:58:17.654873 673102 lm_feature_timing.cpp:125] build net dpath/b_reg_out[3] feature 
I0313 17:58:17.669898 673034 lm_feature_timing.cpp:80] node dpath/a_lt_b/n37:479418 resistance 0 cap 0.00150803 slew 0.018123 delay 0 power 1.2215e-05
I0313 17:58:17.657905 672969 lm_feature_timing.cpp:80] node dpath/b_mux_out[14]:814637 resistance 2.996 cap 0.00085553 slew 0.01702 delay 0.00260967 power 5.88003e-05
I0313 17:58:17.669929 673052 lm_feature_timing.cpp:80] node dpath/b_reg/n17:449301 resistance 0.856 cap 0.000698868 slew 0.015991 delay 0.000598231 power 3.64314e-05
I0313 17:58:17.657974 673033 lm_feature_timing.cpp:80] node dpath/a_lt_b/n26:483765 resistance 7.276 cap 0.000701371 slew 0.022504 delay 0.00510318 power 2.07129e-05
I0313 17:58:17.657986 673044 lm_feature_timing.cpp:80] node dpath/a_lt_b/n14:767077 resistance 0.428 cap 0.000927521 slew 0.020585 delay 0.000691258 power 7.51292e-06
I0313 17:58:17.669984 673052 lm_feature_timing.cpp:80] node dpath/b_reg/n17:801261 resistance 0.856 cap 0.000686926 slew 0.015991 delay 0.000598231 power 3.58089e-05
I0313 17:58:17.655119 672965 lm_feature_timing.cpp:137] net dpath/a_mux/n18 resistance 2.568 cap 0.00064193 slew 1.77579e-05 delay 0.000803626 power 3.36179e-08
I0313 17:58:17.669997 672969 lm_feature_timing.cpp:80] node dpath/b_mux_out[14]:816313 resistance 1.284 cap 0.000875695 slew 0.01702 delay 0.001145 power 6.01862e-05
I0313 17:58:17.670037 673044 lm_feature_timing.cpp:80] node dpath/a_lt_b/U23:A2 resistance 5.136 cap 0.000581854 slew 0.020585 delay 0.00366104 power 4.71302e-06
I0313 17:58:17.659518 673032 lm_feature_timing.cpp:80] node dpath/a_mux/n14:400816 resistance 2.996 cap 0.000895883 slew 0.036474 delay 0.00268406 power 5.10903e-05
I0313 17:58:17.670068 672965 lm_feature_timing.cpp:125] build net dpath/b_zero/n4 feature 
I0313 17:58:17.655205 672981 lm_feature_timing.cpp:80] node dpath/b_mux_out[0]:409076 resistance 17.976 cap 0.000615324 slew 0.017178 delay 0.0136144 power 2.55303e-05
I0313 17:58:17.670099 672969 lm_feature_timing.cpp:80] node dpath/b_mux_out[14]:813815 resistance 10.7 cap 0.00068443 slew 0.01702 delay 0.00844022 power 4.70406e-05
I0313 17:58:17.655316 672975 lm_feature_timing.cpp:80] node dpath/a_reg/n18:388329 resistance 85.6 cap 0.00629408 slew 0.0502106 delay 0.773999 power 5.0982e-05
I0313 17:58:17.670131 673032 lm_feature_timing.cpp:80] node dpath/a_mux/n14:747763 resistance 14.552 cap 0.000663898 slew 0.036474 delay 0.0112242 power 3.78607e-05
I0313 17:58:17.670149 672981 lm_feature_timing.cpp:80] node dpath/b_mux_out[0]:394825 resistance 1.284 cap 0.000926201 slew 0.017178 delay 0.00118924 power 3.84288e-05
I0313 17:58:17.659598 672997 lm_feature_timing.cpp:80] node dpath/a_reg_out[14]:484442 resistance 14.98 cap 0.000462045 slew 0.040448 delay 0.0575468 power 4.29283e-05
I0313 17:58:17.670168 672969 lm_feature_timing.cpp:80] node dpath/b_mux_out[14]:814653 resistance 9.844 cap 0.000696372 slew 0.01702 delay 0.00785434 power 4.78614e-05
I0313 17:58:17.670183 672981 lm_feature_timing.cpp:80] node dpath/b_mux_out[0]:746785 resistance 1.284 cap 0.000910148 slew 0.017178 delay 0.00118924 power 3.77627e-05
I0313 17:58:17.659617 672979 lm_feature_timing.cpp:80] node dpath/b_reg_out[5]:1092211 resistance 29.104 cap 0.000718895 slew 0.041096 delay 0.0530902 power 3.64155e-05
I0313 17:58:17.659672 672995 lm_feature_timing.cpp:80] node dpath/a_mux/n1:455921 resistance 11.128 cap 0.000602623 slew 0.035457 delay 0.00798141 power 3.43663e-05
I0313 17:58:17.659689 673057 lm_feature_timing.cpp:80] node dpath/a_lt_b/n9:741901 resistance 2.568 cap 0.00100915 slew 0.031625 delay 0.00259151 power 1.63483e-05
I0313 17:58:17.670241 672969 lm_feature_timing.cpp:80] node dpath/b_reg/U4:A2 resistance 15.408 cap 0.000574604 slew 0.01702 delay 0.0113759 power 3.94923e-05
I0313 17:58:17.659732 673089 lm_feature_timing.cpp:125] build net dpath/b_reg_out[9] feature 
I0313 17:58:17.659762 673003 lm_feature_timing.cpp:80] node ctrl/next_state__0[1]:777755 resistance 0 cap 0.000933251 slew 0.030897 delay 0 power 4.75191e-05
I0313 17:58:17.659791 673024 lm_feature_timing.cpp:80] node ctrl/state_out[0]:402341 resistance 39.376 cap 0.00258596 slew 0.0498893 delay 0.181889 power 2.09463e-05
I0313 17:58:17.670297 672995 lm_feature_timing.cpp:80] node dpath/a_mux/n1:449217 resistance 4.28 cap 0.000770004 slew 0.035457 delay 0.00337874 power 4.39117e-05
I0313 17:58:17.670334 673003 lm_feature_timing.cpp:80] node ctrl/next_state__0[1]:778593 resistance 0.856 cap 0.000921308 slew 0.030897 delay 0.00078864 power 4.6911e-05
I0313 17:58:17.670349 673024 lm_feature_timing.cpp:80] node ctrl/U6:A1 resistance 20.544 cap 0.00591494 slew 0.0498893 delay 0.12587 power 4.7911e-05
I0313 17:58:17.670327 673102 lm_feature_timing.cpp:80] node dpath/b_reg_out[3]:748577 resistance 38.092 cap 0.000811655 slew 0.0411981 delay 0.0743595 power 4.01775e-05
I0313 17:58:17.670389 673024 lm_feature_timing.cpp:80] node ctrl/U6:A1 resistance 20.544 cap 0.00591494 slew 0.0498893 delay 0.12587 power 4.7911e-05
I0313 17:58:17.655556 673061 lm_feature_timing.cpp:80] node dpath/a_reg/n8:762075 resistance 9.416 cap 0.000731757 slew 0.01695 delay 0.00722537 power 4.85751e-05
I0313 17:58:17.670419 673003 lm_feature_timing.cpp:80] node ctrl/next_state__0[1]:778555 resistance 17.12 cap 0.000589485 slew 0.030897 delay 0.0129773 power 3.00153e-05
I0313 17:58:17.655599 672953 lm_feature_timing.cpp:80] node dpath/a_lt_b/n30:494591 resistance 38.948 cap 0.000888946 slew 0.0375951 delay 0.0631483 power 2.21268e-05
I0313 17:58:17.670434 672995 lm_feature_timing.cpp:80] node dpath/a_mux/n1:449223 resistance 1.712 cap 0.00079839 slew 0.035457 delay 0.00140137 power 4.55305e-05
I0313 17:58:17.665864 673063 lm_feature_timing.cpp:80] node dpath/a_mux/U5:A2 resistance 82.176 cap 0.000572598 slew 0.0414827 delay 0.274642 power 2.86201e-05
I0313 17:58:17.670464 673061 lm_feature_timing.cpp:80] node dpath/a_reg/n8:404249 resistance 3.424 cap 0.00082964 slew 0.01695 delay 0.00284069 power 5.50728e-05
I0313 17:58:17.670475 673003 lm_feature_timing.cpp:80] node ctrl/next_state__0[1]:1130515 resistance 17.12 cap 0.000749426 slew 0.030897 delay 0.0129773 power 3.81591e-05
I0313 17:58:17.665879 673087 lm_feature_timing.cpp:80] node dpath/a_mux/n16:439278 resistance 0 cap 0.000780143 slew 0.020149 delay 0 power 5.04396e-05
I0313 17:58:17.670483 672965 lm_feature_timing.cpp:80] node dpath/b_zero/n4:785403 resistance 23.112 cap 0.000951918 slew 0.016176 delay 0.0273194 power 3.08421e-05
I0313 17:58:17.670516 673061 lm_feature_timing.cpp:80] node dpath/a_reg/n8:756209 resistance 3.424 cap 0.000793032 slew 0.01695 delay 0.00284069 power 5.26426e-05
I0313 17:58:17.670516 672995 lm_feature_timing.cpp:80] node dpath/a_mux/U1:B resistance 11.556 cap 0.000586961 slew 0.035457 delay 0.00823599 power 3.34732e-05
I0313 17:58:17.670526 673063 lm_feature_timing.cpp:80] node dpath/b_reg_out[11]:440152 resistance 82.176 cap 0.000580429 slew 0.0414827 delay 0.274642 power 2.90115e-05
I0313 17:58:17.655875 673028 lm_feature_timing.cpp:80] node dpath/a_lt_b/n4:735191 resistance 10.7 cap 0.000661477 slew 0.021374 delay 0.00825553 power 5.35797e-06
I0313 17:58:17.666085 673062 lm_feature_timing.cpp:80] node dpath/b_reg/FE_OFN2_ctrl_b_reg_en_0:767897 resistance 113.42 cap 0.00157479 slew 0.0278472 delay 0.524367 power 3.97802e-05
I0313 17:58:17.670560 673089 lm_feature_timing.cpp:80] node dpath/sub/U24:I resistance 80.892 cap 0.000599444 slew 0.043787 delay 0.301554 power 3.17423e-05
I0313 17:58:17.666146 673064 lm_feature_timing.cpp:80] node dpath/b_mux_out[3]:417537 resistance 14.98 cap 0.000611213 slew 0.016915 delay 0.0109079 power 2.9421e-05
I0313 17:58:17.666147 672963 lm_feature_timing.cpp:80] node dpath/a_lt_b/n15:769613 resistance 11.556 cap 0.000685359 slew 0.021785 delay 0.0100029 power 5.55141e-06
I0313 17:58:17.666177 673018 lm_feature_timing.cpp:80] node dpath/b_reg/n9:777137 resistance 5.992 cap 0.00070337 slew 0.016665 delay 0.00459449 power 3.64375e-05
I0313 17:58:17.670660 673089 lm_feature_timing.cpp:80] node dpath/b_reg_out[9]:440253 resistance 80.892 cap 0.000611386 slew 0.043787 delay 0.301554 power 3.23747e-05
I0313 17:58:17.670668 673064 lm_feature_timing.cpp:80] node dpath/b_mux/U5:Z resistance 0 cap 0.000884699 slew 0.016915 delay 0 power 4.25854e-05
I0313 17:58:17.667543 672989 lm_feature_timing.cpp:80] node dpath/b_reg/n12:844159 resistance 41.944 cap 0.00058454 slew 0.019979 delay 0.0412172 power 1.69929e-05
I0313 17:58:17.670662 673062 lm_feature_timing.cpp:80] node dpath/b_reg/FE_OFN2_ctrl_b_reg_en_0:411725 resistance 99.724 cap 0.00250559 slew 0.0278472 delay 0.500893 power 6.32927e-05
I0313 17:58:17.667688 673000 lm_feature_timing.cpp:125] build net dpath/b_zero/n1 feature 
I0313 17:58:17.670711 673064 lm_feature_timing.cpp:80] node dpath/b_mux_out[3]:404132 resistance 0 cap 0.000884699 slew 0.016915 delay 0 power 4.25854e-05
I0313 17:58:17.656047 673036 lm_feature_timing.cpp:80] node dpath/b_reg/n1:467901 resistance 18.404 cap 0.000798023 slew 0.041398 delay 0.0294521 power 2.01586e-05
I0313 17:58:17.670717 673018 lm_feature_timing.cpp:80] node dpath/b_reg/n9:783841 resistance 12.84 cap 0.000633873 slew 0.016665 delay 0.00893526 power 3.28372e-05
I0313 17:58:17.667737 673097 lm_feature_timing.cpp:80] node ctrl_b_mux_sel_0_:749383 resistance 233.688 cap 0.0053623 slew 0.0310976 delay 2.76647 power 8.68693e-05
I0313 17:58:17.670751 673064 lm_feature_timing.cpp:80] node dpath/b_mux_out[3]:404131 resistance 0.428 cap 0.000876868 slew 0.016915 delay 0.000375299 power 4.22084e-05
I0313 17:58:17.667775 673026 lm_feature_timing.cpp:80] node dpath/a_reg/n15:1212719 resistance 42.372 cap 0.000997803 slew 0.0226471 delay 0.059685 power 6.52957e-05
I0313 17:58:17.667765 673038 lm_feature_timing.cpp:80] node dpath/a_lt_b/U20:B2 resistance 44.084 cap 0.000718455 slew 0.0449412 delay 0.167522 power 4.76921e-05
I0313 17:58:17.670770 673062 lm_feature_timing.cpp:80] node dpath/b_reg/FE_OFN2_ctrl_b_reg_en_0:411727 resistance 100.58 cap 0.00249365 slew 0.0278472 delay 0.503027 power 6.29911e-05
I0313 17:58:17.670797 673097 lm_feature_timing.cpp:80] node ctrl_b_mux_sel_0_:1101343 resistance 233.688 cap 0.00453605 slew 0.0310976 delay 2.76647 power 7.3484e-05
I0313 17:58:17.670851 673097 lm_feature_timing.cpp:80] node ctrl_b_mux_sel_0_:812969 resistance 39.376 cap 0.000625986 slew 0.0310423 delay 0.700134 power 1.0141e-05
I0313 17:58:17.667866 673071 lm_feature_timing.cpp:80] node dpath/a_lt_b/n7:738445 resistance 23.54 cap 0.00133709 slew 0.021289 delay 0.0366016 power 2.43684e-05
I0313 17:58:17.667891 672988 lm_feature_timing.cpp:80] node dpath/a_mux_out[13]:456831 resistance 3.424 cap 0.000946756 slew 0.016793 delay 0.00324169 power 0.000100232
I0313 17:58:17.667934 673081 lm_feature_timing.cpp:80] node dpath/b_reg/n14:852445 resistance 43.228 cap 0.000905204 slew 0.020042 delay 0.0425672 power 4.56713e-05
I0313 17:58:17.667953 673075 lm_feature_timing.cpp:80] node dpath/a_mux_out[15]:445025 resistance 0.428 cap 0.00101664 slew 0.016859 delay 0.000435124 power 0.000116862
I0313 17:58:17.667961 672985 lm_feature_timing.cpp:80] node dpath/a_mux_out[6]:1107303 resistance 20.972 cap 0.000757647 slew 0.017149 delay 0.0175912 power 8.16383e-05
I0313 17:58:17.587834 673015 lm_feature_timing.cpp:80] node dpath/a_reg_out[15]:1154831 resistance 23.112 cap 0.000806273 slew 0.027745 delay 0.0435509 power 5.64228e-05
I0313 17:58:17.670946 672988 lm_feature_timing.cpp:80] node dpath/a_reg/U6:A2 resistance 20.116 cap 0.000574604 slew 0.016793 delay 0.0156541 power 6.08324e-05
I0313 17:58:17.670967 672985 lm_feature_timing.cpp:80] node dpath/a_mux_out[6]:396647 resistance 0.428 cap 0.00104797 slew 0.017149 delay 0.000448531 power 0.000112921
I0313 17:58:17.667802 673013 lm_feature_timing.cpp:80] node dpath/a_lt_b/n17:774623 resistance 27.392 cap 0.000864153 slew 0.02546 delay 0.0236709 power 3.48897e-05
I0313 17:58:17.671017 672985 lm_feature_timing.cpp:80] node dpath/a_mux_out[6]:748607 resistance 0.428 cap 0.00104014 slew 0.017149 delay 0.000448531 power 0.000112077
I0313 17:58:17.668380 673014 lm_feature_timing.cpp:80] node dpath/a_lt_b/n27:487102 resistance 0 cap 0.00123265 slew 0.01901 delay 0 power 9.98451e-06
I0313 17:58:17.668392 673035 lm_feature_timing.cpp:137] net dpath/a_reg/n3 resistance 72.76 cap 0.00127814 slew 0.0174436 delay 0.0334405 power 5.65232e-08
I0313 17:58:17.671089 673013 lm_feature_timing.cpp:80] node dpath/a_lt_b/n17:748645 resistance 0 cap 0.00113098 slew 0.02546 delay 0 power 4.56627e-05
I0313 17:58:17.656409 673070 lm_feature_timing.cpp:80] node dpath/b_mux_out[4]:753581 resistance 16.692 cap 0.000734545 slew 0.017183 delay 0.0123328 power 3.62077e-05
I0313 17:58:17.671132 673035 lm_feature_timing.cpp:125] build net dpath/sub/n13 feature 
I0313 17:58:17.668515 673107 lm_feature_timing.cpp:80] node ctrl/U9:A2 resistance 14.124 cap 0.000596047 slew 0.023799 delay 0.0115109 power 4.82798e-06
I0313 17:58:17.671147 673014 lm_feature_timing.cpp:80] node dpath/a_lt_b/n27:484601 resistance 8.132 cap 0.00115082 slew 0.01901 delay 0.00935851 power 9.32168e-06
I0313 17:58:17.588052 672966 lm_feature_timing.cpp:80] node dpath/a_mux/FE_OFN4_n16:1134895 resistance 38.948 cap 0.00734596 slew 0.0377047 delay 0.38083 power 0.000474948
I0313 17:58:17.671190 673070 lm_feature_timing.cpp:80] node dpath/b_mux_out[4]:738499 resistance 0.428 cap 0.000894485 slew 0.017183 delay 0.000386191 power 4.40916e-05
I0313 17:58:17.671211 673107 lm_feature_timing.cpp:80] node ctrl/n2:447590 resistance 14.124 cap 0.000653211 slew 0.023799 delay 0.0115109 power 5.29101e-06
I0313 17:58:17.656525 673047 lm_feature_timing.cpp:80] node dpath/a_lt_b/n12:740237 resistance 10.7 cap 0.000735271 slew 0.020683 delay 0.0111573 power 5.9557e-06
I0313 17:58:17.656584 672996 lm_feature_timing.cpp:80] node dpath/a_reg_out[13]:1172485 resistance 52.216 cap 0.000712892 slew 0.0381302 delay 0.162192 power 4.66513e-05
I0313 17:58:17.671249 673014 lm_feature_timing.cpp:80] node dpath/a_lt_b/n27:487102 resistance 0 cap 0.00123265 slew 0.01901 delay 0 power 9.98451e-06
I0313 17:58:17.594118 673086 lm_feature_timing.cpp:80] node dpath/a_reg_out[4]:739447 resistance 36.38 cap 0.00557693 slew 0.0490071 delay 0.229129 power 0.000344543
I0313 17:58:17.594123 672991 lm_feature_timing.cpp:80] node dpath/a_lt_b/n35:486121 resistance 12.84 cap 0.000425821 slew 0.033561 delay 0.0174185 power 1.04227e-05
I0313 17:58:17.671307 673047 lm_feature_timing.cpp:80] node dpath/a_lt_b/n12:746941 resistance 3.852 cap 0.000804768 slew 0.020683 delay 0.00612218 power 6.51862e-06
I0313 17:58:17.671322 672996 lm_feature_timing.cpp:80] node dpath/a_lt_b/U2:I resistance 39.804 cap 0.000599444 slew 0.0381302 delay 0.145472 power 3.92273e-05
I0313 17:58:17.656637 673067 lm_feature_timing.cpp:80] node dpath/b_reg_out[8]:808151 resistance 37.664 cap 0.00374295 slew 0.0374575 delay 0.163842 power 0.00019605
I0313 17:58:17.671337 673014 lm_feature_timing.cpp:80] node dpath/a_lt_b/n27:484601 resistance 8.132 cap 0.00115082 slew 0.01901 delay 0.00935851 power 9.32168e-06
I0313 17:58:17.671365 672991 lm_feature_timing.cpp:80] node dpath/a_lt_b/n35:838081 resistance 12.84 cap 0.00122804 slew 0.033561 delay 0.0174185 power 3.00583e-05
I0313 17:58:17.671375 672996 lm_feature_timing.cpp:80] node dpath/a_reg_out[13]:477770 resistance 39.804 cap 0.000615497 slew 0.0381302 delay 0.145472 power 4.02778e-05
I0313 17:58:17.668783 673048 lm_feature_timing.cpp:80] node dpath/b_mux_out[12]:464420 resistance 0 cap 0.000753145 slew 0.01617 delay 0 power 3.76892e-05
I0313 17:58:17.671386 673047 lm_feature_timing.cpp:80] node dpath/a_lt_b/placeFE_RC_0_0:A1 resistance 12.412 cap 0.000571979 slew 0.020683 delay 0.011754 power 4.63303e-06
I0313 17:58:17.671423 672996 lm_feature_timing.cpp:80] node dpath/a_reg_out[13]:476933 resistance 38.52 cap 0.00063155 slew 0.0381302 delay 0.144682 power 4.13283e-05
I0313 17:58:17.668787 673059 lm_feature_timing.cpp:137] net ctrl/n5 resistance 71.048 cap 0.00129816 slew 0.0167637 delay 0.0336459 power 8.51726e-09
I0313 17:58:17.656797 673105 lm_feature_timing.cpp:80] node dpath/b_mux_out[6]:756147 resistance 0.428 cap 0.000860815 slew 0.016905 delay 0.00037178 power 4.44123e-05
I0313 17:58:17.668849 673056 lm_feature_timing.cpp:80] node dpath/a_lt_b/n8:386611 resistance 47.08 cap 0.000616441 slew 0.053906 delay 0.050494 power 9.93759e-06
I0313 17:58:17.671487 673059 lm_feature_timing.cpp:125] build net dpath/sub/n14 feature 
I0313 17:58:17.651899 672971 lm_feature_timing.cpp:80] node dpath/a_mux_out[7]:787191 resistance 20.972 cap 0.000679928 slew 0.017289 delay 0.0186959 power 7.63888e-05
I0313 17:58:17.671516 673056 lm_feature_timing.cpp:80] node dpath/a_lt_b/n8:738571 resistance 47.08 cap 0.000616441 slew 0.053906 delay 0.050494 power 9.93759e-06
I0313 17:58:17.671521 673105 lm_feature_timing.cpp:80] node dpath/b_mux_out[6]:769555 resistance 14.124 cap 0.00072554 slew 0.016905 delay 0.0103088 power 3.74331e-05
I0313 17:58:17.668903 672976 lm_feature_timing.cpp:80] node CTS_1:424225 resistance 73.616 cap 0.000418247 slew 0.000313884 delay 0.326972 power 0.000135512
I0313 17:58:17.671561 673056 lm_feature_timing.cpp:80] node dpath/a_lt_b/n8:386610 resistance 47.508 cap 0.00060861 slew 0.053906 delay 0.0507545 power 9.81134e-06
I0313 17:58:17.668967 673088 lm_feature_timing.cpp:80] node ctrl/n4:1131397 resistance 17.976 cap 0.000789503 slew 0.029179 delay 0.0168448 power 5.76236e-05
I0313 17:58:17.668979 673016 lm_feature_timing.cpp:80] node dpath/a_lt_b/n3:381393 resistance 9.416 cap 0.000647979 slew 0.018363 delay 0.00856511 power 5.24863e-06
I0313 17:58:17.671598 673056 lm_feature_timing.cpp:80] node dpath/a_lt_b/n8:386611 resistance 47.08 cap 0.000616441 slew 0.053906 delay 0.050494 power 9.93759e-06
I0313 17:58:17.671600 673105 lm_feature_timing.cpp:80] node dpath/b_mux/U8:Z resistance 0 cap 0.000876477 slew 0.016905 delay 0 power 4.52204e-05
I0313 17:58:17.668985 673046 lm_feature_timing.cpp:80] node dpath/b_reg/n7:410052 resistance 0 cap 0.000998585 slew 0.017663 delay 0 power 5.05832e-05
I0313 17:58:17.671630 673016 lm_feature_timing.cpp:80] node dpath/a_lt_b/n3:733353 resistance 9.416 cap 0.000701032 slew 0.018363 delay 0.00856511 power 5.67836e-06
I0313 17:58:17.669005 673068 lm_feature_timing.cpp:80] node dpath/b_zero/U1:A2 resistance 51.788 cap 0.000511733 slew 0.0469443 delay 0.127697 power 2.60954e-05
I0313 17:58:17.656894 673111 lm_feature_timing.cpp:80] node dpath/a_reg_out[3]:730107 resistance 24.396 cap 0.00290413 slew 0.0423961 delay 0.0932045 power 0.000172696
I0313 17:58:17.671648 673088 lm_feature_timing.cpp:80] node ctrl/n4:775247 resistance 22.256 cap 0.000708064 slew 0.029179 delay 0.0198754 power 5.16796e-05
I0313 17:58:17.671662 673105 lm_feature_timing.cpp:80] node dpath/b_mux_out[6]:404188 resistance 0 cap 0.000876477 slew 0.016905 delay 0 power 4.52204e-05
I0313 17:58:17.669127 673006 lm_feature_timing.cpp:80] node dpath/b_mux_out[2]:1113833 resistance 26.536 cap 0.000762149 slew 0.019314 delay 0.027125 power 3.57885e-05
I0313 17:58:17.669116 673042 lm_feature_timing.cpp:80] node dpath/a_reg_out[12]:1170845 resistance 50.932 cap 0.00075694 slew 0.0441404 delay 0.190284 power 4.7899e-05
I0313 17:58:17.657114 673077 lm_feature_timing.cpp:80] node dpath/a_reg/U13:A1 resistance 269.212 cap 0.000625986 slew 0.0402399 delay 2.53901 power 5.07049e-06
I0313 17:58:17.669168 672993 lm_feature_timing.cpp:80] node dpath/b_reg_out[14]:1169145 resistance 23.54 cap 0.00184601 slew 0.040176 delay 0.053795 power 0.000113174
I0313 17:58:17.669211 673017 lm_feature_timing.cpp:80] node dpath/b_mux_out[13]:464377 resistance 2.996 cap 0.000959089 slew 0.017469 delay 0.00287343 power 4.90309e-05
I0313 17:58:17.653439 673100 lm_feature_timing.cpp:80] node clk:1764887 resistance 23.112 cap 0.00593154 slew 0.000328255 delay 0.137692 power 0.00192182
I0313 17:58:17.669255 673094 lm_feature_timing.cpp:80] node dpath/a_reg_out[9]:839127 resistance 51.36 cap 0.00068798 slew 0.0459835 delay 0.214964 power 5.04116e-05
I0313 17:58:17.671819 672993 lm_feature_timing.cpp:80] node dpath/b_reg_out[14]:1169125 resistance 14.98 cap 0.00193195 slew 0.040176 delay 0.0379931 power 0.000118443
