I0313 15:30:58.083094 469581 lm_feature_timing.cpp:80] node dpath/b_reg/out_reg_14_:D resistance 16.692 cap 0.000564376 slew 0.01706 delay 0.0121685 power 8.61841e-05
I0313 15:30:58.085764 469491 lm_feature_timing.cpp:80] node dpath/a_lt_b/n21:462045 resistance 42.8 cap 0.000409377 slew 0.0440891 delay 0.0808721 power 1.44847e-05
I0313 15:30:58.089855 469515 lm_feature_timing.cpp:80] node dpath/a_lt_b/n35:486121 resistance 12.84 cap 0.000425821 slew 0.033561 delay 0.0174185 power 1.04227e-05
I0313 15:30:58.089869 469592 lm_feature_timing.cpp:80] node dpath/a_lt_b/n32:486991 resistance 14.552 cap 0.000671643 slew 0.020978 delay 0.0165318 power 5.44031e-06
I0313 15:30:58.085789 469451 lm_feature_timing.cpp:80] node dpath/a_lt_b/U28:B1 resistance 7.704 cap 0.000675957 slew 0.024902 delay 0.00563859 power 1.09505e-05
I0313 15:30:58.085800 469523 lm_feature_timing.cpp:80] node dpath/b_mux/n1:441917 resistance 0.856 cap 0.0171972 slew 0.0427522 delay 0.0147208 power 0.00167307
I0313 15:30:58.089926 469451 lm_feature_timing.cpp:80] node dpath/a_lt_b/n23:483807 resistance 5.136 cap 0.000704344 slew 0.024902 delay 0.00390273 power 1.14104e-05
I0313 15:30:58.085817 469537 lm_feature_timing.cpp:80] node dpath/a_lt_b/n15:425171 resistance 14.124 cap 0.000609771 slew 0.021785 delay 0.0123575 power 4.93915e-06
I0313 15:30:58.083011 469440 lm_feature_timing.cpp:80] node dpath/a_mux_out[1]:729133 resistance 10.7 cap 0.000762931 slew 0.016524 delay 0.00930288 power 6.42252e-05
I0313 15:30:58.089979 469451 lm_feature_timing.cpp:80] node dpath/a_lt_b/n23:486323 resistance 1.712 cap 0.000797725 slew 0.024902 delay 0.00136571 power 1.29231e-05
I0313 15:30:58.083292 469481 lm_feature_timing.cpp:80] node dpath/a_reg_out[9]:1183581 resistance 28.248 cap 0.00269498 slew 0.0459835 delay 0.170477 power 0.000197474
I0313 15:30:58.085960 469572 lm_feature_timing.cpp:80] node dpath/a_mux_out[10]:477052 resistance 43.656 cap 0.000582435 slew 0.019133 delay 0.0441204 power 4.71772e-06
I0313 15:30:58.090013 469523 lm_feature_timing.cpp:80] node dpath/b_mux/n1:776271 resistance 29.104 cap 0.000667642 slew 0.0427555 delay 0.328655 power 6.4953e-05
I0313 15:30:58.085976 469586 lm_feature_timing.cpp:80] node CTS_1:775347 resistance 72.76 cap 0.000442131 slew 0.000313884 delay 0.326604 power 0.000143251
I0313 15:30:58.079516 469487 lm_feature_timing.cpp:125] build net dpath/a_reg_out[5] feature 
I0313 15:30:58.083321 469557 lm_feature_timing.cpp:80] node dpath/a_mux_out[14]:827159 resistance 19.688 cap 0.00086549 slew 0.0173 delay 0.017208 power 9.5532e-05
I0313 15:30:58.086012 469504 lm_feature_timing.cpp:80] node dpath/a_lt_b/n10:386621 resistance 21.4 cap 0.000572598 slew 0.022374 delay 0.0233684 power 4.63804e-06
I0313 15:30:58.085994 469474 lm_feature_timing.cpp:80] node dpath/a_mux_out[15]:804527 resistance 8.132 cap 0.000931094 slew 0.016859 delay 0.00760827 power 0.000107028
I0313 15:30:58.090101 469586 lm_feature_timing.cpp:80] node CTS_1:776185 resistance 73.616 cap 0.000430189 slew 0.000313884 delay 0.326972 power 0.000139381
I0313 15:30:58.086077 469499 lm_feature_timing.cpp:80] node dpath/a_mux/n8:380582 resistance 4.28 cap 0.000631792 slew 0.033624 delay 0.00270407 power 3.60298e-05
I0313 15:30:58.086117 469443 lm_feature_timing.cpp:80] node dpath/a_lt_b/n24:485485 resistance 11.984 cap 0.000601135 slew 0.019989 delay 0.00922655 power 0
I0313 15:30:58.086130 469532 lm_feature_timing.cpp:80] node dpath/a_reg_out[1]:729169 resistance 44.94 cap 0.000666426 slew 0.0420913 delay 0.183949 power 3.63844e-05
I0313 15:30:58.090169 469504 lm_feature_timing.cpp:80] node dpath/a_lt_b/n10:746123 resistance 13.696 cap 0.000728037 slew 0.022374 delay 0.0183584 power 5.8971e-06
I0313 15:30:58.086194 469565 lm_feature_timing.cpp:80] node dpath/b_mux_out[5]:741045 resistance 4.708 cap 0.000992369 slew 0.018108 delay 0.00490249 power 0.000121351
I0313 15:30:58.090188 469586 lm_feature_timing.cpp:80] node dpath/a_reg/out_reg_3_:CP resistance 100.152 cap 0.000418247 slew 0.00031565 delay 0.361178 power 0.000135512
I0313 15:30:58.080257 469567 lm_feature_timing.cpp:80] node dpath/a_lt_b/U24:A1 resistance 29.104 cap 0.000556996 slew 0.02546 delay 0.024659 power 2.24884e-05
I0313 15:30:58.086251 469564 lm_feature_timing.cpp:80] node dpath/a_reg/n3:761797 resistance 36.38 cap 0.000839427 slew 0.019387 delay 0.0334405 power 4.58297e-05
I0313 15:30:58.090220 469532 lm_feature_timing.cpp:80] node dpath/a_reg_out[1]:739225 resistance 55.212 cap 0.00056404 slew 0.0420913 delay 0.189743 power 3.07945e-05
I0313 15:30:58.081807 469438 lm_feature_timing.cpp:80] node dpath/a_lt_b/n29:837307 resistance 9.844 cap 0.000794902 slew 0.020196 delay 0.00879243 power 6.43871e-06
I0313 15:30:58.079073 469550 lm_feature_timing.cpp:125] build net dpath/b_reg/n5 feature 
I0313 15:30:58.086306 469595 lm_feature_timing.cpp:80] node dpath/b_mux_out[1]:409051 resistance 15.836 cap 0.000586546 slew 0.017 delay 0.0116818 power 6.89434e-05
I0313 15:30:58.090257 469565 lm_feature_timing.cpp:80] node dpath/b_mux_out[5]:761157 resistance 25.252 cap 0.000791318 slew 0.018108 delay 0.0211593 power 9.67657e-05
I0313 15:30:58.086337 469561 lm_feature_timing.cpp:80] node dpath/a_lt_b/n7:386485 resistance 23.54 cap 0.00131692 slew 0.021289 delay 0.0366016 power 2.40009e-05
I0313 15:30:58.090335 469595 lm_feature_timing.cpp:80] node dpath/b_mux_out[1]:409049 resistance 14.98 cap 0.000598488 slew 0.017 delay 0.0111797 power 7.0347e-05
I0313 15:30:58.083491 469535 lm_feature_timing.cpp:80] node dpath/a_lt_b/n20:476276 resistance 0 cap 0.000761231 slew 0.012461 delay 0 power 1.23319e-05
I0313 15:30:58.090375 469561 lm_feature_timing.cpp:80] node dpath/a_lt_b/n7:386489 resistance 25.252 cap 0.00129676 slew 0.021289 delay 0.0388217 power 2.36334e-05
I0313 15:30:58.079979 469492 lm_feature_timing.cpp:80] node dpath/a_reg/n7:386649 resistance 0 cap 0.000686926 slew 0.015873 delay 0 power 4.40199e-05
I0313 15:30:58.083549 469442 lm_feature_timing.cpp:80] node dpath/a_lt_b/n1:733373 resistance 9.416 cap 0.000791444 slew 0.017306 delay 0.00795497 power 6.4107e-06
I0313 15:30:58.090394 469535 lm_feature_timing.cpp:137] net dpath/a_lt_b/n20 resistance 7.704 cap 0.000761231 slew 0.000294216 delay 0.00275312 power 9.98888e-09
I0313 15:30:58.086424 469459 lm_feature_timing.cpp:80] node dpath/a_mux/n16:791237 resistance 0.428 cap 0.00076448 slew 0.020149 delay 0.000330549 power 4.9427e-05
I0313 15:30:58.086437 469545 lm_feature_timing.cpp:80] node dpath/a_reg/U7:Z resistance 0 cap 0.00121236 slew 0.018996 delay 0 power 7.67178e-05
I0313 15:30:58.090471 469535 lm_feature_timing.cpp:125] build net dpath/b_reg/n8 feature 
I0313 15:30:58.086448 469569 lm_feature_timing.cpp:80] node CTS_ccl_a_buf_00004:I resistance 84.744 cap 0.00109572 slew 0.000474482 delay 0.398156 power 0.000355013
I0313 15:30:58.086469 469551 lm_feature_timing.cpp:80] node dpath/a_lt_b/n31:834789 resistance 9.416 cap 0.00105825 slew 0.048638 delay 0.0099645 power 2.61563e-05
I0313 15:30:58.090495 469492 lm_feature_timing.cpp:80] node dpath/a_reg/out_reg_5_:D resistance 5.992 cap 0.000625651 slew 0.015873 delay 0.0037489 power 4.00933e-05
I0313 15:30:58.090524 469545 lm_feature_timing.cpp:80] node dpath/a_reg/n14:477024 resistance 0 cap 0.00121236 slew 0.018996 delay 0 power 7.67178e-05
I0313 15:30:58.090533 469569 lm_feature_timing.cpp:80] node clk:417383 resistance 84.744 cap 0.00109572 slew 0.000474482 delay 0.398156 power 0.000355013
I0313 15:30:58.086560 469475 lm_feature_timing.cpp:80] node dpath/a_lt_b/n37:479429 resistance 4.708 cap 0.00145908 slew 0.018123 delay 0.00686937 power 1.18186e-05
I0313 15:30:58.083655 469541 lm_feature_timing.cpp:80] node dpath/a_mux_out[7]:791381 resistance 25.252 cap 0.000635097 slew 0.017289 delay 0.0214141 power 7.13522e-05
I0313 15:30:58.090584 469569 lm_feature_timing.cpp:80] node clk:1457341 resistance 68.48 cap 0.005291 slew 0.000474042 delay 0.377734 power 0.00171428
I0313 15:30:58.086581 469466 lm_feature_timing.cpp:80] node dpath/b_reg/n1:771259 resistance 222.988 cap 0.000773748 slew 0.0414223 delay 1.72837 power 5.86388e-05
I0313 15:30:58.083665 469553 lm_feature_timing.cpp:80] node ctrl/state_out[0]:429995 resistance 67.624 cap 0.000598054 slew 0.0498893 delay 0.2292 power 5.33388e-05
I0313 15:30:58.090629 469569 lm_feature_timing.cpp:80] node clk:1809301 resistance 68.48 cap 0.0034359 slew 0.000474042 delay 0.377734 power 0.00111323
I0313 15:30:58.086652 469445 lm_feature_timing.cpp:137] net dpath/b_mux_out[11] resistance 12.84 cap 0.000705376 slew 0.000497375 delay 0.00410874 power 6.73576e-08
I0313 15:30:58.083736 469524 lm_feature_timing.cpp:80] node dpath/b_reg/n15:852383 resistance 30.816 cap 0.000864093 slew 0.018748 delay 0.0266279 power 0.000112058
I0313 15:30:58.090675 469569 lm_feature_timing.cpp:80] node clk:1412927 resistance 23.112 cap 0.00573049 slew 0.000328255 delay 0.137692 power 0.00185668
I0313 15:30:58.083760 469441 lm_feature_timing.cpp:80] node dpath/a_mux_out[4]:372385 resistance 41.944 cap 0.000639599 slew 0.019269 delay 0.044366 power 6.30322e-05
I0313 15:30:58.090703 469445 lm_feature_timing.cpp:125] build net dpath/b_reg/n9 feature 
I0313 15:30:58.090742 469441 lm_feature_timing.cpp:80] node dpath/a_mux_out[4]:372392 resistance 44.94 cap 0.000607101 slew 0.019269 delay 0.0461849 power 5.98296e-05
I0313 15:30:58.086764 469461 lm_feature_timing.cpp:80] node dpath/a_lt_b/n18:830753 resistance 14.124 cap 0.00070576 slew 0.021423 delay 0.0153273 power 5.71666e-06
I0313 15:30:58.083845 469530 lm_feature_timing.cpp:80] node dpath/a_reg_out[15]:1154841 resistance 27.392 cap 0.000761443 slew 0.027745 delay 0.0468099 power 5.32856e-05
I0313 15:30:58.086846 469538 lm_feature_timing.cpp:80] node dpath/a_reg/n18:740289 resistance 85.6 cap 0.00627392 slew 0.0502106 delay 0.773999 power 5.08187e-05
I0313 15:30:58.086849 469542 lm_feature_timing.cpp:80] node ctrl/FE_OFN1_ctrl_b_mux_sel_0:439191 resistance 0 cap 0.000679401 slew 0.021054 delay 0 power 6.6097e-05
I0313 15:30:58.080901 469560 lm_feature_timing.cpp:80] node dpath/a_lt_b/n14:415117 resistance 0.428 cap 0.00161509 slew 0.020585 delay 0.000691258 power 1.30822e-05
I0313 15:30:58.086887 469470 lm_feature_timing.cpp:80] node dpath/b_reg/n14:852445 resistance 43.228 cap 0.000905204 slew 0.020042 delay 0.0425672 power 0.000116901
I0313 15:30:58.083945 469457 lm_feature_timing.cpp:80] node ctrl_a_mux_sel[1]:439258 resistance 12.84 cap 0.000725014 slew 0.014695 delay 0.00930918 power 2.34377e-05
I0313 15:30:58.090876 469542 lm_feature_timing.cpp:80] node ctrl/placeFE_OFC1_ctrl_b_mux_sel_0:I resistance 3.852 cap 0.000597962 slew 0.021054 delay 0.0024602 power 5.8174e-05
I0313 15:30:58.083969 469501 lm_feature_timing.cpp:80] node dpath/b_reg/U14:A2 resistance 16.692 cap 0.000574604 slew 0.017183 delay 0.0123328 power 6.96035e-05
I0313 15:30:58.086961 469468 lm_feature_timing.cpp:80] node dpath/a_lt_b/n11:393327 resistance 10.272 cap 0.000579745 slew 0.030248 delay 0.0107686 power 9.39188e-06
I0313 15:30:58.090896 469538 lm_feature_timing.cpp:80] node dpath/a_reg/n18:388325 resistance 83.888 cap 0.00706626 slew 0.0502105 delay 0.763224 power 5.72367e-05
I0313 15:30:58.084025 469488 lm_feature_timing.cpp:80] node dpath/a_lt_b/n26:483765 resistance 7.276 cap 0.000701371 slew 0.022504 delay 0.00510318 power 2.07129e-05
I0313 15:30:58.086994 469455 lm_feature_timing.cpp:80] node ctrl/next_state__0[1]:778555 resistance 17.12 cap 0.000589485 slew 0.030897 delay 0.0129773 power 5.39151e-05
I0313 15:30:58.090955 469468 lm_feature_timing.cpp:80] node dpath/a_lt_b/n11:745281 resistance 7.704 cap 0.000636518 slew 0.030248 delay 0.00927981 power 1.03116e-05
I0313 15:30:58.084190 469584 lm_feature_timing.cpp:80] node dpath/a_mux/n15:786287 resistance 9.416 cap 0.00074984 slew 0.036668 delay 0.00795987 power 4.27618e-05
I0313 15:30:58.087065 469571 lm_feature_timing.cpp:80] node ctrl/n5:399824 resistance 0 cap 0.00129816 slew 0.021618 delay 0 power 0.00011578
I0313 15:30:58.090994 469455 lm_feature_timing.cpp:80] node ctrl/next_state__0[1]:1130515 resistance 17.12 cap 0.000749426 slew 0.030897 delay 0.0129773 power 6.85435e-05
I0313 15:30:58.087090 469520 lm_feature_timing.cpp:80] node dpath/a_mux/U13:ZN resistance 0 cap 0.000676622 slew 0.033624 delay 0 power 3.85864e-05
I0313 15:30:58.087142 469512 lm_feature_timing.cpp:80] node dpath/a_mux/U27:ZN resistance 0 cap 0.000881394 slew 0.035942 delay 0 power 5.02641e-05
I0313 15:30:58.091042 469571 lm_feature_timing.cpp:80] node ctrl/n5:400649 resistance 6.42 cap 0.00123278 slew 0.021618 delay 0.00791444 power 0.000109948
I0313 15:30:58.091009 469488 lm_feature_timing.cpp:80] node dpath/a_lt_b/n26:483778 resistance 0 cap 0.000774979 slew 0.022504 delay 0 power 2.28867e-05
I0313 15:30:58.087224 469502 lm_feature_timing.cpp:80] node dpath/a_reg_out[14]:835581 resistance 26.536 cap 0.00059285 slew 0.0404481 delay 0.0778574 power 5.50812e-05
I0313 15:30:58.091084 469571 lm_feature_timing.cpp:80] node ctrl/n5:752609 resistance 6.42 cap 0.00116739 slew 0.021618 delay 0.00791444 power 0.000104116
I0313 15:30:58.087234 469450 lm_feature_timing.cpp:80] node dpath/a_reg/U7:A2 resistance 39.804 cap 0.000574604 slew 0.018929 delay 0.0387123 power 5.83504e-05
I0313 15:30:58.091097 469512 lm_feature_timing.cpp:80] node dpath/a_mux/n13:730981 resistance 0 cap 0.000881394 slew 0.035942 delay 0 power 5.02641e-05
I0313 15:30:58.091125 469488 lm_feature_timing.cpp:80] node dpath/a_lt_b/n26:483765 resistance 7.276 cap 0.000701371 slew 0.022504 delay 0.00510318 power 2.07129e-05
I0313 15:30:58.087256 469533 lm_feature_timing.cpp:80] node dpath/a_reg/n8:762075 resistance 9.416 cap 0.000731757 slew 0.01695 delay 0.00722537 power 4.85751e-05
I0313 15:30:58.091166 469488 lm_feature_timing.cpp:137] net dpath/a_lt_b/n26 resistance 14.552 cap 0.000774979 slew 0.000807089 delay 0.00510318 power 1.85382e-08
I0313 15:30:58.084376 469509 lm_feature_timing.cpp:80] node dpath/a_lt_b/n34:838927 resistance 20.972 cap 0.000848737 slew 0.019827 delay 0.0184255 power 6.87477e-06
I0313 15:30:58.087324 469543 lm_feature_timing.cpp:80] node dpath/a_reg/n17:806207 resistance 4.28 cap 0.000900702 slew 0.017676 delay 0.00404688 power 6.30309e-05
I0313 15:30:58.091231 469488 lm_feature_timing.cpp:125] build net dpath/b_reg_out[0] feature 
I0313 15:30:58.084556 469534 lm_feature_timing.cpp:80] node ctrl/n3:789511 resistance 3.424 cap 0.000656426 slew 0.015546 delay 0.0022476 power 1.59033e-05
I0313 15:30:58.091243 469533 lm_feature_timing.cpp:80] node dpath/a_reg/n8:756209 resistance 3.424 cap 0.000793032 slew 0.01695 delay 0.00284069 power 5.26426e-05
I0313 15:30:58.087379 469511 lm_feature_timing.cpp:80] node dpath/a_lt_b/n4:386583 resistance 14.124 cap 0.00058826 slew 0.021374 delay 0.0103951 power 4.76491e-06
I0313 15:30:58.087399 469563 lm_feature_timing.cpp:80] node dpath/a_mux_out[0]:739181 resistance 15.836 cap 0.000627657 slew 0.016457 delay 0.011685 power 4.22677e-05
I0313 15:30:58.087399 469456 lm_feature_timing.cpp:80] node dpath/a_mux/n12:797821 resistance 5.136 cap 0.000663898 slew 0.034079 delay 0.00340978 power 3.78607e-05
I0313 15:30:58.091302 469534 lm_feature_timing.cpp:80] node ctrl/n3:786159 resistance 0 cap 0.000693034 slew 0.015546 delay 0 power 1.67903e-05
I0313 15:30:58.084488 469583 lm_feature_timing.cpp:80] node dpath/a_mux_out[8]:469591 resistance 63.772 cap 0.000586546 slew 0.0212991 delay 0.0768456 power 6.8593e-05
I0313 15:30:58.091313 469543 lm_feature_timing.cpp:80] node dpath/a_reg/n17:822127 resistance 21.4 cap 0.000732539 slew 0.017676 delay 0.0165879 power 5.12629e-05
I0313 15:30:58.091349 469456 lm_feature_timing.cpp:80] node dpath/a_mux/n12:445859 resistance 5.992 cap 0.000598903 slew 0.034079 delay 0.00392244 power 3.41542e-05
I0313 15:30:58.079648 469549 lm_feature_timing.cpp:80] node dpath/a_mux/placeFE_OFC5_n18:I resistance 1.284 cap 0.000609824 slew 0.018175 delay 0.000803626 power 3.94278e-05
I0313 15:30:58.087538 469446 lm_feature_timing.cpp:80] node dpath/b_mux_out[14]:1166613 resistance 9.844 cap 0.000765869 slew 0.01702 delay 0.00785434 power 0.000122503
I0313 15:30:58.091398 469456 lm_feature_timing.cpp:80] node dpath/a_mux/n12:445861 resistance 5.136 cap 0.000610845 slew 0.034079 delay 0.00340978 power 3.48352e-05
I0313 15:30:58.087572 469465 lm_feature_timing.cpp:80] node ctrl/n2:792019 resistance 1.712 cap 0.000849369 slew 0.023799 delay 0.00253589 power 6.87989e-06
I0313 15:30:58.091409 469583 lm_feature_timing.cpp:80] node dpath/a_mux_out[8]:469589 resistance 62.916 cap 0.000598488 slew 0.0212991 delay 0.0763435 power 6.99895e-05
I0313 15:30:58.087603 469449 lm_feature_timing.cpp:80] node dpath/a_reg/n15:470248 resistance 0 cap 0.00182668 slew 0.022647 delay 0 power 0.000119537
I0313 15:30:58.091452 469456 lm_feature_timing.cpp:80] node dpath/a_mux/U26:B resistance 5.992 cap 0.000586961 slew 0.034079 delay 0.00392244 power 3.34732e-05
I0313 15:30:58.087636 469489 lm_feature_timing.cpp:80] node dpath/a_lt_b/n8:1090531 resistance 47.08 cap 0.00106416 slew 0.053906 delay 0.050494 power 1.71552e-05
I0313 15:30:58.087663 469514 lm_feature_timing.cpp:80] node dpath/a_mux/n7:371469 resistance 11.128 cap 0.000676622 slew 0.036128 delay 0.0087603 power 3.85864e-05
I0313 15:30:58.091485 469583 lm_feature_timing.cpp:80] node dpath/a_mux_out[8]:469591 resistance 63.772 cap 0.000586546 slew 0.0212991 delay 0.0768456 power 6.8593e-05
I0313 15:30:58.091531 469489 lm_feature_timing.cpp:80] node dpath/a_lt_b/n8:738471 resistance 0.856 cap 0.00152381 slew 0.053906 delay 0.00130439 power 2.45653e-05
I0313 15:30:58.087673 469518 lm_feature_timing.cpp:80] node dpath/a_lt_b/U29:A1 resistance 11.984 cap 0.000393715 slew 0.01901 delay 0.0110319 power 3.18909e-06
I0313 15:30:58.089087 469473 lm_feature_timing.cpp:80] node ctrl/state/n1:424061 resistance 16.692 cap 0.000652237 slew 2.72699e-05 delay 0.0259137 power 5.28312e-06
I0313 15:30:58.089104 469555 lm_feature_timing.cpp:80] node dpath/a_mux/n17:797991 resistance 6.848 cap 0.000680342 slew 0.034452 delay 0.00465898 power 5.51077e-06
I0313 15:30:58.082748 469317 lm_feature_timing.cpp:80] node ctrl/U3:ZN resistance 0 cap 0.000671179 slew 0.027947 delay 0 power 5.08656e-05
I0313 15:30:58.091595 469583 lm_feature_timing.cpp:80] node dpath/a_mux_out[8]:821549 resistance 62.916 cap 0.000598488 slew 0.0212991 delay 0.0763435 power 6.99895e-05
I0313 15:30:58.089182 469505 lm_feature_timing.cpp:80] node ctrl_b_mux_sel_0_:791358 resistance 151.084 cap 0.00113799 slew 0.0310884 delay 2.06795 power 0.000110712
I0313 15:30:58.091630 469555 lm_feature_timing.cpp:80] node dpath/a_mux/n17:446029 resistance 7.704 cap 0.000598903 slew 0.034452 delay 0.00517165 power 4.85112e-06
I0313 15:30:58.080330 469508 lm_feature_timing.cpp:80] node dpath/a_mux/FE_OFN3_ctrl_a_mux_sel_1:734307 resistance 110.852 cap 0.0037575 slew 0.0264799 delay 0.847364 power 0.000121469
I0313 15:30:58.089218 469566 lm_feature_timing.cpp:80] node dpath/b_mux_out[3]:766985 resistance 11.556 cap 0.000758429 slew 0.016915 delay 0.0088151 power 9.09932e-05
I0313 15:30:58.091681 469555 lm_feature_timing.cpp:80] node dpath/a_mux/n17:446031 resistance 6.848 cap 0.000610845 slew 0.034452 delay 0.00465898 power 4.94785e-06
I0313 15:30:58.089237 469453 lm_feature_timing.cpp:80] node dpath/b_reg/out_reg_1_:D resistance 10.7 cap 0.000564376 slew 0.016325 delay 0.00718789 power 7.16601e-05
I0313 15:30:58.089246 469587 lm_feature_timing.cpp:80] node dpath/a_reg/n5:1439899 resistance 7.704 cap 0.00094847 slew 0.018395 delay 0.00791213 power 5.64014e-05
I0313 15:30:58.080504 469525 lm_feature_timing.cpp:80] node dpath/a_mux/U8:B resistance 4.28 cap 0.000586961 slew 0.033624 delay 0.00270407 power 3.34732e-05
I0313 15:30:58.091732 469508 lm_feature_timing.cpp:80] node dpath/a_mux/FE_OFN3_ctrl_a_mux_sel_1:1086267 resistance 110.852 cap 0.00374556 slew 0.0264799 delay 0.847364 power 0.000121083
I0313 15:30:58.079898 469529 lm_feature_timing.cpp:125] build net dpath/b_mux_out[9] feature 
I0313 15:30:58.085032 469588 lm_feature_timing.cpp:80] node dpath/a_lt_b/n3:738381 resistance 4.28 cap 0.000754085 slew 0.018363 delay 0.00496461 power 6.10809e-06
I0313 15:30:58.085054 469482 lm_feature_timing.cpp:80] node dpath/a_lt_b/n13:394177 resistance 14.552 cap 0.000593169 slew 0.031831 delay 0.0108282 power 1.89266e-05
I0313 15:30:58.085075 469452 lm_feature_timing.cpp:80] node dpath/a_reg_out[13]:508789 resistance 0.856 cap 0.005116 slew 0.03813 delay 0.0043793 power 0.000334789
I0313 15:30:58.081418 469494 lm_feature_timing.cpp:80] node dpath/a_reg_out[12]:839033 resistance 45.796 cap 0.00284715 slew 0.0441404 delay 0.21681 power 0.000180167
I0313 15:30:58.089404 469486 lm_feature_timing.cpp:80] node dpath/a_reg/n2:746707 resistance 8.988 cap 0.000650317 slew 0.016259 delay 0.00588519 power 3.00292e-05
I0313 15:30:58.091830 469482 lm_feature_timing.cpp:80] node dpath/a_lt_b/n13:746137 resistance 14.552 cap 0.000646222 slew 0.031831 delay 0.0108282 power 2.06194e-05
I0313 15:30:58.085171 469483 lm_feature_timing.cpp:80] node dpath/b_reg/n6:404145 resistance 2.996 cap 0.000850978 slew 0.016914 delay 0.00254953 power 0.000109579
I0313 15:30:58.089416 469552 lm_feature_timing.cpp:137] net dpath/b_mux_out[7] resistance 7.704 cap 0.000656043 slew 0.000169773 delay 0.00237023 power 6.4408e-08
I0313 15:30:58.085162 469526 lm_feature_timing.cpp:80] node dpath/a_mux/n14:395806 resistance 15.836 cap 0.000603014 slew 0.036474 delay 0.0119985 power 3.43886e-05
I0313 15:30:58.091907 469483 lm_feature_timing.cpp:80] node dpath/b_reg/n6:756105 resistance 2.996 cap 0.00081848 slew 0.016914 delay 0.00254953 power 0.000105394
I0313 15:30:58.091925 469552 lm_feature_timing.cpp:125] build net dpath/b_reg_out[10] feature 
I0313 15:30:58.091934 469483 lm_feature_timing.cpp:137] net dpath/b_reg/n6 resistance 31.672 cap 0.000883475 slew 0.00328954 delay 0.0114275 power 9.21485e-08
I0313 15:30:58.085297 469531 lm_feature_timing.cpp:80] node dpath/a_lt_b/U37:ZN resistance 0 cap 0.00102503 slew 0.045927 delay 0 power 2.46322e-05
I0313 15:30:58.085292 469580 lm_feature_timing.cpp:80] node dpath/a_lt_b/n5:387341 resistance 1.712 cap 0.000619471 slew 0.015064 delay 0.00106053 power 7.84018e-06
I0313 15:30:58.085314 469559 lm_feature_timing.cpp:80] node dpath/a_mux/n9:432652 resistance 1.284 cap 0.000992984 slew 0.037386 delay 0.00127499 power 5.66278e-05
I0313 15:30:58.089491 469570 lm_feature_timing.cpp:80] node dpath/a_mux/n5:385523 resistance 9.844 cap 0.000586961 slew 0.035087 delay 0.00681233 power 3.34732e-05
I0313 15:30:58.079919 469576 lm_feature_timing.cpp:125] build net dpath/a_reg_out[10] feature 
I0313 15:30:58.092012 469531 lm_feature_timing.cpp:80] node dpath/a_lt_b/n36:838095 resistance 0 cap 0.00102503 slew 0.045927 delay 0 power 2.46322e-05
I0313 15:30:58.092020 469580 lm_feature_timing.cpp:80] node dpath/a_lt_b/n5:386501 resistance 0 cap 0.000639636 slew 0.015064 delay 0 power 8.09539e-06
I0313 15:30:58.089546 469578 lm_feature_timing.cpp:80] node dpath/b_reg/out_reg_11_:D resistance 29.532 cap 0.000564376 slew 0.018543 delay 0.0251574 power 7.26194e-05
I0313 15:30:58.089542 469497 lm_feature_timing.cpp:80] node dpath/a_reg_out[0]:740011 resistance 19.688 cap 0.00070467 slew 0.0390441 delay 0.056163 power 3.2539e-05
I0313 15:30:58.089542 469493 lm_feature_timing.cpp:80] node dpath/b_reg/n12:841613 resistance 25.68 cap 0.00114208 slew 0.019979 delay 0.0293287 power 9.96305e-05
I0313 15:30:58.092075 469570 lm_feature_timing.cpp:80] node dpath/a_mux/n5:737483 resistance 9.844 cap 0.000631792 slew 0.035087 delay 0.00681233 power 3.60298e-05
I0313 15:30:58.092087 469531 lm_feature_timing.cpp:80] node dpath/a_lt_b/n36:471057 resistance 17.976 cap 0.00067226 slew 0.045927 delay 0.0152552 power 1.61549e-05
I0313 15:30:58.085500 469558 lm_feature_timing.cpp:80] node dpath/a_reg/n4:740963 resistance 3.424 cap 0.00081848 slew 0.01709 delay 0.00292782 power 4.6743e-05
I0313 15:30:58.082646 469477 lm_feature_timing.cpp:80] node dpath/a_lt_b/n33:485272 resistance 0 cap 0.000804078 slew 0.016585 delay 0 power 1.14333e-05
I0313 15:30:58.085551 469469 lm_feature_timing.cpp:80] node dpath/a_lt_b/U20:B2 resistance 44.084 cap 0.000718455 slew 0.0449412 delay 0.167522 power 4.76921e-05
I0313 15:30:58.092150 469493 lm_feature_timing.cpp:80] node dpath/b_reg/U8:Z resistance 0 cap 0.00139247 slew 0.019979 delay 0 power 0.000121473
I0313 15:30:58.092154 469570 lm_feature_timing.cpp:80] node dpath/a_mux/n5:733293 resistance 5.564 cap 0.000676622 slew 0.035087 delay 0.00410826 power 3.85864e-05
I0313 15:30:58.092164 469531 lm_feature_timing.cpp:80] node dpath/a_lt_b/n36:823017 resistance 17.976 cap 0.000848645 slew 0.045927 delay 0.0152552 power 2.03936e-05
I0313 15:30:58.089735 469463 lm_feature_timing.cpp:80] node dpath/a_lt_b/n2:737553 resistance 5.992 cap 0.000648236 slew 0.023105 delay 0.00388423 power 1.05014e-05
I0313 15:30:58.089738 469528 lm_feature_timing.cpp:80] node dpath/a_mux/U14:ZN resistance 0 cap 0.000762931 slew 0.015352 delay 0 power 7.16551e-05
I0313 15:30:58.092206 469469 lm_feature_timing.cpp:80] node dpath/b_mux/U8:B1 resistance 51.788 cap 0.000659839 slew 0.0449412 delay 0.173325 power 4.38011e-05
I0313 15:30:58.092198 469558 lm_feature_timing.cpp:80] node dpath/a_reg/n4:388995 resistance 0 cap 0.000891697 slew 0.01709 delay 0 power 5.09244e-05
I0313 15:30:58.092214 469477 lm_feature_timing.cpp:80] node dpath/a_lt_b/n33:484448 resistance 10.272 cap 0.000701693 slew 0.016585 delay 0.00720779 power 9.97748e-06
I0313 15:30:58.085705 469519 lm_feature_timing.cpp:80] node dpath/a_mux/FE_OFN5_n18:394959 resistance 92.02 cap 0.000422101 slew 0.0317656 delay 0.684255 power 2.72907e-05
I0313 15:30:58.089828 469472 lm_feature_timing.cpp:80] node dpath/a_mux_out[13]:819685 resistance 14.552 cap 0.00079954 slew 0.016793 delay 0.012139 power 8.4646e-05
I0313 15:30:58.092288 469552 lm_feature_timing.cpp:80] node dpath/b_reg_out[10]:834933 resistance 20.116 cap 0.000686127 slew 0.0399552 delay 0.0649355 power 5.98549e-05
I0313 15:30:58.092312 469477 lm_feature_timing.cpp:80] node dpath/a_lt_b/n33:485272 resistance 0 cap 0.000804078 slew 0.016585 delay 0 power 1.14333e-05
I0313 15:30:58.085770 469479 lm_feature_timing.cpp:80] node dpath/b_mux_out[13]:819689 resistance 6.42 cap 0.000889983 slew 0.017469 delay 0.00592073 power 0.000109435
I0313 15:30:58.092348 469472 lm_feature_timing.cpp:80] node dpath/a_mux_out[13]:456831 resistance 3.424 cap 0.000946756 slew 0.016793 delay 0.00324169 power 0.000100232
I0313 15:30:58.089870 469490 lm_feature_timing.cpp:80] node dpath/a_reg_out[2]:735961 resistance 67.196 cap 0.000613014 slew 0.0429064 delay 0.239885 power 3.5009e-05
I0313 15:30:58.085819 469574 lm_feature_timing.cpp:80] node ctrl/n1:1133071 resistance 21.828 cap 0.000734876 slew 0.029815 delay 0.0207114 power 1.1905e-05
I0313 15:30:58.089882 469581 lm_feature_timing.cpp:80] node dpath/b_reg/n16:828929 resistance 16.692 cap 0.000716095 slew 0.01706 delay 0.0121685 power 0.000109353
I0313 15:30:58.089922 469592 lm_feature_timing.cpp:80] node dpath/a_lt_b/n32:486999 resistance 17.976 cap 0.000635035 slew 0.020978 delay 0.0187062 power 5.14378e-06
I0313 15:30:58.089923 469515 lm_feature_timing.cpp:80] node dpath/a_lt_b/n35:838081 resistance 12.84 cap 0.00122804 slew 0.033561 delay 0.0174185 power 3.00583e-05
I0313 15:30:58.092434 469479 lm_feature_timing.cpp:80] node dpath/b_mux_out[13]:464377 resistance 2.996 cap 0.000959089 slew 0.017469 delay 0.00287343 power 0.000117932
I0313 15:30:58.085865 469454 lm_feature_timing.cpp:80] node dpath/a_reg/n13:852501 resistance 35.096 cap 0.000781872 slew 0.019329 delay 0.0319474 power 4.80029e-05
I0313 15:30:58.078677 469495 lm_feature_timing.cpp:125] build net dpath/a_reg_out[7] feature 
I0313 15:30:58.092483 469581 lm_feature_timing.cpp:80] node dpath/b_reg/n16:813845 resistance 1.284 cap 0.000867813 slew 0.01706 delay 0.00113488 power 0.000132521
I0313 15:30:58.090025 469537 lm_feature_timing.cpp:80] node dpath/a_lt_b/n15:425172 resistance 14.552 cap 0.00060194 slew 0.021785 delay 0.0126152 power 4.87571e-06
I0313 15:30:58.090034 469440 lm_feature_timing.cpp:80] node dpath/a_mux_out[1]:738351 resistance 20.116 cap 0.000668768 slew 0.016524 delay 0.0156 power 5.62983e-05
I0313 15:30:58.090049 469481 lm_feature_timing.cpp:80] node dpath/a_reg_out[9]:830783 resistance 27.392 cap 0.00515599 slew 0.0459835 delay 0.16816 power 0.000377804
I0313 15:30:58.090087 469523 lm_feature_timing.cpp:80] node dpath/b_mux/n1:1128231 resistance 29.104 cap 0.000704251 slew 0.0427555 delay 0.328655 power 6.85146e-05
I0313 15:30:58.090097 469572 lm_feature_timing.cpp:80] node dpath/a_mux_out[10]:477051 resistance 43.228 cap 0.000590266 slew 0.019133 delay 0.0438711 power 4.78116e-06
I0313 15:30:58.086074 469590 lm_feature_timing.cpp:80] node dpath/b_reg/n10:464574 resistance 9.416 cap 0.000862529 slew 0.017358 delay 0.00812157 power 0.00011305
I0313 15:30:58.090126 469557 lm_feature_timing.cpp:80] node dpath/a_mux_out[14]:808723 resistance 0.856 cap 0.0010501 slew 0.0173 delay 0.000909106 power 0.000115909
I0313 15:30:58.090152 469474 lm_feature_timing.cpp:80] node dpath/a_mux_out[15]:796985 resistance 0.428 cap 0.00100881 slew 0.016859 delay 0.000435124 power 0.000115962
I0313 15:30:58.092666 469572 lm_feature_timing.cpp:80] node dpath/a_mux_out[10]:829011 resistance 43.228 cap 0.000815984 slew 0.019133 delay 0.0438711 power 6.60947e-06
I0313 15:30:58.090165 469499 lm_feature_timing.cpp:137] net dpath/a_mux/n8 resistance 8.56 cap 0.000676622 slew 0.000126086 delay 0.00270407 power 3.1255e-08
I0313 15:30:58.083163 469547 lm_feature_timing.cpp:80] node dpath/a_mux_out[9]:477977 resistance 72.332 cap 0.000574604 slew 0.0222031 delay 0.0933752 power 6.98368e-05
I0313 15:30:58.090219 469504 lm_feature_timing.cpp:80] node dpath/a_lt_b/n10:1098083 resistance 13.696 cap 0.000781089 slew 0.022374 delay 0.0183584 power 6.32682e-06
I0313 15:30:58.083411 469485 lm_feature_timing.cpp:80] node dpath/a_mux/n4:1141589 resistance 2.568 cap 0.00086495 slew 0.036398 delay 0.00229409 power 4.93263e-05
I0313 15:30:58.092744 469495 lm_feature_timing.cpp:80] node dpath/a_lt_b/U22:I resistance 27.392 cap 0.000599444 slew 0.0402571 delay 0.0866866 power 4.11695e-05
I0313 15:30:58.092769 469547 lm_feature_timing.cpp:80] node dpath/a_mux_out[9]:829937 resistance 72.332 cap 0.000619435 slew 0.0222031 delay 0.0933752 power 7.52855e-05
I0313 15:30:58.090262 469567 lm_feature_timing.cpp:80] node dpath/a_lt_b/n17:422667 resistance 29.104 cap 0.00057716 slew 0.02546 delay 0.024659 power 2.33025e-05
I0313 15:30:58.090268 469532 lm_feature_timing.cpp:80] node dpath/a_reg_out[1]:377209 resistance 44.94 cap 0.00129292 slew 0.0420913 delay 0.183949 power 7.05887e-05
I0313 15:30:58.092803 469504 lm_feature_timing.cpp:80] node dpath/a_lt_b/n10:1098071 resistance 8.56 cap 0.000834142 slew 0.022374 delay 0.0143467 power 6.75655e-06
I0313 15:30:58.083437 469562 lm_feature_timing.cpp:80] node dpath/a_reg/U11:Z resistance 0 cap 0.000711592 slew 0.016096 delay 0 power 5.05068e-05
I0313 15:30:58.090260 469586 lm_feature_timing.cpp:80] node CTS_1:394051 resistance 100.152 cap 0.000418247 slew 0.00031565 delay 0.361178 power 0.000135512
I0313 15:30:58.090301 469564 lm_feature_timing.cpp:80] node dpath/a_reg/U18:Z resistance 0 cap 0.00127814 slew 0.019387 delay 0 power 6.97817e-05
I0313 15:30:58.090312 469438 lm_feature_timing.cpp:80] node dpath/a_lt_b/U33:B resistance 15.836 cap 0.000672352 slew 0.020196 delay 0.0131883 power 5.44605e-06
I0313 15:30:58.083478 469460 lm_feature_timing.cpp:80] node dpath/a_lt_b/n9:1093889 resistance 14.552 cap 0.000861938 slew 0.031625 delay 0.012921 power 1.39634e-05
I0313 15:30:58.090411 469561 lm_feature_timing.cpp:80] node dpath/a_lt_b/n7:386485 resistance 23.54 cap 0.00131692 slew 0.021289 delay 0.0366016 power 2.40009e-05
I0313 15:30:58.090405 469595 lm_feature_timing.cpp:80] node dpath/b_mux_out[1]:761009 resistance 14.98 cap 0.000741985 slew 0.017 delay 0.0111797 power 8.72138e-05
I0313 15:30:58.090391 469565 lm_feature_timing.cpp:80] node dpath/b_mux_out[5]:409196 resistance 25.68 cap 0.000582435 slew 0.018108 delay 0.0214086 power 7.12227e-05
I0313 15:30:58.080646 469544 lm_feature_timing.cpp:80] node dpath/a_mux/n10:445130 resistance 4.708 cap 0.000892554 slew 0.037124 delay 0.004405 power 5.09005e-05
I0313 15:30:58.090417 469550 lm_feature_timing.cpp:80] node dpath/b_reg/out_reg_3_:D resistance 10.7 cap 0.000564376 slew 0.016388 delay 0.00721337 power 7.23472e-05
I0313 15:30:58.090476 469442 lm_feature_timing.cpp:80] node dpath/a_lt_b/n1:729183 resistance 5.136 cap 0.000836275 slew 0.017306 delay 0.00456759 power 6.77383e-06
I0313 15:30:58.090505 469459 lm_feature_timing.cpp:80] node dpath/a_mux/n16:786209 resistance 5.564 cap 0.000711428 slew 0.020149 delay 0.00398444 power 4.59969e-05
I0313 15:30:58.094394 469544 lm_feature_timing.cpp:80] node dpath/a_mux/n10:445141 resistance 9.416 cap 0.00083167 slew 0.037124 delay 0.0083205 power 4.74284e-05
I0313 15:30:58.086473 469521 lm_feature_timing.cpp:80] node dpath/a_reg/U15:Z resistance 0 cap 0.000637593 slew 0.015676 delay 0 power 3.93905e-05
I0313 15:30:58.078536 469527 lm_feature_timing.cpp:125] build net dpath/a_lt_b/n28 feature 
I0313 15:30:58.094414 469595 lm_feature_timing.cpp:80] node dpath/b_mux_out[1]:746763 resistance 0.428 cap 0.000885481 slew 0.017 delay 0.000382338 power 0.000104081
I0313 15:30:58.094416 469550 lm_feature_timing.cpp:80] node dpath/b_reg/n5:777033 resistance 10.7 cap 0.000625651 slew 0.016388 delay 0.00721337 power 8.0202e-05
I0313 15:30:58.090579 469492 lm_feature_timing.cpp:80] node dpath/a_reg/U14:Z resistance 0 cap 0.000686926 slew 0.015873 delay 0 power 4.40199e-05
I0313 15:30:58.090596 469475 lm_feature_timing.cpp:80] node dpath/a_lt_b/n37:831389 resistance 4.708 cap 0.00141014 slew 0.018123 delay 0.00686937 power 1.14222e-05
I0313 15:30:58.094499 469550 lm_feature_timing.cpp:80] node dpath/b_reg/n5:771167 resistance 4.708 cap 0.000686926 slew 0.016388 delay 0.00346447 power 8.80568e-05
I0313 15:30:58.082016 469462 lm_feature_timing.cpp:80] node dpath/a_mux_out[6]:402548 resistance 23.112 cap 0.000590657 slew 0.017149 delay 0.0188792 power 6.36448e-05
I0313 15:30:58.086687 469517 lm_feature_timing.cpp:80] node dpath/b_reg/n2:759379 resistance 0.856 cap 0.000917146 slew 0.017303 delay 0.000795299 power 0.000114522
I0313 15:30:58.094547 469475 lm_feature_timing.cpp:80] node dpath/a_lt_b/n37:479418 resistance 0 cap 0.00150803 slew 0.018123 delay 0 power 1.2215e-05
I0313 15:30:58.090682 469466 lm_feature_timing.cpp:80] node dpath/b_reg/n1:776287 resistance 228.124 cap 0.000720695 slew 0.0414223 delay 1.73208 power 5.46182e-05
I0313 15:30:58.086743 469447 lm_feature_timing.cpp:80] node dpath/b_mux_out[8]:793861 resistance 5.564 cap 0.00104992 slew 0.018669 delay 0.00615984 power 0.000132009
I0313 15:30:58.090695 469553 lm_feature_timing.cpp:80] node ctrl/state_out[0]:781955 resistance 67.624 cap 0.00167486 slew 0.0498893 delay 0.2292 power 0.000149376
I0313 15:30:58.090718 469524 lm_feature_timing.cpp:80] node dpath/b_reg/n15:822215 resistance 0 cap 0.00116381 slew 0.018748 delay 0 power 0.000150927
I0313 15:30:58.090719 469569 lm_feature_timing.cpp:80] node clk:1457341 resistance 68.48 cap 0.005291 slew 0.000474042 delay 0.377734 power 0.00171428
I0313 15:30:58.094624 469447 lm_feature_timing.cpp:80] node dpath/b_mux_out[8]:812297 resistance 24.396 cap 0.000865317 slew 0.018669 delay 0.0224555 power 0.000108798
I0313 15:30:58.094619 469462 lm_feature_timing.cpp:80] node dpath/a_mux_out[6]:402545 resistance 21.828 cap 0.00060671 slew 0.017149 delay 0.0181208 power 6.53745e-05
I0313 15:30:58.086750 469556 lm_feature_timing.cpp:80] node dpath/b_mux_out[6]:417595 resistance 14.124 cap 0.000590266 slew 0.016905 delay 0.0103088 power 7.28588e-05
I0313 15:30:58.094658 469524 lm_feature_timing.cpp:80] node dpath/b_reg/n15:852383 resistance 30.816 cap 0.000864093 slew 0.018748 delay 0.0266279 power 0.000112058
I0313 15:30:58.090787 469441 lm_feature_timing.cpp:80] node dpath/a_mux_out[4]:727697 resistance 38.52 cap 0.000712816 slew 0.019269 delay 0.0420507 power 7.02477e-05
I0313 15:30:58.094662 469553 lm_feature_timing.cpp:80] node ctrl/state_out[0]:754301 resistance 39.376 cap 0.00194991 slew 0.0498893 delay 0.181889 power 0.000173907
I0313 15:30:58.078002 469540 lm_feature_timing.cpp:125] build net dpath/a_lt_b/n19 feature 
I0313 15:30:58.094702 469556 lm_feature_timing.cpp:80] node dpath/b_mux_out[6]:769555 resistance 14.124 cap 0.00072554 slew 0.016905 delay 0.0103088 power 8.95562e-05
I0313 15:30:58.094710 469524 lm_feature_timing.cpp:80] node dpath/b_reg/U5:Z resistance 0 cap 0.00116381 slew 0.018748 delay 0 power 0.000150927
I0313 15:30:58.090893 469470 lm_feature_timing.cpp:80] node dpath/b_reg/U6:Z resistance 0 cap 0.00140969 slew 0.020042 delay 0 power 0.000182052
I0313 15:30:58.090915 469542 lm_feature_timing.cpp:80] node ctrl/FE_OFN1_ctrl_b_mux_sel_0:439182 resistance 3.852 cap 0.000638682 slew 0.021054 delay 0.0024602 power 6.21355e-05
I0313 15:30:58.094754 469524 lm_feature_timing.cpp:80] node dpath/b_reg/n15:470255 resistance 0 cap 0.00116381 slew 0.018748 delay 0 power 0.000150927
I0313 15:30:58.087010 469484 lm_feature_timing.cpp:80] node dpath/b_reg/n7:1114023 resistance 21.828 cap 0.000691428 slew 0.017663 delay 0.0170438 power 8.9432e-05
I0313 15:30:58.094774 469542 lm_feature_timing.cpp:137] net ctrl/FE_OFN1_ctrl_b_mux_sel_0 resistance 7.704 cap 0.000679401 slew 0.000143252 delay 0.0024602 power 5.35386e-08
I0313 15:30:58.090977 469538 lm_feature_timing.cpp:80] node dpath/a_reg/n18:388329 resistance 85.6 cap 0.00629408 slew 0.0502106 delay 0.773999 power 5.0982e-05
I0313 15:30:58.091002 469468 lm_feature_timing.cpp:80] node dpath/a_lt_b/n11:747795 resistance 5.136 cap 0.00148856 slew 0.030248 delay 0.00764523 power 2.41146e-05
I0313 15:30:58.084225 469593 lm_feature_timing.cpp:80] node dpath/b_reg/U8:A2 resistance 5.136 cap 0.000574604 slew 0.01565 delay 0.00322365 power 3.02779e-05
I0313 15:30:58.094852 469538 lm_feature_timing.cpp:80] node dpath/a_reg/n18:809839 resistance 4.28 cap 0.0198711 slew 0.0502032 delay 0.0852144 power 0.000160956
I0313 15:30:58.091027 469584 lm_feature_timing.cpp:80] node dpath/a_mux/n15:790477 resistance 13.696 cap 0.000705009 slew 0.036668 delay 0.0109773 power 4.02052e-05
I0313 15:30:58.079685 469575 lm_feature_timing.cpp:125] build net dpath/a_reg/n9 feature 
I0313 15:30:58.094882 469540 lm_feature_timing.cpp:80] node dpath/a_lt_b/n19:477133 resistance 20.972 cap 0.000647858 slew 0.017501 delay 0.0179182 power 1.09783e-05
I0313 15:30:58.091002 469445 lm_feature_timing.cpp:80] node dpath/b_reg/out_reg_7_:D resistance 12.84 cap 0.000564376 slew 0.016665 delay 0.00893526 power 7.36472e-05
I0313 15:30:58.094918 469584 lm_feature_timing.cpp:80] node dpath/a_mux/n15:434327 resistance 9.416 cap 0.000827559 slew 0.036668 delay 0.00795987 power 4.7194e-05
I0313 15:30:58.087242 469548 lm_feature_timing.cpp:80] node dpath/a_reg_out[8]:797299 resistance 23.54 cap 0.00419971 slew 0.0475415 delay 0.152772 power 0.000298083
I0313 15:30:58.094944 469540 lm_feature_timing.cpp:80] node dpath/a_lt_b/n19:829093 resistance 20.972 cap 0.000816021 slew 0.017501 delay 0.0179182 power 1.38279e-05
I0313 15:30:58.084398 469591 lm_feature_timing.cpp:80] node dpath/b_mux_out[12]:816377 resistance 1.284 cap 0.000721038 slew 0.01617 delay 0.000946425 power 8.78822e-05
I0313 15:30:58.094964 469445 lm_feature_timing.cpp:80] node dpath/b_reg/n9:783841 resistance 12.84 cap 0.000633873 slew 0.016665 delay 0.00893526 power 8.27161e-05
I0313 15:30:58.091158 469502 lm_feature_timing.cpp:80] node dpath/a_reg_out[14]:833905 resistance 24.824 cap 0.00167496 slew 0.0404481 delay 0.0768424 power 0.000155619
I0313 15:30:58.091174 469512 lm_feature_timing.cpp:80] node dpath/a_mux/n13:377347 resistance 2.568 cap 0.000824621 slew 0.035942 delay 0.00219052 power 4.70264e-05
I0313 15:30:58.095001 469540 lm_feature_timing.cpp:80] node dpath/a_lt_b/n19:812333 resistance 3.852 cap 0.000984183 slew 0.017501 delay 0.00394793 power 1.66775e-05
I0313 15:30:58.087324 469577 lm_feature_timing.cpp:80] node dpath/a_reg_out[11]:1167531 resistance 56.068 cap 0.000798833 slew 0.0394354 delay 0.205558 power 4.90442e-05
I0313 15:30:58.091254 469509 lm_feature_timing.cpp:80] node dpath/a_lt_b/U35:ZN resistance 0 cap 0.00109012 slew 0.019827 delay 0 power 8.82995e-06
I0313 15:30:58.081038 469458 lm_feature_timing.cpp:80] node dpath/a_mux_out[2]:384777 resistance 4.708 cap 0.000705376 slew 0.015615 delay 0.00356088 power 6.29256e-05
I0313 15:30:58.095067 469512 lm_feature_timing.cpp:80] node dpath/a_mux/n13:729307 resistance 2.568 cap 0.000853007 slew 0.035942 delay 0.00219052 power 4.86452e-05
I0313 15:30:58.087417 469516 lm_feature_timing.cpp:80] node dpath/a_mux_out[5]:387465 resistance 30.388 cap 0.000623155 slew 0.017957 delay 0.0281072 power 6.42812e-05
I0313 15:30:58.091320 469533 lm_feature_timing.cpp:80] node dpath/a_reg/n8:762075 resistance 9.416 cap 0.000731757 slew 0.01695 delay 0.00722537 power 4.85751e-05
I0313 15:30:58.091337 469563 lm_feature_timing.cpp:80] node dpath/a_mux_out[0]:734153 resistance 10.7 cap 0.00068071 slew 0.016457 delay 0.00846132 power 4.58404e-05
I0313 15:30:58.084517 469444 lm_feature_timing.cpp:80] node dpath/a_reg/n11:837511 resistance 14.98 cap 0.000642095 slew 0.01698 delay 0.0107196 power 4.70494e-05
I0313 15:30:58.095118 469512 lm_feature_timing.cpp:80] node dpath/a_mux/U28:B resistance 14.552 cap 0.000586961 slew 0.035942 delay 0.0106487 power 3.34732e-05
I0313 15:30:58.091346 469511 lm_feature_timing.cpp:80] node dpath/a_lt_b/n4:386584 resistance 14.552 cap 0.000580429 slew 0.021374 delay 0.0106435 power 4.70148e-06
I0313 15:30:58.095137 469516 lm_feature_timing.cpp:80] node dpath/a_mux_out[5]:739425 resistance 30.388 cap 0.000700874 slew 0.017957 delay 0.0281072 power 7.22983e-05
I0313 15:30:58.095144 469533 lm_feature_timing.cpp:80] node dpath/a_reg/n8:404249 resistance 3.424 cap 0.00082964 slew 0.01695 delay 0.00284069 power 5.50728e-05
I0313 15:30:58.095153 469444 lm_feature_timing.cpp:80] node dpath/a_reg/n11:829969 resistance 7.276 cap 0.000719815 slew 0.01698 delay 0.00577294 power 5.27443e-05
I0313 15:30:58.095177 469511 lm_feature_timing.cpp:80] node dpath/a_lt_b/n4:386583 resistance 14.124 cap 0.00058826 slew 0.021374 delay 0.0103951 power 4.76491e-06
I0313 15:30:58.095189 469516 lm_feature_timing.cpp:80] node dpath/a_mux_out[5]:731883 resistance 22.684 cap 0.000778593 slew 0.017957 delay 0.0227076 power 8.03154e-05
I0313 15:30:58.095178 469575 lm_feature_timing.cpp:80] node dpath/a_reg/n9:440276 resistance 0 cap 0.000728037 slew 0.016117 delay 0 power 5.00012e-05
I0313 15:30:58.095213 469444 lm_feature_timing.cpp:80] node dpath/a_reg/n11:837511 resistance 14.98 cap 0.000642095 slew 0.01698 delay 0.0107196 power 4.70494e-05
I0313 15:30:58.091464 469549 lm_feature_timing.cpp:80] node dpath/a_mux/n18:439292 resistance 1.284 cap 0.000625877 slew 0.018175 delay 0.000803626 power 4.04657e-05
I0313 15:30:58.095233 469516 lm_feature_timing.cpp:80] node dpath/a_mux_out[5]:739425 resistance 30.388 cap 0.000700874 slew 0.017957 delay 0.0281072 power 7.22983e-05
I0313 15:30:58.087679 469568 lm_feature_timing.cpp:80] node ctrl/next_state__0[0]:784429 resistance 7.276 cap 0.000851029 slew 0.029224 delay 0.00672766 power 7.59009e-05
I0313 15:30:58.091499 469456 lm_feature_timing.cpp:80] node dpath/a_mux/n12:445859 resistance 5.992 cap 0.000598903 slew 0.034079 delay 0.00392244 power 3.41542e-05
I0313 15:30:58.095274 469516 lm_feature_timing.cpp:80] node dpath/a_mux_out[5]:381555 resistance 0.428 cap 0.00122886 slew 0.017957 delay 0.00052595 power 0.000126762
I0313 15:30:58.095278 469575 lm_feature_timing.cpp:80] node dpath/a_reg/out_reg_7_:D resistance 8.132 cap 0.000646206 slew 0.016117 delay 0.00525495 power 4.43811e-05
I0313 15:30:58.091585 469489 lm_feature_timing.cpp:80] node dpath/a_lt_b/n8:1090431 resistance 0.856 cap 0.00151187 slew 0.053906 delay 0.00130439 power 2.43727e-05
I0313 15:30:58.091578 469488 lm_feature_timing.cpp:80] node dpath/b_zero/U4:A1 resistance 49.648 cap 0.000561993 slew 0.0405594 delay 0.147999 power 7.01746e-05
I0313 15:30:58.095320 469568 lm_feature_timing.cpp:80] node ctrl/next_state__0[0]:786943 resistance 9.844 cap 0.000822643 slew 0.029224 delay 0.00884021 power 7.33692e-05
I0313 15:30:58.079819 469437 lm_feature_timing.cpp:80] node dpath/a_lt_b/n16:422673 resistance 5.136 cap 0.000647979 slew 0.024183 delay 0.0036005 power 1.04973e-05
I0313 15:30:58.095352 469575 lm_feature_timing.cpp:80] node dpath/a_reg/U12:Z resistance 0 cap 0.000728037 slew 0.016117 delay 0 power 5.00012e-05
I0313 15:30:58.091627 469473 lm_feature_timing.cpp:80] node ctrl/state/n1:776021 resistance 16.692 cap 0.00151375 slew 2.72699e-05 delay 0.0259137 power 1.22614e-05
I0313 15:30:58.095381 469488 lm_feature_timing.cpp:80] node dpath/b_reg_out[0]:409131 resistance 49.648 cap 0.000664379 slew 0.0405594 delay 0.147999 power 8.29592e-05
I0313 15:30:58.095392 469437 lm_feature_timing.cpp:80] node dpath/a_lt_b/n16:774633 resistance 5.136 cap 0.000701032 slew 0.024183 delay 0.0036005 power 1.13567e-05
I0313 15:30:58.091663 469317 lm_feature_timing.cpp:80] node ctrl_b_reg_en_0_:432518 resistance 0 cap 0.000671179 slew 0.027947 delay 0 power 5.08656e-05
I0313 15:30:58.089229 469510 lm_feature_timing.cpp:80] node dpath/a_reg/n1:485242 resistance 10.7 cap 0.000539372 slew 0.011477 delay 0.00693527 power 5.95354e-05
I0313 15:30:58.091739 469555 lm_feature_timing.cpp:80] node dpath/a_mux/U33:ZN resistance 0 cap 0.00074984 slew 0.034452 delay 0 power 6.0737e-06
I0313 15:30:58.095440 469488 lm_feature_timing.cpp:80] node dpath/b_reg_out[0]:411627 resistance 39.376 cap 0.000766764 slew 0.0405594 delay 0.141174 power 9.57438e-05
I0313 15:30:58.095450 469473 lm_feature_timing.cpp:80] node ctrl/state/n1:763451 resistance 3.852 cap 0.0016408 slew 1.67535e-05 delay 0.00647722 power 1.32905e-05
I0313 15:30:58.091759 469587 lm_feature_timing.cpp:80] node dpath/a_reg/n5:1451631 resistance 19.688 cap 0.00082964 slew 0.018395 delay 0.0178545 power 4.93351e-05
I0313 15:30:58.091776 469453 lm_feature_timing.cpp:80] node dpath/b_reg/n3:768561 resistance 10.7 cap 0.00065854 slew 0.016325 delay 0.00718789 power 8.36163e-05
I0313 15:30:58.091784 469525 lm_feature_timing.cpp:80] node dpath/a_mux/n3:380547 resistance 4.28 cap 0.000631792 slew 0.033624 delay 0.00270407 power 3.60298e-05
I0313 15:30:58.091816 469508 lm_feature_timing.cpp:80] node dpath/a_mux/FE_OFN3_ctrl_a_mux_sel_1:733469 resistance 109.996 cap 0.00376945 slew 0.0264799 delay 0.844147 power 0.000121856
I0313 15:30:58.095537 469587 lm_feature_timing.cpp:80] node dpath/a_reg/n5:735979 resistance 7.704 cap 0.00101797 slew 0.018395 delay 0.00791213 power 6.05341e-05
I0313 15:30:58.089406 469500 lm_feature_timing.cpp:80] node dpath/a_mux/FE_OFN4_n16:1134895 resistance 38.948 cap 0.00734596 slew 0.0377047 delay 0.38083 power 0.000474948
I0313 15:30:58.091840 469452 lm_feature_timing.cpp:80] node dpath/a_reg_out[13]:820525 resistance 52.216 cap 0.000659839 slew 0.0381302 delay 0.162192 power 4.31795e-05
I0313 15:30:58.091862 469494 lm_feature_timing.cpp:80] node dpath/a_reg_out[12]:1190993 resistance 45.796 cap 0.00299887 slew 0.0441404 delay 0.21681 power 0.000189768
I0313 15:30:58.095584 469453 lm_feature_timing.cpp:80] node dpath/b_reg/U17:Z resistance 0 cap 0.00078481 slew 0.016325 delay 0 power 9.96491e-05
I0313 15:30:58.095585 469587 lm_feature_timing.cpp:80] node dpath/a_reg/n5:1087939 resistance 7.704 cap 0.00094847 slew 0.018395 delay 0.00791213 power 5.64014e-05
I0313 15:30:58.089437 469471 lm_feature_timing.cpp:80] node dpath/b_reg/n4:768621 resistance 12.412 cap 0.000666762 slew 0.01652 delay 0.0085469 power 8.50792e-05
I0313 15:30:58.095628 469452 lm_feature_timing.cpp:80] node dpath/a_reg_out[13]:1172485 resistance 52.216 cap 0.000712892 slew 0.0381302 delay 0.162192 power 4.66513e-05
I0313 15:30:58.091953 469529 lm_feature_timing.cpp:80] node dpath/b_reg/U9:A2 resistance 8.988 cap 0.000574604 slew 0.016298 delay 0.00605672 power 7.2906e-05
I0313 15:30:58.095654 469587 lm_feature_timing.cpp:80] node dpath/a_reg/n5:729275 resistance 0.856 cap 0.00108746 slew 0.018395 delay 0.000941092 power 6.46668e-05
I0313 15:30:58.091969 469483 lm_feature_timing.cpp:125] build net dpath/b_reg_out[11] feature 
I0313 15:30:58.091953 469526 lm_feature_timing.cpp:80] node dpath/a_mux/n14:399993 resistance 10.272 cap 0.000774115 slew 0.036474 delay 0.00838272 power 4.41462e-05
I0313 15:30:58.095681 469452 lm_feature_timing.cpp:80] node dpath/a_reg_out[13]:1172473 resistance 47.08 cap 0.000765945 slew 0.0381302 delay 0.15853 power 5.0123e-05
I0313 15:30:58.095685 469471 lm_feature_timing.cpp:80] node dpath/b_reg/U16:Z resistance 0 cap 0.000817698 slew 0.01652 delay 0 power 0.000104339
I0313 15:30:58.095695 469529 lm_feature_timing.cpp:80] node dpath/b_mux_out[9]:469555 resistance 8.988 cap 0.000586546 slew 0.016298 delay 0.00605672 power 7.44212e-05
I0313 15:30:58.092060 469580 lm_feature_timing.cpp:137] net dpath/a_lt_b/n5 resistance 3.424 cap 0.000639636 slew 3.72857e-05 delay 0.00106053 power 6.55726e-09
I0313 15:30:58.095717 469452 lm_feature_timing.cpp:80] node dpath/a_reg_out[13]:1172485 resistance 52.216 cap 0.000712892 slew 0.0381302 delay 0.162192 power 4.66513e-05
I0313 15:30:58.092094 469578 lm_feature_timing.cpp:80] node dpath/b_reg/n13:844085 resistance 29.532 cap 0.000847649 slew 0.018543 delay 0.0251574 power 0.000109069
I0313 15:30:58.092109 469497 lm_feature_timing.cpp:80] node dpath/a_reg_out[0]:372971 resistance 28.248 cap 0.000644485 slew 0.0390441 delay 0.0784118 power 2.97599e-05
I0313 15:30:58.089668 469554 lm_feature_timing.cpp:80] node dpath/b_mux/U2:Z resistance 0 cap 0.000942254 slew 0.017178 delay 0 power 0.000106787
I0313 15:30:58.089691 469464 lm_feature_timing.cpp:80] node dpath/a_mux/n2:446013 resistance 5.992 cap 0.000598903 slew 0.034079 delay 0.00392244 power 3.41542e-05
