I0407 09:29:25.880532 2597172 lm_feature_timing.cpp:80] node ctrl/next_state__0[1]:777755 resistance 0 cap 0.000933251 slew 0.030897 delay 0 power 8.53564e-05
I0407 09:29:25.879830 2597162 lm_feature_timing.cpp:125] build net dpath/a_reg_out[13] feature 
I0407 09:29:25.880584 2597104 lm_feature_timing.cpp:80] node dpath/a_reg_out[8]:798137 resistance 24.396 cap 0.00418777 slew 0.0475415 delay 0.156357 power 0.000297236
I0407 09:29:25.879832 2597193 lm_feature_timing.cpp:125] build net dpath/a_reg_out[7] feature 
I0407 09:29:25.879838 2597127 lm_feature_timing.cpp:125] build net dpath/b_reg/n10 feature 
I0407 09:29:25.880684 2597093 lm_feature_timing.cpp:80] node dpath/a_mux/n5:380503 resistance 1.284 cap 0.000789777 slew 0.035087 delay 0.00101407 power 4.50393e-05
I0407 09:29:25.878520 2597088 lm_feature_timing.cpp:125] build net dpath/a_reg/n18 feature 
I0407 09:29:25.880718 2597123 lm_feature_timing.cpp:125] build net dpath/b_reg/n2 feature 
I0407 09:29:25.878521 2597202 lm_feature_timing.cpp:125] build net dpath/a_reg_out[3] feature 
I0407 09:29:25.879905 2597188 lm_feature_timing.cpp:125] build net dpath/a_lt_b/n34 feature 
I0407 09:29:25.880722 2597067 lm_feature_timing.cpp:80] node clk:402569 resistance 188.32 cap 0.00111138 slew 0.000546331 delay 0.651054 power 0.000360088
I0407 09:29:25.881492 2597066 lm_feature_timing.cpp:80] node ctrl/FE_OFN1_ctrl_b_mux_sel_0:439191 resistance 0 cap 0.000679401 slew 0.021054 delay 0 power 6.6097e-05
I0407 09:29:25.882385 2597099 lm_feature_timing.cpp:80] node dpath/a_reg/n5:1451631 resistance 19.688 cap 0.00082964 slew 0.018395 delay 0.0178545 power 4.93351e-05
I0407 09:29:25.878530 2597175 lm_feature_timing.cpp:125] build net dpath/a_reg_out[5] feature 
I0407 09:29:25.880755 2597091 lm_feature_timing.cpp:80] node dpath/b_reg/out_reg_1_:D resistance 10.7 cap 0.000564376 slew 0.016325 delay 0.00718789 power 7.16601e-05
I0407 09:29:25.882392 2597159 lm_feature_timing.cpp:80] node dpath/a_lt_b/placeFE_RC_0_0:A2 resistance 10.272 cap 0.000551359 slew 0.030248 delay 0.0107686 power 8.93202e-06
I0407 09:29:25.882418 2597082 lm_feature_timing.cpp:80] node dpath/a_mux/U27:ZN resistance 0 cap 0.000881394 slew 0.035942 delay 0 power 5.02641e-05
I0407 09:29:25.877441 2597207 lm_feature_timing.cpp:125] build net dpath/b_reg/n12 feature 
I0407 09:29:25.883392 2597193 lm_feature_timing.cpp:80] node dpath/a_lt_b/U22:I resistance 27.392 cap 0.000599444 slew 0.0402571 delay 0.0866866 power 4.11695e-05
I0407 09:29:25.883428 2597162 lm_feature_timing.cpp:80] node dpath/a_reg_out[13]:508789 resistance 0.856 cap 0.005116 slew 0.03813 delay 0.0043793 power 0.000334789
I0407 09:29:25.880923 2597063 lm_feature_timing.cpp:80] node dpath/a_reg_out[1]:729169 resistance 44.94 cap 0.000666426 slew 0.0420913 delay 0.183949 power 3.63844e-05
I0407 09:29:25.880995 2597074 lm_feature_timing.cpp:125] build net dpath/a_mux_out[13] feature 
I0407 09:29:25.879987 2597178 lm_feature_timing.cpp:80] node ctrl_a_mux_sel[1]:439258 resistance 12.84 cap 0.000725014 slew 0.014695 delay 0.00930918 power 2.34377e-05
I0407 09:29:25.879314 2597071 lm_feature_timing.cpp:125] build net dpath/a_lt_b/n19 feature 
I0407 09:29:25.880095 2597160 lm_feature_timing.cpp:80] node ctrl/n5:399824 resistance 0 cap 0.00129816 slew 0.021618 delay 0 power 0.00011578
I0407 09:29:25.881027 2597068 lm_feature_timing.cpp:80] node dpath/a_reg/U11:A2 resistance 63.772 cap 0.000574604 slew 0.0212991 delay 0.0768456 power 6.71964e-05
I0407 09:29:25.881057 2597111 lm_feature_timing.cpp:125] build net dpath/a_mux_out[9] feature 
I0407 09:29:25.882535 2597116 lm_feature_timing.cpp:80] node dpath/a_reg/out_reg_11_:D resistance 35.096 cap 0.000564376 slew 0.019329 delay 0.0319474 power 3.46498e-05
I0407 09:29:25.882058 2597112 lm_feature_timing.cpp:80] node dpath/a_lt_b/n12:394981 resistance 3.852 cap 0.00158935 slew 0.020683 delay 0.00612218 power 1.28737e-05
I0407 09:29:25.883608 2597202 lm_feature_timing.cpp:80] node dpath/a_reg_out[3]:384903 resistance 28.676 cap 0.000649398 slew 0.042396 delay 0.0534957 power 3.86169e-05
I0407 09:29:25.881110 2597153 lm_feature_timing.cpp:80] node dpath/a_reg/U4:I resistance 204.156 cap 0.00106438 slew 0.0402393 delay 2.32085 power 8.62148e-06
I0407 09:29:25.877753 2597166 lm_feature_timing.cpp:125] build net ctrl_b_reg_en_0_ feature 
I0407 09:29:25.878659 2597196 lm_feature_timing.cpp:80] node dpath/b_reg/out_reg_13_:D resistance 30.816 cap 0.000564376 slew 0.018748 delay 0.0266279 power 7.319e-05
I0407 09:29:25.882699 2597194 lm_feature_timing.cpp:80] node dpath/a_reg/n10:470446 resistance 0 cap 0.000711592 slew 0.016096 delay 0 power 5.05068e-05
I0407 09:29:25.883721 2597074 lm_feature_timing.cpp:80] node dpath/a_mux_out[13]:467725 resistance 14.552 cap 0.000688932 slew 0.016793 delay 0.012139 power 7.29361e-05
I0407 09:29:25.881247 2597052 lm_feature_timing.cpp:80] node dpath/b_mux_out[5]:741045 resistance 4.708 cap 0.000992369 slew 0.018108 delay 0.00490249 power 0.000121351
I0407 09:29:25.879494 2597072 lm_feature_timing.cpp:125] build net dpath/b_reg/n16 feature 
I0407 09:29:25.880311 2597208 lm_feature_timing.cpp:80] node dpath/a_lt_b/n29:485347 resistance 9.844 cap 0.000893177 slew 0.020196 delay 0.00879243 power 7.23473e-06
I0407 09:29:25.879716 2597114 lm_feature_timing.cpp:125] build net dpath/b_mux_out[10] feature 
I0407 09:29:25.882790 2597150 lm_feature_timing.cpp:80] node dpath/a_lt_b/U38:A2 resistance 16.264 cap 0.000574839 slew 0.018123 delay 0.0195055 power 4.6562e-06
I0407 09:29:25.883755 2597071 lm_feature_timing.cpp:80] node dpath/a_lt_b/n19:477133 resistance 20.972 cap 0.000647858 slew 0.017501 delay 0.0179182 power 1.09783e-05
I0407 09:29:25.881431 2597061 lm_feature_timing.cpp:125] build net dpath/b_mux_out[3] feature 
I0407 09:29:25.881453 2597101 lm_feature_timing.cpp:80] node dpath/b_mux_out[8]:460337 resistance 24.396 cap 0.00068071 slew 0.018669 delay 0.0224555 power 8.55867e-05
I0407 09:29:25.880368 2597076 lm_feature_timing.cpp:80] node dpath/a_mux/U8:B resistance 4.28 cap 0.000586961 slew 0.033624 delay 0.00270407 power 3.34732e-05
I0407 09:29:25.880405 2597055 lm_feature_timing.cpp:125] build net dpath/a_reg_out[12] feature 
I0407 09:29:25.879038 2597180 lm_feature_timing.cpp:80] node dpath/a_lt_b/U30:A2 resistance 8.132 cap 0.00059384 slew 0.01901 delay 0.00935851 power 4.8101e-06
I0407 09:29:25.883986 2597101 lm_feature_timing.cpp:80] node dpath/b_mux_out[8]:812297 resistance 24.396 cap 0.000865317 slew 0.018669 delay 0.0224555 power 0.000108798
I0407 09:29:25.879159 2597108 lm_feature_timing.cpp:125] build net dpath/a_lt_b/n21 feature 
I0407 09:29:25.880527 2597128 lm_feature_timing.cpp:80] node dpath/b_reg/U12:A2 resistance 14.552 cap 0.000574604 slew 0.016905 delay 0.0105581 power 7.09255e-05
I0407 09:29:25.882969 2597053 lm_feature_timing.cpp:80] node dpath/a_mux/n18:439292 resistance 1.284 cap 0.000625877 slew 0.018175 delay 0.000803626 power 4.04657e-05
I0407 09:29:25.880533 2597109 lm_feature_timing.cpp:80] node dpath/a_lt_b/n23:835767 resistance 5.136 cap 0.000740952 slew 0.024902 delay 0.00390273 power 1.20034e-05
I0407 09:29:25.881739 2597203 lm_feature_timing.cpp:80] node dpath/a_reg/out_reg_9_:CP resistance 84.316 cap 0.000418247 slew 0.000853081 delay 0.737868 power 0.000135512
I0407 09:29:25.881748 2597165 lm_feature_timing.cpp:80] node dpath/a_reg/out_reg_2_:D resistance 16.264 cap 0.000564376 slew 0.01709 delay 0.0118058 power 3.22313e-05
I0407 09:29:25.880566 2597079 lm_feature_timing.cpp:80] node dpath/b_mux_out[0]:407395 resistance 14.124 cap 0.000656043 slew 0.017178 delay 0.0112442 power 7.43502e-05
I0407 09:29:25.879611 2597103 lm_feature_timing.cpp:125] build net dpath/a_mux/n15 feature 
I0407 09:29:25.884171 2597203 lm_feature_timing.cpp:80] node dpath/CTS_1:484706 resistance 84.316 cap 0.000426078 slew 0.000853081 delay 0.737868 power 0.000138049
I0407 09:29:25.883047 2597146 lm_feature_timing.cpp:80] node dpath/b_reg/FE_OFN2_ctrl_b_reg_en_0:471249 resistance 130.54 cap 0.000682759 slew 0.0278504 delay 0.728667 power 5.17432e-05
I0407 09:29:25.879596 2597087 lm_feature_timing.cpp:125] build net dpath/a_lt_b/n36 feature 
I0407 09:29:25.883093 2597200 lm_feature_timing.cpp:80] node dpath/a_lt_b/n25:486293 resistance 6.848 cap 0.000656458 slew 0.029156 delay 0.00449543 power 2.23038e-05
I0407 09:29:25.880653 2597187 lm_feature_timing.cpp:80] node dpath/a_mux_out[10]:477051 resistance 43.228 cap 0.000590266 slew 0.019133 delay 0.0438711 power 4.78116e-06
I0407 09:29:25.881997 2597190 lm_feature_timing.cpp:80] node dpath/a_reg/U15:A2 resistance 44.94 cap 0.000574604 slew 0.019269 delay 0.0461849 power 5.66269e-05
I0407 09:29:25.879616 2597179 lm_feature_timing.cpp:125] build net dpath/a_mux/n7 feature 
I0407 09:29:25.882076 2597138 lm_feature_timing.cpp:80] node dpath/a_reg/U19:A2 resistance 15.836 cap 0.000574604 slew 0.016457 delay 0.011685 power 3.8695e-05
I0407 09:29:25.883132 2597090 lm_feature_timing.cpp:80] node dpath/b_reg/out_reg_3_:D resistance 10.7 cap 0.000564376 slew 0.016388 delay 0.00721337 power 7.23472e-05
I0407 09:29:25.880719 2597069 lm_feature_timing.cpp:125] build net dpath/a_reg_out[15] feature 
I0407 09:29:25.879788 2597118 lm_feature_timing.cpp:80] node dpath/b_reg/out_reg_4_:D resistance 15.836 cap 0.000564376 slew 0.016914 delay 0.0114275 power 7.26737e-05
I0407 09:29:25.878513 2597156 lm_feature_timing.cpp:125] build net dpath/a_reg/n19 feature 
I0407 09:29:25.883221 2597093 lm_feature_timing.cpp:80] node dpath/a_mux/n5:381341 resistance 2.14 cap 0.000761782 slew 0.035087 delay 0.00166616 power 4.34428e-05
I0407 09:29:25.882236 2597126 lm_feature_timing.cpp:80] node dpath/a_mux/FE_OFN3_ctrl_a_mux_sel_1:733469 resistance 109.996 cap 0.00376945 slew 0.0264799 delay 0.844147 power 0.000121856
I0407 09:29:25.878525 2597170 lm_feature_timing.cpp:125] build net dpath/a_reg/n2 feature 
I0407 09:29:25.880739 2597134 lm_feature_timing.cpp:80] node dpath/a_reg/n1:485243 resistance 10.272 cap 0.000547203 slew 0.011477 delay 0.00670442 power 6.03998e-05
I0407 09:29:25.882306 2597142 lm_feature_timing.cpp:80] node dpath/a_lt_b/U24:B2 resistance 14.552 cap 0.000594109 slew 0.021785 delay 0.0126152 power 4.81228e-06
I0407 09:29:25.882380 2597085 lm_feature_timing.cpp:80] node dpath/a_lt_b/n30:1196065 resistance 7.276 cap 0.00188503 slew 0.037595 delay 0.014267 power 4.69204e-05
I0407 09:29:25.884546 2597126 lm_feature_timing.cpp:80] node dpath/a_mux/FE_OFN3_ctrl_a_mux_sel_1:734307 resistance 110.852 cap 0.0037575 slew 0.0264799 delay 0.847364 power 0.000121469
I0407 09:29:25.878846 2597143 lm_feature_timing.cpp:125] build net ctrl/state_out[1] feature 
I0407 09:29:25.880774 2597195 lm_feature_timing.cpp:80] node dpath/a_reg/out_reg_14_:D resistance 15.408 cap 0.000564376 slew 0.022332 delay 0.0110336 power 5.24358e-05
I0407 09:29:25.880895 2597094 lm_feature_timing.cpp:125] build net dpath/a_mux/FE_OFN4_n16 feature 
I0407 09:29:25.880348 2597060 lm_feature_timing.cpp:125] build net dpath/a_mux_out[1] feature 
I0407 09:29:25.882905 2597125 lm_feature_timing.cpp:80] node dpath/a_lt_b/n24:485485 resistance 11.984 cap 0.000601135 slew 0.019989 delay 0.00922655 power 0
I0407 09:29:25.879642 2597113 lm_feature_timing.cpp:125] build net dpath/a_mux_out[14] feature 
I0407 09:29:25.882968 2597122 lm_feature_timing.cpp:80] node dpath/b_reg/n13:816429 resistance 0.428 cap 0.00113092 slew 0.018543 delay 0.000487386 power 0.000145518
I0407 09:29:25.882956 2597065 lm_feature_timing.cpp:80] node dpath/a_mux_out[2]:733385 resistance 1.284 cap 0.000778593 slew 0.015615 delay 0.00102033 power 6.94572e-05
I0407 09:29:25.880600 2597119 lm_feature_timing.cpp:80] node dpath/a_lt_b/n14:415117 resistance 0.428 cap 0.00161509 slew 0.020585 delay 0.000691258 power 1.30822e-05
I0407 09:29:25.880607 2597056 lm_feature_timing.cpp:80] node dpath/a_mux/n16:439277 resistance 0.428 cap 0.000772311 slew 0.020149 delay 0.000330549 power 4.99333e-05
I0407 09:29:25.881018 2597154 lm_feature_timing.cpp:125] build net dpath/a_mux_out[5] feature 
I0407 09:29:25.882443 2597157 lm_feature_timing.cpp:80] node dpath/b_reg/U14:A2 resistance 16.692 cap 0.000574604 slew 0.017183 delay 0.0123328 power 6.96035e-05
I0407 09:29:25.883002 2597135 lm_feature_timing.cpp:80] node dpath/a_reg/U13:B1 resistance 36.38 cap 0.000659839 slew 0.0449412 delay 0.155265 power 4.38011e-05
I0407 09:29:25.883550 2597063 lm_feature_timing.cpp:80] node dpath/a_reg_out[1]:739225 resistance 55.212 cap 0.00056404 slew 0.0420913 delay 0.189743 power 3.07945e-05
I0407 09:29:25.882565 2597183 lm_feature_timing.cpp:80] node ctrl/n2:792019 resistance 1.712 cap 0.000849369 slew 0.023799 delay 0.00253589 power 6.87989e-06
I0407 09:29:25.881052 2597077 lm_feature_timing.cpp:80] node dpath/a_lt_b/n8:738571 resistance 47.08 cap 0.000616441 slew 0.053906 delay 0.050494 power 9.93759e-06
I0407 09:29:25.883577 2597178 lm_feature_timing.cpp:80] node ctrl_a_mux_sel[1]:439228 resistance 0 cap 0.000852066 slew 0.014695 delay 0 power 2.75449e-05
I0407 09:29:25.880709 2597107 lm_feature_timing.cpp:125] build net dpath/a_mux_out[15] feature 
I0407 09:29:25.884899 2597135 lm_feature_timing.cpp:80] node dpath/a_reg_out[6]:755355 resistance 36.38 cap 0.00161458 slew 0.0449412 delay 0.155265 power 0.000107178
I0407 09:29:25.880713 2597185 lm_feature_timing.cpp:125] build net dpath/b_mux_out[9] feature 
I0407 09:29:25.883165 2597104 lm_feature_timing.cpp:80] node dpath/a_reg_out[8]:1150097 resistance 24.396 cap 0.00417582 slew 0.0475415 delay 0.156357 power 0.000296388
I0407 09:29:25.877642 2597141 lm_feature_timing.cpp:125] build net ctrl/next_state__0[0] feature 
I0407 09:29:25.883309 2597121 lm_feature_timing.cpp:80] node dpath/b_reg/U7:A2 resistance 6.42 cap 0.000574604 slew 0.015792 delay 0.00410874 power 6.94929e-05
I0407 09:29:25.880297 2597189 lm_feature_timing.cpp:80] node dpath/b_mux_out[13]:467729 resistance 6.42 cap 0.000853375 slew 0.017469 delay 0.00592073 power 0.000104933
I0407 09:29:25.881229 2597168 lm_feature_timing.cpp:80] node dpath/a_lt_b/n9:389131 resistance 15.408 cap 0.000719224 slew 0.031625 delay 0.0135469 power 1.16514e-05
I0407 09:29:25.883433 2597091 lm_feature_timing.cpp:80] node dpath/b_reg/n3:768561 resistance 10.7 cap 0.00065854 slew 0.016325 delay 0.00718789 power 8.36163e-05
I0407 09:29:25.883442 2597127 lm_feature_timing.cpp:80] node dpath/b_reg/n10:462060 resistance 11.984 cap 0.000739979 slew 0.017358 delay 0.0100218 power 9.69872e-05
I0407 09:29:25.885109 2597189 lm_feature_timing.cpp:80] node dpath/b_mux_out[13]:819689 resistance 6.42 cap 0.000889983 slew 0.017469 delay 0.00592073 power 0.000109435
I0407 09:29:25.883481 2597082 lm_feature_timing.cpp:80] node dpath/a_mux/n13:730981 resistance 0 cap 0.000881394 slew 0.035942 delay 0 power 5.02641e-05
I0407 09:29:25.883513 2597193 lm_feature_timing.cpp:80] node dpath/a_reg_out[7]:424364 resistance 27.392 cap 0.000615497 slew 0.0402571 delay 0.0866866 power 4.2272e-05
I0407 09:29:25.881331 2597171 lm_feature_timing.cpp:125] build net dpath/a_lt_b/n35 feature 
I0407 09:29:25.881319 2597081 lm_feature_timing.cpp:80] node dpath/a_lt_b/U10:A2 resistance 14.552 cap 0.000572598 slew 0.021374 delay 0.0106435 power 4.63804e-06
I0407 09:29:25.883615 2597160 lm_feature_timing.cpp:80] node ctrl/n5:400649 resistance 6.42 cap 0.00123278 slew 0.021618 delay 0.00791444 power 0.000109948
I0407 09:29:25.883649 2597175 lm_feature_timing.cpp:80] node dpath/a_reg/U14:B1 resistance 30.388 cap 0.000659839 slew 0.0410004 delay 0.14303 power 4.22841e-05
I0407 09:29:25.883677 2597116 lm_feature_timing.cpp:80] node dpath/a_reg/n13:852501 resistance 35.096 cap 0.000781872 slew 0.019329 delay 0.0319474 power 4.80029e-05
I0407 09:29:25.885226 2597193 lm_feature_timing.cpp:80] node dpath/a_reg_out[7]:424361 resistance 26.108 cap 0.00063155 slew 0.0402571 delay 0.0858963 power 4.33746e-05
I0407 09:29:25.885255 2597185 lm_feature_timing.cpp:80] node dpath/b_reg/U9:A2 resistance 8.988 cap 0.000574604 slew 0.016298 delay 0.00605672 power 7.2906e-05
I0407 09:29:25.881223 2597057 lm_feature_timing.cpp:80] node ctrl_a_mux_sel[0]:440120 resistance 56.496 cap 0.000543256 slew 0.0481361 delay 0.102567 power 1.75619e-05
I0407 09:29:25.881273 2597064 lm_feature_timing.cpp:125] build net dpath/b_reg/n1 feature 
I0407 09:29:25.881294 2597186 lm_feature_timing.cpp:125] build net dpath/a_reg_out[11] feature 
I0407 09:29:25.885322 2597193 lm_feature_timing.cpp:80] node dpath/a_reg_out[7]:424364 resistance 27.392 cap 0.000615497 slew 0.0402571 delay 0.0866866 power 4.2272e-05
I0407 09:29:25.883806 2597074 lm_feature_timing.cpp:80] node dpath/a_mux_out[13]:819685 resistance 14.552 cap 0.00079954 slew 0.016793 delay 0.012139 power 8.4646e-05
I0407 09:29:25.880496 2597051 lm_feature_timing.cpp:80] node dpath/a_reg_out[4]:727757 resistance 4.708 cap 0.00682642 slew 0.0490062 delay 0.0322515 power 0.000421736
I0407 09:29:25.881681 2597167 lm_feature_timing.cpp:80] node dpath/b_mux_out[14]:1166613 resistance 9.844 cap 0.000765869 slew 0.01702 delay 0.00785434 power 0.000122503
I0407 09:29:25.878997 2597095 lm_feature_timing.cpp:80] node ctrl/n4:437541 resistance 4.28 cap 0.00107571 slew 0.029179 delay 0.00460406 power 7.85133e-05
I0407 09:29:25.884016 2597072 lm_feature_timing.cpp:80] node dpath/b_reg/out_reg_14_:D resistance 16.692 cap 0.000564376 slew 0.01706 delay 0.0121685 power 8.61841e-05
I0407 09:29:25.881482 2597164 lm_feature_timing.cpp:80] node dpath/a_mux/n17:446031 resistance 6.848 cap 0.000610845 slew 0.034452 delay 0.00465898 power 4.94785e-06
I0407 09:29:25.881211 2597102 lm_feature_timing.cpp:80] node dpath/a_lt_b/U18:A2 resistance 21.4 cap 0.000572598 slew 0.022374 delay 0.0233684 power 4.63804e-06
I0407 09:29:25.884055 2597114 lm_feature_timing.cpp:80] node dpath/b_reg/U8:A2 resistance 5.136 cap 0.000574604 slew 0.01565 delay 0.00322365 power 3.02779e-05
I0407 09:29:25.885489 2597095 lm_feature_timing.cpp:80] node ctrl/n4:789501 resistance 4.28 cap 0.00103088 slew 0.029179 delay 0.00460406 power 7.52413e-05
I0407 09:29:25.881759 2597147 lm_feature_timing.cpp:80] node dpath/a_mux/U10:B resistance 16.264 cap 0.000586961 slew 0.036398 delay 0.0122368 power 3.34732e-05
I0407 09:29:25.885565 2597114 lm_feature_timing.cpp:80] node dpath/b_mux_out[10]:462820 resistance 5.136 cap 0.000627657 slew 0.01565 delay 0.00322365 power 3.30735e-05
I0407 09:29:25.884318 2597200 lm_feature_timing.cpp:80] node dpath/a_lt_b/U28:ZN resistance 0 cap 0.000725955 slew 0.029156 delay 0 power 2.46651e-05
I0407 09:29:25.883083 2597158 lm_feature_timing.cpp:80] node dpath/a_reg/U13:A2 resistance 23.112 cap 0.000574604 slew 0.017149 delay 0.0188792 power 6.1915e-05
I0407 09:29:25.879426 2597149 lm_feature_timing.cpp:125] build net dpath/a_reg/n17 feature 
I0407 09:29:25.884461 2597087 lm_feature_timing.cpp:80] node dpath/a_lt_b/U38:B resistance 20.544 cap 0.000615487 slew 0.045927 delay 0.0169087 power 1.47906e-05
I0407 09:29:25.878536 2597058 lm_feature_timing.cpp:125] build net dpath/a_reg_out[2] feature 
I0407 09:29:25.884199 2597079 lm_feature_timing.cpp:80] node dpath/b_mux_out[0]:759355 resistance 14.124 cap 0.000783095 slew 0.017178 delay 0.0112442 power 8.87491e-05
I0407 09:29:25.882920 2597100 lm_feature_timing.cpp:80] node dpath/a_mux/n2:446013 resistance 5.992 cap 0.000598903 slew 0.034079 delay 0.00392244 power 3.41542e-05
I0407 09:29:25.884193 2597165 lm_feature_timing.cpp:80] node dpath/a_reg/n4:753533 resistance 16.264 cap 0.000691428 slew 0.01709 delay 0.0118058 power 3.94871e-05
I0407 09:29:25.884804 2597065 lm_feature_timing.cpp:80] node dpath/a_mux_out[2]:736737 resistance 4.708 cap 0.000741985 slew 0.015615 delay 0.00356088 power 6.61914e-05
I0407 09:29:25.881876 2596793 lm_feature_timing.cpp:80] node dpath/a_lt_b/n1:733373 resistance 9.416 cap 0.000791444 slew 0.017306 delay 0.00795497 power 6.4107e-06
I0407 09:29:25.884860 2597143 lm_feature_timing.cpp:80] node ctrl/U4:I resistance 19.688 cap 0.00157501 slew 0.029421 delay 0.0519176 power 0.000144053
I0407 09:29:25.882958 2597148 lm_feature_timing.cpp:80] node dpath/a_reg/n9:440276 resistance 0 cap 0.000728037 slew 0.016117 delay 0 power 5.00012e-05
I0407 09:29:25.884290 2597108 lm_feature_timing.cpp:80] node dpath/a_lt_b/U26:A1 resistance 43.228 cap 0.000393715 slew 0.0440891 delay 0.081044 power 1.39305e-05
I0407 09:29:25.880772 2597073 lm_feature_timing.cpp:80] node dpath/a_mux/U14:B resistance 4.28 cap 0.000586961 slew 0.033624 delay 0.00270407 power 3.34732e-05
I0407 09:29:25.884349 2597190 lm_feature_timing.cpp:80] node dpath/a_mux_out[4]:372392 resistance 44.94 cap 0.000607101 slew 0.019269 delay 0.0461849 power 5.98296e-05
I0407 09:29:25.884346 2597187 lm_feature_timing.cpp:80] node dpath/a_mux_out[10]:477052 resistance 43.656 cap 0.000582435 slew 0.019133 delay 0.0441204 power 4.71772e-06
I0407 09:29:25.879251 2597204 lm_feature_timing.cpp:80] node ctrl/n3:437551 resistance 3.424 cap 0.000619817 slew 0.015546 delay 0.0022476 power 1.50164e-05
I0407 09:29:25.884372 2597138 lm_feature_timing.cpp:80] node dpath/a_mux_out[0]:387221 resistance 15.836 cap 0.000574604 slew 0.016457 delay 0.011685 power 3.8695e-05
I0407 09:29:25.882215 2597080 lm_feature_timing.cpp:80] node dpath/a_mux/n12:445861 resistance 5.136 cap 0.000610845 slew 0.034079 delay 0.00340978 power 3.48352e-05
I0407 09:29:25.884387 2597090 lm_feature_timing.cpp:80] node dpath/b_reg/n5:777033 resistance 10.7 cap 0.000625651 slew 0.016388 delay 0.00721337 power 8.0202e-05
I0407 09:29:25.879810 2597106 lm_feature_timing.cpp:80] node dpath/a_lt_b/U17:C resistance 1.712 cap 0.000599307 slew 0.015064 delay 0.00106053 power 7.58498e-06
I0407 09:29:25.880738 2597151 lm_feature_timing.cpp:125] build net dpath/a_mux_out[7] feature 
I0407 09:29:25.885905 2597148 lm_feature_timing.cpp:80] node dpath/a_reg/out_reg_7_:D resistance 8.132 cap 0.000646206 slew 0.016117 delay 0.00525495 power 4.43811e-05
I0407 09:29:25.879827 2597144 lm_feature_timing.cpp:125] build net dpath/a_lt_b/n13 feature 
I0407 09:29:25.882303 2597129 lm_feature_timing.cpp:80] node dpath/a_reg/out_reg_10_:CN resistance 47.08 cap 0.000562576 slew 0.020481 delay 0.048563 power 1.82275e-07
I0407 09:29:25.883245 2597176 lm_feature_timing.cpp:80] node dpath/a_lt_b/U4:I resistance 23.968 cap 0.000599444 slew 0.0393864 delay 0.121154 power 0
I0407 09:29:25.882405 2597124 lm_feature_timing.cpp:80] node dpath/b_mux/n1:441917 resistance 0.856 cap 0.0171972 slew 0.0427522 delay 0.0147208 power 0.00167307
I0407 09:29:25.885138 2597168 lm_feature_timing.cpp:80] node dpath/a_lt_b/n9:389132 resistance 15.836 cap 0.000711393 slew 0.031625 delay 0.0138513 power 1.15246e-05
I0407 09:29:25.882318 2597130 lm_feature_timing.cpp:80] node dpath/a_reg/n14:859153 resistance 32.956 cap 0.000880537 slew 0.018996 delay 0.0291577 power 5.57202e-05
I0407 09:29:25.878532 2597199 lm_feature_timing.cpp:125] build net dpath/b_mux_out[15] feature 
I0407 09:29:25.886096 2597129 lm_feature_timing.cpp:80] node dpath/a_reg/n12:851715 resistance 47.08 cap 0.000590962 slew 0.020481 delay 0.048563 power 1.91472e-07
I0407 09:29:25.885203 2597082 lm_feature_timing.cpp:80] node dpath/a_mux/n13:377347 resistance 2.568 cap 0.000824621 slew 0.035942 delay 0.00219052 power 4.70264e-05
I0407 09:29:25.885300 2597175 lm_feature_timing.cpp:80] node dpath/a_reg_out[5]:740281 resistance 30.388 cap 0.00070467 slew 0.0410004 delay 0.14303 power 4.5157e-05
I0407 09:29:25.883786 2597196 lm_feature_timing.cpp:80] node dpath/b_reg/n15:852383 resistance 30.816 cap 0.000864093 slew 0.018748 delay 0.0266279 power 0.000112058
I0407 09:29:25.884581 2597179 lm_feature_timing.cpp:80] node dpath/a_mux/U16:B resistance 15.408 cap 0.000586961 slew 0.036128 delay 0.0114644 power 3.34732e-05
I0407 09:29:25.886173 2597129 lm_feature_timing.cpp:80] node dpath/a_reg/n12:849201 resistance 44.512 cap 0.000619349 slew 0.020481 delay 0.0470454 power 2.00669e-07
I0407 09:29:25.885376 2597057 lm_feature_timing.cpp:80] node dpath/a_mux/U3:A2 resistance 50.504 cap 0.000596047 slew 0.0481361 delay 0.0993113 power 1.92685e-05
I0407 09:29:25.886202 2597082 lm_feature_timing.cpp:80] node dpath/a_mux/n13:729307 resistance 2.568 cap 0.000853007 slew 0.035942 delay 0.00219052 power 4.86452e-05
I0407 09:29:25.884624 2597126 lm_feature_timing.cpp:80] node dpath/a_mux/FE_OFN3_ctrl_a_mux_sel_1:441803 resistance 16.692 cap 0.0107747 slew 0.0264728 delay 0.193796 power 0.000348315
I0407 09:29:25.878535 2597191 lm_feature_timing.cpp:125] build net dpath/a_reg/n11 feature 
I0407 09:29:25.886233 2597196 lm_feature_timing.cpp:80] node dpath/b_reg/n15:822215 resistance 0 cap 0.00116381 slew 0.018748 delay 0 power 0.000150927
I0407 09:29:25.886240 2597129 lm_feature_timing.cpp:80] node dpath/a_reg/n12:851715 resistance 47.08 cap 0.000590962 slew 0.020481 delay 0.048563 power 1.91472e-07
I0407 09:29:25.884452 2597118 lm_feature_timing.cpp:80] node dpath/b_reg/n6:768675 resistance 15.836 cap 0.000691428 slew 0.016914 delay 0.0114275 power 8.9034e-05
I0407 09:29:25.884688 2597156 lm_feature_timing.cpp:80] node dpath/a_reg/n19:502269 resistance 9.844 cap 0.000826363 slew 1.44834e-05 delay 0.00912442 power 0
I0407 09:29:25.883468 2597159 lm_feature_timing.cpp:80] node dpath/a_lt_b/n11:393327 resistance 10.272 cap 0.000579745 slew 0.030248 delay 0.0107686 power 9.39188e-06
I0407 09:29:25.884740 2597122 lm_feature_timing.cpp:80] node dpath/b_reg/n13:464468 resistance 0 cap 0.00114658 slew 0.018543 delay 0 power 0.000147533
I0407 09:29:25.886307 2597129 lm_feature_timing.cpp:80] node dpath/a_reg/n12:849201 resistance 44.512 cap 0.000619349 slew 0.020481 delay 0.0470454 power 2.00669e-07
I0407 09:29:25.884737 2597125 lm_feature_timing.cpp:80] node dpath/a_lt_b/n24:485479 resistance 9.416 cap 0.000629522 slew 0.019989 delay 0.00768284 power 0
I0407 09:29:25.882305 2597083 lm_feature_timing.cpp:80] node dpath/a_lt_b/U14:B resistance 5.992 cap 0.000586961 slew 0.023105 delay 0.00388423 power 9.50877e-06
I0407 09:29:25.882426 2597054 lm_feature_timing.cpp:80] node dpath/b_mux_out[12]:467769 resistance 4.708 cap 0.000647821 slew 0.01617 delay 0.00328991 power 7.89583e-05
I0407 09:29:25.885907 2597190 lm_feature_timing.cpp:80] node dpath/a_mux_out[4]:372385 resistance 41.944 cap 0.000639599 slew 0.019269 delay 0.044366 power 6.30322e-05
I0407 09:29:25.883040 2597205 lm_feature_timing.cpp:80] node dpath/a_lt_b/n17:422663 resistance 27.392 cap 0.000597325 slew 0.02546 delay 0.0236709 power 2.41166e-05
I0407 09:29:25.885926 2597138 lm_feature_timing.cpp:80] node dpath/a_mux_out[0]:387221 resistance 15.836 cap 0.000574604 slew 0.016457 delay 0.011685 power 3.8695e-05
I0407 09:29:25.886446 2597054 lm_feature_timing.cpp:80] node dpath/b_mux_out[12]:819729 resistance 4.708 cap 0.00068443 slew 0.01617 delay 0.00328991 power 8.34203e-05
I0407 09:29:25.886461 2597190 lm_feature_timing.cpp:80] node dpath/a_mux_out[4]:372392 resistance 44.94 cap 0.000607101 slew 0.019269 delay 0.0461849 power 5.98296e-05
I0407 09:29:25.880622 2597050 lm_feature_timing.cpp:80] node dpath/b_reg/out_reg_15_:D resistance 6.848 cap 0.000564376 slew 0.015991 delay 0.00434713 power 7.38307e-05
I0407 09:29:25.884893 2597157 lm_feature_timing.cpp:80] node dpath/b_mux_out[4]:401621 resistance 16.692 cap 0.000574604 slew 0.017183 delay 0.0123328 power 6.96035e-05
I0407 09:29:25.882604 2597169 lm_feature_timing.cpp:80] node dpath/a_reg/out_reg_1_:D resistance 36.38 cap 0.000564376 slew 0.019387 delay 0.0334405 power 3.08129e-05
I0407 09:29:25.883106 2597172 lm_feature_timing.cpp:80] node ctrl/next_state__0[1]:778593 resistance 0.856 cap 0.000921308 slew 0.030897 delay 0.00078864 power 8.42642e-05
I0407 09:29:25.886543 2597050 lm_feature_timing.cpp:80] node dpath/b_reg/n17:807127 resistance 6.848 cap 0.000625651 slew 0.015991 delay 0.00434713 power 8.18465e-05
I0407 09:29:25.884953 2597077 lm_feature_timing.cpp:80] node dpath/a_lt_b/n8:1090531 resistance 47.08 cap 0.00106416 slew 0.053906 delay 0.050494 power 1.71552e-05
I0407 09:29:25.885136 2597141 lm_feature_timing.cpp:80] node ctrl/next_state__0[0]:786943 resistance 9.844 cap 0.000822643 slew 0.029224 delay 0.00884021 power 7.33692e-05
I0407 09:29:25.886013 2597148 lm_feature_timing.cpp:80] node dpath/a_reg/U12:Z resistance 0 cap 0.000728037 slew 0.016117 delay 0 power 5.00012e-05
I0407 09:29:25.886170 2597144 lm_feature_timing.cpp:80] node dpath/a_lt_b/placeFE_RC_0_0:B1 resistance 14.552 cap 0.000593169 slew 0.031831 delay 0.0108282 power 1.89266e-05
I0407 09:29:25.884959 2597113 lm_feature_timing.cpp:80] node dpath/a_mux_out[14]:475199 resistance 19.688 cap 0.000680883 slew 0.0173 delay 0.017208 power 7.51552e-05
I0407 09:29:25.886644 2597077 lm_feature_timing.cpp:80] node dpath/a_lt_b/n8:738471 resistance 0.856 cap 0.00152381 slew 0.053906 delay 0.00130439 power 2.45653e-05
I0407 09:29:25.878862 2597096 lm_feature_timing.cpp:80] node dpath/a_reg/n8:410115 resistance 9.416 cap 0.000670482 slew 0.01695 delay 0.00722537 power 4.45076e-05
I0407 09:29:25.886694 2597144 lm_feature_timing.cpp:80] node dpath/a_lt_b/n13:394177 resistance 14.552 cap 0.000593169 slew 0.031831 delay 0.0108282 power 1.89266e-05
I0407 09:29:25.884995 2597104 lm_feature_timing.cpp:80] node dpath/a_reg_out[8]:797299 resistance 23.54 cap 0.00419971 slew 0.0475415 delay 0.152772 power 0.000298083
I0407 09:29:25.886299 2597126 lm_feature_timing.cpp:80] node dpath/a_mux/U5:A1 resistance 24.824 cap 0.0106929 slew 0.0264742 delay 0.28075 power 0.00034567
I0407 09:29:25.883395 2597099 lm_feature_timing.cpp:80] node dpath/a_reg/n5:1439899 resistance 7.704 cap 0.00094847 slew 0.018395 delay 0.00791213 power 5.64014e-05
I0407 09:29:25.886302 2597196 lm_feature_timing.cpp:80] node dpath/b_reg/n15:852383 resistance 30.816 cap 0.000864093 slew 0.018748 delay 0.0266279 power 0.000112058
I0407 09:29:25.886345 2597156 lm_feature_timing.cpp:80] node dpath/a_reg/n19:502282 resistance 15.408 cap 0.000769199 slew 1.62812e-05 delay 0.0134042 power 0
I0407 09:29:25.886377 2597129 lm_feature_timing.cpp:80] node dpath/a_reg/n12:1201161 resistance 44.512 cap 0.00077929 slew 0.020481 delay 0.0470454 power 2.5249e-07
I0407 09:29:25.886775 2597104 lm_feature_timing.cpp:80] node dpath/a_reg_out[8]:798137 resistance 24.396 cap 0.00418777 slew 0.0475415 delay 0.156357 power 0.000297236
I0407 09:29:25.879513 2597059 lm_feature_timing.cpp:125] build net dpath/b_reg/n4 feature 
I0407 09:29:25.886754 2597096 lm_feature_timing.cpp:80] node dpath/a_reg/out_reg_6_:D resistance 14.552 cap 0.000617429 slew 0.01695 delay 0.0103965 power 4.09859e-05
I0407 09:29:25.883533 2597162 lm_feature_timing.cpp:80] node dpath/a_reg_out[13]:860749 resistance 0.856 cap 0.00510406 slew 0.03813 delay 0.0043793 power 0.000334007
I0407 09:29:25.886798 2597099 lm_feature_timing.cpp:80] node dpath/a_reg/n5:1451631 resistance 19.688 cap 0.00082964 slew 0.018395 delay 0.0178545 power 4.93351e-05
I0407 09:29:25.886814 2597196 lm_feature_timing.cpp:80] node dpath/b_reg/U5:Z resistance 0 cap 0.00116381 slew 0.018748 delay 0 power 0.000150927
I0407 09:29:25.885917 2597204 lm_feature_timing.cpp:80] node ctrl/n3:789511 resistance 3.424 cap 0.000656426 slew 0.015546 delay 0.0022476 power 1.59033e-05
I0407 09:29:25.883641 2597068 lm_feature_timing.cpp:80] node dpath/a_mux_out[8]:469591 resistance 63.772 cap 0.000586546 slew 0.0212991 delay 0.0768456 power 6.8593e-05
I0407 09:29:25.885198 2597127 lm_feature_timing.cpp:80] node dpath/b_reg/out_reg_8_:D resistance 19.26 cap 0.000637984 slew 0.017358 delay 0.0146638 power 8.3619e-05
I0407 09:29:25.886960 2597162 lm_feature_timing.cpp:80] node dpath/a_reg_out[13]:508787 resistance 0 cap 0.00512795 slew 0.03813 delay 0 power 0.00033557
I0407 09:29:25.886977 2597196 lm_feature_timing.cpp:80] node dpath/b_reg/n15:470255 resistance 0 cap 0.00116381 slew 0.018748 delay 0 power 0.000150927
I0407 09:29:25.879717 2597177 lm_feature_timing.cpp:125] build net dpath/b_reg/n14 feature 
I0407 09:29:25.883688 2597207 lm_feature_timing.cpp:80] node dpath/b_reg/out_reg_10_:D resistance 41.944 cap 0.000564376 slew 0.019979 delay 0.0412172 power 4.92338e-05
I0407 09:29:25.883689 2597112 lm_feature_timing.cpp:80] node dpath/a_lt_b/n12:746941 resistance 3.852 cap 0.000804768 slew 0.020683 delay 0.00612218 power 6.51862e-06
I0407 09:29:25.883922 2597166 lm_feature_timing.cpp:80] node dpath/b_reg/placeFE_OFC2_ctrl_b_reg_en_0:I resistance 3.424 cap 0.000597962 slew 0.027947 delay 0.00217277 power 4.53168e-05
I0407 09:29:25.885272 2597160 lm_feature_timing.cpp:80] node ctrl/n5:752609 resistance 6.42 cap 0.00116739 slew 0.021618 delay 0.00791444 power 0.000104116
I0407 09:29:25.883951 2597088 lm_feature_timing.cpp:80] node dpath/a_reg/n18:388329 resistance 85.6 cap 0.00629408 slew 0.0502106 delay 0.773999 power 5.0982e-05
I0407 09:29:25.883724 2597202 lm_feature_timing.cpp:80] node dpath/a_lt_b/U10:A1 resistance 30.816 cap 0.000625122 slew 0.042396 delay 0.0548335 power 3.71733e-05
I0407 09:29:25.883737 2597153 lm_feature_timing.cpp:80] node ctrl_a_reg_en_0_:454533 resistance 204.156 cap 0.00110099 slew 0.0402393 delay 2.32085 power 8.91801e-06
I0407 09:29:25.883963 2597071 lm_feature_timing.cpp:80] node dpath/a_lt_b/n19:829093 resistance 20.972 cap 0.000816021 slew 0.017501 delay 0.0179182 power 1.38279e-05
I0407 09:29:25.885299 2597116 lm_feature_timing.cpp:80] node dpath/a_reg/n13:830713 resistance 12.84 cap 0.000999367 slew 0.019329 delay 0.014546 power 6.1356e-05
I0407 09:29:25.887050 2597196 lm_feature_timing.cpp:80] node dpath/b_reg/n15:470255 resistance 0 cap 0.00116381 slew 0.018748 delay 0 power 0.000150927
I0407 09:29:25.880425 2597197 lm_feature_timing.cpp:125] build net dpath/a_lt_b/n20 feature 
I0407 09:29:25.887074 2597127 lm_feature_timing.cpp:80] node dpath/b_reg/n10:464552 resistance 0 cap 0.000956692 slew 0.017358 delay 0 power 0.000125391
I0407 09:29:25.887259 2597196 lm_feature_timing.cpp:80] node dpath/b_reg/n15:822215 resistance 0 cap 0.00116381 slew 0.018748 delay 0 power 0.000150927
I0407 09:29:25.887115 2597112 lm_feature_timing.cpp:80] node dpath/a_lt_b/n12:388277 resistance 10.7 cap 0.000665774 slew 0.020683 delay 0.0111573 power 5.39277e-06
I0407 09:29:25.883828 2597111 lm_feature_timing.cpp:80] node dpath/a_reg/U10:A2 resistance 72.332 cap 0.000574604 slew 0.0222031 delay 0.0933752 power 6.98368e-05
I0407 09:29:25.887156 2597160 lm_feature_timing.cpp:80] node ctrl/n5:778589 resistance 35.524 cap 0.00088412 slew 0.021618 delay 0.0336459 power 7.88522e-05
I0407 09:29:25.884047 2597101 lm_feature_timing.cpp:80] node dpath/b_mux_out[8]:793861 resistance 5.564 cap 0.00104992 slew 0.018669 delay 0.00615984 power 0.000132009
I0407 09:29:25.881642 2597132 lm_feature_timing.cpp:80] node ctrl/state/out_reg_1_:CN resistance 20.972 cap 0.000607407 slew 2.73799e-05 delay 0.0285134 power 4.91999e-06
I0407 09:29:25.885422 2597074 lm_feature_timing.cpp:80] node dpath/a_mux_out[13]:808791 resistance 3.424 cap 0.000910148 slew 0.016793 delay 0.00324169 power 9.63559e-05
I0407 09:29:25.887388 2597160 lm_feature_timing.cpp:80] node ctrl/n5:752609 resistance 6.42 cap 0.00116739 slew 0.021618 delay 0.00791444 power 0.000104116
I0407 09:29:25.887406 2597101 lm_feature_timing.cpp:80] node dpath/b_mux_out[8]:812297 resistance 24.396 cap 0.000865317 slew 0.018669 delay 0.0224555 power 0.000108798
I0407 09:29:25.887418 2597132 lm_feature_timing.cpp:80] node ctrl/state/n1:424061 resistance 16.692 cap 0.000652237 slew 2.72699e-05 delay 0.0259137 power 5.28312e-06
I0407 09:29:25.881716 2597110 lm_feature_timing.cpp:80] node dpath/a_mux/n10:445130 resistance 4.708 cap 0.000892554 slew 0.037124 delay 0.004405 power 5.09005e-05
I0407 09:29:25.885469 2597167 lm_feature_timing.cpp:80] node dpath/b_mux_out[14]:1166597 resistance 2.996 cap 0.000835366 slew 0.01702 delay 0.00260967 power 0.000133619
I0407 09:29:25.884086 2597128 lm_feature_timing.cpp:80] node dpath/b_mux_out[6]:417596 resistance 14.552 cap 0.000582435 slew 0.016905 delay 0.0105581 power 7.18922e-05
I0407 09:29:25.887473 2597101 lm_feature_timing.cpp:80] node dpath/b_reg/U10:A2 resistance 29.532 cap 0.000574604 slew 0.018669 delay 0.0256791 power 7.22459e-05
I0407 09:29:25.887508 2597110 lm_feature_timing.cpp:80] node dpath/a_mux/n10:445141 resistance 9.416 cap 0.00083167 slew 0.037124 delay 0.0083205 power 4.74284e-05
I0407 09:29:25.884120 2597053 lm_feature_timing.cpp:80] node dpath/a_mux/n18:439289 resistance 0 cap 0.00064193 slew 0.018175 delay 0 power 4.15036e-05
I0407 09:29:25.884135 2597109 lm_feature_timing.cpp:80] node dpath/a_lt_b/U28:B1 resistance 7.704 cap 0.000675957 slew 0.024902 delay 0.00563859 power 1.09505e-05
I0407 09:29:25.887567 2597101 lm_feature_timing.cpp:80] node dpath/b_mux_out[8]:462021 resistance 29.532 cap 0.000627657 slew 0.018669 delay 0.0256791 power 7.89163e-05
I0407 09:29:25.884243 2597203 lm_feature_timing.cpp:80] node dpath/CTS_1:484705 resistance 83.888 cap 0.000433909 slew 0.000853081 delay 0.737685 power 0.000140587
I0407 09:29:25.884291 2597055 lm_feature_timing.cpp:80] node dpath/a_reg_out[12]:839033 resistance 45.796 cap 0.00284715 slew 0.0441404 delay 0.21681 power 0.000180167
I0407 09:29:25.884292 2597146 lm_feature_timing.cpp:80] node dpath/b_reg/FE_OFN2_ctrl_b_reg_en_0:823209 resistance 130.54 cap 0.000735812 slew 0.0278504 delay 0.728667 power 5.57638e-05
I0407 09:29:25.879688 2597140 lm_feature_timing.cpp:125] build net dpath/b_mux_out[1] feature 
I0407 09:29:25.888454 2597101 lm_feature_timing.cpp:80] node dpath/b_mux/U10:Z resistance 0 cap 0.00116425 slew 0.018669 delay 0 power 0.000146383
I0407 09:29:25.879359 2597097 lm_feature_timing.cpp:125] build net dpath/a_lt_b/n22 feature 
I0407 09:29:25.881763 2597139 lm_feature_timing.cpp:80] node dpath/a_lt_b/n31:482829 resistance 9.416 cap 0.000964089 slew 0.048638 delay 0.0099645 power 2.38289e-05
I0407 09:29:25.882216 2597201 lm_feature_timing.cpp:80] node ctrl/n1:761001 resistance 0.428 cap 0.00116086 slew 0.029815 delay 0.000500201 power 1.8806e-05
I0407 09:29:25.885598 2597095 lm_feature_timing.cpp:80] node ctrl/n4:423287 resistance 22.256 cap 0.000663233 slew 0.029179 delay 0.0198754 power 4.84075e-05
I0407 09:29:25.885629 2597147 lm_feature_timing.cpp:80] node dpath/a_mux/n4:430981 resistance 16.264 cap 0.000586961 slew 0.036398 delay 0.0122368 power 3.34732e-05
I0407 09:29:25.888559 2597201 lm_feature_timing.cpp:80] node ctrl/n1:409040 resistance 0 cap 0.00117653 slew 0.029815 delay 0 power 1.90597e-05
I0407 09:29:25.884577 2597134 lm_feature_timing.cpp:80] node dpath/a_reg/n1:837203 resistance 10.272 cap 0.000608478 slew 0.011477 delay 0.00670442 power 6.71632e-05
I0407 09:29:25.885651 2597114 lm_feature_timing.cpp:80] node dpath/b_mux/U12:Z resistance 0 cap 0.00068071 slew 0.01565 delay 0 power 3.5869e-05
I0407 09:29:25.885661 2597200 lm_feature_timing.cpp:80] node dpath/a_lt_b/U29:B resistance 6.848 cap 0.000586961 slew 0.029156 delay 0.00449543 power 1.99426e-05
I0407 09:29:25.888578 2597097 lm_feature_timing.cpp:80] node dpath/a_lt_b/n22:833271 resistance 5.136 cap 0.000972149 slew 0.047613 delay 0.00499296 power 2.42877e-05
I0407 09:29:25.884614 2597085 lm_feature_timing.cpp:80] node dpath/a_lt_b/n30:839077 resistance 2.14 cap 0.00199114 slew 0.037595 delay 0.00431299 power 4.95614e-05
I0407 09:29:25.888617 2597147 lm_feature_timing.cpp:80] node dpath/a_mux/n4:789645 resistance 9.416 cap 0.000725955 slew 0.036398 delay 0.00774134 power 4.13997e-05
I0407 09:29:25.884189 2597061 lm_feature_timing.cpp:80] node dpath/b_mux_out[3]:415025 resistance 11.556 cap 0.000647821 slew 0.016915 delay 0.0088151 power 7.77229e-05
I0407 09:29:25.885715 2597087 lm_feature_timing.cpp:80] node dpath/a_lt_b/n36:470223 resistance 20.544 cap 0.000643873 slew 0.045927 delay 0.0169087 power 1.54728e-05
I0407 09:29:25.881857 2597070 lm_feature_timing.cpp:80] node dpath/a_lt_b/n18:484659 resistance 8.132 cap 0.000778978 slew 0.021423 delay 0.0110984 power 6.30972e-06
I0407 09:29:25.888746 2597147 lm_feature_timing.cpp:80] node dpath/a_mux/n4:1141605 resistance 9.416 cap 0.000795452 slew 0.036398 delay 0.00774134 power 4.5363e-05
I0407 09:29:25.880646 2597092 lm_feature_timing.cpp:80] node dpath/b_mux_out[2]:409931 resistance 34.24 cap 0.00060671 slew 0.019314 delay 0.0323978 power 7.20759e-05
I0407 09:29:25.888777 2597087 lm_feature_timing.cpp:80] node dpath/a_lt_b/U37:ZN resistance 0 cap 0.00102503 slew 0.045927 delay 0 power 2.46322e-05
I0407 09:29:25.885761 2597100 lm_feature_timing.cpp:80] node dpath/a_mux/n2:446011 resistance 5.136 cap 0.000610845 slew 0.034079 delay 0.00340978 power 3.48352e-05
I0407 09:29:25.884894 2597183 lm_feature_timing.cpp:80] node ctrl/n2:798723 resistance 8.56 cap 0.000779872 slew 0.023799 delay 0.00787645 power 6.31696e-06
I0407 09:29:25.882059 2597192 lm_feature_timing.cpp:80] node dpath/a_mux/n9:432652 resistance 1.284 cap 0.000992984 slew 0.037386 delay 0.00127499 power 5.66278e-05
I0407 09:29:25.888834 2597092 lm_feature_timing.cpp:80] node dpath/b_mux_out[2]:409934 resistance 35.524 cap 0.000590657 slew 0.019314 delay 0.0331562 power 7.01688e-05
I0407 09:29:25.885773 2597064 lm_feature_timing.cpp:80] node dpath/b_reg/U11:B2 resistance 228.124 cap 0.000667642 slew 0.0414223 delay 1.73208 power 5.05976e-05
I0407 09:29:25.888867 2597183 lm_feature_timing.cpp:80] node ctrl/n2:440059 resistance 1.712 cap 0.00148124 slew 0.023799 delay 0.00253589 power 1.19981e-05
I0407 09:29:25.888880 2597192 lm_feature_timing.cpp:80] node dpath/a_mux/n9:432652 resistance 1.284 cap 0.000992984 slew 0.037386 delay 0.00127499 power 5.66278e-05
I0407 09:29:25.888898 2597092 lm_feature_timing.cpp:80] node dpath/b_mux_out[2]:761891 resistance 34.24 cap 0.00060671 slew 0.019314 delay 0.0323978 power 7.20759e-05
I0407 09:29:25.888912 2597183 lm_feature_timing.cpp:80] node ctrl/n2:792019 resistance 1.712 cap 0.000849369 slew 0.023799 delay 0.00253589 power 6.87989e-06
I0407 09:29:25.885835 2597143 lm_feature_timing.cpp:80] node ctrl/state_out[1]:424132 resistance 19.688 cap 0.00159106 slew 0.029421 delay 0.0519176 power 0.000145521
I0407 09:29:25.880722 2597117 lm_feature_timing.cpp:80] node dpath/a_lt_b/n6:384843 resistance 14.98 cap 0.000745569 slew 0.01385 delay 0.0134594 power 1.20782e-05
I0407 09:29:25.885895 2597073 lm_feature_timing.cpp:80] node dpath/a_mux/n6:380631 resistance 4.28 cap 0.000631792 slew 0.033624 delay 0.00270407 power 3.60298e-05
I0407 09:29:25.884476 2597103 lm_feature_timing.cpp:80] node dpath/a_mux/n15:438517 resistance 13.696 cap 0.000660178 slew 0.036668 delay 0.0109773 power 3.76486e-05
I0407 09:29:25.888978 2597143 lm_feature_timing.cpp:80] node ctrl/state_out[1]:424129 resistance 18.404 cap 0.0025636 slew 0.029421 delay 0.0498747 power 0.00023447
I0407 09:29:25.889014 2597073 lm_feature_timing.cpp:80] node dpath/a_mux/U13:ZN resistance 0 cap 0.000676622 slew 0.033624 delay 0 power 3.85864e-05
I0407 09:29:25.889039 2597103 lm_feature_timing.cpp:80] node dpath/a_mux/n15:790477 resistance 13.696 cap 0.000705009 slew 0.036668 delay 0.0109773 power 4.02052e-05
I0407 09:29:25.883352 2597066 lm_feature_timing.cpp:80] node ctrl/FE_OFN1_ctrl_b_mux_sel_0:439182 resistance 3.852 cap 0.000638682 slew 0.021054 delay 0.0024602 power 6.21355e-05
I0407 09:29:25.889078 2597073 lm_feature_timing.cpp:80] node dpath/a_mux/n6:380631 resistance 4.28 cap 0.000631792 slew 0.033624 delay 0.00270407 power 3.60298e-05
I0407 09:29:25.885818 2597149 lm_feature_timing.cpp:80] node dpath/a_reg/out_reg_15_:D resistance 21.4 cap 0.000564376 slew 0.017676 delay 0.0165879 power 3.94949e-05
I0407 09:29:25.889122 2597066 lm_feature_timing.cpp:80] node ctrl/FE_OFN1_ctrl_b_mux_sel_0:439191 resistance 0 cap 0.000679401 slew 0.021054 delay 0 power 6.6097e-05
I0407 09:29:25.885290 2597081 lm_feature_timing.cpp:80] node dpath/a_lt_b/n4:386584 resistance 14.552 cap 0.000580429 slew 0.021374 delay 0.0106435 power 4.70148e-06
I0407 09:29:25.889173 2597149 lm_feature_timing.cpp:80] node dpath/a_reg/n17:822127 resistance 21.4 cap 0.000732539 slew 0.017676 delay 0.0165879 power 5.12629e-05
I0407 09:29:25.886138 2597124 lm_feature_timing.cpp:80] node dpath/b_mux/n1:776271 resistance 29.104 cap 0.000667642 slew 0.0427555 delay 0.328655 power 6.4953e-05
I0407 09:29:25.885335 2597185 lm_feature_timing.cpp:80] node dpath/b_mux_out[9]:469555 resistance 8.988 cap 0.000586546 slew 0.016298 delay 0.00605672 power 7.44212e-05
I0407 09:29:25.886157 2597130 lm_feature_timing.cpp:80] node dpath/a_reg/n14:477025 resistance 0.428 cap 0.00120453 slew 0.018996 delay 0.000515539 power 7.62223e-05
I0407 09:29:25.889241 2597124 lm_feature_timing.cpp:80] node dpath/b_mux/n1:1128231 resistance 29.104 cap 0.000704251 slew 0.0427555 delay 0.328655 power 6.85146e-05
I0407 09:29:25.889245 2597081 lm_feature_timing.cpp:80] node dpath/a_lt_b/n4:386583 resistance 14.124 cap 0.00058826 slew 0.021374 delay 0.0103951 power 4.76491e-06
I0407 09:29:25.884599 2597142 lm_feature_timing.cpp:80] node dpath/a_lt_b/n15:425172 resistance 14.552 cap 0.00060194 slew 0.021785 delay 0.0126152 power 4.87571e-06
I0407 09:29:25.889285 2597124 lm_feature_timing.cpp:80] node dpath/b_mux/n1:1128223 resistance 25.68 cap 0.000740859 slew 0.0427555 delay 0.326244 power 7.20761e-05
I0407 09:29:25.889299 2597130 lm_feature_timing.cpp:80] node dpath/a_reg/n14:828985 resistance 0.428 cap 0.0011967 slew 0.018996 delay 0.000515539 power 7.57268e-05
I0407 09:29:25.881747 2597105 lm_feature_timing.cpp:80] node dpath/a_mux/U30:B resistance 15.836 cap 0.000586961 slew 0.036474 delay 0.0119985 power 3.34732e-05
I0407 09:29:25.885444 2597051 lm_feature_timing.cpp:80] node dpath/a_reg_out[4]:1079717 resistance 4.708 cap 0.00679803 slew 0.0490062 delay 0.0322515 power 0.000419982
I0407 09:29:25.889338 2597142 lm_feature_timing.cpp:80] node dpath/a_lt_b/n15:425171 resistance 14.124 cap 0.000609771 slew 0.021785 delay 0.0123575 power 4.93915e-06
I0407 09:29:25.885540 2597164 lm_feature_timing.cpp:80] node dpath/a_mux/n17:797991 resistance 6.848 cap 0.000680342 slew 0.034452 delay 0.00465898 power 5.51077e-06
I0407 09:29:25.889382 2597105 lm_feature_timing.cpp:80] node dpath/a_mux/n14:395806 resistance 15.836 cap 0.000603014 slew 0.036474 delay 0.0119985 power 3.43886e-05
I0407 09:29:25.889398 2597051 lm_feature_timing.cpp:80] node dpath/a_reg_out[4]:725243 resistance 2.14 cap 0.0068548 slew 0.0490061 delay 0.0147212 power 0.00042349
I0407 09:29:25.889412 2597142 lm_feature_timing.cpp:80] node dpath/a_lt_b/n15:425172 resistance 14.552 cap 0.00060194 slew 0.021785 delay 0.0126152 power 4.87571e-06
I0407 09:29:25.889430 2597105 lm_feature_timing.cpp:80] node dpath/a_mux/n14:395803 resistance 14.552 cap 0.000619067 slew 0.036474 delay 0.0112242 power 3.53041e-05
I0407 09:29:25.884644 2597069 lm_feature_timing.cpp:80] node dpath/a_reg_out[15]:802881 resistance 27.392 cap 0.000716612 slew 0.027745 delay 0.0468099 power 5.01484e-05
I0407 09:29:25.886245 2597179 lm_feature_timing.cpp:80] node dpath/a_mux/n7:370639 resistance 15.408 cap 0.000631792 slew 0.036128 delay 0.0114644 power 3.60298e-05
I0407 09:29:25.889567 2597069 lm_feature_timing.cpp:80] node dpath/a_reg_out[15]:1154841 resistance 27.392 cap 0.000761443 slew 0.027745 delay 0.0468099 power 5.32856e-05
I0407 09:29:25.889588 2597179 lm_feature_timing.cpp:80] node dpath/a_mux/U15:ZN resistance 0 cap 0.000897838 slew 0.036128 delay 0 power 5.12018e-05
I0407 09:29:25.880975 2597161 lm_feature_timing.cpp:125] build net dpath/a_mux_out[3] feature 
I0407 09:29:25.885614 2597186 lm_feature_timing.cpp:80] node dpath/a_reg_out[11]:815571 resistance 56.068 cap 0.00086833 slew 0.0394354 delay 0.205558 power 5.3311e-05
I0407 09:29:25.889667 2597179 lm_feature_timing.cpp:80] node dpath/a_mux/n7:732643 resistance 0 cap 0.000897838 slew 0.036128 delay 0 power 5.12018e-05
I0407 09:29:25.889729 2597186 lm_feature_timing.cpp:80] node dpath/a_reg_out[11]:1167531 resistance 56.068 cap 0.000798833 slew 0.0394354 delay 0.205558 power 4.90442e-05
I0407 09:29:25.889751 2597179 lm_feature_timing.cpp:80] node dpath/a_mux/n7:371469 resistance 11.128 cap 0.000676622 slew 0.036128 delay 0.0087603 power 3.85864e-05
I0407 09:29:25.885663 2597158 lm_feature_timing.cpp:80] node dpath/a_mux_out[6]:402548 resistance 23.112 cap 0.000590657 slew 0.017149 delay 0.0188792 power 6.36448e-05
I0407 09:29:25.884799 2597119 lm_feature_timing.cpp:80] node dpath/a_lt_b/n14:767077 resistance 0.428 cap 0.000927521 slew 0.020585 delay 0.000691258 power 7.51292e-06
I0407 09:29:25.885777 2597165 lm_feature_timing.cpp:80] node dpath/a_reg/n4:740963 resistance 3.424 cap 0.00081848 slew 0.01709 delay 0.00292782 power 4.6743e-05
I0407 09:29:25.889837 2597158 lm_feature_timing.cpp:80] node dpath/a_mux_out[6]:402545 resistance 21.828 cap 0.00060671 slew 0.017149 delay 0.0181208 power 6.53745e-05
I0407 09:29:25.885787 2597065 lm_feature_timing.cpp:80] node dpath/a_mux_out[2]:381425 resistance 1.284 cap 0.000794646 slew 0.015615 delay 0.00102033 power 7.08893e-05
I0407 09:29:25.885896 2597108 lm_feature_timing.cpp:80] node dpath/a_lt_b/n21:462046 resistance 43.228 cap 0.000401546 slew 0.0440891 delay 0.081044 power 1.42076e-05
I0407 09:29:25.889873 2597165 lm_feature_timing.cpp:80] node dpath/a_reg/n4:753533 resistance 16.264 cap 0.000691428 slew 0.01709 delay 0.0118058 power 3.94871e-05
I0407 09:29:25.883038 2597136 lm_feature_timing.cpp:80] node ctrl/state_out[0]:440051 resistance 77.896 cap 0.000596981 slew 0.0498893 delay 0.236384 power 5.32431e-05
I0407 09:29:25.882997 2597182 lm_feature_timing.cpp:80] node dpath/a_mux_out[12]:445167 resistance 1.284 cap 0.00135297 slew 0.018929 delay 0.00173721 power 0.000137393
I0407 09:29:25.889916 2597108 lm_feature_timing.cpp:80] node dpath/a_lt_b/n21:462045 resistance 42.8 cap 0.000409377 slew 0.0440891 delay 0.0808721 power 1.44847e-05
I0407 09:29:25.889905 2597119 lm_feature_timing.cpp:80] node dpath/a_lt_b/n14:415116 resistance 0 cap 0.00162292 slew 0.020585 delay 0 power 1.31457e-05
I0407 09:29:25.883316 2597184 lm_feature_timing.cpp:80] node dpath/a_lt_b/U31:A1 resistance 17.976 cap 0.000598426 slew 0.020978 delay 0.0187062 power 4.84725e-06
