I0212 16:31:05.753300 3304577 lm_feature_timing.cpp:125] build net ctrl/next_state__0[0] feature 
I0212 16:31:05.756207 3304591 lm_feature_timing.cpp:80] node dpath/a_mux_out[7]:439421 resistance 25.252 cap 0.000590266 slew 0.017289 delay 0.0214141 power 6.63155e-05
I0212 16:31:05.754102 3304491 lm_feature_timing.cpp:80] node ctrl/U16:A1 resistance 35.524 cap 0.000600847 slew 0.021618 delay 0.0336459 power 4.86686e-06
I0212 16:31:05.756319 3304570 lm_feature_timing.cpp:125] build net dpath/a_mux_out[10] feature 
I0212 16:31:05.754117 3304582 lm_feature_timing.cpp:80] node ctrl_a_reg_en_0_:454533 resistance 204.156 cap 0.00110099 slew 0.0402393 delay 2.32085 power 8.91801e-06
I0212 16:31:05.754204 3304504 lm_feature_timing.cpp:125] build net dpath/a_lt_b/n22 feature 
I0212 16:31:05.754259 3304500 lm_feature_timing.cpp:125] build net dpath/a_mux/n14 feature 
I0212 16:31:05.756431 3304582 lm_feature_timing.cpp:80] node ctrl_a_reg_en_0_:454525 resistance 200.732 cap 0.0011376 slew 0.0402393 delay 2.31708 power 9.21454e-06
I0212 16:31:05.754271 3304468 lm_feature_timing.cpp:125] build net dpath/a_reg_out[11] feature 
I0212 16:31:05.754282 3304511 lm_feature_timing.cpp:125] build net dpath/a_lt_b/n31 feature 
I0212 16:31:05.756343 3304487 lm_feature_timing.cpp:80] node dpath/a_reg_out[1]:387265 resistance 55.212 cap 0.000461654 slew 0.0420913 delay 0.189743 power 2.52046e-05
I0212 16:31:05.756461 3304577 lm_feature_timing.cpp:80] node ctrl/next_state__0[0]:786943 resistance 9.844 cap 0.000822643 slew 0.029224 delay 0.00884021 power 7.33692e-05
I0212 16:31:05.756556 3304500 lm_feature_timing.cpp:80] node dpath/a_mux/U30:B resistance 15.836 cap 0.000586961 slew 0.036474 delay 0.0119985 power 3.34732e-05
I0212 16:31:05.756659 3304512 lm_feature_timing.cpp:125] build net dpath/a_mux_out[2] feature 
I0212 16:31:05.754345 3304524 lm_feature_timing.cpp:125] build net dpath/a_lt_b/n5 feature 
I0212 16:31:05.756685 3304500 lm_feature_timing.cpp:80] node dpath/a_mux/n14:395806 resistance 15.836 cap 0.000603014 slew 0.036474 delay 0.0119985 power 3.43886e-05
I0212 16:31:05.754415 3304501 lm_feature_timing.cpp:80] node ctrl/n4:437541 resistance 4.28 cap 0.00107571 slew 0.029179 delay 0.00460406 power 7.85133e-05
I0212 16:31:05.756664 3304538 lm_feature_timing.cpp:125] build net dpath/a_mux_out[13] feature 
I0212 16:31:05.754421 3304490 lm_feature_timing.cpp:80] node dpath/a_lt_b/U30:A2 resistance 8.132 cap 0.00059384 slew 0.01901 delay 0.00935851 power 4.8101e-06
I0212 16:31:05.752947 3304513 lm_feature_timing.cpp:125] build net dpath/a_lt_b/n28 feature 
I0212 16:31:05.754508 3304515 lm_feature_timing.cpp:125] build net dpath/a_lt_b/n34 feature 
I0212 16:31:05.754470 3304484 lm_feature_timing.cpp:80] node ctrl/FE_OFN1_ctrl_b_mux_sel_0:439191 resistance 0 cap 0.000679401 slew 0.021054 delay 0 power 1.10063e-05
I0212 16:31:05.754477 3304563 lm_feature_timing.cpp:80] node dpath/a_lt_b/U38:A2 resistance 16.264 cap 0.000574839 slew 0.018123 delay 0.0195055 power 4.6562e-06
I0212 16:31:05.756836 3304490 lm_feature_timing.cpp:80] node dpath/a_lt_b/n27:484601 resistance 8.132 cap 0.00115082 slew 0.01901 delay 0.00935851 power 9.32168e-06
I0212 16:31:05.754456 3304470 lm_feature_timing.cpp:125] build net dpath/a_mux_out[12] feature 
I0212 16:31:05.756841 3304468 lm_feature_timing.cpp:80] node dpath/a_reg_out[11]:815571 resistance 56.068 cap 0.00086833 slew 0.0394354 delay 0.205558 power 5.3311e-05
I0212 16:31:05.754509 3304520 lm_feature_timing.cpp:80] node dpath/a_lt_b/n23:483807 resistance 5.136 cap 0.000704344 slew 0.024902 delay 0.00390273 power 1.14104e-05
I0212 16:31:05.754769 3304580 lm_feature_timing.cpp:80] node dpath/a_mux/n12:797821 resistance 5.136 cap 0.000663898 slew 0.034079 delay 0.00340978 power 3.78607e-05
I0212 16:31:05.754909 3304537 lm_feature_timing.cpp:80] node ctrl/next_state__0[1]:777755 resistance 0 cap 0.000933251 slew 0.030897 delay 0 power 4.75191e-05
I0212 16:31:05.754899 3304502 lm_feature_timing.cpp:80] node dpath/a_reg/n6:371571 resistance 0 cap 0.000637593 slew 0.015676 delay 0 power 3.93905e-05
I0212 16:31:05.756875 3304540 lm_feature_timing.cpp:80] node dpath/a_reg/out_reg_9_:CP resistance 84.316 cap 0.000418247 slew 0.000853081 delay 0.737868 power 0.000135512
I0212 16:31:05.757007 3304537 lm_feature_timing.cpp:80] node ctrl/next_state__0[1]:778593 resistance 0.856 cap 0.000921308 slew 0.030897 delay 0.00078864 power 4.6911e-05
I0212 16:31:05.756898 3304490 lm_feature_timing.cpp:80] node dpath/a_lt_b/U29:A1 resistance 11.984 cap 0.000393715 slew 0.01901 delay 0.0110319 power 3.18909e-06
I0212 16:31:05.754743 3304551 lm_feature_timing.cpp:125] build net ctrl/state_out[1] feature 
I0212 16:31:05.754694 3304556 lm_feature_timing.cpp:80] node dpath/a_lt_b/n20:475438 resistance 0.856 cap 0.000749289 slew 0.012461 delay 0.000641392 power 1.21385e-05
I0212 16:31:05.757042 3304537 lm_feature_timing.cpp:80] node ctrl/next_state__0[1]:778555 resistance 17.12 cap 0.000589485 slew 0.030897 delay 0.0129773 power 3.00153e-05
I0212 16:31:05.754556 3304514 lm_feature_timing.cpp:80] node dpath/a_lt_b/n1:381413 resistance 9.416 cap 0.000746613 slew 0.017306 delay 0.00795497 power 6.04757e-06
I0212 16:31:05.756794 3304501 lm_feature_timing.cpp:80] node ctrl/n4:789501 resistance 4.28 cap 0.00103088 slew 0.029179 delay 0.00460406 power 7.52413e-05
I0212 16:31:05.755281 3304573 lm_feature_timing.cpp:125] build net dpath/a_mux/n5 feature 
I0212 16:31:05.757058 3304538 lm_feature_timing.cpp:80] node dpath/a_mux_out[13]:467725 resistance 14.552 cap 0.000688932 slew 0.016793 delay 0.012139 power 7.29361e-05
I0212 16:31:05.754972 3304548 lm_feature_timing.cpp:125] build net dpath/a_mux/n10 feature 
I0212 16:31:05.755329 3304516 lm_feature_timing.cpp:125] build net dpath/a_lt_b/n24 feature 
I0212 16:31:05.754913 3304587 lm_feature_timing.cpp:80] node dpath/a_reg_out[3]:384903 resistance 28.676 cap 0.000649398 slew 0.042396 delay 0.0534957 power 3.86169e-05
I0212 16:31:05.757162 3304573 lm_feature_timing.cpp:80] node dpath/a_mux/n5:380503 resistance 1.284 cap 0.000789777 slew 0.035087 delay 0.00101407 power 4.50393e-05
I0212 16:31:05.757156 3304538 lm_feature_timing.cpp:80] node dpath/a_mux_out[13]:819685 resistance 14.552 cap 0.00079954 slew 0.016793 delay 0.012139 power 8.4646e-05
I0212 16:31:05.754614 3304583 lm_feature_timing.cpp:80] node dpath/a_lt_b/U14:B resistance 5.992 cap 0.000586961 slew 0.023105 delay 0.00388423 power 9.50877e-06
I0212 16:31:05.757032 3304520 lm_feature_timing.cpp:80] node dpath/a_lt_b/n23:835767 resistance 5.136 cap 0.000740952 slew 0.024902 delay 0.00390273 power 1.20034e-05
I0212 16:31:05.755280 3304576 lm_feature_timing.cpp:125] build net dpath/a_reg/n9 feature 
I0212 16:31:05.757073 3304537 lm_feature_timing.cpp:80] node ctrl/next_state__0[1]:1130515 resistance 17.12 cap 0.000749426 slew 0.030897 delay 0.0129773 power 3.81591e-05
I0212 16:31:05.755649 3304505 lm_feature_timing.cpp:125] build net dpath/a_mux/n11 feature 
I0212 16:31:05.755651 3304503 lm_feature_timing.cpp:125] build net dpath/a_reg/n1 feature 
I0212 16:31:05.755652 3304533 lm_feature_timing.cpp:125] build net dpath/a_reg/n14 feature 
I0212 16:31:05.755709 3304554 lm_feature_timing.cpp:125] build net dpath/a_mux/n6 feature 
I0212 16:31:05.757261 3304520 lm_feature_timing.cpp:80] node dpath/a_lt_b/U28:B1 resistance 7.704 cap 0.000675957 slew 0.024902 delay 0.00563859 power 1.09505e-05
I0212 16:31:05.755319 3304578 lm_feature_timing.cpp:80] node dpath/a_lt_b/n13:394177 resistance 14.552 cap 0.000593169 slew 0.031831 delay 0.0108282 power 1.89266e-05
I0212 16:31:05.755954 3304531 lm_feature_timing.cpp:125] build net dpath/a_reg/n13 feature 
I0212 16:31:05.755961 3304521 lm_feature_timing.cpp:125] build net dpath/a_reg_out[6] feature 
I0212 16:31:05.755358 3304478 lm_feature_timing.cpp:125] build net dpath/a_mux/n16 feature 
I0212 16:31:05.757359 3304516 lm_feature_timing.cpp:80] node dpath/a_lt_b/U6:B1 resistance 11.984 cap 0.000572749 slew 0.019989 delay 0.00922655 power 0
I0212 16:31:05.755002 3304475 lm_feature_timing.cpp:125] build net dpath/a_reg_out[8] feature 
I0212 16:31:05.757189 3304573 lm_feature_timing.cpp:80] node dpath/a_mux/n5:381341 resistance 2.14 cap 0.000761782 slew 0.035087 delay 0.00166616 power 4.34428e-05
I0212 16:31:05.755414 3304508 lm_feature_timing.cpp:125] build net dpath/a_mux_out[0] feature 
I0212 16:31:05.757040 3304580 lm_feature_timing.cpp:80] node dpath/a_mux/n12:792793 resistance 0 cap 0.000716951 slew 0.034079 delay 0 power 4.08862e-05
I0212 16:31:05.757165 3304513 lm_feature_timing.cpp:80] node dpath/a_lt_b/U32:ZN resistance 0 cap 0.000705413 slew 0.015449 delay 0 power 1.01034e-05
I0212 16:31:05.757475 3304503 lm_feature_timing.cpp:80] node dpath/a_reg/n1:485243 resistance 10.272 cap 0.000547203 slew 0.011477 delay 0.00670442 power 6.03998e-05
I0212 16:31:05.755074 3304496 lm_feature_timing.cpp:125] build net dpath/a_mux/n18 feature 
I0212 16:31:05.756032 3304568 lm_feature_timing.cpp:80] node CTS_1:424225 resistance 73.616 cap 0.000418247 slew 0.000313884 delay 0.326972 power 0.000135512
I0212 16:31:05.757045 3304512 lm_feature_timing.cpp:80] node dpath/a_mux_out[2]:384777 resistance 4.708 cap 0.000705376 slew 0.015615 delay 0.00356088 power 6.29256e-05
I0212 16:31:05.756096 3304567 lm_feature_timing.cpp:125] build net dpath/a_reg/n17 feature 
I0212 16:31:05.757594 3304513 lm_feature_timing.cpp:80] node dpath/a_lt_b/n28:490390 resistance 0 cap 0.000705413 slew 0.015449 delay 0 power 1.01034e-05
I0212 16:31:05.753484 3304492 lm_feature_timing.cpp:80] node ctrl_a_mux_sel[1]:439258 resistance 12.84 cap 0.000725014 slew 0.014695 delay 0.00930918 power 2.34377e-05
I0212 16:31:05.755848 3304562 lm_feature_timing.cpp:125] build net dpath/a_reg/n10 feature 
I0212 16:31:05.756148 3304586 lm_feature_timing.cpp:80] node dpath/a_lt_b/placeFE_RC_0_0:A2 resistance 10.272 cap 0.000551359 slew 0.030248 delay 0.0107686 power 8.93202e-06
I0212 16:31:05.756986 3304468 lm_feature_timing.cpp:80] node dpath/a_reg_out[11]:1167531 resistance 56.068 cap 0.000798833 slew 0.0394354 delay 0.205558 power 4.90442e-05
I0212 16:31:05.753970 3304471 lm_feature_timing.cpp:80] node dpath/a_lt_b/n6:736803 resistance 14.98 cap 0.0007904 slew 0.01385 delay 0.0134594 power 1.28045e-05
I0212 16:31:05.756158 3304536 lm_feature_timing.cpp:80] node dpath/a_reg/n15:470249 resistance 0.428 cap 0.00181884 slew 0.022647 delay 0.000778465 power 0.000119024
I0212 16:31:05.755864 3304530 lm_feature_timing.cpp:80] node dpath/a_reg/U14:A2 resistance 32.528 cap 0.000574604 slew 0.017957 delay 0.0293888 power 5.9273e-05
I0212 16:31:05.752935 3304495 lm_feature_timing.cpp:125] build net dpath/a_lt_b/n16 feature 
I0212 16:31:05.755899 3304469 lm_feature_timing.cpp:80] node dpath/a_lt_b/U29:B resistance 6.848 cap 0.000586961 slew 0.029156 delay 0.00449543 power 1.99426e-05
I0212 16:31:05.756196 3304541 lm_feature_timing.cpp:125] build net dpath/a_reg_out[9] feature 
I0212 16:31:05.752935 3304481 lm_feature_timing.cpp:125] build net dpath/a_lt_b/n10 feature 
I0212 16:31:05.757789 3304536 lm_feature_timing.cpp:80] node dpath/a_reg/n15:822209 resistance 0.428 cap 0.00181101 slew 0.022647 delay 0.000778465 power 0.000118512
I0212 16:31:05.754977 3304472 lm_feature_timing.cpp:125] build net dpath/a_reg_out[10] feature 
I0212 16:31:05.756279 3304550 lm_feature_timing.cpp:80] node clk:402569 resistance 188.32 cap 0.00111138 slew 0.000546331 delay 0.651054 power 0.000360088
I0212 16:31:05.757115 3304556 lm_feature_timing.cpp:80] node dpath/a_lt_b/U27:B resistance 3.852 cap 0.000704849 slew 0.012461 delay 0.00275312 power 1.14186e-05
I0212 16:31:05.754242 3304565 lm_feature_timing.cpp:125] build net dpath/a_lt_b/n26 feature 
I0212 16:31:05.757150 3304514 lm_feature_timing.cpp:80] node dpath/a_lt_b/n1:733373 resistance 9.416 cap 0.000791444 slew 0.017306 delay 0.00795497 power 6.4107e-06
I0212 16:31:05.757390 3304505 lm_feature_timing.cpp:80] node dpath/a_mux/U24:B resistance 7.276 cap 0.000586961 slew 0.034274 delay 0.0048063 power 3.34732e-05
I0212 16:31:05.756456 3304499 lm_feature_timing.cpp:80] node dpath/a_lt_b/U37:C resistance 10.272 cap 0.000599307 slew 0.016585 delay 0.00720779 power 8.52164e-06
I0212 16:31:05.757175 3304501 lm_feature_timing.cpp:80] node ctrl/n4:423287 resistance 22.256 cap 0.000663233 slew 0.029179 delay 0.0198754 power 4.84075e-05
I0212 16:31:05.757959 3304514 lm_feature_timing.cpp:80] node dpath/a_lt_b/n1:729183 resistance 5.136 cap 0.000836275 slew 0.017306 delay 0.00456759 power 6.77383e-06
I0212 16:31:05.756050 3304517 lm_feature_timing.cpp:125] build net dpath/a_mux/n15 feature 
I0212 16:31:05.757517 3304554 lm_feature_timing.cpp:80] node dpath/a_mux/U14:B resistance 4.28 cap 0.000586961 slew 0.033624 delay 0.00270407 power 3.34732e-05
I0212 16:31:05.753239 3304589 lm_feature_timing.cpp:125] build net dpath/a_reg/n19 feature 
I0212 16:31:05.758013 3304499 lm_feature_timing.cpp:80] node dpath/a_lt_b/n33:484448 resistance 10.272 cap 0.000701693 slew 0.016585 delay 0.00720779 power 9.97748e-06
I0212 16:31:05.756071 3304588 lm_feature_timing.cpp:80] node ctrl/state_out[0]:429995 resistance 67.624 cap 0.000598054 slew 0.0498893 delay 0.2292 power 4.84424e-06
I0212 16:31:05.756589 3304476 lm_feature_timing.cpp:80] node dpath/a_mux/U16:B resistance 15.408 cap 0.000586961 slew 0.036128 delay 0.0114644 power 3.34732e-05
I0212 16:31:05.756616 3304542 lm_feature_timing.cpp:125] build net dpath/a_reg/n7 feature 
I0212 16:31:05.756628 3304494 lm_feature_timing.cpp:125] build net dpath/a_reg_out[12] feature 
I0212 16:31:05.756649 3304545 lm_feature_timing.cpp:125] build net dpath/a_reg_out[14] feature 
I0212 16:31:05.758095 3304499 lm_feature_timing.cpp:80] node dpath/a_lt_b/U36:ZN resistance 0 cap 0.000804078 slew 0.016585 delay 0 power 1.14333e-05
I0212 16:31:05.758097 3304481 lm_feature_timing.cpp:80] node dpath/a_lt_b/U18:A2 resistance 21.4 cap 0.000572598 slew 0.022374 delay 0.0233684 power 4.63804e-06
I0212 16:31:05.756682 3304504 lm_feature_timing.cpp:80] node dpath/a_lt_b/n22:833271 resistance 5.136 cap 0.000972149 slew 0.047613 delay 0.00499296 power 2.42877e-05
I0212 16:31:05.757230 3304470 lm_feature_timing.cpp:80] node dpath/a_mux_out[12]:445167 resistance 1.284 cap 0.00135297 slew 0.018929 delay 0.00173721 power 0.000137393
I0212 16:31:05.758138 3304541 lm_feature_timing.cpp:80] node dpath/a_reg_out[9]:831621 resistance 28.248 cap 0.00270692 slew 0.0460204 delay 0.170477 power 0.000198349
I0212 16:31:05.758165 3304499 lm_feature_timing.cpp:80] node dpath/a_lt_b/n33:485272 resistance 0 cap 0.000804078 slew 0.016585 delay 0 power 1.14333e-05
I0212 16:31:05.757709 3304586 lm_feature_timing.cpp:80] node dpath/a_lt_b/n11:393327 resistance 10.272 cap 0.000579745 slew 0.030248 delay 0.0107686 power 9.39188e-06
I0212 16:31:05.756886 3304484 lm_feature_timing.cpp:80] node ctrl/FE_OFN1_ctrl_b_mux_sel_0:439182 resistance 3.852 cap 0.000638682 slew 0.021054 delay 0.0024602 power 1.03466e-05
I0212 16:31:05.756899 3304515 lm_feature_timing.cpp:80] node dpath/a_lt_b/U37:B resistance 20.972 cap 0.000672352 slew 0.019827 delay 0.0184255 power 5.44605e-06
I0212 16:31:05.754758 3304553 lm_feature_timing.cpp:125] build net ctrl/n3 feature 
I0212 16:31:05.758231 3304470 lm_feature_timing.cpp:80] node dpath/a_mux_out[12]:797127 resistance 1.284 cap 0.00133692 slew 0.018929 delay 0.00173721 power 0.000135762
I0212 16:31:05.758255 3304484 lm_feature_timing.cpp:80] node ctrl/FE_OFN1_ctrl_b_mux_sel_0:439191 resistance 0 cap 0.000679401 slew 0.021054 delay 0 power 1.10063e-05
I0212 16:31:05.755321 3304479 lm_feature_timing.cpp:125] build net dpath/a_reg/n4 feature 
I0212 16:31:05.758306 3304589 lm_feature_timing.cpp:80] node dpath/a_reg/n19:502269 resistance 9.844 cap 0.000826363 slew 1.44834e-05 delay 0.00912442 power 0
I0212 16:31:05.758323 3304542 lm_feature_timing.cpp:80] node dpath/a_reg/n7:386649 resistance 0 cap 0.000686926 slew 0.015873 delay 0 power 4.40199e-05
I0212 16:31:05.755661 3304506 lm_feature_timing.cpp:125] build net dpath/a_lt_b/n35 feature 
I0212 16:31:05.756217 3304510 lm_feature_timing.cpp:125] build net dpath/a_reg_out[5] feature 
I0212 16:31:05.755924 3304590 lm_feature_timing.cpp:80] node dpath/a_lt_b/n29:485347 resistance 9.844 cap 0.000893177 slew 0.020196 delay 0.00879243 power 7.23473e-06
I0212 16:31:05.758409 3304542 lm_feature_timing.cpp:80] node dpath/a_reg/out_reg_5_:D resistance 5.992 cap 0.000625651 slew 0.015873 delay 0.0037489 power 4.00933e-05
I0212 16:31:05.757776 3304478 lm_feature_timing.cpp:80] node dpath/a_mux/n16:439277 resistance 0.428 cap 0.000772311 slew 0.020149 delay 0.000330549 power 4.99333e-05
I0212 16:31:05.757305 3304551 lm_feature_timing.cpp:80] node ctrl/U4:I resistance 19.688 cap 0.00157501 slew 0.029421 delay 0.0519176 power 8.01961e-05
I0212 16:31:05.757359 3304520 lm_feature_timing.cpp:80] node dpath/a_lt_b/n23:483807 resistance 5.136 cap 0.000704344 slew 0.024902 delay 0.00390273 power 1.14104e-05
I0212 16:31:05.756292 3304480 lm_feature_timing.cpp:80] node dpath/a_reg/out_reg_0_:D resistance 8.988 cap 0.000564376 slew 0.016259 delay 0.00588519 power 2.60608e-05
I0212 16:31:05.758495 3304542 lm_feature_timing.cpp:80] node dpath/a_reg/U14:Z resistance 0 cap 0.000686926 slew 0.015873 delay 0 power 4.40199e-05
I0212 16:31:05.757838 3304536 lm_feature_timing.cpp:80] node dpath/a_reg/n15:470248 resistance 0 cap 0.00182668 slew 0.022647 delay 0 power 0.000119537
I0212 16:31:05.758538 3304520 lm_feature_timing.cpp:80] node dpath/a_lt_b/n23:486323 resistance 1.712 cap 0.000797725 slew 0.024902 delay 0.00136571 power 1.29231e-05
I0212 16:31:05.757820 3304496 lm_feature_timing.cpp:80] node dpath/a_mux/placeFE_OFC5_n18:I resistance 1.284 cap 0.000609824 slew 0.018175 delay 0.000803626 power 3.94278e-05
I0212 16:31:05.756353 3304591 lm_feature_timing.cpp:80] node dpath/a_mux_out[7]:791381 resistance 25.252 cap 0.000635097 slew 0.017289 delay 0.0214141 power 7.13522e-05
I0212 16:31:05.755975 3304585 lm_feature_timing.cpp:80] node ctrl/n1:431661 resistance 26.108 cap 0.000637775 slew 0.02561 delay 0.0236457 power 1.03319e-05
I0212 16:31:05.757481 3304573 lm_feature_timing.cpp:80] node dpath/a_mux/U12:B resistance 9.844 cap 0.000586961 slew 0.035087 delay 0.00681233 power 3.34732e-05
I0212 16:31:05.756465 3304528 lm_feature_timing.cpp:125] build net dpath/a_mux/n8 feature 
I0212 16:31:05.758630 3304496 lm_feature_timing.cpp:80] node dpath/a_mux/n18:439292 resistance 1.284 cap 0.000625877 slew 0.018175 delay 0.000803626 power 4.04657e-05
I0212 16:31:05.756031 3304529 lm_feature_timing.cpp:125] build net dpath/a_mux/n9 feature 
I0212 16:31:05.757670 3304492 lm_feature_timing.cpp:80] node ctrl/U13:ZN resistance 0 cap 0.000852066 slew 0.014695 delay 0 power 2.75449e-05
I0212 16:31:05.758656 3304591 lm_feature_timing.cpp:80] node dpath/a_mux_out[7]:787191 resistance 20.972 cap 0.000679928 slew 0.017289 delay 0.0186959 power 7.63888e-05
I0212 16:31:05.756491 3304582 lm_feature_timing.cpp:80] node ctrl_a_reg_en_0_:454533 resistance 204.156 cap 0.00110099 slew 0.0402393 delay 2.32085 power 8.91801e-06
I0212 16:31:05.758698 3304496 lm_feature_timing.cpp:80] node dpath/a_mux/n18:439289 resistance 0 cap 0.00064193 slew 0.018175 delay 0 power 4.15036e-05
I0212 16:31:05.756192 3304557 lm_feature_timing.cpp:80] node dpath/a_reg/n18:388329 resistance 85.6 cap 0.00629408 slew 0.0502106 delay 0.773999 power 5.0982e-05
I0212 16:31:05.756510 3304555 lm_feature_timing.cpp:80] node dpath/a_lt_b/U31:A1 resistance 17.976 cap 0.000598426 slew 0.020978 delay 0.0187062 power 4.84725e-06
I0212 16:31:05.756243 3304560 lm_feature_timing.cpp:80] node dpath/a_lt_b/n8:738571 resistance 47.08 cap 0.000616441 slew 0.053906 delay 0.050494 power 9.93759e-06
I0212 16:31:05.756440 3304558 lm_feature_timing.cpp:125] build net dpath/a_reg_out[2] feature 
I0212 16:31:05.758018 3304514 lm_feature_timing.cpp:80] node dpath/a_lt_b/n1:733373 resistance 9.416 cap 0.000791444 slew 0.017306 delay 0.00795497 power 6.4107e-06
I0212 16:31:05.756541 3304534 lm_feature_timing.cpp:125] build net dpath/a_mux_out[8] feature 
I0212 16:31:05.758028 3304501 lm_feature_timing.cpp:80] node ctrl/n4:775247 resistance 22.256 cap 0.000708064 slew 0.029179 delay 0.0198754 power 5.16796e-05
I0212 16:31:05.756060 3304488 lm_feature_timing.cpp:80] node dpath/a_lt_b/n14:415116 resistance 0 cap 0.00162292 slew 0.020585 delay 0 power 1.31457e-05
I0212 16:31:05.754367 3304522 lm_feature_timing.cpp:125] build net dpath/a_mux/FE_OFN4_n16 feature 
I0212 16:31:05.756564 3304570 lm_feature_timing.cpp:80] node dpath/a_reg/U9:A2 resistance 43.656 cap 0.000574604 slew 0.019133 delay 0.0441204 power 4.65429e-06
I0212 16:31:05.756592 3304487 lm_feature_timing.cpp:80] node dpath/a_reg_out[1]:739225 resistance 55.212 cap 0.00056404 slew 0.0420913 delay 0.189743 power 3.07945e-05
I0212 16:31:05.758939 3304501 lm_feature_timing.cpp:80] node ctrl/U16:B1 resistance 22.684 cap 0.000655402 slew 0.029179 delay 0.0201559 power 4.7836e-05
I0212 16:31:05.757081 3304502 lm_feature_timing.cpp:80] node dpath/a_reg/out_reg_4_:D resistance 3.424 cap 0.000600985 slew 0.015676 delay 0.00205777 power 3.71288e-05
I0212 16:31:05.758162 3304465 lm_feature_timing.cpp:125] build net dpath/a_lt_b/n18 feature 
I0212 16:31:05.758138 3304565 lm_feature_timing.cpp:80] node dpath/a_lt_b/U29:ZN resistance 0 cap 0.000774979 slew 0.022504 delay 0 power 2.28867e-05
I0212 16:31:05.758232 3304586 lm_feature_timing.cpp:80] node dpath/a_lt_b/n11:393321 resistance 7.704 cap 0.000608132 slew 0.030248 delay 0.00927981 power 9.85174e-06
I0212 16:31:05.756115 3304569 lm_feature_timing.cpp:125] build net dpath/a_mux/n2 feature 
I0212 16:31:05.758190 3304481 lm_feature_timing.cpp:80] node dpath/a_lt_b/n10:386621 resistance 21.4 cap 0.000572598 slew 0.022374 delay 0.0233684 power 4.63804e-06
I0212 16:31:05.759042 3304487 lm_feature_timing.cpp:80] node dpath/a_reg_out[1]:729169 resistance 44.94 cap 0.000666426 slew 0.0420913 delay 0.183949 power 3.63844e-05
I0212 16:31:05.755102 3304527 lm_feature_timing.cpp:125] build net dpath/a_mux/n13 feature 
I0212 16:31:05.755368 3304571 lm_feature_timing.cpp:125] build net dpath/a_mux_out[6] feature 
I0212 16:31:05.758303 3304484 lm_feature_timing.cpp:80] node ctrl/placeFE_OFC1_ctrl_b_mux_sel_0:I resistance 3.852 cap 0.000597962 slew 0.021054 delay 0.0024602 power 9.68698e-06
I0212 16:31:05.752943 3304584 lm_feature_timing.cpp:125] build net dpath/a_lt_b/n3 feature 
I0212 16:31:05.759114 3304558 lm_feature_timing.cpp:80] node dpath/a_reg_out[2]:386515 resistance 69.764 cap 0.000556241 slew 0.0429064 delay 0.241386 power 3.17667e-05
I0212 16:31:05.758150 3304466 lm_feature_timing.cpp:125] build net ctrl/state/n1 feature 
I0212 16:31:05.758544 3304478 lm_feature_timing.cpp:80] node dpath/a_mux/n16:791237 resistance 0.428 cap 0.00076448 slew 0.020149 delay 0.000330549 power 4.9427e-05
I0212 16:31:05.754547 3304474 lm_feature_timing.cpp:125] build net dpath/a_lt_b/n36 feature 
I0212 16:31:05.759199 3304558 lm_feature_timing.cpp:80] node dpath/a_reg_out[2]:738475 resistance 69.764 cap 0.000584628 slew 0.0429064 delay 0.241386 power 3.33878e-05
I0212 16:31:05.754689 3304579 lm_feature_timing.cpp:125] build net dpath/a_reg_out[13] feature 
I0212 16:31:05.758829 3304555 lm_feature_timing.cpp:80] node dpath/a_lt_b/n32:486999 resistance 17.976 cap 0.000635035 slew 0.020978 delay 0.0187062 power 5.14378e-06
I0212 16:31:05.759235 3304534 lm_feature_timing.cpp:80] node dpath/a_reg/U11:A2 resistance 63.772 cap 0.000574604 slew 0.0212991 delay 0.0768456 power 6.71964e-05
I0212 16:31:05.759058 3304586 lm_feature_timing.cpp:80] node dpath/a_lt_b/n11:393327 resistance 10.272 cap 0.000579745 slew 0.030248 delay 0.0107686 power 9.39188e-06
I0212 16:31:05.757711 3304513 lm_feature_timing.cpp:80] node dpath/a_lt_b/U33:C resistance 5.136 cap 0.000599307 slew 0.015449 delay 0.00335052 power 8.58372e-06
I0212 16:31:05.758687 3304573 lm_feature_timing.cpp:80] node dpath/a_mux/n5:385523 resistance 9.844 cap 0.000586961 slew 0.035087 delay 0.00681233 power 3.34732e-05
I0212 16:31:05.759321 3304465 lm_feature_timing.cpp:80] node dpath/a_lt_b/n18:478793 resistance 14.124 cap 0.000644485 slew 0.021423 delay 0.0153273 power 5.22033e-06
I0212 16:31:05.759179 3304569 lm_feature_timing.cpp:80] node dpath/a_mux/U6:B resistance 5.992 cap 0.000586961 slew 0.034079 delay 0.00392244 power 3.34732e-05
I0212 16:31:05.758966 3304488 lm_feature_timing.cpp:80] node dpath/a_lt_b/n14:415117 resistance 0.428 cap 0.00161509 slew 0.020585 delay 0.000691258 power 1.30822e-05
I0212 16:31:05.758240 3304517 lm_feature_timing.cpp:80] node dpath/a_mux/n15:438517 resistance 13.696 cap 0.000660178 slew 0.036668 delay 0.0109773 power 3.76486e-05
I0212 16:31:05.755926 3304526 lm_feature_timing.cpp:125] build net dpath/a_reg/n8 feature 
I0212 16:31:05.757061 3304490 lm_feature_timing.cpp:80] node dpath/a_lt_b/n27:485446 resistance 11.984 cap 0.000434435 slew 0.01901 delay 0.0110319 power 3.51892e-06
I0212 16:31:05.757062 3304540 lm_feature_timing.cpp:80] node dpath/CTS_1:484706 resistance 84.316 cap 0.000426078 slew 0.000853081 delay 0.737868 power 0.000138049
I0212 16:31:05.759406 3304465 lm_feature_timing.cpp:80] node dpath/a_lt_b/n18:830753 resistance 14.124 cap 0.00070576 slew 0.021423 delay 0.0153273 power 5.71666e-06
I0212 16:31:05.759379 3304571 lm_feature_timing.cpp:80] node dpath/a_reg/U13:A2 resistance 23.112 cap 0.000574604 slew 0.017149 delay 0.0188792 power 6.1915e-05
I0212 16:31:05.759400 3304527 lm_feature_timing.cpp:80] node dpath/a_mux/U27:ZN resistance 0 cap 0.000881394 slew 0.035942 delay 0 power 5.02641e-05
I0212 16:31:05.757728 3304475 lm_feature_timing.cpp:80] node dpath/a_reg_out[8]:798137 resistance 24.396 cap 0.00418777 slew 0.0475415 delay 0.156357 power 0.000297236
I0212 16:31:05.759508 3304526 lm_feature_timing.cpp:80] node dpath/a_reg/n8:410115 resistance 9.416 cap 0.000670482 slew 0.01695 delay 0.00722537 power 4.45076e-05
I0212 16:31:05.759511 3304540 lm_feature_timing.cpp:80] node dpath/CTS_1:484705 resistance 83.888 cap 0.000433909 slew 0.000853081 delay 0.737685 power 0.000140587
I0212 16:31:05.759528 3304571 lm_feature_timing.cpp:80] node dpath/a_mux_out[6]:402548 resistance 23.112 cap 0.000590657 slew 0.017149 delay 0.0188792 power 6.36448e-05
I0212 16:31:05.759545 3304527 lm_feature_timing.cpp:80] node dpath/a_mux/n13:730981 resistance 0 cap 0.000881394 slew 0.035942 delay 0 power 5.02641e-05
I0212 16:31:05.759563 3304475 lm_feature_timing.cpp:80] node dpath/a_reg_out[8]:1150097 resistance 24.396 cap 0.00417582 slew 0.0475415 delay 0.156357 power 0.000296388
I0212 16:31:05.759573 3304540 lm_feature_timing.cpp:80] node dpath/CTS_1:484706 resistance 84.316 cap 0.000426078 slew 0.000853081 delay 0.737868 power 0.000138049
I0212 16:31:05.757241 3304467 lm_feature_timing.cpp:125] build net dpath/a_lt_b/n9 feature 
I0212 16:31:05.759593 3304571 lm_feature_timing.cpp:80] node dpath/a_mux_out[6]:402545 resistance 21.828 cap 0.00060671 slew 0.017149 delay 0.0181208 power 6.53745e-05
I0212 16:31:05.758383 3304589 lm_feature_timing.cpp:80] node dpath/a_reg/n19:502282 resistance 15.408 cap 0.000769199 slew 1.62812e-05 delay 0.0134042 power 0
I0212 16:31:05.759625 3304475 lm_feature_timing.cpp:80] node dpath/a_reg_out[8]:797299 resistance 23.54 cap 0.00419971 slew 0.0475415 delay 0.152772 power 0.000298083
I0212 16:31:05.756253 3300491 lm_feature_timing.cpp:80] node dpath/a_lt_b/n4:386584 resistance 14.552 cap 0.000580429 slew 0.021374 delay 0.0106435 power 4.70148e-06
I0212 16:31:05.759639 3304579 lm_feature_timing.cpp:80] node dpath/a_reg_out[13]:508789 resistance 0.856 cap 0.005116 slew 0.03813 delay 0.0043793 power 0.000334789
I0212 16:31:05.757289 3304576 lm_feature_timing.cpp:80] node dpath/a_reg/n9:440276 resistance 0 cap 0.000728037 slew 0.016117 delay 0 power 5.00012e-05
I0212 16:31:05.759698 3300491 lm_feature_timing.cpp:80] node dpath/a_lt_b/n4:386583 resistance 14.124 cap 0.00058826 slew 0.021374 delay 0.0103951 power 4.76491e-06
I0212 16:31:05.756263 3304485 lm_feature_timing.cpp:80] node ctrl_a_mux_sel[0]:440120 resistance 56.496 cap 0.000543256 slew 0.0481361 delay 0.102567 power 1.75619e-05
I0212 16:31:05.759753 3300491 lm_feature_timing.cpp:80] node dpath/a_lt_b/n4:738543 resistance 14.124 cap 0.000624869 slew 0.021374 delay 0.0103951 power 5.06144e-06
I0212 16:31:05.757380 3304578 lm_feature_timing.cpp:80] node dpath/a_lt_b/n13:394177 resistance 14.552 cap 0.000593169 slew 0.031831 delay 0.0108282 power 1.89266e-05
I0212 16:31:05.759768 3304576 lm_feature_timing.cpp:80] node dpath/a_reg/out_reg_7_:D resistance 8.132 cap 0.000646206 slew 0.016117 delay 0.00525495 power 4.43811e-05
I0212 16:31:05.758504 3304506 lm_feature_timing.cpp:80] node dpath/a_lt_b/n35:838943 resistance 1.712 cap 0.0014612 slew 0.033561 delay 0.00252202 power 3.57653e-05
I0212 16:31:05.757436 3304548 lm_feature_timing.cpp:80] node dpath/a_mux/n10:445130 resistance 4.708 cap 0.000892554 slew 0.037124 delay 0.004405 power 5.09005e-05
I0212 16:31:05.758574 3304480 lm_feature_timing.cpp:80] node dpath/a_reg/n2:746707 resistance 8.988 cap 0.000650317 slew 0.016259 delay 0.00588519 power 3.00292e-05
I0212 16:31:05.759846 3304506 lm_feature_timing.cpp:80] node dpath/a_lt_b/n35:1190903 resistance 1.712 cap 0.00144926 slew 0.033561 delay 0.00252202 power 3.5473e-05
I0212 16:31:05.756017 3304486 lm_feature_timing.cpp:125] build net dpath/a_reg/n12 feature 
I0212 16:31:05.758550 3304545 lm_feature_timing.cpp:80] node dpath/a_reg_out[14]:483621 resistance 26.536 cap 0.000572685 slew 0.0404481 delay 0.0778574 power 5.32078e-05
I0212 16:31:05.759893 3304548 lm_feature_timing.cpp:80] node dpath/a_mux/n10:445141 resistance 9.416 cap 0.00083167 slew 0.037124 delay 0.0083205 power 4.74284e-05
I0212 16:31:05.757870 3304567 lm_feature_timing.cpp:80] node dpath/a_reg/out_reg_15_:D resistance 21.4 cap 0.000564376 slew 0.017676 delay 0.0165879 power 3.94949e-05
I0212 16:31:05.756074 3304561 lm_feature_timing.cpp:125] build net dpath/a_mux/n3 feature 
I0212 16:31:05.758641 3304585 lm_feature_timing.cpp:80] node ctrl/n1:783621 resistance 26.108 cap 0.000666161 slew 0.02561 delay 0.0236457 power 1.07918e-05
I0212 16:31:05.757572 3304503 lm_feature_timing.cpp:80] node dpath/a_reg/n1:837203 resistance 10.272 cap 0.000608478 slew 0.011477 delay 0.00670442 power 6.71632e-05
I0212 16:31:05.760001 3304567 lm_feature_timing.cpp:80] node dpath/a_reg/n17:822127 resistance 21.4 cap 0.000732539 slew 0.017676 delay 0.0165879 power 5.12629e-05
I0212 16:31:05.754320 3304539 lm_feature_timing.cpp:125] build net dpath/a_mux/n17 feature 
I0212 16:31:05.757916 3304562 lm_feature_timing.cpp:80] node dpath/a_reg/n10:470446 resistance 0 cap 0.000711592 slew 0.016096 delay 0 power 5.05068e-05
I0212 16:31:05.757661 3304531 lm_feature_timing.cpp:80] node dpath/a_reg/out_reg_11_:D resistance 35.096 cap 0.000564376 slew 0.019329 delay 0.0319474 power 3.46498e-05
I0212 16:31:05.756486 3304575 lm_feature_timing.cpp:125] build net dpath/a_mux_out[11] feature 
I0212 16:31:05.756170 3304525 lm_feature_timing.cpp:125] build net dpath/a_lt_b/n7 feature 
I0212 16:31:05.758694 3304492 lm_feature_timing.cpp:80] node ctrl_a_mux_sel[1]:439228 resistance 0 cap 0.000852066 slew 0.014695 delay 0 power 2.75449e-05
I0212 16:31:05.757728 3304471 lm_feature_timing.cpp:80] node dpath/a_lt_b/U17:B resistance 18.404 cap 0.000708961 slew 0.01385 delay 0.0158869 power 1.14852e-05
I0212 16:31:05.760174 3304492 lm_feature_timing.cpp:137] net ctrl_a_mux_sel[1] resistance 25.68 cap 0.000852066 slew 0.00204804 delay 0.00930918 power 2.23114e-08
I0212 16:31:05.756492 3304544 lm_feature_timing.cpp:80] node dpath/a_mux_out[15]:452567 resistance 8.132 cap 0.000853375 slew 0.016859 delay 0.00760827 power 9.80946e-05
I0212 16:31:05.760193 3304471 lm_feature_timing.cpp:80] node dpath/a_lt_b/n6:384843 resistance 14.98 cap 0.000745569 slew 0.01385 delay 0.0134594 power 1.20782e-05
I0212 16:31:05.758721 3304591 lm_feature_timing.cpp:80] node dpath/a_mux_out[7]:791381 resistance 25.252 cap 0.000635097 slew 0.017289 delay 0.0214141 power 7.13522e-05
I0212 16:31:05.758710 3304479 lm_feature_timing.cpp:80] node dpath/a_reg/out_reg_2_:D resistance 16.264 cap 0.000564376 slew 0.01709 delay 0.0118058 power 3.22313e-05
I0212 16:31:05.757786 3304469 lm_feature_timing.cpp:80] node dpath/a_lt_b/n25:486293 resistance 6.848 cap 0.000656458 slew 0.029156 delay 0.00449543 power 2.23038e-05
I0212 16:31:05.756539 3304559 lm_feature_timing.cpp:125] build net dpath/a_reg_out[4] feature 
I0212 16:31:05.760313 3304469 lm_feature_timing.cpp:137] net dpath/a_lt_b/n25 resistance 13.696 cap 0.000725955 slew 0.000344529 delay 0.00449543 power 1.99787e-08
I0212 16:31:05.758764 3304582 lm_feature_timing.cpp:80] node ctrl_a_reg_en_0_:1089727 resistance 280.34 cap 0.00096525 slew 0.0402399 delay 2.56006 power 7.81852e-06
I0212 16:31:05.760318 3304539 lm_feature_timing.cpp:80] node dpath/a_mux/n17:446031 resistance 6.848 cap 0.000610845 slew 0.034452 delay 0.00465898 power 4.94785e-06
I0212 16:31:05.758770 3304496 lm_feature_timing.cpp:80] node dpath/a_mux/n18:439292 resistance 1.284 cap 0.000625877 slew 0.018175 delay 0.000803626 power 4.04657e-05
I0212 16:31:05.757874 3304550 lm_feature_timing.cpp:80] node clk:754529 resistance 188.32 cap 0.00113977 slew 0.000546331 delay 0.651054 power 0.000369285
I0212 16:31:05.756542 3304547 lm_feature_timing.cpp:125] build net dpath/a_reg_out[15] feature 
I0212 16:31:05.757946 3304556 lm_feature_timing.cpp:80] node dpath/a_lt_b/U25:Z resistance 0 cap 0.000761231 slew 0.012461 delay 0 power 1.23319e-05
I0212 16:31:05.760414 3304575 lm_feature_timing.cpp:80] node dpath/a_mux_out[11]:477033 resistance 37.236 cap 0.000590266 slew 0.018599 delay 0.0354897 power 5.77157e-05
I0212 16:31:05.760442 3304525 lm_feature_timing.cpp:80] node dpath/a_lt_b/U16:A1 resistance 25.252 cap 0.000393715 slew 0.021289 delay 0.0388217 power 7.17546e-06
I0212 16:31:05.760460 3304496 lm_feature_timing.cpp:80] node dpath/a_mux/U2:ZN resistance 0 cap 0.00064193 slew 0.018175 delay 0 power 4.15036e-05
I0212 16:31:05.754343 3304509 lm_feature_timing.cpp:80] node dpath/b_reg/placeFE_OFC2_ctrl_b_reg_en_0:I resistance 3.424 cap 0.000597962 slew 0.027947 delay 0.00217277 power 1.51049e-05
I0212 16:31:05.758891 3304514 lm_feature_timing.cpp:80] node dpath/a_lt_b/U13:B1 resistance 13.268 cap 0.000662236 slew 0.017306 delay 0.010655 power 5.36411e-06
I0212 16:31:05.754343 3304566 lm_feature_timing.cpp:80] node dpath/a_lt_b/n12:394981 resistance 3.852 cap 0.00158935 slew 0.020683 delay 0.00612218 power 1.28737e-05
I0212 16:31:05.758117 3304472 lm_feature_timing.cpp:80] node dpath/a_lt_b/U4:I resistance 23.968 cap 0.000599444 slew 0.0393864 delay 0.121154 power 0
I0212 16:31:05.758919 3304529 lm_feature_timing.cpp:80] node dpath/a_mux/U19:ZN resistance 0 cap 0.00100904 slew 0.037386 delay 0 power 5.75433e-05
I0212 16:31:05.756754 3304500 lm_feature_timing.cpp:80] node dpath/a_mux/n14:395803 resistance 14.552 cap 0.000619067 slew 0.036474 delay 0.0112242 power 3.53041e-05
I0212 16:31:05.756621 3304543 lm_feature_timing.cpp:125] build net dpath/a_mux_out[14] feature 
I0212 16:31:05.760623 3304500 lm_feature_timing.cpp:80] node dpath/a_mux/n14:395806 resistance 15.836 cap 0.000603014 slew 0.036474 delay 0.0119985 power 3.43886e-05
I0212 16:31:05.757565 3304533 lm_feature_timing.cpp:80] node dpath/a_reg/out_reg_12_:D resistance 32.956 cap 0.000564376 slew 0.018996 delay 0.0291577 power 3.57135e-05
I0212 16:31:05.760643 3304529 lm_feature_timing.cpp:80] node dpath/a_mux/n9:432652 resistance 1.284 cap 0.000992984 slew 0.037386 delay 0.00127499 power 5.66278e-05
I0212 16:31:05.760651 3304500 lm_feature_timing.cpp:80] node dpath/a_mux/n14:399993 resistance 10.272 cap 0.000774115 slew 0.036474 delay 0.00838272 power 4.41462e-05
I0212 16:31:05.760649 3304472 lm_feature_timing.cpp:80] node dpath/a_reg_out[10]:484622 resistance 23.968 cap 0.000607275 slew 0.0393864 delay 0.121154 power 0
I0212 16:31:05.755009 3304523 lm_feature_timing.cpp:80] node dpath/a_lt_b/n19:829093 resistance 20.972 cap 0.000816021 slew 0.017501 delay 0.0179182 power 1.38279e-05
I0212 16:31:05.760691 3304547 lm_feature_timing.cpp:80] node dpath/a_reg_out[15]:802881 resistance 27.392 cap 0.000716612 slew 0.027745 delay 0.0468099 power 5.01484e-05
I0212 16:31:05.760711 3304533 lm_feature_timing.cpp:80] node dpath/a_reg/n14:859153 resistance 32.956 cap 0.000880537 slew 0.018996 delay 0.0291577 power 5.57202e-05
I0212 16:31:05.759009 3304570 lm_feature_timing.cpp:80] node dpath/a_mux_out[10]:477052 resistance 43.656 cap 0.000582435 slew 0.019133 delay 0.0441204 power 4.71772e-06
I0212 16:31:05.756137 3304483 lm_feature_timing.cpp:80] node dpath/b_mux/U2:B1 resistance 26.536 cap 0.000659839 slew 0.039044 delay 0.0558907 power 3.04689e-05
I0212 16:31:05.757649 3304512 lm_feature_timing.cpp:80] node dpath/a_mux_out[2]:736737 resistance 4.708 cap 0.000741985 slew 0.015615 delay 0.00356088 power 6.61914e-05
I0212 16:31:05.753404 3304546 lm_feature_timing.cpp:125] build net ctrl/n2 feature 
I0212 16:31:05.759053 3304528 lm_feature_timing.cpp:80] node dpath/a_mux/n8:380582 resistance 4.28 cap 0.000631792 slew 0.033624 delay 0.00270407 power 3.60298e-05
I0212 16:31:05.755378 3304564 lm_feature_timing.cpp:80] node dpath/a_lt_b/U24:A1 resistance 29.104 cap 0.000556996 slew 0.02546 delay 0.024659 power 2.24884e-05
I0212 16:31:05.760852 3304512 lm_feature_timing.cpp:80] node dpath/a_mux_out[2]:733385 resistance 1.284 cap 0.000778593 slew 0.015615 delay 0.00102033 power 6.94572e-05
I0212 16:31:05.756146 3304552 lm_feature_timing.cpp:80] node dpath/a_reg/U18:A2 resistance 20.116 cap 0.000574604 slew 0.016524 delay 0.0156 power 4.83714e-05
I0212 16:31:05.760877 3304543 lm_feature_timing.cpp:80] node dpath/a_mux_out[14]:475199 resistance 19.688 cap 0.000680883 slew 0.0173 delay 0.017208 power 7.51552e-05
I0212 16:31:05.758512 3304590 lm_feature_timing.cpp:80] node dpath/a_lt_b/n29:837307 resistance 9.844 cap 0.000794902 slew 0.020196 delay 0.00879243 power 6.43871e-06
I0212 16:31:05.760916 3304564 lm_feature_timing.cpp:80] node dpath/a_lt_b/n17:422667 resistance 29.104 cap 0.00057716 slew 0.02546 delay 0.024659 power 2.33025e-05
I0212 16:31:05.758525 3304551 lm_feature_timing.cpp:80] node ctrl/state_out[1]:424132 resistance 19.688 cap 0.00159106 slew 0.029421 delay 0.0519176 power 8.10135e-05
I0212 16:31:05.760951 3304552 lm_feature_timing.cpp:80] node dpath/a_mux_out[1]:386391 resistance 20.116 cap 0.000574604 slew 0.016524 delay 0.0156 power 4.83714e-05
I0212 16:31:05.756831 3304511 lm_feature_timing.cpp:80] node dpath/a_lt_b/n31:482829 resistance 9.416 cap 0.000964089 slew 0.048638 delay 0.0099645 power 2.38289e-05
I0212 16:31:05.760986 3304590 lm_feature_timing.cpp:80] node dpath/a_lt_b/U33:B resistance 15.836 cap 0.000672352 slew 0.020196 delay 0.0131883 power 5.44605e-06
I0212 16:31:05.760995 3304564 lm_feature_timing.cpp:80] node dpath/a_lt_b/n17:422663 resistance 27.392 cap 0.000597325 slew 0.02546 delay 0.0236709 power 2.41166e-05
I0212 16:31:05.758579 3304542 lm_feature_timing.cpp:80] node dpath/a_reg/n7:386649 resistance 0 cap 0.000686926 slew 0.015873 delay 0 power 4.40199e-05
I0212 16:31:05.761022 3304552 lm_feature_timing.cpp:80] node dpath/a_mux_out[1]:386391 resistance 20.116 cap 0.000574604 slew 0.016524 delay 0.0156 power 4.83714e-05
I0212 16:31:05.761044 3304590 lm_feature_timing.cpp:80] node dpath/a_lt_b/n29:842337 resistance 15.836 cap 0.000733627 slew 0.020196 delay 0.0131883 power 5.94238e-06
I0212 16:31:05.761049 3304511 lm_feature_timing.cpp:80] node dpath/a_lt_b/n31:834789 resistance 9.416 cap 0.00105825 slew 0.048638 delay 0.0099645 power 2.61563e-05
I0212 16:31:05.759200 3304484 lm_feature_timing.cpp:80] node ctrl/FE_OFN1_ctrl_b_mux_sel_0:439182 resistance 3.852 cap 0.000638682 slew 0.021054 delay 0.0024602 power 1.03466e-05
I0212 16:31:05.752931 3304507 lm_feature_timing.cpp:125] build net dpath/a_lt_b/n30 feature 
I0212 16:31:05.758118 3304588 lm_feature_timing.cpp:80] node ctrl/state_out[0]:781955 resistance 67.624 cap 0.00167486 slew 0.0498893 delay 0.2292 power 1.35663e-05
I0212 16:31:05.761113 3304552 lm_feature_timing.cpp:80] node dpath/a_mux_out[1]:738351 resistance 20.116 cap 0.000668768 slew 0.016524 delay 0.0156 power 5.62983e-05
I0212 16:31:05.758131 3304476 lm_feature_timing.cpp:80] node dpath/a_mux/n7:370639 resistance 15.408 cap 0.000631792 slew 0.036128 delay 0.0114644 power 3.60298e-05
I0212 16:31:05.761171 3304588 lm_feature_timing.cpp:80] node ctrl/state_out[0]:754301 resistance 39.376 cap 0.00194991 slew 0.0498893 delay 0.181889 power 1.57943e-05
I0212 16:31:05.758203 3304504 lm_feature_timing.cpp:80] node dpath/a_lt_b/n22:1185231 resistance 5.136 cap 0.000919096 slew 0.047613 delay 0.00499296 power 2.29623e-05
I0212 16:31:05.759270 3304558 lm_feature_timing.cpp:80] node dpath/a_reg_out[2]:735961 resistance 67.196 cap 0.000613014 slew 0.0429064 delay 0.239885 power 3.5009e-05
I0212 16:31:05.761219 3304476 lm_feature_timing.cpp:80] node dpath/a_mux/U15:ZN resistance 0 cap 0.000897838 slew 0.036128 delay 0 power 5.12018e-05
I0212 16:31:05.761232 3304588 lm_feature_timing.cpp:80] node ctrl/state_out[0]:781955 resistance 67.624 cap 0.00167486 slew 0.0498893 delay 0.2292 power 1.35663e-05
I0212 16:31:05.758234 3304541 lm_feature_timing.cpp:80] node dpath/a_reg_out[9]:1183581 resistance 28.248 cap 0.00269498 slew 0.0460204 delay 0.170477 power 0.000197474
I0212 16:31:05.761267 3304476 lm_feature_timing.cpp:80] node dpath/a_mux/n7:732643 resistance 0 cap 0.000897838 slew 0.036128 delay 0 power 5.12018e-05
I0212 16:31:05.759093 3304565 lm_feature_timing.cpp:80] node dpath/a_lt_b/n26:483778 resistance 0 cap 0.000774979 slew 0.022504 delay 0 power 2.28867e-05
I0212 16:31:05.759104 3304487 lm_feature_timing.cpp:80] node dpath/a_reg_out[1]:739225 resistance 55.212 cap 0.00056404 slew 0.0420913 delay 0.189743 power 3.07945e-05
I0212 16:31:05.755980 3304518 lm_feature_timing.cpp:125] build net dpath/a_mux_out[4] feature 
I0212 16:31:05.761322 3304565 lm_feature_timing.cpp:80] node dpath/a_lt_b/U30:B resistance 7.276 cap 0.000627763 slew 0.022504 delay 0.00510318 power 1.85391e-05
I0212 16:31:05.759115 3304481 lm_feature_timing.cpp:80] node dpath/a_lt_b/n10:746123 resistance 13.696 cap 0.000728037 slew 0.022374 delay 0.0183584 power 5.8971e-06
I0212 16:31:05.761329 3304507 lm_feature_timing.cpp:80] node dpath/a_lt_b/n30:844105 resistance 7.276 cap 0.00193809 slew 0.037595 delay 0.014267 power 4.82409e-05
I0212 16:31:05.761354 3304565 lm_feature_timing.cpp:80] node dpath/a_lt_b/n26:483765 resistance 7.276 cap 0.000701371 slew 0.022504 delay 0.00510318 power 2.07129e-05
I0212 16:31:05.757716 3304521 lm_feature_timing.cpp:80] node dpath/a_reg/U13:B1 resistance 36.38 cap 0.000659839 slew 0.0449412 delay 0.155265 power 4.38011e-05
I0212 16:31:05.761384 3304565 lm_feature_timing.cpp:80] node dpath/a_lt_b/n26:483778 resistance 0 cap 0.000774979 slew 0.022504 delay 0 power 2.28867e-05
I0212 16:31:05.755052 3304581 lm_feature_timing.cpp:125] build net dpath/a_mux/n1 feature 
I0212 16:31:05.761392 3304481 lm_feature_timing.cpp:80] node dpath/a_lt_b/n10:1098083 resistance 13.696 cap 0.000781089 slew 0.022374 delay 0.0183584 power 6.32682e-06
I0212 16:31:05.759337 3304555 lm_feature_timing.cpp:80] node dpath/a_lt_b/n32:486991 resistance 14.552 cap 0.000671643 slew 0.020978 delay 0.0165318 power 5.44031e-06
I0212 16:31:05.755064 3304535 lm_feature_timing.cpp:125] build net dpath/a_reg/n16 feature 
I0212 16:31:05.756626 3304482 lm_feature_timing.cpp:125] build net dpath/a_mux_out[3] feature 
I0212 16:31:05.761456 3304481 lm_feature_timing.cpp:80] node dpath/a_lt_b/n10:1098071 resistance 8.56 cap 0.000834142 slew 0.022374 delay 0.0143467 power 6.75655e-06
I0212 16:31:05.759009 3304501 lm_feature_timing.cpp:80] node ctrl/n4:423287 resistance 22.256 cap 0.000663233 slew 0.029179 delay 0.0198754 power 4.84075e-05
I0212 16:31:05.759410 3304569 lm_feature_timing.cpp:80] node dpath/a_mux/n2:446013 resistance 5.992 cap 0.000598903 slew 0.034079 delay 0.00392244 power 3.41542e-05
I0212 16:31:05.761477 3304521 lm_feature_timing.cpp:80] node dpath/a_reg_out[6]:755355 resistance 36.38 cap 0.00161458 slew 0.0449412 delay 0.155265 power 0.000107178
I0212 16:31:05.761512 3304481 lm_feature_timing.cpp:80] node dpath/a_lt_b/n10:1098083 resistance 13.696 cap 0.000781089 slew 0.022374 delay 0.0183584 power 6.32682e-06
I0212 16:31:05.759399 3304513 lm_feature_timing.cpp:80] node dpath/a_lt_b/n28:492058 resistance 5.136 cap 0.00065236 slew 0.015449 delay 0.00335052 power 9.34359e-06
I0212 16:31:05.759423 3304584 lm_feature_timing.cpp:80] node dpath/a_lt_b/n3:386421 resistance 4.28 cap 0.000761916 slew 0.018363 delay 0.00496461 power 6.17152e-06
I0212 16:31:05.755321 3304572 lm_feature_timing.cpp:125] build net dpath/a_reg/n11 feature 
I0212 16:31:05.761592 3304521 lm_feature_timing.cpp:80] node dpath/a_reg_out[6]:752841 resistance 33.812 cap 0.00164296 slew 0.0449412 delay 0.151119 power 0.000109062
I0212 16:31:05.761623 3304513 lm_feature_timing.cpp:80] node dpath/a_lt_b/n28:490390 resistance 0 cap 0.000705413 slew 0.015449 delay 0 power 1.01034e-05
I0212 16:31:05.759474 3304490 lm_feature_timing.cpp:80] node dpath/a_lt_b/U3:ZN resistance 0 cap 0.00123265 slew 0.01901 delay 0 power 9.98451e-06
I0212 16:31:05.761636 3304584 lm_feature_timing.cpp:80] node dpath/a_lt_b/n3:738381 resistance 4.28 cap 0.000754085 slew 0.018363 delay 0.00496461 power 6.10809e-06
I0212 16:31:05.756208 3304532 lm_feature_timing.cpp:125] build net dpath/a_reg/n5 feature 
I0212 16:31:05.761682 3304513 lm_feature_timing.cpp:80] node dpath/a_lt_b/n28:492058 resistance 5.136 cap 0.00065236 slew 0.015449 delay 0.00335052 power 9.34359e-06
I0212 16:31:05.757218 3304538 lm_feature_timing.cpp:80] node dpath/a_mux_out[13]:808791 resistance 3.424 cap 0.000910148 slew 0.016793 delay 0.00324169 power 9.63559e-05
I0212 16:31:05.761711 3304584 lm_feature_timing.cpp:80] node dpath/a_lt_b/n3:733353 resistance 9.416 cap 0.000701032 slew 0.018363 delay 0.00856511 power 5.67836e-06
I0212 16:31:05.757230 3304583 lm_feature_timing.cpp:80] node dpath/a_lt_b/n2:385593 resistance 5.992 cap 0.000586961 slew 0.023105 delay 0.00388423 power 9.50877e-06
I0212 16:31:05.761694 3304490 lm_feature_timing.cpp:80] node dpath/a_lt_b/n27:487102 resistance 0 cap 0.00123265 slew 0.01901 delay 0 power 9.98451e-06
I0212 16:31:05.759532 3304474 lm_feature_timing.cpp:80] node dpath/a_lt_b/U38:B resistance 20.544 cap 0.000615487 slew 0.045927 delay 0.0169087 power 1.47906e-05
I0212 16:31:05.759547 3304466 lm_feature_timing.cpp:80] node ctrl/state/n1:424061 resistance 16.692 cap 0.000652237 slew 0.014531 delay 0.0259137 power 5.28312e-06
I0212 16:31:05.757231 3304587 lm_feature_timing.cpp:80] node dpath/a_lt_b/U10:A1 resistance 30.816 cap 0.000625122 slew 0.042396 delay 0.0548335 power 3.71733e-05
I0212 16:31:05.759608 3304527 lm_feature_timing.cpp:80] node dpath/a_mux/n13:377347 resistance 2.568 cap 0.000824621 slew 0.035942 delay 0.00219052 power 4.70264e-05
I0212 16:31:05.761827 3304474 lm_feature_timing.cpp:80] node dpath/a_lt_b/n36:470223 resistance 20.544 cap 0.000643873 slew 0.045927 delay 0.0169087 power 1.54728e-05
I0212 16:31:05.757244 3304537 lm_feature_timing.cpp:80] node ctrl/next_state__0[1]:776041 resistance 19.688 cap 0.000561098 slew 0.030897 delay 0.0144182 power 2.85699e-05
I0212 16:31:05.759632 3304540 lm_feature_timing.cpp:80] node dpath/CTS_1:484705 resistance 83.888 cap 0.000433909 slew 0.000853081 delay 0.737685 power 0.000140587
I0212 16:31:05.755941 3304477 lm_feature_timing.cpp:125] build net dpath/a_reg_out[7] feature 
I0212 16:31:05.761883 3304587 lm_feature_timing.cpp:80] node dpath/a_reg_out[3]:384903 resistance 28.676 cap 0.000649398 slew 0.042396 delay 0.0534957 power 3.86169e-05
I0212 16:31:05.761898 3304474 lm_feature_timing.cpp:80] node dpath/a_lt_b/U37:ZN resistance 0 cap 0.00102503 slew 0.045927 delay 0 power 2.46322e-05
I0212 16:31:05.761914 3304537 lm_feature_timing.cpp:80] node ctrl/next_state__0[1]:778555 resistance 17.12 cap 0.000589485 slew 0.030897 delay 0.0129773 power 3.00153e-05
I0212 16:31:05.761924 3304540 lm_feature_timing.cpp:80] node dpath/CTS_1:836665 resistance 83.888 cap 0.000445851 slew 0.000853081 delay 0.737685 power 0.000144456
I0212 16:31:05.761869 3304572 lm_feature_timing.cpp:80] node dpath/a_reg/out_reg_9_:D resistance 14.98 cap 0.000564376 slew 0.01698 delay 0.0107196 power 4.13545e-05
I0212 16:31:05.761986 3304540 lm_feature_timing.cpp:80] node dpath/CTS_1:836663 resistance 83.032 cap 0.00696114 slew 0.000853081 delay 0.737304 power 0.00225541
I0212 16:31:05.758466 3304553 lm_feature_timing.cpp:80] node ctrl/n3:437551 resistance 3.424 cap 0.000619817 slew 0.015546 delay 0.0022476 power 1.50164e-05
I0212 16:31:05.756351 3304491 lm_feature_timing.cpp:80] node ctrl/n5:778589 resistance 35.524 cap 0.00088412 slew 0.021618 delay 0.0336459 power 7.16137e-06
I0212 16:31:05.759799 3304485 lm_feature_timing.cpp:80] node dpath/a_mux/U3:A2 resistance 50.504 cap 0.000596047 slew 0.0481361 delay 0.0993113 power 1.92685e-05
I0212 16:31:05.762053 3304572 lm_feature_timing.cpp:80] node dpath/a_reg/n11:837511 resistance 14.98 cap 0.000642095 slew 0.01698 delay 0.0107196 power 4.70494e-05
I0212 16:31:05.759840 3304576 lm_feature_timing.cpp:80] node dpath/a_reg/U12:Z resistance 0 cap 0.000728037 slew 0.016117 delay 0 power 5.00012e-05
I0212 16:31:05.759877 3304506 lm_feature_timing.cpp:80] node dpath/a_lt_b/n35:838105 resistance 0.856 cap 0.00147314 slew 0.033561 delay 0.00127123 power 3.60576e-05
I0212 16:31:05.762108 3304576 lm_feature_timing.cpp:80] node dpath/a_reg/n9:440276 resistance 0 cap 0.000728037 slew 0.016117 delay 0 power 5.00012e-05
I0212 16:31:05.759881 3304467 lm_feature_timing.cpp:80] node dpath/a_lt_b/n9:389131 resistance 15.408 cap 0.000719224 slew 0.031625 delay 0.0135469 power 1.16514e-05
