I0406 21:42:58.941550 2255133 lm_feature_timing.cpp:80] node dpath/a_mux/n16:439278 resistance 0 cap 0.000780143 slew 0.020149 delay 0 power 4.99588e-05
I0406 21:42:58.850629 2255142 lm_feature_timing.cpp:80] node dpath/a_lt_b/n19:477133 resistance 20.972 cap 0.000647858 slew 0.017501 delay 0.0179182 power 1.09783e-05
I0406 21:42:58.941576 2255133 lm_feature_timing.cpp:80] node dpath/a_mux/n16:434249 resistance 5.564 cap 0.000658375 slew 0.020149 delay 0.00398444 power 4.2161e-05
I0406 21:42:58.941594 2255142 lm_feature_timing.cpp:80] node dpath/a_lt_b/U26:ZN resistance 0 cap 0.00106562 slew 0.017501 delay 0 power 1.80576e-05
I0406 21:42:58.941623 2255142 lm_feature_timing.cpp:80] node dpath/a_lt_b/n19:460382 resistance 0 cap 0.00106562 slew 0.017501 delay 0 power 1.80576e-05
I0406 21:42:58.941648 2255142 lm_feature_timing.cpp:80] node dpath/a_lt_b/n19:460373 resistance 3.852 cap 0.0010249 slew 0.017501 delay 0.00394793 power 1.73676e-05
I0406 21:42:58.941679 2255142 lm_feature_timing.cpp:80] node dpath/a_lt_b/n19:460382 resistance 0 cap 0.00106562 slew 0.017501 delay 0 power 1.80576e-05
I0406 21:42:58.941704 2255142 lm_feature_timing.cpp:80] node dpath/a_lt_b/U27:C resistance 23.112 cap 0.000599307 slew 0.017501 delay 0.0192527 power 1.01556e-05
I0406 21:42:58.941727 2255142 lm_feature_timing.cpp:80] node dpath/a_lt_b/n19:477128 resistance 23.112 cap 0.000623582 slew 0.017501 delay 0.0192527 power 1.0567e-05
I0406 21:42:58.941751 2255142 lm_feature_timing.cpp:80] node dpath/a_lt_b/n19:460373 resistance 3.852 cap 0.0010249 slew 0.017501 delay 0.00394793 power 1.73676e-05
I0406 21:42:58.941776 2255142 lm_feature_timing.cpp:80] node dpath/a_lt_b/n19:812333 resistance 3.852 cap 0.000984183 slew 0.017501 delay 0.00394793 power 1.66775e-05
I0406 21:42:58.941790 2255142 lm_feature_timing.cpp:137] net dpath/a_lt_b/n19 resistance 46.224 cap 0.00106562 slew 0.00782784 delay 0.0192527 power 1.46266e-08
I0406 21:42:58.941810 2255142 lm_feature_timing.cpp:125] build net dpath/b_zero/n3 feature 
I0406 21:42:58.941836 2255177 lm_feature_timing.cpp:80] node dpath/b_reg/n9:422655 resistance 0 cap 0.00083336 slew 0.016665 delay 0 power 0.000108451
I0406 21:42:58.941970 2255177 lm_feature_timing.cpp:80] node dpath/b_reg/n9:774615 resistance 0 cap 0.00083336 slew 0.016665 delay 0 power 0.000108451
I0406 21:42:58.942152 2255177 lm_feature_timing.cpp:80] node dpath/b_reg/n9:1129097 resistance 5.992 cap 0.000748201 slew 0.016665 delay 0.00459449 power 9.73688e-05
I0406 21:42:58.942215 2255177 lm_feature_timing.cpp:80] node dpath/b_reg/n9:1128251 resistance 1.712 cap 0.000793032 slew 0.016665 delay 0.00139219 power 0.000103203
I0406 21:42:58.942468 2255177 lm_feature_timing.cpp:137] net dpath/b_reg/n9 resistance 25.68 cap 0.00083336 slew 0.00204155 delay 0.00893526 power 8.78454e-08
I0406 21:42:58.942498 2255177 lm_feature_timing.cpp:125] build net dpath/b_zero/n4 feature 
I0406 21:42:58.942610 2255177 lm_feature_timing.cpp:80] node dpath/b_zero/n4:785403 resistance 23.112 cap 0.000951918 slew 0.016176 delay 0.0273194 power 3.08421e-05
I0406 21:42:58.942641 2255177 lm_feature_timing.cpp:80] node dpath/b_zero/n4:1137363 resistance 23.112 cap 0.0010543 slew 0.016176 delay 0.0273194 power 3.41594e-05
I0406 21:42:58.942669 2255177 lm_feature_timing.cpp:80] node dpath/b_zero/n4:1137339 resistance 12.84 cap 0.00115669 slew 0.016176 delay 0.0164896 power 3.74767e-05
I0406 21:42:58.942698 2255177 lm_feature_timing.cpp:80] node dpath/b_zero/n4:1137363 resistance 23.112 cap 0.0010543 slew 0.016176 delay 0.0273194 power 3.41594e-05
I0406 21:42:58.942725 2255177 lm_feature_timing.cpp:80] node dpath/b_zero/n4:445151 resistance 0.856 cap 0.00140629 slew 0.016176 delay 0.00120379 power 4.55639e-05
I0406 21:42:58.942752 2255177 lm_feature_timing.cpp:80] node dpath/b_zero/n4:797111 resistance 0.856 cap 0.00139435 slew 0.016176 delay 0.00120379 power 4.51769e-05
I0406 21:42:58.942780 2255177 lm_feature_timing.cpp:80] node dpath/b_zero/n4:445149 resistance 0 cap 0.00141823 slew 0.016176 delay 0 power 4.59508e-05
I0406 21:42:58.942807 2255177 lm_feature_timing.cpp:80] node dpath/b_zero/n4:445151 resistance 0.856 cap 0.00140629 slew 0.016176 delay 0.00120379 power 4.55639e-05
I0406 21:42:58.942834 2255177 lm_feature_timing.cpp:80] node dpath/b_zero/n4:785379 resistance 12.84 cap 0.00127552 slew 0.016176 delay 0.0164896 power 4.13268e-05
I0406 21:42:58.929684 2255151 lm_feature_timing.cpp:80] node dpath/a_reg_out[5]:388367 resistance 2.14 cap 0.00560555 slew 0.0410001 delay 0.0119959 power 0.000357491
I0406 21:42:58.917495 2255130 lm_feature_timing.cpp:80] node dpath/b_mux_out[4]:386540 resistance 0 cap 0.000910148 slew 0.017183 delay 0 power 0.000109981
I0406 21:42:58.942866 2255177 lm_feature_timing.cpp:80] node dpath/b_zero/n4:797111 resistance 0.856 cap 0.00139435 slew 0.016176 delay 0.00120379 power 4.51769e-05
I0406 21:42:58.942878 2255151 lm_feature_timing.cpp:80] node dpath/a_reg_out[5]:740327 resistance 2.14 cap 0.00558128 slew 0.0410001 delay 0.0119959 power 0.000355943
I0406 21:42:58.942889 2255130 lm_feature_timing.cpp:80] node dpath/b_mux_out[4]:386539 resistance 0.428 cap 0.000902316 slew 0.017183 delay 0.000386191 power 0.000109035
I0406 21:42:58.942894 2255177 lm_feature_timing.cpp:80] node dpath/b_zero/n4:782051 resistance 26.536 cap 0.00091531 slew 0.016176 delay 0.0304534 power 2.9656e-05
I0406 21:42:58.942909 2255151 lm_feature_timing.cpp:80] node dpath/a_reg_out[5]:736137 resistance 6.42 cap 0.00553645 slew 0.0410001 delay 0.0356919 power 0.000353084
I0406 21:42:58.843729 2255125 lm_feature_timing.cpp:80] node dpath/b_mux/U13:Z resistance 0 cap 0.000705376 slew 0.015792 delay 0 power 9.59044e-05
I0406 21:42:58.942926 2255177 lm_feature_timing.cpp:80] node dpath/b_zero/n4:785403 resistance 23.112 cap 0.000951918 slew 0.016176 delay 0.0273194 power 3.08421e-05
I0406 21:42:58.942939 2255151 lm_feature_timing.cpp:80] node dpath/a_reg_out[5]:740327 resistance 2.14 cap 0.00558128 slew 0.0410001 delay 0.0119959 power 0.000355943
I0406 21:42:58.942957 2255125 lm_feature_timing.cpp:80] node dpath/b_mux_out[11]:464440 resistance 0 cap 0.000705376 slew 0.015792 delay 0 power 9.59044e-05
I0406 21:42:58.942970 2255151 lm_feature_timing.cpp:80] node dpath/a_reg/out_reg_5_:Q resistance 0 cap 0.00562983 slew 0.041 delay 0 power 0.000359039
I0406 21:42:58.930804 2255057 lm_feature_timing.cpp:80] node ctrl/U16:ZN resistance 0 cap 0.000933251 slew 0.030897 delay 0 power 8.52084e-05
I0406 21:42:58.942988 2255125 lm_feature_timing.cpp:80] node dpath/b_mux_out[11]:462775 resistance 6.42 cap 0.00063999 slew 0.015792 delay 0.00410874 power 8.70144e-05
I0406 21:42:58.942997 2255151 lm_feature_timing.cpp:80] node dpath/a_reg_out[5]:388372 resistance 0 cap 0.00562983 slew 0.041 delay 0 power 0.000359039
I0406 21:42:58.943009 2255057 lm_feature_timing.cpp:80] node ctrl/next_state__0[1]:777755 resistance 0 cap 0.000933251 slew 0.030897 delay 0 power 8.52084e-05
I0406 21:42:58.943027 2255151 lm_feature_timing.cpp:80] node dpath/a_reg_out[5]:388367 resistance 2.14 cap 0.00560555 slew 0.0410001 delay 0.0119959 power 0.000357491
I0406 21:42:58.851693 2255099 lm_feature_timing.cpp:80] node dpath/a_lt_b/n22:1185231 resistance 5.136 cap 0.000919096 slew 0.047613 delay 0.00499296 power 2.29623e-05
I0406 21:42:58.929885 2255210 lm_feature_timing.cpp:80] node dpath/a_lt_b/n30:1196003 resistance 33.812 cap 0.00162643 slew 0.0375951 delay 0.0574258 power 3.43982e-05
I0406 21:42:58.930843 2255182 lm_feature_timing.cpp:80] node dpath/a_reg_out[10]:1170091 resistance 48.364 cap 0.000830158 slew 0.0393865 delay 0.212611 power 0
I0406 21:42:58.943068 2255099 lm_feature_timing.cpp:80] node dpath/a_lt_b/n22:828243 resistance 0 cap 0.0010252 slew 0.047613 delay 0 power 2.56132e-05
I0406 21:42:58.943084 2255210 lm_feature_timing.cpp:80] node dpath/a_lt_b/n30:487117 resistance 2.14 cap 0.00201541 slew 0.037595 delay 0.00431299 power 4.26251e-05
I0406 21:42:58.943092 2255099 lm_feature_timing.cpp:80] node dpath/a_lt_b/n22:833271 resistance 5.136 cap 0.000972149 slew 0.047613 delay 0.00499296 power 2.42877e-05
I0406 21:42:58.929939 2255140 lm_feature_timing.cpp:80] node dpath/a_reg_out[0]:745103 resistance 26.536 cap 0.000688225 slew 0.039044 delay 0.0558907 power 3.15961e-05
I0406 21:42:58.943120 2255099 lm_feature_timing.cpp:80] node dpath/a_lt_b/U28:B2 resistance 20.544 cap 0.000600779 slew 0.047613 delay 0.0167785 power 1.50096e-05
I0406 21:42:58.929965 2255100 lm_feature_timing.cpp:80] node ctrl/n5:400649 resistance 6.42 cap 0.00123278 slew 0.021618 delay 0.00791444 power 0.000109752
I0406 21:42:58.930809 2255082 lm_feature_timing.cpp:137] net dpath/a_mux/n11 resistance 14.552 cap 0.000734177 slew 0.000361244 delay 0.0048063 power 3.36388e-08
I0406 21:42:58.929991 2255070 lm_feature_timing.cpp:80] node dpath/a_lt_b/n4:738543 resistance 14.124 cap 0.000624869 slew 0.021374 delay 0.0103951 power 5.06144e-06
I0406 21:42:58.929912 2255076 lm_feature_timing.cpp:80] node dpath/b_mux/U9:Z resistance 0 cap 0.000656043 slew 0.015518 delay 0 power 8.15385e-05
I0406 21:42:58.930016 2255115 lm_feature_timing.cpp:80] node dpath/a_reg_out[1]:739225 resistance 55.212 cap 0.00056404 slew 0.0420913 delay 0.189743 power 3.06208e-05
I0406 21:42:58.930073 2255199 lm_feature_timing.cpp:80] node dpath/CTS_1:484706 resistance 84.316 cap 0.000426078 slew 0.000853081 delay 0.737868 power 0.000138049
I0406 21:42:58.930101 2255183 lm_feature_timing.cpp:80] node dpath/b_reg_out[0]:760209 resistance 24.824 cap 0.000659839 slew 0.0405594 delay 0.127845 power 8.21643e-05
I0406 21:42:58.930127 2255117 lm_feature_timing.cpp:80] node dpath/b_reg/U10:Z resistance 0 cap 0.000956692 slew 0.017358 delay 0 power 0.000125051
I0406 21:42:58.930152 2255102 lm_feature_timing.cpp:80] node dpath/a_mux/U28:B resistance 14.552 cap 0.000586961 slew 0.035942 delay 0.0106487 power 3.3202e-05
I0406 21:42:58.930178 2255196 lm_feature_timing.cpp:80] node dpath/a_lt_b/n31:843171 resistance 0 cap 0.00115242 slew 0.048638 delay 0 power 2.61508e-05
I0406 21:42:58.930204 2255131 lm_feature_timing.cpp:80] node dpath/b_mux_out[8]:440234 resistance 0 cap 0.00116425 slew 0.018669 delay 0 power 0.000146041
I0406 21:42:58.930231 2255127 lm_feature_timing.cpp:80] node dpath/a_mux/FE_OFN5_n18:1149961 resistance 24.396 cap 0.00896485 slew 0.031761 delay 0.249501 power 0.000574091
I0406 21:42:58.930260 2255137 lm_feature_timing.cpp:80] node dpath/a_lt_b/U14:A1 resistance 3.852 cap 0.000393715 slew 0.018363 delay 0.00463851 power 3.18909e-06
I0406 21:42:58.930284 2255091 lm_feature_timing.cpp:80] node ctrl/n1:1133071 resistance 21.828 cap 0.000734876 slew 0.029815 delay 0.0207114 power 1.1905e-05
I0406 21:42:58.929724 2255212 lm_feature_timing.cpp:80] node dpath/a_mux_out[9]:825747 resistance 68.052 cap 0.000664265 slew 0.0222031 delay 0.090724 power 8.0325e-05
I0406 21:42:58.839561 2255158 lm_feature_timing.cpp:80] node dpath/a_lt_b/n12:740237 resistance 10.7 cap 0.000735271 slew 0.020683 delay 0.0111573 power 5.9557e-06
I0406 21:42:58.930996 2255192 lm_feature_timing.cpp:80] node dpath/a_lt_b/n37:823847 resistance 12.412 cap 0.00133242 slew 0.018123 delay 0.0171344 power 1.07926e-05
I0406 21:42:58.846343 2255069 lm_feature_timing.cpp:80] node dpath/a_mux_out[6]:402545 resistance 21.828 cap 0.00060671 slew 0.017149 delay 0.0181208 power 6.50007e-05
I0406 21:42:58.843796 2255136 lm_feature_timing.cpp:80] node dpath/a_mux_out[12]:829805 resistance 39.804 cap 0.000644101 slew 0.018929 delay 0.0387123 power 0.000105281
I0406 21:42:58.931085 2255178 lm_feature_timing.cpp:80] node dpath/b_mux_out[12]:470281 resistance 8.132 cap 0.000611213 slew 0.01617 delay 0.0053827 power 8.38698e-05
I0406 21:42:58.846359 2255120 lm_feature_timing.cpp:80] node dpath/a_mux_out[14]:456763 resistance 0.856 cap 0.00106204 slew 0.0173 delay 0.000909106 power 0.000183515
I0406 21:42:58.930420 2255094 lm_feature_timing.cpp:80] node dpath/b_reg_out[3]:748577 resistance 38.092 cap 0.000811655 slew 0.0411981 delay 0.0743595 power 0.000103757
I0406 21:42:58.930449 2255160 lm_feature_timing.cpp:80] node dpath/b_reg/n11:492226 resistance 34.24 cap 0.000600202 slew 0.019352 delay 0.0320208 power 7.87982e-05
I0406 21:42:58.930487 2255063 lm_feature_timing.cpp:80] node ctrl_a_mux_sel[1]:439228 resistance 0 cap 0.000852066 slew 0.014695 delay 0 power 2.72823e-05
I0406 21:42:58.930514 2255090 lm_feature_timing.cpp:80] node dpath/b_mux_out[13]:816337 resistance 2.996 cap 0.000926592 slew 0.017469 delay 0.00287343 power 0.000128237
I0406 21:42:58.930539 2255126 lm_feature_timing.cpp:80] node dpath/b_reg_out[10]:493847 resistance 0.428 cap 0.00538664 slew 0.039955 delay 0.00230548 power 0.000468698
I0406 21:42:58.930568 2255172 lm_feature_timing.cpp:80] node dpath/b_reg_out[11]:448567 resistance 57.78 cap 0.000599959 slew 0.0414827 delay 0.23513 power 8.15789e-05
I0406 21:42:58.930593 2255175 lm_feature_timing.cpp:80] node dpath/a_lt_b/n32:827213 resistance 0 cap 0.00164057 slew 0.020978 delay 0 power 1.32886e-05
I0406 21:42:58.930612 2255124 lm_feature_timing.cpp:125] build net dpath/b_reg_out[8] feature 
I0406 21:42:58.930639 2255092 lm_feature_timing.cpp:80] node dpath/a_mux_out[7]:787191 resistance 20.972 cap 0.000679928 slew 0.017289 delay 0.0186959 power 7.59699e-05
I0406 21:42:58.930665 2255109 lm_feature_timing.cpp:80] node dpath/b_mux/U8:Z resistance 0 cap 0.000876477 slew 0.016905 delay 0 power 0.000107929
I0406 21:42:58.930693 2255074 lm_feature_timing.cpp:80] node dpath/b_reg/U8:Z resistance 0 cap 0.00139247 slew 0.019979 delay 0 power 0.00012116
I0406 21:42:58.930725 2255081 lm_feature_timing.cpp:80] node dpath/a_reg_out[7]:1494443 resistance 45.796 cap 0.00106038 slew 0.0402571 delay 0.12516 power 7.24996e-05
I0406 21:42:58.929697 2255167 lm_feature_timing.cpp:80] node dpath/a_mux/n2:797971 resistance 5.136 cap 0.000663898 slew 0.034079 delay 0.00340978 power 3.7554e-05
I0406 21:42:58.846359 2255141 lm_feature_timing.cpp:80] node dpath/a_reg/n1:837203 resistance 10.272 cap 0.000608478 slew 0.011477 delay 0.00670442 power 0.000105142
I0406 21:42:58.846380 2255134 lm_feature_timing.cpp:80] node dpath/a_mux/n1:455920 resistance 11.556 cap 0.000594792 slew 0.035457 delay 0.00823599 power 3.36449e-05
I0406 21:42:58.846374 2255093 lm_feature_timing.cpp:80] node dpath/a_reg/n18:388325 resistance 83.888 cap 0.00706626 slew 0.0502105 delay 0.763224 power 5.72367e-05
I0406 21:42:58.846374 2255153 lm_feature_timing.cpp:80] node dpath/a_reg/n4:388995 resistance 0 cap 0.000891697 slew 0.01709 delay 0 power 5.06497e-05
I0406 21:42:58.846422 2255139 lm_feature_timing.cpp:125] build net dpath/b_reg_out[12] feature 
I0406 21:42:58.839751 2255138 lm_feature_timing.cpp:80] node dpath/a_reg/out_reg_15_:D resistance 21.4 cap 0.000564376 slew 0.017676 delay 0.0165879 power 5.71178e-05
I0406 21:42:58.846472 2255072 lm_feature_timing.cpp:80] node dpath/a_mux/n9:434342 resistance 8.988 cap 0.000818555 slew 0.037386 delay 0.0081452 power 4.63023e-05
I0406 21:42:58.846485 2255189 lm_feature_timing.cpp:80] node dpath/a_lt_b/n18:836619 resistance 8.132 cap 0.000767035 slew 0.021423 delay 0.0110984 power 6.21299e-06
I0406 21:42:58.846503 2255176 lm_feature_timing.cpp:80] node dpath/b_mux/n1:441917 resistance 0.856 cap 0.0171972 slew 0.0427522 delay 0.0147208 power 0.00167034
I0406 21:42:58.917212 2255116 lm_feature_timing.cpp:80] node dpath/b_reg_out[6]:754549 resistance 28.676 cap 0.00082438 slew 0.0373512 delay 0.0732992 power 0.000106809
I0406 21:42:58.846506 2255200 lm_feature_timing.cpp:80] node ctrl_b_mux_sel_0_:439398 resistance 151.084 cap 0.00106438 slew 0.0310884 delay 2.06795 power 0.000103382
I0406 21:42:58.843890 2255071 lm_feature_timing.cpp:80] node dpath/b_mux_out[1]:409049 resistance 14.98 cap 0.000598488 slew 0.017 delay 0.0111797 power 7.01708e-05
I0406 21:42:58.846534 2255105 lm_feature_timing.cpp:80] node dpath/a_reg/n14:477025 resistance 0.428 cap 0.00120453 slew 0.018996 delay 0.000515539 power 0.000113505
I0406 21:42:58.846540 2255168 lm_feature_timing.cpp:80] node dpath/a_lt_b/n2:731687 resistance 0 cap 0.000709511 slew 0.023105 delay 0 power 1.14941e-05
I0406 21:42:58.843958 2255098 lm_feature_timing.cpp:80] node dpath/a_reg/n11:829969 resistance 7.276 cap 0.000719815 slew 0.01698 delay 0.00577294 power 5.25226e-05
I0406 21:42:58.846549 2255088 lm_feature_timing.cpp:80] node dpath/a_lt_b/n15:425172 resistance 14.552 cap 0.00060194 slew 0.021785 delay 0.0126152 power 4.87571e-06
I0406 21:42:58.846561 2255119 lm_feature_timing.cpp:80] node dpath/a_mux_out[15]:796985 resistance 0.428 cap 0.00100881 slew 0.016859 delay 0.000435124 power 0.000178963
I0406 21:42:58.839870 2255058 lm_feature_timing.cpp:80] node dpath/a_lt_b/n10:386621 resistance 21.4 cap 0.000572598 slew 0.022374 delay 0.0233684 power 4.63804e-06
I0406 21:42:58.843997 2255061 lm_feature_timing.cpp:80] node dpath/b_reg/n2:776977 resistance 18.832 cap 0.000740761 slew 0.017303 delay 0.0141112 power 9.22408e-05
I0406 21:42:58.846586 2255186 lm_feature_timing.cpp:80] node dpath/b_reg/n13:464469 resistance 0.428 cap 0.00113875 slew 0.018543 delay 0.000487386 power 0.000154841
I0406 21:42:58.846603 2255095 lm_feature_timing.cpp:80] node ctrl/state/n1:776021 resistance 16.692 cap 0.00151375 slew 2.72699e-05 delay 0.0259137 power 1.22614e-05
I0406 21:42:58.846647 2255165 lm_feature_timing.cpp:80] node ctrl/state_out[0]:754301 resistance 39.376 cap 0.00194991 slew 0.0498893 delay 0.181889 power 0.000173597
I0406 21:42:58.846946 2255106 lm_feature_timing.cpp:80] node clk:1764839 resistance 2.568 cap 0.00613259 slew 0.000117663 delay 0.0158341 power 0.00198696
I0406 21:42:58.844204 2255198 lm_feature_timing.cpp:80] node ctrl_a_mux_sel[0]:792063 resistance 47.508 cap 0.00131863 slew 0.0481361 delay 0.095617 power 4.22211e-05
I0406 21:42:58.844255 2255085 lm_feature_timing.cpp:137] net dpath/a_reg/n10 resistance 14.552 cap 0.000711592 slew 0.000655989 delay 0.00464197 power 4.0733e-08
I0406 21:42:58.844255 2255060 lm_feature_timing.cpp:80] node dpath/a_reg/U14:Z resistance 0 cap 0.000686926 slew 0.015873 delay 0 power 4.38083e-05
I0406 21:42:58.839964 2255169 lm_feature_timing.cpp:80] node dpath/a_reg/n15:470249 resistance 0.428 cap 0.00181884 slew 0.022647 delay 0.000778465 power 0.000175679
I0406 21:42:58.847043 2255202 lm_feature_timing.cpp:80] node dpath/b_reg/out_reg_15_:D resistance 6.848 cap 0.000564376 slew 0.015991 delay 0.00434713 power 7.80789e-05
I0406 21:42:58.847051 2255163 lm_feature_timing.cpp:80] node dpath/b_reg/n14:819763 resistance 8.132 cap 0.00124603 slew 0.020042 delay 0.0107982 power 0.000170211
I0406 21:42:58.844169 2255211 lm_feature_timing.cpp:80] node dpath/b_reg/n1:776287 resistance 228.124 cap 0.000720695 slew 0.0414223 delay 1.73208 power 5.44405e-05
I0406 21:42:58.844295 2255155 lm_feature_timing.cpp:80] node dpath/a_mux_out[3]:379810 resistance 9.416 cap 0.000668768 slew 0.015352 delay 0.00629712 power 6.23991e-05
I0406 21:42:58.847061 2255073 lm_feature_timing.cpp:80] node dpath/b_reg/n8:768791 resistance 25.68 cap 0.000564376 slew 0.018037 delay 0.0209421 power 7.31221e-05
I0406 21:42:58.847043 2255118 lm_feature_timing.cpp:80] node dpath/b_reg/out_reg_3_:D resistance 10.7 cap 0.000564376 slew 0.016388 delay 0.00721337 power 7.21463e-05
I0406 21:42:58.847074 2255068 lm_feature_timing.cpp:80] node dpath/b_reg/n7:1114023 resistance 21.828 cap 0.000691428 slew 0.017663 delay 0.0170438 power 8.91859e-05
I0406 21:42:58.840288 2255149 lm_feature_timing.cpp:80] node dpath/a_lt_b/n23:486323 resistance 1.712 cap 0.000797725 slew 0.024902 delay 0.00136571 power 1.29231e-05
I0406 21:42:58.847088 2255170 lm_feature_timing.cpp:80] node dpath/a_lt_b/n8:386611 resistance 47.08 cap 0.000616441 slew 0.053906 delay 0.050494 power 9.93759e-06
I0406 21:42:58.847101 2255101 lm_feature_timing.cpp:80] node dpath/a_reg/n5:1451631 resistance 19.688 cap 0.00082964 slew 0.018395 delay 0.0178545 power 4.90795e-05
I0406 21:42:58.847113 2255111 lm_feature_timing.cpp:80] node dpath/b_reg/n6:756105 resistance 2.996 cap 0.00081848 slew 0.016914 delay 0.00254953 power 0.000105103
I0406 21:42:58.847126 2255065 lm_feature_timing.cpp:80] node dpath/a_reg/n3:388922 resistance 0 cap 0.00127814 slew 0.019387 delay 0 power 6.9388e-05
I0406 21:42:58.847150 2255135 lm_feature_timing.cpp:80] node ctrl/n3:786159 resistance 0 cap 0.000693034 slew 0.015546 delay 0 power 1.65767e-05
I0406 21:42:58.844372 2255195 lm_feature_timing.cpp:80] node dpath/a_reg_out[15]:1154831 resistance 23.112 cap 0.000806273 slew 0.027745 delay 0.0435509 power 8.1599e-05
I0406 21:42:58.847170 2255059 lm_feature_timing.cpp:80] node dpath/a_lt_b/n7:738445 resistance 23.54 cap 0.00133709 slew 0.021289 delay 0.0366016 power 2.43684e-05
I0406 21:42:58.914086 2255146 lm_feature_timing.cpp:80] node dpath/b_reg_out[4]:744381 resistance 36.808 cap 0.00287228 slew 0.0371373 delay 0.139016 power 0.000368836
I0406 21:42:58.847223 2255128 lm_feature_timing.cpp:80] node dpath/a_lt_b/n27:485446 resistance 11.984 cap 0.000434435 slew 0.01901 delay 0.0110319 power 3.51892e-06
I0406 21:42:58.847226 2255086 lm_feature_timing.cpp:80] node dpath/a_lt_b/placeFE_RC_0_0:B2 resistance 12.84 cap 0.000615161 slew 0.030248 delay 0.0129832 power 9.96561e-06
I0406 21:42:58.914140 2255087 lm_feature_timing.cpp:80] node dpath/a_lt_b/n5:387341 resistance 1.712 cap 0.000619471 slew 0.015064 delay 0.00106053 power 7.84018e-06
I0406 21:42:58.914149 2255205 lm_feature_timing.cpp:80] node dpath/a_lt_b/U30:B resistance 7.276 cap 0.000627763 slew 0.022504 delay 0.00510318 power 1.51673e-05
I0406 21:42:58.914160 2255201 lm_feature_timing.cpp:80] node dpath/a_reg_out[14]:833905 resistance 24.824 cap 0.00167496 slew 0.0404481 delay 0.0768424 power 0.000234027
I0406 21:42:58.840523 2255147 lm_feature_timing.cpp:80] node dpath/b_mux_out[0]:759355 resistance 14.124 cap 0.000783095 slew 0.017178 delay 0.0112442 power 8.85347e-05
I0406 21:42:58.847246 2255144 lm_feature_timing.cpp:80] node dpath/a_mux/n5:385523 resistance 9.844 cap 0.000586961 slew 0.035087 delay 0.00681233 power 3.3202e-05
I0406 21:42:58.837284 2255089 lm_feature_timing.cpp:80] node ctrl/n4:437541 resistance 4.28 cap 0.00107571 slew 0.029179 delay 0.00460406 power 7.83426e-05
I0406 21:42:58.844446 2255162 lm_feature_timing.cpp:80] node dpath/a_reg_out[11]:1167531 resistance 56.068 cap 0.000798833 slew 0.0394354 delay 0.205558 power 7.32682e-05
I0406 21:42:58.914551 2255204 lm_feature_timing.cpp:80] node dpath/a_reg/U17:A2 resistance 11.128 cap 0.000574604 slew 0.015615 delay 0.00766962 power 5.09055e-05
I0406 21:42:58.948405 2255204 lm_feature_timing.cpp:80] node dpath/a_mux_out[2]:386464 resistance 11.128 cap 0.00063999 slew 0.015615 delay 0.00766962 power 5.66982e-05
I0406 21:42:58.948444 2255204 lm_feature_timing.cpp:80] node dpath/a_mux/U18:ZN resistance 0 cap 0.0008107 slew 0.015615 delay 0 power 7.18218e-05
I0406 21:42:58.928560 2255121 lm_feature_timing.cpp:80] node dpath/a_mux_out[10]:477051 resistance 43.228 cap 0.000590266 slew 0.019133 delay 0.0438711 power 4.78116e-06
I0406 21:42:58.940313 2255113 lm_feature_timing.cpp:80] node dpath/a_reg_out[8]:829077 resistance 86.028 cap 0.000625738 slew 0.0475417 delay 0.302122 power 4.42204e-05
I0406 21:42:58.948477 2255204 lm_feature_timing.cpp:80] node dpath/a_mux_out[2]:381422 resistance 0 cap 0.0008107 slew 0.015615 delay 0 power 7.18218e-05
I0406 21:42:58.940327 2254685 lm_feature_timing.cpp:80] node dpath/b_reg/n3:409906 resistance 0 cap 0.00078481 slew 0.016325 delay 0 power 9.93698e-05
I0406 21:42:58.940356 2255207 lm_feature_timing.cpp:80] node dpath/a_lt_b/n33:485272 resistance 0 cap 0.000804078 slew 0.016585 delay 0 power 1.12199e-05
I0406 21:42:58.948510 2255204 lm_feature_timing.cpp:80] node dpath/a_mux_out[2]:386464 resistance 11.128 cap 0.00063999 slew 0.015615 delay 0.00766962 power 5.66982e-05
I0406 21:42:58.948521 2254685 lm_feature_timing.cpp:80] node dpath/b_reg/n3:409903 resistance 1.284 cap 0.000768756 slew 0.016325 delay 0.000987083 power 9.73372e-05
I0406 21:42:58.847486 2255066 lm_feature_timing.cpp:80] node dpath/a_reg/U6:A2 resistance 20.116 cap 0.000574604 slew 0.016793 delay 0.0156541 power 9.66288e-05
I0406 21:42:58.948544 2255204 lm_feature_timing.cpp:80] node dpath/a_mux_out[2]:384777 resistance 4.708 cap 0.000705376 slew 0.015615 delay 0.00356088 power 6.24909e-05
I0406 21:42:58.940966 2255110 lm_feature_timing.cpp:80] node dpath/a_reg_out[4]:727757 resistance 4.708 cap 0.00682642 slew 0.0490062 delay 0.0322515 power 0.000419633
I0406 21:42:58.948563 2255204 lm_feature_timing.cpp:137] net dpath/a_mux_out[2] resistance 22.256 cap 0.0008107 slew 0.0015589 delay 0.00766962 power 5.68994e-08
I0406 21:42:58.940999 2255097 lm_feature_timing.cpp:80] node dpath/a_mux_out[5]:733515 resistance 0.428 cap 0.00122102 slew 0.017957 delay 0.00052595 power 0.000125202
I0406 21:42:58.941030 2255179 lm_feature_timing.cpp:80] node dpath/a_lt_b/U15:Z resistance 0 cap 0.00104822 slew 0.01385 delay 0 power 1.69812e-05
I0406 21:42:58.915033 2255075 lm_feature_timing.cpp:80] node dpath/b_reg_out[1]:418305 resistance 0 cap 0.00485531 slew 0.036533 delay 0 power 0.000614761
I0406 21:42:58.948608 2255097 lm_feature_timing.cpp:80] node dpath/a_mux_out[5]:381554 resistance 0 cap 0.00123669 slew 0.017957 delay 0 power 0.000126808
I0406 21:42:58.948621 2255179 lm_feature_timing.cpp:80] node dpath/a_lt_b/n6:388218 resistance 0 cap 0.00104822 slew 0.01385 delay 0 power 1.69812e-05
I0406 21:42:58.948630 2255075 lm_feature_timing.cpp:80] node dpath/b_reg_out[1]:418307 resistance 0.856 cap 0.00484337 slew 0.036533 delay 0.00414592 power 0.000613249
I0406 21:42:58.948648 2255179 lm_feature_timing.cpp:80] node dpath/a_lt_b/n6:389033 resistance 10.7 cap 0.000941727 slew 0.01385 delay 0.0100765 power 1.5256e-05
I0406 21:42:58.941076 2255108 lm_feature_timing.cpp:80] node dpath/a_mux_out[4]:727649 resistance 16.264 cap 0.00120908 slew 0.019269 delay 0.0213456 power 0.000118409
I0406 21:42:58.948670 2255075 lm_feature_timing.cpp:80] node dpath/b_reg_out[1]:379707 resistance 64.2 cap 0.000604704 slew 0.0365333 delay 0.167967 power 7.65655e-05
I0406 21:42:58.948676 2255179 lm_feature_timing.cpp:80] node dpath/a_lt_b/n6:388218 resistance 0 cap 0.00104822 slew 0.01385 delay 0 power 1.69812e-05
I0406 21:42:58.941105 2255197 lm_feature_timing.cpp:125] build net dpath/b_reg_out[9] feature 
I0406 21:42:58.915288 2255067 lm_feature_timing.cpp:80] node dpath/b_reg_out[15]:476879 resistance 71.048 cap 0.000615106 slew 0.0432436 delay 0.251829 power 8.50972e-05
I0406 21:42:58.941143 2255174 lm_feature_timing.cpp:80] node dpath/a_mux/n15:434309 resistance 1.712 cap 0.000905278 slew 0.036668 delay 0.00158436 power 5.12079e-05
I0406 21:42:58.941154 2255185 lm_feature_timing.cpp:80] node dpath/a_reg_out[2]:735961 resistance 67.196 cap 0.000613014 slew 0.0429064 delay 0.239885 power 3.48201e-05
I0406 21:42:58.928844 2255161 lm_feature_timing.cpp:80] node dpath/a_lt_b/n21:462046 resistance 43.228 cap 0.000401546 slew 0.0440891 delay 0.081044 power 1.42076e-05
I0406 21:42:58.941169 2255154 lm_feature_timing.cpp:80] node dpath/a_lt_b/n9:389132 resistance 15.836 cap 0.000711393 slew 0.031625 delay 0.0138513 power 1.15246e-05
I0406 21:42:58.949982 2255185 lm_feature_timing.cpp:80] node dpath/a_reg_out[2]:738475 resistance 69.764 cap 0.000584628 slew 0.0429064 delay 0.241386 power 3.32077e-05
I0406 21:42:58.941174 2255180 lm_feature_timing.cpp:125] build net dpath/b_zero/n2 feature 
I0406 21:42:58.941315 2255064 lm_feature_timing.cpp:80] node dpath/b_zero/n1:411649 resistance 0 cap 0.00161503 slew 0.017815 delay 0 power 5.2327e-05
I0406 21:42:58.950007 2255154 lm_feature_timing.cpp:80] node dpath/a_lt_b/U10:ZN resistance 0 cap 0.00103754 slew 0.031625 delay 0 power 1.68082e-05
I0406 21:42:58.950026 2255064 lm_feature_timing.cpp:80] node dpath/b_zero/n1:411659 resistance 4.28 cap 0.0015702 slew 0.017815 delay 0.00672046 power 5.08745e-05
I0406 21:42:58.950037 2255154 lm_feature_timing.cpp:80] node dpath/a_lt_b/n9:739387 resistance 0 cap 0.00103754 slew 0.031625 delay 0 power 1.68082e-05
I0406 21:42:58.950050 2255064 lm_feature_timing.cpp:80] node dpath/b_zero/U5:A4 resistance 28.248 cap 0.00105749 slew 0.017815 delay 0.0376735 power 3.42627e-05
I0406 21:42:58.950057 2255197 lm_feature_timing.cpp:80] node dpath/sub/U24:I resistance 80.892 cap 0.000599444 slew 0.043787 delay 0.301554 power 7.86986e-05
I0406 21:42:58.941519 2255152 lm_feature_timing.cpp:80] node dpath/a_lt_b/n24:482965 resistance 6.848 cap 0.000743459 slew 0.019989 delay 0.00599333 power 0
I0406 21:42:58.950074 2255064 lm_feature_timing.cpp:80] node dpath/b_zero/n1:783723 resistance 28.248 cap 0.00129143 slew 0.017815 delay 0.0376735 power 4.18423e-05
I0406 21:42:58.950089 2255197 lm_feature_timing.cpp:80] node dpath/b_reg_out[9]:440253 resistance 80.892 cap 0.000611386 slew 0.043787 delay 0.301554 power 8.02665e-05
I0406 21:42:58.950093 2255180 lm_feature_timing.cpp:80] node dpath/b_zero/n2:434299 resistance 20.116 cap 0.00123075 slew 0.01787 delay 0.0287672 power 3.98764e-05
I0406 21:42:58.929136 2255206 lm_feature_timing.cpp:80] node dpath/a_mux/U34:B resistance 7.704 cap 0.000586961 slew 0.034452 delay 0.00517165 power 4.75438e-06
I0406 21:42:58.950112 2255197 lm_feature_timing.cpp:80] node dpath/b_reg_out[9]:440251 resistance 80.036 cap 0.000623328 slew 0.043787 delay 0.30103 power 8.18343e-05
I0406 21:42:58.950126 2255180 lm_feature_timing.cpp:80] node dpath/b_zero/n2:786259 resistance 20.116 cap 0.00136603 slew 0.01787 delay 0.0287672 power 4.42592e-05
I0406 21:42:58.950131 2255206 lm_feature_timing.cpp:80] node dpath/a_mux/n17:446029 resistance 7.704 cap 0.000598903 slew 0.034452 delay 0.00517165 power 4.85112e-06
I0406 21:42:58.950150 2255180 lm_feature_timing.cpp:80] node dpath/b_zero/U3:Z resistance 0 cap 0.00163207 slew 0.01787 delay 0 power 5.28791e-05
I0406 21:42:58.941911 2255142 lm_feature_timing.cpp:80] node dpath/b_zero/n3:432617 resistance 26.536 cap 0.000901793 slew 0.016811 delay 0.0309579 power 2.92181e-05
I0406 21:42:58.950173 2255206 lm_feature_timing.cpp:80] node dpath/a_mux/n17:792959 resistance 0 cap 0.00074984 slew 0.034452 delay 0 power 6.0737e-06
I0406 21:42:58.950187 2255142 lm_feature_timing.cpp:80] node dpath/b_zero/n3:784577 resistance 26.536 cap 0.00102062 slew 0.016811 delay 0.0309579 power 3.30682e-05
I0406 21:42:58.950201 2255206 lm_feature_timing.cpp:80] node dpath/a_mux/n17:797991 resistance 6.848 cap 0.000680342 slew 0.034452 delay 0.00465898 power 5.51077e-06
I0406 21:42:58.950212 2255142 lm_feature_timing.cpp:80] node dpath/b_zero/n3:432611 resistance 29.104 cap 0.000873406 slew 0.016811 delay 0.0332008 power 2.82984e-05
I0406 21:42:58.950241 2255142 lm_feature_timing.cpp:80] node dpath/b_zero/n3:432617 resistance 26.536 cap 0.000901793 slew 0.016811 delay 0.0309579 power 2.92181e-05
I0406 21:42:58.950263 2255142 lm_feature_timing.cpp:80] node dpath/b_zero/n3:796309 resistance 14.552 cap 0.00113945 slew 0.016811 delay 0.0187268 power 3.69183e-05
I0406 21:42:58.950285 2255142 lm_feature_timing.cpp:80] node dpath/b_zero/n3:1148269 resistance 14.552 cap 0.00124184 slew 0.016811 delay 0.0187268 power 4.02356e-05
I0406 21:42:58.950306 2255142 lm_feature_timing.cpp:80] node dpath/b_zero/n3:784577 resistance 26.536 cap 0.00102062 slew 0.016811 delay 0.0309579 power 3.30682e-05
I0406 21:42:58.950327 2255142 lm_feature_timing.cpp:80] node dpath/b_zero/n3:796309 resistance 14.552 cap 0.00113945 slew 0.016811 delay 0.0187268 power 3.69183e-05
I0406 21:42:58.950348 2255142 lm_feature_timing.cpp:80] node dpath/b_zero/n3:796333 resistance 4.28 cap 0.00135617 slew 0.016811 delay 0.00597063 power 4.39398e-05
I0406 21:42:58.950369 2255142 lm_feature_timing.cpp:80] node dpath/b_zero/n3:1148293 resistance 4.28 cap 0.00134422 slew 0.016811 delay 0.00597063 power 4.35529e-05
I0406 21:42:58.950390 2255142 lm_feature_timing.cpp:80] node dpath/b_zero/n3:1148269 resistance 14.552 cap 0.00124184 slew 0.016811 delay 0.0187268 power 4.02356e-05
I0406 21:42:58.950412 2255142 lm_feature_timing.cpp:80] node dpath/b_zero/n3:1148293 resistance 4.28 cap 0.00134422 slew 0.016811 delay 0.00597063 power 4.35529e-05
I0406 21:42:58.950435 2255142 lm_feature_timing.cpp:80] node dpath/b_zero/n3:445211 resistance 3.424 cap 0.00140472 slew 0.016811 delay 0.00480975 power 4.55128e-05
I0406 21:42:58.950456 2255142 lm_feature_timing.cpp:80] node dpath/b_zero/n3:797171 resistance 3.424 cap 0.00136811 slew 0.016811 delay 0.00480975 power 4.43267e-05
I0406 21:42:58.950476 2255142 lm_feature_timing.cpp:80] node dpath/b_zero/n3:796333 resistance 4.28 cap 0.00135617 slew 0.016811 delay 0.00597063 power 4.39398e-05
I0406 21:42:58.950497 2255142 lm_feature_timing.cpp:80] node dpath/b_zero/n3:797171 resistance 3.424 cap 0.00136811 slew 0.016811 delay 0.00480975 power 4.43267e-05
I0406 21:42:58.950520 2255142 lm_feature_timing.cpp:80] node dpath/b_zero/U2:Z resistance 0 cap 0.00144133 slew 0.016811 delay 0 power 4.6699e-05
I0406 21:42:58.950541 2255142 lm_feature_timing.cpp:80] node dpath/b_zero/n3:445219 resistance 0 cap 0.00144133 slew 0.016811 delay 0 power 4.6699e-05
I0406 21:42:58.950562 2255142 lm_feature_timing.cpp:80] node dpath/b_zero/n3:445211 resistance 3.424 cap 0.00140472 slew 0.016811 delay 0.00480975 power 4.55128e-05
I0406 21:42:58.950582 2255142 lm_feature_timing.cpp:80] node dpath/b_zero/n3:445219 resistance 0 cap 0.00144133 slew 0.016811 delay 0 power 4.6699e-05
I0406 21:42:58.950603 2255142 lm_feature_timing.cpp:80] node dpath/b_zero/U5:A2 resistance 29.104 cap 0.00084502 slew 0.016811 delay 0.0332008 power 2.73786e-05
I0406 21:42:58.950623 2255142 lm_feature_timing.cpp:80] node dpath/b_zero/n3:432611 resistance 29.104 cap 0.000873406 slew 0.016811 delay 0.0332008 power 2.82984e-05
I0406 21:42:58.950634 2255142 lm_feature_timing.cpp:137] net dpath/b_zero/n3 resistance 58.208 cap 0.00144133 slew 0.0183054 delay 0.0332008 power 3.77534e-08
I0406 21:42:58.950655 2255142 lm_feature_timing.cpp:125] build net dpath/sub/n16 feature 
I0406 21:42:58.950743 2255142 lm_feature_timing.cpp:80] node dpath/sub/U19:A resistance 17.12 cap 0.00201145 slew 0.02453 delay 0.037436 power 1.62927e-05
I0406 21:42:58.950771 2255142 lm_feature_timing.cpp:80] node dpath/sub/n16:725859 resistance 17.12 cap 0.00207272 slew 0.02453 delay 0.037436 power 1.67891e-05
I0406 21:42:58.950795 2255142 lm_feature_timing.cpp:80] node dpath/sub/n16:719993 resistance 11.128 cap 0.002134 slew 0.02453 delay 0.0250162 power 1.72854e-05
I0406 21:42:58.950819 2255142 lm_feature_timing.cpp:80] node dpath/sub/n16:725859 resistance 17.12 cap 0.00207272 slew 0.02453 delay 0.037436 power 1.67891e-05
I0406 21:42:58.950843 2255142 lm_feature_timing.cpp:80] node dpath/sub/n16:719993 resistance 11.128 cap 0.002134 slew 0.02453 delay 0.0250162 power 1.72854e-05
I0406 21:42:58.950866 2255142 lm_feature_timing.cpp:80] node dpath/sub/n16:1071953 resistance 11.128 cap 0.00221172 slew 0.02453 delay 0.0250162 power 1.79149e-05
I0406 21:42:58.950891 2255142 lm_feature_timing.cpp:80] node dpath/sub/n16:1071935 resistance 3.424 cap 0.00228944 slew 0.02453 delay 0.00797712 power 1.85445e-05
I0406 21:42:58.950914 2255142 lm_feature_timing.cpp:80] node dpath/sub/n16:1071953 resistance 11.128 cap 0.00221172 slew 0.02453 delay 0.0250162 power 1.79149e-05
I0406 21:42:58.950937 2255142 lm_feature_timing.cpp:80] node dpath/sub/n16:369691 resistance 1.712 cap 0.00234993 slew 0.02453 delay 0.00402308 power 1.90344e-05
I0406 21:42:58.950960 2255142 lm_feature_timing.cpp:80] node dpath/sub/n16:721651 resistance 1.712 cap 0.00232977 slew 0.02453 delay 0.00402308 power 1.88711e-05
I0406 21:42:58.950984 2255142 lm_feature_timing.cpp:80] node dpath/sub/n16:369687 resistance 0 cap 0.0023701 slew 0.02453 delay 0 power 1.91978e-05
I0406 21:42:58.951007 2255142 lm_feature_timing.cpp:80] node dpath/sub/n16:369691 resistance 1.712 cap 0.00234993 slew 0.02453 delay 0.00402308 power 1.90344e-05
I0406 21:42:58.951036 2255142 lm_feature_timing.cpp:80] node dpath/sub/n16:719975 resistance 3.424 cap 0.0023096 slew 0.02453 delay 0.00797712 power 1.87078e-05
I0406 21:42:58.951062 2255142 lm_feature_timing.cpp:80] node dpath/sub/n16:721651 resistance 1.712 cap 0.00232977 slew 0.02453 delay 0.00402308 power 1.88711e-05
I0406 21:42:58.951087 2255142 lm_feature_timing.cpp:80] node dpath/sub/U30:ZN resistance 0 cap 0.0023701 slew 0.02453 delay 0 power 1.91978e-05
I0406 21:42:58.951107 2255142 lm_feature_timing.cpp:80] node dpath/sub/n16:369687 resistance 0 cap 0.0023701 slew 0.02453 delay 0 power 1.91978e-05
I0406 21:42:58.951128 2255142 lm_feature_timing.cpp:80] node dpath/sub/n16:719975 resistance 3.424 cap 0.0023096 slew 0.02453 delay 0.00797712 power 1.87078e-05
I0406 21:42:58.951151 2255142 lm_feature_timing.cpp:80] node dpath/sub/n16:1071935 resistance 3.424 cap 0.00228944 slew 0.02453 delay 0.00797712 power 1.85445e-05
I0406 21:42:58.951164 2255142 lm_feature_timing.cpp:137] net dpath/sub/n16 resistance 34.24 cap 0.0023701 slew 0.0195199 delay 0.037436 power 1.55502e-08
I0406 21:42:58.951179 2255142 lm_feature_timing.cpp:125] build net dpath/sub/n17 feature 
I0406 21:42:58.951258 2255142 lm_feature_timing.cpp:80] node dpath/sub/U36:CI resistance 37.664 cap 0.00138207 slew 0.0248031 delay 0.065954 power 0.000430498
I0406 21:42:58.951284 2255142 lm_feature_timing.cpp:80] node dpath/sub/n17:836513 resistance 37.664 cap 0.00163245 slew 0.0248031 delay 0.065954 power 0.000508489
I0406 21:42:58.951311 2255142 lm_feature_timing.cpp:80] node dpath/sub/n17:811373 resistance 11.984 cap 0.00188284 slew 0.024803 delay 0.0240326 power 0.000586481
I0406 21:42:58.951335 2255142 lm_feature_timing.cpp:80] node dpath/sub/n17:836513 resistance 37.664 cap 0.00163245 slew 0.0248031 delay 0.065954 power 0.000508489
I0406 21:42:58.951359 2255142 lm_feature_timing.cpp:80] node dpath/sub/n17:810523 resistance 5.992 cap 0.00206666 slew 0.024803 delay 0.0123834 power 0.00064374
I0406 21:42:58.951387 2255142 lm_feature_timing.cpp:80] node dpath/sub/n17:1162483 resistance 5.992 cap 0.00200539 slew 0.024803 delay 0.0123834 power 0.000624654
I0406 21:42:58.951409 2255142 lm_feature_timing.cpp:80] node dpath/sub/n17:804657 resistance 0 cap 0.00212794 slew 0.024803 delay 0 power 0.000662827
I0406 21:42:58.951431 2255142 lm_feature_timing.cpp:80] node dpath/sub/n17:810523 resistance 5.992 cap 0.00206666 slew 0.024803 delay 0.0123834 power 0.00064374
I0406 21:42:58.951454 2255142 lm_feature_timing.cpp:80] node dpath/sub/U32:CO resistance 0 cap 0.00215182 slew 0.024803 delay 0 power 0.000670266
I0406 21:42:58.951476 2255142 lm_feature_timing.cpp:80] node dpath/sub/U32:CO resistance 0 cap 0.00215182 slew 0.024803 delay 0 power 0.000670266
I0406 21:42:58.951498 2255142 lm_feature_timing.cpp:80] node dpath/sub/n17:811373 resistance 11.984 cap 0.00188284 slew 0.024803 delay 0.0240326 power 0.000586481
I0406 21:42:58.951519 2255142 lm_feature_timing.cpp:80] node dpath/sub/n17:1163333 resistance 11.984 cap 0.00194411 slew 0.024803 delay 0.0240326 power 0.000605567
I0406 21:42:58.951539 2255142 lm_feature_timing.cpp:80] node dpath/sub/U32:CO resistance 0 cap 0.00215182 slew 0.024803 delay 0 power 0.000670266
I0406 21:42:58.951560 2255142 lm_feature_timing.cpp:80] node dpath/sub/n17:804657 resistance 0 cap 0.00212794 slew 0.024803 delay 0 power 0.000662827
I0406 21:42:58.951581 2255142 lm_feature_timing.cpp:80] node dpath/sub/n17:1163333 resistance 11.984 cap 0.00194411 slew 0.024803 delay 0.0240326 power 0.000605567
I0406 21:42:58.951603 2255142 lm_feature_timing.cpp:80] node dpath/sub/n17:1162483 resistance 5.992 cap 0.00200539 slew 0.024803 delay 0.0123834 power 0.000624654
I0406 21:42:58.951613 2255142 lm_feature_timing.cpp:137] net dpath/sub/n17 resistance 75.328 cap 0.00215182 slew 0.0425148 delay 0.065954 power 5.4069e-07
I0406 21:42:58.951629 2255142 lm_feature_timing.cpp:125] build net dpath/sub/n18 feature 
I0406 21:42:58.951704 2255142 lm_feature_timing.cpp:80] node dpath/sub/n18:490421 resistance 2.568 cap 0.00228238 slew 0.024076 delay 0.00586116 power 1.84873e-05
I0406 21:42:58.951727 2255142 lm_feature_timing.cpp:80] node dpath/sub/n18:842381 resistance 2.568 cap 0.002254 slew 0.024076 delay 0.00586116 power 1.82574e-05
I0406 21:42:58.951748 2255142 lm_feature_timing.cpp:80] node dpath/sub/n18:490415 resistance 0 cap 0.00231077 slew 0.024076 delay 0 power 1.87172e-05
I0406 21:42:58.951769 2255142 lm_feature_timing.cpp:80] node dpath/sub/n18:490421 resistance 2.568 cap 0.00228238 slew 0.024076 delay 0.00586116 power 1.84873e-05
I0406 21:42:58.951790 2255142 lm_feature_timing.cpp:80] node dpath/sub/n18:834839 resistance 10.272 cap 0.00217628 slew 0.024076 delay 0.0226272 power 1.76279e-05
I0406 21:42:58.951812 2255142 lm_feature_timing.cpp:80] node dpath/sub/n18:842381 resistance 2.568 cap 0.002254 slew 0.024076 delay 0.00586116 power 1.82574e-05
I0406 21:42:58.951833 2255142 lm_feature_timing.cpp:80] node dpath/sub/U37:ZN resistance 0 cap 0.00231077 slew 0.024076 delay 0 power 1.87172e-05
I0406 21:42:58.951853 2255142 lm_feature_timing.cpp:80] node dpath/sub/n18:490415 resistance 0 cap 0.00231077 slew 0.024076 delay 0 power 1.87172e-05
I0406 21:42:58.951874 2255142 lm_feature_timing.cpp:80] node dpath/sub/U36:A resistance 10.272 cap 0.00209856 slew 0.024076 delay 0.0226272 power 1.69983e-05
I0406 21:42:58.951893 2255142 lm_feature_timing.cpp:80] node dpath/sub/n18:834839 resistance 10.272 cap 0.00217628 slew 0.024076 delay 0.0226272 power 1.76279e-05
I0406 21:42:58.951903 2255142 lm_feature_timing.cpp:137] net dpath/sub/n18 resistance 20.544 cap 0.00231077 slew 0.00882549 delay 0.0226272 power 1.5161e-08
I0406 21:42:58.951918 2255142 lm_feature_timing.cpp:125] build net dpath/sub/n19 feature 
I0406 21:42:58.951994 2255142 lm_feature_timing.cpp:80] node dpath/sub/n19:806427 resistance 4.28 cap 0.0014634 slew 0.015164 delay 0.00645522 power 0.000276907
I0406 21:42:58.952016 2255142 lm_feature_timing.cpp:80] node dpath/sub/n19:1158387 resistance 4.28 cap 0.0014634 slew 0.015164 delay 0.00645522 power 0.000276907
I0406 21:42:58.952044 2255142 lm_feature_timing.cpp:80] node dpath/sub/n19:1158369 resistance 11.984 cap 0.00138568 slew 0.015164 delay 0.0171305 power 0.000262201
I0406 21:42:58.952064 2255142 lm_feature_timing.cpp:80] node dpath/sub/n19:1158387 resistance 4.28 cap 0.0014634 slew 0.015164 delay 0.00645522 power 0.000276907
I0406 21:42:58.952085 2255142 lm_feature_timing.cpp:80] node dpath/sub/n19:454467 resistance 4.28 cap 0.00150823 slew 0.015164 delay 0.00645522 power 0.00028539
I0406 21:42:58.952106 2255142 lm_feature_timing.cpp:80] node dpath/sub/U13:CO resistance 0 cap 0.00155306 slew 0.015164 delay 0 power 0.000293873
I0406 21:42:58.952127 2255142 lm_feature_timing.cpp:80] node dpath/sub/U12:CI resistance 11.984 cap 0.00130796 slew 0.015164 delay 0.0171305 power 0.000247494
I0406 21:42:58.952148 2255142 lm_feature_timing.cpp:80] node dpath/sub/n19:806409 resistance 11.984 cap 0.00130796 slew 0.015164 delay 0.0171305 power 0.000247494
I0406 21:42:58.952169 2255142 lm_feature_timing.cpp:80] node dpath/sub/n19:806409 resistance 11.984 cap 0.00130796 slew 0.015164 delay 0.0171305 power 0.000247494
I0406 21:42:58.952189 2255142 lm_feature_timing.cpp:80] node dpath/sub/n19:1158369 resistance 11.984 cap 0.00138568 slew 0.015164 delay 0.0171305 power 0.000262201
I0406 21:42:58.952210 2255142 lm_feature_timing.cpp:80] node dpath/sub/n19:454467 resistance 4.28 cap 0.00150823 slew 0.015164 delay 0.00645522 power 0.00028539
I0406 21:42:58.952231 2255142 lm_feature_timing.cpp:80] node dpath/sub/n19:806427 resistance 4.28 cap 0.0014634 slew 0.015164 delay 0.00645522 power 0.000276907
I0406 21:42:58.952241 2255142 lm_feature_timing.cpp:137] net dpath/sub/n19 resistance 23.968 cap 0.00155306 slew 0.00746788 delay 0.0171305 power 2.38037e-07
I0406 21:42:58.952256 2255142 lm_feature_timing.cpp:125] build net dpath/sub/n20 feature 
I0406 21:42:58.952328 2255142 lm_feature_timing.cpp:80] node dpath/sub/U12:B resistance 12.84 cap 0.00190425 slew 0.024344 delay 0.0260883 power 1.54244e-05
I0406 21:42:58.952350 2255142 lm_feature_timing.cpp:80] node dpath/sub/n20:808929 resistance 12.84 cap 0.00202308 slew 0.024344 delay 0.0260883 power 1.63869e-05
I0406 21:42:58.952371 2255142 lm_feature_timing.cpp:80] node dpath/sub/n20:797197 resistance 0.856 cap 0.00214191 slew 0.024344 delay 0.0018437 power 1.73495e-05
I0406 21:42:58.952391 2255142 lm_feature_timing.cpp:80] node dpath/sub/n20:808929 resistance 12.84 cap 0.00202308 slew 0.024344 delay 0.0260883 power 1.63869e-05
I0406 21:42:58.952412 2255142 lm_feature_timing.cpp:80] node dpath/sub/U21:ZN resistance 0 cap 0.00216579 slew 0.024344 delay 0 power 1.75429e-05
I0406 21:42:58.952433 2255142 lm_feature_timing.cpp:80] node dpath/sub/n20:445239 resistance 0 cap 0.00216579 slew 0.024344 delay 0 power 1.75429e-05
I0406 21:42:58.952453 2255142 lm_feature_timing.cpp:80] node dpath/sub/n20:445237 resistance 0.856 cap 0.00215385 slew 0.024344 delay 0.0018437 power 1.74462e-05
I0406 21:42:58.952473 2255142 lm_feature_timing.cpp:80] node dpath/sub/n20:445239 resistance 0 cap 0.00216579 slew 0.024344 delay 0 power 1.75429e-05
I0406 21:42:58.952493 2255142 lm_feature_timing.cpp:80] node dpath/sub/n20:445237 resistance 0.856 cap 0.00215385 slew 0.024344 delay 0.0018437 power 1.74462e-05
I0406 21:42:58.952513 2255142 lm_feature_timing.cpp:80] node dpath/sub/n20:797197 resistance 0.856 cap 0.00214191 slew 0.024344 delay 0.0018437 power 1.73495e-05
I0406 21:42:58.952522 2255142 lm_feature_timing.cpp:137] net dpath/sub/n20 resistance 25.68 cap 0.00216579 slew 0.0112622 delay 0.0260883 power 1.42098e-08
I0406 21:42:58.952538 2255142 lm_feature_timing.cpp:125] build net dpath/sub/n21 feature 
I0406 21:42:58.952608 2255142 lm_feature_timing.cpp:80] node dpath/sub/U14:CI resistance 17.976 cap 0.00130796 slew 0.015835 delay 0.0266826 power 0.000208752
I0406 21:42:58.952630 2255142 lm_feature_timing.cpp:80] node dpath/sub/n21:799807 resistance 17.976 cap 0.00148434 slew 0.015835 delay 0.0266826 power 0.000236903
I0406 21:42:58.952652 2255142 lm_feature_timing.cpp:80] node dpath/sub/U15:CO resistance 0 cap 0.00166073 slew 0.015835 delay 0 power 0.000265054
I0406 21:42:58.952679 2255142 lm_feature_timing.cpp:80] node dpath/sub/n21:786389 resistance 0 cap 0.00166073 slew 0.015835 delay 0 power 0.000265054
I0406 21:42:58.952700 2255142 lm_feature_timing.cpp:80] node dpath/sub/n21:799807 resistance 17.976 cap 0.00148434 slew 0.015835 delay 0.0266826 power 0.000236903
I0406 21:42:58.952720 2255142 lm_feature_timing.cpp:80] node dpath/sub/n21:786389 resistance 0 cap 0.00166073 slew 0.015835 delay 0 power 0.000265054
I0406 21:42:58.952729 2255142 lm_feature_timing.cpp:137] net dpath/sub/n21 resistance 35.952 cap 0.00166073 slew 0.0151925 delay 0.0266826 power 2.14694e-07
I0406 21:42:58.952744 2255142 lm_feature_timing.cpp:125] build net dpath/sub/n22 feature 
I0406 21:42:58.952816 2255142 lm_feature_timing.cpp:80] node dpath/sub/n22:457071 resistance 0.856 cap 0.00217883 slew 0.023974 delay 0.00186508 power 1.76485e-05
I0406 21:42:58.952838 2255142 lm_feature_timing.cpp:80] node dpath/sub/n22:809031 resistance 0.856 cap 0.00216689 slew 0.023974 delay 0.00186508 power 1.75518e-05
I0406 21:42:58.952859 2255142 lm_feature_timing.cpp:80] node dpath/sub/n22:457069 resistance 0 cap 0.00219077 slew 0.023974 delay 0 power 1.77453e-05
I0406 21:42:58.952879 2255142 lm_feature_timing.cpp:80] node dpath/sub/n22:457071 resistance 0.856 cap 0.00217883 slew 0.023974 delay 0.00186508 power 1.76485e-05
I0406 21:42:58.952900 2255142 lm_feature_timing.cpp:80] node dpath/sub/n22:801489 resistance 8.56 cap 0.00208917 slew 0.023974 delay 0.01796 power 1.69223e-05
I0406 21:42:58.952921 2255142 lm_feature_timing.cpp:80] node dpath/sub/n22:809031 resistance 0.856 cap 0.00216689 slew 0.023974 delay 0.00186508 power 1.75518e-05
I0406 21:42:58.952942 2255142 lm_feature_timing.cpp:80] node dpath/sub/U44:ZN resistance 0 cap 0.00219077 slew 0.023974 delay 0 power 1.77453e-05
I0406 21:42:58.952962 2255142 lm_feature_timing.cpp:80] node dpath/sub/n22:457069 resistance 0 cap 0.00219077 slew 0.023974 delay 0 power 1.77453e-05
I0406 21:42:58.952982 2255142 lm_feature_timing.cpp:80] node dpath/sub/U14:A resistance 8.56 cap 0.00201145 slew 0.023974 delay 0.01796 power 1.62927e-05
I0406 21:42:58.953003 2255142 lm_feature_timing.cpp:80] node dpath/sub/n22:801489 resistance 8.56 cap 0.00208917 slew 0.023974 delay 0.01796 power 1.69223e-05
I0406 21:42:58.953012 2255142 lm_feature_timing.cpp:137] net dpath/sub/n22 resistance 17.12 cap 0.00219077 slew 0.00593996 delay 0.01796 power 1.43737e-08
I0406 21:42:58.953027 2255142 lm_feature_timing.cpp:125] build net dpath/sub/n23 feature 
I0406 21:42:58.953104 2255142 lm_feature_timing.cpp:80] node dpath/sub/U31:CI resistance 32.528 cap 0.00138207 slew 0.0171121 delay 0.0553547 power 0.000179637
I0406 21:42:58.953130 2255142 lm_feature_timing.cpp:80] node dpath/sub/n23:746177 resistance 32.528 cap 0.00155023 slew 0.0171121 delay 0.0553547 power 0.000201494
I0406 21:42:58.953153 2255142 lm_feature_timing.cpp:80] node dpath/sub/n23:729417 resistance 15.408 cap 0.0017184 slew 0.0171121 delay 0.0288147 power 0.000223352
I0406 21:42:58.953177 2255142 lm_feature_timing.cpp:80] node dpath/sub/n23:746177 resistance 32.528 cap 0.00155023 slew 0.0171121 delay 0.0553547 power 0.000201494
I0406 21:42:58.953202 2255142 lm_feature_timing.cpp:80] node dpath/sub/n23:729417 resistance 15.408 cap 0.0017184 slew 0.0171121 delay 0.0288147 power 0.000223352
I0406 21:42:58.953224 2255142 lm_feature_timing.cpp:80] node dpath/sub/n23:1081377 resistance 15.408 cap 0.00187011 slew 0.0171121 delay 0.0288147 power 0.000243072
I0406 21:42:58.953248 2255142 lm_feature_timing.cpp:80] node dpath/sub/n23:1081341 resistance 0 cap 0.00202183 slew 0.017112 delay 0 power 0.000262792
I0406 21:42:58.953271 2255142 lm_feature_timing.cpp:80] node dpath/sub/n23:1081377 resistance 15.408 cap 0.00187011 slew 0.0171121 delay 0.0288147 power 0.000243072
