I0313 15:30:58.081449 469590 lm_feature_timing.cpp:80] node dpath/b_reg/out_reg_8_:D resistance 19.26 cap 0.000637984 slew 0.017358 delay 0.0146638 power 8.3619e-05
I0313 15:30:58.081187 469528 lm_feature_timing.cpp:80] node dpath/a_reg/U16:A2 resistance 9.416 cap 0.000574604 slew 0.015352 delay 0.00629712 power 5.39672e-05
I0313 15:30:58.082332 469440 lm_feature_timing.cpp:80] node dpath/a_mux_out[1]:738351 resistance 20.116 cap 0.000668768 slew 0.016524 delay 0.0156 power 5.62983e-05
I0313 15:30:58.082909 469545 lm_feature_timing.cpp:80] node dpath/a_reg/n14:859153 resistance 32.956 cap 0.000880537 slew 0.018996 delay 0.0291577 power 5.57202e-05
I0313 15:30:58.082950 469590 lm_feature_timing.cpp:80] node dpath/b_reg/n10:464552 resistance 0 cap 0.000956692 slew 0.017358 delay 0 power 0.000125391
I0313 15:30:58.082454 469595 lm_feature_timing.cpp:80] node dpath/b_reg/U17:A2 resistance 15.836 cap 0.000574604 slew 0.017 delay 0.0116818 power 6.75397e-05
I0313 15:30:58.082954 469523 lm_feature_timing.cpp:80] node dpath/b_mux/n1:441917 resistance 0.856 cap 0.0171972 slew 0.0427522 delay 0.0147208 power 0.00167307
I0313 15:30:58.082579 469479 lm_feature_timing.cpp:80] node dpath/b_mux_out[13]:819689 resistance 6.42 cap 0.000889983 slew 0.017469 delay 0.00592073 power 0.000109435
I0313 15:30:58.079985 469532 lm_feature_timing.cpp:80] node dpath/a_reg_out[1]:387265 resistance 55.212 cap 0.000461654 slew 0.0420913 delay 0.189743 power 2.52046e-05
I0313 15:30:58.082623 469547 lm_feature_timing.cpp:80] node dpath/a_mux_out[9]:477977 resistance 72.332 cap 0.000574604 slew 0.0222031 delay 0.0933752 power 6.98368e-05
I0313 15:30:58.083057 469545 lm_feature_timing.cpp:80] node dpath/a_reg/n14:477025 resistance 0.428 cap 0.00120453 slew 0.018996 delay 0.000515539 power 7.62223e-05
I0313 15:30:58.078552 469459 lm_feature_timing.cpp:125] build net dpath/a_mux/n16 feature 
I0313 15:30:58.081585 469460 lm_feature_timing.cpp:80] node dpath/a_lt_b/n9:389131 resistance 15.408 cap 0.000719224 slew 0.031625 delay 0.0135469 power 1.16514e-05
I0313 15:30:58.078325 469541 lm_feature_timing.cpp:125] build net dpath/a_mux_out[7] feature 
I0313 15:30:58.082856 469535 lm_feature_timing.cpp:80] node dpath/a_lt_b/U27:B resistance 3.852 cap 0.000704849 slew 0.012461 delay 0.00275312 power 1.14186e-05
I0313 15:30:58.080076 469481 lm_feature_timing.cpp:80] node dpath/a_reg_out[9]:831621 resistance 28.248 cap 0.00270692 slew 0.0459835 delay 0.170477 power 0.000198349
I0313 15:30:58.082476 469565 lm_feature_timing.cpp:80] node dpath/b_mux_out[5]:409197 resistance 25.252 cap 0.000590266 slew 0.018108 delay 0.0211593 power 7.21803e-05
I0313 15:30:58.082331 469551 lm_feature_timing.cpp:80] node dpath/a_lt_b/n31:834789 resistance 9.416 cap 0.00105825 slew 0.048638 delay 0.0099645 power 2.61563e-05
I0313 15:30:58.078943 469557 lm_feature_timing.cpp:80] node dpath/a_mux_out[14]:475199 resistance 19.688 cap 0.000680883 slew 0.0173 delay 0.017208 power 7.51552e-05
I0313 15:30:58.081763 469485 lm_feature_timing.cpp:80] node dpath/a_mux/n4:789645 resistance 9.416 cap 0.000725955 slew 0.036398 delay 0.00774134 power 4.13997e-05
I0313 15:30:58.083263 469460 lm_feature_timing.cpp:80] node dpath/a_lt_b/n9:389132 resistance 15.836 cap 0.000711393 slew 0.031625 delay 0.0138513 power 1.15246e-05
I0313 15:30:58.083284 469535 lm_feature_timing.cpp:80] node dpath/a_lt_b/U25:Z resistance 0 cap 0.000761231 slew 0.012461 delay 0 power 1.23319e-05
I0313 15:30:58.080498 469445 lm_feature_timing.cpp:80] node dpath/b_reg/U7:A2 resistance 6.42 cap 0.000574604 slew 0.015792 delay 0.00410874 power 6.94929e-05
I0313 15:30:58.082774 469562 lm_feature_timing.cpp:80] node dpath/a_reg/out_reg_8_:D resistance 7.276 cap 0.000637984 slew 0.016096 delay 0.00464197 power 4.52823e-05
I0313 15:30:58.083333 469485 lm_feature_timing.cpp:80] node dpath/a_mux/n4:1141605 resistance 9.416 cap 0.000795452 slew 0.036398 delay 0.00774134 power 4.5363e-05
I0313 15:30:58.077528 469441 lm_feature_timing.cpp:125] build net dpath/a_mux_out[4] feature 
I0313 15:30:58.083355 469535 lm_feature_timing.cpp:80] node dpath/a_lt_b/n20:476276 resistance 0 cap 0.000761231 slew 0.012461 delay 0 power 1.23319e-05
I0313 15:30:58.083236 469475 lm_feature_timing.cpp:80] node dpath/a_lt_b/U38:A2 resistance 16.264 cap 0.000574839 slew 0.018123 delay 0.0195055 power 4.6562e-06
I0313 15:30:58.083372 469460 lm_feature_timing.cpp:80] node dpath/a_lt_b/n9:741929 resistance 14.552 cap 0.000743108 slew 0.031625 delay 0.012921 power 1.20384e-05
I0313 15:30:58.083390 469445 lm_feature_timing.cpp:80] node dpath/b_mux_out[11]:462775 resistance 6.42 cap 0.00063999 slew 0.015792 delay 0.00410874 power 7.74007e-05
I0313 15:30:58.078795 469517 lm_feature_timing.cpp:125] build net dpath/b_reg/n2 feature 
I0313 15:30:58.081800 469484 lm_feature_timing.cpp:80] node dpath/a_mux/n11:455982 resistance 7.276 cap 0.000660569 slew 0.034274 delay 0.0048063 power 3.76709e-05
I0313 15:30:58.083424 469535 lm_feature_timing.cpp:80] node dpath/a_lt_b/n20:475438 resistance 0.856 cap 0.000749289 slew 0.012461 delay 0.000641392 power 1.21385e-05
I0313 15:30:58.078871 469461 lm_feature_timing.cpp:125] build net dpath/a_lt_b/n18 feature 
I0313 15:30:58.081827 469442 lm_feature_timing.cpp:80] node dpath/a_lt_b/n1:381413 resistance 9.416 cap 0.000746613 slew 0.017306 delay 0.00795497 power 6.04757e-06
I0313 15:30:58.083473 469445 lm_feature_timing.cpp:80] node dpath/b_mux/U13:Z resistance 0 cap 0.000705376 slew 0.015792 delay 0 power 8.53085e-05
I0313 15:30:58.081836 469478 lm_feature_timing.cpp:80] node dpath/a_reg_out[3]:384903 resistance 28.676 cap 0.000649398 slew 0.042396 delay 0.0534957 power 3.86169e-05
I0313 15:30:58.083500 469484 lm_feature_timing.cpp:80] node dpath/a_mux/U23:ZN resistance 0 cap 0.000734177 slew 0.034274 delay 0 power 4.18686e-05
I0313 15:30:58.083545 469445 lm_feature_timing.cpp:80] node dpath/b_mux_out[11]:464440 resistance 0 cap 0.000705376 slew 0.015792 delay 0 power 8.53085e-05
I0313 15:30:58.081883 469553 lm_feature_timing.cpp:80] node ctrl/state_out[0]:440051 resistance 77.896 cap 0.000596981 slew 0.0498893 delay 0.236384 power 5.32431e-05
I0313 15:30:58.083550 469541 lm_feature_timing.cpp:80] node dpath/a_mux_out[7]:439421 resistance 25.252 cap 0.000590266 slew 0.017289 delay 0.0214141 power 6.63155e-05
I0313 15:30:58.079099 469530 lm_feature_timing.cpp:125] build net dpath/a_reg_out[15] feature 
I0313 15:30:58.083604 469517 lm_feature_timing.cpp:80] node dpath/b_reg/out_reg_0_:D resistance 18.832 cap 0.000564376 slew 0.017303 delay 0.0141112 power 7.04721e-05
I0313 15:30:58.081933 469470 lm_feature_timing.cpp:80] node dpath/b_reg/n14:819763 resistance 8.132 cap 0.00124603 slew 0.020042 delay 0.0107982 power 0.000160916
I0313 15:30:58.083622 469441 lm_feature_timing.cpp:80] node dpath/a_reg/U15:A2 resistance 44.94 cap 0.000574604 slew 0.019269 delay 0.0461849 power 5.66269e-05
I0313 15:30:58.080649 469524 lm_feature_timing.cpp:80] node dpath/b_reg/out_reg_13_:D resistance 30.816 cap 0.000564376 slew 0.018748 delay 0.0266279 power 7.319e-05
I0313 15:30:58.079144 469501 lm_feature_timing.cpp:125] build net dpath/b_mux_out[4] feature 
I0313 15:30:58.083693 469470 lm_feature_timing.cpp:80] node dpath/b_reg/n14:467784 resistance 0 cap 0.00140969 slew 0.020042 delay 0 power 0.000182052
I0313 15:30:58.083699 469441 lm_feature_timing.cpp:80] node dpath/a_mux_out[4]:372392 resistance 44.94 cap 0.000607101 slew 0.019269 delay 0.0461849 power 5.98296e-05
I0313 15:30:58.080735 469457 lm_feature_timing.cpp:80] node dpath/a_mux/placeFE_OFC3_ctrl_a_mux_sel_1:I resistance 12.84 cap 0.000597962 slew 0.014695 delay 0.00930918 power 1.93304e-05
I0313 15:30:58.077733 469571 lm_feature_timing.cpp:80] node ctrl/U16:A1 resistance 35.524 cap 0.000600847 slew 0.021618 delay 0.0336459 power 5.35879e-05
I0313 15:30:58.083750 469470 lm_feature_timing.cpp:80] node dpath/b_reg/n14:467803 resistance 8.132 cap 0.00132786 slew 0.020042 delay 0.0107982 power 0.000171484
I0313 15:30:58.079145 469488 lm_feature_timing.cpp:80] node dpath/a_lt_b/U29:ZN resistance 0 cap 0.000774979 slew 0.022504 delay 0 power 2.28867e-05
I0313 15:30:58.082057 469468 lm_feature_timing.cpp:80] node dpath/a_lt_b/placeFE_RC_0_0:A2 resistance 10.272 cap 0.000551359 slew 0.030248 delay 0.0107686 power 8.93202e-06
I0313 15:30:58.083792 469530 lm_feature_timing.cpp:80] node dpath/a_reg_out[15]:802881 resistance 27.392 cap 0.000716612 slew 0.027745 delay 0.0468099 power 5.01484e-05
I0313 15:30:58.083812 469457 lm_feature_timing.cpp:80] node ctrl_a_mux_sel[1]:439258 resistance 12.84 cap 0.000725014 slew 0.014695 delay 0.00930918 power 2.34377e-05
I0313 15:30:58.080894 469455 lm_feature_timing.cpp:80] node ctrl/next_state__0[1]:1130553 resistance 0.856 cap 0.000909366 slew 0.030897 delay 0.00078864 power 8.3172e-05
I0313 15:30:58.077695 469573 lm_feature_timing.cpp:125] build net dpath/b_reg/FE_OFN2_ctrl_b_reg_en_0 feature 
I0313 15:30:58.083859 469488 lm_feature_timing.cpp:80] node dpath/a_lt_b/n26:483778 resistance 0 cap 0.000774979 slew 0.022504 delay 0 power 2.28867e-05
I0313 15:30:58.083882 469457 lm_feature_timing.cpp:80] node ctrl_a_mux_sel[1]:439228 resistance 0 cap 0.000852066 slew 0.014695 delay 0 power 2.75449e-05
I0313 15:30:58.077862 469591 lm_feature_timing.cpp:125] build net dpath/b_mux_out[12] feature 
I0313 15:30:58.080857 469520 lm_feature_timing.cpp:80] node dpath/a_mux/U14:B resistance 4.28 cap 0.000586961 slew 0.033624 delay 0.00270407 power 3.34732e-05
I0313 15:30:58.077855 469593 lm_feature_timing.cpp:125] build net dpath/b_mux_out[10] feature 
I0313 15:30:58.083949 469488 lm_feature_timing.cpp:80] node dpath/a_lt_b/U30:B resistance 7.276 cap 0.000627763 slew 0.022504 delay 0.00510318 power 1.85391e-05
I0313 15:30:58.080806 469584 lm_feature_timing.cpp:80] node dpath/a_mux/n15:438517 resistance 13.696 cap 0.000660178 slew 0.036668 delay 0.0109773 power 3.76486e-05
I0313 15:30:58.080955 469509 lm_feature_timing.cpp:80] node dpath/a_lt_b/U37:B resistance 20.972 cap 0.000672352 slew 0.019827 delay 0.0184255 power 5.44605e-06
I0313 15:30:58.079396 469577 lm_feature_timing.cpp:125] build net dpath/a_reg_out[11] feature 
I0313 15:30:58.079555 469444 lm_feature_timing.cpp:125] build net dpath/a_reg/n11 feature 
I0313 15:30:58.082190 469516 lm_feature_timing.cpp:80] node dpath/a_reg/U14:A2 resistance 32.528 cap 0.000574604 slew 0.017957 delay 0.0293888 power 5.9273e-05
I0313 15:30:58.084107 469584 lm_feature_timing.cpp:80] node dpath/a_mux/n15:790477 resistance 13.696 cap 0.000705009 slew 0.036668 delay 0.0109773 power 4.02052e-05
I0313 15:30:58.078576 469563 lm_feature_timing.cpp:125] build net dpath/a_mux_out[0] feature 
I0313 15:30:58.084131 469509 lm_feature_timing.cpp:80] node dpath/a_lt_b/n34:838927 resistance 20.972 cap 0.000848737 slew 0.019827 delay 0.0184255 power 6.87477e-06
I0313 15:30:58.077860 469582 lm_feature_timing.cpp:125] build net dpath/b_reg/n17 feature 
I0313 15:30:58.081102 469548 lm_feature_timing.cpp:80] node dpath/a_reg_out[8]:798137 resistance 24.396 cap 0.00418777 slew 0.0475415 delay 0.156357 power 0.000297236
I0313 15:30:58.082276 469533 lm_feature_timing.cpp:80] node dpath/a_reg/out_reg_6_:D resistance 14.552 cap 0.000617429 slew 0.01695 delay 0.0103965 power 4.09859e-05
I0313 15:30:58.084208 469516 lm_feature_timing.cpp:80] node dpath/a_mux_out[5]:387470 resistance 32.528 cap 0.000598879 slew 0.017957 delay 0.0293888 power 6.17771e-05
I0313 15:30:58.084209 469591 lm_feature_timing.cpp:80] node dpath/b_mux_out[12]:467769 resistance 4.708 cap 0.000647821 slew 0.01617 delay 0.00328991 power 7.89583e-05
I0313 15:30:58.077898 469568 lm_feature_timing.cpp:125] build net ctrl/next_state__0[0] feature 
I0313 15:30:58.081187 469456 lm_feature_timing.cpp:80] node dpath/a_mux/n12:445861 resistance 5.136 cap 0.000610845 slew 0.034079 delay 0.00340978 power 3.48352e-05
I0313 15:30:58.084230 469509 lm_feature_timing.cpp:80] node dpath/a_lt_b/n34:821329 resistance 2.996 cap 0.00102512 slew 0.019827 delay 0.00316863 power 8.30349e-06
I0313 15:30:58.084300 469516 lm_feature_timing.cpp:80] node dpath/a_mux_out[5]:387465 resistance 30.388 cap 0.000623155 slew 0.017957 delay 0.0281072 power 6.42812e-05
I0313 15:30:58.084313 469591 lm_feature_timing.cpp:80] node dpath/b_mux_out[12]:819729 resistance 4.708 cap 0.00068443 slew 0.01617 delay 0.00328991 power 8.34203e-05
I0313 15:30:58.081230 469483 lm_feature_timing.cpp:80] node dpath/b_reg/out_reg_4_:D resistance 15.836 cap 0.000564376 slew 0.016914 delay 0.0114275 power 7.26737e-05
I0313 15:30:58.077916 469465 lm_feature_timing.cpp:80] node ctrl/n2:446763 resistance 8.56 cap 0.000710375 slew 0.023799 delay 0.00787645 power 5.75404e-06
I0313 15:30:58.079552 469583 lm_feature_timing.cpp:80] node dpath/a_reg/U11:A2 resistance 63.772 cap 0.000574604 slew 0.0212991 delay 0.0768456 power 6.71964e-05
I0313 15:30:58.081357 469585 lm_feature_timing.cpp:80] node dpath/a_lt_b/n30:1196065 resistance 7.276 cap 0.00188503 slew 0.037595 delay 0.014267 power 4.69204e-05
I0313 15:30:58.084357 469444 lm_feature_timing.cpp:80] node dpath/a_reg/out_reg_9_:D resistance 14.98 cap 0.000564376 slew 0.01698 delay 0.0107196 power 4.13545e-05
I0313 15:30:58.082404 469446 lm_feature_timing.cpp:80] node dpath/b_mux_out[14]:1166613 resistance 9.844 cap 0.000765869 slew 0.01702 delay 0.00785434 power 0.000122503
I0313 15:30:58.077919 469534 lm_feature_timing.cpp:80] node ctrl/n3:437551 resistance 3.424 cap 0.000619817 slew 0.015546 delay 0.0022476 power 1.50164e-05
I0313 15:30:58.077855 469452 lm_feature_timing.cpp:125] build net dpath/a_reg_out[13] feature 
I0313 15:30:58.084434 469573 lm_feature_timing.cpp:80] node dpath/b_reg/FE_OFN2_ctrl_b_reg_en_0:471249 resistance 130.54 cap 0.000682759 slew 0.0278504 delay 0.728667 power 5.17432e-05
I0313 15:30:58.078685 469566 lm_feature_timing.cpp:125] build net dpath/b_mux_out[3] feature 
I0313 15:30:58.081475 469518 lm_feature_timing.cpp:80] node dpath/a_lt_b/U30:A2 resistance 8.132 cap 0.00059384 slew 0.01901 delay 0.00935851 power 4.8101e-06
I0313 15:30:58.084476 469585 lm_feature_timing.cpp:80] node dpath/a_lt_b/n30:839077 resistance 2.14 cap 0.00199114 slew 0.037595 delay 0.00431299 power 4.95614e-05
I0313 15:30:58.084579 469568 lm_feature_timing.cpp:80] node ctrl/next_state__0[0]:786943 resistance 9.844 cap 0.000822643 slew 0.029224 delay 0.00884021 power 7.33692e-05
I0313 15:30:58.084440 469483 lm_feature_timing.cpp:80] node dpath/b_reg/n6:768675 resistance 15.836 cap 0.000691428 slew 0.016914 delay 0.0114275 power 8.9034e-05
I0313 15:30:58.081183 469473 lm_feature_timing.cpp:80] node ctrl/state/n1:424061 resistance 16.692 cap 0.000652237 slew 2.72699e-05 delay 0.0259137 power 5.28312e-06
I0313 15:30:58.081661 469493 lm_feature_timing.cpp:80] node dpath/b_reg/out_reg_10_:D resistance 41.944 cap 0.000564376 slew 0.019979 delay 0.0412172 power 4.92338e-05
I0313 15:30:58.079808 469552 lm_feature_timing.cpp:80] node dpath/b_reg/U11:A2 resistance 3.852 cap 0.000574604 slew 0.015518 delay 0.00237023 power 7.15858e-05
I0313 15:30:58.084679 469585 lm_feature_timing.cpp:80] node dpath/a_lt_b/n30:844105 resistance 7.276 cap 0.00193809 slew 0.037595 delay 0.014267 power 4.82409e-05
I0313 15:30:58.084697 469483 lm_feature_timing.cpp:80] node dpath/b_reg/n6:756105 resistance 2.996 cap 0.00081848 slew 0.016914 delay 0.00254953 power 0.000105394
I0313 15:30:58.082610 469510 lm_feature_timing.cpp:80] node dpath/a_reg/n1:831337 resistance 4.28 cap 0.000669753 slew 0.011477 delay 0.00305842 power 7.39267e-05
I0313 15:30:58.084733 469566 lm_feature_timing.cpp:80] node dpath/b_mux_out[3]:415025 resistance 11.556 cap 0.000647821 slew 0.016915 delay 0.0088151 power 7.77229e-05
I0313 15:30:58.081225 469471 lm_feature_timing.cpp:80] node dpath/b_reg/n4:759401 resistance 2.14 cap 0.000769147 slew 0.01652 delay 0.00169792 power 9.81437e-05
I0313 15:30:58.084759 469585 lm_feature_timing.cpp:80] node dpath/a_lt_b/n30:492077 resistance 36.38 cap 0.00133943 slew 0.0375951 delay 0.0608655 power 3.33398e-05
I0313 15:30:58.084770 469483 lm_feature_timing.cpp:80] node dpath/b_reg/n6:768675 resistance 15.836 cap 0.000691428 slew 0.016914 delay 0.0114275 power 8.9034e-05
I0313 15:30:58.079741 469587 lm_feature_timing.cpp:80] node dpath/a_reg/n5:1099671 resistance 19.688 cap 0.00071081 slew 0.018395 delay 0.0178545 power 4.22688e-05
I0313 15:30:58.084789 469452 lm_feature_timing.cpp:80] node dpath/a_reg_out[13]:508789 resistance 0.856 cap 0.005116 slew 0.03813 delay 0.0043793 power 0.000334789
I0313 15:30:58.078265 469506 lm_feature_timing.cpp:125] build net ctrl_a_reg_en_0_ feature 
I0313 15:30:58.084832 469471 lm_feature_timing.cpp:80] node dpath/b_reg/n4:407436 resistance 0 cap 0.000817698 slew 0.01652 delay 0 power 0.000104339
I0313 15:30:58.084848 469483 lm_feature_timing.cpp:80] node dpath/b_reg/U14:Z resistance 0 cap 0.000883475 slew 0.016914 delay 0 power 0.000113764
I0313 15:30:58.081348 469486 lm_feature_timing.cpp:80] node dpath/a_reg/out_reg_0_:D resistance 8.988 cap 0.000564376 slew 0.016259 delay 0.00588519 power 2.60608e-05
I0313 15:30:58.084882 469452 lm_feature_timing.cpp:80] node dpath/a_reg_out[13]:860749 resistance 0.856 cap 0.00510406 slew 0.03813 delay 0.0043793 power 0.000334007
I0313 15:30:58.082816 469500 lm_feature_timing.cpp:80] node dpath/a_mux/FE_OFN4_n16:1486855 resistance 38.948 cap 0.00728469 slew 0.0377047 delay 0.38083 power 0.000470987
I0313 15:30:58.084923 469483 lm_feature_timing.cpp:80] node dpath/b_reg/n6:404152 resistance 0 cap 0.000883475 slew 0.016914 delay 0 power 0.000113764
I0313 15:30:58.081965 469588 lm_feature_timing.cpp:80] node dpath/a_lt_b/n3:386421 resistance 4.28 cap 0.000761916 slew 0.018363 delay 0.00496461 power 6.17152e-06
I0313 15:30:58.082844 469482 lm_feature_timing.cpp:80] node dpath/a_lt_b/n13:394177 resistance 14.552 cap 0.000593169 slew 0.031831 delay 0.0108282 power 1.89266e-05
I0313 15:30:58.084971 469452 lm_feature_timing.cpp:80] node dpath/a_reg_out[13]:508787 resistance 0 cap 0.00512795 slew 0.03813 delay 0 power 0.00033557
I0313 15:30:58.084993 469483 lm_feature_timing.cpp:80] node dpath/b_reg/n6:404145 resistance 2.996 cap 0.000850978 slew 0.016914 delay 0.00254953 power 0.000109579
I0313 15:30:58.082846 469526 lm_feature_timing.cpp:80] node dpath/a_mux/n14:395803 resistance 14.552 cap 0.000619067 slew 0.036474 delay 0.0112242 power 3.53041e-05
I0313 15:30:58.079876 469536 lm_feature_timing.cpp:80] node dpath/a_mux_out[11]:828993 resistance 37.236 cap 0.000881761 slew 0.018599 delay 0.0354897 power 8.62178e-05
I0313 15:30:58.082170 469570 lm_feature_timing.cpp:80] node dpath/a_mux/U12:B resistance 9.844 cap 0.000586961 slew 0.035087 delay 0.00681233 power 3.34732e-05
I0313 15:30:58.085104 469483 lm_feature_timing.cpp:80] node dpath/b_reg/n6:404152 resistance 0 cap 0.000883475 slew 0.016914 delay 0 power 0.000113764
I0313 15:30:58.082191 469531 lm_feature_timing.cpp:80] node dpath/a_lt_b/U38:B resistance 20.544 cap 0.000615487 slew 0.045927 delay 0.0169087 power 1.47906e-05
I0313 15:30:58.085145 469536 lm_feature_timing.cpp:80] node dpath/a_mux_out[11]:799663 resistance 7.276 cap 0.00117326 slew 0.018599 delay 0.00907218 power 0.00011472
I0313 15:30:58.082240 469448 lm_feature_timing.cpp:80] node dpath/a_lt_b/n22:833271 resistance 5.136 cap 0.000972149 slew 0.047613 delay 0.00499296 power 2.42877e-05
I0313 15:30:58.082276 469580 lm_feature_timing.cpp:80] node dpath/a_lt_b/n5:386501 resistance 0 cap 0.000639636 slew 0.015064 delay 0 power 8.09539e-06
I0313 15:30:58.079708 469490 lm_feature_timing.cpp:125] build net dpath/a_reg_out[2] feature 
I0313 15:30:58.085214 469531 lm_feature_timing.cpp:80] node dpath/a_lt_b/n36:470223 resistance 20.544 cap 0.000643873 slew 0.045927 delay 0.0169087 power 1.54728e-05
I0313 15:30:58.078387 469496 lm_feature_timing.cpp:125] build net dpath/a_reg/n12 feature 
I0313 15:30:58.081312 469559 lm_feature_timing.cpp:80] node dpath/a_mux/U19:ZN resistance 0 cap 0.00100904 slew 0.037386 delay 0 power 5.75433e-05
I0313 15:30:58.085268 469448 lm_feature_timing.cpp:80] node dpath/a_lt_b/n22:1185231 resistance 5.136 cap 0.000919096 slew 0.047613 delay 0.00499296 power 2.29623e-05
I0313 15:30:58.080356 469463 lm_feature_timing.cpp:80] node dpath/a_lt_b/U14:B resistance 5.992 cap 0.000586961 slew 0.023105 delay 0.00388423 power 9.50877e-06
I0313 15:30:58.079845 469451 lm_feature_timing.cpp:125] build net dpath/a_lt_b/n23 feature 
I0313 15:30:58.082942 469558 lm_feature_timing.cpp:80] node dpath/a_reg/n4:753533 resistance 16.264 cap 0.000691428 slew 0.01709 delay 0.0118058 power 3.94871e-05
I0313 15:30:58.085351 469448 lm_feature_timing.cpp:80] node dpath/a_lt_b/n22:828243 resistance 0 cap 0.0010252 slew 0.047613 delay 0 power 2.56132e-05
I0313 15:30:58.082417 469554 lm_feature_timing.cpp:80] node dpath/b_mux_out[0]:746785 resistance 1.284 cap 0.000910148 slew 0.017178 delay 0.00118924 power 0.000103148
I0313 15:30:58.082945 469469 lm_feature_timing.cpp:80] node dpath/a_reg_out[6]:755355 resistance 36.38 cap 0.00161458 slew 0.0449412 delay 0.155265 power 0.000107178
I0313 15:30:58.081511 469515 lm_feature_timing.cpp:80] node dpath/a_lt_b/n35:838943 resistance 1.712 cap 0.0014612 slew 0.033561 delay 0.00252202 power 3.57653e-05
I0313 15:30:58.085423 469448 lm_feature_timing.cpp:80] node dpath/a_lt_b/n22:833271 resistance 5.136 cap 0.000972149 slew 0.047613 delay 0.00499296 power 2.42877e-05
I0313 15:30:58.085429 469558 lm_feature_timing.cpp:80] node dpath/a_reg/n4:389003 resistance 3.424 cap 0.000855089 slew 0.01709 delay 0.00292782 power 4.88337e-05
I0313 15:30:58.078505 469504 lm_feature_timing.cpp:125] build net dpath/a_lt_b/n10 feature 
I0313 15:30:58.085472 469469 lm_feature_timing.cpp:80] node dpath/a_lt_b/U20:B2 resistance 44.084 cap 0.000718455 slew 0.0449412 delay 0.167522 power 4.76921e-05
I0313 15:30:58.081683 469539 lm_feature_timing.cpp:80] node dpath/a_mux/n1:449223 resistance 1.712 cap 0.00079839 slew 0.035457 delay 0.00140137 power 4.55305e-05
I0313 15:30:58.085506 469448 lm_feature_timing.cpp:80] node dpath/a_lt_b/U28:B2 resistance 20.544 cap 0.000600779 slew 0.047613 delay 0.0167785 power 1.50096e-05
I0313 15:30:58.085510 469515 lm_feature_timing.cpp:80] node dpath/a_lt_b/n35:482773 resistance 17.976 cap 0.000696117 slew 0.033561 delay 0.0212663 power 1.70386e-05
I0313 15:30:58.085553 469490 lm_feature_timing.cpp:80] node dpath/a_reg_out[2]:386515 resistance 69.764 cap 0.000556241 slew 0.0429064 delay 0.241386 power 3.17667e-05
I0313 15:30:58.085577 469448 lm_feature_timing.cpp:80] node dpath/a_lt_b/n22:484639 resistance 20.544 cap 0.000612721 slew 0.047613 delay 0.0167785 power 1.5308e-05
I0313 15:30:58.079460 469592 lm_feature_timing.cpp:80] node dpath/a_lt_b/U31:A1 resistance 17.976 cap 0.000598426 slew 0.020978 delay 0.0187062 power 4.84725e-06
I0313 15:30:58.081566 469519 lm_feature_timing.cpp:80] node dpath/a_mux/FE_OFN5_n18:394953 resistance 89.452 cap 0.000450488 slew 0.0317656 delay 0.683171 power 2.9126e-05
I0313 15:30:58.085609 469451 lm_feature_timing.cpp:80] node dpath/a_lt_b/n23:483807 resistance 5.136 cap 0.000704344 slew 0.024902 delay 0.00390273 power 1.14104e-05
I0313 15:30:58.083081 469523 lm_feature_timing.cpp:80] node dpath/b_mux/n1:793877 resistance 0.856 cap 0.0171852 slew 0.0427522 delay 0.0147208 power 0.0016719
I0313 15:30:58.082773 469491 lm_feature_timing.cpp:80] node dpath/a_lt_b/n21:462046 resistance 43.228 cap 0.000401546 slew 0.0440891 delay 0.081044 power 1.42076e-05
I0313 15:30:58.083089 469479 lm_feature_timing.cpp:80] node dpath/b_mux_out[13]:816337 resistance 2.996 cap 0.000926592 slew 0.017469 delay 0.00287343 power 0.000113936
I0313 15:30:58.085704 469451 lm_feature_timing.cpp:80] node dpath/a_lt_b/n23:835767 resistance 5.136 cap 0.000740952 slew 0.024902 delay 0.00390273 power 1.20034e-05
I0313 15:30:58.085722 469523 lm_feature_timing.cpp:80] node dpath/b_mux/n1:441915 resistance 0 cap 0.0172091 slew 0.042752 delay 0 power 0.00167423
I0313 15:30:58.081068 469574 lm_feature_timing.cpp:80] node ctrl/n1:409040 resistance 0 cap 0.00117653 slew 0.029815 delay 0 power 1.90597e-05
I0313 15:30:58.080929 469537 lm_feature_timing.cpp:80] node dpath/a_lt_b/n15:425172 resistance 14.552 cap 0.00060194 slew 0.021785 delay 0.0126152 power 4.87571e-06
I0313 15:30:58.079206 469454 lm_feature_timing.cpp:80] node dpath/a_reg/out_reg_11_:D resistance 35.096 cap 0.000564376 slew 0.019329 delay 0.0319474 power 3.46498e-05
I0313 15:30:58.085789 469574 lm_feature_timing.cpp:80] node ctrl/n1:409041 resistance 0.428 cap 0.00116869 slew 0.029815 delay 0.000500201 power 1.89328e-05
I0313 15:30:58.080425 469586 lm_feature_timing.cpp:80] node CTS_1:424225 resistance 73.616 cap 0.000418247 slew 0.000313884 delay 0.326972 power 0.000135512
I0313 15:30:58.081682 469443 lm_feature_timing.cpp:80] node dpath/a_lt_b/U6:B1 resistance 11.984 cap 0.000572749 slew 0.019989 delay 0.00922655 power 0
I0313 15:30:58.082996 469590 lm_feature_timing.cpp:80] node dpath/b_reg/n10:464574 resistance 9.416 cap 0.000862529 slew 0.017358 delay 0.00812157 power 0.00011305
I0313 15:30:58.082973 469572 lm_feature_timing.cpp:80] node dpath/a_mux_out[10]:477051 resistance 43.228 cap 0.000590266 slew 0.019133 delay 0.0438711 power 4.78116e-06
I0313 15:30:58.080157 469474 lm_feature_timing.cpp:80] node dpath/a_mux_out[15]:452567 resistance 8.132 cap 0.000853375 slew 0.016859 delay 0.00760827 power 9.80946e-05
I0313 15:30:58.085896 469586 lm_feature_timing.cpp:80] node CTS_1:776185 resistance 73.616 cap 0.000430189 slew 0.000313884 delay 0.326972 power 0.000139381
I0313 15:30:58.085915 469443 lm_feature_timing.cpp:80] node dpath/a_lt_b/n24:485485 resistance 11.984 cap 0.000601135 slew 0.019989 delay 0.00922655 power 0
I0313 15:30:58.085928 469504 lm_feature_timing.cpp:80] node dpath/a_lt_b/U18:A2 resistance 21.4 cap 0.000572598 slew 0.022374 delay 0.0233684 power 4.63804e-06
I0313 15:30:58.082659 469499 lm_feature_timing.cpp:80] node dpath/a_mux/U18:B resistance 4.28 cap 0.000586961 slew 0.033624 delay 0.00270407 power 3.34732e-05
I0313 15:30:58.085965 469590 lm_feature_timing.cpp:80] node dpath/b_reg/n10:462060 resistance 11.984 cap 0.000739979 slew 0.017358 delay 0.0100218 power 9.69872e-05
I0313 15:30:58.085996 469443 lm_feature_timing.cpp:80] node dpath/a_lt_b/n24:485479 resistance 9.416 cap 0.000629522 slew 0.019989 delay 0.00768284 power 0
I0313 15:30:58.077687 469447 lm_feature_timing.cpp:125] build net dpath/b_mux_out[8] feature 
I0313 15:30:58.083123 469532 lm_feature_timing.cpp:80] node dpath/a_reg_out[1]:739225 resistance 55.212 cap 0.00056404 slew 0.0420913 delay 0.189743 power 3.07945e-05
I0313 15:30:58.083323 469551 lm_feature_timing.cpp:80] node dpath/a_lt_b/U33:ZN resistance 0 cap 0.00115242 slew 0.048638 delay 0 power 2.84837e-05
I0313 15:30:58.083107 469569 lm_feature_timing.cpp:80] node clk:402569 resistance 188.32 cap 0.00111138 slew 0.000546331 delay 0.651054 power 0.000360088
I0313 15:30:58.083109 469595 lm_feature_timing.cpp:80] node dpath/b_mux_out[1]:409051 resistance 15.836 cap 0.000586546 slew 0.017 delay 0.0116818 power 6.89434e-05
I0313 15:30:58.083257 469565 lm_feature_timing.cpp:80] node dpath/b_mux_out[5]:761157 resistance 25.252 cap 0.000791318 slew 0.018108 delay 0.0211593 power 9.67657e-05
I0313 15:30:58.080507 469564 lm_feature_timing.cpp:80] node dpath/a_reg/out_reg_1_:D resistance 36.38 cap 0.000564376 slew 0.019387 delay 0.0334405 power 3.08129e-05
I0313 15:30:58.086180 469551 lm_feature_timing.cpp:80] node dpath/a_lt_b/n31:843171 resistance 0 cap 0.00115242 slew 0.048638 delay 0 power 2.84837e-05
I0313 15:30:58.083187 469545 lm_feature_timing.cpp:80] node dpath/a_reg/n14:828985 resistance 0.428 cap 0.0011967 slew 0.018996 delay 0.000515539 power 7.57268e-05
I0313 15:30:58.080257 469561 lm_feature_timing.cpp:80] node dpath/a_lt_b/U16:A1 resistance 25.252 cap 0.000393715 slew 0.021289 delay 0.0388217 power 7.17546e-06
I0313 15:30:58.086217 469569 lm_feature_timing.cpp:80] node clk:754529 resistance 188.32 cap 0.00113977 slew 0.000546331 delay 0.651054 power 0.000369285
I0313 15:30:58.086218 469595 lm_feature_timing.cpp:80] node dpath/b_mux_out[1]:409049 resistance 14.98 cap 0.000598488 slew 0.017 delay 0.0111797 power 7.0347e-05
I0313 15:30:58.079069 469467 lm_feature_timing.cpp:125] build net dpath/a_lt_b/n12 feature 
I0313 15:30:58.086261 469551 lm_feature_timing.cpp:80] node dpath/a_lt_b/U34:B resistance 26.536 cap 0.000627763 slew 0.048638 delay 0.0235908 power 1.55161e-05
I0313 15:30:58.086282 469561 lm_feature_timing.cpp:80] node dpath/a_lt_b/n7:386489 resistance 25.252 cap 0.00129676 slew 0.021289 delay 0.0388217 power 2.36334e-05
I0313 15:30:58.086287 469545 lm_feature_timing.cpp:80] node dpath/a_reg/n14:477024 resistance 0 cap 0.00121236 slew 0.018996 delay 0 power 7.67178e-05
I0313 15:30:58.086302 469569 lm_feature_timing.cpp:80] node clk:752015 resistance 185.752 cap 0.00116815 slew 0.000546321 delay 0.648127 power 0.000378482
I0313 15:30:58.083451 469475 lm_feature_timing.cpp:80] node dpath/a_lt_b/n37:470216 resistance 16.264 cap 0.000615559 slew 0.018123 delay 0.0195055 power 4.98602e-06
I0313 15:30:58.086330 469551 lm_feature_timing.cpp:80] node dpath/a_lt_b/n31:484469 resistance 26.536 cap 0.000795926 slew 0.048638 delay 0.0235908 power 1.96725e-05
I0313 15:30:58.083456 469459 lm_feature_timing.cpp:80] node dpath/a_mux/n16:439277 resistance 0.428 cap 0.000772311 slew 0.020149 delay 0.000330549 power 4.99333e-05
I0313 15:30:58.086359 469545 lm_feature_timing.cpp:80] node dpath/a_reg/n14:477025 resistance 0.428 cap 0.00120453 slew 0.018996 delay 0.000515539 power 7.62223e-05
I0313 15:30:58.086369 469569 lm_feature_timing.cpp:80] node clk:754529 resistance 188.32 cap 0.00113977 slew 0.000546331 delay 0.651054 power 0.000369285
I0313 15:30:58.080477 469521 lm_feature_timing.cpp:80] node dpath/a_reg/out_reg_4_:D resistance 3.424 cap 0.000600985 slew 0.015676 delay 0.00205777 power 3.71288e-05
I0313 15:30:58.086401 469551 lm_feature_timing.cpp:80] node dpath/a_lt_b/n31:843171 resistance 0 cap 0.00115242 slew 0.048638 delay 0 power 2.84837e-05
I0313 15:30:58.086405 469475 lm_feature_timing.cpp:80] node dpath/a_lt_b/U35:A1 resistance 12.412 cap 0.000598426 slew 0.018123 delay 0.0171344 power 4.84725e-06
I0313 15:30:58.081902 469466 lm_feature_timing.cpp:80] node dpath/b_reg/n1:776287 resistance 228.124 cap 0.000720695 slew 0.0414223 delay 1.73208 power 5.46182e-05
I0313 15:30:58.086483 469475 lm_feature_timing.cpp:80] node dpath/a_lt_b/n37:471887 resistance 12.412 cap 0.0012547 slew 0.018123 delay 0.0171344 power 1.01631e-05
I0313 15:30:58.083601 469484 lm_feature_timing.cpp:80] node dpath/a_mux/n11:455982 resistance 7.276 cap 0.000660569 slew 0.034274 delay 0.0048063 power 3.76709e-05
I0313 15:30:58.083613 469445 lm_feature_timing.cpp:80] node dpath/b_mux_out[11]:462775 resistance 6.42 cap 0.00063999 slew 0.015792 delay 0.00410874 power 7.74007e-05
I0313 15:30:58.086519 469447 lm_feature_timing.cpp:80] node dpath/b_mux_out[8]:460337 resistance 24.396 cap 0.00068071 slew 0.018669 delay 0.0224555 power 8.55867e-05
I0313 15:30:58.086549 469484 lm_feature_timing.cpp:137] net dpath/a_mux/n11 resistance 14.552 cap 0.000734177 slew 0.000361244 delay 0.0048063 power 3.39136e-08
I0313 15:30:58.078984 469503 lm_feature_timing.cpp:80] node ctrl/U4:I resistance 19.688 cap 0.00157501 slew 0.029421 delay 0.0519176 power 1.27576e-05
I0313 15:30:58.083667 469517 lm_feature_timing.cpp:80] node dpath/b_reg/n2:776977 resistance 18.832 cap 0.000740761 slew 0.017303 delay 0.0141112 power 9.24968e-05
I0313 15:30:58.086616 469484 lm_feature_timing.cpp:125] build net dpath/b_reg/n7 feature 
I0313 15:30:58.086611 469445 lm_feature_timing.cpp:80] node dpath/b_mux_out[11]:464440 resistance 0 cap 0.000705376 slew 0.015792 delay 0 power 8.53085e-05
I0313 15:30:58.082012 469556 lm_feature_timing.cpp:80] node dpath/b_mux_out[6]:417596 resistance 14.552 cap 0.000582435 slew 0.016905 delay 0.0105581 power 7.18922e-05
I0313 15:30:58.086645 469447 lm_feature_timing.cpp:80] node dpath/b_mux_out[8]:812297 resistance 24.396 cap 0.000865317 slew 0.018669 delay 0.0224555 power 0.000108798
I0313 15:30:58.083746 469461 lm_feature_timing.cpp:80] node dpath/a_lt_b/n18:478793 resistance 14.124 cap 0.000644485 slew 0.021423 delay 0.0153273 power 5.22033e-06
I0313 15:30:58.086678 469503 lm_feature_timing.cpp:80] node ctrl/state_out[1]:424132 resistance 19.688 cap 0.00159106 slew 0.029421 delay 0.0519176 power 1.28876e-05
I0313 15:30:58.080843 469542 lm_feature_timing.cpp:80] node ctrl/FE_OFN1_ctrl_b_mux_sel_0:439182 resistance 3.852 cap 0.000638682 slew 0.021054 delay 0.0024602 power 6.21355e-05
I0313 15:30:58.079272 469512 lm_feature_timing.cpp:125] build net dpath/a_mux/n13 feature 
I0313 15:30:58.080881 469538 lm_feature_timing.cpp:80] node dpath/a_reg/n18:388329 resistance 85.6 cap 0.00629408 slew 0.0502106 delay 0.773999 power 5.0982e-05
I0313 15:30:58.083819 469470 lm_feature_timing.cpp:80] node dpath/b_reg/out_reg_12_:D resistance 43.228 cap 0.000564376 slew 0.020042 delay 0.0425672 power 7.28853e-05
I0313 15:30:58.086788 469503 lm_feature_timing.cpp:80] node ctrl/state_out[1]:424129 resistance 18.404 cap 0.0025636 slew 0.029421 delay 0.0498747 power 2.07652e-05
I0313 15:30:58.083843 469468 lm_feature_timing.cpp:80] node dpath/a_lt_b/n11:393327 resistance 10.272 cap 0.000579745 slew 0.030248 delay 0.0107686 power 9.39188e-06
I0313 15:30:58.083840 469571 lm_feature_timing.cpp:80] node ctrl/n5:778589 resistance 35.524 cap 0.00088412 slew 0.021618 delay 0.0336459 power 7.88522e-05
I0313 15:30:58.080902 469589 lm_feature_timing.cpp:80] node dpath/b_mux/U17:Z resistance 0 cap 0.000935596 slew 0.017135 delay 0 power 0.000117167
I0313 15:30:58.083889 469455 lm_feature_timing.cpp:80] node ctrl/next_state__0[1]:777755 resistance 0 cap 0.000933251 slew 0.030897 delay 0 power 8.53564e-05
I0313 15:30:58.086900 469468 lm_feature_timing.cpp:80] node dpath/a_lt_b/n11:393321 resistance 7.704 cap 0.000608132 slew 0.030248 delay 0.00927981 power 9.85174e-06
I0313 15:30:58.086905 469503 lm_feature_timing.cpp:80] node ctrl/state_out[1]:424132 resistance 19.688 cap 0.00159106 slew 0.029421 delay 0.0519176 power 1.28876e-05
I0313 15:30:58.086889 469484 lm_feature_timing.cpp:80] node dpath/b_reg/n7:762063 resistance 21.828 cap 0.000564376 slew 0.017663 delay 0.0170438 power 7.29986e-05
I0313 15:30:58.086941 469455 lm_feature_timing.cpp:80] node ctrl/next_state__0[1]:778593 resistance 0.856 cap 0.000921308 slew 0.030897 delay 0.00078864 power 8.42642e-05
I0313 15:30:58.086941 469571 lm_feature_timing.cpp:80] node ctrl/U14:ZN resistance 0 cap 0.00129816 slew 0.021618 delay 0 power 0.00011578
I0313 15:30:58.084000 469520 lm_feature_timing.cpp:80] node dpath/a_mux/n6:380631 resistance 4.28 cap 0.000631792 slew 0.033624 delay 0.00270407 power 3.60298e-05
I0313 15:30:58.081051 469450 lm_feature_timing.cpp:80] node dpath/a_mux_out[12]:445164 resistance 0 cap 0.00136902 slew 0.018929 delay 0 power 0.000139023
I0313 15:30:58.079615 469543 lm_feature_timing.cpp:80] node dpath/a_reg/out_reg_15_:D resistance 21.4 cap 0.000564376 slew 0.017676 delay 0.0165879 power 3.94949e-05
I0313 15:30:58.087005 469503 lm_feature_timing.cpp:80] node ctrl/state_out[1]:431673 resistance 26.964 cap 0.00062133 slew 0.029421 delay 0.0559544 power 5.03278e-06
I0313 15:30:58.087122 469543 lm_feature_timing.cpp:80] node dpath/a_reg/n17:822127 resistance 21.4 cap 0.000732539 slew 0.017676 delay 0.0165879 power 5.12629e-05
I0313 15:30:58.081132 469502 lm_feature_timing.cpp:80] node dpath/a_reg_out[14]:833905 resistance 24.824 cap 0.00167496 slew 0.0404481 delay 0.0768424 power 0.000155619
I0313 15:30:58.087132 469450 lm_feature_timing.cpp:80] node dpath/a_mux_out[12]:445167 resistance 1.284 cap 0.00135297 slew 0.018929 delay 0.00173721 power 0.000137393
I0313 15:30:58.084273 469548 lm_feature_timing.cpp:80] node dpath/a_reg_out[8]:1150097 resistance 24.396 cap 0.00417582 slew 0.0475415 delay 0.156357 power 0.000296388
I0313 15:30:58.084291 469533 lm_feature_timing.cpp:80] node dpath/a_reg/n8:410115 resistance 9.416 cap 0.000670482 slew 0.01695 delay 0.00722537 power 4.45076e-05
I0313 15:30:58.087198 469543 lm_feature_timing.cpp:80] node dpath/a_reg/U5:Z resistance 0 cap 0.000990363 slew 0.017676 delay 0 power 6.93054e-05
I0313 15:30:58.077473 469489 lm_feature_timing.cpp:125] build net dpath/a_lt_b/n8 feature 
I0313 15:30:58.080920 469480 lm_feature_timing.cpp:80] node dpath/a_reg_out[4]:727757 resistance 4.708 cap 0.00682642 slew 0.0490062 delay 0.0322515 power 0.000421736
I0313 15:30:58.087239 469543 lm_feature_timing.cpp:80] node dpath/a_reg/n17:455093 resistance 0 cap 0.000990363 slew 0.017676 delay 0 power 6.93054e-05
I0313 15:30:58.084327 469563 lm_feature_timing.cpp:80] node dpath/a_reg/U19:A2 resistance 15.836 cap 0.000574604 slew 0.016457 delay 0.011685 power 3.8695e-05
I0313 15:30:58.084350 469577 lm_feature_timing.cpp:80] node dpath/a_reg_out[11]:815571 resistance 56.068 cap 0.00086833 slew 0.0394354 delay 0.205558 power 5.3311e-05
I0313 15:30:58.084357 469456 lm_feature_timing.cpp:80] node dpath/a_mux/n12:797821 resistance 5.136 cap 0.000663898 slew 0.034079 delay 0.00340978 power 3.78607e-05
I0313 15:30:58.087283 469543 lm_feature_timing.cpp:80] node dpath/a_reg/n17:454247 resistance 4.28 cap 0.000945532 slew 0.017676 delay 0.00404688 power 6.61682e-05
I0313 15:30:58.082387 469511 lm_feature_timing.cpp:80] node dpath/a_lt_b/n4:386584 resistance 14.552 cap 0.000580429 slew 0.021374 delay 0.0106435 power 4.70148e-06
I0313 15:30:58.087298 469563 lm_feature_timing.cpp:80] node dpath/a_mux_out[0]:387221 resistance 15.836 cap 0.000574604 slew 0.016457 delay 0.011685 power 3.8695e-05
I0313 15:30:58.084374 469516 lm_feature_timing.cpp:80] node dpath/a_mux_out[5]:387470 resistance 32.528 cap 0.000598879 slew 0.017957 delay 0.0293888 power 6.17771e-05
I0313 15:30:58.087316 469480 lm_feature_timing.cpp:80] node dpath/a_reg_out[4]:1079717 resistance 4.708 cap 0.00679803 slew 0.0490062 delay 0.0322515 power 0.000419982
I0313 15:30:58.087337 469456 lm_feature_timing.cpp:80] node dpath/a_mux/n12:792793 resistance 0 cap 0.000716951 slew 0.034079 delay 0 power 4.08862e-05
I0313 15:30:58.087347 469563 lm_feature_timing.cpp:80] node dpath/a_mux_out[0]:387221 resistance 15.836 cap 0.000574604 slew 0.016457 delay 0.011685 power 3.8695e-05
I0313 15:30:58.084457 469582 lm_feature_timing.cpp:80] node dpath/b_reg/out_reg_15_:D resistance 6.848 cap 0.000564376 slew 0.015991 delay 0.00434713 power 7.38307e-05
I0313 15:30:58.084563 469446 lm_feature_timing.cpp:80] node dpath/b_mux_out[14]:1166597 resistance 2.996 cap 0.000835366 slew 0.01702 delay 0.00260967 power 0.000133619
I0313 15:30:58.087437 469582 lm_feature_timing.cpp:80] node dpath/b_reg/n17:807127 resistance 6.848 cap 0.000625651 slew 0.015991 delay 0.00434713 power 8.18465e-05
I0313 15:30:58.082506 469514 lm_feature_timing.cpp:80] node dpath/a_mux/n7:370639 resistance 15.408 cap 0.000631792 slew 0.036128 delay 0.0114644 power 3.60298e-05
I0313 15:30:58.084592 469573 lm_feature_timing.cpp:80] node dpath/b_reg/FE_OFN2_ctrl_b_reg_en_0:823209 resistance 130.54 cap 0.000735812 slew 0.0278504 delay 0.728667 power 5.57638e-05
I0313 15:30:58.084479 469465 lm_feature_timing.cpp:80] node ctrl/n2:798723 resistance 8.56 cap 0.000779872 slew 0.023799 delay 0.00787645 power 6.31696e-06
I0313 15:30:58.081544 469449 lm_feature_timing.cpp:80] node dpath/a_reg/n15:822209 resistance 0.428 cap 0.00181101 slew 0.022647 delay 0.000778465 power 0.000118512
I0313 15:30:58.087534 469514 lm_feature_timing.cpp:80] node dpath/a_mux/U15:ZN resistance 0 cap 0.000897838 slew 0.036128 delay 0 power 5.12018e-05
I0313 15:30:58.087522 469489 lm_feature_timing.cpp:80] node dpath/a_lt_b/n8:738571 resistance 47.08 cap 0.000616441 slew 0.053906 delay 0.050494 power 9.93759e-06
I0313 15:30:58.084676 469518 lm_feature_timing.cpp:80] node dpath/a_lt_b/n27:484601 resistance 8.132 cap 0.00115082 slew 0.01901 delay 0.00935851 power 9.32168e-06
I0313 15:30:58.087577 469573 lm_feature_timing.cpp:80] node dpath/b_reg/FE_OFN2_ctrl_b_reg_en_0:818181 resistance 125.404 cap 0.00152096 slew 0.0278504 delay 0.724888 power 0.000115266
I0313 15:30:58.087601 469514 lm_feature_timing.cpp:80] node dpath/a_mux/n7:732643 resistance 0 cap 0.000897838 slew 0.036128 delay 0 power 5.12018e-05
I0313 15:30:58.084679 469568 lm_feature_timing.cpp:80] node ctrl/next_state__0[0]:1138903 resistance 9.844 cap 0.000794256 slew 0.029224 delay 0.00884021 power 7.08375e-05
I0313 15:30:58.084723 469473 lm_feature_timing.cpp:80] node ctrl/state/out_reg_1_:CN resistance 20.972 cap 0.000607407 slew 2.73799e-05 delay 0.0285134 power 4.91999e-06
I0313 15:30:58.080247 469555 lm_feature_timing.cpp:80] node dpath/a_mux/n17:446031 resistance 6.848 cap 0.000610845 slew 0.034452 delay 0.00465898 power 4.94785e-06
I0313 15:30:58.084750 469552 lm_feature_timing.cpp:80] node dpath/b_mux_out[7]:425152 resistance 3.852 cap 0.000615324 slew 0.015518 delay 0.00237023 power 7.66587e-05
I0313 15:30:58.081284 469505 lm_feature_timing.cpp:80] node ctrl_b_mux_sel_0_:439398 resistance 151.084 cap 0.00106438 slew 0.0310884 delay 2.06795 power 0.000103551
I0313 15:30:58.084764 469493 lm_feature_timing.cpp:80] node dpath/b_reg/n12:844159 resistance 41.944 cap 0.00058454 slew 0.019979 delay 0.0412172 power 5.09929e-05
I0313 15:30:58.084787 469566 lm_feature_timing.cpp:80] node dpath/b_mux_out[3]:766985 resistance 11.556 cap 0.000758429 slew 0.016915 delay 0.0088151 power 9.09932e-05
I0313 15:30:58.078747 469453 lm_feature_timing.cpp:125] build net dpath/b_reg/n3 feature 
I0313 15:30:58.089129 469505 lm_feature_timing.cpp:80] node ctrl_b_mux_sel_0_:439398 resistance 151.084 cap 0.00106438 slew 0.0310884 delay 2.06795 power 0.000103551
I0313 15:30:58.089134 469552 lm_feature_timing.cpp:80] node dpath/b_mux/U9:Z resistance 0 cap 0.000656043 slew 0.015518 delay 0 power 8.17317e-05
I0313 15:30:58.084815 469510 lm_feature_timing.cpp:80] node dpath/a_reg/n1:837203 resistance 10.272 cap 0.000608478 slew 0.011477 delay 0.00670442 power 6.71632e-05
I0313 15:30:58.089169 469566 lm_feature_timing.cpp:80] node dpath/b_mux_out[3]:756091 resistance 0.428 cap 0.000869037 slew 0.016915 delay 0.000375299 power 0.000104263
I0313 15:30:58.089172 469493 lm_feature_timing.cpp:80] node dpath/b_reg/n12:842483 resistance 40.232 cap 0.000604705 slew 0.019979 delay 0.0402165 power 5.27519e-05
I0313 15:30:58.084858 469587 lm_feature_timing.cpp:80] node dpath/a_reg/n5:1451631 resistance 19.688 cap 0.00082964 slew 0.018395 delay 0.0178545 power 4.93351e-05
I0313 15:30:58.089203 469552 lm_feature_timing.cpp:80] node dpath/b_mux_out[7]:422635 resistance 0 cap 0.000656043 slew 0.015518 delay 0 power 8.17317e-05
I0313 15:30:58.089246 469493 lm_feature_timing.cpp:80] node dpath/b_reg/n12:844159 resistance 41.944 cap 0.00058454 slew 0.019979 delay 0.0412172 power 5.09929e-05
I0313 15:30:58.084911 469471 lm_feature_timing.cpp:80] node dpath/b_reg/n4:407441 resistance 2.14 cap 0.000793423 slew 0.01652 delay 0.00169792 power 0.000101241
I0313 15:30:58.081928 469497 lm_feature_timing.cpp:80] node dpath/a_reg_out[0]:745103 resistance 26.536 cap 0.000688225 slew 0.039044 delay 0.0558907 power 3.17797e-05
I0313 15:30:58.084959 469486 lm_feature_timing.cpp:80] node dpath/a_reg/n2:746707 resistance 8.988 cap 0.000650317 slew 0.016259 delay 0.00588519 power 3.00292e-05
I0313 15:30:58.089310 469552 lm_feature_timing.cpp:80] node dpath/b_mux_out[7]:425152 resistance 3.852 cap 0.000615324 slew 0.015518 delay 0.00237023 power 7.66587e-05
I0313 15:30:58.089320 469493 lm_feature_timing.cpp:80] node dpath/b_reg/n12:841613 resistance 25.68 cap 0.00114208 slew 0.019979 delay 0.0293287 power 9.96305e-05
I0313 15:30:58.089336 469497 lm_feature_timing.cpp:80] node dpath/a_reg_out[0]:742589 resistance 23.968 cap 0.00158049 slew 0.039044 delay 0.0541233 power 7.2981e-05
I0313 15:30:58.085034 469500 lm_feature_timing.cpp:80] node dpath/a_mux/FE_OFN4_n16:1134881 resistance 32.956 cap 0.00740724 slew 0.0377042 delay 0.336813 power 0.00047891
I0313 15:30:58.089359 469486 lm_feature_timing.cpp:80] node dpath/a_reg/n2:738327 resistance 0.428 cap 0.000736259 slew 0.016259 delay 0.00031847 power 3.39977e-05
I0313 15:30:58.089360 469471 lm_feature_timing.cpp:80] node dpath/b_reg/out_reg_2_:D resistance 12.412 cap 0.000564376 slew 0.01652 delay 0.0085469 power 7.20147e-05
I0313 15:30:58.089380 469497 lm_feature_timing.cpp:80] node dpath/a_reg_out[0]:745103 resistance 26.536 cap 0.000688225 slew 0.039044 delay 0.0558907 power 3.17797e-05
I0313 15:30:58.089380 469552 lm_feature_timing.cpp:80] node dpath/b_mux_out[7]:422635 resistance 0 cap 0.000656043 slew 0.015518 delay 0 power 8.17317e-05
I0313 15:30:58.079916 469578 lm_feature_timing.cpp:80] node dpath/b_reg/n13:816429 resistance 0.428 cap 0.00113092 slew 0.018543 delay 0.000487386 power 0.000145518
I0313 15:30:58.089399 469493 lm_feature_timing.cpp:80] node dpath/b_reg/n12:1193573 resistance 25.68 cap 0.000891697 slew 0.019979 delay 0.0293287 power 7.7788e-05
I0313 15:30:58.089419 469497 lm_feature_timing.cpp:80] node dpath/sub/U20:A2 resistance 32.528 cap 0.000554824 slew 0.0390441 delay 0.0809783 power 2.56197e-05
I0313 15:30:58.085165 469570 lm_feature_timing.cpp:80] node dpath/a_mux/n5:385523 resistance 9.844 cap 0.000586961 slew 0.035087 delay 0.00681233 power 3.34732e-05
I0313 15:30:58.085197 469536 lm_feature_timing.cpp:80] node dpath/a_mux_out[11]:828993 resistance 37.236 cap 0.000881761 slew 0.018599 delay 0.0354897 power 8.62178e-05
I0313 15:30:58.089452 469578 lm_feature_timing.cpp:80] node dpath/b_reg/n13:464468 resistance 0 cap 0.00114658 slew 0.018543 delay 0 power 0.000147533
I0313 15:30:58.089459 469497 lm_feature_timing.cpp:80] node dpath/a_reg_out[0]:372141 resistance 32.528 cap 0.000599655 slew 0.0390441 delay 0.0809783 power 2.76898e-05
I0313 15:30:58.081264 469522 lm_feature_timing.cpp:80] node dpath/a_reg/n16:852293 resistance 15.408 cap 0.000716095 slew 0.022332 delay 0.0110336 power 6.65318e-05
I0313 15:30:58.089473 469493 lm_feature_timing.cpp:80] node dpath/b_reg/n12:816473 resistance 0 cap 0.00139247 slew 0.019979 delay 0 power 0.000121473
I0313 15:30:58.089495 469578 lm_feature_timing.cpp:80] node dpath/b_reg/n13:464469 resistance 0.428 cap 0.00113875 slew 0.018543 delay 0.000487386 power 0.000146526
I0313 15:30:58.089502 469497 lm_feature_timing.cpp:80] node dpath/a_reg/U19:B1 resistance 19.688 cap 0.000659839 slew 0.0390441 delay 0.056163 power 3.04689e-05
I0313 15:30:58.089504 469536 lm_feature_timing.cpp:80] node dpath/a_mux_out[11]:447703 resistance 7.276 cap 0.00124686 slew 0.018599 delay 0.00907218 power 0.000121917
I0313 15:30:58.085407 469463 lm_feature_timing.cpp:80] node dpath/a_lt_b/n2:385593 resistance 5.992 cap 0.000586961 slew 0.023105 delay 0.00388423 power 9.50877e-06
I0313 15:30:58.081461 469579 lm_feature_timing.cpp:80] node dpath/b_reg/n11:491375 resistance 27.82 cap 0.000726472 slew 0.019352 delay 0.027783 power 9.56342e-05
I0313 15:30:58.085436 469554 lm_feature_timing.cpp:80] node dpath/b_mux_out[0]:759355 resistance 14.124 cap 0.000783095 slew 0.017178 delay 0.0112442 power 8.87491e-05
I0313 15:30:58.079936 469472 lm_feature_timing.cpp:80] node dpath/a_mux_out[13]:467725 resistance 14.552 cap 0.000688932 slew 0.016793 delay 0.012139 power 7.29361e-05
I0313 15:30:58.082521 469464 lm_feature_timing.cpp:80] node dpath/a_mux/U6:B resistance 5.992 cap 0.000586961 slew 0.034079 delay 0.00392244 power 3.34732e-05
I0313 15:30:58.089640 469579 lm_feature_timing.cpp:80] node dpath/b_reg/n11:491388 resistance 33.384 cap 0.000669308 slew 0.019352 delay 0.0315071 power 8.81091e-05
I0313 15:30:58.083002 469528 lm_feature_timing.cpp:80] node dpath/a_mux_out[3]:379810 resistance 9.416 cap 0.000668768 slew 0.015352 delay 0.00629712 power 6.28112e-05
I0313 15:30:58.089654 469463 lm_feature_timing.cpp:80] node dpath/a_lt_b/n2:385593 resistance 5.992 cap 0.000586961 slew 0.023105 delay 0.00388423 power 9.50877e-06
I0313 15:30:58.085529 469496 lm_feature_timing.cpp:80] node dpath/a_reg/out_reg_10_:CN resistance 47.08 cap 0.000562576 slew 0.020481 delay 0.048563 power 1.82275e-07
I0313 15:30:58.089695 469579 lm_feature_timing.cpp:80] node dpath/b_reg/n11:470421 resistance 4.708 cap 0.00122685 slew 0.019352 delay 0.00577601 power 0.000161505
I0313 15:30:58.089690 469472 lm_feature_timing.cpp:80] node dpath/a_mux_out[13]:819685 resistance 14.552 cap 0.00079954 slew 0.016793 delay 0.012139 power 8.4646e-05
I0313 15:30:58.085572 469539 lm_feature_timing.cpp:80] node dpath/a_mux/n1:801183 resistance 1.712 cap 0.000818555 slew 0.035457 delay 0.00140137 power 4.66805e-05
I0313 15:30:58.082742 469594 lm_feature_timing.cpp:80] node ctrl/n4:789501 resistance 4.28 cap 0.00103088 slew 0.029179 delay 0.00460406 power 7.52413e-05
I0313 15:30:58.089746 469579 lm_feature_timing.cpp:80] node dpath/b_reg/n11:822381 resistance 4.708 cap 0.00117791 slew 0.019352 delay 0.00577601 power 0.000155062
I0313 15:30:58.085644 469448 lm_feature_timing.cpp:80] node dpath/a_lt_b/n22:484637 resistance 19.688 cap 0.000624663 slew 0.047613 delay 0.016254 power 1.56063e-05
I0313 15:30:58.089766 469472 lm_feature_timing.cpp:80] node dpath/a_mux_out[13]:808791 resistance 3.424 cap 0.000910148 slew 0.016793 delay 0.00324169 power 9.63559e-05
I0313 15:30:58.085641 469515 lm_feature_timing.cpp:80] node dpath/a_lt_b/U37:A1 resistance 19.688 cap 0.000675952 slew 0.033561 delay 0.0224235 power 1.6545e-05
I0313 15:30:58.085646 469490 lm_feature_timing.cpp:80] node dpath/a_reg_out[2]:738475 resistance 69.764 cap 0.000584628 slew 0.0429064 delay 0.241386 power 3.33878e-05
I0313 15:30:58.085670 469592 lm_feature_timing.cpp:80] node dpath/a_lt_b/n32:486999 resistance 17.976 cap 0.000635035 slew 0.020978 delay 0.0187062 power 5.14378e-06
I0313 15:30:58.089807 469579 lm_feature_timing.cpp:80] node dpath/b_reg/n11:470410 resistance 0 cap 0.00127579 slew 0.019352 delay 0 power 0.000167948
