I0312 12:31:40.537969 2599821 lm_feature_timing.cpp:80] node dpath/a_lt_b/U11:ZN resistance 0 cap 0.0012449 slew 0.018363 delay 0 power 1.00837e-05
I0312 12:31:40.541036 2599861 lm_feature_timing.cpp:80] node dpath/a_reg_out[7]:775429 resistance 65.484 cap 0.000688225 slew 0.0402571 delay 0.142171 power 4.7055e-05
I0312 12:31:40.541047 2599834 lm_feature_timing.cpp:80] node dpath/a_mux_out[4]:372392 resistance 44.94 cap 0.000607101 slew 0.019269 delay 0.0461849 power 5.94555e-05
I0312 12:31:40.541065 2599909 lm_feature_timing.cpp:125] build net dpath/sub/n21 feature 
I0312 12:31:40.538079 2599774 lm_feature_timing.cpp:137] net dpath/a_reg/n9 resistance 16.264 cap 0.000728037 slew 0.000835056 delay 0.00525495 power 4.03193e-08
I0312 12:31:40.541087 2599807 lm_feature_timing.cpp:80] node dpath/a_lt_b/n10:401693 resistance 16.264 cap 0.000597516 slew 0.022374 delay 0.0195487 power 4.83988e-06
I0312 12:31:40.541100 2599821 lm_feature_timing.cpp:80] node dpath/a_lt_b/n3:388933 resistance 0 cap 0.0012449 slew 0.018363 delay 0 power 1.00837e-05
I0312 12:31:40.541117 2599834 lm_feature_timing.cpp:80] node dpath/a_mux_out[4]:727697 resistance 38.52 cap 0.000712816 slew 0.019269 delay 0.0420507 power 6.98085e-05
I0312 12:31:40.530570 2599864 lm_feature_timing.cpp:80] node dpath/a_lt_b/n1:381408 resistance 11.556 cap 0.000722338 slew 0.017306 delay 0.00950077 power 5.85094e-06
I0312 12:31:40.538177 2599828 lm_feature_timing.cpp:80] node dpath/a_reg_out[0]:723255 resistance 29.96 cap 0.00117595 slew 0.0390441 delay 0.080425 power 5.39875e-05
I0312 12:31:40.530611 2599916 lm_feature_timing.cpp:80] node dpath/a_mux/FE_OFN4_n16:730141 resistance 94.588 cap 0.000659513 slew 0.0377072 delay 0.734065 power 4.22339e-05
I0312 12:31:40.538228 2599808 lm_feature_timing.cpp:80] node dpath/a_reg/n5:377315 resistance 0.856 cap 0.00109941 slew 0.018395 delay 0.000941092 power 6.50383e-05
I0312 12:31:40.541184 2599834 lm_feature_timing.cpp:80] node dpath/a_mux_out[4]:1079657 resistance 38.52 cap 0.000930312 slew 0.019269 delay 0.0420507 power 9.11085e-05
I0312 12:31:40.530637 2599880 lm_feature_timing.cpp:80] node dpath/a_reg/U13:Z resistance 0 cap 0.000866249 slew 0.01695 delay 0 power 5.72361e-05
I0312 12:30:40.549713 2599814 lm_feature_timing.cpp:80] node dpath/a_mux/n13:729307 resistance 2.568 cap 0.000853007 slew 0.035942 delay 0.00219052 power 4.82511e-05
I0312 12:31:40.538287 2599824 lm_feature_timing.cpp:80] node dpath/a_mux/n15:434309 resistance 1.712 cap 0.000905278 slew 0.036668 delay 0.00158436 power 5.12079e-05
I0312 12:31:40.541261 2599880 lm_feature_timing.cpp:80] node dpath/a_reg/n8:404241 resistance 0 cap 0.000866249 slew 0.01695 delay 0 power 5.72361e-05
I0312 12:31:40.538288 2599798 lm_feature_timing.cpp:80] node dpath/b_mux/n1:1128231 resistance 29.104 cap 0.000704251 slew 0.0427555 delay 0.328655 power 6.84028e-05
I0312 12:31:40.541298 2599880 lm_feature_timing.cpp:137] net dpath/a_reg/n8 resistance 29.104 cap 0.000866249 slew 0.00263309 delay 0.0103965 power 4.63612e-08
I0312 12:31:40.530754 2599884 lm_feature_timing.cpp:80] node dpath/a_mux/n17:792959 resistance 0 cap 0.00074984 slew 0.034452 delay 0 power 6.0737e-06
I0312 12:31:40.538384 2599811 lm_feature_timing.cpp:80] node dpath/a_lt_b/U6:A2 resistance 7.276 cap 0.000569173 slew 0.021423 delay 0.0104316 power 4.6103e-06
I0312 12:31:40.525362 2599841 lm_feature_timing.cpp:80] node dpath/a_reg/n1:485242 resistance 10.7 cap 0.000539372 slew 0.011477 delay 0.00693527 power 9.32006e-05
I0312 12:31:40.541352 2599824 lm_feature_timing.cpp:80] node dpath/a_mux/n15:786269 resistance 1.712 cap 0.000925442 slew 0.036668 delay 0.00158436 power 5.23485e-05
I0312 12:31:40.538446 2599858 lm_feature_timing.cpp:80] node dpath/a_lt_b/n13:741109 resistance 9.416 cap 0.000699275 slew 0.031831 delay 0.00750923 power 2.23122e-05
I0312 12:31:40.541383 2599798 lm_feature_timing.cpp:80] node dpath/b_mux/n1:1128223 resistance 25.68 cap 0.000740859 slew 0.0427555 delay 0.326244 power 7.19585e-05
I0312 12:31:40.538456 2599871 lm_feature_timing.cpp:80] node dpath/b_reg/n3:409903 resistance 1.284 cap 0.000768756 slew 0.016325 delay 0.000987083 power 9.73372e-05
I0312 12:31:40.541412 2599811 lm_feature_timing.cpp:80] node dpath/a_lt_b/n18:484661 resistance 7.276 cap 0.0014337 slew 0.021423 delay 0.0104316 power 1.1613e-05
I0312 12:31:40.538548 2599917 lm_feature_timing.cpp:80] node dpath/a_reg/n17:806207 resistance 4.28 cap 0.000900702 slew 0.017676 delay 0.00404688 power 9.11556e-05
I0312 12:31:40.541443 2599858 lm_feature_timing.cpp:80] node dpath/a_lt_b/n13:389135 resistance 3.424 cap 0.000841989 slew 0.031831 delay 0.00295201 power 2.68658e-05
I0312 12:31:40.531061 2599874 lm_feature_timing.cpp:80] node dpath/b_mux_out[5]:409197 resistance 25.252 cap 0.000590266 slew 0.018108 delay 0.0211593 power 7.20065e-05
I0312 12:31:40.538640 2599779 lm_feature_timing.cpp:80] node dpath/b_reg_out[0]:763587 resistance 39.376 cap 0.000803373 slew 0.0405594 delay 0.141174 power 0.000100037
I0312 12:31:40.541486 2599811 lm_feature_timing.cpp:80] node dpath/a_lt_b/n18:484659 resistance 8.132 cap 0.000778978 slew 0.021423 delay 0.0110984 power 6.30972e-06
I0312 12:31:40.541496 2599917 lm_feature_timing.cpp:80] node dpath/a_reg/n17:454247 resistance 4.28 cap 0.000945532 slew 0.017676 delay 0.00404688 power 9.56927e-05
I0312 12:31:40.538631 2599768 lm_feature_timing.cpp:80] node dpath/a_mux_out[1]:377173 resistance 10.7 cap 0.000869428 slew 0.016524 delay 0.00930288 power 7.26546e-05
I0312 12:30:40.552985 2599888 lm_feature_timing.cpp:80] node dpath/b_reg/FE_OFN2_ctrl_b_reg_en_0:818181 resistance 125.404 cap 0.00152096 slew 0.0278504 delay 0.724888 power 0.000114891
I0312 12:31:40.541554 2599811 lm_feature_timing.cpp:80] node dpath/a_lt_b/n18:484661 resistance 7.276 cap 0.0014337 slew 0.021423 delay 0.0104316 power 1.1613e-05
I0312 12:31:40.538712 2599778 lm_feature_timing.cpp:80] node dpath/a_lt_b/n12:746941 resistance 3.852 cap 0.000804768 slew 0.020683 delay 0.00612218 power 6.51862e-06
I0312 12:31:40.531188 2599822 lm_feature_timing.cpp:80] node dpath/b_mux/U10:B1 resistance 68.908 cap 0.000680003 slew 0.0475416 delay 0.258044 power 4.80553e-05
I0312 12:31:40.538746 2599893 lm_feature_timing.cpp:80] node dpath/a_mux_out[2]:381422 resistance 0 cap 0.0008107 slew 0.015615 delay 0 power 7.18218e-05
I0312 12:31:40.541610 2599768 lm_feature_timing.cpp:80] node dpath/a_mux_out[1]:729133 resistance 10.7 cap 0.000762931 slew 0.016524 delay 0.00930288 power 6.37551e-05
I0312 12:31:40.538770 2599823 lm_feature_timing.cpp:80] node dpath/a_lt_b/n35:486145 resistance 0.856 cap 0.00148509 slew 0.033561 delay 0.00127123 power 3.47732e-05
I0312 12:31:40.531263 2599876 lm_feature_timing.cpp:80] node dpath/a_reg_out[2]:1087921 resistance 67.196 cap 0.000698955 slew 0.0429064 delay 0.239885 power 3.97017e-05
I0312 12:31:40.538817 2599786 lm_feature_timing.cpp:80] node dpath/a_mux/n9:431004 resistance 18.404 cap 0.000647454 slew 0.037386 delay 0.0148281 power 3.66238e-05
I0312 12:31:40.541724 2599768 lm_feature_timing.cpp:80] node dpath/a_mux_out[1]:377173 resistance 10.7 cap 0.000869428 slew 0.016524 delay 0.00930288 power 7.26546e-05
I0312 12:31:40.538861 2599819 lm_feature_timing.cpp:80] node dpath/a_reg_out[3]:1087959 resistance 16.692 cap 0.000894498 slew 0.042396 delay 0.0442065 power 5.29163e-05
I0312 12:31:40.538862 2599910 lm_feature_timing.cpp:80] node dpath/b_reg/n9:774615 resistance 0 cap 0.00083336 slew 0.016665 delay 0 power 0.000108451
I0312 12:31:40.526589 2599914 lm_feature_timing.cpp:80] node dpath/b_mux_out[6]:769555 resistance 14.124 cap 0.00072554 slew 0.016905 delay 0.0103088 power 8.93426e-05
I0312 12:31:40.541787 2599786 lm_feature_timing.cpp:80] node dpath/a_mux/n9:431004 resistance 18.404 cap 0.000647454 slew 0.037386 delay 0.0148281 power 3.66238e-05
I0312 12:31:40.531486 2599805 lm_feature_timing.cpp:80] node ctrl_b_mux_sel_0_:1164929 resistance 39.376 cap 0.0167777 slew 0.0310423 delay 0.700134 power 0.00162959
I0312 12:31:40.538944 2599817 lm_feature_timing.cpp:80] node dpath/a_mux/n5:380503 resistance 1.284 cap 0.000789777 slew 0.035087 delay 0.00101407 power 4.46744e-05
I0312 12:31:40.538952 2599829 lm_feature_timing.cpp:80] node ctrl/n2:440059 resistance 1.712 cap 0.00148124 slew 0.023799 delay 0.00253589 power 1.19981e-05
I0312 12:31:40.541855 2599914 lm_feature_timing.cpp:80] node dpath/b_mux_out[6]:756147 resistance 0.428 cap 0.000860815 slew 0.016905 delay 0.00037178 power 0.000106
I0312 12:31:40.541865 2599786 lm_feature_timing.cpp:80] node dpath/a_mux/n9:434356 resistance 14.98 cap 0.000745337 slew 0.037386 delay 0.0126113 power 4.21607e-05
I0312 12:31:40.539003 2599897 lm_feature_timing.cpp:80] node ctrl/n1:781107 resistance 23.54 cap 0.000694547 slew 0.029815 delay 0.021935 power 1.12517e-05
I0312 12:31:40.527191 2599796 lm_feature_timing.cpp:80] node dpath/a_reg/n13:1182657 resistance 5.992 cap 0.00113836 slew 0.019329 delay 0.00722643 power 0.000104409
I0312 12:31:40.531615 2599795 lm_feature_timing.cpp:80] node dpath/b_zero/n1:411659 resistance 4.28 cap 0.0015702 slew 0.017815 delay 0.00672046 power 5.08745e-05
I0312 12:31:40.541920 2599817 lm_feature_timing.cpp:80] node dpath/a_mux/U11:ZN resistance 0 cap 0.00080583 slew 0.035087 delay 0 power 4.55825e-05
I0312 12:31:40.527194 2599879 lm_feature_timing.cpp:80] node dpath/a_mux_out[13]:808791 resistance 3.424 cap 0.000910148 slew 0.016793 delay 0.00324169 power 0.000153056
I0312 12:31:40.541949 2599897 lm_feature_timing.cpp:80] node ctrl/n1:783621 resistance 26.108 cap 0.000666161 slew 0.029815 delay 0.0236457 power 1.07918e-05
I0312 12:31:40.541972 2599795 lm_feature_timing.cpp:80] node dpath/b_zero/n1:763619 resistance 4.28 cap 0.00152537 slew 0.017815 delay 0.00672046 power 4.9422e-05
I0312 12:31:40.541975 2599796 lm_feature_timing.cpp:80] node dpath/a_reg/n13:1182673 resistance 12.84 cap 0.00106886 slew 0.019329 delay 0.014546 power 9.80352e-05
I0312 12:31:40.539215 2599780 lm_feature_timing.cpp:80] node dpath/a_reg_out[11]:456933 resistance 44.084 cap 0.00318191 slew 0.0394354 delay 0.183542 power 0.000291842
I0312 12:31:40.539222 2599804 lm_feature_timing.cpp:80] node dpath/a_mux/n2:797971 resistance 5.136 cap 0.000663898 slew 0.034079 delay 0.00340978 power 3.7554e-05
I0312 12:31:40.542026 2599795 lm_feature_timing.cpp:80] node dpath/b_zero/n1:411649 resistance 0 cap 0.00161503 slew 0.017815 delay 0 power 5.2327e-05
I0312 12:31:40.539254 2599913 lm_feature_timing.cpp:80] node dpath/a_lt_b/U7:I resistance 58.208 cap 0.000599444 slew 0.0410005 delay 0.228844 power 3.82292e-05
I0312 12:31:40.542039 2599897 lm_feature_timing.cpp:80] node ctrl/n1:431657 resistance 27.82 cap 0.00061761 slew 0.029815 delay 0.024703 power 1.00053e-05
I0312 12:31:40.542088 2599780 lm_feature_timing.cpp:80] node dpath/a_reg_out[11]:808893 resistance 44.084 cap 0.00339941 slew 0.0394354 delay 0.183542 power 0.00031179
I0312 12:31:40.539294 2599865 lm_feature_timing.cpp:80] node dpath/a_lt_b/n36:471057 resistance 17.976 cap 0.00067226 slew 0.045927 delay 0.0152552 power 1.57437e-05
I0312 12:31:40.542126 2599913 lm_feature_timing.cpp:80] node dpath/a_reg_out[5]:386598 resistance 58.208 cap 0.000607275 slew 0.0410005 delay 0.228844 power 3.87286e-05
I0312 12:31:40.539327 2599898 lm_feature_timing.cpp:80] node dpath/b_reg/n7:410073 resistance 8.988 cap 0.000908533 slew 0.017663 delay 0.00816589 power 0.00011719
I0312 12:31:40.539323 2599852 lm_feature_timing.cpp:80] node dpath/b_reg_out[10]:1186893 resistance 20.116 cap 0.000772068 slew 0.0399552 delay 0.0649355 power 6.71786e-05
I0312 12:31:40.531917 2599904 lm_feature_timing.cpp:80] node dpath/a_lt_b/U17:ZN resistance 0 cap 0.00153576 slew 0.053906 delay 0 power 2.47578e-05
I0312 12:31:40.542196 2599865 lm_feature_timing.cpp:80] node dpath/a_lt_b/n36:823017 resistance 17.976 cap 0.000848645 slew 0.045927 delay 0.0152552 power 1.98745e-05
I0312 12:31:40.539393 2599849 lm_feature_timing.cpp:80] node dpath/a_lt_b/U26:ZN resistance 0 cap 0.00106562 slew 0.017501 delay 0 power 1.80576e-05
I0312 12:31:40.542210 2599780 lm_feature_timing.cpp:80] node dpath/sub/U32:B resistance 49.22 cap 0.00312886 slew 0.0394354 delay 0.199612 power 0.000286976
I0312 12:31:40.539434 2599837 lm_feature_timing.cpp:80] node dpath/a_reg_out[12]:492903 resistance 24.396 cap 0.000519209 slew 0.0441404 delay 0.144413 power 4.89262e-05
I0312 12:31:40.539459 2599775 lm_feature_timing.cpp:125] build net dpath/sub/n17 feature 
I0312 12:31:40.542263 2599904 lm_feature_timing.cpp:80] node dpath/a_lt_b/n8:737633 resistance 0 cap 0.00153576 slew 0.053906 delay 0 power 2.47578e-05
I0312 12:31:40.539449 2599773 lm_feature_timing.cpp:80] node dpath/a_lt_b/n7:738445 resistance 23.54 cap 0.00133709 slew 0.021289 delay 0.0366016 power 2.43684e-05
I0312 12:31:40.539454 2599889 lm_feature_timing.cpp:80] node dpath/b_mux_out[12]:464417 resistance 1.284 cap 0.000737091 slew 0.01617 delay 0.000946425 power 0.000101143
I0312 12:31:40.532001 2599806 lm_feature_timing.cpp:80] node dpath/a_reg/n19:854229 resistance 9.844 cap 0.00089586 slew 1.44834e-05 delay 0.00912442 power 0
I0312 12:31:40.539558 2599799 lm_feature_timing.cpp:80] node dpath/a_mux_out[10]:477052 resistance 43.656 cap 0.000582435 slew 0.019133 delay 0.0441204 power 4.71772e-06
I0312 12:31:40.542341 2599773 lm_feature_timing.cpp:80] node dpath/a_lt_b/n7:736769 resistance 21.828 cap 0.00135725 slew 0.021289 delay 0.0343125 power 2.47359e-05
I0312 12:31:40.542344 2599904 lm_feature_timing.cpp:80] node dpath/a_lt_b/U18:B2 resistance 47.508 cap 0.000600779 slew 0.053906 delay 0.0507545 power 9.6851e-06
I0312 12:31:40.539584 2599820 lm_feature_timing.cpp:80] node dpath/a_mux/n7:732643 resistance 0 cap 0.000897838 slew 0.036128 delay 0 power 5.0787e-05
I0312 12:31:40.539633 2599911 lm_feature_timing.cpp:80] node dpath/b_reg/n8:1120751 resistance 25.68 cap 0.000790094 slew 0.018037 delay 0.0209421 power 0.000102367
I0312 12:31:40.542397 2599773 lm_feature_timing.cpp:80] node dpath/a_lt_b/n7:738445 resistance 23.54 cap 0.00133709 slew 0.021289 delay 0.0366016 power 2.43684e-05
I0312 12:31:40.539657 2599915 lm_feature_timing.cpp:80] node ctrl/U6:A1 resistance 20.544 cap 0.00591494 slew 0.0498893 delay 0.12587 power 0.000526598
I0312 12:31:40.542411 2599820 lm_feature_timing.cpp:137] net dpath/a_mux/n7 resistance 30.816 cap 0.000897838 slew 0.00185727 delay 0.0114644 power 4.11375e-08
I0312 12:31:40.539790 2599886 lm_feature_timing.cpp:80] node dpath/a_mux/n1:807881 resistance 11.128 cap 0.00067212 slew 0.035457 delay 0.00798141 power 3.80191e-05
I0312 12:31:40.539810 2599895 lm_feature_timing.cpp:80] node ctrl/next_state__0[0]:1138877 resistance 20.972 cap 0.000683648 slew 0.029224 delay 0.0164478 power 6.08642e-05
I0312 12:31:40.539808 2599860 lm_feature_timing.cpp:80] node dpath/b_reg_out[11]:448583 resistance 64.628 cap 0.000530462 slew 0.0414827 delay 0.238763 power 7.21291e-05
I0312 12:31:40.539872 2599772 lm_feature_timing.cpp:80] node dpath/a_reg_out[1]:729147 resistance 35.524 cap 0.00369244 slew 0.0420913 delay 0.171523 power 0.000200456
I0312 12:31:40.539896 2599881 lm_feature_timing.cpp:80] node dpath/b_reg_out[1]:770267 resistance 0.856 cap 0.00483142 slew 0.036533 delay 0.00414592 power 0.000611737
I0312 12:32:40.533819 2599895 lm_feature_timing.cpp:80] node ctrl/next_state__0[0]:785241 resistance 22.684 cap 0.000552876 slew 0.029224 delay 0.0173944 power 4.92217e-05
I0312 12:32:40.533882 2599860 lm_feature_timing.cpp:80] node dpath/b_reg_out[11]:448567 resistance 57.78 cap 0.000599959 slew 0.0414827 delay 0.23513 power 8.15789e-05
I0312 12:32:40.533937 2599895 lm_feature_timing.cpp:80] node ctrl/next_state__0[0]:786917 resistance 20.972 cap 0.000573041 slew 0.029224 delay 0.0164478 power 5.10169e-05
I0312 12:32:40.533955 2599772 lm_feature_timing.cpp:80] node dpath/a_reg_out[1]:729153 resistance 38.092 cap 0.0013908 slew 0.0420913 delay 0.175095 power 7.55043e-05
I0312 12:32:40.533991 2599860 lm_feature_timing.cpp:80] node dpath/b_reg_out[11]:448583 resistance 64.628 cap 0.000530462 slew 0.0414827 delay 0.238763 power 7.21291e-05
I0312 12:31:40.539898 2599833 lm_feature_timing.cpp:80] node dpath/a_mux/n10:445968 resistance 3.852 cap 0.000945216 slew 0.037124 delay 0.00364097 power 5.3467e-05
I0312 12:31:40.539923 2599787 lm_feature_timing.cpp:80] node dpath/b_reg_out[3]:1100537 resistance 38.092 cap 0.000848264 slew 0.0411981 delay 0.0743595 power 0.000108437
I0312 12:32:40.534088 2599860 lm_feature_timing.cpp:80] node dpath/a_mux/U5:A2 resistance 82.176 cap 0.000572598 slew 0.0414827 delay 0.274642 power 7.78585e-05
I0312 12:31:40.539928 2599873 lm_feature_timing.cpp:80] node dpath/b_mux_out[1]:394803 resistance 0.428 cap 0.000893312 slew 0.017 delay 0.000382338 power 0.000104738
I0312 12:32:40.534168 2599860 lm_feature_timing.cpp:80] node dpath/b_reg_out[11]:440152 resistance 82.176 cap 0.000580429 slew 0.0414827 delay 0.274642 power 7.89233e-05
I0312 12:32:40.534180 2599833 lm_feature_timing.cpp:80] node dpath/a_mux/n10:445141 resistance 9.416 cap 0.00083167 slew 0.037124 delay 0.0083205 power 4.70441e-05
I0312 12:32:40.534235 2599860 lm_feature_timing.cpp:80] node dpath/b_reg_out[11]:440151 resistance 81.748 cap 0.00058826 slew 0.0414827 delay 0.274394 power 7.99881e-05
I0312 12:32:40.534226 2599787 lm_feature_timing.cpp:80] node dpath/b_reg_out[3]:1100529 resistance 34.668 cap 0.000884873 slew 0.0411981 delay 0.0714551 power 0.000113117
I0312 12:31:40.539976 2599827 lm_feature_timing.cpp:80] node dpath/b_reg_out[2]:414956 resistance 0 cap 0.0047109 slew 0.035629 delay 0 power 0.000599437
I0312 12:32:40.534272 2599833 lm_feature_timing.cpp:80] node dpath/a_mux/n10:445979 resistance 10.272 cap 0.000770786 slew 0.037124 delay 0.00898029 power 4.36002e-05
I0312 12:32:40.534273 2599873 lm_feature_timing.cpp:80] node dpath/b_mux/U3:Z resistance 0 cap 0.000901143 slew 0.017 delay 0 power 0.000105656
I0312 12:32:40.534308 2599860 lm_feature_timing.cpp:80] node dpath/b_reg_out[11]:440152 resistance 82.176 cap 0.000580429 slew 0.0414827 delay 0.274642 power 7.89233e-05
I0312 12:32:40.534320 2599787 lm_feature_timing.cpp:80] node dpath/b_reg_out[3]:1100537 resistance 38.092 cap 0.000848264 slew 0.0411981 delay 0.0743595 power 0.000108437
I0312 12:31:40.536830 2599894 lm_feature_timing.cpp:80] node dpath/a_lt_b/n11:747795 resistance 5.136 cap 0.00148856 slew 0.030248 delay 0.00764523 power 2.41146e-05
I0312 12:32:40.534358 2599833 lm_feature_timing.cpp:80] node dpath/a_mux/U22:B resistance 18.832 cap 0.000586961 slew 0.037124 delay 0.0147403 power 3.3202e-05
I0312 12:31:40.536886 2599923 lm_feature_timing.cpp:80] node ctrl_a_mux_sel[0]:440103 resistance 47.508 cap 0.00126557 slew 0.0481361 delay 0.095617 power 4.05224e-05
I0312 12:32:40.534399 2599787 lm_feature_timing.cpp:80] node dpath/b_reg_out[3]:1123155 resistance 9.844 cap 0.00139758 slew 0.0411981 delay 0.0434776 power 0.000178658
I0312 12:32:40.534435 2599833 lm_feature_timing.cpp:80] node dpath/a_mux/n10:445999 resistance 18.832 cap 0.000672902 slew 0.037124 delay 0.0147403 power 3.80633e-05
I0312 12:31:40.540094 2599877 lm_feature_timing.cpp:80] node dpath/a_lt_b/U23:B2 resistance 35.096 cap 0.000718455 slew 0.0405131 delay 0.0937418 power 9.34978e-05
I0312 12:32:40.534516 2599894 lm_feature_timing.cpp:80] node dpath/a_lt_b/U20:ZN resistance 0 cap 0.00154161 slew 0.030248 delay 0 power 2.49741e-05
I0312 12:32:40.534560 2599833 lm_feature_timing.cpp:80] node dpath/a_mux/n10:445979 resistance 10.272 cap 0.000770786 slew 0.037124 delay 0.00898029 power 4.36002e-05
I0312 12:31:40.528556 2599899 lm_feature_timing.cpp:80] node dpath/a_reg_out[13]:508789 resistance 0.856 cap 0.005116 slew 0.03813 delay 0.0043793 power 0.000494146
I0312 12:31:40.536967 2599868 lm_feature_timing.cpp:80] node dpath/a_mux/FE_OFN5_n18:1142451 resistance 45.796 cap 0.00150984 slew 0.0317631 delay 0.418086 power 9.66871e-05
I0312 12:31:40.540176 2599885 lm_feature_timing.cpp:80] node dpath/a_reg_out[9]:487167 resistance 51.36 cap 0.000610261 slew 0.0459835 delay 0.214964 power 4.45288e-05
I0312 12:31:40.528802 2599794 lm_feature_timing.cpp:80] node dpath/b_mux_out[8]:441901 resistance 5.564 cap 0.00110709 slew 0.018669 delay 0.00615984 power 0.00013887
I0312 12:32:40.534781 2599899 lm_feature_timing.cpp:80] node dpath/a_reg_out[13]:820525 resistance 52.216 cap 0.000659839 slew 0.0381302 delay 0.162192 power 6.37327e-05
I0312 12:31:40.540235 2599847 lm_feature_timing.cpp:80] node dpath/b_reg_out[6]:402589 resistance 28.676 cap 0.000664439 slew 0.0373512 delay 0.0732992 power 8.60865e-05
I0312 12:32:40.534878 2599899 lm_feature_timing.cpp:80] node dpath/a_reg_out[13]:1172485 resistance 52.216 cap 0.000712892 slew 0.0381302 delay 0.162192 power 6.8857e-05
I0312 12:32:40.534921 2599868 lm_feature_timing.cpp:80] node dpath/a_mux/FE_OFN5_n18:1142449 resistance 44.94 cap 0.00152178 slew 0.0317631 delay 0.416794 power 9.74519e-05
I0312 12:31:40.540292 2599803 lm_feature_timing.cpp:80] node dpath/a_lt_b/n16:424345 resistance 8.56 cap 0.000611371 slew 0.024183 delay 0.00569383 power 9.9042e-06
I0312 12:32:40.534970 2599794 lm_feature_timing.cpp:80] node dpath/b_mux_out[8]:440234 resistance 0 cap 0.00116425 slew 0.018669 delay 0 power 0.000146041
I0312 12:32:40.534991 2599847 lm_feature_timing.cpp:80] node dpath/b_reg_out[6]:402596 resistance 31.672 cap 0.000631941 slew 0.0373512 delay 0.0751925 power 8.1876e-05
I0312 12:31:40.540273 2599883 lm_feature_timing.cpp:80] node dpath/b_reg/n14:467784 resistance 0 cap 0.00140969 slew 0.020042 delay 0 power 0.000192567
I0312 12:32:40.535070 2599803 lm_feature_timing.cpp:80] node dpath/a_lt_b/n16:422673 resistance 5.136 cap 0.000647979 slew 0.024183 delay 0.0036005 power 1.04973e-05
I0312 12:32:40.535070 2599794 lm_feature_timing.cpp:137] net dpath/b_mux_out[8] resistance 59.064 cap 0.00116425 slew 0.0112235 delay 0.0256791 power 1.16486e-07
I0312 12:31:40.540350 2599831 lm_feature_timing.cpp:80] node dpath/b_mux/U15:Z resistance 0 cap 0.000991587 slew 0.017469 delay 0 power 0.000137232
I0312 12:31:40.537268 2599924 lm_feature_timing.cpp:80] node dpath/a_lt_b/U20:B2 resistance 44.084 cap 0.000718455 slew 0.0449412 delay 0.167522 power 4.74709e-05
I0312 12:31:40.540395 2599836 lm_feature_timing.cpp:80] node dpath/b_reg/n2:407417 resistance 0 cap 0.00094103 slew 0.017303 delay 0 power 0.000117179
I0312 12:32:40.535259 2599831 lm_feature_timing.cpp:80] node dpath/b_mux_out[13]:464370 resistance 0 cap 0.000991587 slew 0.017469 delay 0 power 0.000137232
I0312 12:32:40.535252 2599836 lm_feature_timing.cpp:137] net dpath/b_reg/n2 resistance 37.664 cap 0.00094103 slew 0.00492822 delay 0.0141112 power 9.49147e-08
I0312 12:31:40.540406 2599891 lm_feature_timing.cpp:137] net dpath/a_reg/n3 resistance 72.76 cap 0.00127814 slew 0.0174436 delay 0.0334405 power 5.62042e-08
I0312 12:32:40.535372 2599836 lm_feature_timing.cpp:125] build net dpath/sub/n26 feature 
I0312 12:31:40.537402 2599830 lm_feature_timing.cpp:125] build net dpath/b_zero/n4 feature 
I0312 12:32:40.535424 2599891 lm_feature_timing.cpp:125] build net dpath/sub/n27 feature 
I0312 12:31:40.537402 2599896 lm_feature_timing.cpp:80] node clk:417383 resistance 84.744 cap 0.00109572 slew 0.000474482 delay 0.398156 power 0.000355013
I0312 12:31:40.540565 2599835 lm_feature_timing.cpp:80] node dpath/a_lt_b/n31:843171 resistance 0 cap 0.00115242 slew 0.048638 delay 0 power 2.61508e-05
I0312 12:31:40.540417 2599840 lm_feature_timing.cpp:80] node dpath/a_lt_b/n30:844105 resistance 7.276 cap 0.00193809 slew 0.037595 delay 0.014267 power 4.09897e-05
I0312 12:32:40.535645 2599896 lm_feature_timing.cpp:80] node clk:1457341 resistance 68.48 cap 0.005291 slew 0.000474042 delay 0.377734 power 0.00171428
I0312 12:32:40.535686 2599835 lm_feature_timing.cpp:80] node dpath/a_lt_b/n31:834789 resistance 9.416 cap 0.00105825 slew 0.048638 delay 0.0099645 power 2.4014e-05
I0312 12:31:40.540597 2599902 lm_feature_timing.cpp:80] node dpath/a_lt_b/n37:471887 resistance 12.412 cap 0.0012547 slew 0.018123 delay 0.0171344 power 1.01631e-05
I0312 12:30:40.548751 2599862 lm_feature_timing.cpp:80] node dpath/a_mux_out[11]:477033 resistance 37.236 cap 0.000590266 slew 0.018599 delay 0.0354897 power 9.35143e-05
I0312 12:31:40.537554 2599912 lm_feature_timing.cpp:80] node ctrl/state/out_reg_0_:CN resistance 25.252 cap 0.000562576 slew 2.77717e-05 delay 0.0314651 power 4.55687e-06
I0312 12:31:40.540635 2599900 lm_feature_timing.cpp:80] node dpath/a_mux_out[0]:734153 resistance 10.7 cap 0.00068071 slew 0.016457 delay 0.00846132 power 4.54771e-05
I0312 12:32:40.535854 2599891 lm_feature_timing.cpp:80] node dpath/sub/U32:CI resistance 17.12 cap 0.00138207 slew 0.01595 delay 0.0266546 power 0.000408108
I0312 12:32:40.535859 2599830 lm_feature_timing.cpp:80] node dpath/b_zero/n4:785403 resistance 23.112 cap 0.000951918 slew 0.016176 delay 0.0273194 power 3.08421e-05
I0312 12:31:40.537582 2599776 lm_feature_timing.cpp:80] node dpath/a_mux/n12:445859 resistance 5.992 cap 0.000598903 slew 0.034079 delay 0.00392244 power 3.38775e-05
I0312 12:32:40.535917 2599912 lm_feature_timing.cpp:80] node ctrl/state/n1:784401 resistance 25.252 cap 0.000648517 slew 2.77717e-05 delay 0.0314651 power 5.25299e-06
I0312 12:32:40.535957 2599891 lm_feature_timing.cpp:80] node dpath/sub/n27:806353 resistance 17.12 cap 0.00140223 slew 0.01595 delay 0.0266546 power 0.000414063
I0312 12:32:40.535949 2599862 lm_feature_timing.cpp:80] node dpath/a_mux_out[11]:828993 resistance 37.236 cap 0.000881761 slew 0.018599 delay 0.0354897 power 0.000139695
I0312 12:31:40.540729 2599777 lm_feature_timing.cpp:80] node dpath/b_zero/n3:432617 resistance 26.536 cap 0.000901793 slew 0.016811 delay 0.0309579 power 2.92181e-05
I0312 12:32:40.536015 2599776 lm_feature_timing.cpp:80] node dpath/a_mux/U25:ZN resistance 0 cap 0.000716951 slew 0.034079 delay 0 power 4.0555e-05
I0312 12:31:40.540756 2599857 lm_feature_timing.cpp:80] node dpath/a_lt_b/n15:1130791 resistance 2.14 cap 0.000854871 slew 0.021785 delay 0.00354955 power 6.92446e-06
I0312 12:31:40.540799 2599846 lm_feature_timing.cpp:80] node dpath/a_reg/n18:1092125 resistance 154.08 cap 0.00336467 slew 0.050212 delay 1.09894 power 2.72539e-05
I0312 12:31:40.540802 2599848 lm_feature_timing.cpp:137] net dpath/a_mux_out[14] resistance 47.08 cap 0.00107398 slew 0.00835464 delay 0.0196739 power 1.50318e-07
I0312 12:32:40.536095 2599776 lm_feature_timing.cpp:80] node dpath/a_mux/n12:792793 resistance 0 cap 0.000716951 slew 0.034079 delay 0 power 4.0555e-05
I0312 12:31:40.537642 2599800 lm_feature_timing.cpp:80] node dpath/b_mux_out[14]:464350 resistance 0 cap 0.000907801 slew 0.01702 delay 0 power 0.000166291
I0312 12:31:40.540895 2599859 lm_feature_timing.cpp:80] node dpath/a_lt_b/U10:ZN resistance 0 cap 0.00103754 slew 0.031625 delay 0 power 1.68082e-05
I0312 12:32:40.536164 2599846 lm_feature_timing.cpp:80] node dpath/a_reg/n18:1444085 resistance 154.08 cap 0.00344239 slew 0.050212 delay 1.09894 power 2.78834e-05
I0312 12:31:40.540940 2599770 lm_feature_timing.cpp:80] node dpath/sub/n19:806427 resistance 4.28 cap 0.0014634 slew 0.015164 delay 0.00645522 power 0.000276907
I0312 12:31:40.540930 2599870 lm_feature_timing.cpp:80] node dpath/sub/n14:384737 resistance 0.856 cap 0.00233172 slew 0.024598 delay 0.00199595 power 1.88869e-05
I0312 12:32:40.536283 2599800 lm_feature_timing.cpp:80] node dpath/b_mux_out[14]:464353 resistance 1.284 cap 0.000891748 slew 0.01702 delay 0.001145 power 0.00016335
I0312 12:32:40.536319 2599770 lm_feature_timing.cpp:80] node dpath/sub/n19:1158387 resistance 4.28 cap 0.0014634 slew 0.015164 delay 0.00645522 power 0.000276907
I0312 12:31:40.540972 2599907 lm_feature_timing.cpp:80] node dpath/b_mux_out[11]:464440 resistance 0 cap 0.000705376 slew 0.015792 delay 0 power 9.59044e-05
I0312 12:31:40.540961 2599863 lm_feature_timing.cpp:80] node dpath/a_reg/n15:860713 resistance 62.06 cap 0.000612145 slew 0.0226471 delay 0.0755333 power 5.9126e-05
I0312 12:31:40.540988 2599789 lm_feature_timing.cpp:80] node dpath/b_reg/n17:449303 resistance 0 cap 0.00071081 slew 0.015991 delay 0 power 9.83375e-05
I0312 12:31:40.537950 2599875 lm_feature_timing.cpp:80] node ctrl/U12:ZN resistance 0 cap 0.00139018 slew 0.015546 delay 0 power 3.32518e-05
I0312 12:31:40.540952 2599882 lm_feature_timing.cpp:80] node dpath/sub/n18:490421 resistance 2.568 cap 0.00228238 slew 0.024076 delay 0.00586116 power 1.84873e-05
I0312 12:32:40.536484 2599863 lm_feature_timing.cpp:80] node dpath/a_reg/n15:860759 resistance 42.372 cap 0.00140441 slew 0.0226471 delay 0.059685 power 0.000135649
I0312 12:31:40.541002 2599887 lm_feature_timing.cpp:80] node dpath/b_reg_out[13]:498777 resistance 0.428 cap 0.00652095 slew 0.046944 delay 0.00279097 power 0.000894618
I0312 12:31:40.537977 2599906 lm_feature_timing.cpp:80] node dpath/a_mux_out[6]:396646 resistance 0 cap 0.0010558 slew 0.017149 delay 0 power 0.000113115
I0312 12:32:40.536578 2599863 lm_feature_timing.cpp:80] node dpath/a_reg/n15:1212719 resistance 42.372 cap 0.000997803 slew 0.0226471 delay 0.059685 power 9.63761e-05
I0312 12:31:40.538045 2599856 lm_feature_timing.cpp:125] build net dpath/sub/n16 feature 
I0312 12:32:40.536624 2599882 lm_feature_timing.cpp:80] node dpath/sub/n18:842381 resistance 2.568 cap 0.002254 slew 0.024076 delay 0.00586116 power 1.82574e-05
I0312 12:31:40.538039 2599793 lm_feature_timing.cpp:80] node dpath/sub/n15:727541 resistance 17.976 cap 0.00138118 slew 0.022514 delay 0.0280115 power 9.69718e-05
I0312 12:32:40.536677 2599887 lm_feature_timing.cpp:80] node dpath/b_reg_out[13]:850737 resistance 0.428 cap 0.00651312 slew 0.046944 delay 0.00279097 power 0.000893544
I0312 12:31:40.530515 2599788 lm_feature_timing.cpp:80] node dpath/a_mux_out[5]:381555 resistance 0.428 cap 0.00122886 slew 0.017957 delay 0.00052595 power 0.000126005
I0312 12:31:40.541105 2599861 lm_feature_timing.cpp:80] node dpath/a_reg_out[7]:777943 resistance 62.916 cap 0.000716612 slew 0.0402571 delay 0.140403 power 4.89958e-05
I0312 12:32:40.536746 2599906 lm_feature_timing.cpp:80] node dpath/a_mux_out[6]:402545 resistance 21.828 cap 0.00060671 slew 0.017149 delay 0.0181208 power 6.50007e-05
I0312 12:31:40.541141 2599774 lm_feature_timing.cpp:125] build net dpath/sub/n22 feature 
I0312 12:31:40.538204 2599784 lm_feature_timing.cpp:80] node dpath/a_mux/FE_OFN3_ctrl_a_mux_sel_1:734307 resistance 110.852 cap 0.0037575 slew 0.0264799 delay 0.847364 power 0.000120312
I0312 12:31:40.541155 2599807 lm_feature_timing.cpp:80] node dpath/a_lt_b/n10:401694 resistance 16.692 cap 0.000589685 slew 0.022374 delay 0.0198011 power 4.77645e-06
I0312 12:31:40.541177 2599821 lm_feature_timing.cpp:80] node dpath/a_lt_b/n3:381393 resistance 9.416 cap 0.000647979 slew 0.018363 delay 0.00856511 power 5.24863e-06
I0312 12:32:40.536924 2599861 lm_feature_timing.cpp:80] node dpath/a_reg_out[7]:1129913 resistance 58.636 cap 0.000806273 slew 0.0402571 delay 0.137144 power 5.51261e-05
I0312 12:31:40.541203 2599864 lm_feature_timing.cpp:80] node dpath/a_lt_b/n1:381413 resistance 9.416 cap 0.000746613 slew 0.017306 delay 0.00795497 power 6.04757e-06
I0312 12:31:40.538292 2599925 lm_feature_timing.cpp:80] node dpath/b_reg/n4:768621 resistance 12.412 cap 0.000666762 slew 0.01652 delay 0.0085469 power 8.48419e-05
I0312 12:32:40.537034 2599861 lm_feature_timing.cpp:80] node dpath/a_reg_out[7]:1481873 resistance 58.636 cap 0.000933325 slew 0.0402571 delay 0.137144 power 6.38129e-05
I0312 12:31:40.541249 2599834 lm_feature_timing.cpp:80] node dpath/a_mux_out[4]:727649 resistance 16.264 cap 0.00120908 slew 0.019269 delay 0.0213456 power 0.000118409
I0312 12:31:40.541250 2599808 lm_feature_timing.cpp:80] node dpath/a_reg/n5:729275 resistance 0.856 cap 0.00108746 slew 0.018395 delay 0.000941092 power 6.43318e-05
I0312 12:32:40.537163 2599861 lm_feature_timing.cpp:80] node dpath/a_reg_out[7]:1129903 resistance 62.916 cap 0.000761443 slew 0.0402571 delay 0.140403 power 5.2061e-05
I0312 12:32:40.537164 2599864 lm_feature_timing.cpp:80] node dpath/a_lt_b/U12:ZN resistance 0 cap 0.00094238 slew 0.017306 delay 0 power 7.63328e-06
I0312 12:31:40.530740 2599812 lm_feature_timing.cpp:80] node dpath/a_lt_b/n2:737553 resistance 5.992 cap 0.000648236 slew 0.023105 delay 0.00388423 power 1.05014e-05
I0312 12:31:40.541343 2599880 lm_feature_timing.cpp:125] build net dpath/sub/n23 feature 
I0312 12:32:40.537240 2599834 lm_feature_timing.cpp:80] node dpath/a_mux_out[4]:1079609 resistance 16.264 cap 0.00114781 slew 0.019269 delay 0.0213456 power 0.000112409
I0312 12:32:40.537266 2599864 lm_feature_timing.cpp:80] node dpath/a_lt_b/n1:377235 resistance 0 cap 0.00094238 slew 0.017306 delay 0 power 7.63328e-06
I0312 12:31:40.541378 2599909 lm_feature_timing.cpp:80] node dpath/sub/U14:CI resistance 17.976 cap 0.00130796 slew 0.015835 delay 0.0266826 power 0.000208752
I0312 12:31:40.541394 2599884 lm_feature_timing.cpp:80] node dpath/a_mux/U34:B resistance 7.704 cap 0.000586961 slew 0.034452 delay 0.00517165 power 4.75438e-06
I0312 12:32:40.537333 2599864 lm_feature_timing.cpp:80] node dpath/a_lt_b/n1:377223 resistance 5.136 cap 0.000889328 slew 0.017306 delay 0.00456759 power 7.20355e-06
I0312 12:31:40.541416 2599841 lm_feature_timing.cpp:80] node dpath/a_reg/n1:485243 resistance 10.272 cap 0.000547203 slew 0.011477 delay 0.00670442 power 9.45538e-05
I0312 12:31:40.538569 2599921 lm_feature_timing.cpp:80] node dpath/a_mux/n14:399978 resistance 3.852 cap 0.000851443 slew 0.036474 delay 0.0034129 power 4.81626e-05
I0312 12:32:40.537403 2599864 lm_feature_timing.cpp:80] node dpath/a_lt_b/n1:377235 resistance 0 cap 0.00094238 slew 0.017306 delay 0 power 7.63328e-06
I0312 12:32:40.537425 2599884 lm_feature_timing.cpp:80] node dpath/a_mux/n17:446029 resistance 7.704 cap 0.000598903 slew 0.034452 delay 0.00517165 power 4.85112e-06
I0312 12:32:40.537454 2599841 lm_feature_timing.cpp:80] node dpath/a_reg/U3:ZN resistance 0 cap 0.000759415 slew 0.011477 delay 0 power 0.000131223
I0312 12:32:40.537474 2599864 lm_feature_timing.cpp:80] node dpath/a_lt_b/n1:377223 resistance 5.136 cap 0.000889328 slew 0.017306 delay 0.00456759 power 7.20355e-06
I0312 12:31:40.541461 2599798 lm_feature_timing.cpp:80] node dpath/b_mux/n1:1128231 resistance 29.104 cap 0.000704251 slew 0.0427555 delay 0.328655 power 6.84028e-05
I0312 12:31:40.541453 2599824 lm_feature_timing.cpp:80] node dpath/a_mux/n15:784593 resistance 0 cap 0.000945607 slew 0.036668 delay 0 power 5.34891e-05
I0312 12:31:40.538630 2599901 lm_feature_timing.cpp:137] net dpath/a_mux/n16 resistance 15.408 cap 0.000780143 slew 0.000661672 delay 0.00534141 power 4.04666e-08
I0312 12:32:40.537595 2599880 lm_feature_timing.cpp:80] node dpath/sub/U31:CI resistance 32.528 cap 0.00138207 slew 0.0171121 delay 0.0553547 power 0.000179637
I0312 12:32:40.537629 2599901 lm_feature_timing.cpp:125] build net dpath/sub/n29 feature 
I0312 12:32:40.537647 2599798 lm_feature_timing.cpp:80] node dpath/b_mux/U10:B2 resistance 13.696 cap 0.000667642 slew 0.0427543 delay 0.191945 power 6.4847e-05
I0312 12:32:40.537681 2599880 lm_feature_timing.cpp:80] node dpath/sub/n23:746177 resistance 32.528 cap 0.00155023 slew 0.0171121 delay 0.0553547 power 0.000201494
I0312 12:31:40.541507 2599871 lm_feature_timing.cpp:80] node dpath/b_reg/n3:761863 resistance 1.284 cap 0.000752703 slew 0.016325 delay 0.000987083 power 9.53046e-05
I0312 12:31:40.541536 2599874 lm_feature_timing.cpp:80] node dpath/b_mux/U7:Z resistance 0 cap 0.00109025 slew 0.018108 delay 0 power 0.000133
I0312 12:31:40.541549 2599917 lm_feature_timing.cpp:80] node dpath/a_reg/n17:455093 resistance 0 cap 0.000990363 slew 0.017676 delay 0 power 0.00010023
I0312 12:31:40.541553 2599779 lm_feature_timing.cpp:80] node dpath/b_reg_out[0]:760235 resistance 35.952 cap 0.000839982 slew 0.0405594 delay 0.138423 power 0.000104596
I0312 12:31:40.531183 2599926 lm_feature_timing.cpp:80] node dpath/a_lt_b/U27:A1 resistance 63.344 cap 0.000684174 slew 0.0440891 delay 0.0986088 power 2.42076e-05
I0312 12:31:40.538766 2599842 lm_feature_timing.cpp:80] node dpath/a_reg_out[14]:842255 resistance 7.704 cap 0.000747958 slew 0.040448 delay 0.0423152 power 0.000104505
I0312 12:32:40.537886 2599917 lm_feature_timing.cpp:137] net dpath/a_reg/n17 resistance 42.8 cap 0.000990363 slew 0.00608817 delay 0.0165879 power 8.11862e-08
I0312 12:31:40.541630 2599811 lm_feature_timing.cpp:80] node dpath/a_lt_b/U5:ZN resistance 0 cap 0.00150731 slew 0.021423 delay 0 power 1.22092e-05
I0312 12:31:40.541644 2599778 lm_feature_timing.cpp:80] node dpath/a_lt_b/placeFE_RC_0_0:A1 resistance 12.412 cap 0.000571979 slew 0.020683 delay 0.011754 power 4.63303e-06
I0312 12:32:40.537993 2599917 lm_feature_timing.cpp:125] build net dpath/sub/n30 feature 
I0312 12:31:40.541631 2599888 lm_feature_timing.cpp:80] node dpath/b_reg/FE_OFN2_ctrl_b_reg_en_0:823209 resistance 130.54 cap 0.000735812 slew 0.0278504 delay 0.728667 power 5.55824e-05
I0312 12:31:40.541668 2599822 lm_feature_timing.cpp:80] node dpath/a_reg_out[8]:438557 resistance 67.196 cap 0.00071211 slew 0.0475416 delay 0.25688 power 5.03242e-05
I0312 12:31:40.531351 2599818 lm_feature_timing.cpp:80] node dpath/a_lt_b/n24:837439 resistance 9.416 cap 0.000657908 slew 0.019989 delay 0.00768284 power 0
I0312 12:32:40.538065 2599811 lm_feature_timing.cpp:80] node dpath/a_lt_b/n18:487186 resistance 0 cap 0.00150731 slew 0.021423 delay 0 power 1.22092e-05
I0312 12:31:40.541776 2599876 lm_feature_timing.cpp:80] node dpath/a_reg_out[2]:1087901 resistance 58.636 cap 0.000784897 slew 0.0429064 delay 0.233902 power 4.45833e-05
I0312 12:32:40.538098 2599778 lm_feature_timing.cpp:80] node dpath/a_lt_b/n12:395001 resistance 12.412 cap 0.00065792 slew 0.020683 delay 0.011754 power 5.32916e-06
I0312 12:31:40.541796 2599768 lm_feature_timing.cpp:80] node dpath/a_mux_out[1]:378034 resistance 0 cap 0.000975925 slew 0.016524 delay 0 power 8.15541e-05
I0312 12:31:40.541817 2599819 lm_feature_timing.cpp:80] node dpath/a_reg_out[3]:1087985 resistance 27.82 cap 0.00078389 slew 0.042396 delay 0.0529296 power 4.6373e-05
I0312 12:31:40.541831 2599910 lm_feature_timing.cpp:80] node dpath/b_reg/n9:776291 resistance 1.712 cap 0.000813196 slew 0.016665 delay 0.00139219 power 0.000105827
I0312 12:32:40.538197 2599768 lm_feature_timing.cpp:137] net dpath/a_mux_out[1] resistance 40.232 cap 0.000975925 slew 0.00536313 delay 0.0156 power 6.4855e-08
I0312 12:32:40.538199 2599818 lm_feature_timing.cpp:80] node dpath/a_lt_b/n24:482965 resistance 6.848 cap 0.000743459 slew 0.019989 delay 0.00599333 power 0
I0312 12:31:40.541882 2599805 lm_feature_timing.cpp:80] node ctrl_b_mux_sel_0_:1164909 resistance 30.816 cap 0.0168636 slew 0.0310351 delay 0.556517 power 0.00163794
I0312 12:31:40.541918 2599829 lm_feature_timing.cpp:80] node ctrl/n2:439219 resistance 0 cap 0.00150141 slew 0.023799 delay 0 power 1.21614e-05
I0312 12:31:40.539171 2599850 lm_feature_timing.cpp:80] node dpath/b_mux_out[4]:738499 resistance 0.428 cap 0.000894485 slew 0.017183 delay 0.000386191 power 0.000108088
I0312 12:32:40.538283 2599768 lm_feature_timing.cpp:125] build net dpath/sub/n31 feature 
I0312 12:31:40.531685 2599826 lm_feature_timing.cpp:80] node dpath/a_mux_out[8]:787133 resistance 1.284 cap 0.00181674 slew 0.021299 delay 0.00234116 power 0.000211337
I0312 12:32:40.538316 2599850 lm_feature_timing.cpp:137] net dpath/b_mux_out[4] resistance 33.384 cap 0.000910148 slew 0.00375609 delay 0.0123328 power 8.73438e-08
I0312 12:31:40.531754 2599905 lm_feature_timing.cpp:80] node dpath/a_mux_out[7]:1139129 resistance 11.556 cap 0.000868255 slew 0.017289 delay 0.011407 power 9.70121e-05
I0312 12:31:40.541996 2599817 lm_feature_timing.cpp:80] node dpath/a_mux/n5:381333 resistance 5.564 cap 0.000713231 slew 0.035087 delay 0.00410826 power 4.03445e-05
I0312 12:31:40.542012 2599879 lm_feature_timing.cpp:80] node dpath/a_mux_out[13]:456823 resistance 0 cap 0.000983365 slew 0.016793 delay 0 power 0.000165368
I0312 12:30:40.553526 2599816 lm_feature_timing.cpp:80] node dpath/a_lt_b/n26:483778 resistance 0 cap 0.000774979 slew 0.022504 delay 0 power 1.87242e-05
I0312 12:31:40.541949 2599786 lm_feature_timing.cpp:80] node dpath/a_mux/U20:B resistance 19.26 cap 0.000586961 slew 0.037386 delay 0.0153408 power 3.3202e-05
I0312 12:31:40.539248 2599918 lm_feature_timing.cpp:80] node dpath/b_mux_out[2]:1113833 resistance 26.536 cap 0.000762149 slew 0.019314 delay 0.027125 power 9.03172e-05
I0312 12:32:40.538564 2599768 lm_feature_timing.cpp:80] node dpath/sub/U15:CI resistance 44.512 cap 0.00130796 slew 0.0249811 delay 0.0774167 power 0.000189379
I0312 12:32:40.538573 2599879 lm_feature_timing.cpp:80] node dpath/a_mux_out[13]:456831 resistance 3.424 cap 0.000946756 slew 0.016793 delay 0.00324169 power 0.000159212
I0312 12:31:40.542090 2599804 lm_feature_timing.cpp:80] node dpath/a_mux/U5:ZN resistance 0 cap 0.000716951 slew 0.034079 delay 0 power 4.0555e-05
I0312 12:31:40.539269 2599922 lm_feature_timing.cpp:80] node dpath/a_lt_b/n29:842337 resistance 15.836 cap 0.000733627 slew 0.020196 delay 0.0131883 power 5.94238e-06
I0312 12:31:40.539314 2599815 lm_feature_timing.cpp:80] node dpath/a_lt_b/n4:735191 resistance 10.7 cap 0.000661477 slew 0.021374 delay 0.00825553 power 5.35797e-06
I0312 12:32:40.538641 2599918 lm_feature_timing.cpp:80] node dpath/b_mux_out[2]:1113851 resistance 34.24 cap 0.00068443 slew 0.019314 delay 0.0323978 power 8.11072e-05
I0312 12:31:40.542207 2599913 lm_feature_timing.cpp:80] node dpath/a_reg_out[5]:386597 resistance 57.78 cap 0.000615106 slew 0.0410005 delay 0.228584 power 3.92281e-05
I0312 12:32:40.538681 2599786 lm_feature_timing.cpp:80] node dpath/a_mux/n9:431002 resistance 19.26 cap 0.000598903 slew 0.037386 delay 0.0153408 power 3.38775e-05
I0312 12:31:40.542214 2599898 lm_feature_timing.cpp:80] node dpath/b_reg/n7:762033 resistance 8.988 cap 0.00081848 slew 0.017663 delay 0.00816589 power 0.000105574
I0312 12:32:40.538729 2599815 lm_feature_timing.cpp:80] node dpath/a_lt_b/n4:738543 resistance 14.124 cap 0.000624869 slew 0.021374 delay 0.0103951 power 5.06144e-06
I0312 12:32:40.538749 2599786 lm_feature_timing.cpp:137] net dpath/a_mux/n9 resistance 38.52 cap 0.00100904 slew 0.00287508 delay 0.0153408 power 4.62324e-08
I0312 12:31:40.542251 2599852 lm_feature_timing.cpp:80] node dpath/b_reg_out[10]:493847 resistance 0.428 cap 0.00538664 slew 0.039955 delay 0.00230548 power 0.000468698
I0312 12:31:40.542268 2599849 lm_feature_timing.cpp:80] node dpath/a_lt_b/n19:460382 resistance 0 cap 0.00106562 slew 0.017501 delay 0 power 1.80576e-05
I0312 12:31:40.542289 2599780 lm_feature_timing.cpp:80] node dpath/a_reg_out[11]:456933 resistance 44.084 cap 0.00318191 slew 0.0394354 delay 0.183542 power 0.000291842
I0312 12:32:40.538823 2599913 lm_feature_timing.cpp:80] node dpath/a_reg_out[5]:386598 resistance 58.208 cap 0.000607275 slew 0.0410005 delay 0.228844 power 3.87286e-05
I0312 12:31:40.527851 2599872 lm_feature_timing.cpp:80] node dpath/a_reg_out[4]:739447 resistance 36.38 cap 0.00557693 slew 0.0490071 delay 0.229129 power 0.000342825
I0312 12:31:40.542316 2599837 lm_feature_timing.cpp:80] node dpath/a_reg_out[12]:492911 resistance 27.82 cap 0.000482601 slew 0.0441404 delay 0.146065 power 4.54765e-05
I0312 12:32:40.538884 2599852 lm_feature_timing.cpp:80] node dpath/b_reg_out[10]:845807 resistance 0.428 cap 0.00537881 slew 0.039955 delay 0.00230548 power 0.000468017
I0312 12:31:40.542392 2599799 lm_feature_timing.cpp:80] node dpath/a_mux_out[10]:477051 resistance 43.228 cap 0.000590266 slew 0.019133 delay 0.0438711 power 4.78116e-06
I0312 12:32:40.538928 2599913 lm_feature_timing.cpp:80] node dpath/b_mux/U7:B1 resistance 69.764 cap 0.00070467 slew 0.0410005 delay 0.238043 power 4.49399e-05
I0312 12:32:40.538982 2599799 lm_feature_timing.cpp:80] node dpath/a_mux_out[10]:829011 resistance 43.228 cap 0.000815984 slew 0.019133 delay 0.0438711 power 6.60947e-06
I0312 12:31:40.532169 2599782 lm_feature_timing.cpp:80] node dpath/b_reg_out[14]:446816 resistance 53.928 cap 0.00046125 slew 0.0401761 delay 0.076858 power 7.47225e-05
I0312 12:31:40.542420 2599904 lm_feature_timing.cpp:80] node dpath/a_lt_b/n8:386610 resistance 47.508 cap 0.00060861 slew 0.053906 delay 0.0507545 power 9.81134e-06
I0312 12:32:40.539079 2599799 lm_feature_timing.cpp:80] node dpath/a_mux_out[10]:806385 resistance 20.116 cap 0.0010417 slew 0.019133 delay 0.0250121 power 8.43778e-06
I0312 12:31:40.542461 2599911 lm_feature_timing.cpp:80] node dpath/b_reg/U12:Z resistance 0 cap 0.00107258 slew 0.018037 delay 0 power 0.000138967
I0312 12:31:40.542464 2599915 lm_feature_timing.cpp:80] node ctrl/state_out[0]:771045 resistance 17.976 cap 0.00597172 slew 0.0498892 delay 0.110607 power 0.000531653
I0312 12:31:40.542477 2599820 lm_feature_timing.cpp:125] build net dpath/sub/n24 feature 
I0312 12:31:40.542503 2599886 lm_feature_timing.cpp:80] node dpath/a_mux/n1:801177 resistance 4.28 cap 0.000741617 slew 0.035457 delay 0.00337874 power 4.19502e-05
I0312 12:31:40.542542 2599775 lm_feature_timing.cpp:80] node dpath/sub/U36:CI resistance 37.664 cap 0.00138207 slew 0.0248031 delay 0.065954 power 0.000430498
I0312 12:32:40.539335 2599915 lm_feature_timing.cpp:80] node ctrl/state_out[0]:1123005 resistance 17.976 cap 0.00603299 slew 0.0498892 delay 0.110607 power 0.000537108
I0312 12:32:40.534008 2599895 lm_feature_timing.cpp:80] node ctrl/next_state__0[0]:1138877 resistance 20.972 cap 0.000683648 slew 0.029224 delay 0.0164478 power 6.08642e-05
I0312 12:32:40.534001 2599881 lm_feature_timing.cpp:80] node dpath/b_reg_out[1]:418305 resistance 0 cap 0.00485531 slew 0.036533 delay 0 power 0.000614761
I0312 12:32:40.534054 2599772 lm_feature_timing.cpp:80] node dpath/a_reg_out[1]:407357 resistance 2.996 cap 0.00572843 slew 0.0420911 delay 0.0171624 power 0.000310987
I0312 12:32:40.539407 2599915 lm_feature_timing.cpp:80] node ctrl/state_out[0]:1122991 resistance 11.984 cap 0.00609427 slew 0.0498892 delay 0.0744577 power 0.000542563
I0312 12:31:40.532475 2599903 lm_feature_timing.cpp:80] node dpath/b_reg_out[8]:808151 resistance 37.664 cap 0.00374295 slew 0.0374575 delay 0.163842 power 0.000489247
I0312 12:32:40.539434 2599895 lm_feature_timing.cpp:80] node ctrl/next_state__0[0]:1138903 resistance 9.844 cap 0.000794256 slew 0.029224 delay 0.00884021 power 7.07114e-05
I0312 12:31:40.536803 2599867 lm_feature_timing.cpp:80] node dpath/b_mux_out[0]:394828 resistance 0 cap 0.000942254 slew 0.017178 delay 0 power 0.000106529
I0312 12:32:40.539456 2599881 lm_feature_timing.cpp:80] node dpath/b_reg_out[1]:418307 resistance 0.856 cap 0.00484337 slew 0.036533 delay 0.00414592 power 0.000613249
I0312 12:30:40.554003 2599890 lm_feature_timing.cpp:80] node ctrl_a_reg_en_0_:1089727 resistance 280.34 cap 0.00096525 slew 0.0402399 delay 2.56006 power 7.81852e-06
I0312 12:32:40.539479 2599772 lm_feature_timing.cpp:80] node dpath/a_reg_out[1]:759317 resistance 2.996 cap 0.00569593 slew 0.0420911 delay 0.0171624 power 0.000309223
I0312 12:32:40.534392 2599827 lm_feature_timing.cpp:80] node dpath/b_reg_out[2]:414963 resistance 2.996 cap 0.0046784 slew 0.035629 delay 0.0140165 power 0.000595302
I0312 12:32:40.539518 2599895 lm_feature_timing.cpp:80] node ctrl/U11:ZN resistance 0 cap 0.000998246 slew 0.029224 delay 0 power 8.88723e-05
I0312 12:32:40.539539 2599867 lm_feature_timing.cpp:80] node dpath/b_mux_out[0]:394825 resistance 1.284 cap 0.000926201 slew 0.017178 delay 0.00118924 power 0.000104714
I0312 12:32:40.539535 2599903 lm_feature_timing.cpp:80] node dpath/b_reg_out[8]:1160111 resistance 37.664 cap 0.00298939 slew 0.0374575 delay 0.163842 power 0.000390748
I0312 12:32:40.534476 2599787 lm_feature_timing.cpp:80] node dpath/b_reg_out[3]:1475115 resistance 9.844 cap 0.0013692 slew 0.0411981 delay 0.0434776 power 0.00017503
I0312 12:32:40.539616 2599895 lm_feature_timing.cpp:80] node ctrl/next_state__0[0]:432486 resistance 0 cap 0.000998246 slew 0.029224 delay 0 power 8.88723e-05
I0312 12:32:40.539626 2599827 lm_feature_timing.cpp:80] node dpath/a_mux/U17:A2 resistance 41.944 cap 0.000572598 slew 0.0356292 delay 0.122835 power 7.28601e-05
I0312 12:32:40.539647 2599903 lm_feature_timing.cpp:80] node dpath/b_reg_out[8]:804799 resistance 34.24 cap 0.00377956 slew 0.0374575 delay 0.151026 power 0.000494032
I0312 12:32:40.534670 2599877 lm_feature_timing.cpp:80] node dpath/b_reg_out[7]:426010 resistance 21.4 cap 0.00269977 slew 0.0405131 delay 0.0797734 power 0.000351341
I0312 12:31:40.540163 2599802 lm_feature_timing.cpp:80] node dpath/b_reg_out[5]:1092201 resistance 24.824 cap 0.000763726 slew 0.041096 delay 0.0500134 power 9.85114e-05
I0312 12:32:40.539719 2599895 lm_feature_timing.cpp:80] node ctrl/next_state__0[0]:432469 resistance 7.276 cap 0.000924637 slew 0.029224 delay 0.00672766 power 8.2319e-05
I0312 12:32:40.539732 2599827 lm_feature_timing.cpp:80] node dpath/b_reg_out[2]:379766 resistance 41.944 cap 0.000580429 slew 0.0356292 delay 0.122835 power 7.38565e-05
I0312 12:32:40.539745 2599903 lm_feature_timing.cpp:80] node dpath/b_reg_out[8]:808151 resistance 37.664 cap 0.00374295 slew 0.0374575 delay 0.163842 power 0.000489247
I0312 12:32:40.535053 2599868 lm_feature_timing.cpp:80] node dpath/a_mux/FE_OFN5_n18:1142451 resistance 45.796 cap 0.00150984 slew 0.0317631 delay 0.418086 power 9.66871e-05
I0312 12:32:40.539779 2599877 lm_feature_timing.cpp:80] node dpath/a_lt_b/U24:B1 resistance 22.256 cap 0.00267589 slew 0.0405131 delay 0.082064 power 0.000348233
I0312 12:31:40.540289 2599781 lm_feature_timing.cpp:80] node dpath/a_lt_b/n32:482795 resistance 7.704 cap 0.000650613 slew 0.020978 delay 0.0113259 power 5.26996e-06
I0312 12:32:40.535149 2599803 lm_feature_timing.cpp:80] node dpath/a_lt_b/n16:774633 resistance 5.136 cap 0.000701032 slew 0.024183 delay 0.0036005 power 1.13567e-05
I0312 12:32:40.535156 2599847 lm_feature_timing.cpp:80] node dpath/a_lt_b/U19:I resistance 32.956 cap 0.000599444 slew 0.0373513 delay 0.129794 power 7.76656e-05
I0312 12:32:40.535200 2599794 lm_feature_timing.cpp:125] build net dpath/sub/n25 feature 
