I0212 13:22:53.908205 836558 lm_feature_timing.cpp:80] node dpath/a_lt_b/n16:770445 resistance 0 cap 0.000754085 slew 0.024183 delay 0 power 1.22162e-05
I0212 13:22:53.911943 836515 lm_feature_timing.cpp:80] node dpath/a_reg/n5:729275 resistance 0.856 cap 0.00108746 slew 0.018395 delay 0.000941092 power 6.46668e-05
I0212 13:22:53.908212 836608 lm_feature_timing.cpp:80] node dpath/a_mux/n5:385523 resistance 9.844 cap 0.000586961 slew 0.035087 delay 0.00681233 power 3.34732e-05
I0212 13:22:53.908237 836580 lm_feature_timing.cpp:80] node dpath/a_reg/U19:B1 resistance 19.688 cap 0.000659839 slew 0.0390441 delay 0.056163 power 3.04689e-05
I0212 13:22:53.911976 836515 lm_feature_timing.cpp:80] node dpath/a_reg/n5:735979 resistance 7.704 cap 0.00101797 slew 0.018395 delay 0.00791213 power 6.05341e-05
I0212 13:22:53.911984 836513 lm_feature_timing.cpp:80] node dpath/a_lt_b/U14:A1 resistance 3.852 cap 0.000393715 slew 0.018363 delay 0.00463851 power 3.18909e-06
I0212 13:22:53.906272 836562 lm_feature_timing.cpp:80] node dpath/a_reg/n11:478009 resistance 7.276 cap 0.000793423 slew 0.01698 delay 0.00577294 power 5.81379e-05
I0212 13:22:53.912015 836580 lm_feature_timing.cpp:80] node dpath/a_reg_out[0]:740011 resistance 19.688 cap 0.00070467 slew 0.0390441 delay 0.056163 power 3.2539e-05
I0212 13:22:53.908295 836605 lm_feature_timing.cpp:137] net dpath/a_reg/n16 resistance 30.816 cap 0.000867813 slew 0.002577 delay 0.0110336 power 6.53086e-08
I0212 13:22:53.908352 836593 lm_feature_timing.cpp:80] node dpath/a_mux/n15:434327 resistance 9.416 cap 0.000827559 slew 0.036668 delay 0.00795987 power 4.7194e-05
I0212 13:22:53.906317 836492 lm_feature_timing.cpp:80] node dpath/a_lt_b/n10:746123 resistance 13.696 cap 0.000728037 slew 0.022374 delay 0.0183584 power 5.8971e-06
I0212 13:22:53.912066 836562 lm_feature_timing.cpp:80] node dpath/a_reg/n11:829969 resistance 7.276 cap 0.000719815 slew 0.01698 delay 0.00577294 power 5.27443e-05
I0212 13:22:53.906327 836540 lm_feature_timing.cpp:80] node dpath/a_reg/U18:Z resistance 0 cap 0.00127814 slew 0.019387 delay 0 power 6.97817e-05
I0212 13:22:53.912093 836593 lm_feature_timing.cpp:80] node dpath/a_mux/n15:786287 resistance 9.416 cap 0.00074984 slew 0.036668 delay 0.00795987 power 4.27618e-05
I0212 13:22:53.908425 836606 lm_feature_timing.cpp:80] node dpath/a_mux/n1:801183 resistance 1.712 cap 0.000818555 slew 0.035457 delay 0.00140137 power 4.66805e-05
I0212 13:22:53.908440 836583 lm_feature_timing.cpp:80] node dpath/a_reg/n18:388329 resistance 85.6 cap 0.00629408 slew 0.0502106 delay 0.773999 power 5.0982e-05
I0212 13:22:53.912125 836562 lm_feature_timing.cpp:80] node dpath/a_reg/U10:Z resistance 0 cap 0.000867031 slew 0.01698 delay 0 power 6.35315e-05
I0212 13:22:53.906414 836546 lm_feature_timing.cpp:80] node ctrl_a_reg_en_0_:454525 resistance 200.732 cap 0.0011376 slew 0.0402393 delay 2.31708 power 9.21454e-06
I0212 13:22:53.908528 836545 lm_feature_timing.cpp:80] node dpath/a_reg_out[6]:755355 resistance 36.38 cap 0.00161458 slew 0.0449412 delay 0.155265 power 0.000107178
I0212 13:22:53.912160 836593 lm_feature_timing.cpp:80] node dpath/a_mux/n15:434309 resistance 1.712 cap 0.000905278 slew 0.036668 delay 0.00158436 power 5.16261e-05
I0212 13:22:53.906490 836595 lm_feature_timing.cpp:80] node dpath/a_mux/U20:A1 resistance 56.068 cap 0.000393715 slew 0.0317631 delay 0.427962 power 2.54554e-05
I0212 13:22:53.898763 836575 lm_feature_timing.cpp:125] build net dpath/a_lt_b/n7 feature 
I0212 13:22:53.903105 836527 lm_feature_timing.cpp:80] node dpath/a_lt_b/n35:838105 resistance 0.856 cap 0.00147314 slew 0.033561 delay 0.00127123 power 3.60576e-05
I0212 13:22:53.908591 836523 lm_feature_timing.cpp:80] node ctrl/n1:781107 resistance 23.54 cap 0.000694547 slew 0.02561 delay 0.021935 power 1.12517e-05
I0212 13:22:53.912237 836593 lm_feature_timing.cpp:80] node dpath/a_mux/n15:434327 resistance 9.416 cap 0.000827559 slew 0.036668 delay 0.00795987 power 4.7194e-05
I0212 13:22:53.912278 836527 lm_feature_timing.cpp:80] node dpath/a_lt_b/n35:838943 resistance 1.712 cap 0.0014612 slew 0.033561 delay 0.00252202 power 3.57653e-05
I0212 13:22:53.908603 836542 lm_feature_timing.cpp:80] node dpath/a_lt_b/n23:486323 resistance 1.712 cap 0.000797725 slew 0.024902 delay 0.00136571 power 1.29231e-05
I0212 13:22:53.908648 836594 lm_feature_timing.cpp:80] node dpath/a_mux_out[4]:372392 resistance 44.94 cap 0.000607101 slew 0.019269 delay 0.0461849 power 5.98296e-05
I0212 13:22:53.908659 836597 lm_feature_timing.cpp:80] node dpath/a_mux/n16:786209 resistance 5.564 cap 0.000711428 slew 0.020149 delay 0.00398444 power 4.59969e-05
I0212 13:22:53.906626 836517 lm_feature_timing.cpp:80] node dpath/a_lt_b/U17:B resistance 18.404 cap 0.000708961 slew 0.01385 delay 0.0158869 power 1.14852e-05
I0212 13:22:53.912369 836594 lm_feature_timing.cpp:80] node dpath/a_mux_out[4]:372385 resistance 41.944 cap 0.000639599 slew 0.019269 delay 0.044366 power 6.30322e-05
I0212 13:22:53.908697 836516 lm_feature_timing.cpp:80] node ctrl/next_state__0[0]:786943 resistance 9.844 cap 0.000822643 slew 0.029224 delay 0.00884021 power 7.33692e-05
I0212 13:22:53.912393 836542 lm_feature_timing.cpp:80] node dpath/a_lt_b/U6:ZN resistance 0 cap 0.00081789 slew 0.024902 delay 0 power 1.32498e-05
I0212 13:22:53.908702 836520 lm_feature_timing.cpp:80] node dpath/a_mux/n2:797971 resistance 5.136 cap 0.000663898 slew 0.034079 delay 0.00340978 power 3.78607e-05
I0212 13:22:53.908751 836571 lm_feature_timing.cpp:80] node dpath/a_reg/n13:852501 resistance 35.096 cap 0.000781872 slew 0.019329 delay 0.0319474 power 4.80029e-05
I0212 13:22:53.908792 836604 lm_feature_timing.cpp:80] node dpath/a_lt_b/n14:767077 resistance 0.428 cap 0.000927521 slew 0.020585 delay 0.000691258 power 7.51292e-06
I0212 13:22:53.908792 836514 lm_feature_timing.cpp:80] node dpath/a_lt_b/n1:729183 resistance 5.136 cap 0.000836275 slew 0.017306 delay 0.00456759 power 6.77383e-06
I0212 13:22:53.912465 836542 lm_feature_timing.cpp:80] node dpath/a_lt_b/n23:835767 resistance 5.136 cap 0.000740952 slew 0.024902 delay 0.00390273 power 1.20034e-05
I0212 13:22:53.908824 836550 lm_feature_timing.cpp:80] node dpath/a_lt_b/U31:ZN resistance 0 cap 0.000991451 slew 0.020196 delay 0 power 8.03076e-06
I0212 13:22:53.912505 836571 lm_feature_timing.cpp:80] node dpath/a_reg/n13:830713 resistance 12.84 cap 0.000999367 slew 0.019329 delay 0.014546 power 6.1356e-05
I0212 13:22:53.906775 836582 lm_feature_timing.cpp:80] node dpath/a_lt_b/n33:485272 resistance 0 cap 0.000804078 slew 0.016585 delay 0 power 1.14333e-05
I0212 13:22:53.906796 836535 lm_feature_timing.cpp:80] node dpath/a_mux_out[1]:729133 resistance 10.7 cap 0.000762931 slew 0.016524 delay 0.00930288 power 6.42252e-05
I0212 13:22:53.912544 836542 lm_feature_timing.cpp:80] node dpath/a_lt_b/n23:838283 resistance 1.712 cap 0.000777561 slew 0.024902 delay 0.00136571 power 1.25965e-05
I0212 13:22:53.912554 836550 lm_feature_timing.cpp:80] node dpath/a_lt_b/n29:484488 resistance 0 cap 0.000991451 slew 0.020196 delay 0 power 8.03076e-06
I0212 13:22:53.912562 836582 lm_feature_timing.cpp:137] net dpath/a_lt_b/n33 resistance 20.544 cap 0.000804078 slew 0.00149854 delay 0.00720779 power 9.26098e-09
I0212 13:22:53.906860 836566 lm_feature_timing.cpp:80] node ctrl/n5:400649 resistance 6.42 cap 0.00123278 slew 0.021618 delay 0.00791444 power 9.98551e-06
I0212 13:22:53.912585 836542 lm_feature_timing.cpp:137] net dpath/a_lt_b/n23 resistance 15.408 cap 0.00081789 slew 0.000591406 delay 0.00563859 power 1.07323e-08
I0212 13:22:53.912613 836550 lm_feature_timing.cpp:80] node dpath/a_lt_b/n29:842337 resistance 15.836 cap 0.000733627 slew 0.020196 delay 0.0131883 power 5.94238e-06
I0212 13:22:53.912616 836535 lm_feature_timing.cpp:80] node dpath/a_mux_out[1]:377173 resistance 10.7 cap 0.000869428 slew 0.016524 delay 0.00930288 power 7.31904e-05
I0212 13:22:53.912642 836582 lm_feature_timing.cpp:125] build net dpath/b_mux_out[4] feature 
I0212 13:22:53.903602 836560 lm_feature_timing.cpp:125] build net dpath/b_mux_out[10] feature 
I0212 13:22:53.906946 836526 lm_feature_timing.cpp:80] node dpath/a_mux/FE_OFN3_ctrl_a_mux_sel_1:734307 resistance 110.852 cap 0.0037575 slew 0.0264799 delay 0.847364 power 0.000121469
I0212 13:22:53.908982 836524 lm_feature_timing.cpp:80] node dpath/a_mux_out[9]:1177707 resistance 68.052 cap 0.000700874 slew 0.0222031 delay 0.090724 power 8.51836e-05
I0212 13:22:53.908980 836485 lm_feature_timing.cpp:80] node dpath/a_lt_b/n11:393321 resistance 7.704 cap 0.000608132 slew 0.030248 delay 0.00927981 power 9.85174e-06
I0212 13:22:53.912732 836526 lm_feature_timing.cpp:80] node dpath/a_mux/FE_OFN3_ctrl_a_mux_sel_1:441803 resistance 16.692 cap 0.0107747 slew 0.0264728 delay 0.193796 power 0.000348315
I0212 13:22:53.912741 836524 lm_feature_timing.cpp:80] node dpath/a_mux_out[9]:1177699 resistance 64.628 cap 0.000737483 slew 0.0222031 delay 0.0883242 power 8.96329e-05
I0212 13:22:53.909031 836548 lm_feature_timing.cpp:80] node dpath/a_reg/n2:738327 resistance 0.428 cap 0.000736259 slew 0.016259 delay 0.00031847 power 3.39977e-05
I0212 13:22:53.912758 836485 lm_feature_timing.cpp:80] node dpath/a_lt_b/n11:393327 resistance 10.272 cap 0.000579745 slew 0.030248 delay 0.0107686 power 9.39188e-06
I0212 13:22:53.912765 836526 lm_feature_timing.cpp:80] node dpath/a_mux/U5:A1 resistance 24.824 cap 0.0106929 slew 0.0264742 delay 0.28075 power 0.00034567
I0212 13:22:53.909080 836565 lm_feature_timing.cpp:80] node dpath/a_lt_b/n24:834925 resistance 6.848 cap 0.000686295 slew 0.019989 delay 0.00599333 power 0
I0212 13:22:53.909087 836541 lm_feature_timing.cpp:80] node dpath/a_reg/n17:822127 resistance 21.4 cap 0.000732539 slew 0.017676 delay 0.0165879 power 5.12629e-05
I0212 13:22:53.909166 836596 lm_feature_timing.cpp:80] node dpath/a_mux_out[11]:828993 resistance 37.236 cap 0.000881761 slew 0.018599 delay 0.0354897 power 8.62178e-05
I0212 13:22:53.912807 836548 lm_feature_timing.cpp:80] node dpath/a_reg/n2:386366 resistance 0 cap 0.000751921 slew 0.016259 delay 0 power 3.47209e-05
I0212 13:22:53.912823 836560 lm_feature_timing.cpp:80] node dpath/b_reg/U8:A2 resistance 5.136 cap 0.000574604 slew 0.01565 delay 0.00322365 power 6.98144e-06
I0212 13:22:53.909198 836504 lm_feature_timing.cpp:80] node dpath/a_lt_b/n13:746137 resistance 14.552 cap 0.000646222 slew 0.031831 delay 0.0108282 power 2.06194e-05
I0212 13:22:53.907168 836491 lm_feature_timing.cpp:80] node ctrl_b_mux_sel_0_:1164929 resistance 39.376 cap 0.0167777 slew 0.0310423 delay 0.700134 power 0.000271798
I0212 13:22:53.909258 836601 lm_feature_timing.cpp:80] node dpath/a_lt_b/n18:484661 resistance 7.276 cap 0.0014337 slew 0.021423 delay 0.0104316 power 1.1613e-05
I0212 13:22:53.909292 836592 lm_feature_timing.cpp:80] node dpath/a_reg_out[9]:831621 resistance 28.248 cap 0.00270692 slew 0.0460204 delay 0.170477 power 0.000198349
I0212 13:22:53.912899 836582 lm_feature_timing.cpp:80] node dpath/b_reg/U14:A2 resistance 16.692 cap 0.000574604 slew 0.017183 delay 0.0123328 power 2.83238e-05
I0212 13:22:53.912916 836491 lm_feature_timing.cpp:80] node ctrl_b_mux_sel_0_:1164909 resistance 30.816 cap 0.0168636 slew 0.0310351 delay 0.556517 power 0.00027319
I0212 13:22:53.909339 836579 lm_feature_timing.cpp:125] build net dpath/b_mux_out[1] feature 
I0212 13:22:53.907269 836602 lm_feature_timing.cpp:80] node CTS_1:776185 resistance 73.616 cap 0.000430189 slew 0.000313884 delay 0.326972 power 0.000139381
I0212 13:22:53.912961 836491 lm_feature_timing.cpp:80] node ctrl_b_mux_sel_0_:1164929 resistance 39.376 cap 0.0167777 slew 0.0310423 delay 0.700134 power 0.000271798
I0212 13:22:53.912967 836582 lm_feature_timing.cpp:80] node dpath/b_mux_out[4]:401621 resistance 16.692 cap 0.000574604 slew 0.017183 delay 0.0123328 power 2.83238e-05
I0212 13:22:53.909343 836484 lm_feature_timing.cpp:80] node dpath/a_mux/n12:797821 resistance 5.136 cap 0.000663898 slew 0.034079 delay 0.00340978 power 3.78607e-05
I0212 13:22:53.909399 836537 lm_feature_timing.cpp:80] node dpath/a_mux_out[12]:823109 resistance 29.532 cap 0.00106187 slew 0.018929 delay 0.0317328 power 0.000107831
I0212 13:22:53.913031 836484 lm_feature_timing.cpp:80] node dpath/a_mux/n12:445859 resistance 5.992 cap 0.000598903 slew 0.034079 delay 0.00392244 power 3.41542e-05
I0212 13:22:53.907366 836585 lm_feature_timing.cpp:80] node ctrl/n2:440059 resistance 1.712 cap 0.00148124 slew 0.023799 delay 0.00253589 power 1.19981e-05
I0212 13:22:53.913069 836484 lm_feature_timing.cpp:80] node dpath/a_mux/n12:445861 resistance 5.136 cap 0.000610845 slew 0.034079 delay 0.00340978 power 3.48352e-05
I0212 13:22:53.907392 836539 lm_feature_timing.cpp:80] node dpath/a_lt_b/n36:470223 resistance 20.544 cap 0.000643873 slew 0.045927 delay 0.0169087 power 1.54728e-05
I0212 13:22:53.913092 836579 lm_feature_timing.cpp:80] node dpath/b_reg/U17:A2 resistance 15.836 cap 0.000574604 slew 0.017 delay 0.0116818 power 2.62599e-05
I0212 13:22:53.913105 836484 lm_feature_timing.cpp:80] node dpath/a_mux/U26:B resistance 5.992 cap 0.000586961 slew 0.034079 delay 0.00392244 power 3.34732e-05
I0212 13:22:53.913116 836585 lm_feature_timing.cpp:80] node ctrl/n2:792019 resistance 1.712 cap 0.000849369 slew 0.023799 delay 0.00253589 power 6.87989e-06
I0212 13:22:53.913133 836579 lm_feature_timing.cpp:80] node dpath/b_mux_out[1]:409051 resistance 15.836 cap 0.000586546 slew 0.017 delay 0.0116818 power 2.68056e-05
I0212 13:22:53.909477 836529 lm_feature_timing.cpp:80] node dpath/a_reg_out[5]:736091 resistance 26.108 cap 0.0007495 slew 0.0410004 delay 0.140014 power 4.80299e-05
I0212 13:22:53.909499 836536 lm_feature_timing.cpp:80] node ctrl/state/U3:ZN resistance 0 cap 0.00172224 slew 0.014531 delay 0 power 1.39501e-05
I0212 13:22:53.913154 836539 lm_feature_timing.cpp:80] node dpath/a_lt_b/U37:ZN resistance 0 cap 0.00102503 slew 0.045927 delay 0 power 2.46322e-05
I0212 13:22:53.907513 833806 lm_feature_timing.cpp:80] node dpath/a_mux_out[0]:1086097 resistance 3.852 cap 0.000819704 slew 0.016457 delay 0.0033239 power 5.52005e-05
I0212 13:22:53.913196 836536 lm_feature_timing.cpp:80] node ctrl/state/n1:411500 resistance 0 cap 0.00172224 slew 0.014531 delay 0 power 1.39501e-05
I0212 13:22:53.913196 836529 lm_feature_timing.cpp:80] node dpath/a_reg_out[5]:740281 resistance 30.388 cap 0.00070467 slew 0.0410004 delay 0.14303 power 4.5157e-05
I0212 13:22:53.909608 836502 lm_feature_timing.cpp:80] node dpath/a_lt_b/n26:483765 resistance 7.276 cap 0.000701371 slew 0.022504 delay 0.00510318 power 2.07129e-05
I0212 13:22:53.913218 836539 lm_feature_timing.cpp:80] node dpath/a_lt_b/n36:838095 resistance 0 cap 0.00102503 slew 0.045927 delay 0 power 2.46322e-05
I0212 13:22:53.909622 836554 lm_feature_timing.cpp:80] node dpath/a_mux_out[14]:456763 resistance 0.856 cap 0.00106204 slew 0.0173 delay 0.000909106 power 0.000117227
I0212 13:22:53.909649 836573 lm_feature_timing.cpp:80] node dpath/a_lt_b/n15:1130767 resistance 12.412 cap 0.000752485 slew 0.021785 delay 0.0112791 power 6.09513e-06
I0212 13:22:53.913272 836539 lm_feature_timing.cpp:80] node dpath/a_lt_b/n36:471057 resistance 17.976 cap 0.00067226 slew 0.045927 delay 0.0152552 power 1.61549e-05
I0212 13:22:53.904178 836532 lm_feature_timing.cpp:80] node dpath/a_reg_out[8]:1150097 resistance 24.396 cap 0.00417582 slew 0.0475415 delay 0.156357 power 0.000296388
I0212 13:22:53.913301 836554 lm_feature_timing.cpp:80] node dpath/a_mux_out[14]:808723 resistance 0.856 cap 0.0010501 slew 0.0173 delay 0.000909106 power 0.000115909
I0212 13:22:53.909686 836581 lm_feature_timing.cpp:80] node dpath/a_mux_out[10]:477052 resistance 43.656 cap 0.000582435 slew 0.019133 delay 0.0441204 power 4.71772e-06
I0212 13:22:53.907639 836489 lm_feature_timing.cpp:80] node dpath/a_lt_b/n12:740237 resistance 10.7 cap 0.000735271 slew 0.020683 delay 0.0111573 power 5.9557e-06
I0212 13:22:53.913355 836554 lm_feature_timing.cpp:80] node dpath/a_mux_out[14]:456761 resistance 0 cap 0.00107398 slew 0.0173 delay 0 power 0.000118545
I0212 13:22:53.907647 836510 lm_feature_timing.cpp:80] node dpath/a_lt_b/n28:490390 resistance 0 cap 0.000705413 slew 0.015449 delay 0 power 1.01034e-05
I0212 13:22:53.913365 836532 lm_feature_timing.cpp:80] node dpath/a_reg_out[8]:797299 resistance 23.54 cap 0.00419971 slew 0.0475415 delay 0.152772 power 0.000298083
I0212 13:22:53.899885 836567 lm_feature_timing.cpp:80] node dpath/a_mux/U14:B resistance 4.28 cap 0.000586961 slew 0.033624 delay 0.00270407 power 3.34732e-05
I0212 13:22:53.909763 836486 lm_feature_timing.cpp:80] node dpath/a_reg/U17:Z resistance 0 cap 0.000891697 slew 0.01709 delay 0 power 5.09244e-05
I0212 13:22:53.909758 836533 lm_feature_timing.cpp:80] node dpath/a_mux/FE_OFN4_n16:730141 resistance 94.588 cap 0.000659513 slew 0.0377072 delay 0.734065 power 4.26404e-05
I0212 13:22:53.909776 836563 lm_feature_timing.cpp:80] node dpath/a_lt_b/n4:386583 resistance 14.124 cap 0.00058826 slew 0.021374 delay 0.0103951 power 4.76491e-06
I0212 13:22:53.909796 836547 lm_feature_timing.cpp:80] node dpath/b_reg/U16:A2 resistance 35.524 cap 0.000574604 slew 0.019314 delay 0.0331562 power 2.69819e-05
I0212 13:22:53.913520 836533 lm_feature_timing.cpp:80] node dpath/a_mux/FE_OFN4_n16:729303 resistance 93.732 cap 0.000671455 slew 0.0377072 delay 0.733501 power 4.34125e-05
I0212 13:22:53.909809 836584 lm_feature_timing.cpp:80] node dpath/a_mux/U23:ZN resistance 0 cap 0.000734177 slew 0.034274 delay 0 power 4.18686e-05
I0212 13:22:53.907778 836521 lm_feature_timing.cpp:80] node dpath/a_reg/U6:A2 resistance 20.116 cap 0.000574604 slew 0.016793 delay 0.0156541 power 6.08324e-05
I0212 13:22:53.913569 836533 lm_feature_timing.cpp:80] node dpath/a_mux/FE_OFN4_n16:730141 resistance 94.588 cap 0.000659513 slew 0.0377072 delay 0.734065 power 4.26404e-05
I0212 13:22:53.904475 836512 lm_feature_timing.cpp:80] node dpath/CTS_1:484706 resistance 84.316 cap 0.000426078 slew 0.000853081 delay 0.737868 power 0.000138049
I0212 13:22:53.913590 836584 lm_feature_timing.cpp:80] node dpath/a_mux/n11:455982 resistance 7.276 cap 0.000660569 slew 0.034274 delay 0.0048063 power 3.76709e-05
I0212 13:22:53.913607 836533 lm_feature_timing.cpp:80] node dpath/a_mux/FE_OFN4_n16:433475 resistance 30.388 cap 0.00138402 slew 0.037704 delay 0.317718 power 8.9483e-05
I0212 13:22:53.913617 836584 lm_feature_timing.cpp:137] net dpath/a_mux/n11 resistance 14.552 cap 0.000734177 slew 0.000361244 delay 0.0048063 power 3.39136e-08
I0212 13:22:53.913625 836512 lm_feature_timing.cpp:80] node dpath/CTS_1:484705 resistance 83.888 cap 0.000433909 slew 0.000853081 delay 0.737685 power 0.000140587
I0212 13:22:53.907925 836609 lm_feature_timing.cpp:80] node dpath/a_lt_b/U28:B2 resistance 20.544 cap 0.000600779 slew 0.047613 delay 0.0167785 power 1.50096e-05
I0212 13:22:53.913662 836512 lm_feature_timing.cpp:80] node dpath/CTS_1:836665 resistance 83.888 cap 0.000445851 slew 0.000853081 delay 0.737685 power 0.000144456
I0212 13:22:53.909934 836564 lm_feature_timing.cpp:80] node dpath/a_reg_out[3]:736863 resistance 28.676 cap 0.00066134 slew 0.042396 delay 0.0534957 power 3.9327e-05
I0212 13:22:53.904560 836494 lm_feature_timing.cpp:80] node dpath/a_mux/n13:729307 resistance 2.568 cap 0.000853007 slew 0.035942 delay 0.00219052 power 4.86452e-05
I0212 13:22:53.909962 836577 lm_feature_timing.cpp:80] node dpath/a_mux/n7:370639 resistance 15.408 cap 0.000631792 slew 0.036128 delay 0.0114644 power 3.60298e-05
I0212 13:22:53.913717 836609 lm_feature_timing.cpp:80] node dpath/a_lt_b/n22:484639 resistance 20.544 cap 0.000612721 slew 0.047613 delay 0.0167785 power 1.5308e-05
I0212 13:22:53.908028 836528 lm_feature_timing.cpp:80] node dpath/a_reg_out[1]:377209 resistance 44.94 cap 0.00129292 slew 0.0420913 delay 0.183949 power 7.05887e-05
I0212 13:22:53.913754 836577 lm_feature_timing.cpp:80] node dpath/a_mux/n7:371469 resistance 11.128 cap 0.000676622 slew 0.036128 delay 0.0087603 power 3.85864e-05
I0212 13:22:53.910068 836578 lm_feature_timing.cpp:80] node dpath/a_lt_b/placeFE_RC_0_0:ZN resistance 0 cap 0.00113098 slew 0.02546 delay 0 power 4.56627e-05
I0212 13:22:53.913785 836528 lm_feature_timing.cpp:80] node dpath/a_reg_out[1]:729169 resistance 44.94 cap 0.000666426 slew 0.0420913 delay 0.183949 power 3.63844e-05
I0212 13:22:53.913780 836494 lm_feature_timing.cpp:80] node dpath/a_mux/U28:B resistance 14.552 cap 0.000586961 slew 0.035942 delay 0.0106487 power 3.34732e-05
I0212 13:22:53.913837 836578 lm_feature_timing.cpp:80] node dpath/a_lt_b/n17:748645 resistance 0 cap 0.00113098 slew 0.02546 delay 0 power 4.56627e-05
I0212 13:22:53.908083 836603 lm_feature_timing.cpp:80] node dpath/a_reg/n12:1201161 resistance 44.512 cap 0.00077929 slew 0.020481 delay 0.0470454 power 2.5249e-07
I0212 13:22:53.910127 836525 lm_feature_timing.cpp:80] node ctrl/state_out[0]:402341 resistance 39.376 cap 0.00258596 slew 0.0498893 delay 0.181889 power 2.09463e-05
I0212 13:22:53.913890 836578 lm_feature_timing.cpp:80] node dpath/a_lt_b/n17:774623 resistance 27.392 cap 0.000864153 slew 0.02546 delay 0.0236709 power 3.48897e-05
I0212 13:22:53.913893 836494 lm_feature_timing.cpp:80] node dpath/a_mux/n13:380713 resistance 14.552 cap 0.000705791 slew 0.035942 delay 0.0106487 power 4.02498e-05
I0212 13:22:53.910166 836568 lm_feature_timing.cpp:80] node ctrl/next_state__0[1]:1130515 resistance 17.12 cap 0.000749426 slew 0.030897 delay 0.0129773 power 3.81591e-05
I0212 13:22:53.913939 836578 lm_feature_timing.cpp:80] node dpath/a_lt_b/n17:748645 resistance 0 cap 0.00113098 slew 0.02546 delay 0 power 4.56627e-05
I0212 13:22:53.910171 836589 lm_feature_timing.cpp:80] node dpath/a_mux_out[2]:381425 resistance 1.284 cap 0.000794646 slew 0.015615 delay 0.00102033 power 7.08893e-05
I0212 13:22:53.913956 836494 lm_feature_timing.cpp:80] node dpath/a_mux/n13:730981 resistance 0 cap 0.000881394 slew 0.035942 delay 0 power 5.02641e-05
I0212 13:22:53.913966 836578 lm_feature_timing.cpp:137] net dpath/a_lt_b/n17 resistance 58.208 cap 0.00113098 slew 0.00791763 delay 0.024659 power 3.66525e-08
I0212 13:22:53.911870 836544 lm_feature_timing.cpp:80] node dpath/b_mux_out[14]:464353 resistance 1.284 cap 0.000891748 slew 0.01702 delay 0.001145 power 6.12895e-05
I0212 13:22:53.908175 836538 lm_feature_timing.cpp:137] net ctrl/FE_OFN1_ctrl_b_mux_sel_0 resistance 7.704 cap 0.000679401 slew 0.000143252 delay 0.0024602 power 8.9151e-09
I0212 13:22:53.908248 836599 lm_feature_timing.cpp:80] node dpath/b_mux/n1:441917 resistance 0.856 cap 0.0171972 slew 0.0427522 delay 0.0147208 power 0.000278594
I0212 13:22:53.911980 836558 lm_feature_timing.cpp:80] node dpath/a_lt_b/n16:424345 resistance 8.56 cap 0.000611371 slew 0.024183 delay 0.00569383 power 9.9042e-06
I0212 13:22:53.914014 836494 lm_feature_timing.cpp:80] node dpath/a_mux/n13:729307 resistance 2.568 cap 0.000853007 slew 0.035942 delay 0.00219052 power 4.86452e-05
I0212 13:22:53.914011 836578 lm_feature_timing.cpp:125] build net dpath/b_mux_out[7] feature 
I0212 13:22:53.914036 836599 lm_feature_timing.cpp:80] node dpath/b_mux/n1:776271 resistance 29.104 cap 0.000667642 slew 0.0427555 delay 0.328655 power 1.08158e-05
I0212 13:22:53.914045 836538 lm_feature_timing.cpp:125] build net dpath/b_mux_out[8] feature 
I0212 13:22:53.912034 836513 lm_feature_timing.cpp:80] node dpath/a_lt_b/n3:386422 resistance 3.852 cap 0.00120418 slew 0.018363 delay 0.00463851 power 9.75387e-06
I0212 13:22:53.914067 836599 lm_feature_timing.cpp:80] node dpath/b_mux/n1:1128231 resistance 29.104 cap 0.000704251 slew 0.0427555 delay 0.328655 power 1.14089e-05
I0212 13:22:53.914073 836494 lm_feature_timing.cpp:80] node dpath/a_mux/n13:377347 resistance 2.568 cap 0.000824621 slew 0.035942 delay 0.00219052 power 4.70264e-05
I0212 13:22:53.914093 836599 lm_feature_timing.cpp:80] node dpath/b_mux/n1:1128223 resistance 25.68 cap 0.000740859 slew 0.0427555 delay 0.326244 power 1.20019e-05
I0212 13:22:53.906395 836587 lm_feature_timing.cpp:80] node dpath/a_mux_out[15]:445025 resistance 0.428 cap 0.00101664 slew 0.016859 delay 0.000435124 power 0.000116862
I0212 13:22:53.914103 836513 lm_feature_timing.cpp:80] node dpath/a_lt_b/n3:386421 resistance 4.28 cap 0.000761916 slew 0.018363 delay 0.00496461 power 6.17152e-06
I0212 13:22:53.912120 836492 lm_feature_timing.cpp:80] node dpath/a_lt_b/n10:1098083 resistance 13.696 cap 0.000781089 slew 0.022374 delay 0.0183584 power 6.32682e-06
I0212 13:22:53.908517 836586 lm_feature_timing.cpp:80] node dpath/a_mux_out[3]:377280 resistance 0 cap 0.000762931 slew 0.015352 delay 0 power 7.16551e-05
I0212 13:22:53.912154 836540 lm_feature_timing.cpp:80] node dpath/a_reg/n3:388922 resistance 0 cap 0.00127814 slew 0.019387 delay 0 power 6.97817e-05
I0212 13:22:53.914175 836492 lm_feature_timing.cpp:80] node dpath/a_lt_b/n10:1098071 resistance 8.56 cap 0.000834142 slew 0.022374 delay 0.0143467 power 6.75655e-06
I0212 13:22:53.912155 836606 lm_feature_timing.cpp:80] node dpath/a_mux/n1:455921 resistance 11.128 cap 0.000602623 slew 0.035457 delay 0.00798141 power 3.43663e-05
I0212 13:22:53.908586 836499 lm_feature_timing.cpp:80] node dpath/a_reg_out[2]:724193 resistance 42.372 cap 0.003715 slew 0.0429064 delay 0.204394 power 0.000212162
I0212 13:22:53.914215 836586 lm_feature_timing.cpp:80] node dpath/a_mux_out[3]:379810 resistance 9.416 cap 0.000668768 slew 0.015352 delay 0.00629712 power 6.28112e-05
I0212 13:22:53.912191 836583 lm_feature_timing.cpp:80] node dpath/a_reg/n18:809839 resistance 4.28 cap 0.0198711 slew 0.0502032 delay 0.0852144 power 0.000160956
I0212 13:22:53.914247 836606 lm_feature_timing.cpp:80] node dpath/a_mux/n1:807881 resistance 11.128 cap 0.00067212 slew 0.035457 delay 0.00798141 power 3.83296e-05
I0212 13:22:53.914255 836578 lm_feature_timing.cpp:80] node dpath/b_reg/U11:A2 resistance 3.852 cap 0.000574604 slew 0.015518 delay 0.00237023 power 3.0306e-05
I0212 13:22:53.914268 836586 lm_feature_timing.cpp:80] node dpath/a_mux_out[3]:377280 resistance 0 cap 0.000762931 slew 0.015352 delay 0 power 7.16551e-05
I0212 13:22:53.912241 836595 lm_feature_timing.cpp:80] node dpath/a_mux/FE_OFN5_n18:431831 resistance 56.068 cap 0.000819536 slew 0.0317631 delay 0.427962 power 5.29866e-05
I0212 13:22:53.912245 836545 lm_feature_timing.cpp:80] node dpath/a_reg_out[6]:752841 resistance 33.812 cap 0.00164296 slew 0.0449412 delay 0.151119 power 0.000109062
I0212 13:22:53.908613 836574 lm_feature_timing.cpp:80] node dpath/a_reg/n19:502282 resistance 15.408 cap 0.000769199 slew 1.62812e-05 delay 0.0134042 power 0
I0212 13:22:53.914292 836583 lm_feature_timing.cpp:80] node dpath/a_reg/n18:1161799 resistance 4.28 cap 0.00993146 slew 0.0502032 delay 0.0852144 power 8.04448e-05
I0212 13:22:53.914294 836606 lm_feature_timing.cpp:80] node dpath/a_mux/n1:801177 resistance 4.28 cap 0.000741617 slew 0.035457 delay 0.00337874 power 4.22929e-05
I0212 13:22:53.912336 836527 lm_feature_timing.cpp:80] node dpath/a_lt_b/n35:482773 resistance 17.976 cap 0.000696117 slew 0.033561 delay 0.0212663 power 1.70386e-05
I0212 13:22:53.906679 836551 lm_feature_timing.cpp:80] node dpath/a_lt_b/n34:821329 resistance 2.996 cap 0.00102512 slew 0.019827 delay 0.00316863 power 8.30349e-06
I0212 13:22:53.912405 836597 lm_feature_timing.cpp:80] node dpath/a_mux/n16:791237 resistance 0.428 cap 0.00076448 slew 0.020149 delay 0.000330549 power 4.9427e-05
I0212 13:22:53.912415 836594 lm_feature_timing.cpp:80] node dpath/a_mux_out[4]:372392 resistance 44.94 cap 0.000607101 slew 0.019269 delay 0.0461849 power 5.98296e-05
I0212 13:22:53.991492 836606 lm_feature_timing.cpp:80] node dpath/a_mux/n1:807881 resistance 11.128 cap 0.00067212 slew 0.035457 delay 0.00798141 power 3.83296e-05
I0212 13:22:53.908718 836576 lm_feature_timing.cpp:80] node dpath/a_reg/n14:477025 resistance 0.428 cap 0.00120453 slew 0.018996 delay 0.000515539 power 7.62223e-05
I0212 13:22:53.991561 836527 lm_feature_timing.cpp:80] node dpath/a_lt_b/U37:A1 resistance 19.688 cap 0.000675952 slew 0.033561 delay 0.0224235 power 1.6545e-05
I0212 13:22:53.991596 836551 lm_feature_timing.cpp:80] node dpath/a_lt_b/n34:838927 resistance 20.972 cap 0.000848737 slew 0.019827 delay 0.0184255 power 6.87477e-06
I0212 13:22:53.991628 836597 lm_feature_timing.cpp:80] node dpath/a_mux/U3:ZN resistance 0 cap 0.000780143 slew 0.020149 delay 0 power 5.04396e-05
I0212 13:22:53.912458 836575 lm_feature_timing.cpp:80] node dpath/a_lt_b/U16:A1 resistance 25.252 cap 0.000393715 slew 0.021289 delay 0.0388217 power 7.17546e-06
I0212 13:22:53.991679 836597 lm_feature_timing.cpp:80] node dpath/a_mux/n16:439278 resistance 0 cap 0.000780143 slew 0.020149 delay 0 power 5.04396e-05
I0212 13:22:53.912518 836514 lm_feature_timing.cpp:80] node dpath/a_lt_b/n1:733373 resistance 9.416 cap 0.000791444 slew 0.017306 delay 0.00795497 power 6.4107e-06
I0212 13:22:53.991750 836597 lm_feature_timing.cpp:80] node dpath/a_mux/n16:439277 resistance 0.428 cap 0.000772311 slew 0.020149 delay 0.000330549 power 4.99333e-05
I0212 13:22:53.991739 836576 lm_feature_timing.cpp:80] node dpath/a_reg/U7:Z resistance 0 cap 0.00121236 slew 0.018996 delay 0 power 7.67178e-05
I0212 13:22:53.991782 836575 lm_feature_timing.cpp:80] node dpath/a_lt_b/n7:386489 resistance 25.252 cap 0.00129676 slew 0.021289 delay 0.0388217 power 2.36334e-05
I0212 13:22:53.912552 836604 lm_feature_timing.cpp:80] node dpath/a_lt_b/U23:A2 resistance 5.136 cap 0.000581854 slew 0.020585 delay 0.00366104 power 4.71302e-06
I0212 13:22:53.991843 836575 lm_feature_timing.cpp:80] node dpath/a_lt_b/n7:386485 resistance 23.54 cap 0.00131692 slew 0.021289 delay 0.0366016 power 2.40009e-05
I0212 13:22:53.991844 836514 lm_feature_timing.cpp:80] node dpath/a_lt_b/U13:B1 resistance 13.268 cap 0.000662236 slew 0.017306 delay 0.010655 power 5.36411e-06
I0212 13:22:53.991859 836576 lm_feature_timing.cpp:80] node dpath/a_reg/n14:477024 resistance 0 cap 0.00121236 slew 0.018996 delay 0 power 7.67178e-05
I0212 13:22:53.991890 836575 lm_feature_timing.cpp:80] node dpath/a_lt_b/n7:386489 resistance 25.252 cap 0.00129676 slew 0.021289 delay 0.0388217 power 2.36334e-05
I0212 13:22:53.908926 836506 lm_feature_timing.cpp:80] node dpath/a_mux/n17:792959 resistance 0 cap 0.00074984 slew 0.034452 delay 0 power 6.0737e-06
I0212 13:22:53.991915 836514 lm_feature_timing.cpp:80] node dpath/a_lt_b/n1:380570 resistance 12.412 cap 0.00068612 slew 0.017306 delay 0.0100881 power 5.55758e-06
I0212 13:22:53.908941 836559 lm_feature_timing.cpp:80] node dpath/b_mux_out[0]:394828 resistance 0 cap 0.000942254 slew 0.017178 delay 0 power 3.90948e-05
I0212 13:22:53.912654 836542 lm_feature_timing.cpp:125] build net dpath/b_mux_out[5] feature 
I0212 13:22:53.912657 836550 lm_feature_timing.cpp:80] node dpath/a_lt_b/n29:837307 resistance 9.844 cap 0.000794902 slew 0.020196 delay 0.00879243 power 6.43871e-06
I0212 13:22:53.991991 836506 lm_feature_timing.cpp:80] node dpath/a_mux/n17:797991 resistance 6.848 cap 0.000680342 slew 0.034452 delay 0.00465898 power 5.51077e-06
I0212 13:22:53.908803 836556 lm_feature_timing.cpp:80] node dpath/a_mux_out[6]:402545 resistance 21.828 cap 0.00060671 slew 0.017149 delay 0.0181208 power 6.53745e-05
I0212 13:22:53.992043 836506 lm_feature_timing.cpp:137] net dpath/a_mux/n17 resistance 15.408 cap 0.00074984 slew 0.000424419 delay 0.00517165 power 4.9197e-09
I0212 13:22:53.906975 836610 lm_feature_timing.cpp:80] node dpath/a_lt_b/U3:ZN resistance 0 cap 0.00123265 slew 0.01901 delay 0 power 9.98451e-06
I0212 13:22:53.909032 836588 lm_feature_timing.cpp:80] node dpath/a_mux_out[7]:1139151 resistance 20.972 cap 0.000774091 slew 0.017289 delay 0.0186959 power 8.69679e-05
I0212 13:22:53.912766 836524 lm_feature_timing.cpp:80] node dpath/a_mux_out[9]:1177707 resistance 68.052 cap 0.000700874 slew 0.0222031 delay 0.090724 power 8.51836e-05
I0212 13:22:53.992092 836556 lm_feature_timing.cpp:80] node dpath/a_mux_out[6]:402548 resistance 23.112 cap 0.000590657 slew 0.017149 delay 0.0188792 power 6.36448e-05
I0212 13:22:53.909091 836543 lm_feature_timing.cpp:80] node dpath/a_lt_b/U13:ZN resistance 0 cap 0.000709511 slew 0.023105 delay 0 power 1.14941e-05
I0212 13:22:53.992170 836556 lm_feature_timing.cpp:80] node dpath/a_mux_out[6]:755343 resistance 20.972 cap 0.000630595 slew 0.017149 delay 0.0175912 power 6.79481e-05
I0212 13:22:53.912792 836485 lm_feature_timing.cpp:80] node dpath/a_lt_b/n11:745281 resistance 7.704 cap 0.000636518 slew 0.030248 delay 0.00927981 power 1.03116e-05
I0212 13:22:53.912796 836526 lm_feature_timing.cpp:80] node dpath/a_mux/FE_OFN3_ctrl_a_mux_sel_1:441803 resistance 16.692 cap 0.0107747 slew 0.0264728 delay 0.193796 power 0.000348315
I0212 13:22:53.992256 836588 lm_feature_timing.cpp:80] node dpath/a_mux_out[7]:1139129 resistance 11.556 cap 0.000868255 slew 0.017289 delay 0.011407 power 9.75471e-05
I0212 13:22:53.992369 836485 lm_feature_timing.cpp:80] node dpath/a_lt_b/n11:747795 resistance 5.136 cap 0.00148856 slew 0.030248 delay 0.00764523 power 2.41146e-05
I0212 13:22:53.912824 836565 lm_feature_timing.cpp:80] node dpath/a_lt_b/n24:482952 resistance 1.284 cap 0.00144605 slew 0.019989 delay 0.00185672 power 0
I0212 13:22:53.992403 836542 lm_feature_timing.cpp:80] node dpath/b_mux_out[5]:409197 resistance 25.252 cap 0.000590266 slew 0.018108 delay 0.0211593 power 2.97753e-05
I0212 13:22:53.909216 836570 lm_feature_timing.cpp:80] node clk:1412927 resistance 23.112 cap 0.00573049 slew 0.000328255 delay 0.137692 power 0.00185668
I0212 13:22:53.992484 836565 lm_feature_timing.cpp:80] node dpath/a_lt_b/n24:482965 resistance 6.848 cap 0.000743459 slew 0.019989 delay 0.00599333 power 0
I0212 13:22:53.992491 836485 lm_feature_timing.cpp:80] node dpath/a_lt_b/U20:ZN resistance 0 cap 0.00154161 slew 0.030248 delay 0 power 2.49741e-05
I0212 13:22:53.912863 836560 lm_feature_timing.cpp:80] node dpath/b_mux_out[10]:462820 resistance 5.136 cap 0.000627657 slew 0.01565 delay 0.00322365 power 7.62603e-06
I0212 13:22:53.912876 836548 lm_feature_timing.cpp:80] node dpath/a_reg/n2:386367 resistance 0.428 cap 0.00074409 slew 0.016259 delay 0.00031847 power 3.43593e-05
I0212 13:22:53.992520 836565 lm_feature_timing.cpp:80] node dpath/a_lt_b/n24:482949 resistance 0 cap 0.0014621 slew 0.019989 delay 0 power 0
I0212 13:22:53.912885 836504 lm_feature_timing.cpp:80] node dpath/a_lt_b/n13:741109 resistance 9.416 cap 0.000699275 slew 0.031831 delay 0.00750923 power 2.23122e-05
I0212 13:22:53.909327 836518 lm_feature_timing.cpp:80] node dpath/a_lt_b/U36:A2 resistance 14.98 cap 0.000445992 slew 0.040448 delay 0.0575468 power 4.14368e-05
I0212 13:22:53.992591 836548 lm_feature_timing.cpp:80] node dpath/a_reg/U19:Z resistance 0 cap 0.000751921 slew 0.016259 delay 0 power 3.47209e-05
I0212 13:22:53.992584 836560 lm_feature_timing.cpp:80] node dpath/b_mux/U12:Z resistance 0 cap 0.00068071 slew 0.01565 delay 0 power 8.27062e-06
I0212 13:22:53.992615 836548 lm_feature_timing.cpp:80] node dpath/a_reg/n2:386366 resistance 0 cap 0.000751921 slew 0.016259 delay 0 power 3.47209e-05
I0212 13:22:53.912961 836592 lm_feature_timing.cpp:80] node dpath/a_lt_b/U6:A1 resistance 53.5 cap 0.00056171 slew 0.0460205 delay 0.216218 power 4.11592e-05
I0212 13:22:53.912976 836602 lm_feature_timing.cpp:80] node CTS_1:775347 resistance 72.76 cap 0.000442131 slew 0.000313884 delay 0.326604 power 0.000143251
I0212 13:22:53.912961 836601 lm_feature_timing.cpp:80] node dpath/a_lt_b/n18:484659 resistance 8.132 cap 0.000778978 slew 0.021423 delay 0.0110984 power 6.30972e-06
I0212 13:22:53.992655 836504 lm_feature_timing.cpp:80] node dpath/a_lt_b/n13:746137 resistance 14.552 cap 0.000646222 slew 0.031831 delay 0.0108282 power 2.06194e-05
I0212 13:22:53.913010 836491 lm_feature_timing.cpp:80] node ctrl_b_mux_sel_0_:378829 resistance 321.856 cap 0.000634259 slew 0.0310982 delay 2.98852 power 1.0275e-05
I0212 13:22:53.913021 836582 lm_feature_timing.cpp:80] node dpath/b_mux_out[4]:401621 resistance 16.692 cap 0.000574604 slew 0.017183 delay 0.0123328 power 2.83238e-05
I0212 13:22:53.992700 836602 lm_feature_timing.cpp:80] node CTS_1:776185 resistance 73.616 cap 0.000430189 slew 0.000313884 delay 0.326972 power 0.000139381
I0212 13:22:53.907318 836534 lm_feature_timing.cpp:80] node dpath/a_mux/n8:380582 resistance 4.28 cap 0.000631792 slew 0.033624 delay 0.00270407 power 3.60298e-05
I0212 13:22:53.992722 836504 lm_feature_timing.cpp:80] node dpath/a_lt_b/U18:ZN resistance 0 cap 0.000902482 slew 0.031831 delay 0 power 2.8796e-05
I0212 13:22:53.913070 836537 lm_feature_timing.cpp:80] node dpath/a_mux_out[12]:1175069 resistance 29.532 cap 0.000786815 slew 0.018929 delay 0.0317328 power 7.99002e-05
I0212 13:22:53.992741 836534 lm_feature_timing.cpp:137] net dpath/a_mux/n8 resistance 8.56 cap 0.000676622 slew 0.000126086 delay 0.00270407 power 3.1255e-08
I0212 13:22:53.909461 836569 lm_feature_timing.cpp:80] node ctrl_a_mux_sel[0]:440110 resistance 50.504 cap 0.00123308 slew 0.0481361 delay 0.0993113 power 3.98618e-05
I0212 13:22:53.913136 836484 lm_feature_timing.cpp:80] node dpath/a_mux/n12:445859 resistance 5.992 cap 0.000598903 slew 0.034079 delay 0.00392244 power 3.41542e-05
I0212 13:22:53.992808 836537 lm_feature_timing.cpp:80] node dpath/a_mux_out[12]:1175061 resistance 32.956 cap 0.000750207 slew 0.018929 delay 0.0343015 power 7.61827e-05
I0212 13:22:53.992831 836569 lm_feature_timing.cpp:80] node ctrl_a_mux_sel[0]:440103 resistance 47.508 cap 0.00126557 slew 0.0481361 delay 0.095617 power 4.09124e-05
I0212 13:22:53.913169 836579 lm_feature_timing.cpp:80] node dpath/b_mux_out[1]:409049 resistance 14.98 cap 0.000598488 slew 0.017 delay 0.0111797 power 2.73514e-05
I0212 13:22:53.992857 836569 lm_feature_timing.cpp:80] node ctrl_a_mux_sel[0]:440110 resistance 50.504 cap 0.00123308 slew 0.0481361 delay 0.0993113 power 3.98618e-05
I0212 13:22:53.907451 836591 lm_feature_timing.cpp:80] node dpath/a_reg_out[4]:727757 resistance 4.708 cap 0.00682642 slew 0.0490062 delay 0.0322515 power 0.000421736
I0212 13:22:53.992882 836569 lm_feature_timing.cpp:80] node ctrl_a_mux_sel[0]:440103 resistance 47.508 cap 0.00126557 slew 0.0481361 delay 0.095617 power 4.09124e-05
I0212 13:22:53.913179 836585 lm_feature_timing.cpp:80] node ctrl/U13:A2 resistance 2.14 cap 0.000596047 slew 0.023799 delay 0.00279435 power 4.82798e-06
I0212 13:22:53.992911 836569 lm_feature_timing.cpp:80] node ctrl_a_mux_sel[0]:792063 resistance 47.508 cap 0.00131863 slew 0.0481361 delay 0.095617 power 4.26274e-05
I0212 13:22:53.913221 836536 lm_feature_timing.cpp:80] node ctrl/state/n1:411491 resistance 3.852 cap 0.00168152 slew 0.014531 delay 0.00647722 power 1.36203e-05
I0212 13:22:53.992934 836591 lm_feature_timing.cpp:80] node dpath/a_reg_out[4]:739447 resistance 36.38 cap 0.00557693 slew 0.0490071 delay 0.229129 power 0.000344543
I0212 13:22:53.913244 836529 lm_feature_timing.cpp:80] node dpath/a_lt_b/U7:I resistance 58.208 cap 0.000599444 slew 0.0410005 delay 0.228844 power 3.84139e-05
I0212 13:22:53.913240 836502 lm_feature_timing.cpp:137] net dpath/a_lt_b/n26 resistance 14.552 cap 0.000774979 slew 0.000807089 delay 0.00510318 power 1.85382e-08
I0212 13:22:53.992982 836536 lm_feature_timing.cpp:80] node ctrl/state/n1:411500 resistance 0 cap 0.00172224 slew 0.014531 delay 0 power 1.39501e-05
I0212 13:22:53.907613 836496 lm_feature_timing.cpp:80] node dpath/a_mux/n10:445968 resistance 3.852 cap 0.000945216 slew 0.037124 delay 0.00364097 power 5.39037e-05
I0212 13:22:53.993024 836502 lm_feature_timing.cpp:125] build net dpath/b_reg/n1 feature 
I0212 13:22:53.993028 836536 lm_feature_timing.cpp:80] node ctrl/state/out_reg_0_:CN resistance 25.252 cap 0.000562576 slew 0.014531 delay 0.0314651 power 4.55687e-06
I0212 13:22:53.913322 836539 lm_feature_timing.cpp:80] node dpath/a_lt_b/n36:823017 resistance 17.976 cap 0.000848645 slew 0.045927 delay 0.0152552 power 2.03936e-05
I0212 13:22:53.907685 836590 lm_feature_timing.cpp:80] node dpath/a_reg_out[13]:508789 resistance 0.856 cap 0.005116 slew 0.03813 delay 0.0043793 power 0.000334789
I0212 13:22:53.913386 836581 lm_feature_timing.cpp:80] node dpath/a_mux_out[10]:477051 resistance 43.228 cap 0.000590266 slew 0.019133 delay 0.0438711 power 4.78116e-06
I0212 13:22:53.913400 836554 lm_feature_timing.cpp:80] node dpath/a_mux_out[14]:456763 resistance 0.856 cap 0.00106204 slew 0.0173 delay 0.000909106 power 0.000117227
I0212 13:22:53.913403 836510 lm_feature_timing.cpp:80] node dpath/a_lt_b/n28:492058 resistance 5.136 cap 0.00065236 slew 0.015449 delay 0.00335052 power 9.34359e-06
I0212 13:22:53.913407 836489 lm_feature_timing.cpp:80] node dpath/a_lt_b/n12:740237 resistance 10.7 cap 0.000735271 slew 0.020683 delay 0.0111573 power 5.9557e-06
I0212 13:22:53.993214 836590 lm_feature_timing.cpp:80] node dpath/a_reg_out[13]:820525 resistance 52.216 cap 0.000659839 slew 0.0381302 delay 0.162192 power 4.31795e-05
I0212 13:22:53.993216 836510 lm_feature_timing.cpp:137] net dpath/a_lt_b/n28 resistance 10.272 cap 0.000705413 slew 0.000359149 delay 0.00335052 power 8.18379e-09
I0212 13:22:53.993223 836539 lm_feature_timing.cpp:80] node dpath/a_lt_b/n36:470223 resistance 20.544 cap 0.000643873 slew 0.045927 delay 0.0169087 power 1.54728e-05
I0212 13:22:53.993275 836489 lm_feature_timing.cpp:80] node dpath/a_lt_b/n12:746941 resistance 3.852 cap 0.000804768 slew 0.020683 delay 0.00612218 power 6.51862e-06
I0212 13:22:53.993290 836590 lm_feature_timing.cpp:80] node dpath/a_reg_out[13]:1172485 resistance 52.216 cap 0.000712892 slew 0.0381302 delay 0.162192 power 4.66513e-05
I0212 13:22:53.913529 836563 lm_feature_timing.cpp:80] node dpath/a_lt_b/n4:386584 resistance 14.552 cap 0.000580429 slew 0.021374 delay 0.0106435 power 4.70148e-06
I0212 13:22:53.909823 836572 lm_feature_timing.cpp:80] node ctrl/n4:779437 resistance 17.976 cap 0.000752895 slew 0.029179 delay 0.0168448 power 5.49517e-05
I0212 13:22:53.993330 836502 lm_feature_timing.cpp:80] node dpath/b_reg/U11:B2 resistance 228.124 cap 0.000667642 slew 0.0414223 delay 1.73208 power 1.68651e-05
I0212 13:22:53.913595 836521 lm_feature_timing.cpp:80] node dpath/a_mux_out[13]:469392 resistance 20.116 cap 0.000631768 slew 0.016793 delay 0.0156541 power 6.68843e-05
I0212 13:22:53.993345 836489 lm_feature_timing.cpp:80] node dpath/a_lt_b/placeFE_RC_0_0:A1 resistance 12.412 cap 0.000571979 slew 0.020683 delay 0.011754 power 4.63303e-06
I0212 13:22:53.993351 836590 lm_feature_timing.cpp:80] node dpath/a_reg_out[13]:1172473 resistance 47.08 cap 0.000765945 slew 0.0381302 delay 0.15853 power 5.0123e-05
I0212 13:22:53.993369 836502 lm_feature_timing.cpp:80] node dpath/b_reg/n1:776287 resistance 228.124 cap 0.000720695 slew 0.0414223 delay 1.73208 power 1.82052e-05
I0212 13:22:53.993366 836539 lm_feature_timing.cpp:80] node dpath/a_lt_b/n36:471057 resistance 17.976 cap 0.00067226 slew 0.045927 delay 0.0152552 power 1.61549e-05
I0212 13:22:53.913697 836512 lm_feature_timing.cpp:80] node dpath/CTS_1:836663 resistance 83.032 cap 0.00696114 slew 0.000853081 delay 0.737304 power 0.00225541
I0212 13:22:53.909978 836490 lm_feature_timing.cpp:80] node dpath/a_lt_b/n30:494591 resistance 38.948 cap 0.000888946 slew 0.0375951 delay 0.0631483 power 2.21268e-05
I0212 13:22:53.913729 836564 lm_feature_timing.cpp:80] node dpath/a_reg_out[3]:736025 resistance 27.82 cap 0.000673282 slew 0.042396 delay 0.0529296 power 4.00372e-05
I0212 13:22:53.993520 836539 lm_feature_timing.cpp:80] node dpath/a_lt_b/n36:823017 resistance 17.976 cap 0.000848645 slew 0.045927 delay 0.0152552 power 2.03936e-05
I0212 13:22:53.908069 836501 lm_feature_timing.cpp:80] node dpath/a_lt_b/n31:482829 resistance 9.416 cap 0.000964089 slew 0.048638 delay 0.0099645 power 2.38289e-05
I0212 13:22:53.993580 836564 lm_feature_timing.cpp:80] node dpath/a_reg_out[3]:736863 resistance 28.676 cap 0.00066134 slew 0.042396 delay 0.0534957 power 3.9327e-05
I0212 13:22:53.913786 836609 lm_feature_timing.cpp:80] node dpath/a_lt_b/n22:484637 resistance 19.688 cap 0.000624663 slew 0.047613 delay 0.016254 power 1.56063e-05
I0212 13:22:53.993616 836539 lm_feature_timing.cpp:80] node dpath/a_lt_b/n36:838095 resistance 0 cap 0.00102503 slew 0.045927 delay 0 power 2.46322e-05
I0212 13:22:53.993635 836501 lm_feature_timing.cpp:80] node dpath/a_lt_b/n31:834789 resistance 9.416 cap 0.00105825 slew 0.048638 delay 0.0099645 power 2.61563e-05
I0212 13:22:53.913800 836577 lm_feature_timing.cpp:80] node dpath/a_mux/n7:723429 resistance 11.128 cap 0.00078723 slew 0.036128 delay 0.0087603 power 4.48941e-05
I0212 13:22:53.993674 836539 lm_feature_timing.cpp:137] net dpath/a_lt_b/n36 resistance 41.088 cap 0.00102503 slew 0.00447228 delay 0.0169087 power 1.99521e-08
I0212 13:22:53.910152 836493 lm_feature_timing.cpp:80] node dpath/b_mux_out[13]:816337 resistance 2.996 cap 0.000926592 slew 0.017469 delay 0.00287343 power 4.73696e-05
I0212 13:22:53.913930 836603 lm_feature_timing.cpp:80] node dpath/a_reg/n12:849163 resistance 28.248 cap 0.00112384 slew 0.020481 delay 0.0343711 power 3.64123e-07
I0212 13:22:53.913931 836525 lm_feature_timing.cpp:80] node ctrl/state_out[0]:754301 resistance 39.376 cap 0.00194991 slew 0.0498893 delay 0.181889 power 1.57943e-05
I0212 13:22:53.910207 836549 lm_feature_timing.cpp:80] node dpath/a_reg_out[15]:828017 resistance 10.272 cap 0.00145341 slew 0.027745 delay 0.0201222 power 0.000101709
I0212 13:22:53.906111 836530 lm_feature_timing.cpp:125] build net dpath/b_mux_out[12] feature 
I0212 13:22:53.993887 836525 lm_feature_timing.cpp:80] node ctrl/state_out[0]:402333 resistance 35.952 cap 0.00262257 slew 0.0498893 delay 0.173035 power 2.12428e-05
I0212 13:22:53.911931 836553 lm_feature_timing.cpp:80] node dpath/b_mux_out[11]:462775 resistance 6.42 cap 0.00063999 slew 0.015792 delay 0.00410874 power 3.14235e-05
I0212 13:22:53.914005 836568 lm_feature_timing.cpp:80] node ctrl/next_state__0[1]:776041 resistance 19.688 cap 0.000561098 slew 0.030897 delay 0.0144182 power 2.85699e-05
I0212 13:22:53.908288 836487 lm_feature_timing.cpp:80] node ctrl/state_out[1]:437512 resistance 15.408 cap 0.000603764 slew 0.029421 delay 0.0186562 power 4.89049e-06
I0212 13:22:53.914018 836589 lm_feature_timing.cpp:80] node dpath/a_mux_out[2]:733385 resistance 1.284 cap 0.000778593 slew 0.015615 delay 0.00102033 power 6.94572e-05
I0212 13:22:53.994042 836487 lm_feature_timing.cpp:80] node ctrl/state_out[1]:437511 resistance 14.98 cap 0.000611595 slew 0.029421 delay 0.0183977 power 4.95392e-06
I0212 13:22:53.912000 836608 lm_feature_timing.cpp:80] node dpath/a_mux/n5:737483 resistance 9.844 cap 0.000631792 slew 0.035087 delay 0.00681233 power 3.60298e-05
I0212 13:22:53.912015 836515 lm_feature_timing.cpp:80] node dpath/a_reg/n5:377315 resistance 0.856 cap 0.00109941 slew 0.018395 delay 0.000941092 power 6.53769e-05
I0212 13:22:53.914047 836558 lm_feature_timing.cpp:80] node dpath/a_lt_b/n16:422673 resistance 5.136 cap 0.000647979 slew 0.024183 delay 0.0036005 power 1.04973e-05
I0212 13:22:53.994093 836553 lm_feature_timing.cpp:80] node dpath/b_mux/U13:Z resistance 0 cap 0.000705376 slew 0.015792 delay 0 power 3.4634e-05
I0212 13:22:53.994095 836487 lm_feature_timing.cpp:80] node ctrl/state_out[1]:437512 resistance 15.408 cap 0.000603764 slew 0.029421 delay 0.0186562 power 4.89049e-06
I0212 13:22:53.912076 836605 lm_feature_timing.cpp:125] build net dpath/b_mux_out[3] feature 
I0212 13:22:53.908419 836498 lm_feature_timing.cpp:80] node dpath/a_mux/n14:751953 resistance 10.272 cap 0.000708729 slew 0.036474 delay 0.00838272 power 4.04173e-05
I0212 13:22:53.994199 836608 lm_feature_timing.cpp:80] node dpath/a_mux/n5:733293 resistance 5.564 cap 0.000676622 slew 0.035087 delay 0.00410826 power 3.85864e-05
I0212 13:22:53.914134 836494 lm_feature_timing.cpp:80] node dpath/a_mux/n13:380713 resistance 14.552 cap 0.000705791 slew 0.035942 delay 0.0106487 power 4.02498e-05
I0212 13:22:53.994202 836589 lm_feature_timing.cpp:80] node dpath/a_mux_out[2]:381422 resistance 0 cap 0.0008107 slew 0.015615 delay 0 power 7.23214e-05
I0212 13:22:53.994287 836494 lm_feature_timing.cpp:137] net dpath/a_mux/n13 resistance 29.104 cap 0.000881394 slew 0.00161051 delay 0.0106487 power 4.07139e-08
I0212 13:22:53.994292 836608 lm_feature_timing.cpp:80] node dpath/a_mux/n5:737483 resistance 9.844 cap 0.000631792 slew 0.035087 delay 0.00681233 power 3.60298e-05
I0212 13:22:53.912168 836562 lm_feature_timing.cpp:80] node dpath/a_reg/n11:477156 resistance 0 cap 0.000867031 slew 0.01698 delay 0 power 6.35315e-05
I0212 13:22:53.914232 836540 lm_feature_timing.cpp:80] node dpath/a_reg/n3:388903 resistance 8.132 cap 0.00119631 slew 0.019387 delay 0.00972837 power 6.53141e-05
I0212 13:22:53.912190 836546 lm_feature_timing.cpp:80] node ctrl_a_reg_en_0_:454533 resistance 204.156 cap 0.00110099 slew 0.0402393 delay 2.32085 power 8.91801e-06
I0212 13:22:53.914235 836492 lm_feature_timing.cpp:80] node dpath/a_lt_b/n10:1098083 resistance 13.696 cap 0.000781089 slew 0.022374 delay 0.0183584 power 6.32682e-06
I0212 13:22:53.994364 836589 lm_feature_timing.cpp:80] node dpath/a_mux_out[2]:381425 resistance 1.284 cap 0.000794646 slew 0.015615 delay 0.00102033 power 7.08893e-05
I0212 13:22:53.914283 836538 lm_feature_timing.cpp:80] node dpath/b_mux_out[8]:460337 resistance 24.396 cap 0.00068071 slew 0.018669 delay 0.0224555 power 3.66843e-05
I0212 13:22:53.914299 836586 lm_feature_timing.cpp:137] net dpath/a_mux_out[3] resistance 18.832 cap 0.000762931 slew 0.00117847 delay 0.00629712 power 5.66876e-08
I0212 13:22:53.994475 836546 lm_feature_timing.cpp:80] node ctrl_a_reg_en_0_:1089727 resistance 280.34 cap 0.00096525 slew 0.0402399 delay 2.56006 power 7.81852e-06
I0212 13:22:53.994522 836586 lm_feature_timing.cpp:125] build net dpath/b_reg/n13 feature 
I0212 13:22:53.914332 836595 lm_feature_timing.cpp:80] node dpath/a_mux/U30:A1 resistance 92.02 cap 0.000393715 slew 0.0317656 delay 0.684255 power 2.54554e-05
I0212 13:22:53.912281 836523 lm_feature_timing.cpp:80] node ctrl/n1:783621 resistance 26.108 cap 0.000666161 slew 0.02561 delay 0.0236457 power 1.07918e-05
I0212 13:22:53.912322 836593 lm_feature_timing.cpp:80] node dpath/a_mux/n15:434309 resistance 1.712 cap 0.000905278 slew 0.036668 delay 0.00158436 power 5.16261e-05
